S,0,595,DETECTION,src/tracking/advanced_tracker.py:_activate_slot,595_516_541_753_642
S,1,595,DETECTION,src/tracking/advanced_tracker.py:_activate_slot,595_915_337_1035_469
L,0,595,DETECTION,src/tracking/advanced_tracker.py:_activate_slot,595_516_541_753_642
R,DETECTION,DETECTION,1
L,1,595,DETECTION,src/tracking/advanced_tracker.py:_activate_slot,595_915_337_1035_469
R,DETECTION,DETECTION,1
A,595
S,2,598,DETECTION,src/tracking/advanced_tracker.py:_activate_slot,598_521_535_748_663
S,0,598,PREDICTION,src/tracking/advanced_tracker.py:kalman_homography,
D,0,598
S,2,598,PREDICTION,src/tracking/advanced_tracker.py:id_merge,
L,2,598,PREDICTION,src/tracking/advanced_tracker.py:id_merge,
R,PREDICTION,PREDICTION,1
A,598
S,3,601,DETECTION,src/tracking/advanced_tracker.py:_activate_slot,601_531_544_750_648
S,0,601,PREDICTION,src/tracking/advanced_tracker.py:kalman_homography,
S,2,601,PREDICTION,src/tracking/advanced_tracker.py:flow_gapfill_batched,
D,0,601
S,2,601,PREDICTION,src/tracking/advanced_tracker.py:id_merge,
D,2,601
S,3,601,PREDICTION,src/tracking/advanced_tracker.py:id_merge,
L,3,601,PREDICTION,src/tracking/advanced_tracker.py:id_merge,
R,PREDICTION,PREDICTION,1
A,601
S,5,604,DETECTION,src/tracking/advanced_tracker.py:_activate_slot,604_519_545_746_638
S,0,604,PREDICTION,src/tracking/advanced_tracker.py:kalman_homography,
S,3,604,PREDICTION,src/tracking/advanced_tracker.py:kalman_homography,
D,0,604
S,3,604,PREDICTION,src/tracking/advanced_tracker.py:id_merge,
L,3,604,PREDICTION,src/tracking/advanced_tracker.py:id_merge,
R,PREDICTION,PREDICTION,1
L,5,604,DETECTION,src/tracking/advanced_tracker.py:_activate_slot,604_519_545_746_638
R,DETECTION,DETECTION,1
A,604
S,5,607,DETECTION,src/tracking/advanced_tracker.py:_activate_slot,607_515_528_739_652
S,0,607,PREDICTION,src/tracking/advanced_tracker.py:kalman_homography,
S,3,607,PREDICTION,src/tracking/advanced_tracker.py:kalman_homography,
S,2,607,PREDICTION,src/tracking/advanced_tracker.py:flow_gapfill_batched,
D,0,607
S,2,607,PREDICTION,src/tracking/advanced_tracker.py:id_merge,
D,2,607
S,3,607,PREDICTION,src/tracking/advanced_tracker.py:id_merge,
L,3,607,PREDICTION,src/tracking/advanced_tracker.py:id_merge,
R,PREDICTION,SUBPIXEL,0
L,5,607,DETECTION,src/tracking/advanced_tracker.py:_activate_slot,607_515_528_739_652
R,DETECTION,DETECTION,1
A,607
S,6,610,DETECTION,src/tracking/advanced_tracker.py:_activate_slot,610_516_517_732_640
S,0,610,PREDICTION,src/tracking/advanced_tracker.py:kalman_homography,
S,3,610,PREDICTION,src/tracking/advanced_tracker.py:kalman_homography,
S,5,610,PREDICTION,src/tracking/advanced_tracker.py:kalman_homography,
S,2,610,PREDICTION,src/tracking/advanced_tracker.py:flow_gapfill_batched,
D,0,610
S,2,610,PREDICTION,src/tracking/advanced_tracker.py:id_merge,
D,2,610
S,3,610,PREDICTION,src/tracking/advanced_tracker.py:id_merge,
L,3,610,PREDICTION,src/tracking/advanced_tracker.py:id_merge,
R,PREDICTION,SUBPIXEL,0
L,5,610,PREDICTION,src/tracking/advanced_tracker.py:kalman_homography,
R,PREDICTION,PREDICTION,1
L,6,610,DETECTION,src/tracking/advanced_tracker.py:_activate_slot,610_516_517_732_640
R,DETECTION,DETECTION,1
A,610
S,4,613,DETECTION,src/tracking/advanced_tracker.py:_activate_slot,613_663_405_911_510
S,0,613,PREDICTION,src/tracking/advanced_tracker.py:kalman_homography,
S,3,613,PREDICTION,src/tracking/advanced_tracker.py:kalman_homography,
S,5,613,PREDICTION,src/tracking/advanced_tracker.py:kalman_homography,
S,6,613,PREDICTION,src/tracking/advanced_tracker.py:kalman_homography,
S,2,613,PREDICTION,src/tracking/advanced_tracker.py:flow_gapfill_batched,
D,0,613
S,3,613,PREDICTION,src/tracking/advanced_tracker.py:id_merge,
D,5,613
S,6,613,PREDICTION,src/tracking/advanced_tracker.py:id_merge,
L,2,613,PREDICTION,src/tracking/advanced_tracker.py:flow_gapfill_batched,
R,CLAMP,CLAMP,0
L,3,613,PREDICTION,src/tracking/advanced_tracker.py:id_merge,
R,PREDICTION,SUBPIXEL,0
L,4,613,DETECTION,src/tracking/advanced_tracker.py:_activate_slot,613_663_405_911_510
R,DETECTION,DETECTION,1
L,6,613,PREDICTION,src/tracking/advanced_tracker.py:id_merge,
R,PREDICTION,PREDICTION,1
A,613
S,7,616,DETECTION,src/tracking/advanced_tracker.py:_activate_slot,616_900_435_1035_540
S,0,616,PREDICTION,src/tracking/advanced_tracker.py:kalman_homography,
S,3,616,PREDICTION,src/tracking/advanced_tracker.py:kalman_homography,
S,4,616,PREDICTION,src/tracking/advanced_tracker.py:kalman_homography,
S,5,616,PREDICTION,src/tracking/advanced_tracker.py:kalman_homography,
S,6,616,PREDICTION,src/tracking/advanced_tracker.py:kalman_homography,
S,2,616,PREDICTION,src/tracking/advanced_tracker.py:flow_gapfill_batched,
D,0,616
S,3,616,PREDICTION,src/tracking/advanced_tracker.py:id_merge,
D,5,616
S,6,616,PREDICTION,src/tracking/advanced_tracker.py:id_merge,
D,6,616
S,7,616,PREDICTION,src/tracking/advanced_tracker.py:id_merge,
L,2,616,PREDICTION,src/tracking/advanced_tracker.py:flow_gapfill_batched,
R,CLAMP,CLAMP,0
L,3,616,PREDICTION,src/tracking/advanced_tracker.py:id_merge,
R,PREDICTION,SUBPIXEL,0
L,4,616,PREDICTION,src/tracking/advanced_tracker.py:kalman_homography,
R,PREDICTION,PREDICTION,1
L,7,616,PREDICTION,src/tracking/advanced_tracker.py:id_merge,
R,PREDICTION,PREDICTION,1
A,616
S,8,619,DETECTION,src/tracking/advanced_tracker.py:_activate_slot,619_485_475_723_599
S,3,619,PREDICTION,src/tracking/advanced_tracker.py:kalman_homography,
S,4,619,PREDICTION,src/tracking/advanced_tracker.py:kalman_homography,
S,5,619,PREDICTION,src/tracking/advanced_tracker.py:kalman_homography,
S,6,619,PREDICTION,src/tracking/advanced_tracker.py:kalman_homography,
S,0,619,PREDICTION,src/tracking/advanced_tracker.py:flow_gapfill_batched,
S,2,619,PREDICTION,src/tracking/advanced_tracker.py:flow_gapfill_batched,
S,7,619,PREDICTION,src/tracking/advanced_tracker.py:flow_gapfill_batched,
D,0,619
S,2,619,PREDICTION,src/tracking/advanced_tracker.py:id_merge,
D,5,619
S,6,619,PREDICTION,src/tracking/advanced_tracker.py:id_merge,
D,6,619
S,7,619,PREDICTION,src/tracking/advanced_tracker.py:id_merge,
L,2,619,PREDICTION,src/tracking/advanced_tracker.py:id_merge,
R,CLAMP,CLAMP,0
L,3,619,PREDICTION,src/tracking/advanced_tracker.py:kalman_homography,
R,PREDICTION,SUBPIXEL,0
L,4,619,PREDICTION,src/tracking/advanced_tracker.py:kalman_homography,
R,PREDICTION,SUBPIXEL,0
L,7,619,PREDICTION,src/tracking/advanced_tracker.py:id_merge,
R,PREDICTION,PREDICTION,1
L,8,619,DETECTION,src/tracking/advanced_tracker.py:_activate_slot,619_485_475_723_599
R,DETECTION,DETECTION,1
A,619
S,0,622,CLAMP,src/tracking/advanced_tracker.py:_activate_slot,622_494_482_711_588
S,7,622,DETECTION,src/tracking/advanced_tracker.py:_activate_slot,622_899_432_1032_552
S,3,622,PREDICTION,src/tracking/advanced_tracker.py:kalman_homography,
S,4,622,PREDICTION,src/tracking/advanced_tracker.py:kalman_homography,
S,5,622,PREDICTION,src/tracking/advanced_tracker.py:kalman_homography,
S,6,622,PREDICTION,src/tracking/advanced_tracker.py:kalman_homography,
S,8,622,PREDICTION,src/tracking/advanced_tracker.py:kalman_homography,
S,2,622,PREDICTION,src/tracking/advanced_tracker.py:flow_gapfill_batched,
D,3,622
S,0,622,PREDICTION,src/tracking/advanced_tracker.py:id_merge,
D,5,622
S,6,622,PREDICTION,src/tracking/advanced_tracker.py:id_merge,
L,0,622,PREDICTION,src/tracking/advanced_tracker.py:id_merge,
R,PREDICTION,SUBPIXEL,0
L,2,622,PREDICTION,src/tracking/advanced_tracker.py:flow_gapfill_batched,
R,CLAMP,CLAMP,0
L,4,622,PREDICTION,src/tracking/advanced_tracker.py:kalman_homography,
R,PREDICTION,SUBPIXEL,0
L,6,622,PREDICTION,src/tracking/advanced_tracker.py:id_merge,
R,PREDICTION,SUBPIXEL,0
L,7,622,DETECTION,src/tracking/advanced_tracker.py:_activate_slot,622_899_432_1032_552
R,DETECTION,DETECTION,1
L,8,622,PREDICTION,src/tracking/advanced_tracker.py:kalman_homography,
R,PREDICTION,PREDICTION,1
A,622
S,0,625,DETECTION,src/tracking/advanced_tracker.py:_activate_slot,625_650_432_900_556
S,7,625,CLAMP,src/tracking/advanced_tracker.py:_activate_slot,625_487_470_706_566
S,9,625,DETECTION,src/tracking/advanced_tracker.py:_activate_slot,625_903_404_1035_522
S,4,625,PREDICTION,src/tracking/advanced_tracker.py:kalman_homography,
S,5,625,PREDICTION,src/tracking/advanced_tracker.py:kalman_homography,
S,6,625,PREDICTION,src/tracking/advanced_tracker.py:kalman_homography,
S,8,625,PREDICTION,src/tracking/advanced_tracker.py:kalman_homography,
S,3,625,PREDICTION,src/tracking/advanced_tracker.py:flow_gapfill_batched,
D,5,625
S,6,625,PREDICTION,src/tracking/advanced_tracker.py:id_merge,
L,0,625,DETECTION,src/tracking/advanced_tracker.py:_activate_slot,625_650_432_900_556
R,CLAMP,CLAMP,0
L,3,625,PREDICTION,src/tracking/advanced_tracker.py:flow_gapfill_batched,
R,CLAMP,CLAMP,0
L,4,625,PREDICTION,src/tracking/advanced_tracker.py:kalman_homography,
R,PREDICTION,SUBPIXEL,0
L,6,625,PREDICTION,src/tracking/advanced_tracker.py:id_merge,
R,PREDICTION,SUBPIXEL,0
L,7,625,CLAMP,src/tracking/advanced_tracker.py:_activate_slot,625_487_470_706_566
R,CLAMP,CLAMP,0
L,8,625,PREDICTION,src/tracking/advanced_tracker.py:kalman_homography,
R,PREDICTION,SUBPIXEL,0
L,9,625,DETECTION,src/tracking/advanced_tracker.py:_activate_slot,625_903_404_1035_522
R,DETECTION,DETECTION,1
A,625
S,9,628,DETECTION,src/tracking/advanced_tracker.py:_activate_slot,628_900_378_1032_506
S,0,628,PREDICTION,src/tracking/advanced_tracker.py:kalman_homography,
S,4,628,PREDICTION,src/tracking/advanced_tracker.py:kalman_homography,
S,5,628,PREDICTION,src/tracking/advanced_tracker.py:kalman_homography,
S,6,628,PREDICTION,src/tracking/advanced_tracker.py:kalman_homography,
S,8,628,PREDICTION,src/tracking/advanced_tracker.py:kalman_homography,
D,5,628
S,6,628,PREDICTION,src/tracking/advanced_tracker.py:id_merge,
L,0,628,PREDICTION,src/tracking/advanced_tracker.py:kalman_homography,
R,CLAMP,CLAMP,0
L,4,628,PREDICTION,src/tracking/advanced_tracker.py:kalman_homography,
R,PREDICTION,SUBPIXEL,0
L,6,628,PREDICTION,src/tracking/advanced_tracker.py:id_merge,
R,PREDICTION,SUBPIXEL,0
L,8,628,PREDICTION,src/tracking/advanced_tracker.py:kalman_homography,
R,PREDICTION,SUBPIXEL,0
L,9,628,DETECTION,src/tracking/advanced_tracker.py:_activate_slot,628_900_378_1032_506
R,CLAMP,CLAMP,0
A,628
S,0,631,PREDICTION,src/tracking/advanced_tracker.py:kalman_homography,
S,4,631,PREDICTION,src/tracking/advanced_tracker.py:kalman_homography,
S,6,631,PREDICTION,src/tracking/advanced_tracker.py:kalman_homography,
S,8,631,PREDICTION,src/tracking/advanced_tracker.py:kalman_homography,
S,5,631,PREDICTION,src/tracking/advanced_tracker.py:flow_gapfill_batched,
S,9,631,PREDICTION,src/tracking/advanced_tracker.py:flow_gapfill_batched,
L,0,631,PREDICTION,src/tracking/advanced_tracker.py:kalman_homography,
R,CLAMP,CLAMP,0
L,4,631,PREDICTION,src/tracking/advanced_tracker.py:kalman_homography,
R,PREDICTION,SUBPIXEL,0
L,5,631,PREDICTION,src/tracking/advanced_tracker.py:flow_gapfill_batched,
R,CLAMP,CLAMP,0
L,6,631,PREDICTION,src/tracking/advanced_tracker.py:kalman_homography,
R,PREDICTION,SUBPIXEL,0
L,8,631,PREDICTION,src/tracking/advanced_tracker.py:kalman_homography,
R,PREDICTION,SUBPIXEL,0
L,9,631,PREDICTION,src/tracking/advanced_tracker.py:flow_gapfill_batched,
R,CLAMP,CLAMP,0
A,631
S,4,634,PREDICTION,src/tracking/advanced_tracker.py:kalman_homography,
S,8,634,PREDICTION,src/tracking/advanced_tracker.py:kalman_homography,
S,6,634,PREDICTION,src/tracking/advanced_tracker.py:flow_gapfill_batched,
S,7,634,PREDICTION,src/tracking/advanced_tracker.py:flow_gapfill_batched,
L,4,634,PREDICTION,src/tracking/advanced_tracker.py:kalman_homography,
R,PREDICTION,SUBPIXEL,0
L,6,634,PREDICTION,src/tracking/advanced_tracker.py:flow_gapfill_batched,
R,CLAMP,CLAMP,0
L,7,634,PREDICTION,src/tracking/advanced_tracker.py:flow_gapfill_batched,
R,CLAMP,CLAMP,0
L,8,634,PREDICTION,src/tracking/advanced_tracker.py:kalman_homography,
R,PREDICTION,SUBPIXEL,0
A,634
S,8,637,PREDICTION,src/tracking/advanced_tracker.py:kalman_homography,
S,0,637,PREDICTION,src/tracking/advanced_tracker.py:flow_gapfill_batched,
S,4,637,PREDICTION,src/tracking/advanced_tracker.py:flow_gapfill_batched,
S,7,637,PREDICTION,src/tracking/advanced_tracker.py:flow_gapfill_batched,
D,4,637
S,0,637,PREDICTION,src/tracking/advanced_tracker.py:id_merge,
L,0,637,PREDICTION,src/tracking/advanced_tracker.py:id_merge,
R,CLAMP,CLAMP,0
L,7,637,PREDICTION,src/tracking/advanced_tracker.py:flow_gapfill_batched,
R,CLAMP,CLAMP,0
L,8,637,PREDICTION,src/tracking/advanced_tracker.py:kalman_homography,
R,PREDICTION,SUBPIXEL,0
A,637
S,1,640,DETECTION,src/tracking/advanced_tracker.py:_activate_slot,640_648_420_909_540
S,8,640,PREDICTION,src/tracking/advanced_tracker.py:kalman_homography,
S,0,640,PREDICTION,src/tracking/advanced_tracker.py:flow_gapfill_batched,
S,9,640,PREDICTION,src/tracking/advanced_tracker.py:flow_gapfill_batched,
L,0,640,PREDICTION,src/tracking/advanced_tracker.py:flow_gapfill_batched,
R,CLAMP,CLAMP,0
L,1,640,DETECTION,src/tracking/advanced_tracker.py:_activate_slot,640_648_420_909_540
R,CLAMP,CLAMP,0
L,8,640,PREDICTION,src/tracking/advanced_tracker.py:kalman_homography,
R,PREDICTION,SUBPIXEL,0
L,9,640,PREDICTION,src/tracking/advanced_tracker.py:flow_gapfill_batched,
R,CLAMP,CLAMP,0
A,640
S,2,643,DETECTION,src/tracking/advanced_tracker.py:_activate_slot,643_642_411_908_525
S,1,643,PREDICTION,src/tracking/advanced_tracker.py:kalman_homography,
S,8,643,PREDICTION,src/tracking/advanced_tracker.py:flow_gapfill_batched,
L,1,643,PREDICTION,src/tracking/advanced_tracker.py:kalman_homography,
R,CLAMP,CLAMP,0
L,2,643,DETECTION,src/tracking/advanced_tracker.py:_activate_slot,643_642_411_908_525
R,CLAMP,CLAMP,0
L,8,643,PREDICTION,src/tracking/advanced_tracker.py:flow_gapfill_batched,
R,CLAMP,CLAMP,0
A,643
S,2,646,DETECTION,src/tracking/advanced_tracker.py:_activate_slot,646_468_408_904_518
S,3,646,DETECTION,src/tracking/advanced_tracker.py:_activate_slot,646_651_412_909_519
S,1,646,PREDICTION,src/tracking/advanced_tracker.py:kalman_homography,
S,0,646,PREDICTION,src/tracking/advanced_tracker.py:flow_gapfill_batched,
D,2,646
S,3,646,PREDICTION,src/tracking/advanced_tracker.py:id_merge,
L,0,646,PREDICTION,src/tracking/advanced_tracker.py:flow_gapfill_batched,
R,CLAMP,CLAMP,0
L,1,646,PREDICTION,src/tracking/advanced_tracker.py:kalman_homography,
R,CLAMP,CLAMP,0
L,3,646,PREDICTION,src/tracking/advanced_tracker.py:id_merge,
R,CLAMP,CLAMP,0
A,646
S,3,649,DETECTION,src/tracking/advanced_tracker.py:_activate_slot,649_652_410_913_515
S,1,649,PREDICTION,src/tracking/advanced_tracker.py:kalman_homography,
S,2,649,PREDICTION,src/tracking/advanced_tracker.py:kalman_homography,
S,0,649,PREDICTION,src/tracking/advanced_tracker.py:flow_gapfill_batched,
D,0,649
S,1,649,PREDICTION,src/tracking/advanced_tracker.py:id_merge,
L,1,649,PREDICTION,src/tracking/advanced_tracker.py:id_merge,
R,CLAMP,CLAMP,0
L,2,649,PREDICTION,src/tracking/advanced_tracker.py:kalman_homography,
R,CLAMP,CLAMP,0
L,3,649,DETECTION,src/tracking/advanced_tracker.py:_activate_slot,649_652_410_913_515
R,CLAMP,CLAMP,0
A,649
S,3,652,DETECTION,src/tracking/advanced_tracker.py:_activate_slot,652_657_404_918_532
S,1,652,PREDICTION,src/tracking/advanced_tracker.py:kalman_homography,
S,2,652,PREDICTION,src/tracking/advanced_tracker.py:flow_gapfill_batched,
S,9,652,PREDICTION,src/tracking/advanced_tracker.py:flow_gapfill_batched,
D,1,652
S,2,652,PREDICTION,src/tracking/advanced_tracker.py:id_merge,
L,2,652,PREDICTION,src/tracking/advanced_tracker.py:id_merge,
R,CLAMP,CLAMP,0
L,3,652,DETECTION,src/tracking/advanced_tracker.py:_activate_slot,652_657_404_918_532
R,CLAMP,CLAMP,0
L,9,652,PREDICTION,src/tracking/advanced_tracker.py:flow_gapfill_batched,
R,CLAMP,CLAMP,0
A,652
S,3,655,DETECTION,src/tracking/advanced_tracker.py:_activate_slot,655_655_388_922_531
S,5,655,DETECTION,src/tracking/advanced_tracker.py:_activate_slot,655_268_610_460_714
S,1,655,PREDICTION,src/tracking/advanced_tracker.py:kalman_homography,
S,2,655,PREDICTION,src/tracking/advanced_tracker.py:flow_gapfill_batched,
L,1,655,PREDICTION,src/tracking/advanced_tracker.py:kalman_homography,
R,CLAMP,CLAMP,0
L,2,655,PREDICTION,src/tracking/advanced_tracker.py:flow_gapfill_batched,
R,CLAMP,CLAMP,0
L,3,655,DETECTION,src/tracking/advanced_tracker.py:_activate_slot,655_655_388_922_531
R,CLAMP,CLAMP,0
L,5,655,DETECTION,src/tracking/advanced_tracker.py:_activate_slot,655_268_610_460_714
R,DETECTION,DETECTION,1
A,655
S,3,658,DETECTION,src/tracking/advanced_tracker.py:_activate_slot,658_654_380_922_519
S,4,658,DETECTION,src/tracking/advanced_tracker.py:_activate_slot,658_268_589_460_675
S,1,658,PREDICTION,src/tracking/advanced_tracker.py:kalman_homography,
S,5,658,PREDICTION,src/tracking/advanced_tracker.py:kalman_homography,
S,2,658,PREDICTION,src/tracking/advanced_tracker.py:flow_gapfill_batched,
L,1,658,PREDICTION,src/tracking/advanced_tracker.py:kalman_homography,
R,CLAMP,CLAMP,0
L,2,658,PREDICTION,src/tracking/advanced_tracker.py:flow_gapfill_batched,
R,CLAMP,CLAMP,0
L,3,658,DETECTION,src/tracking/advanced_tracker.py:_activate_slot,658_654_380_922_519
R,CLAMP,CLAMP,0
L,4,658,DETECTION,src/tracking/advanced_tracker.py:_activate_slot,658_268_589_460_675
R,CLAMP,CLAMP,0
L,5,658,PREDICTION,src/tracking/advanced_tracker.py:kalman_homography,
R,PREDICTION,PREDICTION,1
A,658
S,3,661,DETECTION,src/tracking/advanced_tracker.py:_activate_slot,661_662_383_927_509
S,1,661,PREDICTION,src/tracking/advanced_tracker.py:kalman_homography,
S,4,661,PREDICTION,src/tracking/advanced_tracker.py:kalman_homography,
S,5,661,PREDICTION,src/tracking/advanced_tracker.py:kalman_homography,
S,2,661,PREDICTION,src/tracking/advanced_tracker.py:flow_gapfill_batched,
L,1,661,PREDICTION,src/tracking/advanced_tracker.py:kalman_homography,
R,CLAMP,CLAMP,0
L,2,661,PREDICTION,src/tracking/advanced_tracker.py:flow_gapfill_batched,
R,CLAMP,CLAMP,0
L,3,661,DETECTION,src/tracking/advanced_tracker.py:_activate_slot,661_662_383_927_509
R,CLAMP,CLAMP,0
L,4,661,PREDICTION,src/tracking/advanced_tracker.py:kalman_homography,
R,CLAMP,CLAMP,0
L,5,661,PREDICTION,src/tracking/advanced_tracker.py:kalman_homography,
R,PREDICTION,SUBPIXEL,0
A,661
S,3,664,DETECTION,src/tracking/advanced_tracker.py:_activate_slot,664_660_405_924_496
S,4,664,PREDICTION,src/tracking/advanced_tracker.py:kalman_homography,
S,5,664,PREDICTION,src/tracking/advanced_tracker.py:kalman_homography,
S,1,664,PREDICTION,src/tracking/advanced_tracker.py:flow_gapfill_batched,
S,2,664,PREDICTION,src/tracking/advanced_tracker.py:flow_gapfill_batched,
L,1,664,PREDICTION,src/tracking/advanced_tracker.py:flow_gapfill_batched,
R,CLAMP,CLAMP,0
L,2,664,PREDICTION,src/tracking/advanced_tracker.py:flow_gapfill_batched,
R,CLAMP,CLAMP,0
L,3,664,DETECTION,src/tracking/advanced_tracker.py:_activate_slot,664_660_405_924_496
R,CLAMP,CLAMP,0
L,4,664,PREDICTION,src/tracking/advanced_tracker.py:kalman_homography,
R,CLAMP,CLAMP,0
L,5,664,PREDICTION,src/tracking/advanced_tracker.py:kalman_homography,
R,PREDICTION,SUBPIXEL,0
A,664
S,3,667,PREDICTION,src/tracking/advanced_tracker.py:kalman_homography,
S,4,667,PREDICTION,src/tracking/advanced_tracker.py:kalman_homography,
S,5,667,PREDICTION,src/tracking/advanced_tracker.py:kalman_homography,
S,2,667,PREDICTION,src/tracking/advanced_tracker.py:flow_gapfill_batched,
L,2,667,PREDICTION,src/tracking/advanced_tracker.py:flow_gapfill_batched,
R,CLAMP,CLAMP,0
L,3,667,PREDICTION,src/tracking/advanced_tracker.py:kalman_homography,
R,CLAMP,CLAMP,0
L,4,667,PREDICTION,src/tracking/advanced_tracker.py:kalman_homography,
R,CLAMP,CLAMP,0
L,5,667,PREDICTION,src/tracking/advanced_tracker.py:kalman_homography,
R,PREDICTION,SUBPIXEL,0
A,667
S,0,670,DETECTION,src/tracking/advanced_tracker.py:_activate_slot,670_304_602_452_710
S,3,670,PREDICTION,src/tracking/advanced_tracker.py:kalman_homography,
S,4,670,PREDICTION,src/tracking/advanced_tracker.py:kalman_homography,
S,5,670,PREDICTION,src/tracking/advanced_tracker.py:kalman_homography,
S,2,670,PREDICTION,src/tracking/advanced_tracker.py:flow_gapfill_batched,
L,0,670,DETECTION,src/tracking/advanced_tracker.py:_activate_slot,670_304_602_452_710
R,CLAMP,CLAMP,0
L,2,670,PREDICTION,src/tracking/advanced_tracker.py:flow_gapfill_batched,
R,CLAMP,CLAMP,0
L,3,670,PREDICTION,src/tracking/advanced_tracker.py:kalman_homography,
R,CLAMP,CLAMP,0
L,4,670,PREDICTION,src/tracking/advanced_tracker.py:kalman_homography,
R,CLAMP,CLAMP,0
L,5,670,PREDICTION,src/tracking/advanced_tracker.py:kalman_homography,
R,PREDICTION,SUBPIXEL,0
A,670
S,0,673,PREDICTION,src/tracking/advanced_tracker.py:kalman_homography,
S,3,673,PREDICTION,src/tracking/advanced_tracker.py:kalman_homography,
S,4,673,PREDICTION,src/tracking/advanced_tracker.py:kalman_homography,
S,5,673,PREDICTION,src/tracking/advanced_tracker.py:kalman_homography,
L,0,673,PREDICTION,src/tracking/advanced_tracker.py:kalman_homography,
R,CLAMP,CLAMP,0
L,3,673,PREDICTION,src/tracking/advanced_tracker.py:kalman_homography,
R,CLAMP,CLAMP,0
L,4,673,PREDICTION,src/tracking/advanced_tracker.py:kalman_homography,
R,CLAMP,CLAMP,0
L,5,673,PREDICTION,src/tracking/advanced_tracker.py:kalman_homography,
R,PREDICTION,SUBPIXEL,0
A,673
S,0,676,PREDICTION,src/tracking/advanced_tracker.py:kalman_homography,
S,3,676,PREDICTION,src/tracking/advanced_tracker.py:kalman_homography,
S,4,676,PREDICTION,src/tracking/advanced_tracker.py:kalman_homography,
S,5,676,PREDICTION,src/tracking/advanced_tracker.py:kalman_homography,
L,0,676,PREDICTION,src/tracking/advanced_tracker.py:kalman_homography,
R,CLAMP,CLAMP,0
L,3,676,PREDICTION,src/tracking/advanced_tracker.py:kalman_homography,
R,CLAMP,CLAMP,0
L,4,676,PREDICTION,src/tracking/advanced_tracker.py:kalman_homography,
R,CLAMP,CLAMP,0
L,5,676,PREDICTION,src/tracking/advanced_tracker.py:kalman_homography,
R,PREDICTION,SUBPIXEL,0
A,676
S,4,679,CLAMP,src/tracking/advanced_tracker.py:_activate_slot,679_310_539_489_645
S,0,679,PREDICTION,src/tracking/advanced_tracker.py:kalman_homography,
S,3,679,PREDICTION,src/tracking/advanced_tracker.py:kalman_homography,
S,5,679,PREDICTION,src/tracking/advanced_tracker.py:flow_gapfill_batched,
L,0,679,PREDICTION,src/tracking/advanced_tracker.py:kalman_homography,
R,CLAMP,CLAMP,0
L,3,679,PREDICTION,src/tracking/advanced_tracker.py:kalman_homography,
R,CLAMP,CLAMP,0
L,4,679,CLAMP,src/tracking/advanced_tracker.py:_activate_slot,679_310_539_489_645
R,CLAMP,CLAMP,0
L,5,679,PREDICTION,src/tracking/advanced_tracker.py:flow_gapfill_batched,
R,CLAMP,CLAMP,0
A,679
S,0,682,PREDICTION,src/tracking/advanced_tracker.py:kalman_homography,
S,3,682,PREDICTION,src/tracking/advanced_tracker.py:kalman_homography,
S,4,682,PREDICTION,src/tracking/advanced_tracker.py:kalman_homography,
L,0,682,PREDICTION,src/tracking/advanced_tracker.py:kalman_homography,
R,CLAMP,CLAMP,0
L,3,682,PREDICTION,src/tracking/advanced_tracker.py:kalman_homography,
R,CLAMP,CLAMP,0
L,4,682,PREDICTION,src/tracking/advanced_tracker.py:kalman_homography,
R,CLAMP,CLAMP,0
A,682
S,1,685,DETECTION,src/tracking/advanced_tracker.py:_activate_slot,685_548_469_819_597
S,0,685,PREDICTION,src/tracking/advanced_tracker.py:kalman_homography,
S,3,685,PREDICTION,src/tracking/advanced_tracker.py:kalman_homography,
S,4,685,PREDICTION,src/tracking/advanced_tracker.py:kalman_homography,
L,0,685,PREDICTION,src/tracking/advanced_tracker.py:kalman_homography,
R,CLAMP,CLAMP,0
L,1,685,DETECTION,src/tracking/advanced_tracker.py:_activate_slot,685_548_469_819_597
R,CLAMP,CLAMP,0
L,3,685,PREDICTION,src/tracking/advanced_tracker.py:kalman_homography,
R,CLAMP,CLAMP,0
L,4,685,PREDICTION,src/tracking/advanced_tracker.py:kalman_homography,
R,CLAMP,CLAMP,0
A,685
S,5,688,DETECTION,src/tracking/advanced_tracker.py:_activate_slot,688_546_472_824_593
S,0,688,PREDICTION,src/tracking/advanced_tracker.py:kalman_homography,
S,1,688,PREDICTION,src/tracking/advanced_tracker.py:kalman_homography,
S,3,688,PREDICTION,src/tracking/advanced_tracker.py:flow_gapfill_batched,
L,0,688,PREDICTION,src/tracking/advanced_tracker.py:kalman_homography,
R,CLAMP,CLAMP,0
L,1,688,PREDICTION,src/tracking/advanced_tracker.py:kalman_homography,
R,CLAMP,CLAMP,0
L,3,688,PREDICTION,src/tracking/advanced_tracker.py:flow_gapfill_batched,
R,CLAMP,CLAMP,0
L,5,688,DETECTION,src/tracking/advanced_tracker.py:_activate_slot,688_546_472_824_593
R,DETECTION,DETECTION,1
A,688
S,1,691,DETECTION,src/tracking/advanced_tracker.py:_activate_slot,691_534_472_825_592
S,2,691,DETECTION,src/tracking/advanced_tracker.py:_activate_slot,691_666_405_943_548
S,0,691,PREDICTION,src/tracking/advanced_tracker.py:kalman_homography,
S,5,691,PREDICTION,src/tracking/advanced_tracker.py:kalman_homography,
L,0,691,PREDICTION,src/tracking/advanced_tracker.py:kalman_homography,
R,CLAMP,CLAMP,0
L,1,691,DETECTION,src/tracking/advanced_tracker.py:_activate_slot,691_534_472_825_592
R,CLAMP,CLAMP,0
L,2,691,DETECTION,src/tracking/advanced_tracker.py:_activate_slot,691_666_405_943_548
R,CLAMP,CLAMP,0
L,5,691,PREDICTION,src/tracking/advanced_tracker.py:kalman_homography,
R,PREDICTION,PREDICTION,1
A,691
S,1,694,DETECTION,src/tracking/advanced_tracker.py:_activate_slot,694_531_477_825_589
S,2,694,DETECTION,src/tracking/advanced_tracker.py:_activate_slot,694_666_413_946_540
S,5,694,PREDICTION,src/tracking/advanced_tracker.py:kalman_homography,
S,0,694,PREDICTION,src/tracking/advanced_tracker.py:flow_gapfill_batched,
S,4,694,PREDICTION,src/tracking/advanced_tracker.py:flow_gapfill_batched,
L,0,694,PREDICTION,src/tracking/advanced_tracker.py:flow_gapfill_batched,
R,CLAMP,CLAMP,0
L,1,694,DETECTION,src/tracking/advanced_tracker.py:_activate_slot,694_531_477_825_589
R,CLAMP,CLAMP,0
L,2,694,DETECTION,src/tracking/advanced_tracker.py:_activate_slot,694_666_413_946_540
R,CLAMP,CLAMP,0
L,4,694,PREDICTION,src/tracking/advanced_tracker.py:flow_gapfill_batched,
R,CLAMP,CLAMP,0
L,5,694,PREDICTION,src/tracking/advanced_tracker.py:kalman_homography,
R,PREDICTION,PREDICTION,1
A,694
S,1,697,DETECTION,src/tracking/advanced_tracker.py:_activate_slot,697_532_472_831_589
S,2,697,DETECTION,src/tracking/advanced_tracker.py:_activate_slot,697_668_438_948_546
S,5,697,PREDICTION,src/tracking/advanced_tracker.py:kalman_homography,
S,4,697,PREDICTION,src/tracking/advanced_tracker.py:flow_gapfill_batched,
D,1,697
S,2,697,PREDICTION,src/tracking/advanced_tracker.py:id_merge,
L,2,697,PREDICTION,src/tracking/advanced_tracker.py:id_merge,
R,CLAMP,CLAMP,0
L,4,697,PREDICTION,src/tracking/advanced_tracker.py:flow_gapfill_batched,
R,CLAMP,CLAMP,0
L,5,697,PREDICTION,src/tracking/advanced_tracker.py:kalman_homography,
R,PREDICTION,PREDICTION,1
A,697
S,1,700,PREDICTION,src/tracking/advanced_tracker.py:kalman_homography,
S,2,700,PREDICTION,src/tracking/advanced_tracker.py:kalman_homography,
S,5,700,PREDICTION,src/tracking/advanced_tracker.py:kalman_homography,
S,4,700,PREDICTION,src/tracking/advanced_tracker.py:flow_gapfill_batched,
L,1,700,PREDICTION,src/tracking/advanced_tracker.py:kalman_homography,
R,CLAMP,CLAMP,0
L,2,700,PREDICTION,src/tracking/advanced_tracker.py:kalman_homography,
R,PREDICTION,PREDICTION,1
L,4,700,PREDICTION,src/tracking/advanced_tracker.py:flow_gapfill_batched,
R,CLAMP,CLAMP,0
L,5,700,PREDICTION,src/tracking/advanced_tracker.py:kalman_homography,
R,PREDICTION,PREDICTION,1
A,700
S,5,703,DETECTION,src/tracking/advanced_tracker.py:_activate_slot,703_521_461_806_573
S,1,703,PREDICTION,src/tracking/advanced_tracker.py:kalman_homography,
S,2,703,PREDICTION,src/tracking/advanced_tracker.py:kalman_homography,
L,1,703,PREDICTION,src/tracking/advanced_tracker.py:kalman_homography,
R,CLAMP,CLAMP,0
L,2,703,PREDICTION,src/tracking/advanced_tracker.py:kalman_homography,
R,PREDICTION,PREDICTION,1
L,5,703,DETECTION,src/tracking/advanced_tracker.py:_activate_slot,703_521_461_806_573
R,DETECTION,DETECTION,1
A,703
S,1,706,PREDICTION,src/tracking/advanced_tracker.py:kalman_homography,
S,2,706,PREDICTION,src/tracking/advanced_tracker.py:kalman_homography,
S,5,706,PREDICTION,src/tracking/advanced_tracker.py:kalman_homography,
L,1,706,PREDICTION,src/tracking/advanced_tracker.py:kalman_homography,
R,CLAMP,CLAMP,0
L,2,706,PREDICTION,src/tracking/advanced_tracker.py:kalman_homography,
R,PREDICTION,PREDICTION,1
L,5,706,PREDICTION,src/tracking/advanced_tracker.py:kalman_homography,
R,PREDICTION,PREDICTION,1
A,706
S,2,709,DETECTION,src/tracking/advanced_tracker.py:_activate_slot,709_692_472_959_589
S,6,709,DETECTION,src/tracking/advanced_tracker.py:_activate_slot,709_519_456_805_569
S,3,709,DETECTION,src/tracking/advanced_tracker.py:_activate_slot,709_268_528_496_649
S,1,709,PREDICTION,src/tracking/advanced_tracker.py:kalman_homography,
S,5,709,PREDICTION,src/tracking/advanced_tracker.py:kalman_homography,
D,5,709
S,6,709,PREDICTION,src/tracking/advanced_tracker.py:id_merge,
L,1,709,PREDICTION,src/tracking/advanced_tracker.py:kalman_homography,
R,CLAMP,CLAMP,0
L,2,709,DETECTION,src/tracking/advanced_tracker.py:_activate_slot,709_692_472_959_589
R,DETECTION,DETECTION,1
L,3,709,DETECTION,src/tracking/advanced_tracker.py:_activate_slot,709_268_528_496_649
R,CLAMP,CLAMP,0
L,6,709,PREDICTION,src/tracking/advanced_tracker.py:id_merge,
R,CLAMP,CLAMP,0
A,709
S,6,712,DETECTION,src/tracking/advanced_tracker.py:_activate_slot,712_519_460_813_570
S,1,712,PREDICTION,src/tracking/advanced_tracker.py:kalman_homography,
S,3,712,PREDICTION,src/tracking/advanced_tracker.py:kalman_homography,
S,5,712,PREDICTION,src/tracking/advanced_tracker.py:kalman_homography,
S,2,712,PREDICTION,src/tracking/advanced_tracker.py:flow_gapfill_batched,
L,1,712,PREDICTION,src/tracking/advanced_tracker.py:kalman_homography,
R,CLAMP,CLAMP,0
L,2,712,PREDICTION,src/tracking/advanced_tracker.py:flow_gapfill_batched,
R,PREDICTION,PREDICTION,1
L,3,712,PREDICTION,src/tracking/advanced_tracker.py:kalman_homography,
R,CLAMP,CLAMP,0
L,5,712,PREDICTION,src/tracking/advanced_tracker.py:kalman_homography,
R,PREDICTION,PREDICTION,1
L,6,712,DETECTION,src/tracking/advanced_tracker.py:_activate_slot,712_519_460_813_570
R,CLAMP,CLAMP,0
A,712
S,1,715,DETECTION,src/tracking/advanced_tracker.py:_activate_slot,715_518_460_814_578
S,0,715,DETECTION,src/tracking/advanced_tracker.py:_activate_slot,715_667_510_864_621
S,3,715,PREDICTION,src/tracking/advanced_tracker.py:kalman_homography,
S,5,715,PREDICTION,src/tracking/advanced_tracker.py:kalman_homography,
S,6,715,PREDICTION,src/tracking/advanced_tracker.py:kalman_homography,
S,2,715,PREDICTION,src/tracking/advanced_tracker.py:flow_gapfill_batched,
D,2,715
S,0,715,PREDICTION,src/tracking/advanced_tracker.py:id_merge,
L,0,715,PREDICTION,src/tracking/advanced_tracker.py:id_merge,
R,PREDICTION,PREDICTION,1
L,1,715,DETECTION,src/tracking/advanced_tracker.py:_activate_slot,715_518_460_814_578
R,CLAMP,CLAMP,0
L,3,715,PREDICTION,src/tracking/advanced_tracker.py:kalman_homography,
R,CLAMP,CLAMP,0
L,5,715,PREDICTION,src/tracking/advanced_tracker.py:kalman_homography,
R,PREDICTION,PREDICTION,1
L,6,715,PREDICTION,src/tracking/advanced_tracker.py:kalman_homography,
R,CLAMP,CLAMP,0
A,715
S,1,718,DETECTION,src/tracking/advanced_tracker.py:_activate_slot,718_510_450_804_573
S,3,718,PREDICTION,src/tracking/advanced_tracker.py:kalman_homography,
S,5,718,PREDICTION,src/tracking/advanced_tracker.py:kalman_homography,
S,6,718,PREDICTION,src/tracking/advanced_tracker.py:kalman_homography,
S,2,718,PREDICTION,src/tracking/advanced_tracker.py:flow_gapfill_batched,
L,1,718,DETECTION,src/tracking/advanced_tracker.py:_activate_slot,718_510_450_804_573
R,CLAMP,CLAMP,0
L,2,718,PREDICTION,src/tracking/advanced_tracker.py:flow_gapfill_batched,
R,PREDICTION,PREDICTION,1
L,3,718,PREDICTION,src/tracking/advanced_tracker.py:kalman_homography,
R,CLAMP,CLAMP,0
L,5,718,PREDICTION,src/tracking/advanced_tracker.py:kalman_homography,
R,PREDICTION,PREDICTION,1
L,6,718,PREDICTION,src/tracking/advanced_tracker.py:kalman_homography,
R,CLAMP,CLAMP,0
A,718
S,3,721,CLAMP,src/tracking/advanced_tracker.py:_activate_slot,721_268_585_475_701
S,1,721,PREDICTION,src/tracking/advanced_tracker.py:kalman_homography,
S,5,721,PREDICTION,src/tracking/advanced_tracker.py:kalman_homography,
S,6,721,PREDICTION,src/tracking/advanced_tracker.py:kalman_homography,
S,0,721,PREDICTION,src/tracking/advanced_tracker.py:flow_gapfill_batched,
S,2,721,PREDICTION,src/tracking/advanced_tracker.py:flow_gapfill_batched,
L,0,721,PREDICTION,src/tracking/advanced_tracker.py:flow_gapfill_batched,
R,PREDICTION,PREDICTION,1
L,1,721,PREDICTION,src/tracking/advanced_tracker.py:kalman_homography,
R,CLAMP,CLAMP,0
L,2,721,PREDICTION,src/tracking/advanced_tracker.py:flow_gapfill_batched,
R,PREDICTION,SUBPIXEL,0
L,3,721,CLAMP,src/tracking/advanced_tracker.py:_activate_slot,721_268_585_475_701
R,CLAMP,CLAMP,0
L,5,721,PREDICTION,src/tracking/advanced_tracker.py:kalman_homography,
R,PREDICTION,PREDICTION,1
L,6,721,PREDICTION,src/tracking/advanced_tracker.py:kalman_homography,
R,CLAMP,CLAMP,0
A,721
S,3,724,CLAMP,src/tracking/advanced_tracker.py:_activate_slot,724_253_581_470_705
S,4,724,DETECTION,src/tracking/advanced_tracker.py:_activate_slot,724_486_459_777_569
S,1,724,PREDICTION,src/tracking/advanced_tracker.py:kalman_homography,
S,5,724,PREDICTION,src/tracking/advanced_tracker.py:kalman_homography,
S,6,724,PREDICTION,src/tracking/advanced_tracker.py:kalman_homography,
S,0,724,PREDICTION,src/tracking/advanced_tracker.py:flow_gapfill_batched,
S,2,724,PREDICTION,src/tracking/advanced_tracker.py:flow_gapfill_batched,
D,1,724
S,4,724,PREDICTION,src/tracking/advanced_tracker.py:id_merge,
L,0,724,PREDICTION,src/tracking/advanced_tracker.py:flow_gapfill_batched,
R,PREDICTION,PREDICTION,1
L,2,724,PREDICTION,src/tracking/advanced_tracker.py:flow_gapfill_batched,
R,PREDICTION,SUBPIXEL,0
L,3,724,CLAMP,src/tracking/advanced_tracker.py:_activate_slot,724_253_581_470_705
R,CLAMP,CLAMP,0
L,4,724,PREDICTION,src/tracking/advanced_tracker.py:id_merge,
R,PREDICTION,PREDICTION,1
L,5,724,PREDICTION,src/tracking/advanced_tracker.py:kalman_homography,
R,PREDICTION,PREDICTION,1
L,6,724,PREDICTION,src/tracking/advanced_tracker.py:kalman_homography,
R,CLAMP,CLAMP,0
A,724
S,4,727,DETECTION,src/tracking/advanced_tracker.py:_activate_slot,727_486_453_777_568
S,1,727,PREDICTION,src/tracking/advanced_tracker.py:kalman_homography,
S,3,727,PREDICTION,src/tracking/advanced_tracker.py:kalman_homography,
S,6,727,PREDICTION,src/tracking/advanced_tracker.py:kalman_homography,
S,2,727,PREDICTION,src/tracking/advanced_tracker.py:flow_gapfill_batched,
S,5,727,PREDICTION,src/tracking/advanced_tracker.py:flow_gapfill_batched,
D,1,727
S,4,727,PREDICTION,src/tracking/advanced_tracker.py:id_merge,
L,2,727,PREDICTION,src/tracking/advanced_tracker.py:flow_gapfill_batched,
R,PREDICTION,SUBPIXEL,0
L,3,727,PREDICTION,src/tracking/advanced_tracker.py:kalman_homography,
R,CLAMP,CLAMP,0
L,4,727,PREDICTION,src/tracking/advanced_tracker.py:id_merge,
R,PREDICTION,PREDICTION,1
L,5,727,PREDICTION,src/tracking/advanced_tracker.py:flow_gapfill_batched,
R,CLAMP,CLAMP,0
L,6,727,PREDICTION,src/tracking/advanced_tracker.py:kalman_homography,
R,CLAMP,CLAMP,0
A,727
S,4,730,DETECTION,src/tracking/advanced_tracker.py:_activate_slot,730_489_432_782_561
S,1,730,PREDICTION,src/tracking/advanced_tracker.py:kalman_homography,
S,3,730,PREDICTION,src/tracking/advanced_tracker.py:kalman_homography,
S,6,730,PREDICTION,src/tracking/advanced_tracker.py:kalman_homography,
S,2,730,PREDICTION,src/tracking/advanced_tracker.py:flow_gapfill_batched,
L,1,730,PREDICTION,src/tracking/advanced_tracker.py:kalman_homography,
R,CLAMP,CLAMP,0
L,2,730,PREDICTION,src/tracking/advanced_tracker.py:flow_gapfill_batched,
R,PREDICTION,SUBPIXEL,0
L,3,730,PREDICTION,src/tracking/advanced_tracker.py:kalman_homography,
R,CLAMP,CLAMP,0
L,4,730,DETECTION,src/tracking/advanced_tracker.py:_activate_slot,730_489_432_782_561
R,CLAMP,CLAMP,0
L,6,730,PREDICTION,src/tracking/advanced_tracker.py:kalman_homography,
R,CLAMP,CLAMP,0
A,730
S,4,733,DETECTION,src/tracking/advanced_tracker.py:_activate_slot,733_492_441_777_558
S,1,733,PREDICTION,src/tracking/advanced_tracker.py:kalman_homography,
S,3,733,PREDICTION,src/tracking/advanced_tracker.py:kalman_homography,
S,6,733,PREDICTION,src/tracking/advanced_tracker.py:kalman_homography,
S,2,733,PREDICTION,src/tracking/advanced_tracker.py:flow_gapfill_batched,
D,1,733
S,4,733,PREDICTION,src/tracking/advanced_tracker.py:id_merge,
L,2,733,PREDICTION,src/tracking/advanced_tracker.py:flow_gapfill_batched,
R,PREDICTION,SUBPIXEL,0
L,3,733,PREDICTION,src/tracking/advanced_tracker.py:kalman_homography,
R,PREDICTION,PREDICTION,1
L,4,733,PREDICTION,src/tracking/advanced_tracker.py:id_merge,
R,CLAMP,CLAMP,0
L,6,733,PREDICTION,src/tracking/advanced_tracker.py:kalman_homography,
R,CLAMP,CLAMP,0
A,733
S,1,736,PREDICTION,src/tracking/advanced_tracker.py:kalman_homography,
S,3,736,PREDICTION,src/tracking/advanced_tracker.py:kalman_homography,
S,4,736,PREDICTION,src/tracking/advanced_tracker.py:kalman_homography,
L,1,736,PREDICTION,src/tracking/advanced_tracker.py:kalman_homography,
R,PREDICTION,PREDICTION,1
L,3,736,PREDICTION,src/tracking/advanced_tracker.py:kalman_homography,
R,PREDICTION,PREDICTION,1
L,4,736,PREDICTION,src/tracking/advanced_tracker.py:kalman_homography,
R,CLAMP,CLAMP,0
A,736
S,3,739,PREDICTION,src/tracking/advanced_tracker.py:kalman_homography,
S,4,739,PREDICTION,src/tracking/advanced_tracker.py:kalman_homography,
S,0,739,PREDICTION,src/tracking/advanced_tracker.py:flow_gapfill_batched,
S,1,739,PREDICTION,src/tracking/advanced_tracker.py:flow_gapfill_batched,
L,0,739,PREDICTION,src/tracking/advanced_tracker.py:flow_gapfill_batched,
R,PREDICTION,SUBPIXEL,0
L,1,739,PREDICTION,src/tracking/advanced_tracker.py:flow_gapfill_batched,
R,CLAMP,CLAMP,0
L,3,739,PREDICTION,src/tracking/advanced_tracker.py:kalman_homography,
R,PREDICTION,PREDICTION,1
L,4,739,PREDICTION,src/tracking/advanced_tracker.py:kalman_homography,
R,CLAMP,CLAMP,0
A,739
S,4,742,PREDICTION,src/tracking/advanced_tracker.py:kalman_homography,
S,1,742,PREDICTION,src/tracking/advanced_tracker.py:flow_gapfill_batched,
S,3,742,PREDICTION,src/tracking/advanced_tracker.py:flow_gapfill_batched,
L,1,742,PREDICTION,src/tracking/advanced_tracker.py:flow_gapfill_batched,
R,PREDICTION,PREDICTION,1
L,3,742,PREDICTION,src/tracking/advanced_tracker.py:flow_gapfill_batched,
R,CLAMP,CLAMP,0
L,4,742,PREDICTION,src/tracking/advanced_tracker.py:kalman_homography,
R,CLAMP,CLAMP,0
A,742
S,3,745,PREDICTION,src/tracking/advanced_tracker.py:flow_gapfill_batched,
S,4,745,PREDICTION,src/tracking/advanced_tracker.py:flow_gapfill_batched,
L,3,745,PREDICTION,src/tracking/advanced_tracker.py:flow_gapfill_batched,
R,CLAMP,CLAMP,0
L,4,745,PREDICTION,src/tracking/advanced_tracker.py:flow_gapfill_batched,
R,PREDICTION,PREDICTION,1
A,745
S,3,748,PREDICTION,src/tracking/advanced_tracker.py:flow_gapfill_batched,
L,3,748,PREDICTION,src/tracking/advanced_tracker.py:flow_gapfill_batched,
R,CLAMP,CLAMP,0
A,748
S,4,751,PREDICTION,src/tracking/advanced_tracker.py:flow_gapfill_batched,
L,4,751,PREDICTION,src/tracking/advanced_tracker.py:flow_gapfill_batched,
R,PREDICTION,PREDICTION,1
A,751
S,2,754,DETECTION,src/tracking/advanced_tracker.py:_activate_slot,754_182_572_426_674
S,4,754,PREDICTION,src/tracking/advanced_tracker.py:flow_gapfill_batched,
L,2,754,DETECTION,src/tracking/advanced_tracker.py:_activate_slot,754_182_572_426_674
R,CLAMP,CLAMP,0
L,4,754,PREDICTION,src/tracking/advanced_tracker.py:flow_gapfill_batched,
R,PREDICTION,PREDICTION,1
A,754
S,2,757,DETECTION,src/tracking/advanced_tracker.py:_activate_slot,757_189_573_426_669
S,4,757,PREDICTION,src/tracking/advanced_tracker.py:flow_gapfill_batched,
L,2,757,DETECTION,src/tracking/advanced_tracker.py:_activate_slot,757_189_573_426_669
R,CLAMP,CLAMP,0
L,4,757,PREDICTION,src/tracking/advanced_tracker.py:flow_gapfill_batched,
R,PREDICTION,PREDICTION,1
A,757
S,2,760,DETECTION,src/tracking/advanced_tracker.py:_activate_slot,760_190_574_422_667
S,0,760,DETECTION,src/tracking/advanced_tracker.py:_activate_slot,760_459_441_753_596
L,0,760,DETECTION,src/tracking/advanced_tracker.py:_activate_slot,760_459_441_753_596
R,CLAMP,CLAMP,0
L,2,760,DETECTION,src/tracking/advanced_tracker.py:_activate_slot,760_190_574_422_667
R,CLAMP,CLAMP,0
A,760
S,2,763,DETECTION,src/tracking/advanced_tracker.py:_activate_slot,763_203_577_417_666
S,1,763,DETECTION,src/tracking/advanced_tracker.py:_activate_slot,763_468_440_753_590
S,0,763,PREDICTION,src/tracking/advanced_tracker.py:kalman_homography,
L,0,763,PREDICTION,src/tracking/advanced_tracker.py:kalman_homography,
R,CLAMP,CLAMP,0
L,1,763,DETECTION,src/tracking/advanced_tracker.py:_activate_slot,763_468_440_753_590
R,DETECTION,DETECTION,1
L,2,763,DETECTION,src/tracking/advanced_tracker.py:_activate_slot,763_203_577_417_666
R,CLAMP,CLAMP,0
A,763
S,2,766,CLAMP,src/tracking/advanced_tracker.py:_activate_slot,766_689_455_996_593
S,6,766,DETECTION,src/tracking/advanced_tracker.py:_activate_slot,766_210_577_412_667
S,0,766,PREDICTION,src/tracking/advanced_tracker.py:kalman_homography,
S,1,766,PREDICTION,src/tracking/advanced_tracker.py:kalman_homography,
D,0,766
S,1,766,PREDICTION,src/tracking/advanced_tracker.py:id_merge,
L,1,766,PREDICTION,src/tracking/advanced_tracker.py:id_merge,
R,PREDICTION,PREDICTION,1
L,2,766,CLAMP,src/tracking/advanced_tracker.py:_activate_slot,766_689_455_996_593
R,CLAMP,CLAMP,0
L,6,766,DETECTION,src/tracking/advanced_tracker.py:_activate_slot,766_210_577_412_667
R,CLAMP,CLAMP,0
A,766
S,3,769,DETECTION,src/tracking/advanced_tracker.py:_activate_slot,769_691_441_997_589
S,0,769,PREDICTION,src/tracking/advanced_tracker.py:kalman_homography,
S,1,769,PREDICTION,src/tracking/advanced_tracker.py:kalman_homography,
S,6,769,PREDICTION,src/tracking/advanced_tracker.py:kalman_homography,
D,0,769
S,1,769,PREDICTION,src/tracking/advanced_tracker.py:id_merge,
L,1,769,PREDICTION,src/tracking/advanced_tracker.py:id_merge,
R,PREDICTION,SUBPIXEL,0
L,3,769,DETECTION,src/tracking/advanced_tracker.py:_activate_slot,769_691_441_997_589
R,DETECTION,DETECTION,1
L,6,769,PREDICTION,src/tracking/advanced_tracker.py:kalman_homography,
R,CLAMP,CLAMP,0
A,769
S,0,772,PREDICTION,src/tracking/advanced_tracker.py:kalman_homography,
S,1,772,PREDICTION,src/tracking/advanced_tracker.py:kalman_homography,
S,3,772,PREDICTION,src/tracking/advanced_tracker.py:kalman_homography,
S,6,772,PREDICTION,src/tracking/advanced_tracker.py:kalman_homography,
S,2,772,PREDICTION,src/tracking/advanced_tracker.py:flow_gapfill_batched,
D,0,772
S,1,772,PREDICTION,src/tracking/advanced_tracker.py:id_merge,
D,2,772
S,3,772,PREDICTION,src/tracking/advanced_tracker.py:id_merge,
L,1,772,PREDICTION,src/tracking/advanced_tracker.py:id_merge,
R,PREDICTION,SUBPIXEL,0
L,3,772,PREDICTION,src/tracking/advanced_tracker.py:id_merge,
R,PREDICTION,PREDICTION,1
L,6,772,PREDICTION,src/tracking/advanced_tracker.py:kalman_homography,
R,CLAMP,CLAMP,0
A,772
S,0,775,PREDICTION,src/tracking/advanced_tracker.py:kalman_homography,
S,1,775,PREDICTION,src/tracking/advanced_tracker.py:kalman_homography,
S,3,775,PREDICTION,src/tracking/advanced_tracker.py:kalman_homography,
S,6,775,PREDICTION,src/tracking/advanced_tracker.py:kalman_homography,
S,2,775,PREDICTION,src/tracking/advanced_tracker.py:flow_gapfill_batched,
D,0,775
S,1,775,PREDICTION,src/tracking/advanced_tracker.py:id_merge,
D,2,775
S,3,775,PREDICTION,src/tracking/advanced_tracker.py:id_merge,
L,1,775,PREDICTION,src/tracking/advanced_tracker.py:id_merge,
R,PREDICTION,SUBPIXEL,0
L,3,775,PREDICTION,src/tracking/advanced_tracker.py:id_merge,
R,PREDICTION,SUBPIXEL,0
L,6,775,PREDICTION,src/tracking/advanced_tracker.py:kalman_homography,
R,CLAMP,CLAMP,0
A,775
S,4,778,DETECTION,src/tracking/advanced_tracker.py:_activate_slot,778_697_426_997_551
S,0,778,PREDICTION,src/tracking/advanced_tracker.py:kalman_homography,
S,1,778,PREDICTION,src/tracking/advanced_tracker.py:kalman_homography,
S,3,778,PREDICTION,src/tracking/advanced_tracker.py:kalman_homography,
S,6,778,PREDICTION,src/tracking/advanced_tracker.py:kalman_homography,
S,2,778,PREDICTION,src/tracking/advanced_tracker.py:flow_gapfill_batched,
D,0,778
S,1,778,PREDICTION,src/tracking/advanced_tracker.py:id_merge,
D,2,778
S,3,778,PREDICTION,src/tracking/advanced_tracker.py:id_merge,
L,1,778,PREDICTION,src/tracking/advanced_tracker.py:id_merge,
R,PREDICTION,SUBPIXEL,0
L,3,778,PREDICTION,src/tracking/advanced_tracker.py:id_merge,
R,PREDICTION,SUBPIXEL,0
L,4,778,DETECTION,src/tracking/advanced_tracker.py:_activate_slot,778_697_426_997_551
R,CLAMP,CLAMP,0
L,6,778,PREDICTION,src/tracking/advanced_tracker.py:kalman_homography,
R,CLAMP,CLAMP,0
A,778
S,5,781,DETECTION,src/tracking/advanced_tracker.py:_activate_slot,781_695_421_999_529
S,6,781,DETECTION,src/tracking/advanced_tracker.py:_activate_slot,781_198_597_397_688
S,0,781,PREDICTION,src/tracking/advanced_tracker.py:kalman_homography,
S,1,781,PREDICTION,src/tracking/advanced_tracker.py:kalman_homography,
S,3,781,PREDICTION,src/tracking/advanced_tracker.py:kalman_homography,
S,4,781,PREDICTION,src/tracking/advanced_tracker.py:kalman_homography,
S,2,781,PREDICTION,src/tracking/advanced_tracker.py:flow_gapfill_batched,
D,0,781
S,1,781,PREDICTION,src/tracking/advanced_tracker.py:id_merge,
D,2,781
S,4,781,PREDICTION,src/tracking/advanced_tracker.py:id_merge,
L,1,781,PREDICTION,src/tracking/advanced_tracker.py:id_merge,
R,PREDICTION,SUBPIXEL,0
L,3,781,PREDICTION,src/tracking/advanced_tracker.py:kalman_homography,
R,PREDICTION,SUBPIXEL,0
L,4,781,PREDICTION,src/tracking/advanced_tracker.py:id_merge,
R,CLAMP,CLAMP,0
L,5,781,DETECTION,src/tracking/advanced_tracker.py:_activate_slot,781_695_421_999_529
R,CLAMP,CLAMP,0
L,6,781,DETECTION,src/tracking/advanced_tracker.py:_activate_slot,781_198_597_397_688
R,CLAMP,CLAMP,0
A,781
S,7,784,DETECTION,src/tracking/advanced_tracker.py:_activate_slot,784_696_412_994_523
S,1,784,PREDICTION,src/tracking/advanced_tracker.py:kalman_homography,
S,3,784,PREDICTION,src/tracking/advanced_tracker.py:kalman_homography,
S,4,784,PREDICTION,src/tracking/advanced_tracker.py:kalman_homography,
S,5,784,PREDICTION,src/tracking/advanced_tracker.py:kalman_homography,
S,6,784,PREDICTION,src/tracking/advanced_tracker.py:kalman_homography,
S,0,784,PREDICTION,src/tracking/advanced_tracker.py:flow_gapfill_batched,
S,2,784,PREDICTION,src/tracking/advanced_tracker.py:flow_gapfill_batched,
D,0,784
S,1,784,PREDICTION,src/tracking/advanced_tracker.py:id_merge,
D,2,784
S,3,784,PREDICTION,src/tracking/advanced_tracker.py:id_merge,
L,1,784,PREDICTION,src/tracking/advanced_tracker.py:id_merge,
R,PREDICTION,SUBPIXEL,0
L,3,784,PREDICTION,src/tracking/advanced_tracker.py:id_merge,
R,PREDICTION,SUBPIXEL,0
L,4,784,PREDICTION,src/tracking/advanced_tracker.py:kalman_homography,
R,CLAMP,CLAMP,0
L,5,784,PREDICTION,src/tracking/advanced_tracker.py:kalman_homography,
R,CLAMP,CLAMP,0
L,6,784,PREDICTION,src/tracking/advanced_tracker.py:kalman_homography,
R,CLAMP,CLAMP,0
L,7,784,DETECTION,src/tracking/advanced_tracker.py:_activate_slot,784_696_412_994_523
R,CLAMP,CLAMP,0
A,784
S,3,787,PREDICTION,src/tracking/advanced_tracker.py:kalman_homography,
S,4,787,PREDICTION,src/tracking/advanced_tracker.py:kalman_homography,
S,5,787,PREDICTION,src/tracking/advanced_tracker.py:kalman_homography,
S,6,787,PREDICTION,src/tracking/advanced_tracker.py:kalman_homography,
S,7,787,PREDICTION,src/tracking/advanced_tracker.py:kalman_homography,
S,1,787,PREDICTION,src/tracking/advanced_tracker.py:flow_gapfill_batched,
S,2,787,PREDICTION,src/tracking/advanced_tracker.py:flow_gapfill_batched,
D,2,787
S,3,787,PREDICTION,src/tracking/advanced_tracker.py:id_merge,
L,1,787,PREDICTION,src/tracking/advanced_tracker.py:flow_gapfill_batched,
R,PREDICTION,PREDICTION,1
L,3,787,PREDICTION,src/tracking/advanced_tracker.py:id_merge,
R,PREDICTION,SUBPIXEL,0
L,4,787,PREDICTION,src/tracking/advanced_tracker.py:kalman_homography,
R,CLAMP,CLAMP,0
L,5,787,PREDICTION,src/tracking/advanced_tracker.py:kalman_homography,
R,CLAMP,CLAMP,0
L,6,787,PREDICTION,src/tracking/advanced_tracker.py:kalman_homography,
R,CLAMP,CLAMP,0
L,7,787,PREDICTION,src/tracking/advanced_tracker.py:kalman_homography,
R,CLAMP,CLAMP,0
A,787
S,3,790,PREDICTION,src/tracking/advanced_tracker.py:kalman_homography,
S,4,790,PREDICTION,src/tracking/advanced_tracker.py:kalman_homography,
S,5,790,PREDICTION,src/tracking/advanced_tracker.py:kalman_homography,
S,6,790,PREDICTION,src/tracking/advanced_tracker.py:kalman_homography,
S,7,790,PREDICTION,src/tracking/advanced_tracker.py:kalman_homography,
S,2,790,PREDICTION,src/tracking/advanced_tracker.py:flow_gapfill_batched,
D,2,790
S,3,790,PREDICTION,src/tracking/advanced_tracker.py:id_merge,
L,3,790,PREDICTION,src/tracking/advanced_tracker.py:id_merge,
R,PREDICTION,SUBPIXEL,0
L,4,790,PREDICTION,src/tracking/advanced_tracker.py:kalman_homography,
R,CLAMP,CLAMP,0
L,5,790,PREDICTION,src/tracking/advanced_tracker.py:kalman_homography,
R,CLAMP,CLAMP,0
L,6,790,PREDICTION,src/tracking/advanced_tracker.py:kalman_homography,
R,CLAMP,CLAMP,0
L,7,790,PREDICTION,src/tracking/advanced_tracker.py:kalman_homography,
R,CLAMP,CLAMP,0
A,790
S,4,793,PREDICTION,src/tracking/advanced_tracker.py:kalman_homography,
S,5,793,PREDICTION,src/tracking/advanced_tracker.py:kalman_homography,
S,6,793,PREDICTION,src/tracking/advanced_tracker.py:kalman_homography,
S,7,793,PREDICTION,src/tracking/advanced_tracker.py:kalman_homography,
S,3,793,PREDICTION,src/tracking/advanced_tracker.py:flow_gapfill_batched,
L,3,793,PREDICTION,src/tracking/advanced_tracker.py:flow_gapfill_batched,
R,PREDICTION,PREDICTION,1
L,4,793,PREDICTION,src/tracking/advanced_tracker.py:kalman_homography,
R,CLAMP,CLAMP,0
L,5,793,PREDICTION,src/tracking/advanced_tracker.py:kalman_homography,
R,CLAMP,CLAMP,0
L,6,793,PREDICTION,src/tracking/advanced_tracker.py:kalman_homography,
R,CLAMP,CLAMP,0
L,7,793,PREDICTION,src/tracking/advanced_tracker.py:kalman_homography,
R,CLAMP,CLAMP,0
A,793
S,4,796,PREDICTION,src/tracking/advanced_tracker.py:kalman_homography,
S,5,796,PREDICTION,src/tracking/advanced_tracker.py:kalman_homography,
S,6,796,PREDICTION,src/tracking/advanced_tracker.py:kalman_homography,
S,7,796,PREDICTION,src/tracking/advanced_tracker.py:kalman_homography,
L,4,796,PREDICTION,src/tracking/advanced_tracker.py:kalman_homography,
R,CLAMP,CLAMP,0
L,5,796,PREDICTION,src/tracking/advanced_tracker.py:kalman_homography,
R,CLAMP,CLAMP,0
L,6,796,PREDICTION,src/tracking/advanced_tracker.py:kalman_homography,
R,CLAMP,CLAMP,0
L,7,796,PREDICTION,src/tracking/advanced_tracker.py:kalman_homography,
R,CLAMP,CLAMP,0
A,796
S,4,799,PREDICTION,src/tracking/advanced_tracker.py:kalman_homography,
S,5,799,PREDICTION,src/tracking/advanced_tracker.py:kalman_homography,
S,6,799,PREDICTION,src/tracking/advanced_tracker.py:kalman_homography,
S,7,799,PREDICTION,src/tracking/advanced_tracker.py:kalman_homography,
L,4,799,PREDICTION,src/tracking/advanced_tracker.py:kalman_homography,
R,CLAMP,CLAMP,0
L,5,799,PREDICTION,src/tracking/advanced_tracker.py:kalman_homography,
R,CLAMP,CLAMP,0
L,6,799,PREDICTION,src/tracking/advanced_tracker.py:kalman_homography,
R,CLAMP,CLAMP,0
L,7,799,PREDICTION,src/tracking/advanced_tracker.py:kalman_homography,
R,CLAMP,CLAMP,0
A,799
S,5,802,PREDICTION,src/tracking/advanced_tracker.py:kalman_homography,
S,6,802,PREDICTION,src/tracking/advanced_tracker.py:kalman_homography,
S,7,802,PREDICTION,src/tracking/advanced_tracker.py:kalman_homography,
S,4,802,PREDICTION,src/tracking/advanced_tracker.py:flow_gapfill_batched,
L,4,802,PREDICTION,src/tracking/advanced_tracker.py:flow_gapfill_batched,
R,CLAMP,CLAMP,0
L,5,802,PREDICTION,src/tracking/advanced_tracker.py:kalman_homography,
R,CLAMP,CLAMP,0
L,6,802,PREDICTION,src/tracking/advanced_tracker.py:kalman_homography,
R,CLAMP,CLAMP,0
L,7,802,PREDICTION,src/tracking/advanced_tracker.py:kalman_homography,
R,CLAMP,CLAMP,0
A,802
S,7,805,PREDICTION,src/tracking/advanced_tracker.py:kalman_homography,
S,5,805,PREDICTION,src/tracking/advanced_tracker.py:flow_gapfill_batched,
S,6,805,PREDICTION,src/tracking/advanced_tracker.py:flow_gapfill_batched,
D,5,805
S,7,805,PREDICTION,src/tracking/advanced_tracker.py:id_merge,
L,6,805,PREDICTION,src/tracking/advanced_tracker.py:flow_gapfill_batched,
R,CLAMP,CLAMP,0
L,7,805,PREDICTION,src/tracking/advanced_tracker.py:id_merge,
R,CLAMP,CLAMP,0
A,805
S,7,808,PREDICTION,src/tracking/advanced_tracker.py:flow_gapfill_batched,
L,7,808,PREDICTION,src/tracking/advanced_tracker.py:flow_gapfill_batched,
R,CLAMP,CLAMP,0
A,808
A,811
S,0,814,DETECTION,src/tracking/advanced_tracker.py:_activate_slot,814_252_601_381_707
L,0,814,DETECTION,src/tracking/advanced_tracker.py:_activate_slot,814_252_601_381_707
R,CLAMP,CLAMP,0
A,814
S,8,817,DETECTION,src/tracking/advanced_tracker.py:_activate_slot,817_197_588_385_681
S,0,817,PREDICTION,src/tracking/advanced_tracker.py:kalman_homography,
L,0,817,PREDICTION,src/tracking/advanced_tracker.py:kalman_homography,
R,CLAMP,CLAMP,0
L,8,817,DETECTION,src/tracking/advanced_tracker.py:_activate_slot,817_197_588_385_681
R,CLAMP,CLAMP,0
A,817
S,1,820,DETECTION,src/tracking/advanced_tracker.py:_activate_slot,820_196_580_390_671
S,0,820,PREDICTION,src/tracking/advanced_tracker.py:kalman_homography,
S,8,820,PREDICTION,src/tracking/advanced_tracker.py:kalman_homography,
L,0,820,PREDICTION,src/tracking/advanced_tracker.py:kalman_homography,
R,CLAMP,CLAMP,0
L,1,820,DETECTION,src/tracking/advanced_tracker.py:_activate_slot,820_196_580_390_671
R,CLAMP,CLAMP,0
L,8,820,PREDICTION,src/tracking/advanced_tracker.py:kalman_homography,
R,CLAMP,CLAMP,0
A,820
S,1,823,DETECTION,src/tracking/advanced_tracker.py:_activate_slot,823_198_582_391_670
S,0,823,PREDICTION,src/tracking/advanced_tracker.py:kalman_homography,
S,8,823,PREDICTION,src/tracking/advanced_tracker.py:kalman_homography,
L,0,823,PREDICTION,src/tracking/advanced_tracker.py:kalman_homography,
R,CLAMP,CLAMP,0
L,1,823,DETECTION,src/tracking/advanced_tracker.py:_activate_slot,823_198_582_391_670
R,CLAMP,CLAMP,0
L,8,823,PREDICTION,src/tracking/advanced_tracker.py:kalman_homography,
R,CLAMP,CLAMP,0
A,823
S,8,826,DETECTION,src/tracking/advanced_tracker.py:_activate_slot,826_198_576_396_669
S,0,826,PREDICTION,src/tracking/advanced_tracker.py:kalman_homography,
S,1,826,PREDICTION,src/tracking/advanced_tracker.py:kalman_homography,
L,0,826,PREDICTION,src/tracking/advanced_tracker.py:kalman_homography,
R,CLAMP,CLAMP,0
L,1,826,PREDICTION,src/tracking/advanced_tracker.py:kalman_homography,
R,CLAMP,CLAMP,0
L,8,826,DETECTION,src/tracking/advanced_tracker.py:_activate_slot,826_198_576_396_669
R,CLAMP,CLAMP,0
A,826
S,0,829,PREDICTION,src/tracking/advanced_tracker.py:kalman_homography,
S,1,829,PREDICTION,src/tracking/advanced_tracker.py:kalman_homography,
S,8,829,PREDICTION,src/tracking/advanced_tracker.py:kalman_homography,
L,0,829,PREDICTION,src/tracking/advanced_tracker.py:kalman_homography,
R,CLAMP,CLAMP,0
L,1,829,PREDICTION,src/tracking/advanced_tracker.py:kalman_homography,
R,CLAMP,CLAMP,0
L,8,829,PREDICTION,src/tracking/advanced_tracker.py:kalman_homography,
R,CLAMP,CLAMP,0
A,829
S,0,832,PREDICTION,src/tracking/advanced_tracker.py:kalman_homography,
S,1,832,PREDICTION,src/tracking/advanced_tracker.py:kalman_homography,
S,8,832,PREDICTION,src/tracking/advanced_tracker.py:kalman_homography,
L,0,832,PREDICTION,src/tracking/advanced_tracker.py:kalman_homography,
R,CLAMP,CLAMP,0
L,1,832,PREDICTION,src/tracking/advanced_tracker.py:kalman_homography,
R,CLAMP,CLAMP,0
L,8,832,PREDICTION,src/tracking/advanced_tracker.py:kalman_homography,
R,CLAMP,CLAMP,0
A,832
S,0,835,PREDICTION,src/tracking/advanced_tracker.py:kalman_homography,
S,1,835,PREDICTION,src/tracking/advanced_tracker.py:kalman_homography,
L,0,835,PREDICTION,src/tracking/advanced_tracker.py:kalman_homography,
R,CLAMP,CLAMP,0
L,1,835,PREDICTION,src/tracking/advanced_tracker.py:kalman_homography,
R,CLAMP,CLAMP,0
A,835
S,1,838,PREDICTION,src/tracking/advanced_tracker.py:kalman_homography,
S,0,838,PREDICTION,src/tracking/advanced_tracker.py:flow_gapfill_batched,
L,0,838,PREDICTION,src/tracking/advanced_tracker.py:flow_gapfill_batched,
R,CLAMP,CLAMP,0
L,1,838,PREDICTION,src/tracking/advanced_tracker.py:kalman_homography,
R,CLAMP,CLAMP,0
A,838
S,1,841,PREDICTION,src/tracking/advanced_tracker.py:kalman_homography,
L,1,841,PREDICTION,src/tracking/advanced_tracker.py:kalman_homography,
R,CLAMP,CLAMP,0
A,841
S,1,844,PREDICTION,src/tracking/advanced_tracker.py:kalman_homography,
L,1,844,PREDICTION,src/tracking/advanced_tracker.py:kalman_homography,
R,CLAMP,CLAMP,0
A,844
A,847
S,1,850,CLAMP,src/tracking/advanced_tracker.py:_activate_slot,850_236_640_422_747
L,1,850,CLAMP,src/tracking/advanced_tracker.py:_activate_slot,850_236_640_422_747
R,CLAMP,CLAMP,0
A,850
S,2,853,DETECTION,src/tracking/advanced_tracker.py:_activate_slot,853_235_642_430_741
S,1,853,PREDICTION,src/tracking/advanced_tracker.py:flow_gapfill_batched,
L,1,853,PREDICTION,src/tracking/advanced_tracker.py:flow_gapfill_batched,
R,CLAMP,CLAMP,0
L,2,853,DETECTION,src/tracking/advanced_tracker.py:_activate_slot,853_235_642_430_741
R,DETECTION,DETECTION,1
A,853
S,3,856,DETECTION,src/tracking/advanced_tracker.py:_activate_slot,856_247_645_429_737
S,1,856,PREDICTION,src/tracking/advanced_tracker.py:flow_gapfill_batched,
S,2,856,PREDICTION,src/tracking/advanced_tracker.py:flow_gapfill_batched,
L,1,856,PREDICTION,src/tracking/advanced_tracker.py:flow_gapfill_batched,
R,CLAMP,CLAMP,0
L,2,856,PREDICTION,src/tracking/advanced_tracker.py:flow_gapfill_batched,
R,PREDICTION,PREDICTION,1
L,3,856,DETECTION,src/tracking/advanced_tracker.py:_activate_slot,856_247_645_429_737
R,DETECTION,DETECTION,1
A,856
S,2,859,PREDICTION,src/tracking/advanced_tracker.py:flow_gapfill_batched,
S,3,859,PREDICTION,src/tracking/advanced_tracker.py:flow_gapfill_batched,
L,2,859,PREDICTION,src/tracking/advanced_tracker.py:flow_gapfill_batched,
R,PREDICTION,PREDICTION,1
L,3,859,PREDICTION,src/tracking/advanced_tracker.py:flow_gapfill_batched,
R,PREDICTION,PREDICTION,1
A,859
S,0,862,DETECTION,src/tracking/advanced_tracker.py:_activate_slot,862_250_600_432_725
S,1,862,PREDICTION,src/tracking/advanced_tracker.py:flow_gapfill_batched,
S,2,862,PREDICTION,src/tracking/advanced_tracker.py:flow_gapfill_batched,
S,3,862,PREDICTION,src/tracking/advanced_tracker.py:flow_gapfill_batched,
D,2,862
S,0,862,PREDICTION,src/tracking/advanced_tracker.py:id_merge,
L,0,862,PREDICTION,src/tracking/advanced_tracker.py:id_merge,
R,CLAMP,CLAMP,0
L,1,862,PREDICTION,src/tracking/advanced_tracker.py:flow_gapfill_batched,
R,CLAMP,CLAMP,0
L,3,862,PREDICTION,src/tracking/advanced_tracker.py:flow_gapfill_batched,
R,PREDICTION,PREDICTION,1
A,862
S,4,865,DETECTION,src/tracking/advanced_tracker.py:_activate_slot,865_686_369_981_501
S,0,865,PREDICTION,src/tracking/advanced_tracker.py:kalman_homography,
S,1,865,PREDICTION,src/tracking/advanced_tracker.py:flow_gapfill_batched,
S,2,865,PREDICTION,src/tracking/advanced_tracker.py:flow_gapfill_batched,
S,3,865,PREDICTION,src/tracking/advanced_tracker.py:flow_gapfill_batched,
D,3,865
S,0,865,PREDICTION,src/tracking/advanced_tracker.py:id_merge,
L,0,865,PREDICTION,src/tracking/advanced_tracker.py:id_merge,
R,CLAMP,CLAMP,0
L,1,865,PREDICTION,src/tracking/advanced_tracker.py:flow_gapfill_batched,
R,CLAMP,CLAMP,0
L,2,865,PREDICTION,src/tracking/advanced_tracker.py:flow_gapfill_batched,
R,CLAMP,CLAMP,0
L,4,865,DETECTION,src/tracking/advanced_tracker.py:_activate_slot,865_686_369_981_501
R,DETECTION,DETECTION,1
A,865
S,0,868,DETECTION,src/tracking/advanced_tracker.py:_activate_slot,868_248_598_438_718
S,4,868,PREDICTION,src/tracking/advanced_tracker.py:kalman_homography,
S,1,868,PREDICTION,src/tracking/advanced_tracker.py:flow_gapfill_batched,
S,2,868,PREDICTION,src/tracking/advanced_tracker.py:flow_gapfill_batched,
S,3,868,PREDICTION,src/tracking/advanced_tracker.py:flow_gapfill_batched,
D,2,868
S,3,868,PREDICTION,src/tracking/advanced_tracker.py:id_merge,
L,0,868,DETECTION,src/tracking/advanced_tracker.py:_activate_slot,868_248_598_438_718
R,CLAMP,CLAMP,0
L,1,868,PREDICTION,src/tracking/advanced_tracker.py:flow_gapfill_batched,
R,CLAMP,CLAMP,0
L,3,868,PREDICTION,src/tracking/advanced_tracker.py:id_merge,
R,PREDICTION,PREDICTION,1
L,4,868,PREDICTION,src/tracking/advanced_tracker.py:kalman_homography,
R,PREDICTION,PREDICTION,1
A,868
S,0,871,DETECTION,src/tracking/advanced_tracker.py:_activate_slot,871_250_594_440_711
S,4,871,PREDICTION,src/tracking/advanced_tracker.py:kalman_homography,
S,1,871,PREDICTION,src/tracking/advanced_tracker.py:flow_gapfill_batched,
S,2,871,PREDICTION,src/tracking/advanced_tracker.py:flow_gapfill_batched,
S,3,871,PREDICTION,src/tracking/advanced_tracker.py:flow_gapfill_batched,
L,0,871,DETECTION,src/tracking/advanced_tracker.py:_activate_slot,871_250_594_440_711
R,CLAMP,CLAMP,0
L,1,871,PREDICTION,src/tracking/advanced_tracker.py:flow_gapfill_batched,
R,CLAMP,CLAMP,0
L,2,871,PREDICTION,src/tracking/advanced_tracker.py:flow_gapfill_batched,
R,PREDICTION,PREDICTION,1
L,3,871,PREDICTION,src/tracking/advanced_tracker.py:flow_gapfill_batched,
R,PREDICTION,PREDICTION,1
L,4,871,PREDICTION,src/tracking/advanced_tracker.py:kalman_homography,
R,PREDICTION,SUBPIXEL,0
A,871
S,0,874,DETECTION,src/tracking/advanced_tracker.py:_activate_slot,874_688_405_982_551
S,4,874,PREDICTION,src/tracking/advanced_tracker.py:kalman_homography,
S,1,874,PREDICTION,src/tracking/advanced_tracker.py:flow_gapfill_batched,
S,3,874,PREDICTION,src/tracking/advanced_tracker.py:flow_gapfill_batched,
L,0,874,DETECTION,src/tracking/advanced_tracker.py:_activate_slot,874_688_405_982_551
R,CLAMP,CLAMP,0
L,1,874,PREDICTION,src/tracking/advanced_tracker.py:flow_gapfill_batched,
R,CLAMP,CLAMP,0
L,3,874,PREDICTION,src/tracking/advanced_tracker.py:flow_gapfill_batched,
R,PREDICTION,PREDICTION,1
L,4,874,PREDICTION,src/tracking/advanced_tracker.py:kalman_homography,
R,PREDICTION,SUBPIXEL,0
A,874
S,4,877,PREDICTION,src/tracking/advanced_tracker.py:kalman_homography,
S,0,877,PREDICTION,src/tracking/advanced_tracker.py:flow_gapfill_batched,
S,3,877,PREDICTION,src/tracking/advanced_tracker.py:flow_gapfill_batched,
L,0,877,PREDICTION,src/tracking/advanced_tracker.py:flow_gapfill_batched,
R,CLAMP,CLAMP,0
L,3,877,PREDICTION,src/tracking/advanced_tracker.py:flow_gapfill_batched,
R,CLAMP,CLAMP,0
L,4,877,PREDICTION,src/tracking/advanced_tracker.py:kalman_homography,
R,PREDICTION,SUBPIXEL,0
A,877
S,4,880,PREDICTION,src/tracking/advanced_tracker.py:kalman_homography,
S,0,880,PREDICTION,src/tracking/advanced_tracker.py:flow_gapfill_batched,
S,3,880,PREDICTION,src/tracking/advanced_tracker.py:flow_gapfill_batched,
L,0,880,PREDICTION,src/tracking/advanced_tracker.py:flow_gapfill_batched,
R,CLAMP,CLAMP,0
L,3,880,PREDICTION,src/tracking/advanced_tracker.py:flow_gapfill_batched,
R,CLAMP,CLAMP,0
L,4,880,PREDICTION,src/tracking/advanced_tracker.py:kalman_homography,
R,PREDICTION,SUBPIXEL,0
A,880
S,4,883,PREDICTION,src/tracking/advanced_tracker.py:kalman_homography,
S,0,883,PREDICTION,src/tracking/advanced_tracker.py:flow_gapfill_batched,
L,0,883,PREDICTION,src/tracking/advanced_tracker.py:flow_gapfill_batched,
R,CLAMP,CLAMP,0
L,4,883,PREDICTION,src/tracking/advanced_tracker.py:kalman_homography,
R,PREDICTION,SUBPIXEL,0
A,883
S,4,886,PREDICTION,src/tracking/advanced_tracker.py:kalman_homography,
L,4,886,PREDICTION,src/tracking/advanced_tracker.py:kalman_homography,
R,PREDICTION,SUBPIXEL,0
A,886
S,0,889,PREDICTION,src/tracking/advanced_tracker.py:flow_gapfill_batched,
S,4,889,PREDICTION,src/tracking/advanced_tracker.py:flow_gapfill_batched,
L,0,889,PREDICTION,src/tracking/advanced_tracker.py:flow_gapfill_batched,
R,PREDICTION,PREDICTION,1
L,4,889,PREDICTION,src/tracking/advanced_tracker.py:flow_gapfill_batched,
R,CLAMP,CLAMP,0
A,889
S,0,892,PREDICTION,src/tracking/advanced_tracker.py:flow_gapfill_batched,
L,0,892,PREDICTION,src/tracking/advanced_tracker.py:flow_gapfill_batched,
R,PREDICTION,PREDICTION,1
A,892
