S,0,1191,DETECTION,src/tracking/advanced_tracker.py:_activate_slot,1191_272_766_474_913
S,1,1191,DETECTION,src/tracking/advanced_tracker.py:_activate_slot,1191_253_861_481_960
L,0,1191,DETECTION,src/tracking/advanced_tracker.py:_activate_slot,1191_272_766_474_913
R,DETECTION,DETECTION,1
L,1,1191,DETECTION,src/tracking/advanced_tracker.py:_activate_slot,1191_253_861_481_960
R,DETECTION,DETECTION,1
A,1191
S,0,1194,DETECTION,src/tracking/advanced_tracker.py:_activate_slot,1194_261_789_458_930
S,1,1194,DETECTION,src/tracking/advanced_tracker.py:_activate_slot,1194_240_877_472_994
L,0,1194,DETECTION,src/tracking/advanced_tracker.py:_activate_slot,1194_261_789_458_930
R,DETECTION,DETECTION,1
L,1,1194,DETECTION,src/tracking/advanced_tracker.py:_activate_slot,1194_240_877_472_994
R,DETECTION,DETECTION,1
A,1194
S,0,1197,DETECTION,src/tracking/advanced_tracker.py:_activate_slot,1197_247_811_458_976
S,1,1197,DETECTION,src/tracking/advanced_tracker.py:_activate_slot,1197_232_838_463_1015
S,5,1197,DETECTION,src/tracking/advanced_tracker.py:_activate_slot,1197_230_890_465_1020
S,6,1197,DETECTION,src/tracking/advanced_tracker.py:_activate_slot,1197_223_909_463_1039
L,0,1197,DETECTION,src/tracking/advanced_tracker.py:_activate_slot,1197_247_811_458_976
R,CLAMP,CLAMP,0
L,1,1197,DETECTION,src/tracking/advanced_tracker.py:_activate_slot,1197_232_838_463_1015
R,DETECTION,DETECTION,1
L,5,1197,DETECTION,src/tracking/advanced_tracker.py:_activate_slot,1197_230_890_465_1020
R,DETECTION,DETECTION,1
L,6,1197,DETECTION,src/tracking/advanced_tracker.py:_activate_slot,1197_223_909_463_1039
R,DETECTION,DETECTION,1
A,1197
S,0,1200,DETECTION,src/tracking/advanced_tracker.py:_activate_slot,1200_243_838_453_1006
S,1,1200,CLAMP,src/tracking/advanced_tracker.py:_activate_slot,1200_247_939_451_1041
S,5,1200,PREDICTION,src/tracking/advanced_tracker.py:kalman_homography,
S,6,1200,PREDICTION,src/tracking/advanced_tracker.py:kalman_homography,
L,0,1200,DETECTION,src/tracking/advanced_tracker.py:_activate_slot,1200_243_838_453_1006
R,CLAMP,CLAMP,0
L,1,1200,CLAMP,src/tracking/advanced_tracker.py:_activate_slot,1200_247_939_451_1041
R,CLAMP,CLAMP,0
L,5,1200,PREDICTION,src/tracking/advanced_tracker.py:kalman_homography,
R,PREDICTION,PREDICTION,1
L,6,1200,PREDICTION,src/tracking/advanced_tracker.py:kalman_homography,
R,PREDICTION,PREDICTION,1
A,1200
S,0,1203,CLAMP,src/tracking/advanced_tracker.py:_activate_slot,1203_250_906_451_1050
S,5,1203,CLAMP,src/tracking/advanced_tracker.py:_activate_slot,1203_244_844_443_982
S,6,1203,CLAMP,src/tracking/advanced_tracker.py:_activate_slot,1203_244_843_447_1032
L,0,1203,CLAMP,src/tracking/advanced_tracker.py:_activate_slot,1203_250_906_451_1050
R,CLAMP,CLAMP,0
L,5,1203,CLAMP,src/tracking/advanced_tracker.py:_activate_slot,1203_244_844_443_982
R,CLAMP,CLAMP,0
L,6,1203,CLAMP,src/tracking/advanced_tracker.py:_activate_slot,1203_244_843_447_1032
R,CLAMP,CLAMP,0
A,1203
S,5,1206,CLAMP,src/tracking/advanced_tracker.py:_activate_slot,1206_230_850_424_991
S,6,1206,PREDICTION,src/tracking/advanced_tracker.py:kalman_homography,
S,0,1206,PREDICTION,src/tracking/advanced_tracker.py:flow_gapfill_batched,
L,0,1206,PREDICTION,src/tracking/advanced_tracker.py:flow_gapfill_batched,
R,CLAMP,CLAMP,0
L,5,1206,CLAMP,src/tracking/advanced_tracker.py:_activate_slot,1206_230_850_424_991
R,CLAMP,CLAMP,0
L,6,1206,PREDICTION,src/tracking/advanced_tracker.py:kalman_homography,
R,CLAMP,CLAMP,0
A,1206
S,0,1209,CLAMP,src/tracking/advanced_tracker.py:_activate_slot,1209_226_853_424_997
S,5,1209,PREDICTION,src/tracking/advanced_tracker.py:kalman_homography,
S,6,1209,PREDICTION,src/tracking/advanced_tracker.py:kalman_homography,
L,0,1209,CLAMP,src/tracking/advanced_tracker.py:_activate_slot,1209_226_853_424_997
R,CLAMP,CLAMP,0
L,5,1209,PREDICTION,src/tracking/advanced_tracker.py:kalman_homography,
R,CLAMP,CLAMP,0
L,6,1209,PREDICTION,src/tracking/advanced_tracker.py:kalman_homography,
R,CLAMP,CLAMP,0
A,1209
S,0,1212,CLAMP,src/tracking/advanced_tracker.py:_activate_slot,1212_232_891_426_1005
S,5,1212,PREDICTION,src/tracking/advanced_tracker.py:kalman_homography,
S,6,1212,PREDICTION,src/tracking/advanced_tracker.py:kalman_homography,
S,1,1212,PREDICTION,src/tracking/advanced_tracker.py:flow_gapfill_batched,
D,1,1212
S,0,1212,PREDICTION,src/tracking/advanced_tracker.py:id_merge,
L,0,1212,PREDICTION,src/tracking/advanced_tracker.py:id_merge,
R,CLAMP,CLAMP,0
L,5,1212,PREDICTION,src/tracking/advanced_tracker.py:kalman_homography,
R,CLAMP,CLAMP,0
L,6,1212,PREDICTION,src/tracking/advanced_tracker.py:kalman_homography,
R,CLAMP,CLAMP,0
A,1212
S,0,1215,CLAMP,src/tracking/advanced_tracker.py:_activate_slot,1215_244_907_423_1036
S,5,1215,PREDICTION,src/tracking/advanced_tracker.py:kalman_homography,
S,6,1215,PREDICTION,src/tracking/advanced_tracker.py:kalman_homography,
L,0,1215,CLAMP,src/tracking/advanced_tracker.py:_activate_slot,1215_244_907_423_1036
R,CLAMP,CLAMP,0
L,5,1215,PREDICTION,src/tracking/advanced_tracker.py:kalman_homography,
R,CLAMP,CLAMP,0
L,6,1215,PREDICTION,src/tracking/advanced_tracker.py:kalman_homography,
R,CLAMP,CLAMP,0
A,1215
S,0,1218,DETECTION,src/tracking/advanced_tracker.py:_activate_slot,1218_252_918_454_1056
S,5,1218,PREDICTION,src/tracking/advanced_tracker.py:kalman_homography,
S,6,1218,PREDICTION,src/tracking/advanced_tracker.py:kalman_homography,
L,0,1218,DETECTION,src/tracking/advanced_tracker.py:_activate_slot,1218_252_918_454_1056
R,CLAMP,CLAMP,0
L,5,1218,PREDICTION,src/tracking/advanced_tracker.py:kalman_homography,
R,CLAMP,CLAMP,0
L,6,1218,PREDICTION,src/tracking/advanced_tracker.py:kalman_homography,
R,CLAMP,CLAMP,0
A,1218
S,5,1221,PREDICTION,src/tracking/advanced_tracker.py:kalman_homography,
S,6,1221,PREDICTION,src/tracking/advanced_tracker.py:kalman_homography,
L,5,1221,PREDICTION,src/tracking/advanced_tracker.py:kalman_homography,
R,CLAMP,CLAMP,0
L,6,1221,PREDICTION,src/tracking/advanced_tracker.py:kalman_homography,
R,CLAMP,CLAMP,0
A,1221
S,5,1224,PREDICTION,src/tracking/advanced_tracker.py:kalman_homography,
S,6,1224,PREDICTION,src/tracking/advanced_tracker.py:kalman_homography,
L,5,1224,PREDICTION,src/tracking/advanced_tracker.py:kalman_homography,
R,CLAMP,CLAMP,0
L,6,1224,PREDICTION,src/tracking/advanced_tracker.py:kalman_homography,
R,CLAMP,CLAMP,0
A,1224
S,0,1227,PREDICTION,src/tracking/advanced_tracker.py:flow_gapfill_batched,
S,5,1227,PREDICTION,src/tracking/advanced_tracker.py:flow_gapfill_batched,
S,6,1227,PREDICTION,src/tracking/advanced_tracker.py:flow_gapfill_batched,
L,0,1227,PREDICTION,src/tracking/advanced_tracker.py:flow_gapfill_batched,
R,CLAMP,CLAMP,0
L,5,1227,PREDICTION,src/tracking/advanced_tracker.py:flow_gapfill_batched,
R,CLAMP,CLAMP,0
L,6,1227,PREDICTION,src/tracking/advanced_tracker.py:flow_gapfill_batched,
R,PREDICTION,PREDICTION,1
A,1227
S,5,1230,PREDICTION,src/tracking/advanced_tracker.py:flow_gapfill_batched,
L,5,1230,PREDICTION,src/tracking/advanced_tracker.py:flow_gapfill_batched,
R,CLAMP,CLAMP,0
A,1230
A,1233
A,1236
A,1239
A,1242
A,1245
A,1248
A,1251
A,1254
A,1257
A,1260
A,1263
A,1266
A,1269
A,1272
A,1275
A,1278
A,1281
A,1284
A,1287
A,1290
A,1293
A,1296
A,1299
A,1302
A,1305
A,1308
A,1311
A,1314
A,1317
A,1320
A,1323
A,1326
A,1329
A,1332
A,1335
S,5,1338,DETECTION,src/tracking/advanced_tracker.py:_activate_slot,1338_170_871_373_990
S,6,1338,DETECTION,src/tracking/advanced_tracker.py:_activate_slot,1338_173_883_372_973
D,5,1338
S,6,1338,PREDICTION,src/tracking/advanced_tracker.py:id_merge,
L,6,1338,PREDICTION,src/tracking/advanced_tracker.py:id_merge,
R,CLAMP,CLAMP,0
A,1338
S,5,1341,DETECTION,src/tracking/advanced_tracker.py:_activate_slot,1341_181_916_370_991
S,6,1341,DETECTION,src/tracking/advanced_tracker.py:_activate_slot,1341_173_894_375_992
L,5,1341,DETECTION,src/tracking/advanced_tracker.py:_activate_slot,1341_181_916_370_991
R,CLAMP,CLAMP,0
L,6,1341,DETECTION,src/tracking/advanced_tracker.py:_activate_slot,1341_173_894_375_992
R,CLAMP,CLAMP,0
A,1341
S,5,1344,DETECTION,src/tracking/advanced_tracker.py:_activate_slot,1344_159_927_366_1011
S,6,1344,PREDICTION,src/tracking/advanced_tracker.py:kalman_homography,
L,5,1344,DETECTION,src/tracking/advanced_tracker.py:_activate_slot,1344_159_927_366_1011
R,CLAMP,CLAMP,0
L,6,1344,PREDICTION,src/tracking/advanced_tracker.py:kalman_homography,
R,CLAMP,CLAMP,0
A,1344
S,5,1347,CLAMP,src/tracking/advanced_tracker.py:_activate_slot,1347_166_950_375_1034
S,6,1347,CLAMP,src/tracking/advanced_tracker.py:_activate_slot,1347_176_856_376_973
L,5,1347,CLAMP,src/tracking/advanced_tracker.py:_activate_slot,1347_166_950_375_1034
R,CLAMP,CLAMP,0
L,6,1347,CLAMP,src/tracking/advanced_tracker.py:_activate_slot,1347_176_856_376_973
R,CLAMP,CLAMP,0
A,1347
S,5,1350,CLAMP,src/tracking/advanced_tracker.py:_activate_slot,1350_180_964_397_1075
S,6,1350,DETECTION,src/tracking/advanced_tracker.py:_activate_slot,1350_183_901_384_1012
L,5,1350,CLAMP,src/tracking/advanced_tracker.py:_activate_slot,1350_180_964_397_1075
R,CLAMP,CLAMP,0
L,6,1350,DETECTION,src/tracking/advanced_tracker.py:_activate_slot,1350_183_901_384_1012
R,CLAMP,CLAMP,0
A,1350
S,6,1353,CLAMP,src/tracking/advanced_tracker.py:_activate_slot,1353_183_929_387_1043
L,6,1353,CLAMP,src/tracking/advanced_tracker.py:_activate_slot,1353_183_929_387_1043
R,CLAMP,CLAMP,0
A,1353
S,6,1356,PREDICTION,src/tracking/advanced_tracker.py:kalman_homography,
L,6,1356,PREDICTION,src/tracking/advanced_tracker.py:kalman_homography,
R,CLAMP,CLAMP,0
A,1356
S,6,1359,PREDICTION,src/tracking/advanced_tracker.py:kalman_homography,
L,6,1359,PREDICTION,src/tracking/advanced_tracker.py:kalman_homography,
R,CLAMP,CLAMP,0
A,1359
S,5,1362,PREDICTION,src/tracking/advanced_tracker.py:flow_gapfill_batched,
S,6,1362,PREDICTION,src/tracking/advanced_tracker.py:flow_gapfill_batched,
L,5,1362,PREDICTION,src/tracking/advanced_tracker.py:flow_gapfill_batched,
R,CLAMP,CLAMP,0
L,6,1362,PREDICTION,src/tracking/advanced_tracker.py:flow_gapfill_batched,
R,CLAMP,CLAMP,0
A,1362
S,6,1365,PREDICTION,src/tracking/advanced_tracker.py:flow_gapfill_batched,
L,6,1365,PREDICTION,src/tracking/advanced_tracker.py:flow_gapfill_batched,
R,CLAMP,CLAMP,0
A,1365
S,5,1368,PREDICTION,src/tracking/advanced_tracker.py:flow_gapfill_batched,
S,6,1368,PREDICTION,src/tracking/advanced_tracker.py:flow_gapfill_batched,
L,5,1368,PREDICTION,src/tracking/advanced_tracker.py:flow_gapfill_batched,
R,CLAMP,CLAMP,0
L,6,1368,PREDICTION,src/tracking/advanced_tracker.py:flow_gapfill_batched,
R,CLAMP,CLAMP,0
A,1368
S,5,1371,PREDICTION,src/tracking/advanced_tracker.py:flow_gapfill_batched,
S,6,1371,PREDICTION,src/tracking/advanced_tracker.py:flow_gapfill_batched,
L,5,1371,PREDICTION,src/tracking/advanced_tracker.py:flow_gapfill_batched,
R,CLAMP,CLAMP,0
L,6,1371,PREDICTION,src/tracking/advanced_tracker.py:flow_gapfill_batched,
R,CLAMP,CLAMP,0
A,1371
S,0,1374,DETECTION,src/tracking/advanced_tracker.py:_activate_slot,1374_559_888_864_1069
S,1,1374,DETECTION,src/tracking/advanced_tracker.py:_activate_slot,1374_588_1089_885_1243
S,2,1374,DETECTION,src/tracking/advanced_tracker.py:_activate_slot,1374_403_731_676_864
S,3,1374,DETECTION,src/tracking/advanced_tracker.py:_activate_slot,1374_455_822_726_997
S,5,1374,CLAMP,src/tracking/advanced_tracker.py:_activate_slot,1374_191_1137_401_1222
S,6,1374,CLAMP,src/tracking/advanced_tracker.py:_activate_slot,1374_190_1093_405_1222
S,7,1374,DETECTION,src/tracking/advanced_tracker.py:_activate_slot,1374_831_1569_1034_1707
S,8,1374,DETECTION,src/tracking/advanced_tracker.py:_activate_slot,1374_326_1246_547_1371
S,9,1374,DETECTION,src/tracking/advanced_tracker.py:_activate_slot,1374_181_1209_348_1287
S,4,1374,DETECTION,src/tracking/advanced_tracker.py:_activate_slot,1374_348_989_511_1077
D,0,1374
S,1,1374,PREDICTION,src/tracking/advanced_tracker.py:id_merge,
D,2,1374
S,3,1374,PREDICTION,src/tracking/advanced_tracker.py:id_merge,
D,8,1374
S,9,1374,PREDICTION,src/tracking/advanced_tracker.py:id_merge,
L,1,1374,PREDICTION,src/tracking/advanced_tracker.py:id_merge,
R,CLAMP,CLAMP,0
L,3,1374,PREDICTION,src/tracking/advanced_tracker.py:id_merge,
R,PREDICTION,PREDICTION,1
L,4,1374,DETECTION,src/tracking/advanced_tracker.py:_activate_slot,1374_348_989_511_1077
R,DETECTION,DETECTION,1
L,5,1374,CLAMP,src/tracking/advanced_tracker.py:_activate_slot,1374_191_1137_401_1222
R,CLAMP,CLAMP,0
L,6,1374,CLAMP,src/tracking/advanced_tracker.py:_activate_slot,1374_190_1093_405_1222
R,CLAMP,CLAMP,0
L,7,1374,DETECTION,src/tracking/advanced_tracker.py:_activate_slot,1374_831_1569_1034_1707
R,DETECTION,DETECTION,1
L,9,1374,PREDICTION,src/tracking/advanced_tracker.py:id_merge,
R,PREDICTION,PREDICTION,1
A,1374
S,0,1377,DETECTION,src/tracking/advanced_tracker.py:_activate_slot,1377_552_912_861_1064
S,1,1377,DETECTION,src/tracking/advanced_tracker.py:_activate_slot,1377_595_1098_886_1254
S,2,1377,DETECTION,src/tracking/advanced_tracker.py:_activate_slot,1377_397_754_679_919
S,3,1377,DETECTION,src/tracking/advanced_tracker.py:_activate_slot,1377_447_849_716_1017
S,4,1377,DETECTION,src/tracking/advanced_tracker.py:_activate_slot,1377_342_978_603_1077
S,5,1377,CLAMP,src/tracking/advanced_tracker.py:_activate_slot,1377_189_1147_395_1233
S,6,1377,CLAMP,src/tracking/advanced_tracker.py:_activate_slot,1377_193_1111_402_1198
S,7,1377,DETECTION,src/tracking/advanced_tracker.py:_activate_slot,1377_832_1587_1035_1725
S,8,1377,DETECTION,src/tracking/advanced_tracker.py:_activate_slot,1377_200_648_373_734
S,9,1377,DETECTION,src/tracking/advanced_tracker.py:_activate_slot,1377_181_1221_347_1298
D,0,1377
S,1,1377,PREDICTION,src/tracking/advanced_tracker.py:id_merge,
D,2,1377
S,3,1377,PREDICTION,src/tracking/advanced_tracker.py:id_merge,
D,3,1377
S,4,1377,PREDICTION,src/tracking/advanced_tracker.py:id_merge,
L,1,1377,PREDICTION,src/tracking/advanced_tracker.py:id_merge,
R,CLAMP,CLAMP,0
L,4,1377,PREDICTION,src/tracking/advanced_tracker.py:id_merge,
R,PREDICTION,PREDICTION,1
L,5,1377,CLAMP,src/tracking/advanced_tracker.py:_activate_slot,1377_189_1147_395_1233
R,CLAMP,CLAMP,0
L,6,1377,CLAMP,src/tracking/advanced_tracker.py:_activate_slot,1377_193_1111_402_1198
R,CLAMP,CLAMP,0
L,7,1377,DETECTION,src/tracking/advanced_tracker.py:_activate_slot,1377_832_1587_1035_1725
R,DETECTION,DETECTION,1
L,8,1377,DETECTION,src/tracking/advanced_tracker.py:_activate_slot,1377_200_648_373_734
R,DETECTION,DETECTION,1
L,9,1377,DETECTION,src/tracking/advanced_tracker.py:_activate_slot,1377_181_1221_347_1298
R,DETECTION,DETECTION,1
A,1377
S,0,1380,DETECTION,src/tracking/advanced_tracker.py:_activate_slot,1380_560_931_868_1069
S,1,1380,DETECTION,src/tracking/advanced_tracker.py:_activate_slot,1380_619_1096_883_1270
S,2,1380,DETECTION,src/tracking/advanced_tracker.py:_activate_slot,1380_399_793_681_942
S,3,1380,DETECTION,src/tracking/advanced_tracker.py:_activate_slot,1380_448_47_739_206
S,4,1380,DETECTION,src/tracking/advanced_tracker.py:_activate_slot,1380_330_951_701_1089
S,5,1380,CLAMP,src/tracking/advanced_tracker.py:_activate_slot,1380_192_1155_386_1245
S,6,1380,CLAMP,src/tracking/advanced_tracker.py:_activate_slot,1380_194_1110_400_1197
S,7,1380,DETECTION,src/tracking/advanced_tracker.py:_activate_slot,1380_831_1597_1035_1747
S,8,1380,DETECTION,src/tracking/advanced_tracker.py:_activate_slot,1380_200_660_376_746
S,9,1380,DETECTION,src/tracking/advanced_tracker.py:_activate_slot,1380_181_1237_345_1317
D,0,1380
S,1,1380,PREDICTION,src/tracking/advanced_tracker.py:id_merge,
D,2,1380
S,4,1380,PREDICTION,src/tracking/advanced_tracker.py:id_merge,
L,1,1380,PREDICTION,src/tracking/advanced_tracker.py:id_merge,
R,CLAMP,CLAMP,0
L,3,1380,DETECTION,src/tracking/advanced_tracker.py:_activate_slot,1380_448_47_739_206
R,CLAMP,CLAMP,0
L,4,1380,PREDICTION,src/tracking/advanced_tracker.py:id_merge,
R,PREDICTION,PREDICTION,1
L,5,1380,CLAMP,src/tracking/advanced_tracker.py:_activate_slot,1380_192_1155_386_1245
R,CLAMP,CLAMP,0
L,6,1380,CLAMP,src/tracking/advanced_tracker.py:_activate_slot,1380_194_1110_400_1197
R,CLAMP,CLAMP,0
L,7,1380,DETECTION,src/tracking/advanced_tracker.py:_activate_slot,1380_831_1597_1035_1747
R,DETECTION,DETECTION,1
L,8,1380,DETECTION,src/tracking/advanced_tracker.py:_activate_slot,1380_200_660_376_746
R,DETECTION,DETECTION,1
L,9,1380,DETECTION,src/tracking/advanced_tracker.py:_activate_slot,1380_181_1237_345_1317
R,DETECTION,DETECTION,1
A,1380
S,0,1383,DETECTION,src/tracking/advanced_tracker.py:_activate_slot,1383_564_945_868_1062
S,1,1383,DETECTION,src/tracking/advanced_tracker.py:_activate_slot,1383_639_1125_884_1284
S,2,1383,DETECTION,src/tracking/advanced_tracker.py:_activate_slot,1383_406_824_697_978
S,3,1383,DETECTION,src/tracking/advanced_tracker.py:_activate_slot,1383_446_55_742_217
S,4,1383,DETECTION,src/tracking/advanced_tracker.py:_activate_slot,1383_324_963_696_1183
S,5,1383,CLAMP,src/tracking/advanced_tracker.py:_activate_slot,1383_191_1162_393_1261
S,6,1383,CLAMP,src/tracking/advanced_tracker.py:_activate_slot,1383_193_1112_400_1199
S,7,1383,DETECTION,src/tracking/advanced_tracker.py:_activate_slot,1383_831_1606_1035_1762
S,8,1383,DETECTION,src/tracking/advanced_tracker.py:_activate_slot,1383_200_675_379_761
S,9,1383,DETECTION,src/tracking/advanced_tracker.py:_activate_slot,1383_184_1251_343_1327
D,0,1383
S,1,1383,PREDICTION,src/tracking/advanced_tracker.py:id_merge,
D,2,1383
S,4,1383,PREDICTION,src/tracking/advanced_tracker.py:id_merge,
L,1,1383,PREDICTION,src/tracking/advanced_tracker.py:id_merge,
R,CLAMP,CLAMP,0
L,3,1383,DETECTION,src/tracking/advanced_tracker.py:_activate_slot,1383_446_55_742_217
R,CLAMP,CLAMP,0
L,4,1383,PREDICTION,src/tracking/advanced_tracker.py:id_merge,
R,PREDICTION,PREDICTION,1
L,5,1383,CLAMP,src/tracking/advanced_tracker.py:_activate_slot,1383_191_1162_393_1261
R,CLAMP,CLAMP,0
L,6,1383,CLAMP,src/tracking/advanced_tracker.py:_activate_slot,1383_193_1112_400_1199
R,CLAMP,CLAMP,0
L,7,1383,DETECTION,src/tracking/advanced_tracker.py:_activate_slot,1383_831_1606_1035_1762
R,DETECTION,DETECTION,1
L,8,1383,DETECTION,src/tracking/advanced_tracker.py:_activate_slot,1383_200_675_379_761
R,DETECTION,DETECTION,1
L,9,1383,DETECTION,src/tracking/advanced_tracker.py:_activate_slot,1383_184_1251_343_1327
R,DETECTION,DETECTION,1
A,1383
S,1,1386,DETECTION,src/tracking/advanced_tracker.py:_activate_slot,1386_637_1139_883_1290
S,2,1386,DETECTION,src/tracking/advanced_tracker.py:_activate_slot,1386_423_843_702_1014
S,3,1386,DETECTION,src/tracking/advanced_tracker.py:_activate_slot,1386_444_77_741_236
S,4,1386,DETECTION,src/tracking/advanced_tracker.py:_activate_slot,1386_318_981_712_1170
S,5,1386,CLAMP,src/tracking/advanced_tracker.py:_activate_slot,1386_194_1170_399_1275
S,6,1386,CLAMP,src/tracking/advanced_tracker.py:_activate_slot,1386_195_1097_403_1212
S,7,1386,DETECTION,src/tracking/advanced_tracker.py:_activate_slot,1386_834_1611_1035_1773
S,8,1386,DETECTION,src/tracking/advanced_tracker.py:_activate_slot,1386_255_585_458_691
S,9,1386,DETECTION,src/tracking/advanced_tracker.py:_activate_slot,1386_189_1266_344_1344
S,0,1386,PREDICTION,src/tracking/advanced_tracker.py:kalman_homography,
D,0,1386
S,1,1386,PREDICTION,src/tracking/advanced_tracker.py:id_merge,
D,1,1386
S,4,1386,PREDICTION,src/tracking/advanced_tracker.py:id_merge,
D,2,1386
S,4,1386,PREDICTION,src/tracking/advanced_tracker.py:id_merge,
L,3,1386,DETECTION,src/tracking/advanced_tracker.py:_activate_slot,1386_444_77_741_236
R,CLAMP,CLAMP,0
L,4,1386,PREDICTION,src/tracking/advanced_tracker.py:id_merge,
R,PREDICTION,PREDICTION,1
L,5,1386,CLAMP,src/tracking/advanced_tracker.py:_activate_slot,1386_194_1170_399_1275
R,CLAMP,CLAMP,0
L,6,1386,CLAMP,src/tracking/advanced_tracker.py:_activate_slot,1386_195_1097_403_1212
R,CLAMP,CLAMP,0
L,7,1386,DETECTION,src/tracking/advanced_tracker.py:_activate_slot,1386_834_1611_1035_1773
R,DETECTION,DETECTION,1
L,8,1386,DETECTION,src/tracking/advanced_tracker.py:_activate_slot,1386_255_585_458_691
R,DETECTION,DETECTION,1
L,9,1386,DETECTION,src/tracking/advanced_tracker.py:_activate_slot,1386_189_1266_344_1344
R,DETECTION,DETECTION,1
A,1386
S,0,1389,DETECTION,src/tracking/advanced_tracker.py:_activate_slot,1389_549_940_864_1060
S,1,1389,DETECTION,src/tracking/advanced_tracker.py:_activate_slot,1389_632_1123_885_1291
S,2,1389,DETECTION,src/tracking/advanced_tracker.py:_activate_slot,1389_417_864_699_1057
S,3,1389,DETECTION,src/tracking/advanced_tracker.py:_activate_slot,1389_456_92_737_245
S,4,1389,DETECTION,src/tracking/advanced_tracker.py:_activate_slot,1389_409_1021_717_1155
S,5,1389,CLAMP,src/tracking/advanced_tracker.py:_activate_slot,1389_195_1168_402_1279
S,6,1389,CLAMP,src/tracking/advanced_tracker.py:_activate_slot,1389_192_1276_353_1353
S,7,1389,DETECTION,src/tracking/advanced_tracker.py:_activate_slot,1389_836_1615_1035_1777
S,8,1389,DETECTION,src/tracking/advanced_tracker.py:_activate_slot,1389_251_593_459_692
S,9,1389,DETECTION,src/tracking/advanced_tracker.py:_activate_slot,1389_199_1096_404_1216
D,0,1389
S,1,1389,PREDICTION,src/tracking/advanced_tracker.py:id_merge,
D,1,1389
S,4,1389,PREDICTION,src/tracking/advanced_tracker.py:id_merge,
D,2,1389
S,4,1389,PREDICTION,src/tracking/advanced_tracker.py:id_merge,
L,3,1389,DETECTION,src/tracking/advanced_tracker.py:_activate_slot,1389_456_92_737_245
R,CLAMP,CLAMP,0
L,4,1389,PREDICTION,src/tracking/advanced_tracker.py:id_merge,
R,PREDICTION,PREDICTION,1
L,5,1389,CLAMP,src/tracking/advanced_tracker.py:_activate_slot,1389_195_1168_402_1279
R,CLAMP,CLAMP,0
L,6,1389,CLAMP,src/tracking/advanced_tracker.py:_activate_slot,1389_192_1276_353_1353
R,CLAMP,CLAMP,0
L,7,1389,DETECTION,src/tracking/advanced_tracker.py:_activate_slot,1389_836_1615_1035_1777
R,DETECTION,DETECTION,1
L,8,1389,DETECTION,src/tracking/advanced_tracker.py:_activate_slot,1389_251_593_459_692
R,DETECTION,DETECTION,1
L,9,1389,DETECTION,src/tracking/advanced_tracker.py:_activate_slot,1389_199_1096_404_1216
R,DETECTION,DETECTION,1
A,1389
S,0,1392,DETECTION,src/tracking/advanced_tracker.py:_activate_slot,1392_404_919_857_1072
S,1,1392,DETECTION,src/tracking/advanced_tracker.py:_activate_slot,1392_627_1143_882_1342
S,2,1392,DETECTION,src/tracking/advanced_tracker.py:_activate_slot,1392_207_702_375_786
S,3,1392,DETECTION,src/tracking/advanced_tracker.py:_activate_slot,1392_452_105_741_274
S,4,1392,DETECTION,src/tracking/advanced_tracker.py:_activate_slot,1392_426_1044_714_1179
S,5,1392,CLAMP,src/tracking/advanced_tracker.py:_activate_slot,1392_195_1170_403_1287
S,6,1392,CLAMP,src/tracking/advanced_tracker.py:_activate_slot,1392_192_1284_348_1362
S,7,1392,DETECTION,src/tracking/advanced_tracker.py:_activate_slot,1392_835_1620_1035_1776
S,8,1392,DETECTION,src/tracking/advanced_tracker.py:_activate_slot,1392_330_987_483_1083
S,9,1392,DETECTION,src/tracking/advanced_tracker.py:_activate_slot,1392_196_1107_403_1212
D,0,1392
S,4,1392,PREDICTION,src/tracking/advanced_tracker.py:id_merge,
D,1,1392
S,4,1392,PREDICTION,src/tracking/advanced_tracker.py:id_merge,
D,8,1392
S,9,1392,PREDICTION,src/tracking/advanced_tracker.py:id_merge,
L,2,1392,DETECTION,src/tracking/advanced_tracker.py:_activate_slot,1392_207_702_375_786
R,DETECTION,DETECTION,1
L,3,1392,DETECTION,src/tracking/advanced_tracker.py:_activate_slot,1392_452_105_741_274
R,CLAMP,CLAMP,0
L,4,1392,PREDICTION,src/tracking/advanced_tracker.py:id_merge,
R,PREDICTION,PREDICTION,1
L,5,1392,CLAMP,src/tracking/advanced_tracker.py:_activate_slot,1392_195_1170_403_1287
R,CLAMP,CLAMP,0
L,6,1392,CLAMP,src/tracking/advanced_tracker.py:_activate_slot,1392_192_1284_348_1362
R,CLAMP,CLAMP,0
L,7,1392,DETECTION,src/tracking/advanced_tracker.py:_activate_slot,1392_835_1620_1035_1776
R,DETECTION,DETECTION,1
L,9,1392,PREDICTION,src/tracking/advanced_tracker.py:id_merge,
R,PREDICTION,PREDICTION,1
A,1392
S,0,1395,DETECTION,src/tracking/advanced_tracker.py:_activate_slot,1395_402_922_855_1077
S,1,1395,DETECTION,src/tracking/advanced_tracker.py:_activate_slot,1395_603_1155_880_1350
S,3,1395,DETECTION,src/tracking/advanced_tracker.py:_activate_slot,1395_461_116_744_287
S,4,1395,DETECTION,src/tracking/advanced_tracker.py:_activate_slot,1395_432_1054_718_1189
S,5,1395,CLAMP,src/tracking/advanced_tracker.py:_activate_slot,1395_284_1219_510_1314
S,6,1395,CLAMP,src/tracking/advanced_tracker.py:_activate_slot,1395_192_1291_353_1369
S,7,1395,DETECTION,src/tracking/advanced_tracker.py:_activate_slot,1395_840_1620_1035_1770
S,8,1395,DETECTION,src/tracking/advanced_tracker.py:_activate_slot,1395_247_606_463_715
S,9,1395,DETECTION,src/tracking/advanced_tracker.py:_activate_slot,1395_225_63_446_162
S,2,1395,PREDICTION,src/tracking/advanced_tracker.py:kalman_homography,
D,0,1395
S,4,1395,PREDICTION,src/tracking/advanced_tracker.py:id_merge,
D,1,1395
S,4,1395,PREDICTION,src/tracking/advanced_tracker.py:id_merge,
L,2,1395,PREDICTION,src/tracking/advanced_tracker.py:kalman_homography,
R,PREDICTION,PREDICTION,1
L,3,1395,DETECTION,src/tracking/advanced_tracker.py:_activate_slot,1395_461_116_744_287
R,CLAMP,CLAMP,0
L,4,1395,PREDICTION,src/tracking/advanced_tracker.py:id_merge,
R,PREDICTION,PREDICTION,1
L,5,1395,CLAMP,src/tracking/advanced_tracker.py:_activate_slot,1395_284_1219_510_1314
R,CLAMP,CLAMP,0
L,6,1395,CLAMP,src/tracking/advanced_tracker.py:_activate_slot,1395_192_1291_353_1369
R,CLAMP,CLAMP,0
L,7,1395,DETECTION,src/tracking/advanced_tracker.py:_activate_slot,1395_840_1620_1035_1770
R,DETECTION,DETECTION,1
L,8,1395,DETECTION,src/tracking/advanced_tracker.py:_activate_slot,1395_247_606_463_715
R,DETECTION,DETECTION,1
L,9,1395,DETECTION,src/tracking/advanced_tracker.py:_activate_slot,1395_225_63_446_162
R,CLAMP,CLAMP,0
A,1395
S,0,1398,DETECTION,src/tracking/advanced_tracker.py:_activate_slot,1398_608_925_858_1045
S,1,1398,DETECTION,src/tracking/advanced_tracker.py:_activate_slot,1398_580_1150_879_1329
S,2,1398,DETECTION,src/tracking/advanced_tracker.py:_activate_slot,1398_414_976_678_1096
S,3,1398,DETECTION,src/tracking/advanced_tracker.py:_activate_slot,1398_464_129_743_299
S,4,1398,DETECTION,src/tracking/advanced_tracker.py:_activate_slot,1398_435_1066_705_1198
S,5,1398,CLAMP,src/tracking/advanced_tracker.py:_activate_slot,1398_196_1197_363_1307
S,6,1398,CLAMP,src/tracking/advanced_tracker.py:_activate_slot,1398_195_1302_360_1377
S,7,1398,DETECTION,src/tracking/advanced_tracker.py:_activate_slot,1398_844_1602_1035_1746
S,8,1398,DETECTION,src/tracking/advanced_tracker.py:_activate_slot,1398_215_704_379_806
S,9,1398,DETECTION,src/tracking/advanced_tracker.py:_activate_slot,1398_227_77_457_178
D,0,1398
S,2,1398,PREDICTION,src/tracking/advanced_tracker.py:id_merge,
D,1,1398
S,4,1398,PREDICTION,src/tracking/advanced_tracker.py:id_merge,
D,2,1398
S,4,1398,PREDICTION,src/tracking/advanced_tracker.py:id_merge,
L,3,1398,DETECTION,src/tracking/advanced_tracker.py:_activate_slot,1398_464_129_743_299
R,CLAMP,CLAMP,0
L,4,1398,PREDICTION,src/tracking/advanced_tracker.py:id_merge,
R,PREDICTION,PREDICTION,1
L,5,1398,CLAMP,src/tracking/advanced_tracker.py:_activate_slot,1398_196_1197_363_1307
R,CLAMP,CLAMP,0
L,6,1398,CLAMP,src/tracking/advanced_tracker.py:_activate_slot,1398_195_1302_360_1377
R,CLAMP,CLAMP,0
L,7,1398,DETECTION,src/tracking/advanced_tracker.py:_activate_slot,1398_844_1602_1035_1746
R,DETECTION,DETECTION,1
L,8,1398,DETECTION,src/tracking/advanced_tracker.py:_activate_slot,1398_215_704_379_806
R,DETECTION,DETECTION,1
L,9,1398,DETECTION,src/tracking/advanced_tracker.py:_activate_slot,1398_227_77_457_178
R,CLAMP,CLAMP,0
A,1398
S,0,1401,DETECTION,src/tracking/advanced_tracker.py:_activate_slot,1401_328_927_864_1092
S,1,1401,DETECTION,src/tracking/advanced_tracker.py:_activate_slot,1401_578_1128_876_1331
S,2,1401,DETECTION,src/tracking/advanced_tracker.py:_activate_slot,1401_414_993_684_1110
S,3,1401,DETECTION,src/tracking/advanced_tracker.py:_activate_slot,1401_459_138_745_306
S,4,1401,DETECTION,src/tracking/advanced_tracker.py:_activate_slot,1401_432_1075_686_1203
S,5,1401,CLAMP,src/tracking/advanced_tracker.py:_activate_slot,1401_201_1214_366_1310
S,6,1401,CLAMP,src/tracking/advanced_tracker.py:_activate_slot,1401_196_1307_356_1383
S,7,1401,DETECTION,src/tracking/advanced_tracker.py:_activate_slot,1401_194_1119_407_1206
S,8,1401,DETECTION,src/tracking/advanced_tracker.py:_activate_slot,1401_215_702_379_807
S,9,1401,DETECTION,src/tracking/advanced_tracker.py:_activate_slot,1401_229_87_450_184
D,0,1401
S,1,1401,PREDICTION,src/tracking/advanced_tracker.py:id_merge,
D,1,1401
S,4,1401,PREDICTION,src/tracking/advanced_tracker.py:id_merge,
D,2,1401
S,4,1401,PREDICTION,src/tracking/advanced_tracker.py:id_merge,
L,3,1401,DETECTION,src/tracking/advanced_tracker.py:_activate_slot,1401_459_138_745_306
R,CLAMP,CLAMP,0
L,4,1401,PREDICTION,src/tracking/advanced_tracker.py:id_merge,
R,PREDICTION,PREDICTION,1
L,5,1401,CLAMP,src/tracking/advanced_tracker.py:_activate_slot,1401_201_1214_366_1310
R,CLAMP,CLAMP,0
L,6,1401,CLAMP,src/tracking/advanced_tracker.py:_activate_slot,1401_196_1307_356_1383
R,CLAMP,CLAMP,0
L,7,1401,DETECTION,src/tracking/advanced_tracker.py:_activate_slot,1401_194_1119_407_1206
R,CLAMP,CLAMP,0
L,8,1401,DETECTION,src/tracking/advanced_tracker.py:_activate_slot,1401_215_702_379_807
R,DETECTION,DETECTION,1
L,9,1401,DETECTION,src/tracking/advanced_tracker.py:_activate_slot,1401_229_87_450_184
R,CLAMP,CLAMP,0
A,1401
S,0,1404,DETECTION,src/tracking/advanced_tracker.py:_activate_slot,1404_530_937_840_1063
S,1,1404,DETECTION,src/tracking/advanced_tracker.py:_activate_slot,1404_565_1197_873_1328
S,2,1404,DETECTION,src/tracking/advanced_tracker.py:_activate_slot,1404_448_1090_689_1186
S,3,1404,DETECTION,src/tracking/advanced_tracker.py:_activate_slot,1404_455_150_741_318
S,4,1404,DETECTION,src/tracking/advanced_tracker.py:_activate_slot,1404_425_1092_694_1221
S,5,1404,CLAMP,src/tracking/advanced_tracker.py:_activate_slot,1404_202_1230_390_1323
S,6,1404,CLAMP,src/tracking/advanced_tracker.py:_activate_slot,1404_199_1319_355_1397
S,7,1404,DETECTION,src/tracking/advanced_tracker.py:_activate_slot,1404_199_1111_410_1207
S,8,1404,DETECTION,src/tracking/advanced_tracker.py:_activate_slot,1404_218_710_381_821
S,9,1404,DETECTION,src/tracking/advanced_tracker.py:_activate_slot,1404_236_100_455_209
D,0,1404
S,2,1404,PREDICTION,src/tracking/advanced_tracker.py:id_merge,
D,1,1404
S,2,1404,PREDICTION,src/tracking/advanced_tracker.py:id_merge,
D,2,1404
S,4,1404,PREDICTION,src/tracking/advanced_tracker.py:id_merge,
L,3,1404,DETECTION,src/tracking/advanced_tracker.py:_activate_slot,1404_455_150_741_318
R,CLAMP,CLAMP,0
L,4,1404,PREDICTION,src/tracking/advanced_tracker.py:id_merge,
R,PREDICTION,PREDICTION,1
L,5,1404,CLAMP,src/tracking/advanced_tracker.py:_activate_slot,1404_202_1230_390_1323
R,CLAMP,CLAMP,0
L,6,1404,CLAMP,src/tracking/advanced_tracker.py:_activate_slot,1404_199_1319_355_1397
R,CLAMP,CLAMP,0
L,7,1404,DETECTION,src/tracking/advanced_tracker.py:_activate_slot,1404_199_1111_410_1207
R,CLAMP,CLAMP,0
L,8,1404,DETECTION,src/tracking/advanced_tracker.py:_activate_slot,1404_218_710_381_821
R,DETECTION,DETECTION,1
L,9,1404,DETECTION,src/tracking/advanced_tracker.py:_activate_slot,1404_236_100_455_209
R,CLAMP,CLAMP,0
A,1404
S,0,1407,DETECTION,src/tracking/advanced_tracker.py:_activate_slot,1407_540_939_810_1068
S,1,1407,DETECTION,src/tracking/advanced_tracker.py:_activate_slot,1407_543_1212_827_1347
S,2,1407,DETECTION,src/tracking/advanced_tracker.py:_activate_slot,1407_410_1000_663_1128
S,3,1407,DETECTION,src/tracking/advanced_tracker.py:_activate_slot,1407_457_156_741_323
S,4,1407,DETECTION,src/tracking/advanced_tracker.py:_activate_slot,1407_431_1096_687_1234
S,5,1407,CLAMP,src/tracking/advanced_tracker.py:_activate_slot,1407_199_1236_404_1329
S,6,1407,CLAMP,src/tracking/advanced_tracker.py:_activate_slot,1407_198_1326_362_1404
S,7,1407,DETECTION,src/tracking/advanced_tracker.py:_activate_slot,1407_199_1114_407_1213
S,8,1407,DETECTION,src/tracking/advanced_tracker.py:_activate_slot,1407_221_720_381_814
S,9,1407,DETECTION,src/tracking/advanced_tracker.py:_activate_slot,1407_235_108_458_212
D,0,1407
S,2,1407,PREDICTION,src/tracking/advanced_tracker.py:id_merge,
D,1,1407
S,4,1407,PREDICTION,src/tracking/advanced_tracker.py:id_merge,
D,2,1407
S,4,1407,PREDICTION,src/tracking/advanced_tracker.py:id_merge,
L,3,1407,DETECTION,src/tracking/advanced_tracker.py:_activate_slot,1407_457_156_741_323
R,CLAMP,CLAMP,0
L,4,1407,PREDICTION,src/tracking/advanced_tracker.py:id_merge,
R,PREDICTION,PREDICTION,1
L,5,1407,CLAMP,src/tracking/advanced_tracker.py:_activate_slot,1407_199_1236_404_1329
R,CLAMP,CLAMP,0
L,6,1407,CLAMP,src/tracking/advanced_tracker.py:_activate_slot,1407_198_1326_362_1404
R,CLAMP,CLAMP,0
L,7,1407,DETECTION,src/tracking/advanced_tracker.py:_activate_slot,1407_199_1114_407_1213
R,CLAMP,CLAMP,0
L,8,1407,DETECTION,src/tracking/advanced_tracker.py:_activate_slot,1407_221_720_381_814
R,DETECTION,DETECTION,1
L,9,1407,DETECTION,src/tracking/advanced_tracker.py:_activate_slot,1407_235_108_458_212
R,CLAMP,CLAMP,0
A,1407
S,0,1410,DETECTION,src/tracking/advanced_tracker.py:_activate_slot,1410_412_957_793_1117
S,1,1410,DETECTION,src/tracking/advanced_tracker.py:_activate_slot,1410_526_1221_826_1347
S,2,1410,DETECTION,src/tracking/advanced_tracker.py:_activate_slot,1410_407_1023_652_1142
S,3,1410,DETECTION,src/tracking/advanced_tracker.py:_activate_slot,1410_448_166_738_335
S,4,1410,DETECTION,src/tracking/advanced_tracker.py:_activate_slot,1410_423_1101_704_1270
S,5,1410,CLAMP,src/tracking/advanced_tracker.py:_activate_slot,1410_201_1243_405_1339
S,6,1410,CLAMP,src/tracking/advanced_tracker.py:_activate_slot,1410_197_1337_354_1415
S,7,1410,DETECTION,src/tracking/advanced_tracker.py:_activate_slot,1410_197_1118_405_1209
S,8,1410,DETECTION,src/tracking/advanced_tracker.py:_activate_slot,1410_221_725_376_824
S,9,1410,DETECTION,src/tracking/advanced_tracker.py:_activate_slot,1410_241_121_447_226
D,0,1410
S,2,1410,PREDICTION,src/tracking/advanced_tracker.py:id_merge,
D,1,1410
S,4,1410,PREDICTION,src/tracking/advanced_tracker.py:id_merge,
D,2,1410
S,4,1410,PREDICTION,src/tracking/advanced_tracker.py:id_merge,
L,3,1410,DETECTION,src/tracking/advanced_tracker.py:_activate_slot,1410_448_166_738_335
R,CLAMP,CLAMP,0
L,4,1410,PREDICTION,src/tracking/advanced_tracker.py:id_merge,
R,PREDICTION,PREDICTION,1
L,5,1410,CLAMP,src/tracking/advanced_tracker.py:_activate_slot,1410_201_1243_405_1339
R,CLAMP,CLAMP,0
L,6,1410,CLAMP,src/tracking/advanced_tracker.py:_activate_slot,1410_197_1337_354_1415
R,CLAMP,CLAMP,0
L,7,1410,DETECTION,src/tracking/advanced_tracker.py:_activate_slot,1410_197_1118_405_1209
R,CLAMP,CLAMP,0
L,8,1410,DETECTION,src/tracking/advanced_tracker.py:_activate_slot,1410_221_725_376_824
R,DETECTION,DETECTION,1
L,9,1410,DETECTION,src/tracking/advanced_tracker.py:_activate_slot,1410_241_121_447_226
R,CLAMP,CLAMP,0
A,1410
S,1,1413,DETECTION,src/tracking/advanced_tracker.py:_activate_slot,1413_503_1234_822_1354
S,3,1413,DETECTION,src/tracking/advanced_tracker.py:_activate_slot,1413_447_171_738_342
S,4,1413,DETECTION,src/tracking/advanced_tracker.py:_activate_slot,1413_424_1103_679_1260
S,5,1413,CLAMP,src/tracking/advanced_tracker.py:_activate_slot,1413_203_1248_394_1341
S,6,1413,CLAMP,src/tracking/advanced_tracker.py:_activate_slot,1413_199_1341_358_1419
S,7,1413,DETECTION,src/tracking/advanced_tracker.py:_activate_slot,1413_196_1119_398_1209
S,8,1413,DETECTION,src/tracking/advanced_tracker.py:_activate_slot,1413_220_726_376_825
S,9,1413,DETECTION,src/tracking/advanced_tracker.py:_activate_slot,1413_246_128_453_233
S,0,1413,PREDICTION,src/tracking/advanced_tracker.py:kalman_homography,
S,2,1413,PREDICTION,src/tracking/advanced_tracker.py:kalman_homography,
D,0,1413
S,2,1413,PREDICTION,src/tracking/advanced_tracker.py:id_merge,
D,1,1413
S,4,1413,PREDICTION,src/tracking/advanced_tracker.py:id_merge,
D,2,1413
S,4,1413,PREDICTION,src/tracking/advanced_tracker.py:id_merge,
L,3,1413,DETECTION,src/tracking/advanced_tracker.py:_activate_slot,1413_447_171_738_342
R,CLAMP,CLAMP,0
L,4,1413,PREDICTION,src/tracking/advanced_tracker.py:id_merge,
R,PREDICTION,PREDICTION,1
L,5,1413,CLAMP,src/tracking/advanced_tracker.py:_activate_slot,1413_203_1248_394_1341
R,CLAMP,CLAMP,0
L,6,1413,CLAMP,src/tracking/advanced_tracker.py:_activate_slot,1413_199_1341_358_1419
R,CLAMP,CLAMP,0
L,7,1413,DETECTION,src/tracking/advanced_tracker.py:_activate_slot,1413_196_1119_398_1209
R,CLAMP,CLAMP,0
L,8,1413,DETECTION,src/tracking/advanced_tracker.py:_activate_slot,1413_220_726_376_825
R,DETECTION,DETECTION,1
L,9,1413,DETECTION,src/tracking/advanced_tracker.py:_activate_slot,1413_246_128_453_233
R,CLAMP,CLAMP,0
A,1413
S,0,1416,DETECTION,src/tracking/advanced_tracker.py:_activate_slot,1416_409_952_756_1126
S,1,1416,DETECTION,src/tracking/advanced_tracker.py:_activate_slot,1416_483_1245_761_1364
S,2,1416,DETECTION,src/tracking/advanced_tracker.py:_activate_slot,1416_426_1113_689_1213
S,3,1416,DETECTION,src/tracking/advanced_tracker.py:_activate_slot,1416_443_179_736_351
S,4,1416,DETECTION,src/tracking/advanced_tracker.py:_activate_slot,1416_427_1113_694_1242
S,5,1416,CLAMP,src/tracking/advanced_tracker.py:_activate_slot,1416_200_1246_402_1351
S,6,1416,CLAMP,src/tracking/advanced_tracker.py:_activate_slot,1416_198_1348_357_1426
S,8,1416,DETECTION,src/tracking/advanced_tracker.py:_activate_slot,1416_222_681_453_838
S,9,1416,CLAMP,src/tracking/advanced_tracker.py:_activate_slot,1416_820_1509_1030_1614
S,7,1416,PREDICTION,src/tracking/advanced_tracker.py:kalman_homography,
D,0,1416
S,2,1416,PREDICTION,src/tracking/advanced_tracker.py:id_merge,
D,1,1416
S,2,1416,PREDICTION,src/tracking/advanced_tracker.py:id_merge,
D,2,1416
S,4,1416,PREDICTION,src/tracking/advanced_tracker.py:id_merge,
L,3,1416,DETECTION,src/tracking/advanced_tracker.py:_activate_slot,1416_443_179_736_351
R,CLAMP,CLAMP,0
L,4,1416,PREDICTION,src/tracking/advanced_tracker.py:id_merge,
R,PREDICTION,PREDICTION,1
L,5,1416,CLAMP,src/tracking/advanced_tracker.py:_activate_slot,1416_200_1246_402_1351
R,CLAMP,CLAMP,0
L,6,1416,CLAMP,src/tracking/advanced_tracker.py:_activate_slot,1416_198_1348_357_1426
R,CLAMP,CLAMP,0
L,7,1416,PREDICTION,src/tracking/advanced_tracker.py:kalman_homography,
R,CLAMP,CLAMP,0
L,8,1416,DETECTION,src/tracking/advanced_tracker.py:_activate_slot,1416_222_681_453_838
R,DETECTION,DETECTION,1
L,9,1416,CLAMP,src/tracking/advanced_tracker.py:_activate_slot,1416_820_1509_1030_1614
R,CLAMP,CLAMP,0
A,1416
S,0,1419,DETECTION,src/tracking/advanced_tracker.py:_activate_slot,1419_408_948_682_1077
S,1,1419,DETECTION,src/tracking/advanced_tracker.py:_activate_slot,1419_479_1246_744_1372
S,2,1419,DETECTION,src/tracking/advanced_tracker.py:_activate_slot,1419_426_1116_702_1224
S,3,1419,DETECTION,src/tracking/advanced_tracker.py:_activate_slot,1419_450_186_739_352
S,4,1419,DETECTION,src/tracking/advanced_tracker.py:_activate_slot,1419_457_1002_751_1135
S,5,1419,CLAMP,src/tracking/advanced_tracker.py:_activate_slot,1419_202_1253_405_1355
S,6,1419,CLAMP,src/tracking/advanced_tracker.py:_activate_slot,1419_197_1354_365_1432
S,8,1419,DETECTION,src/tracking/advanced_tracker.py:_activate_slot,1419_217_678_455_838
S,9,1419,DETECTION,src/tracking/advanced_tracker.py:_activate_slot,1419_280_1144_501_1243
S,7,1419,PREDICTION,src/tracking/advanced_tracker.py:kalman_homography,
D,0,1419
S,2,1419,PREDICTION,src/tracking/advanced_tracker.py:id_merge,
D,1,1419
S,2,1419,PREDICTION,src/tracking/advanced_tracker.py:id_merge,
D,2,1419
S,4,1419,PREDICTION,src/tracking/advanced_tracker.py:id_merge,
D,7,1419
S,9,1419,PREDICTION,src/tracking/advanced_tracker.py:id_merge,
L,3,1419,DETECTION,src/tracking/advanced_tracker.py:_activate_slot,1419_450_186_739_352
R,CLAMP,CLAMP,0
L,4,1419,PREDICTION,src/tracking/advanced_tracker.py:id_merge,
R,PREDICTION,PREDICTION,1
L,5,1419,CLAMP,src/tracking/advanced_tracker.py:_activate_slot,1419_202_1253_405_1355
R,CLAMP,CLAMP,0
L,6,1419,CLAMP,src/tracking/advanced_tracker.py:_activate_slot,1419_197_1354_365_1432
R,CLAMP,CLAMP,0
L,8,1419,DETECTION,src/tracking/advanced_tracker.py:_activate_slot,1419_217_678_455_838
R,DETECTION,DETECTION,1
L,9,1419,PREDICTION,src/tracking/advanced_tracker.py:id_merge,
R,PREDICTION,PREDICTION,1
A,1419
S,0,1422,DETECTION,src/tracking/advanced_tracker.py:_activate_slot,1422_390_943_658_1063
S,1,1422,DETECTION,src/tracking/advanced_tracker.py:_activate_slot,1422_456_1255_723_1363
S,2,1422,DETECTION,src/tracking/advanced_tracker.py:_activate_slot,1422_437_1127_705_1223
S,3,1422,DETECTION,src/tracking/advanced_tracker.py:_activate_slot,1422_446_192_736_361
S,5,1422,CLAMP,src/tracking/advanced_tracker.py:_activate_slot,1422_202_1261_405_1363
S,6,1422,CLAMP,src/tracking/advanced_tracker.py:_activate_slot,1422_197_1362_363_1440
S,8,1422,DETECTION,src/tracking/advanced_tracker.py:_activate_slot,1422_219_689_453_842
S,9,1422,DETECTION,src/tracking/advanced_tracker.py:_activate_slot,1422_453_1003_714_1141
S,4,1422,PREDICTION,src/tracking/advanced_tracker.py:kalman_homography,
S,7,1422,PREDICTION,src/tracking/advanced_tracker.py:kalman_homography,
D,0,1422
S,2,1422,PREDICTION,src/tracking/advanced_tracker.py:id_merge,
D,1,1422
S,2,1422,PREDICTION,src/tracking/advanced_tracker.py:id_merge,
D,4,1422
S,2,1422,PREDICTION,src/tracking/advanced_tracker.py:id_merge,
L,2,1422,PREDICTION,src/tracking/advanced_tracker.py:id_merge,
R,PREDICTION,PREDICTION,1
L,3,1422,DETECTION,src/tracking/advanced_tracker.py:_activate_slot,1422_446_192_736_361
R,CLAMP,CLAMP,0
L,5,1422,CLAMP,src/tracking/advanced_tracker.py:_activate_slot,1422_202_1261_405_1363
R,CLAMP,CLAMP,0
L,6,1422,CLAMP,src/tracking/advanced_tracker.py:_activate_slot,1422_197_1362_363_1440
R,CLAMP,CLAMP,0
L,7,1422,PREDICTION,src/tracking/advanced_tracker.py:kalman_homography,
R,CLAMP,CLAMP,0
L,8,1422,DETECTION,src/tracking/advanced_tracker.py:_activate_slot,1422_219_689_453_842
R,DETECTION,DETECTION,1
L,9,1422,DETECTION,src/tracking/advanced_tracker.py:_activate_slot,1422_453_1003_714_1141
R,DETECTION,DETECTION,1
A,1422
S,0,1425,DETECTION,src/tracking/advanced_tracker.py:_activate_slot,1425_392_940_650_1072
S,1,1425,DETECTION,src/tracking/advanced_tracker.py:_activate_slot,1425_440_1248_703_1374
S,2,1425,DETECTION,src/tracking/advanced_tracker.py:_activate_slot,1425_414_1129_711_1222
S,3,1425,DETECTION,src/tracking/advanced_tracker.py:_activate_slot,1425_446_199_735_365
S,4,1425,DETECTION,src/tracking/advanced_tracker.py:_activate_slot,1425_441_1030_689_1141
S,5,1425,CLAMP,src/tracking/advanced_tracker.py:_activate_slot,1425_200_1266_405_1368
S,6,1425,CLAMP,src/tracking/advanced_tracker.py:_activate_slot,1425_199_1365_360_1442
S,8,1425,DETECTION,src/tracking/advanced_tracker.py:_activate_slot,1425_223_694_452_846
S,7,1425,PREDICTION,src/tracking/advanced_tracker.py:kalman_homography,
S,9,1425,PREDICTION,src/tracking/advanced_tracker.py:kalman_homography,
D,0,1425
S,2,1425,PREDICTION,src/tracking/advanced_tracker.py:id_merge,
D,1,1425
S,2,1425,PREDICTION,src/tracking/advanced_tracker.py:id_merge,
D,2,1425
S,4,1425,PREDICTION,src/tracking/advanced_tracker.py:id_merge,
L,3,1425,DETECTION,src/tracking/advanced_tracker.py:_activate_slot,1425_446_199_735_365
R,CLAMP,CLAMP,0
L,4,1425,PREDICTION,src/tracking/advanced_tracker.py:id_merge,
R,PREDICTION,PREDICTION,1
L,6,1425,CLAMP,src/tracking/advanced_tracker.py:_activate_slot,1425_199_1365_360_1442
R,CLAMP,CLAMP,0
L,7,1425,PREDICTION,src/tracking/advanced_tracker.py:kalman_homography,
R,CLAMP,CLAMP,0
L,8,1425,DETECTION,src/tracking/advanced_tracker.py:_activate_slot,1425_223_694_452_846
R,DETECTION,DETECTION,1
L,9,1425,PREDICTION,src/tracking/advanced_tracker.py:kalman_homography,
R,PREDICTION,PREDICTION,1
A,1425
S,0,1428,DETECTION,src/tracking/advanced_tracker.py:_activate_slot,1428_394_906_633_1074
S,1,1428,DETECTION,src/tracking/advanced_tracker.py:_activate_slot,1428_429_1234_686_1374
S,2,1428,DETECTION,src/tracking/advanced_tracker.py:_activate_slot,1428_431_1132_710_1240
S,3,1428,DETECTION,src/tracking/advanced_tracker.py:_activate_slot,1428_446_202_735_371
S,4,1428,DETECTION,src/tracking/advanced_tracker.py:_activate_slot,1428_414_1038_678_1158
S,5,1428,DETECTION,src/tracking/advanced_tracker.py:_activate_slot,1428_279_923_469_1041
S,6,1428,CLAMP,src/tracking/advanced_tracker.py:_activate_slot,1428_195_1372_354_1450
S,8,1428,DETECTION,src/tracking/advanced_tracker.py:_activate_slot,1428_226_714_445_850
S,9,1428,DETECTION,src/tracking/advanced_tracker.py:_activate_slot,1428_198_1266_404_1376
S,7,1428,PREDICTION,src/tracking/advanced_tracker.py:kalman_homography,
D,0,1428
S,2,1428,PREDICTION,src/tracking/advanced_tracker.py:id_merge,
D,1,1428
S,2,1428,PREDICTION,src/tracking/advanced_tracker.py:id_merge,
D,2,1428
S,4,1428,PREDICTION,src/tracking/advanced_tracker.py:id_merge,
D,7,1428
S,5,1428,PREDICTION,src/tracking/advanced_tracker.py:id_merge,
D,5,1428
S,8,1428,PREDICTION,src/tracking/advanced_tracker.py:id_merge,
L,3,1428,DETECTION,src/tracking/advanced_tracker.py:_activate_slot,1428_446_202_735_371
R,CLAMP,CLAMP,0
L,4,1428,PREDICTION,src/tracking/advanced_tracker.py:id_merge,
R,PREDICTION,PREDICTION,1
L,8,1428,PREDICTION,src/tracking/advanced_tracker.py:id_merge,
R,PREDICTION,PREDICTION,1
L,9,1428,DETECTION,src/tracking/advanced_tracker.py:_activate_slot,1428_198_1266_404_1376
R,DETECTION,DETECTION,1
A,1428
S,0,1431,DETECTION,src/tracking/advanced_tracker.py:_activate_slot,1431_402_897_657_1095
S,1,1431,DETECTION,src/tracking/advanced_tracker.py:_activate_slot,1431_420_1227_680_1371
S,2,1431,DETECTION,src/tracking/advanced_tracker.py:_activate_slot,1431_434_1134_713_1245
S,3,1431,DETECTION,src/tracking/advanced_tracker.py:_activate_slot,1431_445_212_733_373
S,4,1431,DETECTION,src/tracking/advanced_tracker.py:_activate_slot,1431_408_1045_656_1180
S,6,1431,DETECTION,src/tracking/advanced_tracker.py:_activate_slot,1431_195_1378_361_1458
S,7,1431,DETECTION,src/tracking/advanced_tracker.py:_activate_slot,1431_199_1270_402_1384
S,8,1431,DETECTION,src/tracking/advanced_tracker.py:_activate_slot,1431_220_727_438_859
S,9,1431,DETECTION,src/tracking/advanced_tracker.py:_activate_slot,1431_259_1143_465_1227
S,5,1431,DETECTION,src/tracking/advanced_tracker.py:_activate_slot,1431_287_925_492_1033
D,0,1431
S,2,1431,PREDICTION,src/tracking/advanced_tracker.py:id_merge,
D,1,1431
S,2,1431,PREDICTION,src/tracking/advanced_tracker.py:id_merge,
D,2,1431
S,4,1431,PREDICTION,src/tracking/advanced_tracker.py:id_merge,
D,5,1431
S,8,1431,PREDICTION,src/tracking/advanced_tracker.py:id_merge,
D,6,1431
S,7,1431,PREDICTION,src/tracking/advanced_tracker.py:id_merge,
D,7,1431
S,9,1431,PREDICTION,src/tracking/advanced_tracker.py:id_merge,
L,3,1431,DETECTION,src/tracking/advanced_tracker.py:_activate_slot,1431_445_212_733_373
R,CLAMP,CLAMP,0
L,4,1431,PREDICTION,src/tracking/advanced_tracker.py:id_merge,
R,PREDICTION,PREDICTION,1
L,8,1431,PREDICTION,src/tracking/advanced_tracker.py:id_merge,
R,PREDICTION,PREDICTION,1
L,9,1431,PREDICTION,src/tracking/advanced_tracker.py:id_merge,
R,PREDICTION,PREDICTION,1
A,1431
S,0,1434,DETECTION,src/tracking/advanced_tracker.py:_activate_slot,1434_396_906_652_1057
S,1,1434,DETECTION,src/tracking/advanced_tracker.py:_activate_slot,1434_397_1192_661_1344
S,2,1434,DETECTION,src/tracking/advanced_tracker.py:_activate_slot,1434_431_1131_699_1239
S,3,1434,DETECTION,src/tracking/advanced_tracker.py:_activate_slot,1434_451_214_733_381
S,4,1434,DETECTION,src/tracking/advanced_tracker.py:_activate_slot,1434_414_1055_618_1190
S,5,1434,DETECTION,src/tracking/advanced_tracker.py:_activate_slot,1434_193_1389_358_1469
S,7,1434,DETECTION,src/tracking/advanced_tracker.py:_activate_slot,1434_195_1293_402_1398
S,8,1434,DETECTION,src/tracking/advanced_tracker.py:_activate_slot,1434_215_727_433_865
S,9,1434,DETECTION,src/tracking/advanced_tracker.py:_activate_slot,1434_187_1171_397_1267
S,6,1434,PREDICTION,src/tracking/advanced_tracker.py:kalman_homography,
D,0,1434
S,2,1434,PREDICTION,src/tracking/advanced_tracker.py:id_merge,
D,1,1434
S,2,1434,PREDICTION,src/tracking/advanced_tracker.py:id_merge,
D,2,1434
S,4,1434,PREDICTION,src/tracking/advanced_tracker.py:id_merge,
D,6,1434
S,5,1434,PREDICTION,src/tracking/advanced_tracker.py:id_merge,
D,5,1434
S,7,1434,PREDICTION,src/tracking/advanced_tracker.py:id_merge,
D,7,1434
S,9,1434,PREDICTION,src/tracking/advanced_tracker.py:id_merge,
L,3,1434,DETECTION,src/tracking/advanced_tracker.py:_activate_slot,1434_451_214_733_381
R,CLAMP,CLAMP,0
L,4,1434,PREDICTION,src/tracking/advanced_tracker.py:id_merge,
R,PREDICTION,PREDICTION,1
L,8,1434,DETECTION,src/tracking/advanced_tracker.py:_activate_slot,1434_215_727_433_865
R,DETECTION,DETECTION,1
L,9,1434,PREDICTION,src/tracking/advanced_tracker.py:id_merge,
R,PREDICTION,PREDICTION,1
A,1434
S,0,1437,DETECTION,src/tracking/advanced_tracker.py:_activate_slot,1437_393_903_651_1031
S,1,1437,DETECTION,src/tracking/advanced_tracker.py:_activate_slot,1437_392_1202_635_1316
S,2,1437,DETECTION,src/tracking/advanced_tracker.py:_activate_slot,1437_417_1119_709_1239
S,3,1437,DETECTION,src/tracking/advanced_tracker.py:_activate_slot,1437_450_218_735_384
S,4,1437,DETECTION,src/tracking/advanced_tracker.py:_activate_slot,1437_413_1086_585_1197
S,5,1437,DETECTION,src/tracking/advanced_tracker.py:_activate_slot,1437_297_934_456_1024
S,6,1437,DETECTION,src/tracking/advanced_tracker.py:_activate_slot,1437_194_1397_357_1473
S,7,1437,DETECTION,src/tracking/advanced_tracker.py:_activate_slot,1437_193_1287_403_1407
S,8,1437,DETECTION,src/tracking/advanced_tracker.py:_activate_slot,1437_216_735_438_870
S,9,1437,DETECTION,src/tracking/advanced_tracker.py:_activate_slot,1437_186_1180_400_1275
D,0,1437
S,2,1437,PREDICTION,src/tracking/advanced_tracker.py:id_merge,
D,1,1437
S,2,1437,PREDICTION,src/tracking/advanced_tracker.py:id_merge,
D,2,1437
S,4,1437,PREDICTION,src/tracking/advanced_tracker.py:id_merge,
D,5,1437
S,8,1437,PREDICTION,src/tracking/advanced_tracker.py:id_merge,
D,6,1437
S,7,1437,PREDICTION,src/tracking/advanced_tracker.py:id_merge,
D,7,1437
S,9,1437,PREDICTION,src/tracking/advanced_tracker.py:id_merge,
L,3,1437,DETECTION,src/tracking/advanced_tracker.py:_activate_slot,1437_450_218_735_384
R,CLAMP,CLAMP,0
L,4,1437,PREDICTION,src/tracking/advanced_tracker.py:id_merge,
R,PREDICTION,PREDICTION,1
L,8,1437,PREDICTION,src/tracking/advanced_tracker.py:id_merge,
R,PREDICTION,PREDICTION,1
L,9,1437,PREDICTION,src/tracking/advanced_tracker.py:id_merge,
R,PREDICTION,PREDICTION,1
A,1437
S,0,1440,DETECTION,src/tracking/advanced_tracker.py:_activate_slot,1440_389_889_669_1047
S,1,1440,DETECTION,src/tracking/advanced_tracker.py:_activate_slot,1440_374_1191_628_1308
S,2,1440,DETECTION,src/tracking/advanced_tracker.py:_activate_slot,1440_397_1101_712_1260
S,3,1440,DETECTION,src/tracking/advanced_tracker.py:_activate_slot,1440_455_213_732_389
S,4,1440,DETECTION,src/tracking/advanced_tracker.py:_activate_slot,1440_780_1361_888_1467
S,5,1440,DETECTION,src/tracking/advanced_tracker.py:_activate_slot,1440_253_1153_444_1243
S,6,1440,DETECTION,src/tracking/advanced_tracker.py:_activate_slot,1440_190_1404_357_1484
S,7,1440,DETECTION,src/tracking/advanced_tracker.py:_activate_slot,1440_191_1297_405_1414
S,8,1440,DETECTION,src/tracking/advanced_tracker.py:_activate_slot,1440_211_726_434_874
S,9,1440,DETECTION,src/tracking/advanced_tracker.py:_activate_slot,1440_183_1186_401_1285
D,0,1440
S,2,1440,PREDICTION,src/tracking/advanced_tracker.py:id_merge,
D,1,1440
S,2,1440,PREDICTION,src/tracking/advanced_tracker.py:id_merge,
D,5,1440
S,6,1440,PREDICTION,src/tracking/advanced_tracker.py:id_merge,
D,6,1440
S,7,1440,PREDICTION,src/tracking/advanced_tracker.py:id_merge,
D,7,1440
S,9,1440,PREDICTION,src/tracking/advanced_tracker.py:id_merge,
L,2,1440,PREDICTION,src/tracking/advanced_tracker.py:id_merge,
R,PREDICTION,PREDICTION,1
L,3,1440,DETECTION,src/tracking/advanced_tracker.py:_activate_slot,1440_455_213_732_389
R,CLAMP,CLAMP,0
L,4,1440,DETECTION,src/tracking/advanced_tracker.py:_activate_slot,1440_780_1361_888_1467
R,DETECTION,DETECTION,1
L,8,1440,DETECTION,src/tracking/advanced_tracker.py:_activate_slot,1440_211_726_434_874
R,DETECTION,DETECTION,1
L,9,1440,PREDICTION,src/tracking/advanced_tracker.py:id_merge,
R,PREDICTION,PREDICTION,1
A,1440
S,0,1443,DETECTION,src/tracking/advanced_tracker.py:_activate_slot,1443_408_894_666_1042
S,1,1443,DETECTION,src/tracking/advanced_tracker.py:_activate_slot,1443_358_1169_628_1311
S,2,1443,DETECTION,src/tracking/advanced_tracker.py:_activate_slot,1443_444_1104_713_1260
S,3,1443,DETECTION,src/tracking/advanced_tracker.py:_activate_slot,1443_457_214_732_390
S,4,1443,DETECTION,src/tracking/advanced_tracker.py:_activate_slot,1443_775_1337_889_1454
S,6,1443,DETECTION,src/tracking/advanced_tracker.py:_activate_slot,1443_185_1408_356_1489
S,7,1443,DETECTION,src/tracking/advanced_tracker.py:_activate_slot,1443_189_1311_399_1413
S,8,1443,DETECTION,src/tracking/advanced_tracker.py:_activate_slot,1443_209_726_435_882
S,9,1443,DETECTION,src/tracking/advanced_tracker.py:_activate_slot,1443_184_1195_402_1288
S,5,1443,PREDICTION,src/tracking/advanced_tracker.py:kalman_homography,
D,0,1443
S,2,1443,PREDICTION,src/tracking/advanced_tracker.py:id_merge,
D,1,1443
S,2,1443,PREDICTION,src/tracking/advanced_tracker.py:id_merge,
D,5,1443
S,6,1443,PREDICTION,src/tracking/advanced_tracker.py:id_merge,
D,6,1443
S,7,1443,PREDICTION,src/tracking/advanced_tracker.py:id_merge,
D,7,1443
S,9,1443,PREDICTION,src/tracking/advanced_tracker.py:id_merge,
L,2,1443,PREDICTION,src/tracking/advanced_tracker.py:id_merge,
R,PREDICTION,PREDICTION,1
L,3,1443,DETECTION,src/tracking/advanced_tracker.py:_activate_slot,1443_457_214_732_390
R,CLAMP,CLAMP,0
L,4,1443,DETECTION,src/tracking/advanced_tracker.py:_activate_slot,1443_775_1337_889_1454
R,DETECTION,DETECTION,1
L,8,1443,DETECTION,src/tracking/advanced_tracker.py:_activate_slot,1443_209_726_435_882
R,DETECTION,DETECTION,1
L,9,1443,PREDICTION,src/tracking/advanced_tracker.py:id_merge,
R,PREDICTION,PREDICTION,1
A,1443
S,0,1446,DETECTION,src/tracking/advanced_tracker.py:_activate_slot,1446_407_897_669_1062
S,1,1446,DETECTION,src/tracking/advanced_tracker.py:_activate_slot,1446_364_1081_586_1183
S,3,1446,DETECTION,src/tracking/advanced_tracker.py:_activate_slot,1446_459_215_731_394
S,4,1446,DETECTION,src/tracking/advanced_tracker.py:_activate_slot,1446_774_1320_894_1438
S,5,1446,DETECTION,src/tracking/advanced_tracker.py:_activate_slot,1446_420_1111_714_1263
S,6,1446,DETECTION,src/tracking/advanced_tracker.py:_activate_slot,1446_181_1414_354_1495
S,7,1446,DETECTION,src/tracking/advanced_tracker.py:_activate_slot,1446_189_1323_396_1419
S,8,1446,DETECTION,src/tracking/advanced_tracker.py:_activate_slot,1446_208_724_435_892
S,9,1446,DETECTION,src/tracking/advanced_tracker.py:_activate_slot,1446_181_1207_399_1297
S,2,1446,PREDICTION,src/tracking/advanced_tracker.py:kalman_homography,
D,0,1446
S,1,1446,PREDICTION,src/tracking/advanced_tracker.py:id_merge,
D,2,1446
S,1,1446,PREDICTION,src/tracking/advanced_tracker.py:id_merge,
D,6,1446
S,7,1446,PREDICTION,src/tracking/advanced_tracker.py:id_merge,
D,7,1446
S,9,1446,PREDICTION,src/tracking/advanced_tracker.py:id_merge,
L,1,1446,PREDICTION,src/tracking/advanced_tracker.py:id_merge,
R,CLAMP,CLAMP,0
L,3,1446,DETECTION,src/tracking/advanced_tracker.py:_activate_slot,1446_459_215_731_394
R,CLAMP,CLAMP,0
L,4,1446,DETECTION,src/tracking/advanced_tracker.py:_activate_slot,1446_774_1320_894_1438
R,DETECTION,DETECTION,1
L,5,1446,DETECTION,src/tracking/advanced_tracker.py:_activate_slot,1446_420_1111_714_1263
R,CLAMP,CLAMP,0
L,8,1446,DETECTION,src/tracking/advanced_tracker.py:_activate_slot,1446_208_724_435_892
R,DETECTION,DETECTION,1
L,9,1446,PREDICTION,src/tracking/advanced_tracker.py:id_merge,
R,PREDICTION,PREDICTION,1
A,1446
S,0,1449,DETECTION,src/tracking/advanced_tracker.py:_activate_slot,1449_402_898_666_1084
S,1,1449,DETECTION,src/tracking/advanced_tracker.py:_activate_slot,1449_351_1080_590_1179
S,2,1449,DETECTION,src/tracking/advanced_tracker.py:_activate_slot,1449_368_1111_712_1258
S,3,1449,DETECTION,src/tracking/advanced_tracker.py:_activate_slot,1449_460_219_731_395
S,4,1449,DETECTION,src/tracking/advanced_tracker.py:_activate_slot,1449_774_1301_894_1422
S,5,1449,DETECTION,src/tracking/advanced_tracker.py:_activate_slot,1449_302_908_505_1061
S,6,1449,DETECTION,src/tracking/advanced_tracker.py:_activate_slot,1449_179_1417_358_1501
S,7,1449,DETECTION,src/tracking/advanced_tracker.py:_activate_slot,1449_206_787_371_891
S,8,1449,DETECTION,src/tracking/advanced_tracker.py:_activate_slot,1449_206_729_434_894
S,9,1449,DETECTION,src/tracking/advanced_tracker.py:_activate_slot,1449_183_1212_401_1300
D,0,1449
S,1,1449,PREDICTION,src/tracking/advanced_tracker.py:id_merge,
D,1,1449
S,2,1449,PREDICTION,src/tracking/advanced_tracker.py:id_merge,
D,5,1449
S,7,1449,PREDICTION,src/tracking/advanced_tracker.py:id_merge,
D,6,1449
S,9,1449,PREDICTION,src/tracking/advanced_tracker.py:id_merge,
D,7,1449
S,8,1449,PREDICTION,src/tracking/advanced_tracker.py:id_merge,
L,2,1449,PREDICTION,src/tracking/advanced_tracker.py:id_merge,
R,PREDICTION,PREDICTION,1
L,3,1449,DETECTION,src/tracking/advanced_tracker.py:_activate_slot,1449_460_219_731_395
R,CLAMP,CLAMP,0
L,4,1449,DETECTION,src/tracking/advanced_tracker.py:_activate_slot,1449_774_1301_894_1422
R,DETECTION,DETECTION,1
L,8,1449,PREDICTION,src/tracking/advanced_tracker.py:id_merge,
R,PREDICTION,PREDICTION,1
L,9,1449,PREDICTION,src/tracking/advanced_tracker.py:id_merge,
R,PREDICTION,PREDICTION,1
A,1449
S,0,1452,DETECTION,src/tracking/advanced_tracker.py:_activate_slot,1452_409_907_667_1108
S,1,1452,DETECTION,src/tracking/advanced_tracker.py:_activate_slot,1452_340_1066_561_1162
S,2,1452,DETECTION,src/tracking/advanced_tracker.py:_activate_slot,1452_390_1117_715_1290
S,3,1452,DETECTION,src/tracking/advanced_tracker.py:_activate_slot,1452_459_216_732_397
S,4,1452,DETECTION,src/tracking/advanced_tracker.py:_activate_slot,1452_771_1282_890_1399
S,5,1452,DETECTION,src/tracking/advanced_tracker.py:_activate_slot,1452_186_1323_402_1431
S,6,1452,DETECTION,src/tracking/advanced_tracker.py:_activate_slot,1452_180_1426_355_1510
S,7,1452,DETECTION,src/tracking/advanced_tracker.py:_activate_slot,1452_220_254_332_349
S,8,1452,DETECTION,src/tracking/advanced_tracker.py:_activate_slot,1452_206_781_375_904
S,9,1452,DETECTION,src/tracking/advanced_tracker.py:_activate_slot,1452_182_1209_401_1304
D,0,1452
S,1,1452,PREDICTION,src/tracking/advanced_tracker.py:id_merge,
D,1,1452
S,2,1452,PREDICTION,src/tracking/advanced_tracker.py:id_merge,
D,2,1452
S,4,1452,PREDICTION,src/tracking/advanced_tracker.py:id_merge,
D,5,1452
S,6,1452,PREDICTION,src/tracking/advanced_tracker.py:id_merge,
D,6,1452
S,9,1452,PREDICTION,src/tracking/advanced_tracker.py:id_merge,
L,3,1452,DETECTION,src/tracking/advanced_tracker.py:_activate_slot,1452_459_216_732_397
R,CLAMP,CLAMP,0
L,4,1452,PREDICTION,src/tracking/advanced_tracker.py:id_merge,
R,PREDICTION,PREDICTION,1
L,7,1452,DETECTION,src/tracking/advanced_tracker.py:_activate_slot,1452_220_254_332_349
R,CLAMP,CLAMP,0
L,8,1452,DETECTION,src/tracking/advanced_tracker.py:_activate_slot,1452_206_781_375_904
R,DETECTION,DETECTION,1
L,9,1452,PREDICTION,src/tracking/advanced_tracker.py:id_merge,
R,PREDICTION,SUBPIXEL,0
A,1452
S,0,1455,DETECTION,src/tracking/advanced_tracker.py:_activate_slot,1455_405_928_657_1114
S,1,1455,DETECTION,src/tracking/advanced_tracker.py:_activate_slot,1455_345_1062_552_1149
S,2,1455,DETECTION,src/tracking/advanced_tracker.py:_activate_slot,1455_383_1125_714_1296
S,3,1455,DETECTION,src/tracking/advanced_tracker.py:_activate_slot,1455_459_214_732_400
S,4,1455,DETECTION,src/tracking/advanced_tracker.py:_activate_slot,1455_767_1270_890_1384
S,5,1455,DETECTION,src/tracking/advanced_tracker.py:_activate_slot,1455_186_1329_401_1437
S,6,1455,DETECTION,src/tracking/advanced_tracker.py:_activate_slot,1455_178_1432_353_1513
S,7,1455,DETECTION,src/tracking/advanced_tracker.py:_activate_slot,1455_181_1212_394_1308
S,8,1455,DETECTION,src/tracking/advanced_tracker.py:_activate_slot,1455_211_784_378_903
S,9,1455,DETECTION,src/tracking/advanced_tracker.py:_activate_slot,1455_103_1809_180_1887
D,0,1455
S,1,1455,PREDICTION,src/tracking/advanced_tracker.py:id_merge,
D,1,1455
S,2,1455,PREDICTION,src/tracking/advanced_tracker.py:id_merge,
D,2,1455
S,4,1455,PREDICTION,src/tracking/advanced_tracker.py:id_merge,
D,5,1455
S,6,1455,PREDICTION,src/tracking/advanced_tracker.py:id_merge,
D,6,1455
S,7,1455,PREDICTION,src/tracking/advanced_tracker.py:id_merge,
L,3,1455,DETECTION,src/tracking/advanced_tracker.py:_activate_slot,1455_459_214_732_400
R,CLAMP,CLAMP,0
L,4,1455,PREDICTION,src/tracking/advanced_tracker.py:id_merge,
R,PREDICTION,PREDICTION,1
L,7,1455,PREDICTION,src/tracking/advanced_tracker.py:id_merge,
R,CLAMP,CLAMP,0
L,8,1455,DETECTION,src/tracking/advanced_tracker.py:_activate_slot,1455_211_784_378_903
R,DETECTION,DETECTION,1
L,9,1455,DETECTION,src/tracking/advanced_tracker.py:_activate_slot,1455_103_1809_180_1887
R,DETECTION,DETECTION,1
A,1455
S,0,1458,DETECTION,src/tracking/advanced_tracker.py:_activate_slot,1458_407_955_667_1129
S,2,1458,DETECTION,src/tracking/advanced_tracker.py:_activate_slot,1458_384_1113_722_1299
S,3,1458,DETECTION,src/tracking/advanced_tracker.py:_activate_slot,1458_463_225_731_408
S,4,1458,DETECTION,src/tracking/advanced_tracker.py:_activate_slot,1458_762_1253_891_1362
S,5,1458,DETECTION,src/tracking/advanced_tracker.py:_activate_slot,1458_189_1339_402_1441
S,6,1458,DETECTION,src/tracking/advanced_tracker.py:_activate_slot,1458_178_1441_352_1522
S,7,1458,DETECTION,src/tracking/advanced_tracker.py:_activate_slot,1458_286_1036_431_1125
S,8,1458,DETECTION,src/tracking/advanced_tracker.py:_activate_slot,1458_205_799_373_904
S,9,1458,DETECTION,src/tracking/advanced_tracker.py:_activate_slot,1458_183_1225_393_1315
S,1,1458,PREDICTION,src/tracking/advanced_tracker.py:kalman_homography,
D,1,1458
S,0,1458,PREDICTION,src/tracking/advanced_tracker.py:id_merge,
D,0,1458
S,2,1458,PREDICTION,src/tracking/advanced_tracker.py:id_merge,
D,2,1458
S,4,1458,PREDICTION,src/tracking/advanced_tracker.py:id_merge,
D,5,1458
S,6,1458,PREDICTION,src/tracking/advanced_tracker.py:id_merge,
D,6,1458
S,9,1458,PREDICTION,src/tracking/advanced_tracker.py:id_merge,
D,7,1458
S,8,1458,PREDICTION,src/tracking/advanced_tracker.py:id_merge,
L,3,1458,DETECTION,src/tracking/advanced_tracker.py:_activate_slot,1458_463_225_731_408
R,CLAMP,CLAMP,0
L,4,1458,PREDICTION,src/tracking/advanced_tracker.py:id_merge,
R,PREDICTION,PREDICTION,1
L,8,1458,PREDICTION,src/tracking/advanced_tracker.py:id_merge,
R,PREDICTION,PREDICTION,1
L,9,1458,PREDICTION,src/tracking/advanced_tracker.py:id_merge,
R,PREDICTION,PREDICTION,1
A,1458
S,2,1461,DETECTION,src/tracking/advanced_tracker.py:_activate_slot,1461_328_1117_722_1302
S,3,1461,DETECTION,src/tracking/advanced_tracker.py:_activate_slot,1461_467_217_733_415
S,4,1461,DETECTION,src/tracking/advanced_tracker.py:_activate_slot,1461_756_1245_888_1356
S,1,1461,DETECTION,src/tracking/advanced_tracker.py:_activate_slot,1461_291_1039_573_1180
S,5,1461,DETECTION,src/tracking/advanced_tracker.py:_activate_slot,1461_179_1220_391_1326
S,6,1461,DETECTION,src/tracking/advanced_tracker.py:_activate_slot,1461_177_1447_350_1530
S,7,1461,DETECTION,src/tracking/advanced_tracker.py:_activate_slot,1461_411_985_687_1126
S,8,1461,DETECTION,src/tracking/advanced_tracker.py:_activate_slot,1461_206_738_433_915
S,9,1461,DETECTION,src/tracking/advanced_tracker.py:_activate_slot,1461_188_1343_402_1452
S,0,1461,PREDICTION,src/tracking/advanced_tracker.py:kalman_homography,
D,0,1461
S,1,1461,PREDICTION,src/tracking/advanced_tracker.py:id_merge,
D,1,1461
S,2,1461,PREDICTION,src/tracking/advanced_tracker.py:id_merge,
D,2,1461
S,4,1461,PREDICTION,src/tracking/advanced_tracker.py:id_merge,
D,5,1461
S,6,1461,PREDICTION,src/tracking/advanced_tracker.py:id_merge,
D,6,1461
S,9,1461,PREDICTION,src/tracking/advanced_tracker.py:id_merge,
L,3,1461,DETECTION,src/tracking/advanced_tracker.py:_activate_slot,1461_467_217_733_415
R,CLAMP,CLAMP,0
L,4,1461,PREDICTION,src/tracking/advanced_tracker.py:id_merge,
R,PREDICTION,PREDICTION,1
L,7,1461,DETECTION,src/tracking/advanced_tracker.py:_activate_slot,1461_411_985_687_1126
R,CLAMP,CLAMP,0
L,8,1461,DETECTION,src/tracking/advanced_tracker.py:_activate_slot,1461_206_738_433_915
R,DETECTION,DETECTION,1
L,9,1461,PREDICTION,src/tracking/advanced_tracker.py:id_merge,
R,PREDICTION,PREDICTION,1
A,1461
S,0,1464,DETECTION,src/tracking/advanced_tracker.py:_activate_slot,1464_416_993_692_1132
S,2,1464,DETECTION,src/tracking/advanced_tracker.py:_activate_slot,1464_380_1137_732_1314
S,3,1464,DETECTION,src/tracking/advanced_tracker.py:_activate_slot,1464_471_226_738_421
S,4,1464,DETECTION,src/tracking/advanced_tracker.py:_activate_slot,1464_756_1233_897_1344
S,5,1464,DETECTION,src/tracking/advanced_tracker.py:_activate_slot,1464_175_1224_393_1331
S,6,1464,DETECTION,src/tracking/advanced_tracker.py:_activate_slot,1464_176_1453_360_1537
S,7,1464,DETECTION,src/tracking/advanced_tracker.py:_activate_slot,1464_251_206_444_304
S,8,1464,DETECTION,src/tracking/advanced_tracker.py:_activate_slot,1464_205_745_432_916
S,9,1464,DETECTION,src/tracking/advanced_tracker.py:_activate_slot,1464_188_1351_404_1459
S,1,1464,PREDICTION,src/tracking/advanced_tracker.py:kalman_homography,
D,1,1464
S,0,1464,PREDICTION,src/tracking/advanced_tracker.py:id_merge,
D,0,1464
S,2,1464,PREDICTION,src/tracking/advanced_tracker.py:id_merge,
D,2,1464
S,4,1464,PREDICTION,src/tracking/advanced_tracker.py:id_merge,
D,5,1464
S,6,1464,PREDICTION,src/tracking/advanced_tracker.py:id_merge,
D,6,1464
S,9,1464,PREDICTION,src/tracking/advanced_tracker.py:id_merge,
L,3,1464,DETECTION,src/tracking/advanced_tracker.py:_activate_slot,1464_471_226_738_421
R,CLAMP,CLAMP,0
L,4,1464,PREDICTION,src/tracking/advanced_tracker.py:id_merge,
R,PREDICTION,PREDICTION,1
L,7,1464,DETECTION,src/tracking/advanced_tracker.py:_activate_slot,1464_251_206_444_304
R,CLAMP,CLAMP,0
L,8,1464,DETECTION,src/tracking/advanced_tracker.py:_activate_slot,1464_205_745_432_916
R,DETECTION,DETECTION,1
L,9,1464,PREDICTION,src/tracking/advanced_tracker.py:id_merge,
R,PREDICTION,PREDICTION,1
A,1464
S,0,1467,DETECTION,src/tracking/advanced_tracker.py:_activate_slot,1467_417_996_693_1131
S,1,1467,DETECTION,src/tracking/advanced_tracker.py:_activate_slot,1467_292_1072_538_1183
S,2,1467,DETECTION,src/tracking/advanced_tracker.py:_activate_slot,1467_319_1141_739_1306
S,3,1467,DETECTION,src/tracking/advanced_tracker.py:_activate_slot,1467_478_228_739_425
S,4,1467,DETECTION,src/tracking/advanced_tracker.py:_activate_slot,1467_759_1213_892_1333
S,5,1467,DETECTION,src/tracking/advanced_tracker.py:_activate_slot,1467_172_1226_396_1331
S,6,1467,DETECTION,src/tracking/advanced_tracker.py:_activate_slot,1467_250_209_441_305
S,7,1467,DETECTION,src/tracking/advanced_tracker.py:_activate_slot,1467_174_1461_356_1543
S,9,1467,DETECTION,src/tracking/advanced_tracker.py:_activate_slot,1467_186_1351_402_1464
S,8,1467,DETECTION,src/tracking/advanced_tracker.py:_activate_slot,1467_204_745_433_922
D,0,1467
S,1,1467,PREDICTION,src/tracking/advanced_tracker.py:id_merge,
D,1,1467
S,2,1467,PREDICTION,src/tracking/advanced_tracker.py:id_merge,
D,2,1467
S,4,1467,PREDICTION,src/tracking/advanced_tracker.py:id_merge,
D,5,1467
S,7,1467,PREDICTION,src/tracking/advanced_tracker.py:id_merge,
D,7,1467
S,9,1467,PREDICTION,src/tracking/advanced_tracker.py:id_merge,
L,3,1467,DETECTION,src/tracking/advanced_tracker.py:_activate_slot,1467_478_228_739_425
R,CLAMP,CLAMP,0
L,4,1467,PREDICTION,src/tracking/advanced_tracker.py:id_merge,
R,PREDICTION,PREDICTION,1
L,6,1467,DETECTION,src/tracking/advanced_tracker.py:_activate_slot,1467_250_209_441_305
R,CLAMP,CLAMP,0
L,8,1467,DETECTION,src/tracking/advanced_tracker.py:_activate_slot,1467_204_745_433_922
R,DETECTION,DETECTION,1
L,9,1467,PREDICTION,src/tracking/advanced_tracker.py:id_merge,
R,PREDICTION,PREDICTION,1
A,1467
S,0,1470,DETECTION,src/tracking/advanced_tracker.py:_activate_slot,1470_414_986_695_1142
S,1,1470,DETECTION,src/tracking/advanced_tracker.py:_activate_slot,1470_300_1122_495_1229
S,2,1470,DETECTION,src/tracking/advanced_tracker.py:_activate_slot,1470_388_1150_738_1306
S,3,1470,DETECTION,src/tracking/advanced_tracker.py:_activate_slot,1470_486_231_741_429
S,4,1470,DETECTION,src/tracking/advanced_tracker.py:_activate_slot,1470_762_1188_891_1312
S,5,1470,DETECTION,src/tracking/advanced_tracker.py:_activate_slot,1470_172_1233_396_1338
S,6,1470,DETECTION,src/tracking/advanced_tracker.py:_activate_slot,1470_175_1468_357_1552
S,7,1470,DETECTION,src/tracking/advanced_tracker.py:_activate_slot,1470_294_1077_515_1164
S,8,1470,DETECTION,src/tracking/advanced_tracker.py:_activate_slot,1470_209_765_429_931
S,9,1470,DETECTION,src/tracking/advanced_tracker.py:_activate_slot,1470_187_1361_399_1472
D,0,1470
S,1,1470,PREDICTION,src/tracking/advanced_tracker.py:id_merge,
D,2,1470
S,4,1470,PREDICTION,src/tracking/advanced_tracker.py:id_merge,
D,5,1470
S,6,1470,PREDICTION,src/tracking/advanced_tracker.py:id_merge,
D,6,1470
S,9,1470,PREDICTION,src/tracking/advanced_tracker.py:id_merge,
L,1,1470,PREDICTION,src/tracking/advanced_tracker.py:id_merge,
R,CLAMP,CLAMP,0
L,3,1470,DETECTION,src/tracking/advanced_tracker.py:_activate_slot,1470_486_231_741_429
R,CLAMP,CLAMP,0
L,4,1470,PREDICTION,src/tracking/advanced_tracker.py:id_merge,
R,PREDICTION,PREDICTION,1
L,7,1470,DETECTION,src/tracking/advanced_tracker.py:_activate_slot,1470_294_1077_515_1164
R,CLAMP,CLAMP,0
L,8,1470,DETECTION,src/tracking/advanced_tracker.py:_activate_slot,1470_209_765_429_931
R,DETECTION,DETECTION,1
L,9,1470,PREDICTION,src/tracking/advanced_tracker.py:id_merge,
R,PREDICTION,PREDICTION,1
A,1470
S,0,1473,DETECTION,src/tracking/advanced_tracker.py:_activate_slot,1473_420_1005_701_1148
S,2,1473,DETECTION,src/tracking/advanced_tracker.py:_activate_slot,1473_387_1152_739_1308
S,3,1473,DETECTION,src/tracking/advanced_tracker.py:_activate_slot,1473_488_228_741_429
S,4,1473,DETECTION,src/tracking/advanced_tracker.py:_activate_slot,1473_763_1170_892_1302
S,5,1473,DETECTION,src/tracking/advanced_tracker.py:_activate_slot,1473_174_1236_399_1341
S,6,1473,DETECTION,src/tracking/advanced_tracker.py:_activate_slot,1473_175_1474_353_1558
S,7,1473,DETECTION,src/tracking/advanced_tracker.py:_activate_slot,1473_291_1066_531_1177
S,8,1473,DETECTION,src/tracking/advanced_tracker.py:_activate_slot,1473_207_777_432_936
S,9,1473,DETECTION,src/tracking/advanced_tracker.py:_activate_slot,1473_189_1368_400_1473
S,1,1473,PREDICTION,src/tracking/advanced_tracker.py:kalman_homography,
D,1,1473
S,0,1473,PREDICTION,src/tracking/advanced_tracker.py:id_merge,
D,0,1473
S,2,1473,PREDICTION,src/tracking/advanced_tracker.py:id_merge,
D,2,1473
S,4,1473,PREDICTION,src/tracking/advanced_tracker.py:id_merge,
D,5,1473
S,6,1473,PREDICTION,src/tracking/advanced_tracker.py:id_merge,
D,6,1473
S,9,1473,PREDICTION,src/tracking/advanced_tracker.py:id_merge,
L,3,1473,DETECTION,src/tracking/advanced_tracker.py:_activate_slot,1473_488_228_741_429
R,CLAMP,CLAMP,0
L,4,1473,PREDICTION,src/tracking/advanced_tracker.py:id_merge,
R,PREDICTION,PREDICTION,1
L,7,1473,DETECTION,src/tracking/advanced_tracker.py:_activate_slot,1473_291_1066_531_1177
R,CLAMP,CLAMP,0
L,8,1473,DETECTION,src/tracking/advanced_tracker.py:_activate_slot,1473_207_777_432_936
R,DETECTION,DETECTION,1
L,9,1473,PREDICTION,src/tracking/advanced_tracker.py:id_merge,
R,PREDICTION,PREDICTION,1
A,1473
S,0,1476,DETECTION,src/tracking/advanced_tracker.py:_activate_slot,1476_418_1008_700_1146
S,1,1476,DETECTION,src/tracking/advanced_tracker.py:_activate_slot,1476_334_916_539_1066
S,2,1476,DETECTION,src/tracking/advanced_tracker.py:_activate_slot,1476_404_1157_735_1319
S,3,1476,DETECTION,src/tracking/advanced_tracker.py:_activate_slot,1476_493_236_748_442
S,4,1476,DETECTION,src/tracking/advanced_tracker.py:_activate_slot,1476_760_1148_892_1283
S,5,1476,DETECTION,src/tracking/advanced_tracker.py:_activate_slot,1476_179_1240_399_1350
S,6,1476,DETECTION,src/tracking/advanced_tracker.py:_activate_slot,1476_295_1119_504_1227
S,7,1476,DETECTION,src/tracking/advanced_tracker.py:_activate_slot,1476_286_1069_482_1156
S,8,1476,DETECTION,src/tracking/advanced_tracker.py:_activate_slot,1476_219_773_433_894
S,9,1476,DETECTION,src/tracking/advanced_tracker.py:_activate_slot,1476_185_1369_402_1483
D,0,1476
S,1,1476,PREDICTION,src/tracking/advanced_tracker.py:id_merge,
D,2,1476
S,4,1476,PREDICTION,src/tracking/advanced_tracker.py:id_merge,
D,5,1476
S,6,1476,PREDICTION,src/tracking/advanced_tracker.py:id_merge,
D,6,1476
S,7,1476,PREDICTION,src/tracking/advanced_tracker.py:id_merge,
L,1,1476,PREDICTION,src/tracking/advanced_tracker.py:id_merge,
R,CLAMP,CLAMP,0
L,3,1476,DETECTION,src/tracking/advanced_tracker.py:_activate_slot,1476_493_236_748_442
R,CLAMP,CLAMP,0
L,4,1476,PREDICTION,src/tracking/advanced_tracker.py:id_merge,
R,PREDICTION,PREDICTION,1
L,7,1476,PREDICTION,src/tracking/advanced_tracker.py:id_merge,
R,CLAMP,CLAMP,0
L,8,1476,DETECTION,src/tracking/advanced_tracker.py:_activate_slot,1476_219_773_433_894
R,DETECTION,DETECTION,1
L,9,1476,DETECTION,src/tracking/advanced_tracker.py:_activate_slot,1476_185_1369_402_1483
R,DETECTION,DETECTION,1
A,1476
S,0,1479,DETECTION,src/tracking/advanced_tracker.py:_activate_slot,1479_411_1012_698_1150
S,2,1479,DETECTION,src/tracking/advanced_tracker.py:_activate_slot,1479_427_1164_739_1329
S,3,1479,DETECTION,src/tracking/advanced_tracker.py:_activate_slot,1479_495_242_760_442
S,4,1479,DETECTION,src/tracking/advanced_tracker.py:_activate_slot,1479_757_1141_889_1276
S,5,1479,DETECTION,src/tracking/advanced_tracker.py:_activate_slot,1479_179_1247_399_1353
S,6,1479,DETECTION,src/tracking/advanced_tracker.py:_activate_slot,1479_174_1485_346_1569
S,7,1479,DETECTION,src/tracking/advanced_tracker.py:_activate_slot,1479_292_1119_499_1234
S,8,1479,DETECTION,src/tracking/advanced_tracker.py:_activate_slot,1479_212_765_436_906
S,9,1479,DETECTION,src/tracking/advanced_tracker.py:_activate_slot,1479_184_1371_401_1484
S,1,1479,PREDICTION,src/tracking/advanced_tracker.py:kalman_homography,
D,1,1479
S,0,1479,PREDICTION,src/tracking/advanced_tracker.py:id_merge,
D,0,1479
S,2,1479,PREDICTION,src/tracking/advanced_tracker.py:id_merge,
D,2,1479
S,4,1479,PREDICTION,src/tracking/advanced_tracker.py:id_merge,
D,5,1479
S,6,1479,PREDICTION,src/tracking/advanced_tracker.py:id_merge,
D,6,1479
S,9,1479,PREDICTION,src/tracking/advanced_tracker.py:id_merge,
D,7,1479
S,9,1479,PREDICTION,src/tracking/advanced_tracker.py:id_merge,
L,3,1479,DETECTION,src/tracking/advanced_tracker.py:_activate_slot,1479_495_242_760_442
R,CLAMP,CLAMP,0
L,4,1479,PREDICTION,src/tracking/advanced_tracker.py:id_merge,
R,PREDICTION,PREDICTION,1
L,8,1479,DETECTION,src/tracking/advanced_tracker.py:_activate_slot,1479_212_765_436_906
R,DETECTION,DETECTION,1
L,9,1479,PREDICTION,src/tracking/advanced_tracker.py:id_merge,
R,PREDICTION,PREDICTION,1
A,1479
S,0,1482,DETECTION,src/tracking/advanced_tracker.py:_activate_slot,1482_425_1013_700_1158
S,2,1482,DETECTION,src/tracking/advanced_tracker.py:_activate_slot,1482_449_1159_746_1344
S,3,1482,DETECTION,src/tracking/advanced_tracker.py:_activate_slot,1482_507_255_762_445
S,4,1482,DETECTION,src/tracking/advanced_tracker.py:_activate_slot,1482_759_1137_888_1270
S,5,1482,DETECTION,src/tracking/advanced_tracker.py:_activate_slot,1482_175_1251_397_1356
S,6,1482,DETECTION,src/tracking/advanced_tracker.py:_activate_slot,1482_173_1492_348_1576
S,7,1482,DETECTION,src/tracking/advanced_tracker.py:_activate_slot,1482_759_1135_1035_1282
S,8,1482,DETECTION,src/tracking/advanced_tracker.py:_activate_slot,1482_217_769_437_906
S,9,1482,DETECTION,src/tracking/advanced_tracker.py:_activate_slot,1482_184_1377_406_1497
S,1,1482,PREDICTION,src/tracking/advanced_tracker.py:kalman_homography,
D,1,1482
S,0,1482,PREDICTION,src/tracking/advanced_tracker.py:id_merge,
D,0,1482
S,2,1482,PREDICTION,src/tracking/advanced_tracker.py:id_merge,
D,2,1482
S,4,1482,PREDICTION,src/tracking/advanced_tracker.py:id_merge,
D,5,1482
S,6,1482,PREDICTION,src/tracking/advanced_tracker.py:id_merge,
D,6,1482
S,9,1482,PREDICTION,src/tracking/advanced_tracker.py:id_merge,
L,3,1482,DETECTION,src/tracking/advanced_tracker.py:_activate_slot,1482_507_255_762_445
R,DETECTION,DETECTION,1
L,4,1482,PREDICTION,src/tracking/advanced_tracker.py:id_merge,
R,PREDICTION,PREDICTION,1
L,7,1482,DETECTION,src/tracking/advanced_tracker.py:_activate_slot,1482_759_1135_1035_1282
R,DETECTION,DETECTION,1
L,8,1482,DETECTION,src/tracking/advanced_tracker.py:_activate_slot,1482_217_769_437_906
R,DETECTION,DETECTION,1
L,9,1482,PREDICTION,src/tracking/advanced_tracker.py:id_merge,
R,PREDICTION,PREDICTION,1
A,1482
S,0,1485,DETECTION,src/tracking/advanced_tracker.py:_activate_slot,1485_425_1017_701_1165
S,2,1485,DETECTION,src/tracking/advanced_tracker.py:_activate_slot,1485_461_1159_747_1344
S,3,1485,DETECTION,src/tracking/advanced_tracker.py:_activate_slot,1485_511_257_763_447
S,4,1485,DETECTION,src/tracking/advanced_tracker.py:_activate_slot,1485_762_1137_888_1272
S,5,1485,DETECTION,src/tracking/advanced_tracker.py:_activate_slot,1485_177_1254_398_1362
S,6,1485,DETECTION,src/tracking/advanced_tracker.py:_activate_slot,1485_173_1497_350_1578
S,7,1485,DETECTION,src/tracking/advanced_tracker.py:_activate_slot,1485_761_1137_1035_1281
S,8,1485,DETECTION,src/tracking/advanced_tracker.py:_activate_slot,1485_216_777_437_924
S,9,1485,DETECTION,src/tracking/advanced_tracker.py:_activate_slot,1485_187_1389_404_1500
S,1,1485,PREDICTION,src/tracking/advanced_tracker.py:kalman_homography,
D,0,1485
S,2,1485,PREDICTION,src/tracking/advanced_tracker.py:id_merge,
D,2,1485
S,4,1485,PREDICTION,src/tracking/advanced_tracker.py:id_merge,
D,5,1485
S,6,1485,PREDICTION,src/tracking/advanced_tracker.py:id_merge,
D,6,1485
S,9,1485,PREDICTION,src/tracking/advanced_tracker.py:id_merge,
L,1,1485,PREDICTION,src/tracking/advanced_tracker.py:kalman_homography,
R,CLAMP,CLAMP,0
L,3,1485,DETECTION,src/tracking/advanced_tracker.py:_activate_slot,1485_511_257_763_447
R,DETECTION,DETECTION,1
L,4,1485,PREDICTION,src/tracking/advanced_tracker.py:id_merge,
R,PREDICTION,PREDICTION,1
L,7,1485,DETECTION,src/tracking/advanced_tracker.py:_activate_slot,1485_761_1137_1035_1281
R,DETECTION,DETECTION,1
L,8,1485,DETECTION,src/tracking/advanced_tracker.py:_activate_slot,1485_216_777_437_924
R,DETECTION,DETECTION,1
L,9,1485,PREDICTION,src/tracking/advanced_tracker.py:id_merge,
R,PREDICTION,PREDICTION,1
A,1485
S,0,1488,DETECTION,src/tracking/advanced_tracker.py:_activate_slot,1488_307_885_539_1032
S,1,1488,DETECTION,src/tracking/advanced_tracker.py:_activate_slot,1488_430_1006_710_1168
S,2,1488,DETECTION,src/tracking/advanced_tracker.py:_activate_slot,1488_463_1161_747_1353
S,3,1488,DETECTION,src/tracking/advanced_tracker.py:_activate_slot,1488_513_260_765_450
S,4,1488,DETECTION,src/tracking/advanced_tracker.py:_activate_slot,1488_763_1141_1035_1282
S,5,1488,DETECTION,src/tracking/advanced_tracker.py:_activate_slot,1488_174_1261_397_1366
S,6,1488,DETECTION,src/tracking/advanced_tracker.py:_activate_slot,1488_177_1503_351_1584
S,7,1488,DETECTION,src/tracking/advanced_tracker.py:_activate_slot,1488_247_225_440_329
S,8,1488,DETECTION,src/tracking/advanced_tracker.py:_activate_slot,1488_215_779_438_932
S,9,1488,DETECTION,src/tracking/advanced_tracker.py:_activate_slot,1488_183_1395_404_1506
D,0,1488
S,1,1488,PREDICTION,src/tracking/advanced_tracker.py:id_merge,
D,1,1488
S,2,1488,PREDICTION,src/tracking/advanced_tracker.py:id_merge,
D,5,1488
S,6,1488,PREDICTION,src/tracking/advanced_tracker.py:id_merge,
D,6,1488
S,9,1488,PREDICTION,src/tracking/advanced_tracker.py:id_merge,
L,2,1488,PREDICTION,src/tracking/advanced_tracker.py:id_merge,
R,PREDICTION,PREDICTION,1
L,3,1488,DETECTION,src/tracking/advanced_tracker.py:_activate_slot,1488_513_260_765_450
R,DETECTION,DETECTION,1
L,4,1488,DETECTION,src/tracking/advanced_tracker.py:_activate_slot,1488_763_1141_1035_1282
R,DETECTION,DETECTION,1
L,7,1488,DETECTION,src/tracking/advanced_tracker.py:_activate_slot,1488_247_225_440_329
R,CLAMP,CLAMP,0
L,8,1488,DETECTION,src/tracking/advanced_tracker.py:_activate_slot,1488_215_779_438_932
R,DETECTION,DETECTION,1
L,9,1488,PREDICTION,src/tracking/advanced_tracker.py:id_merge,
R,PREDICTION,PREDICTION,1
A,1488
