S,0,1947,DETECTION,src/tracking/advanced_tracker.py:_activate_slot,1947_117_1042_1025_1654
S,1,1947,DETECTION,src/tracking/advanced_tracker.py:_activate_slot,1947_748_1605_1003_1761
S,2,1947,DETECTION,src/tracking/advanced_tracker.py:_activate_slot,1947_721_996_913_1085
S,3,1947,DETECTION,src/tracking/advanced_tracker.py:_activate_slot,1947_727_1824_1021_1935
S,4,1947,DETECTION,src/tracking/advanced_tracker.py:_activate_slot,1947_730_1533_985_1662
D,0,1947
S,2,1947,PREDICTION,src/tracking/advanced_tracker.py:id_merge,
D,1,1947
S,3,1947,PREDICTION,src/tracking/advanced_tracker.py:id_merge,
L,2,1947,PREDICTION,src/tracking/advanced_tracker.py:id_merge,
R,PREDICTION,PREDICTION,1
L,3,1947,PREDICTION,src/tracking/advanced_tracker.py:id_merge,
R,PREDICTION,PREDICTION,1
L,4,1947,DETECTION,src/tracking/advanced_tracker.py:_activate_slot,1947_730_1533_985_1662
R,DETECTION,DETECTION,1
A,1947
S,0,1950,DETECTION,src/tracking/advanced_tracker.py:_activate_slot,1950_120_1054_1021_1659
S,1,1950,DETECTION,src/tracking/advanced_tracker.py:_activate_slot,1950_726_1602_999_1752
S,3,1950,DETECTION,src/tracking/advanced_tracker.py:_activate_slot,1950_741_1803_1032_1935
S,4,1950,DETECTION,src/tracking/advanced_tracker.py:_activate_slot,1950_731_1521_984_1659
S,2,1950,PREDICTION,src/tracking/advanced_tracker.py:kalman_homography,
D,2,1950
S,0,1950,PREDICTION,src/tracking/advanced_tracker.py:id_merge,
D,1,1950
S,3,1950,PREDICTION,src/tracking/advanced_tracker.py:id_merge,
D,3,1950
S,4,1950,PREDICTION,src/tracking/advanced_tracker.py:id_merge,
L,0,1950,PREDICTION,src/tracking/advanced_tracker.py:id_merge,
R,PREDICTION,PREDICTION,1
L,4,1950,PREDICTION,src/tracking/advanced_tracker.py:id_merge,
R,PREDICTION,PREDICTION,1
A,1950
S,0,1953,DETECTION,src/tracking/advanced_tracker.py:_activate_slot,1953_117_1066_1027_1654
S,1,1953,DETECTION,src/tracking/advanced_tracker.py:_activate_slot,1953_702_1567_951_1711
S,3,1953,DETECTION,src/tracking/advanced_tracker.py:_activate_slot,1953_727_1758_1006_1932
S,4,1953,DETECTION,src/tracking/advanced_tracker.py:_activate_slot,1953_708_1496_938_1635
S,2,1953,PREDICTION,src/tracking/advanced_tracker.py:kalman_homography,
D,2,1953
S,0,1953,PREDICTION,src/tracking/advanced_tracker.py:id_merge,
D,1,1953
S,3,1953,PREDICTION,src/tracking/advanced_tracker.py:id_merge,
D,3,1953
S,4,1953,PREDICTION,src/tracking/advanced_tracker.py:id_merge,
L,0,1953,PREDICTION,src/tracking/advanced_tracker.py:id_merge,
R,PREDICTION,PREDICTION,1
L,4,1953,PREDICTION,src/tracking/advanced_tracker.py:id_merge,
R,PREDICTION,PREDICTION,1
A,1953
S,0,1956,DETECTION,src/tracking/advanced_tracker.py:_activate_slot,1956_108_1081_1027_1672
S,1,1956,DETECTION,src/tracking/advanced_tracker.py:_activate_slot,1956_687_1518_918_1680
S,3,1956,DETECTION,src/tracking/advanced_tracker.py:_activate_slot,1956_665_1704_957_1878
S,2,1956,DETECTION,src/tracking/advanced_tracker.py:_activate_slot,1956_741_984_873_1082
S,4,1956,PREDICTION,src/tracking/advanced_tracker.py:kalman_homography,
D,0,1956
S,2,1956,PREDICTION,src/tracking/advanced_tracker.py:id_merge,
D,1,1956
S,3,1956,PREDICTION,src/tracking/advanced_tracker.py:id_merge,
L,2,1956,PREDICTION,src/tracking/advanced_tracker.py:id_merge,
R,PREDICTION,PREDICTION,1
L,3,1956,PREDICTION,src/tracking/advanced_tracker.py:id_merge,
R,PREDICTION,PREDICTION,1
L,4,1956,PREDICTION,src/tracking/advanced_tracker.py:kalman_homography,
R,PREDICTION,PREDICTION,1
A,1956
S,0,1959,DETECTION,src/tracking/advanced_tracker.py:_activate_slot,1959_78_1093_1025_1671
S,3,1959,DETECTION,src/tracking/advanced_tracker.py:_activate_slot,1959_653_1650_908_1818
S,5,1959,DETECTION,src/tracking/advanced_tracker.py:_activate_slot,1959_657_1560_894_1722
S,1,1959,PREDICTION,src/tracking/advanced_tracker.py:kalman_homography,
S,2,1959,PREDICTION,src/tracking/advanced_tracker.py:kalman_homography,
S,4,1959,PREDICTION,src/tracking/advanced_tracker.py:kalman_homography,
D,2,1959
S,0,1959,PREDICTION,src/tracking/advanced_tracker.py:id_merge,
D,4,1959
S,1,1959,PREDICTION,src/tracking/advanced_tracker.py:id_merge,
L,0,1959,PREDICTION,src/tracking/advanced_tracker.py:id_merge,
R,PREDICTION,PREDICTION,1
L,1,1959,PREDICTION,src/tracking/advanced_tracker.py:id_merge,
R,PREDICTION,PREDICTION,1
L,3,1959,DETECTION,src/tracking/advanced_tracker.py:_activate_slot,1959_653_1650_908_1818
R,DETECTION,DETECTION,1
L,5,1959,DETECTION,src/tracking/advanced_tracker.py:_activate_slot,1959_657_1560_894_1722
R,DETECTION,DETECTION,1
A,1959
S,1,1962,DETECTION,src/tracking/advanced_tracker.py:_activate_slot,1962_666_1481_881_1668
S,5,1962,DETECTION,src/tracking/advanced_tracker.py:_activate_slot,1962_654_1614_906_1770
S,6,1962,DETECTION,src/tracking/advanced_tracker.py:_activate_slot,1962_73_1092_1029_1653
S,7,1962,DETECTION,src/tracking/advanced_tracker.py:_activate_slot,1962_643_1797_943_1935
S,8,1962,DETECTION,src/tracking/advanced_tracker.py:_activate_slot,1962_652_1701_918_1872
S,0,1962,PREDICTION,src/tracking/advanced_tracker.py:kalman_homography,
S,2,1962,PREDICTION,src/tracking/advanced_tracker.py:kalman_homography,
S,3,1962,PREDICTION,src/tracking/advanced_tracker.py:kalman_homography,
S,4,1962,PREDICTION,src/tracking/advanced_tracker.py:kalman_homography,
D,2,1962
S,0,1962,PREDICTION,src/tracking/advanced_tracker.py:id_merge,
D,3,1962
S,1,1962,PREDICTION,src/tracking/advanced_tracker.py:id_merge,
D,4,1962
S,1,1962,PREDICTION,src/tracking/advanced_tracker.py:id_merge,
D,5,1962
S,7,1962,PREDICTION,src/tracking/advanced_tracker.py:id_merge,
D,7,1962
S,8,1962,PREDICTION,src/tracking/advanced_tracker.py:id_merge,
L,0,1962,PREDICTION,src/tracking/advanced_tracker.py:id_merge,
R,PREDICTION,PREDICTION,1
L,1,1962,PREDICTION,src/tracking/advanced_tracker.py:id_merge,
R,PREDICTION,PREDICTION,1
L,6,1962,DETECTION,src/tracking/advanced_tracker.py:_activate_slot,1962_73_1092_1029_1653
R,DETECTION,DETECTION,1
L,8,1962,PREDICTION,src/tracking/advanced_tracker.py:id_merge,
R,PREDICTION,PREDICTION,1
A,1962
S,0,1965,DETECTION,src/tracking/advanced_tracker.py:_activate_slot,1965_96_1099_1029_1636
S,7,1965,DETECTION,src/tracking/advanced_tracker.py:_activate_slot,1965_668_1767_957_1935
S,8,1965,DETECTION,src/tracking/advanced_tracker.py:_activate_slot,1965_666_1668_936_1848
S,9,1965,DETECTION,src/tracking/advanced_tracker.py:_activate_slot,1965_675_1509_903_1713
S,1,1965,PREDICTION,src/tracking/advanced_tracker.py:kalman_homography,
S,2,1965,PREDICTION,src/tracking/advanced_tracker.py:kalman_homography,
S,3,1965,PREDICTION,src/tracking/advanced_tracker.py:kalman_homography,
S,4,1965,PREDICTION,src/tracking/advanced_tracker.py:kalman_homography,
S,5,1965,PREDICTION,src/tracking/advanced_tracker.py:kalman_homography,
S,6,1965,PREDICTION,src/tracking/advanced_tracker.py:flow_gapfill_batched,
D,2,1965
S,0,1965,PREDICTION,src/tracking/advanced_tracker.py:id_merge,
D,4,1965
S,1,1965,PREDICTION,src/tracking/advanced_tracker.py:id_merge,
D,5,1965
S,7,1965,PREDICTION,src/tracking/advanced_tracker.py:id_merge,
D,7,1965
S,8,1965,PREDICTION,src/tracking/advanced_tracker.py:id_merge,
D,8,1965
S,9,1965,PREDICTION,src/tracking/advanced_tracker.py:id_merge,
L,0,1965,PREDICTION,src/tracking/advanced_tracker.py:id_merge,
R,PREDICTION,PREDICTION,1
L,1,1965,PREDICTION,src/tracking/advanced_tracker.py:id_merge,
R,PREDICTION,PREDICTION,1
L,3,1965,PREDICTION,src/tracking/advanced_tracker.py:kalman_homography,
R,PREDICTION,PREDICTION,1
L,6,1965,PREDICTION,src/tracking/advanced_tracker.py:flow_gapfill_batched,
R,PREDICTION,PREDICTION,1
L,9,1965,PREDICTION,src/tracking/advanced_tracker.py:id_merge,
R,PREDICTION,PREDICTION,1
A,1965
S,0,1968,DETECTION,src/tracking/advanced_tracker.py:_activate_slot,1968_94_1113_1030_1648
S,5,1968,DETECTION,src/tracking/advanced_tracker.py:_activate_slot,1968_642_1717_920_1891
S,7,1968,DETECTION,src/tracking/advanced_tracker.py:_activate_slot,1968_669_1818_936_1935
S,1,1968,PREDICTION,src/tracking/advanced_tracker.py:kalman_homography,
S,2,1968,PREDICTION,src/tracking/advanced_tracker.py:kalman_homography,
S,3,1968,PREDICTION,src/tracking/advanced_tracker.py:kalman_homography,
S,4,1968,PREDICTION,src/tracking/advanced_tracker.py:kalman_homography,
S,8,1968,PREDICTION,src/tracking/advanced_tracker.py:kalman_homography,
S,9,1968,PREDICTION,src/tracking/advanced_tracker.py:kalman_homography,
D,2,1968
S,0,1968,PREDICTION,src/tracking/advanced_tracker.py:id_merge,
D,4,1968
S,1,1968,PREDICTION,src/tracking/advanced_tracker.py:id_merge,
D,5,1968
S,7,1968,PREDICTION,src/tracking/advanced_tracker.py:id_merge,
D,8,1968
S,9,1968,PREDICTION,src/tracking/advanced_tracker.py:id_merge,
L,0,1968,PREDICTION,src/tracking/advanced_tracker.py:id_merge,
R,PREDICTION,PREDICTION,1
L,1,1968,PREDICTION,src/tracking/advanced_tracker.py:id_merge,
R,PREDICTION,PREDICTION,1
L,3,1968,PREDICTION,src/tracking/advanced_tracker.py:kalman_homography,
R,PREDICTION,PREDICTION,1
L,7,1968,PREDICTION,src/tracking/advanced_tracker.py:id_merge,
R,PREDICTION,PREDICTION,1
L,9,1968,PREDICTION,src/tracking/advanced_tracker.py:id_merge,
R,PREDICTION,PREDICTION,1
A,1968
S,0,1971,DETECTION,src/tracking/advanced_tracker.py:_activate_slot,1971_96_1123_1029_1767
S,5,1971,DETECTION,src/tracking/advanced_tracker.py:_activate_slot,1971_622_1761_913_1935
S,7,1971,DETECTION,src/tracking/advanced_tracker.py:_activate_slot,1971_629_1803_926_1935
S,1,1971,PREDICTION,src/tracking/advanced_tracker.py:kalman_homography,
S,2,1971,PREDICTION,src/tracking/advanced_tracker.py:kalman_homography,
S,3,1971,PREDICTION,src/tracking/advanced_tracker.py:kalman_homography,
S,4,1971,PREDICTION,src/tracking/advanced_tracker.py:kalman_homography,
S,8,1971,PREDICTION,src/tracking/advanced_tracker.py:kalman_homography,
S,9,1971,PREDICTION,src/tracking/advanced_tracker.py:kalman_homography,
S,6,1971,PREDICTION,src/tracking/advanced_tracker.py:flow_gapfill_batched,
D,2,1971
S,0,1971,PREDICTION,src/tracking/advanced_tracker.py:id_merge,
D,4,1971
S,1,1971,PREDICTION,src/tracking/advanced_tracker.py:id_merge,
D,5,1971
S,7,1971,PREDICTION,src/tracking/advanced_tracker.py:id_merge,
D,8,1971
S,9,1971,PREDICTION,src/tracking/advanced_tracker.py:id_merge,
L,0,1971,PREDICTION,src/tracking/advanced_tracker.py:id_merge,
R,PREDICTION,PREDICTION,1
L,1,1971,PREDICTION,src/tracking/advanced_tracker.py:id_merge,
R,PREDICTION,PREDICTION,1
L,3,1971,PREDICTION,src/tracking/advanced_tracker.py:kalman_homography,
R,PREDICTION,PREDICTION,1
L,6,1971,PREDICTION,src/tracking/advanced_tracker.py:flow_gapfill_batched,
R,PREDICTION,PREDICTION,1
L,7,1971,PREDICTION,src/tracking/advanced_tracker.py:id_merge,
R,PREDICTION,PREDICTION,1
L,9,1971,PREDICTION,src/tracking/advanced_tracker.py:id_merge,
R,PREDICTION,SUBPIXEL,0
A,1971
S,0,1974,DETECTION,src/tracking/advanced_tracker.py:_activate_slot,1974_97_1138_1030_1849
S,7,1974,DETECTION,src/tracking/advanced_tracker.py:_activate_slot,1974_637_1815_931_1935
S,9,1974,DETECTION,src/tracking/advanced_tracker.py:_activate_slot,1974_664_1506_850_1638
S,1,1974,PREDICTION,src/tracking/advanced_tracker.py:kalman_homography,
S,2,1974,PREDICTION,src/tracking/advanced_tracker.py:kalman_homography,
S,3,1974,PREDICTION,src/tracking/advanced_tracker.py:kalman_homography,
S,4,1974,PREDICTION,src/tracking/advanced_tracker.py:kalman_homography,
S,5,1974,PREDICTION,src/tracking/advanced_tracker.py:kalman_homography,
S,8,1974,PREDICTION,src/tracking/advanced_tracker.py:kalman_homography,
D,2,1974
S,0,1974,PREDICTION,src/tracking/advanced_tracker.py:id_merge,
D,4,1974
S,1,1974,PREDICTION,src/tracking/advanced_tracker.py:id_merge,
D,5,1974
S,7,1974,PREDICTION,src/tracking/advanced_tracker.py:id_merge,
D,7,1974
S,9,1974,PREDICTION,src/tracking/advanced_tracker.py:id_merge,
L,0,1974,PREDICTION,src/tracking/advanced_tracker.py:id_merge,
R,PREDICTION,PREDICTION,1
L,1,1974,PREDICTION,src/tracking/advanced_tracker.py:id_merge,
R,PREDICTION,PREDICTION,1
L,3,1974,PREDICTION,src/tracking/advanced_tracker.py:kalman_homography,
R,PREDICTION,PREDICTION,1
L,8,1974,PREDICTION,src/tracking/advanced_tracker.py:kalman_homography,
R,PREDICTION,PREDICTION,1
L,9,1974,PREDICTION,src/tracking/advanced_tracker.py:id_merge,
R,PREDICTION,PREDICTION,1
A,1974
S,0,1977,DETECTION,src/tracking/advanced_tracker.py:_activate_slot,1977_78_1147_1028_1765
S,1,1977,PREDICTION,src/tracking/advanced_tracker.py:kalman_homography,
S,2,1977,PREDICTION,src/tracking/advanced_tracker.py:kalman_homography,
S,7,1977,PREDICTION,src/tracking/advanced_tracker.py:kalman_homography,
S,8,1977,PREDICTION,src/tracking/advanced_tracker.py:kalman_homography,
S,9,1977,PREDICTION,src/tracking/advanced_tracker.py:kalman_homography,
S,4,1977,PREDICTION,src/tracking/advanced_tracker.py:flow_gapfill_batched,
S,5,1977,PREDICTION,src/tracking/advanced_tracker.py:flow_gapfill_batched,
S,6,1977,PREDICTION,src/tracking/advanced_tracker.py:flow_gapfill_batched,
D,2,1977
S,0,1977,PREDICTION,src/tracking/advanced_tracker.py:id_merge,
D,5,1977
S,7,1977,PREDICTION,src/tracking/advanced_tracker.py:id_merge,
D,7,1977
S,9,1977,PREDICTION,src/tracking/advanced_tracker.py:id_merge,
L,0,1977,PREDICTION,src/tracking/advanced_tracker.py:id_merge,
R,PREDICTION,PREDICTION,1
L,1,1977,PREDICTION,src/tracking/advanced_tracker.py:kalman_homography,
R,PREDICTION,PREDICTION,1
L,4,1977,PREDICTION,src/tracking/advanced_tracker.py:flow_gapfill_batched,
R,PREDICTION,PREDICTION,1
L,6,1977,PREDICTION,src/tracking/advanced_tracker.py:flow_gapfill_batched,
R,PREDICTION,PREDICTION,1
L,8,1977,PREDICTION,src/tracking/advanced_tracker.py:kalman_homography,
R,PREDICTION,PREDICTION,1
L,9,1977,PREDICTION,src/tracking/advanced_tracker.py:id_merge,
R,PREDICTION,PREDICTION,1
A,1977
S,0,1980,DETECTION,src/tracking/advanced_tracker.py:_activate_slot,1980_55_1144_1024_1602
S,1,1980,PREDICTION,src/tracking/advanced_tracker.py:kalman_homography,
S,7,1980,PREDICTION,src/tracking/advanced_tracker.py:kalman_homography,
S,8,1980,PREDICTION,src/tracking/advanced_tracker.py:kalman_homography,
S,9,1980,PREDICTION,src/tracking/advanced_tracker.py:kalman_homography,
S,2,1980,PREDICTION,src/tracking/advanced_tracker.py:flow_gapfill_batched,
S,5,1980,PREDICTION,src/tracking/advanced_tracker.py:flow_gapfill_batched,
D,2,1980
S,0,1980,PREDICTION,src/tracking/advanced_tracker.py:id_merge,
D,5,1980
S,7,1980,PREDICTION,src/tracking/advanced_tracker.py:id_merge,
D,7,1980
S,9,1980,PREDICTION,src/tracking/advanced_tracker.py:id_merge,
L,0,1980,PREDICTION,src/tracking/advanced_tracker.py:id_merge,
R,PREDICTION,PREDICTION,1
L,1,1980,PREDICTION,src/tracking/advanced_tracker.py:kalman_homography,
R,PREDICTION,PREDICTION,1
L,8,1980,PREDICTION,src/tracking/advanced_tracker.py:kalman_homography,
R,PREDICTION,PREDICTION,1
L,9,1980,PREDICTION,src/tracking/advanced_tracker.py:id_merge,
R,PREDICTION,PREDICTION,1
A,1980
S,6,1983,DETECTION,src/tracking/advanced_tracker.py:_activate_slot,1983_39_1120_1027_1620
S,0,1983,PREDICTION,src/tracking/advanced_tracker.py:kalman_homography,
S,1,1983,PREDICTION,src/tracking/advanced_tracker.py:kalman_homography,
S,7,1983,PREDICTION,src/tracking/advanced_tracker.py:kalman_homography,
S,8,1983,PREDICTION,src/tracking/advanced_tracker.py:kalman_homography,
S,9,1983,PREDICTION,src/tracking/advanced_tracker.py:kalman_homography,
D,7,1983
S,9,1983,PREDICTION,src/tracking/advanced_tracker.py:id_merge,
L,0,1983,PREDICTION,src/tracking/advanced_tracker.py:kalman_homography,
R,PREDICTION,PREDICTION,1
L,1,1983,PREDICTION,src/tracking/advanced_tracker.py:kalman_homography,
R,PREDICTION,PREDICTION,1
L,6,1983,DETECTION,src/tracking/advanced_tracker.py:_activate_slot,1983_39_1120_1027_1620
R,DETECTION,DETECTION,1
L,8,1983,PREDICTION,src/tracking/advanced_tracker.py:kalman_homography,
R,PREDICTION,PREDICTION,1
L,9,1983,PREDICTION,src/tracking/advanced_tracker.py:id_merge,
R,PREDICTION,PREDICTION,1
A,1983
S,0,1986,DETECTION,src/tracking/advanced_tracker.py:_activate_slot,1986_34_1075_1030_1573
S,7,1986,PREDICTION,src/tracking/advanced_tracker.py:kalman_homography,
S,8,1986,PREDICTION,src/tracking/advanced_tracker.py:kalman_homography,
S,9,1986,PREDICTION,src/tracking/advanced_tracker.py:kalman_homography,
S,1,1986,PREDICTION,src/tracking/advanced_tracker.py:flow_gapfill_batched,
S,5,1986,PREDICTION,src/tracking/advanced_tracker.py:flow_gapfill_batched,
D,5,1986
S,7,1986,PREDICTION,src/tracking/advanced_tracker.py:id_merge,
D,7,1986
S,9,1986,PREDICTION,src/tracking/advanced_tracker.py:id_merge,
L,0,1986,DETECTION,src/tracking/advanced_tracker.py:_activate_slot,1986_34_1075_1030_1573
R,DETECTION,DETECTION,1
L,1,1986,PREDICTION,src/tracking/advanced_tracker.py:flow_gapfill_batched,
R,PREDICTION,PREDICTION,1
L,8,1986,PREDICTION,src/tracking/advanced_tracker.py:kalman_homography,
R,PREDICTION,PREDICTION,1
L,9,1986,PREDICTION,src/tracking/advanced_tracker.py:id_merge,
R,PREDICTION,PREDICTION,1
A,1986
S,5,1989,PREDICTION,src/tracking/advanced_tracker.py:flow_gapfill_render,
S,8,1989,PREDICTION,src/tracking/advanced_tracker.py:flow_gapfill_render,
L,5,1989,PREDICTION,src/tracking/advanced_tracker.py:flow_gapfill_render,
R,PREDICTION,PREDICTION,1
L,8,1989,PREDICTION,src/tracking/advanced_tracker.py:flow_gapfill_render,
R,PREDICTION,PREDICTION,1
A,1989
A,1992
S,5,1995,PREDICTION,src/tracking/advanced_tracker.py:flow_gapfill_render,
S,9,1995,PREDICTION,src/tracking/advanced_tracker.py:flow_gapfill_render,
L,5,1995,PREDICTION,src/tracking/advanced_tracker.py:flow_gapfill_render,
R,CLAMP,CLAMP,0
L,9,1995,PREDICTION,src/tracking/advanced_tracker.py:flow_gapfill_render,
R,PREDICTION,PREDICTION,1
A,1995
A,1998
S,6,2001,PREDICTION,src/tracking/advanced_tracker.py:flow_gapfill_render,
L,6,2001,PREDICTION,src/tracking/advanced_tracker.py:flow_gapfill_render,
R,PREDICTION,PREDICTION,1
A,2001
A,2004
A,2007
A,2010
A,2013
A,2016
A,2019
A,2022
A,2025
A,2028
A,2031
A,2034
A,2307
A,2310
A,2313
A,2316
S,0,2319,DETECTION,src/tracking/advanced_tracker.py:_activate_slot,2319_-10_1429_1019_1933
S,5,2319,DETECTION,src/tracking/advanced_tracker.py:_activate_slot,2319_-15_-15_1026_1626
S,6,2319,DETECTION,src/tracking/advanced_tracker.py:_activate_slot,2319_-15_237_595_1261
L,0,2319,DETECTION,src/tracking/advanced_tracker.py:_activate_slot,2319_-10_1429_1019_1933
R,DETECTION,DETECTION,1
L,5,2319,DETECTION,src/tracking/advanced_tracker.py:_activate_slot,2319_-15_-15_1026_1626
R,CLAMP,CLAMP,0
L,6,2319,DETECTION,src/tracking/advanced_tracker.py:_activate_slot,2319_-15_237_595_1261
R,CLAMP,CLAMP,0
A,2319
S,0,2322,DETECTION,src/tracking/advanced_tracker.py:_activate_slot,2322_-9_1451_1016_1932
S,5,2322,DETECTION,src/tracking/advanced_tracker.py:_activate_slot,2322_-14_-15_1029_1629
S,6,2322,DETECTION,src/tracking/advanced_tracker.py:_activate_slot,2322_-15_303_605_1297
L,0,2322,DETECTION,src/tracking/advanced_tracker.py:_activate_slot,2322_-9_1451_1016_1932
R,DETECTION,DETECTION,1
L,5,2322,DETECTION,src/tracking/advanced_tracker.py:_activate_slot,2322_-14_-15_1029_1629
R,CLAMP,CLAMP,0
L,6,2322,DETECTION,src/tracking/advanced_tracker.py:_activate_slot,2322_-15_303_605_1297
R,CLAMP,CLAMP,0
A,2322
S,5,2325,DETECTION,src/tracking/advanced_tracker.py:_activate_slot,2325_-15_-15_1025_1635
S,7,2325,DETECTION,src/tracking/advanced_tracker.py:_activate_slot,2325_-9_1513_1020_1933
S,0,2325,PREDICTION,src/tracking/advanced_tracker.py:kalman_homography,
S,6,2325,PREDICTION,src/tracking/advanced_tracker.py:kalman_homography,
L,0,2325,PREDICTION,src/tracking/advanced_tracker.py:kalman_homography,
R,PREDICTION,PREDICTION,1
L,5,2325,DETECTION,src/tracking/advanced_tracker.py:_activate_slot,2325_-15_-15_1025_1635
R,CLAMP,CLAMP,0
L,6,2325,PREDICTION,src/tracking/advanced_tracker.py:kalman_homography,
R,CLAMP,CLAMP,0
L,7,2325,DETECTION,src/tracking/advanced_tracker.py:_activate_slot,2325_-9_1513_1020_1933
R,CLAMP,CLAMP,0
A,2325
S,5,2328,DETECTION,src/tracking/advanced_tracker.py:_activate_slot,2328_-12_-14_1027_1686
S,7,2328,DETECTION,src/tracking/advanced_tracker.py:_activate_slot,2328_-11_1482_1017_1932
S,0,2328,PREDICTION,src/tracking/advanced_tracker.py:kalman_homography,
S,6,2328,PREDICTION,src/tracking/advanced_tracker.py:kalman_homography,
L,0,2328,PREDICTION,src/tracking/advanced_tracker.py:kalman_homography,
R,PREDICTION,PREDICTION,1
L,5,2328,DETECTION,src/tracking/advanced_tracker.py:_activate_slot,2328_-12_-14_1027_1686
R,CLAMP,CLAMP,0
L,6,2328,PREDICTION,src/tracking/advanced_tracker.py:kalman_homography,
R,CLAMP,CLAMP,0
L,7,2328,DETECTION,src/tracking/advanced_tracker.py:_activate_slot,2328_-11_1482_1017_1932
R,CLAMP,CLAMP,0
A,2328
S,5,2331,DETECTION,src/tracking/advanced_tracker.py:_activate_slot,2331_-15_-15_1027_1690
S,7,2331,DETECTION,src/tracking/advanced_tracker.py:_activate_slot,2331_-9_1489_1020_1933
S,0,2331,PREDICTION,src/tracking/advanced_tracker.py:kalman_homography,
S,6,2331,PREDICTION,src/tracking/advanced_tracker.py:kalman_homography,
L,0,2331,PREDICTION,src/tracking/advanced_tracker.py:kalman_homography,
R,PREDICTION,PREDICTION,1
L,5,2331,DETECTION,src/tracking/advanced_tracker.py:_activate_slot,2331_-15_-15_1027_1690
R,CLAMP,CLAMP,0
L,6,2331,PREDICTION,src/tracking/advanced_tracker.py:kalman_homography,
R,CLAMP,CLAMP,0
L,7,2331,DETECTION,src/tracking/advanced_tracker.py:_activate_slot,2331_-9_1489_1020_1933
R,CLAMP,CLAMP,0
A,2331
S,0,2334,DETECTION,src/tracking/advanced_tracker.py:_activate_slot,2334_-9_1473_1020_1935
S,5,2334,DETECTION,src/tracking/advanced_tracker.py:_activate_slot,2334_-15_-15_1029_1687
S,1,2334,DETECTION,src/tracking/advanced_tracker.py:_activate_slot,2334_-14_-15_367_151
S,6,2334,PREDICTION,src/tracking/advanced_tracker.py:kalman_homography,
S,7,2334,PREDICTION,src/tracking/advanced_tracker.py:flow_gapfill_batched,
L,0,2334,DETECTION,src/tracking/advanced_tracker.py:_activate_slot,2334_-9_1473_1020_1935
R,DETECTION,DETECTION,1
L,1,2334,DETECTION,src/tracking/advanced_tracker.py:_activate_slot,2334_-14_-15_367_151
R,CLAMP,CLAMP,0
L,5,2334,DETECTION,src/tracking/advanced_tracker.py:_activate_slot,2334_-15_-15_1029_1687
R,CLAMP,CLAMP,0
L,6,2334,PREDICTION,src/tracking/advanced_tracker.py:kalman_homography,
R,CLAMP,CLAMP,0
L,7,2334,PREDICTION,src/tracking/advanced_tracker.py:flow_gapfill_batched,
R,CLAMP,CLAMP,0
A,2334
S,0,2337,DETECTION,src/tracking/advanced_tracker.py:_activate_slot,2337_-10_1477_1014_1933
S,1,2337,DETECTION,src/tracking/advanced_tracker.py:_activate_slot,2337_-11_-15_368_152
S,5,2337,DETECTION,src/tracking/advanced_tracker.py:_activate_slot,2337_-14_-15_1029_1711
S,6,2337,PREDICTION,src/tracking/advanced_tracker.py:kalman_homography,
S,7,2337,PREDICTION,src/tracking/advanced_tracker.py:flow_gapfill_batched,
D,6,2337
S,7,2337,PREDICTION,src/tracking/advanced_tracker.py:id_merge,
L,0,2337,DETECTION,src/tracking/advanced_tracker.py:_activate_slot,2337_-10_1477_1014_1933
R,DETECTION,DETECTION,1
L,1,2337,DETECTION,src/tracking/advanced_tracker.py:_activate_slot,2337_-11_-15_368_152
R,CLAMP,CLAMP,0
L,5,2337,DETECTION,src/tracking/advanced_tracker.py:_activate_slot,2337_-14_-15_1029_1711
R,CLAMP,CLAMP,0
L,7,2337,PREDICTION,src/tracking/advanced_tracker.py:id_merge,
R,PREDICTION,PREDICTION,1
A,2337
S,0,2340,DETECTION,src/tracking/advanced_tracker.py:_activate_slot,2340_-7_1519_1017_1933
S,1,2340,DETECTION,src/tracking/advanced_tracker.py:_activate_slot,2340_-12_-15_368_163
S,5,2340,DETECTION,src/tracking/advanced_tracker.py:_activate_slot,2340_-15_-15_1023_1755
S,7,2340,CLAMP,src/tracking/advanced_tracker.py:_activate_slot,2340_-11_1351_1026_1933
S,6,2340,DETECTION,src/tracking/advanced_tracker.py:_activate_slot,2340_-14_429_602_1368
L,0,2340,DETECTION,src/tracking/advanced_tracker.py:_activate_slot,2340_-7_1519_1017_1933
R,DETECTION,DETECTION,1
L,1,2340,DETECTION,src/tracking/advanced_tracker.py:_activate_slot,2340_-12_-15_368_163
R,CLAMP,CLAMP,0
L,5,2340,DETECTION,src/tracking/advanced_tracker.py:_activate_slot,2340_-15_-15_1023_1755
R,CLAMP,CLAMP,0
L,6,2340,DETECTION,src/tracking/advanced_tracker.py:_activate_slot,2340_-14_429_602_1368
R,CLAMP,CLAMP,0
L,7,2340,CLAMP,src/tracking/advanced_tracker.py:_activate_slot,2340_-11_1351_1026_1933
R,CLAMP,CLAMP,0
A,2340
S,0,2343,DETECTION,src/tracking/advanced_tracker.py:_activate_slot,2343_-9_1519_1015_1933
S,5,2343,DETECTION,src/tracking/advanced_tracker.py:_activate_slot,2343_-13_-15_1024_1719
S,7,2343,CLAMP,src/tracking/advanced_tracker.py:_activate_slot,2343_-11_1357_1030_1933
S,8,2343,DETECTION,src/tracking/advanced_tracker.py:_activate_slot,2343_-13_-15_351_165
S,1,2343,PREDICTION,src/tracking/advanced_tracker.py:kalman_homography,
S,6,2343,PREDICTION,src/tracking/advanced_tracker.py:kalman_homography,
D,6,2343
S,7,2343,PREDICTION,src/tracking/advanced_tracker.py:id_merge,
L,0,2343,DETECTION,src/tracking/advanced_tracker.py:_activate_slot,2343_-9_1519_1015_1933
R,DETECTION,DETECTION,1
L,1,2343,PREDICTION,src/tracking/advanced_tracker.py:kalman_homography,
R,CLAMP,CLAMP,0
L,5,2343,DETECTION,src/tracking/advanced_tracker.py:_activate_slot,2343_-13_-15_1024_1719
R,CLAMP,CLAMP,0
L,7,2343,PREDICTION,src/tracking/advanced_tracker.py:id_merge,
R,PREDICTION,SUBPIXEL,0
L,8,2343,DETECTION,src/tracking/advanced_tracker.py:_activate_slot,2343_-13_-15_351_165
R,CLAMP,CLAMP,0
A,2343
S,5,2346,DETECTION,src/tracking/advanced_tracker.py:_activate_slot,2346_-14_-9_1027_1698
S,7,2346,CLAMP,src/tracking/advanced_tracker.py:_activate_slot,2346_-11_1357_1015_1933
S,8,2346,DETECTION,src/tracking/advanced_tracker.py:_activate_slot,2346_-12_-15_338_159
S,0,2346,PREDICTION,src/tracking/advanced_tracker.py:kalman_homography,
S,1,2346,PREDICTION,src/tracking/advanced_tracker.py:kalman_homography,
S,6,2346,PREDICTION,src/tracking/advanced_tracker.py:kalman_homography,
D,5,2346
S,8,2346,PREDICTION,src/tracking/advanced_tracker.py:id_merge,
L,0,2346,PREDICTION,src/tracking/advanced_tracker.py:kalman_homography,
R,PREDICTION,PREDICTION,1
L,1,2346,PREDICTION,src/tracking/advanced_tracker.py:kalman_homography,
R,CLAMP,CLAMP,0
L,6,2346,PREDICTION,src/tracking/advanced_tracker.py:kalman_homography,
R,CLAMP,CLAMP,0
L,7,2346,CLAMP,src/tracking/advanced_tracker.py:_activate_slot,2346_-11_1357_1015_1933
R,CLAMP,CLAMP,0
L,8,2346,PREDICTION,src/tracking/advanced_tracker.py:id_merge,
R,CLAMP,CLAMP,0
A,2346
S,1,2349,DETECTION,src/tracking/advanced_tracker.py:_activate_slot,2349_-12_-15_330_148
S,5,2349,DETECTION,src/tracking/advanced_tracker.py:_activate_slot,2349_-15_-9_1027_1674
S,7,2349,DETECTION,src/tracking/advanced_tracker.py:_activate_slot,2349_-11_1361_1011_1932
S,9,2349,DETECTION,src/tracking/advanced_tracker.py:_activate_slot,2349_-8_369_582_686
S,0,2349,PREDICTION,src/tracking/advanced_tracker.py:kalman_homography,
S,6,2349,PREDICTION,src/tracking/advanced_tracker.py:kalman_homography,
S,8,2349,PREDICTION,src/tracking/advanced_tracker.py:kalman_homography,
D,7,2349
S,9,2349,PREDICTION,src/tracking/advanced_tracker.py:id_merge,
L,0,2349,PREDICTION,src/tracking/advanced_tracker.py:kalman_homography,
R,PREDICTION,PREDICTION,1
L,1,2349,DETECTION,src/tracking/advanced_tracker.py:_activate_slot,2349_-12_-15_330_148
R,CLAMP,CLAMP,0
L,5,2349,DETECTION,src/tracking/advanced_tracker.py:_activate_slot,2349_-15_-9_1027_1674
R,CLAMP,CLAMP,0
L,6,2349,PREDICTION,src/tracking/advanced_tracker.py:kalman_homography,
R,CLAMP,CLAMP,0
L,8,2349,PREDICTION,src/tracking/advanced_tracker.py:kalman_homography,
R,CLAMP,CLAMP,0
L,9,2349,PREDICTION,src/tracking/advanced_tracker.py:id_merge,
R,CLAMP,CLAMP,1
A,2349
S,5,2352,DETECTION,src/tracking/advanced_tracker.py:_activate_slot,2352_-15_-15_1030_1671
S,7,2352,DETECTION,src/tracking/advanced_tracker.py:_activate_slot,2352_-9_1344_1006_1935
S,9,2352,DETECTION,src/tracking/advanced_tracker.py:_activate_slot,2352_-10_345_574_649
S,8,2352,DETECTION,src/tracking/advanced_tracker.py:_activate_slot,2352_-12_-15_324_137
S,0,2352,PREDICTION,src/tracking/advanced_tracker.py:kalman_homography,
S,1,2352,PREDICTION,src/tracking/advanced_tracker.py:kalman_homography,
S,6,2352,PREDICTION,src/tracking/advanced_tracker.py:kalman_homography,
D,5,2352
S,8,2352,PREDICTION,src/tracking/advanced_tracker.py:id_merge,
D,7,2352
S,9,2352,PREDICTION,src/tracking/advanced_tracker.py:id_merge,
L,0,2352,PREDICTION,src/tracking/advanced_tracker.py:kalman_homography,
R,PREDICTION,PREDICTION,1
L,1,2352,PREDICTION,src/tracking/advanced_tracker.py:kalman_homography,
R,CLAMP,CLAMP,0
L,6,2352,PREDICTION,src/tracking/advanced_tracker.py:kalman_homography,
R,CLAMP,CLAMP,0
L,8,2352,PREDICTION,src/tracking/advanced_tracker.py:id_merge,
R,CLAMP,CLAMP,0
L,9,2352,PREDICTION,src/tracking/advanced_tracker.py:id_merge,
R,CLAMP,CLAMP,0
A,2352
S,5,2355,DETECTION,src/tracking/advanced_tracker.py:_activate_slot,2355_-12_-15_1027_1644
S,7,2355,CLAMP,src/tracking/advanced_tracker.py:_activate_slot,2355_-9_1285_1008_1933
S,9,2355,DETECTION,src/tracking/advanced_tracker.py:_activate_slot,2355_-11_328_537_633
S,0,2355,PREDICTION,src/tracking/advanced_tracker.py:kalman_homography,
S,1,2355,PREDICTION,src/tracking/advanced_tracker.py:kalman_homography,
S,8,2355,PREDICTION,src/tracking/advanced_tracker.py:kalman_homography,
L,0,2355,PREDICTION,src/tracking/advanced_tracker.py:kalman_homography,
R,PREDICTION,PREDICTION,1
L,1,2355,PREDICTION,src/tracking/advanced_tracker.py:kalman_homography,
R,CLAMP,CLAMP,0
L,5,2355,DETECTION,src/tracking/advanced_tracker.py:_activate_slot,2355_-12_-15_1027_1644
R,CLAMP,CLAMP,0
L,7,2355,CLAMP,src/tracking/advanced_tracker.py:_activate_slot,2355_-9_1285_1008_1933
R,CLAMP,CLAMP,0
L,8,2355,PREDICTION,src/tracking/advanced_tracker.py:kalman_homography,
R,CLAMP,CLAMP,0
L,9,2355,DETECTION,src/tracking/advanced_tracker.py:_activate_slot,2355_-11_328_537_633
R,DETECTION,DETECTION,1
A,2355
S,0,2358,DETECTION,src/tracking/advanced_tracker.py:_activate_slot,2358_-11_1254_1020_1935
S,5,2358,DETECTION,src/tracking/advanced_tracker.py:_activate_slot,2358_-15_-12_1031_1659
S,9,2358,DETECTION,src/tracking/advanced_tracker.py:_activate_slot,2358_-9_314_561_638
S,1,2358,PREDICTION,src/tracking/advanced_tracker.py:kalman_homography,
S,7,2358,PREDICTION,src/tracking/advanced_tracker.py:kalman_homography,
S,8,2358,PREDICTION,src/tracking/advanced_tracker.py:kalman_homography,
S,6,2358,PREDICTION,src/tracking/advanced_tracker.py:flow_gapfill_batched,
D,6,2358
S,7,2358,PREDICTION,src/tracking/advanced_tracker.py:id_merge,
D,7,2358
S,9,2358,PREDICTION,src/tracking/advanced_tracker.py:id_merge,
L,0,2358,DETECTION,src/tracking/advanced_tracker.py:_activate_slot,2358_-11_1254_1020_1935
R,DETECTION,DETECTION,1
L,1,2358,PREDICTION,src/tracking/advanced_tracker.py:kalman_homography,
R,CLAMP,CLAMP,0
L,5,2358,DETECTION,src/tracking/advanced_tracker.py:_activate_slot,2358_-15_-12_1031_1659
R,CLAMP,CLAMP,0
L,8,2358,PREDICTION,src/tracking/advanced_tracker.py:kalman_homography,
R,CLAMP,CLAMP,0
L,9,2358,PREDICTION,src/tracking/advanced_tracker.py:id_merge,
R,CLAMP,CLAMP,1
A,2358
S,0,2361,DETECTION,src/tracking/advanced_tracker.py:_activate_slot,2361_-11_1233_1010_1935
S,5,2361,DETECTION,src/tracking/advanced_tracker.py:_activate_slot,2361_-14_-11_1030_1671
S,6,2361,DETECTION,src/tracking/advanced_tracker.py:_activate_slot,2361_-15_312_598_1281
S,9,2361,DETECTION,src/tracking/advanced_tracker.py:_activate_slot,2361_-10_315_576_680
S,1,2361,PREDICTION,src/tracking/advanced_tracker.py:kalman_homography,
S,7,2361,PREDICTION,src/tracking/advanced_tracker.py:kalman_homography,
S,8,2361,PREDICTION,src/tracking/advanced_tracker.py:kalman_homography,
D,8,2361
S,5,2361,PREDICTION,src/tracking/advanced_tracker.py:id_merge,
D,7,2361
S,9,2361,PREDICTION,src/tracking/advanced_tracker.py:id_merge,
L,0,2361,DETECTION,src/tracking/advanced_tracker.py:_activate_slot,2361_-11_1233_1010_1935
R,DETECTION,DETECTION,1
L,1,2361,PREDICTION,src/tracking/advanced_tracker.py:kalman_homography,
R,CLAMP,CLAMP,0
L,5,2361,PREDICTION,src/tracking/advanced_tracker.py:id_merge,
R,CLAMP,CLAMP,0
L,6,2361,DETECTION,src/tracking/advanced_tracker.py:_activate_slot,2361_-15_312_598_1281
R,CLAMP,CLAMP,0
L,9,2361,PREDICTION,src/tracking/advanced_tracker.py:id_merge,
R,CLAMP,CLAMP,0
A,2361
S,0,2364,DETECTION,src/tracking/advanced_tracker.py:_activate_slot,2364_-11_1233_1006_1935
S,8,2364,DETECTION,src/tracking/advanced_tracker.py:_activate_slot,2364_-14_-15_1028_1704
S,9,2364,DETECTION,src/tracking/advanced_tracker.py:_activate_slot,2364_-9_315_586_690
S,6,2364,DETECTION,src/tracking/advanced_tracker.py:_activate_slot,2364_-14_310_602_1294
S,1,2364,PREDICTION,src/tracking/advanced_tracker.py:kalman_homography,
S,7,2364,PREDICTION,src/tracking/advanced_tracker.py:kalman_homography,
D,7,2364
S,9,2364,PREDICTION,src/tracking/advanced_tracker.py:id_merge,
L,0,2364,DETECTION,src/tracking/advanced_tracker.py:_activate_slot,2364_-11_1233_1006_1935
R,DETECTION,DETECTION,1
L,1,2364,PREDICTION,src/tracking/advanced_tracker.py:kalman_homography,
R,CLAMP,CLAMP,0
L,6,2364,DETECTION,src/tracking/advanced_tracker.py:_activate_slot,2364_-14_310_602_1294
R,CLAMP,CLAMP,0
L,8,2364,DETECTION,src/tracking/advanced_tracker.py:_activate_slot,2364_-14_-15_1028_1704
R,CLAMP,CLAMP,0
L,9,2364,PREDICTION,src/tracking/advanced_tracker.py:id_merge,
R,CLAMP,CLAMP,0
A,2364
S,5,2367,DETECTION,src/tracking/advanced_tracker.py:_activate_slot,2367_-15_-12_1029_1722
S,7,2367,CLAMP,src/tracking/advanced_tracker.py:_activate_slot,2367_-11_1249_1011_1933
S,8,2367,DETECTION,src/tracking/advanced_tracker.py:_activate_slot,2367_-13_-15_362_150
S,9,2367,DETECTION,src/tracking/advanced_tracker.py:_activate_slot,2367_-9_308_587_693
S,6,2367,DETECTION,src/tracking/advanced_tracker.py:_activate_slot,2367_-14_303_600_1299
S,0,2367,PREDICTION,src/tracking/advanced_tracker.py:kalman_homography,
S,1,2367,PREDICTION,src/tracking/advanced_tracker.py:kalman_homography,
D,6,2367
S,7,2367,PREDICTION,src/tracking/advanced_tracker.py:id_merge,
L,0,2367,PREDICTION,src/tracking/advanced_tracker.py:kalman_homography,
R,PREDICTION,PREDICTION,1
L,1,2367,PREDICTION,src/tracking/advanced_tracker.py:kalman_homography,
R,CLAMP,CLAMP,0
L,5,2367,DETECTION,src/tracking/advanced_tracker.py:_activate_slot,2367_-15_-12_1029_1722
R,CLAMP,CLAMP,0
L,7,2367,PREDICTION,src/tracking/advanced_tracker.py:id_merge,
R,PREDICTION,SUBPIXEL,0
L,8,2367,DETECTION,src/tracking/advanced_tracker.py:_activate_slot,2367_-13_-15_362_150
R,CLAMP,CLAMP,0
L,9,2367,DETECTION,src/tracking/advanced_tracker.py:_activate_slot,2367_-9_308_587_693
R,CLAMP,CLAMP,0
A,2367
S,0,2370,DETECTION,src/tracking/advanced_tracker.py:_activate_slot,2370_-8_1273_1014_1933
S,5,2370,DETECTION,src/tracking/advanced_tracker.py:_activate_slot,2370_-14_-14_1027_1731
S,9,2370,DETECTION,src/tracking/advanced_tracker.py:_activate_slot,2370_-9_299_583_689
S,6,2370,DETECTION,src/tracking/advanced_tracker.py:_activate_slot,2370_-14_294_597_1296
S,1,2370,PREDICTION,src/tracking/advanced_tracker.py:kalman_homography,
S,7,2370,PREDICTION,src/tracking/advanced_tracker.py:kalman_homography,
S,8,2370,PREDICTION,src/tracking/advanced_tracker.py:kalman_homography,
D,7,2370
S,9,2370,PREDICTION,src/tracking/advanced_tracker.py:id_merge,
L,0,2370,DETECTION,src/tracking/advanced_tracker.py:_activate_slot,2370_-8_1273_1014_1933
R,DETECTION,DETECTION,1
L,1,2370,PREDICTION,src/tracking/advanced_tracker.py:kalman_homography,
R,CLAMP,CLAMP,0
L,5,2370,DETECTION,src/tracking/advanced_tracker.py:_activate_slot,2370_-14_-14_1027_1731
R,CLAMP,CLAMP,0
L,6,2370,DETECTION,src/tracking/advanced_tracker.py:_activate_slot,2370_-14_294_597_1296
R,CLAMP,CLAMP,0
L,8,2370,PREDICTION,src/tracking/advanced_tracker.py:kalman_homography,
R,CLAMP,CLAMP,0
L,9,2370,PREDICTION,src/tracking/advanced_tracker.py:id_merge,
R,CLAMP,CLAMP,0
A,2370
S,5,2373,DETECTION,src/tracking/advanced_tracker.py:_activate_slot,2373_-10_1275_1023_1935
S,6,2373,CLAMP,src/tracking/advanced_tracker.py:_activate_slot,2373_-15_-11_1029_1759
S,9,2373,DETECTION,src/tracking/advanced_tracker.py:_activate_slot,2373_-9_287_585_688
S,0,2373,PREDICTION,src/tracking/advanced_tracker.py:kalman_homography,
S,7,2373,PREDICTION,src/tracking/advanced_tracker.py:kalman_homography,
S,8,2373,PREDICTION,src/tracking/advanced_tracker.py:kalman_homography,
S,1,2373,PREDICTION,src/tracking/advanced_tracker.py:flow_gapfill_batched,
D,7,2373
S,5,2373,PREDICTION,src/tracking/advanced_tracker.py:id_merge,
L,0,2373,PREDICTION,src/tracking/advanced_tracker.py:kalman_homography,
R,PREDICTION,PREDICTION,1
L,1,2373,PREDICTION,src/tracking/advanced_tracker.py:flow_gapfill_batched,
R,CLAMP,CLAMP,0
L,5,2373,PREDICTION,src/tracking/advanced_tracker.py:id_merge,
R,CLAMP,CLAMP,0
L,6,2373,CLAMP,src/tracking/advanced_tracker.py:_activate_slot,2373_-15_-11_1029_1759
R,CLAMP,CLAMP,0
L,8,2373,PREDICTION,src/tracking/advanced_tracker.py:kalman_homography,
R,CLAMP,CLAMP,0
L,9,2373,DETECTION,src/tracking/advanced_tracker.py:_activate_slot,2373_-9_287_585_688
R,CLAMP,CLAMP,0
A,2373
S,0,2376,DETECTION,src/tracking/advanced_tracker.py:_activate_slot,2376_-11_1527_1015_1935
S,6,2376,CLAMP,src/tracking/advanced_tracker.py:_activate_slot,2376_-15_-14_1029_1705
S,7,2376,CLAMP,src/tracking/advanced_tracker.py:_activate_slot,2376_-9_1267_1021_1933
S,9,2376,DETECTION,src/tracking/advanced_tracker.py:_activate_slot,2376_-9_282_592_676
S,5,2376,PREDICTION,src/tracking/advanced_tracker.py:flow_gapfill_batched,
S,8,2376,PREDICTION,src/tracking/advanced_tracker.py:flow_gapfill_batched,
D,6,2376
S,7,2376,PREDICTION,src/tracking/advanced_tracker.py:id_merge,
L,0,2376,DETECTION,src/tracking/advanced_tracker.py:_activate_slot,2376_-11_1527_1015_1935
R,DETECTION,DETECTION,1
L,5,2376,PREDICTION,src/tracking/advanced_tracker.py:flow_gapfill_batched,
R,CLAMP,CLAMP,0
L,7,2376,PREDICTION,src/tracking/advanced_tracker.py:id_merge,
R,PREDICTION,SUBPIXEL,0
L,8,2376,PREDICTION,src/tracking/advanced_tracker.py:flow_gapfill_batched,
R,CLAMP,CLAMP,0
L,9,2376,DETECTION,src/tracking/advanced_tracker.py:_activate_slot,2376_-9_282_592_676
R,CLAMP,CLAMP,0
A,2376
S,0,2379,DETECTION,src/tracking/advanced_tracker.py:_activate_slot,2379_-9_1505_1017_1932
S,5,2379,DETECTION,src/tracking/advanced_tracker.py:_activate_slot,2379_-9_1263_1020_1935
S,6,2379,CLAMP,src/tracking/advanced_tracker.py:_activate_slot,2379_-12_-12_1029_1683
S,9,2379,DETECTION,src/tracking/advanced_tracker.py:_activate_slot,2379_-9_285_600_687
S,7,2379,PREDICTION,src/tracking/advanced_tracker.py:flow_gapfill_batched,
S,8,2379,PREDICTION,src/tracking/advanced_tracker.py:flow_gapfill_batched,
D,7,2379
S,5,2379,PREDICTION,src/tracking/advanced_tracker.py:id_merge,
L,0,2379,DETECTION,src/tracking/advanced_tracker.py:_activate_slot,2379_-9_1505_1017_1932
R,DETECTION,DETECTION,1
L,5,2379,PREDICTION,src/tracking/advanced_tracker.py:id_merge,
R,CLAMP,CLAMP,0
L,6,2379,CLAMP,src/tracking/advanced_tracker.py:_activate_slot,2379_-12_-12_1029_1683
R,CLAMP,CLAMP,0
L,8,2379,PREDICTION,src/tracking/advanced_tracker.py:flow_gapfill_batched,
R,CLAMP,CLAMP,0
L,9,2379,DETECTION,src/tracking/advanced_tracker.py:_activate_slot,2379_-9_285_600_687
R,CLAMP,CLAMP,0
A,2379
S,0,2382,DETECTION,src/tracking/advanced_tracker.py:_activate_slot,2382_-9_1507_1015_1933
S,1,2382,DETECTION,src/tracking/advanced_tracker.py:_activate_slot,2382_-9_293_595_717
S,6,2382,CLAMP,src/tracking/advanced_tracker.py:_activate_slot,2382_-15_-12_1027_1710
S,9,2382,CLAMP,src/tracking/advanced_tracker.py:_activate_slot,2382_-15_294_599_1294
S,5,2382,PREDICTION,src/tracking/advanced_tracker.py:flow_gapfill_batched,
S,7,2382,PREDICTION,src/tracking/advanced_tracker.py:flow_gapfill_batched,
D,7,2382
S,5,2382,PREDICTION,src/tracking/advanced_tracker.py:id_merge,
L,0,2382,DETECTION,src/tracking/advanced_tracker.py:_activate_slot,2382_-9_1507_1015_1933
R,DETECTION,DETECTION,1
L,1,2382,DETECTION,src/tracking/advanced_tracker.py:_activate_slot,2382_-9_293_595_717
R,CLAMP,CLAMP,0
L,5,2382,PREDICTION,src/tracking/advanced_tracker.py:id_merge,
R,CLAMP,CLAMP,0
L,6,2382,CLAMP,src/tracking/advanced_tracker.py:_activate_slot,2382_-15_-12_1027_1710
R,CLAMP,CLAMP,0
L,9,2382,CLAMP,src/tracking/advanced_tracker.py:_activate_slot,2382_-15_294_599_1294
R,CLAMP,CLAMP,0
A,2382
S,0,2385,DETECTION,src/tracking/advanced_tracker.py:_activate_slot,2385_-7_1507_1016_1933
S,6,2385,CLAMP,src/tracking/advanced_tracker.py:_activate_slot,2385_-15_-15_1029_1683
S,9,2385,CLAMP,src/tracking/advanced_tracker.py:_activate_slot,2385_-15_305_604_1308
S,1,2385,PREDICTION,src/tracking/advanced_tracker.py:kalman_homography,
S,5,2385,PREDICTION,src/tracking/advanced_tracker.py:flow_gapfill_batched,
S,7,2385,PREDICTION,src/tracking/advanced_tracker.py:flow_gapfill_batched,
S,8,2385,PREDICTION,src/tracking/advanced_tracker.py:flow_gapfill_batched,
D,7,2385
S,5,2385,PREDICTION,src/tracking/advanced_tracker.py:id_merge,
L,0,2385,DETECTION,src/tracking/advanced_tracker.py:_activate_slot,2385_-7_1507_1016_1933
R,DETECTION,DETECTION,1
L,1,2385,PREDICTION,src/tracking/advanced_tracker.py:kalman_homography,
R,CLAMP,CLAMP,0
L,5,2385,PREDICTION,src/tracking/advanced_tracker.py:id_merge,
R,CLAMP,CLAMP,0
L,6,2385,CLAMP,src/tracking/advanced_tracker.py:_activate_slot,2385_-15_-15_1029_1683
R,CLAMP,CLAMP,0
L,8,2385,PREDICTION,src/tracking/advanced_tracker.py:flow_gapfill_batched,
R,CLAMP,CLAMP,0
L,9,2385,CLAMP,src/tracking/advanced_tracker.py:_activate_slot,2385_-15_305_604_1308
R,CLAMP,CLAMP,0
A,2385
S,0,2388,DETECTION,src/tracking/advanced_tracker.py:_activate_slot,2388_-6_1509_1014_1935
S,6,2388,CLAMP,src/tracking/advanced_tracker.py:_activate_slot,2388_-15_-11_1029_1669
S,9,2388,CLAMP,src/tracking/advanced_tracker.py:_activate_slot,2388_-15_320_592_1309
S,1,2388,PREDICTION,src/tracking/advanced_tracker.py:kalman_homography,
S,5,2388,PREDICTION,src/tracking/advanced_tracker.py:flow_gapfill_batched,
S,7,2388,PREDICTION,src/tracking/advanced_tracker.py:flow_gapfill_batched,
S,8,2388,PREDICTION,src/tracking/advanced_tracker.py:flow_gapfill_batched,
D,7,2388
S,5,2388,PREDICTION,src/tracking/advanced_tracker.py:id_merge,
L,0,2388,DETECTION,src/tracking/advanced_tracker.py:_activate_slot,2388_-6_1509_1014_1935
R,DETECTION,DETECTION,1
L,1,2388,PREDICTION,src/tracking/advanced_tracker.py:kalman_homography,
R,CLAMP,CLAMP,0
L,5,2388,PREDICTION,src/tracking/advanced_tracker.py:id_merge,
R,CLAMP,CLAMP,0
L,6,2388,CLAMP,src/tracking/advanced_tracker.py:_activate_slot,2388_-15_-11_1029_1669
R,CLAMP,CLAMP,0
L,8,2388,PREDICTION,src/tracking/advanced_tracker.py:flow_gapfill_batched,
R,CLAMP,CLAMP,0
L,9,2388,CLAMP,src/tracking/advanced_tracker.py:_activate_slot,2388_-15_320_592_1309
R,CLAMP,CLAMP,0
A,2388
S,0,2391,DETECTION,src/tracking/advanced_tracker.py:_activate_slot,2391_-6_1517_1014_1932
S,6,2391,CLAMP,src/tracking/advanced_tracker.py:_activate_slot,2391_-15_-8_1029_1672
S,9,2391,CLAMP,src/tracking/advanced_tracker.py:_activate_slot,2391_-14_334_597_1273
S,1,2391,PREDICTION,src/tracking/advanced_tracker.py:kalman_homography,
S,5,2391,PREDICTION,src/tracking/advanced_tracker.py:flow_gapfill_batched,
S,7,2391,PREDICTION,src/tracking/advanced_tracker.py:flow_gapfill_batched,
S,8,2391,PREDICTION,src/tracking/advanced_tracker.py:flow_gapfill_batched,
D,7,2391
S,5,2391,PREDICTION,src/tracking/advanced_tracker.py:id_merge,
L,0,2391,DETECTION,src/tracking/advanced_tracker.py:_activate_slot,2391_-6_1517_1014_1932
R,DETECTION,DETECTION,1
L,1,2391,PREDICTION,src/tracking/advanced_tracker.py:kalman_homography,
R,CLAMP,CLAMP,0
L,5,2391,PREDICTION,src/tracking/advanced_tracker.py:id_merge,
R,CLAMP,CLAMP,0
L,6,2391,CLAMP,src/tracking/advanced_tracker.py:_activate_slot,2391_-15_-8_1029_1672
R,CLAMP,CLAMP,0
L,8,2391,PREDICTION,src/tracking/advanced_tracker.py:flow_gapfill_batched,
R,CLAMP,CLAMP,0
L,9,2391,CLAMP,src/tracking/advanced_tracker.py:_activate_slot,2391_-14_334_597_1273
R,CLAMP,CLAMP,0
A,2391
S,0,2394,DETECTION,src/tracking/advanced_tracker.py:_activate_slot,2394_-6_1511_1014_1932
S,6,2394,CLAMP,src/tracking/advanced_tracker.py:_activate_slot,2394_-14_-12_1029_1695
S,9,2394,CLAMP,src/tracking/advanced_tracker.py:_activate_slot,2394_-15_356_596_1290
S,1,2394,PREDICTION,src/tracking/advanced_tracker.py:kalman_homography,
S,5,2394,PREDICTION,src/tracking/advanced_tracker.py:flow_gapfill_batched,
S,7,2394,PREDICTION,src/tracking/advanced_tracker.py:flow_gapfill_batched,
D,1,2394
S,0,2394,PREDICTION,src/tracking/advanced_tracker.py:id_merge,
D,7,2394
S,5,2394,PREDICTION,src/tracking/advanced_tracker.py:id_merge,
L,0,2394,PREDICTION,src/tracking/advanced_tracker.py:id_merge,
R,PREDICTION,PREDICTION,1
L,5,2394,PREDICTION,src/tracking/advanced_tracker.py:id_merge,
R,CLAMP,CLAMP,0
L,6,2394,CLAMP,src/tracking/advanced_tracker.py:_activate_slot,2394_-14_-12_1029_1695
R,CLAMP,CLAMP,0
L,9,2394,CLAMP,src/tracking/advanced_tracker.py:_activate_slot,2394_-15_356_596_1290
R,CLAMP,CLAMP,0
A,2394
S,0,2397,DETECTION,src/tracking/advanced_tracker.py:_activate_slot,2397_-5_1510_1014_1933
S,6,2397,CLAMP,src/tracking/advanced_tracker.py:_activate_slot,2397_-13_-14_1029_1683
S,9,2397,CLAMP,src/tracking/advanced_tracker.py:_activate_slot,2397_-15_363_600_1289
S,1,2397,PREDICTION,src/tracking/advanced_tracker.py:kalman_homography,
S,5,2397,PREDICTION,src/tracking/advanced_tracker.py:flow_gapfill_batched,
S,7,2397,PREDICTION,src/tracking/advanced_tracker.py:flow_gapfill_batched,
D,1,2397
S,0,2397,PREDICTION,src/tracking/advanced_tracker.py:id_merge,
D,7,2397
S,5,2397,PREDICTION,src/tracking/advanced_tracker.py:id_merge,
L,0,2397,PREDICTION,src/tracking/advanced_tracker.py:id_merge,
R,PREDICTION,SUBPIXEL,0
L,5,2397,PREDICTION,src/tracking/advanced_tracker.py:id_merge,
R,CLAMP,CLAMP,0
L,6,2397,CLAMP,src/tracking/advanced_tracker.py:_activate_slot,2397_-13_-14_1029_1683
R,CLAMP,CLAMP,0
L,9,2397,CLAMP,src/tracking/advanced_tracker.py:_activate_slot,2397_-15_363_600_1289
R,CLAMP,CLAMP,0
A,2397
S,0,2400,DETECTION,src/tracking/advanced_tracker.py:_activate_slot,2400_-9_1483_1011_1933
S,6,2400,CLAMP,src/tracking/advanced_tracker.py:_activate_slot,2400_-13_-14_1029_1665
S,9,2400,CLAMP,src/tracking/advanced_tracker.py:_activate_slot,2400_-15_316_601_1336
S,1,2400,PREDICTION,src/tracking/advanced_tracker.py:kalman_homography,
S,5,2400,PREDICTION,src/tracking/advanced_tracker.py:flow_gapfill_batched,
S,7,2400,PREDICTION,src/tracking/advanced_tracker.py:flow_gapfill_batched,
D,1,2400
S,0,2400,PREDICTION,src/tracking/advanced_tracker.py:id_merge,
D,7,2400
S,5,2400,PREDICTION,src/tracking/advanced_tracker.py:id_merge,
L,0,2400,PREDICTION,src/tracking/advanced_tracker.py:id_merge,
R,PREDICTION,PREDICTION,1
L,5,2400,PREDICTION,src/tracking/advanced_tracker.py:id_merge,
R,CLAMP,CLAMP,0
L,6,2400,CLAMP,src/tracking/advanced_tracker.py:_activate_slot,2400_-13_-14_1029_1665
R,CLAMP,CLAMP,0
L,9,2400,CLAMP,src/tracking/advanced_tracker.py:_activate_slot,2400_-15_316_601_1336
R,CLAMP,CLAMP,0
A,2400
S,0,2403,DETECTION,src/tracking/advanced_tracker.py:_activate_slot,2403_-8_1539_1015_1935
S,5,2403,DETECTION,src/tracking/advanced_tracker.py:_activate_slot,2403_-11_-15_368_139
S,6,2403,CLAMP,src/tracking/advanced_tracker.py:_activate_slot,2403_-15_-8_1029_1663
S,9,2403,DETECTION,src/tracking/advanced_tracker.py:_activate_slot,2403_-15_306_621_1311
S,1,2403,PREDICTION,src/tracking/advanced_tracker.py:kalman_homography,
D,1,2403
S,0,2403,PREDICTION,src/tracking/advanced_tracker.py:id_merge,
L,0,2403,PREDICTION,src/tracking/advanced_tracker.py:id_merge,
R,PREDICTION,PREDICTION,1
L,5,2403,DETECTION,src/tracking/advanced_tracker.py:_activate_slot,2403_-11_-15_368_139
R,CLAMP,CLAMP,0
L,6,2403,CLAMP,src/tracking/advanced_tracker.py:_activate_slot,2403_-15_-8_1029_1663
R,CLAMP,CLAMP,0
L,9,2403,DETECTION,src/tracking/advanced_tracker.py:_activate_slot,2403_-15_306_621_1311
R,DETECTION,DETECTION,1
A,2403
S,0,2406,DETECTION,src/tracking/advanced_tracker.py:_activate_slot,2406_-8_1575_1017_1935
S,5,2406,DETECTION,src/tracking/advanced_tracker.py:_activate_slot,2406_-11_-15_370_150
S,6,2406,CLAMP,src/tracking/advanced_tracker.py:_activate_slot,2406_-15_-15_1029_1692
S,9,2406,DETECTION,src/tracking/advanced_tracker.py:_activate_slot,2406_-15_349_618_1290
S,1,2406,PREDICTION,src/tracking/advanced_tracker.py:flow_gapfill_batched,
L,0,2406,DETECTION,src/tracking/advanced_tracker.py:_activate_slot,2406_-8_1575_1017_1935
R,DETECTION,DETECTION,1
L,1,2406,PREDICTION,src/tracking/advanced_tracker.py:flow_gapfill_batched,
R,CLAMP,CLAMP,0
L,5,2406,DETECTION,src/tracking/advanced_tracker.py:_activate_slot,2406_-11_-15_370_150
R,CLAMP,CLAMP,0
L,6,2406,CLAMP,src/tracking/advanced_tracker.py:_activate_slot,2406_-15_-15_1029_1692
R,CLAMP,CLAMP,0
L,9,2406,DETECTION,src/tracking/advanced_tracker.py:_activate_slot,2406_-15_349_618_1290
R,DETECTION,DETECTION,1
A,2406
S,0,2409,DETECTION,src/tracking/advanced_tracker.py:_activate_slot,2409_-8_1593_1017_1935
S,2,2409,DETECTION,src/tracking/advanced_tracker.py:_activate_slot,2409_-11_-15_368_159
S,6,2409,CLAMP,src/tracking/advanced_tracker.py:_activate_slot,2409_-15_-15_1026_1725
S,9,2409,DETECTION,src/tracking/advanced_tracker.py:_activate_slot,2409_-15_351_615_1312
S,5,2409,PREDICTION,src/tracking/advanced_tracker.py:flow_gapfill_batched,
D,6,2409
S,9,2409,PREDICTION,src/tracking/advanced_tracker.py:id_merge,
L,0,2409,DETECTION,src/tracking/advanced_tracker.py:_activate_slot,2409_-8_1593_1017_1935
R,DETECTION,DETECTION,1
L,2,2409,DETECTION,src/tracking/advanced_tracker.py:_activate_slot,2409_-11_-15_368_159
R,DETECTION,DETECTION,1
L,5,2409,PREDICTION,src/tracking/advanced_tracker.py:flow_gapfill_batched,
R,CLAMP,CLAMP,0
L,9,2409,PREDICTION,src/tracking/advanced_tracker.py:id_merge,
R,PREDICTION,PREDICTION,1
A,2409
S,0,2412,DETECTION,src/tracking/advanced_tracker.py:_activate_slot,2412_-10_1608_1016_1932
S,2,2412,DETECTION,src/tracking/advanced_tracker.py:_activate_slot,2412_-13_-15_352_166
S,6,2412,CLAMP,src/tracking/advanced_tracker.py:_activate_slot,2412_-15_-12_1029_1737
S,9,2412,DETECTION,src/tracking/advanced_tracker.py:_activate_slot,2412_-15_291_618_1338
S,8,2412,DETECTION,src/tracking/advanced_tracker.py:_activate_slot,2412_-8_296_608_731
S,5,2412,PREDICTION,src/tracking/advanced_tracker.py:flow_gapfill_batched,
L,0,2412,DETECTION,src/tracking/advanced_tracker.py:_activate_slot,2412_-10_1608_1016_1932
R,DETECTION,DETECTION,1
L,2,2412,DETECTION,src/tracking/advanced_tracker.py:_activate_slot,2412_-13_-15_352_166
R,DETECTION,DETECTION,1
L,5,2412,PREDICTION,src/tracking/advanced_tracker.py:flow_gapfill_batched,
R,CLAMP,CLAMP,0
L,6,2412,CLAMP,src/tracking/advanced_tracker.py:_activate_slot,2412_-15_-12_1029_1737
R,CLAMP,CLAMP,0
L,8,2412,DETECTION,src/tracking/advanced_tracker.py:_activate_slot,2412_-8_296_608_731
R,CLAMP,CLAMP,0
L,9,2412,DETECTION,src/tracking/advanced_tracker.py:_activate_slot,2412_-15_291_618_1338
R,DETECTION,DETECTION,1
A,2412
S,0,2415,DETECTION,src/tracking/advanced_tracker.py:_activate_slot,2415_-10_1620_1016_1932
S,6,2415,CLAMP,src/tracking/advanced_tracker.py:_activate_slot,2415_-14_-15_1027_1747
S,8,2415,DETECTION,src/tracking/advanced_tracker.py:_activate_slot,2415_-11_-15_338_174
S,9,2415,DETECTION,src/tracking/advanced_tracker.py:_activate_slot,2415_-15_262_625_1309
S,2,2415,PREDICTION,src/tracking/advanced_tracker.py:kalman_homography,
S,5,2415,PREDICTION,src/tracking/advanced_tracker.py:flow_gapfill_batched,
D,5,2415
S,8,2415,PREDICTION,src/tracking/advanced_tracker.py:id_merge,
L,0,2415,DETECTION,src/tracking/advanced_tracker.py:_activate_slot,2415_-10_1620_1016_1932
R,DETECTION,DETECTION,1
L,2,2415,PREDICTION,src/tracking/advanced_tracker.py:kalman_homography,
R,PREDICTION,PREDICTION,1
L,6,2415,CLAMP,src/tracking/advanced_tracker.py:_activate_slot,2415_-14_-15_1027_1747
R,CLAMP,CLAMP,0
L,8,2415,PREDICTION,src/tracking/advanced_tracker.py:id_merge,
R,CLAMP,CLAMP,0
L,9,2415,DETECTION,src/tracking/advanced_tracker.py:_activate_slot,2415_-15_262_625_1309
R,DETECTION,DETECTION,1
A,2415
S,0,2418,DETECTION,src/tracking/advanced_tracker.py:_activate_slot,2418_-8_1627_1014_1933
S,6,2418,CLAMP,src/tracking/advanced_tracker.py:_activate_slot,2418_-12_-15_1026_1749
S,8,2418,DETECTION,src/tracking/advanced_tracker.py:_activate_slot,2418_-11_-15_346_178
S,9,2418,DETECTION,src/tracking/advanced_tracker.py:_activate_slot,2418_-15_247_656_1327
S,2,2418,PREDICTION,src/tracking/advanced_tracker.py:kalman_homography,
L,0,2418,DETECTION,src/tracking/advanced_tracker.py:_activate_slot,2418_-8_1627_1014_1933
R,DETECTION,DETECTION,1
L,2,2418,PREDICTION,src/tracking/advanced_tracker.py:kalman_homography,
R,PREDICTION,PREDICTION,1
L,6,2418,CLAMP,src/tracking/advanced_tracker.py:_activate_slot,2418_-12_-15_1026_1749
R,CLAMP,CLAMP,0
L,8,2418,DETECTION,src/tracking/advanced_tracker.py:_activate_slot,2418_-11_-15_346_178
R,CLAMP,CLAMP,0
L,9,2418,DETECTION,src/tracking/advanced_tracker.py:_activate_slot,2418_-15_247_656_1327
R,DETECTION,DETECTION,1
A,2418
S,0,2421,DETECTION,src/tracking/advanced_tracker.py:_activate_slot,2421_-8_1626_1014_1932
S,6,2421,CLAMP,src/tracking/advanced_tracker.py:_activate_slot,2421_-15_-14_1026_1768
S,8,2421,DETECTION,src/tracking/advanced_tracker.py:_activate_slot,2421_-12_-15_351_184
S,9,2421,DETECTION,src/tracking/advanced_tracker.py:_activate_slot,2421_-12_183_652_1393
S,7,2421,DETECTION,src/tracking/advanced_tracker.py:_activate_slot,2421_-7_180_646_742
S,2,2421,PREDICTION,src/tracking/advanced_tracker.py:kalman_homography,
L,0,2421,DETECTION,src/tracking/advanced_tracker.py:_activate_slot,2421_-8_1626_1014_1932
R,DETECTION,SUBPIXEL,0
L,2,2421,PREDICTION,src/tracking/advanced_tracker.py:kalman_homography,
R,PREDICTION,PREDICTION,1
L,6,2421,CLAMP,src/tracking/advanced_tracker.py:_activate_slot,2421_-15_-14_1026_1768
R,CLAMP,CLAMP,0
L,7,2421,DETECTION,src/tracking/advanced_tracker.py:_activate_slot,2421_-7_180_646_742
R,CLAMP,CLAMP,0
L,8,2421,DETECTION,src/tracking/advanced_tracker.py:_activate_slot,2421_-12_-15_351_184
R,CLAMP,CLAMP,0
L,9,2421,DETECTION,src/tracking/advanced_tracker.py:_activate_slot,2421_-12_183_652_1393
R,DETECTION,DETECTION,1
A,2421
S,0,2424,DETECTION,src/tracking/advanced_tracker.py:_activate_slot,2424_-9_1618_1017_1933
S,6,2424,CLAMP,src/tracking/advanced_tracker.py:_activate_slot,2424_-14_0_1027_1776
S,9,2424,DETECTION,src/tracking/advanced_tracker.py:_activate_slot,2424_-11_69_704_1386
S,2,2424,PREDICTION,src/tracking/advanced_tracker.py:kalman_homography,
S,7,2424,PREDICTION,src/tracking/advanced_tracker.py:kalman_homography,
S,8,2424,PREDICTION,src/tracking/advanced_tracker.py:kalman_homography,
S,5,2424,PREDICTION,src/tracking/advanced_tracker.py:flow_gapfill_batched,
L,0,2424,DETECTION,src/tracking/advanced_tracker.py:_activate_slot,2424_-9_1618_1017_1933
R,DETECTION,DETECTION,1
L,2,2424,PREDICTION,src/tracking/advanced_tracker.py:kalman_homography,
R,PREDICTION,PREDICTION,1
L,5,2424,PREDICTION,src/tracking/advanced_tracker.py:flow_gapfill_batched,
R,CLAMP,CLAMP,0
L,6,2424,CLAMP,src/tracking/advanced_tracker.py:_activate_slot,2424_-14_0_1027_1776
R,CLAMP,CLAMP,0
L,7,2424,PREDICTION,src/tracking/advanced_tracker.py:kalman_homography,
R,CLAMP,CLAMP,0
L,8,2424,PREDICTION,src/tracking/advanced_tracker.py:kalman_homography,
R,CLAMP,CLAMP,0
L,9,2424,DETECTION,src/tracking/advanced_tracker.py:_activate_slot,2424_-11_69_704_1386
R,DETECTION,DETECTION,1
A,2424
S,0,2427,DETECTION,src/tracking/advanced_tracker.py:_activate_slot,2427_-9_1608_1016_1932
S,6,2427,CLAMP,src/tracking/advanced_tracker.py:_activate_slot,2427_-15_-14_1028_1765
S,9,2427,DETECTION,src/tracking/advanced_tracker.py:_activate_slot,2427_-9_-12_709_1380
S,2,2427,PREDICTION,src/tracking/advanced_tracker.py:kalman_homography,
S,7,2427,PREDICTION,src/tracking/advanced_tracker.py:kalman_homography,
S,8,2427,PREDICTION,src/tracking/advanced_tracker.py:kalman_homography,
L,0,2427,DETECTION,src/tracking/advanced_tracker.py:_activate_slot,2427_-9_1608_1016_1932
R,DETECTION,DETECTION,1
L,2,2427,PREDICTION,src/tracking/advanced_tracker.py:kalman_homography,
R,PREDICTION,PREDICTION,1
L,6,2427,CLAMP,src/tracking/advanced_tracker.py:_activate_slot,2427_-15_-14_1028_1765
R,CLAMP,CLAMP,0
L,7,2427,PREDICTION,src/tracking/advanced_tracker.py:kalman_homography,
R,CLAMP,CLAMP,0
L,8,2427,PREDICTION,src/tracking/advanced_tracker.py:kalman_homography,
R,CLAMP,CLAMP,0
L,9,2427,DETECTION,src/tracking/advanced_tracker.py:_activate_slot,2427_-9_-12_709_1380
R,CLAMP,CLAMP,1
A,2427
S,0,2430,DETECTION,src/tracking/advanced_tracker.py:_activate_slot,2430_-7_1594_1017_1933
S,6,2430,CLAMP,src/tracking/advanced_tracker.py:_activate_slot,2430_-14_-12_1027_1740
S,7,2430,DETECTION,src/tracking/advanced_tracker.py:_activate_slot,2430_-7_-15_692_727
S,2,2430,PREDICTION,src/tracking/advanced_tracker.py:kalman_homography,
S,9,2430,PREDICTION,src/tracking/advanced_tracker.py:kalman_homography,
S,8,2430,PREDICTION,src/tracking/advanced_tracker.py:flow_gapfill_batched,
L,0,2430,DETECTION,src/tracking/advanced_tracker.py:_activate_slot,2430_-7_1594_1017_1933
R,DETECTION,DETECTION,1
L,2,2430,PREDICTION,src/tracking/advanced_tracker.py:kalman_homography,
R,PREDICTION,PREDICTION,1
L,7,2430,DETECTION,src/tracking/advanced_tracker.py:_activate_slot,2430_-7_-15_692_727
R,CLAMP,CLAMP,0
L,8,2430,PREDICTION,src/tracking/advanced_tracker.py:flow_gapfill_batched,
R,CLAMP,CLAMP,0
L,9,2430,PREDICTION,src/tracking/advanced_tracker.py:kalman_homography,
R,CLAMP,CLAMP,0
A,2430
S,0,2433,DETECTION,src/tracking/advanced_tracker.py:_activate_slot,2433_-7_1566_1015_1932
S,9,2433,DETECTION,src/tracking/advanced_tracker.py:_activate_slot,2433_-14_-12_1029_1737
S,2,2433,PREDICTION,src/tracking/advanced_tracker.py:kalman_homography,
S,7,2433,PREDICTION,src/tracking/advanced_tracker.py:kalman_homography,
S,8,2433,PREDICTION,src/tracking/advanced_tracker.py:flow_gapfill_batched,
L,0,2433,DETECTION,src/tracking/advanced_tracker.py:_activate_slot,2433_-7_1566_1015_1932
R,DETECTION,DETECTION,1
L,2,2433,PREDICTION,src/tracking/advanced_tracker.py:kalman_homography,
R,PREDICTION,PREDICTION,1
L,7,2433,PREDICTION,src/tracking/advanced_tracker.py:kalman_homography,
R,CLAMP,CLAMP,0
L,8,2433,PREDICTION,src/tracking/advanced_tracker.py:flow_gapfill_batched,
R,CLAMP,CLAMP,0
L,9,2433,DETECTION,src/tracking/advanced_tracker.py:_activate_slot,2433_-14_-12_1029_1737
R,CLAMP,CLAMP,0
A,2433
S,0,2436,DETECTION,src/tracking/advanced_tracker.py:_activate_slot,2436_-7_1558_1017_1933
S,9,2436,DETECTION,src/tracking/advanced_tracker.py:_activate_slot,2436_-12_-14_1029_1711
S,7,2436,PREDICTION,src/tracking/advanced_tracker.py:kalman_homography,
S,8,2436,PREDICTION,src/tracking/advanced_tracker.py:flow_gapfill_batched,
L,0,2436,DETECTION,src/tracking/advanced_tracker.py:_activate_slot,2436_-7_1558_1017_1933
R,DETECTION,DETECTION,1
L,7,2436,PREDICTION,src/tracking/advanced_tracker.py:kalman_homography,
R,CLAMP,CLAMP,0
L,8,2436,PREDICTION,src/tracking/advanced_tracker.py:flow_gapfill_batched,
R,CLAMP,CLAMP,0
L,9,2436,DETECTION,src/tracking/advanced_tracker.py:_activate_slot,2436_-12_-14_1029_1711
R,CLAMP,CLAMP,0
A,2436
S,0,2439,DETECTION,src/tracking/advanced_tracker.py:_activate_slot,2439_-6_1548_1015_1932
S,9,2439,DETECTION,src/tracking/advanced_tracker.py:_activate_slot,2439_-15_-15_1027_1686
S,7,2439,PREDICTION,src/tracking/advanced_tracker.py:kalman_homography,
S,8,2439,PREDICTION,src/tracking/advanced_tracker.py:flow_gapfill_batched,
L,0,2439,DETECTION,src/tracking/advanced_tracker.py:_activate_slot,2439_-6_1548_1015_1932
R,DETECTION,SUBPIXEL,0
L,7,2439,PREDICTION,src/tracking/advanced_tracker.py:kalman_homography,
R,CLAMP,CLAMP,0
L,8,2439,PREDICTION,src/tracking/advanced_tracker.py:flow_gapfill_batched,
R,CLAMP,CLAMP,0
L,9,2439,DETECTION,src/tracking/advanced_tracker.py:_activate_slot,2439_-15_-15_1027_1686
R,CLAMP,CLAMP,0
A,2439
S,0,2442,DETECTION,src/tracking/advanced_tracker.py:_activate_slot,2442_-7_1551_1017_1935
S,9,2442,DETECTION,src/tracking/advanced_tracker.py:_activate_slot,2442_-15_-12_1029_1687
S,7,2442,PREDICTION,src/tracking/advanced_tracker.py:kalman_homography,
S,8,2442,PREDICTION,src/tracking/advanced_tracker.py:flow_gapfill_batched,
L,0,2442,DETECTION,src/tracking/advanced_tracker.py:_activate_slot,2442_-7_1551_1017_1935
R,DETECTION,DETECTION,1
L,7,2442,PREDICTION,src/tracking/advanced_tracker.py:kalman_homography,
R,CLAMP,CLAMP,0
L,8,2442,PREDICTION,src/tracking/advanced_tracker.py:flow_gapfill_batched,
R,CLAMP,CLAMP,0
L,9,2442,DETECTION,src/tracking/advanced_tracker.py:_activate_slot,2442_-15_-12_1029_1687
R,CLAMP,CLAMP,0
A,2442
S,0,2445,DETECTION,src/tracking/advanced_tracker.py:_activate_slot,2445_-7_1551_1017_1935
S,9,2445,DETECTION,src/tracking/advanced_tracker.py:_activate_slot,2445_-15_-12_1030_1719
S,1,2445,DETECTION,src/tracking/advanced_tracker.py:_activate_slot,2445_-8_-14_665_677
S,7,2445,PREDICTION,src/tracking/advanced_tracker.py:kalman_homography,
S,8,2445,PREDICTION,src/tracking/advanced_tracker.py:flow_gapfill_batched,
L,0,2445,DETECTION,src/tracking/advanced_tracker.py:_activate_slot,2445_-7_1551_1017_1935
R,DETECTION,SUBPIXEL,0
L,1,2445,DETECTION,src/tracking/advanced_tracker.py:_activate_slot,2445_-8_-14_665_677
R,CLAMP,CLAMP,0
L,7,2445,PREDICTION,src/tracking/advanced_tracker.py:kalman_homography,
R,CLAMP,CLAMP,0
L,8,2445,PREDICTION,src/tracking/advanced_tracker.py:flow_gapfill_batched,
R,CLAMP,CLAMP,0
L,9,2445,DETECTION,src/tracking/advanced_tracker.py:_activate_slot,2445_-15_-12_1030_1719
R,CLAMP,CLAMP,0
A,2445
S,0,2448,DETECTION,src/tracking/advanced_tracker.py:_activate_slot,2448_-8_1551_1020_1935
S,9,2448,DETECTION,src/tracking/advanced_tracker.py:_activate_slot,2448_-14_-12_1030_1749
S,1,2448,PREDICTION,src/tracking/advanced_tracker.py:kalman_homography,
S,7,2448,PREDICTION,src/tracking/advanced_tracker.py:kalman_homography,
L,0,2448,DETECTION,src/tracking/advanced_tracker.py:_activate_slot,2448_-8_1551_1020_1935
R,DETECTION,DETECTION,1
L,1,2448,PREDICTION,src/tracking/advanced_tracker.py:kalman_homography,
R,CLAMP,CLAMP,0
L,7,2448,PREDICTION,src/tracking/advanced_tracker.py:kalman_homography,
R,CLAMP,CLAMP,0
L,9,2448,DETECTION,src/tracking/advanced_tracker.py:_activate_slot,2448_-14_-12_1030_1749
R,CLAMP,CLAMP,0
A,2448
S,0,2451,DETECTION,src/tracking/advanced_tracker.py:_activate_slot,2451_-7_1545_1017_1935
S,9,2451,DETECTION,src/tracking/advanced_tracker.py:_activate_slot,2451_-15_-2_1029_1755
S,7,2451,DETECTION,src/tracking/advanced_tracker.py:_activate_slot,2451_-9_-14_642_667
S,5,2451,DETECTION,src/tracking/advanced_tracker.py:_activate_slot,2451_-9_-14_1009_673
S,1,2451,PREDICTION,src/tracking/advanced_tracker.py:kalman_homography,
D,5,2451
S,7,2451,PREDICTION,src/tracking/advanced_tracker.py:id_merge,
L,0,2451,DETECTION,src/tracking/advanced_tracker.py:_activate_slot,2451_-7_1545_1017_1935
R,DETECTION,DETECTION,1
L,1,2451,PREDICTION,src/tracking/advanced_tracker.py:kalman_homography,
R,CLAMP,CLAMP,0
L,7,2451,PREDICTION,src/tracking/advanced_tracker.py:id_merge,
R,CLAMP,CLAMP,0
L,9,2451,DETECTION,src/tracking/advanced_tracker.py:_activate_slot,2451_-15_-2_1029_1755
R,CLAMP,CLAMP,0
A,2451
S,0,2454,DETECTION,src/tracking/advanced_tracker.py:_activate_slot,2454_-8_1545_1017_1935
S,9,2454,DETECTION,src/tracking/advanced_tracker.py:_activate_slot,2454_-15_-8_1029_1756
S,1,2454,PREDICTION,src/tracking/advanced_tracker.py:kalman_homography,
S,5,2454,PREDICTION,src/tracking/advanced_tracker.py:kalman_homography,
S,7,2454,PREDICTION,src/tracking/advanced_tracker.py:kalman_homography,
D,5,2454
S,7,2454,PREDICTION,src/tracking/advanced_tracker.py:id_merge,
L,0,2454,DETECTION,src/tracking/advanced_tracker.py:_activate_slot,2454_-8_1545_1017_1935
R,DETECTION,SUBPIXEL,0
L,1,2454,PREDICTION,src/tracking/advanced_tracker.py:kalman_homography,
R,CLAMP,CLAMP,0
L,7,2454,PREDICTION,src/tracking/advanced_tracker.py:id_merge,
R,CLAMP,CLAMP,0
L,9,2454,DETECTION,src/tracking/advanced_tracker.py:_activate_slot,2454_-15_-8_1029_1756
R,CLAMP,CLAMP,0
A,2454
S,0,2457,DETECTION,src/tracking/advanced_tracker.py:_activate_slot,2457_-8_1545_1017_1935
S,9,2457,DETECTION,src/tracking/advanced_tracker.py:_activate_slot,2457_-15_-6_1029_1755
S,7,2457,DETECTION,src/tracking/advanced_tracker.py:_activate_slot,2457_-8_-15_609_670
S,1,2457,PREDICTION,src/tracking/advanced_tracker.py:kalman_homography,
S,5,2457,PREDICTION,src/tracking/advanced_tracker.py:kalman_homography,
D,5,2457
S,7,2457,PREDICTION,src/tracking/advanced_tracker.py:id_merge,
D,7,2457
S,9,2457,PREDICTION,src/tracking/advanced_tracker.py:id_merge,
L,0,2457,DETECTION,src/tracking/advanced_tracker.py:_activate_slot,2457_-8_1545_1017_1935
R,DETECTION,SUBPIXEL,0
L,1,2457,PREDICTION,src/tracking/advanced_tracker.py:kalman_homography,
R,CLAMP,CLAMP,0
L,9,2457,PREDICTION,src/tracking/advanced_tracker.py:id_merge,
R,CLAMP,CLAMP,0
A,2457
S,0,2460,DETECTION,src/tracking/advanced_tracker.py:_activate_slot,2460_-8_1545_1015_1935
S,9,2460,DETECTION,src/tracking/advanced_tracker.py:_activate_slot,2460_-6_-15_1026_1678
S,1,2460,PREDICTION,src/tracking/advanced_tracker.py:kalman_homography,
S,5,2460,PREDICTION,src/tracking/advanced_tracker.py:kalman_homography,
S,7,2460,PREDICTION,src/tracking/advanced_tracker.py:kalman_homography,
D,5,2460
S,7,2460,PREDICTION,src/tracking/advanced_tracker.py:id_merge,
D,7,2460
S,9,2460,PREDICTION,src/tracking/advanced_tracker.py:id_merge,
L,0,2460,DETECTION,src/tracking/advanced_tracker.py:_activate_slot,2460_-8_1545_1015_1935
R,DETECTION,DETECTION,1
L,1,2460,PREDICTION,src/tracking/advanced_tracker.py:kalman_homography,
R,CLAMP,CLAMP,0
L,9,2460,PREDICTION,src/tracking/advanced_tracker.py:id_merge,
R,CLAMP,CLAMP,0
A,2460
S,0,2463,DETECTION,src/tracking/advanced_tracker.py:_activate_slot,2463_-6_1536_1016_1932
S,9,2463,DETECTION,src/tracking/advanced_tracker.py:_activate_slot,2463_-5_-11_1030_1690
S,1,2463,PREDICTION,src/tracking/advanced_tracker.py:kalman_homography,
S,5,2463,PREDICTION,src/tracking/advanced_tracker.py:kalman_homography,
S,7,2463,PREDICTION,src/tracking/advanced_tracker.py:kalman_homography,
D,5,2463
S,7,2463,PREDICTION,src/tracking/advanced_tracker.py:id_merge,
D,7,2463
S,9,2463,PREDICTION,src/tracking/advanced_tracker.py:id_merge,
L,0,2463,DETECTION,src/tracking/advanced_tracker.py:_activate_slot,2463_-6_1536_1016_1932
R,DETECTION,DETECTION,1
L,1,2463,PREDICTION,src/tracking/advanced_tracker.py:kalman_homography,
R,CLAMP,CLAMP,0
L,9,2463,PREDICTION,src/tracking/advanced_tracker.py:id_merge,
R,CLAMP,CLAMP,0
A,2463
S,0,2466,DETECTION,src/tracking/advanced_tracker.py:_activate_slot,2466_-8_1524_1018_1932
S,9,2466,DETECTION,src/tracking/advanced_tracker.py:_activate_slot,2466_-14_-14_1029_1536
S,7,2466,DETECTION,src/tracking/advanced_tracker.py:_activate_slot,2466_-7_-14_676_660
S,1,2466,PREDICTION,src/tracking/advanced_tracker.py:kalman_homography,
S,5,2466,PREDICTION,src/tracking/advanced_tracker.py:kalman_homography,
D,5,2466
S,7,2466,PREDICTION,src/tracking/advanced_tracker.py:id_merge,
D,7,2466
S,9,2466,PREDICTION,src/tracking/advanced_tracker.py:id_merge,
L,0,2466,DETECTION,src/tracking/advanced_tracker.py:_activate_slot,2466_-8_1524_1018_1932
R,DETECTION,DETECTION,1
L,1,2466,PREDICTION,src/tracking/advanced_tracker.py:kalman_homography,
R,CLAMP,CLAMP,0
L,9,2466,PREDICTION,src/tracking/advanced_tracker.py:id_merge,
R,CLAMP,CLAMP,0
A,2466
S,0,2469,DETECTION,src/tracking/advanced_tracker.py:_activate_slot,2469_-9_1507_1020_1933
S,7,2469,DETECTION,src/tracking/advanced_tracker.py:_activate_slot,2469_-8_-10_668_661
S,9,2469,DETECTION,src/tracking/advanced_tracker.py:_activate_slot,2469_-12_-14_1028_1596
S,5,2469,PREDICTION,src/tracking/advanced_tracker.py:kalman_homography,
S,1,2469,PREDICTION,src/tracking/advanced_tracker.py:flow_gapfill_batched,
D,5,2469
S,7,2469,PREDICTION,src/tracking/advanced_tracker.py:id_merge,
D,7,2469
S,9,2469,PREDICTION,src/tracking/advanced_tracker.py:id_merge,
L,0,2469,DETECTION,src/tracking/advanced_tracker.py:_activate_slot,2469_-9_1507_1020_1933
R,DETECTION,DETECTION,1
L,1,2469,PREDICTION,src/tracking/advanced_tracker.py:flow_gapfill_batched,
R,CLAMP,CLAMP,0
L,9,2469,PREDICTION,src/tracking/advanced_tracker.py:id_merge,
R,CLAMP,CLAMP,0
A,2469
S,0,2472,DETECTION,src/tracking/advanced_tracker.py:_activate_slot,2472_-8_1489_1017_1933
S,7,2472,DETECTION,src/tracking/advanced_tracker.py:_activate_slot,2472_-8_-12_663_661
S,9,2472,DETECTION,src/tracking/advanced_tracker.py:_activate_slot,2472_-7_-15_1029_1642
S,5,2472,PREDICTION,src/tracking/advanced_tracker.py:kalman_homography,
D,5,2472
S,7,2472,PREDICTION,src/tracking/advanced_tracker.py:id_merge,
D,7,2472
S,9,2472,PREDICTION,src/tracking/advanced_tracker.py:id_merge,
L,0,2472,DETECTION,src/tracking/advanced_tracker.py:_activate_slot,2472_-8_1489_1017_1933
R,DETECTION,DETECTION,1
L,9,2472,PREDICTION,src/tracking/advanced_tracker.py:id_merge,
R,CLAMP,CLAMP,0
A,2472
S,0,2475,DETECTION,src/tracking/advanced_tracker.py:_activate_slot,2475_-9_1483_1020_1933
S,7,2475,DETECTION,src/tracking/advanced_tracker.py:_activate_slot,2475_-8_-12_670_659
S,9,2475,DETECTION,src/tracking/advanced_tracker.py:_activate_slot,2475_-4_-15_1029_1647
D,7,2475
S,9,2475,PREDICTION,src/tracking/advanced_tracker.py:id_merge,
L,0,2475,DETECTION,src/tracking/advanced_tracker.py:_activate_slot,2475_-9_1483_1020_1933
R,DETECTION,DETECTION,1
L,9,2475,PREDICTION,src/tracking/advanced_tracker.py:id_merge,
R,CLAMP,CLAMP,0
A,2475
S,0,2478,DETECTION,src/tracking/advanced_tracker.py:_activate_slot,2478_-9_1475_1019_1932
S,5,2478,DETECTION,src/tracking/advanced_tracker.py:_activate_slot,2478_-8_-15_699_685
S,7,2478,DETECTION,src/tracking/advanced_tracker.py:_activate_slot,2478_-5_18_1027_1644
S,9,2478,PREDICTION,src/tracking/advanced_tracker.py:flow_gapfill_batched,
D,9,2478
S,7,2478,PREDICTION,src/tracking/advanced_tracker.py:id_merge,
L,0,2478,DETECTION,src/tracking/advanced_tracker.py:_activate_slot,2478_-9_1475_1019_1932
R,DETECTION,DETECTION,1
L,5,2478,DETECTION,src/tracking/advanced_tracker.py:_activate_slot,2478_-8_-15_699_685
R,CLAMP,CLAMP,0
L,7,2478,PREDICTION,src/tracking/advanced_tracker.py:id_merge,
R,CLAMP,CLAMP,0
A,2478
S,0,2481,DETECTION,src/tracking/advanced_tracker.py:_activate_slot,2481_-9_1462_1015_1933
S,9,2481,DETECTION,src/tracking/advanced_tracker.py:_activate_slot,2481_-14_-9_1028_1620
S,5,2481,DETECTION,src/tracking/advanced_tracker.py:_activate_slot,2481_-7_-14_993_685
S,7,2481,PREDICTION,src/tracking/advanced_tracker.py:kalman_homography,
D,7,2481
S,9,2481,PREDICTION,src/tracking/advanced_tracker.py:id_merge,
L,0,2481,DETECTION,src/tracking/advanced_tracker.py:_activate_slot,2481_-9_1462_1015_1933
R,DETECTION,DETECTION,1
L,5,2481,DETECTION,src/tracking/advanced_tracker.py:_activate_slot,2481_-7_-14_993_685
R,CLAMP,CLAMP,0
L,9,2481,PREDICTION,src/tracking/advanced_tracker.py:id_merge,
R,CLAMP,CLAMP,0
A,2481
S,0,2484,DETECTION,src/tracking/advanced_tracker.py:_activate_slot,2484_-8_1449_1017_1932
S,7,2484,DETECTION,src/tracking/advanced_tracker.py:_activate_slot,2484_-12_93_1029_1641
S,5,2484,DETECTION,src/tracking/advanced_tracker.py:_activate_slot,2484_-6_-14_975_686
L,0,2484,DETECTION,src/tracking/advanced_tracker.py:_activate_slot,2484_-8_1449_1017_1932
R,DETECTION,DETECTION,1
L,5,2484,DETECTION,src/tracking/advanced_tracker.py:_activate_slot,2484_-6_-14_975_686
R,CLAMP,CLAMP,0
L,7,2484,DETECTION,src/tracking/advanced_tracker.py:_activate_slot,2484_-12_93_1029_1641
R,CLAMP,CLAMP,0
A,2484
S,0,2487,DETECTION,src/tracking/advanced_tracker.py:_activate_slot,2487_-6_1441_1014_1930
S,9,2487,DETECTION,src/tracking/advanced_tracker.py:_activate_slot,2487_-6_-15_1030_1638
S,5,2487,PREDICTION,src/tracking/advanced_tracker.py:kalman_homography,
L,0,2487,DETECTION,src/tracking/advanced_tracker.py:_activate_slot,2487_-6_1441_1014_1930
R,DETECTION,DETECTION,1
L,5,2487,PREDICTION,src/tracking/advanced_tracker.py:kalman_homography,
R,CLAMP,CLAMP,0
L,9,2487,DETECTION,src/tracking/advanced_tracker.py:_activate_slot,2487_-6_-15_1030_1638
R,CLAMP,CLAMP,0
A,2487
S,0,2490,DETECTION,src/tracking/advanced_tracker.py:_activate_slot,2490_-7_1427_1014_1926
S,9,2490,DETECTION,src/tracking/advanced_tracker.py:_activate_slot,2490_-15_-14_1026_1632
S,5,2490,PREDICTION,src/tracking/advanced_tracker.py:flow_gapfill_batched,
S,7,2490,PREDICTION,src/tracking/advanced_tracker.py:flow_gapfill_batched,
D,7,2490
S,9,2490,PREDICTION,src/tracking/advanced_tracker.py:id_merge,
L,0,2490,DETECTION,src/tracking/advanced_tracker.py:_activate_slot,2490_-7_1427_1014_1926
R,DETECTION,DETECTION,1
L,5,2490,PREDICTION,src/tracking/advanced_tracker.py:flow_gapfill_batched,
R,CLAMP,CLAMP,0
L,9,2490,PREDICTION,src/tracking/advanced_tracker.py:id_merge,
R,CLAMP,CLAMP,0
A,2490
S,0,2493,DETECTION,src/tracking/advanced_tracker.py:_activate_slot,2493_-7_1391_1010_1908
S,9,2493,DETECTION,src/tracking/advanced_tracker.py:_activate_slot,2493_-15_16_1017_1627
S,5,2493,PREDICTION,src/tracking/advanced_tracker.py:flow_gapfill_batched,
S,7,2493,PREDICTION,src/tracking/advanced_tracker.py:flow_gapfill_batched,
D,7,2493
S,9,2493,PREDICTION,src/tracking/advanced_tracker.py:id_merge,
L,0,2493,DETECTION,src/tracking/advanced_tracker.py:_activate_slot,2493_-7_1391_1010_1908
R,DETECTION,DETECTION,1
L,5,2493,PREDICTION,src/tracking/advanced_tracker.py:flow_gapfill_batched,
R,CLAMP,CLAMP,0
L,9,2493,PREDICTION,src/tracking/advanced_tracker.py:id_merge,
R,CLAMP,CLAMP,0
A,2493
S,7,2496,DETECTION,src/tracking/advanced_tracker.py:_activate_slot,2496_-9_1176_976_1848
S,9,2496,DETECTION,src/tracking/advanced_tracker.py:_activate_slot,2496_-13_3_972_1590
S,5,2496,DETECTION,src/tracking/advanced_tracker.py:_activate_slot,2496_-8_5_687_690
S,0,2496,PREDICTION,src/tracking/advanced_tracker.py:kalman_homography,
L,0,2496,PREDICTION,src/tracking/advanced_tracker.py:kalman_homography,
R,PREDICTION,PREDICTION,1
L,5,2496,DETECTION,src/tracking/advanced_tracker.py:_activate_slot,2496_-8_5_687_690
R,CLAMP,CLAMP,0
L,7,2496,DETECTION,src/tracking/advanced_tracker.py:_activate_slot,2496_-9_1176_976_1848
R,CLAMP,CLAMP,0
L,9,2496,DETECTION,src/tracking/advanced_tracker.py:_activate_slot,2496_-13_3_972_1590
R,CLAMP,CLAMP,0
A,2496
S,7,2499,DETECTION,src/tracking/advanced_tracker.py:_activate_slot,2499_-12_1117_940_1771
S,9,2499,DETECTION,src/tracking/advanced_tracker.py:_activate_slot,2499_-15_20_933_1503
S,5,2499,DETECTION,src/tracking/advanced_tracker.py:_activate_slot,2499_-12_53_669_715
S,6,2499,DETECTION,src/tracking/advanced_tracker.py:_activate_slot,2499_-15_57_682_1146
S,8,2499,DETECTION,src/tracking/advanced_tracker.py:_activate_slot,2499_-11_1119_684_1375
S,0,2499,PREDICTION,src/tracking/advanced_tracker.py:kalman_homography,
D,5,2499
S,9,2499,PREDICTION,src/tracking/advanced_tracker.py:id_merge,
L,0,2499,PREDICTION,src/tracking/advanced_tracker.py:kalman_homography,
R,PREDICTION,PREDICTION,1
L,6,2499,DETECTION,src/tracking/advanced_tracker.py:_activate_slot,2499_-15_57_682_1146
R,DETECTION,DETECTION,1
L,7,2499,DETECTION,src/tracking/advanced_tracker.py:_activate_slot,2499_-12_1117_940_1771
R,CLAMP,CLAMP,0
L,8,2499,DETECTION,src/tracking/advanced_tracker.py:_activate_slot,2499_-11_1119_684_1375
R,CLAMP,CLAMP,0
L,9,2499,PREDICTION,src/tracking/advanced_tracker.py:id_merge,
R,CLAMP,CLAMP,0
A,2499
S,5,2502,DETECTION,src/tracking/advanced_tracker.py:_activate_slot,2502_-9_159_611_685
S,7,2502,DETECTION,src/tracking/advanced_tracker.py:_activate_slot,2502_-9_1075_895_1677
S,9,2502,DETECTION,src/tracking/advanced_tracker.py:_activate_slot,2502_-15_56_876_1455
S,6,2502,DETECTION,src/tracking/advanced_tracker.py:_activate_slot,2502_-13_156_614_1095
S,0,2502,PREDICTION,src/tracking/advanced_tracker.py:kalman_homography,
S,8,2502,PREDICTION,src/tracking/advanced_tracker.py:kalman_homography,
D,5,2502
S,9,2502,PREDICTION,src/tracking/advanced_tracker.py:id_merge,
D,6,2502
S,7,2502,PREDICTION,src/tracking/advanced_tracker.py:id_merge,
L,0,2502,PREDICTION,src/tracking/advanced_tracker.py:kalman_homography,
R,PREDICTION,PREDICTION,1
L,7,2502,PREDICTION,src/tracking/advanced_tracker.py:id_merge,
R,CLAMP,CLAMP,0
L,8,2502,PREDICTION,src/tracking/advanced_tracker.py:kalman_homography,
R,CLAMP,CLAMP,0
L,9,2502,PREDICTION,src/tracking/advanced_tracker.py:id_merge,
R,CLAMP,CLAMP,0
A,2502
S,7,2505,DETECTION,src/tracking/advanced_tracker.py:_activate_slot,2505_-10_1036_795_1561
S,9,2505,DETECTION,src/tracking/advanced_tracker.py:_activate_slot,2505_-13_51_784_1383
S,5,2505,DETECTION,src/tracking/advanced_tracker.py:_activate_slot,2505_-10_266_543_696
S,0,2505,PREDICTION,src/tracking/advanced_tracker.py:kalman_homography,
S,6,2505,PREDICTION,src/tracking/advanced_tracker.py:kalman_homography,
S,8,2505,PREDICTION,src/tracking/advanced_tracker.py:kalman_homography,
L,0,2505,PREDICTION,src/tracking/advanced_tracker.py:kalman_homography,
R,PREDICTION,PREDICTION,1
L,5,2505,DETECTION,src/tracking/advanced_tracker.py:_activate_slot,2505_-10_266_543_696
R,CLAMP,CLAMP,0
L,6,2505,PREDICTION,src/tracking/advanced_tracker.py:kalman_homography,
R,PREDICTION,PREDICTION,1
L,7,2505,DETECTION,src/tracking/advanced_tracker.py:_activate_slot,2505_-10_1036_795_1561
R,CLAMP,CLAMP,0
L,8,2505,PREDICTION,src/tracking/advanced_tracker.py:kalman_homography,
R,CLAMP,CLAMP,0
L,9,2505,DETECTION,src/tracking/advanced_tracker.py:_activate_slot,2505_-13_51_784_1383
R,CLAMP,CLAMP,0
A,2505
S,9,2508,DETECTION,src/tracking/advanced_tracker.py:_activate_slot,2508_-12_104_712_1280
S,7,2508,DETECTION,src/tracking/advanced_tracker.py:_activate_slot,2508_-10_877_725_1446
S,8,2508,DETECTION,src/tracking/advanced_tracker.py:_activate_slot,2508_-11_1041_720_1447
S,0,2508,PREDICTION,src/tracking/advanced_tracker.py:kalman_homography,
S,5,2508,PREDICTION,src/tracking/advanced_tracker.py:kalman_homography,
S,6,2508,PREDICTION,src/tracking/advanced_tracker.py:kalman_homography,
D,6,2508
S,5,2508,PREDICTION,src/tracking/advanced_tracker.py:id_merge,
L,0,2508,PREDICTION,src/tracking/advanced_tracker.py:kalman_homography,
R,PREDICTION,PREDICTION,1
L,5,2508,PREDICTION,src/tracking/advanced_tracker.py:id_merge,
R,CLAMP,CLAMP,0
L,7,2508,DETECTION,src/tracking/advanced_tracker.py:_activate_slot,2508_-10_877_725_1446
R,DETECTION,DETECTION,1
L,8,2508,DETECTION,src/tracking/advanced_tracker.py:_activate_slot,2508_-11_1041_720_1447
R,DETECTION,DETECTION,1
L,9,2508,DETECTION,src/tracking/advanced_tracker.py:_activate_slot,2508_-12_104_712_1280
R,CLAMP,CLAMP,0
A,2508
S,6,2511,DETECTION,src/tracking/advanced_tracker.py:_activate_slot,2511_-14_126_641_1162
S,0,2511,PREDICTION,src/tracking/advanced_tracker.py:kalman_homography,
S,5,2511,PREDICTION,src/tracking/advanced_tracker.py:kalman_homography,
S,7,2511,PREDICTION,src/tracking/advanced_tracker.py:kalman_homography,
S,8,2511,PREDICTION,src/tracking/advanced_tracker.py:kalman_homography,
S,9,2511,PREDICTION,src/tracking/advanced_tracker.py:kalman_homography,
L,0,2511,PREDICTION,src/tracking/advanced_tracker.py:kalman_homography,
R,PREDICTION,PREDICTION,1
L,5,2511,PREDICTION,src/tracking/advanced_tracker.py:kalman_homography,
R,CLAMP,CLAMP,0
L,6,2511,DETECTION,src/tracking/advanced_tracker.py:_activate_slot,2511_-14_126_641_1162
R,DETECTION,DETECTION,1
L,7,2511,PREDICTION,src/tracking/advanced_tracker.py:kalman_homography,
R,PREDICTION,PREDICTION,1
L,8,2511,PREDICTION,src/tracking/advanced_tracker.py:kalman_homography,
R,PREDICTION,PREDICTION,1
L,9,2511,PREDICTION,src/tracking/advanced_tracker.py:kalman_homography,
R,CLAMP,CLAMP,0
A,2511
S,6,2514,DETECTION,src/tracking/advanced_tracker.py:_activate_slot,2514_-11_156_569_1058
S,0,2514,PREDICTION,src/tracking/advanced_tracker.py:kalman_homography,
S,7,2514,PREDICTION,src/tracking/advanced_tracker.py:kalman_homography,
S,8,2514,PREDICTION,src/tracking/advanced_tracker.py:kalman_homography,
S,9,2514,PREDICTION,src/tracking/advanced_tracker.py:kalman_homography,
D,7,2514
S,6,2514,PREDICTION,src/tracking/advanced_tracker.py:id_merge,
D,8,2514
S,6,2514,PREDICTION,src/tracking/advanced_tracker.py:id_merge,
L,0,2514,PREDICTION,src/tracking/advanced_tracker.py:kalman_homography,
R,PREDICTION,PREDICTION,1
L,6,2514,PREDICTION,src/tracking/advanced_tracker.py:id_merge,
R,CLAMP,CLAMP,0
L,9,2514,PREDICTION,src/tracking/advanced_tracker.py:kalman_homography,
R,CLAMP,CLAMP,0
A,2514
