S,0,3253,DETECTION,src/tracking/advanced_tracker.py:_activate_slot,3253_459_1461_970_1770
L,0,3253,DETECTION,src/tracking/advanced_tracker.py:_activate_slot,3253_459_1461_970_1770
R,DETECTION,DETECTION,1
A,3253
S,0,3256,DETECTION,src/tracking/advanced_tracker.py:_activate_slot,3256_508_1408_1009_1675
S,1,3256,DETECTION,src/tracking/advanced_tracker.py:_activate_slot,3256_253_1411_583_1552
S,2,3256,DETECTION,src/tracking/advanced_tracker.py:_activate_slot,3256_169_27_501_143
S,3,3256,DETECTION,src/tracking/advanced_tracker.py:_activate_slot,3256_114_-15_442_66
S,4,3256,DETECTION,src/tracking/advanced_tracker.py:_activate_slot,3256_406_1312_547_1399
D,0,3256
S,3,3256,PREDICTION,src/tracking/advanced_tracker.py:id_merge,
D,1,3256
S,2,3256,PREDICTION,src/tracking/advanced_tracker.py:id_merge,
D,2,3256
S,3,3256,PREDICTION,src/tracking/advanced_tracker.py:id_merge,
L,3,3256,PREDICTION,src/tracking/advanced_tracker.py:id_merge,
R,PREDICTION,PREDICTION,1
L,4,3256,DETECTION,src/tracking/advanced_tracker.py:_activate_slot,3256_406_1312_547_1399
R,DETECTION,DETECTION,1
A,3256
S,1,3259,DETECTION,src/tracking/advanced_tracker.py:_activate_slot,3259_272_1411_630_1645
S,5,3259,DETECTION,src/tracking/advanced_tracker.py:_activate_slot,3259_143_-15_432_118
S,2,3259,PREDICTION,src/tracking/advanced_tracker.py:kalman_homography,
S,3,3259,PREDICTION,src/tracking/advanced_tracker.py:kalman_homography,
S,4,3259,PREDICTION,src/tracking/advanced_tracker.py:kalman_homography,
S,0,3259,PREDICTION,src/tracking/advanced_tracker.py:flow_gapfill_batched,
D,2,3259
S,1,3259,PREDICTION,src/tracking/advanced_tracker.py:id_merge,
D,3,3259
S,1,3259,PREDICTION,src/tracking/advanced_tracker.py:id_merge,
D,4,3259
S,1,3259,PREDICTION,src/tracking/advanced_tracker.py:id_merge,
L,0,3259,PREDICTION,src/tracking/advanced_tracker.py:flow_gapfill_batched,
R,PREDICTION,PREDICTION,1
L,1,3259,PREDICTION,src/tracking/advanced_tracker.py:id_merge,
R,PREDICTION,PREDICTION,1
L,5,3259,DETECTION,src/tracking/advanced_tracker.py:_activate_slot,3259_143_-15_432_118
R,DETECTION,DETECTION,1
A,3259
S,6,3262,DETECTION,src/tracking/advanced_tracker.py:_activate_slot,3262_583_379_1030_679
S,7,3262,DETECTION,src/tracking/advanced_tracker.py:_activate_slot,3262_550_1363_1033_1681
S,8,3262,DETECTION,src/tracking/advanced_tracker.py:_activate_slot,3262_176_777_538_930
S,9,3262,DETECTION,src/tracking/advanced_tracker.py:_activate_slot,3262_603_1821_1004_1935
S,10,3262,DETECTION,src/tracking/advanced_tracker.py:_activate_slot,3262_212_15_493_122
S,1,3262,PREDICTION,src/tracking/advanced_tracker.py:kalman_homography,
S,2,3262,PREDICTION,src/tracking/advanced_tracker.py:kalman_homography,
S,3,3262,PREDICTION,src/tracking/advanced_tracker.py:kalman_homography,
S,4,3262,PREDICTION,src/tracking/advanced_tracker.py:kalman_homography,
S,5,3262,PREDICTION,src/tracking/advanced_tracker.py:kalman_homography,
S,0,3262,PREDICTION,src/tracking/advanced_tracker.py:flow_gapfill_batched,
D,2,3262
S,1,3262,PREDICTION,src/tracking/advanced_tracker.py:id_merge,
D,3,3262
S,1,3262,PREDICTION,src/tracking/advanced_tracker.py:id_merge,
D,4,3262
S,1,3262,PREDICTION,src/tracking/advanced_tracker.py:id_merge,
D,5,3262
S,9,3262,PREDICTION,src/tracking/advanced_tracker.py:id_merge,
D,7,3262
S,9,3262,PREDICTION,src/tracking/advanced_tracker.py:id_merge,
L,0,3262,PREDICTION,src/tracking/advanced_tracker.py:flow_gapfill_batched,
R,PREDICTION,PREDICTION,1
L,1,3262,PREDICTION,src/tracking/advanced_tracker.py:id_merge,
R,PREDICTION,PREDICTION,1
L,6,3262,DETECTION,src/tracking/advanced_tracker.py:_activate_slot,3262_583_379_1030_679
R,DETECTION,DETECTION,1
L,8,3262,DETECTION,src/tracking/advanced_tracker.py:_activate_slot,3262_176_777_538_930
R,DETECTION,DETECTION,1
L,9,3262,PREDICTION,src/tracking/advanced_tracker.py:id_merge,
R,PREDICTION,PREDICTION,1
A,3262
S,6,3265,DETECTION,src/tracking/advanced_tracker.py:_activate_slot,3265_592_420_1030_648
S,7,3265,DETECTION,src/tracking/advanced_tracker.py:_activate_slot,3265_558_1333_1035_1605
S,8,3265,DETECTION,src/tracking/advanced_tracker.py:_activate_slot,3265_168_807_537_1035
S,9,3265,DETECTION,src/tracking/advanced_tracker.py:_activate_slot,3265_605_1722_1032_1935
S,1,3265,PREDICTION,src/tracking/advanced_tracker.py:kalman_homography,
S,2,3265,PREDICTION,src/tracking/advanced_tracker.py:kalman_homography,
S,3,3265,PREDICTION,src/tracking/advanced_tracker.py:kalman_homography,
S,4,3265,PREDICTION,src/tracking/advanced_tracker.py:kalman_homography,
S,5,3265,PREDICTION,src/tracking/advanced_tracker.py:kalman_homography,
S,10,3265,PREDICTION,src/tracking/advanced_tracker.py:kalman_homography,
D,2,3265
S,1,3265,PREDICTION,src/tracking/advanced_tracker.py:id_merge,
D,3,3265
S,1,3265,PREDICTION,src/tracking/advanced_tracker.py:id_merge,
D,4,3265
S,1,3265,PREDICTION,src/tracking/advanced_tracker.py:id_merge,
D,5,3265
S,9,3265,PREDICTION,src/tracking/advanced_tracker.py:id_merge,
D,7,3265
S,9,3265,PREDICTION,src/tracking/advanced_tracker.py:id_merge,
L,1,3265,PREDICTION,src/tracking/advanced_tracker.py:id_merge,
R,PREDICTION,PREDICTION,1
L,6,3265,DETECTION,src/tracking/advanced_tracker.py:_activate_slot,3265_592_420_1030_648
R,DETECTION,DETECTION,1
L,8,3265,DETECTION,src/tracking/advanced_tracker.py:_activate_slot,3265_168_807_537_1035
R,DETECTION,DETECTION,1
L,9,3265,PREDICTION,src/tracking/advanced_tracker.py:id_merge,
R,PREDICTION,PREDICTION,1
A,3265
S,6,3268,CLAMP,src/tracking/advanced_tracker.py:_activate_slot,3268_583_474_1030_688
S,7,3268,DETECTION,src/tracking/advanced_tracker.py:_activate_slot,3268_570_1353_1029_1602
S,9,3268,DETECTION,src/tracking/advanced_tracker.py:_activate_slot,3268_615_1695_1012_1929
S,1,3268,PREDICTION,src/tracking/advanced_tracker.py:kalman_homography,
S,2,3268,PREDICTION,src/tracking/advanced_tracker.py:kalman_homography,
S,3,3268,PREDICTION,src/tracking/advanced_tracker.py:kalman_homography,
S,4,3268,PREDICTION,src/tracking/advanced_tracker.py:kalman_homography,
S,5,3268,PREDICTION,src/tracking/advanced_tracker.py:kalman_homography,
S,8,3268,PREDICTION,src/tracking/advanced_tracker.py:kalman_homography,
S,10,3268,PREDICTION,src/tracking/advanced_tracker.py:kalman_homography,
D,2,3268
S,1,3268,PREDICTION,src/tracking/advanced_tracker.py:id_merge,
D,3,3268
S,1,3268,PREDICTION,src/tracking/advanced_tracker.py:id_merge,
D,4,3268
S,1,3268,PREDICTION,src/tracking/advanced_tracker.py:id_merge,
D,5,3268
S,9,3268,PREDICTION,src/tracking/advanced_tracker.py:id_merge,
D,7,3268
S,9,3268,PREDICTION,src/tracking/advanced_tracker.py:id_merge,
L,1,3268,PREDICTION,src/tracking/advanced_tracker.py:id_merge,
R,PREDICTION,PREDICTION,1
L,6,3268,CLAMP,src/tracking/advanced_tracker.py:_activate_slot,3268_583_474_1030_688
R,CLAMP,CLAMP,0
L,8,3268,PREDICTION,src/tracking/advanced_tracker.py:kalman_homography,
R,PREDICTION,PREDICTION,1
L,9,3268,PREDICTION,src/tracking/advanced_tracker.py:id_merge,
R,PREDICTION,PREDICTION,1
A,3268
S,6,3271,CLAMP,src/tracking/advanced_tracker.py:_activate_slot,3271_578_473_1031_726
S,7,3271,DETECTION,src/tracking/advanced_tracker.py:_activate_slot,3271_555_1314_1027_1542
S,9,3271,DETECTION,src/tracking/advanced_tracker.py:_activate_slot,3271_621_1686_1023_1854
S,1,3271,PREDICTION,src/tracking/advanced_tracker.py:kalman_homography,
S,2,3271,PREDICTION,src/tracking/advanced_tracker.py:kalman_homography,
S,3,3271,PREDICTION,src/tracking/advanced_tracker.py:kalman_homography,
S,4,3271,PREDICTION,src/tracking/advanced_tracker.py:kalman_homography,
S,5,3271,PREDICTION,src/tracking/advanced_tracker.py:kalman_homography,
S,8,3271,PREDICTION,src/tracking/advanced_tracker.py:kalman_homography,
S,10,3271,PREDICTION,src/tracking/advanced_tracker.py:kalman_homography,
D,2,3271
S,1,3271,PREDICTION,src/tracking/advanced_tracker.py:id_merge,
D,3,3271
S,1,3271,PREDICTION,src/tracking/advanced_tracker.py:id_merge,
D,4,3271
S,1,3271,PREDICTION,src/tracking/advanced_tracker.py:id_merge,
D,5,3271
S,9,3271,PREDICTION,src/tracking/advanced_tracker.py:id_merge,
D,7,3271
S,9,3271,PREDICTION,src/tracking/advanced_tracker.py:id_merge,
L,1,3271,PREDICTION,src/tracking/advanced_tracker.py:id_merge,
R,PREDICTION,PREDICTION,1
L,6,3271,CLAMP,src/tracking/advanced_tracker.py:_activate_slot,3271_578_473_1031_726
R,CLAMP,CLAMP,0
L,8,3271,PREDICTION,src/tracking/advanced_tracker.py:kalman_homography,
R,PREDICTION,PREDICTION,1
L,9,3271,PREDICTION,src/tracking/advanced_tracker.py:id_merge,
R,PREDICTION,PREDICTION,1
A,3271
S,6,3274,DETECTION,src/tracking/advanced_tracker.py:_activate_slot,3274_598_395_1030_666
S,7,3274,DETECTION,src/tracking/advanced_tracker.py:_activate_slot,3274_554_1254_1004_1530
S,5,3274,DETECTION,src/tracking/advanced_tracker.py:_activate_slot,3274_154_13_298_148
S,1,3274,PREDICTION,src/tracking/advanced_tracker.py:kalman_homography,
S,2,3274,PREDICTION,src/tracking/advanced_tracker.py:kalman_homography,
S,3,3274,PREDICTION,src/tracking/advanced_tracker.py:kalman_homography,
S,4,3274,PREDICTION,src/tracking/advanced_tracker.py:kalman_homography,
S,8,3274,PREDICTION,src/tracking/advanced_tracker.py:kalman_homography,
S,10,3274,PREDICTION,src/tracking/advanced_tracker.py:kalman_homography,
S,0,3274,PREDICTION,src/tracking/advanced_tracker.py:flow_gapfill_batched,
S,9,3274,PREDICTION,src/tracking/advanced_tracker.py:flow_gapfill_batched,
D,2,3274
S,1,3274,PREDICTION,src/tracking/advanced_tracker.py:id_merge,
D,3,3274
S,1,3274,PREDICTION,src/tracking/advanced_tracker.py:id_merge,
D,4,3274
S,1,3274,PREDICTION,src/tracking/advanced_tracker.py:id_merge,
D,9,3274
S,7,3274,PREDICTION,src/tracking/advanced_tracker.py:id_merge,
L,0,3274,PREDICTION,src/tracking/advanced_tracker.py:flow_gapfill_batched,
R,PREDICTION,PREDICTION,1
L,1,3274,PREDICTION,src/tracking/advanced_tracker.py:id_merge,
R,PREDICTION,PREDICTION,1
L,5,3274,DETECTION,src/tracking/advanced_tracker.py:_activate_slot,3274_154_13_298_148
R,DETECTION,DETECTION,1
L,6,3274,DETECTION,src/tracking/advanced_tracker.py:_activate_slot,3274_598_395_1030_666
R,DETECTION,DETECTION,1
L,7,3274,PREDICTION,src/tracking/advanced_tracker.py:id_merge,
R,PREDICTION,PREDICTION,1
L,8,3274,PREDICTION,src/tracking/advanced_tracker.py:kalman_homography,
R,PREDICTION,PREDICTION,1
A,3274
S,1,3277,PREDICTION,src/tracking/advanced_tracker.py:kalman_homography,
S,2,3277,PREDICTION,src/tracking/advanced_tracker.py:kalman_homography,
S,3,3277,PREDICTION,src/tracking/advanced_tracker.py:kalman_homography,
S,4,3277,PREDICTION,src/tracking/advanced_tracker.py:kalman_homography,
S,5,3277,PREDICTION,src/tracking/advanced_tracker.py:kalman_homography,
S,7,3277,PREDICTION,src/tracking/advanced_tracker.py:kalman_homography,
S,8,3277,PREDICTION,src/tracking/advanced_tracker.py:kalman_homography,
S,10,3277,PREDICTION,src/tracking/advanced_tracker.py:kalman_homography,
S,0,3277,PREDICTION,src/tracking/advanced_tracker.py:flow_gapfill_batched,
S,6,3277,PREDICTION,src/tracking/advanced_tracker.py:flow_gapfill_batched,
S,9,3277,PREDICTION,src/tracking/advanced_tracker.py:flow_gapfill_batched,
D,0,3277
S,1,3277,PREDICTION,src/tracking/advanced_tracker.py:id_merge,
D,2,3277
S,1,3277,PREDICTION,src/tracking/advanced_tracker.py:id_merge,
D,3,3277
S,1,3277,PREDICTION,src/tracking/advanced_tracker.py:id_merge,
D,4,3277
S,1,3277,PREDICTION,src/tracking/advanced_tracker.py:id_merge,
D,9,3277
S,7,3277,PREDICTION,src/tracking/advanced_tracker.py:id_merge,
L,1,3277,PREDICTION,src/tracking/advanced_tracker.py:id_merge,
R,PREDICTION,PREDICTION,1
L,5,3277,PREDICTION,src/tracking/advanced_tracker.py:kalman_homography,
R,PREDICTION,PREDICTION,1
L,6,3277,PREDICTION,src/tracking/advanced_tracker.py:flow_gapfill_batched,
R,PREDICTION,PREDICTION,1
L,7,3277,PREDICTION,src/tracking/advanced_tracker.py:id_merge,
R,PREDICTION,PREDICTION,1
L,8,3277,PREDICTION,src/tracking/advanced_tracker.py:kalman_homography,
R,PREDICTION,PREDICTION,1
A,3277
S,10,3280,DETECTION,src/tracking/advanced_tracker.py:_activate_slot,3280_175_15_532_221
S,1,3280,PREDICTION,src/tracking/advanced_tracker.py:kalman_homography,
S,5,3280,PREDICTION,src/tracking/advanced_tracker.py:kalman_homography,
S,7,3280,PREDICTION,src/tracking/advanced_tracker.py:kalman_homography,
S,8,3280,PREDICTION,src/tracking/advanced_tracker.py:kalman_homography,
S,0,3280,PREDICTION,src/tracking/advanced_tracker.py:flow_gapfill_batched,
S,2,3280,PREDICTION,src/tracking/advanced_tracker.py:flow_gapfill_batched,
S,3,3280,PREDICTION,src/tracking/advanced_tracker.py:flow_gapfill_batched,
S,6,3280,PREDICTION,src/tracking/advanced_tracker.py:flow_gapfill_batched,
D,0,3280
S,1,3280,PREDICTION,src/tracking/advanced_tracker.py:id_merge,
L,1,3280,PREDICTION,src/tracking/advanced_tracker.py:id_merge,
R,PREDICTION,PREDICTION,1
L,2,3280,PREDICTION,src/tracking/advanced_tracker.py:flow_gapfill_batched,
R,PREDICTION,PREDICTION,1
L,3,3280,PREDICTION,src/tracking/advanced_tracker.py:flow_gapfill_batched,
R,PREDICTION,PREDICTION,1
L,5,3280,PREDICTION,src/tracking/advanced_tracker.py:kalman_homography,
R,PREDICTION,PREDICTION,1
L,6,3280,PREDICTION,src/tracking/advanced_tracker.py:flow_gapfill_batched,
R,PREDICTION,PREDICTION,1
L,7,3280,PREDICTION,src/tracking/advanced_tracker.py:kalman_homography,
R,PREDICTION,PREDICTION,1
L,8,3280,PREDICTION,src/tracking/advanced_tracker.py:kalman_homography,
R,PREDICTION,PREDICTION,1
A,3280
S,5,3283,PREDICTION,src/tracking/advanced_tracker.py:kalman_homography,
S,7,3283,PREDICTION,src/tracking/advanced_tracker.py:kalman_homography,
S,8,3283,PREDICTION,src/tracking/advanced_tracker.py:kalman_homography,
S,10,3283,PREDICTION,src/tracking/advanced_tracker.py:kalman_homography,
S,1,3283,PREDICTION,src/tracking/advanced_tracker.py:flow_gapfill_batched,
S,6,3283,PREDICTION,src/tracking/advanced_tracker.py:flow_gapfill_batched,
S,9,3283,PREDICTION,src/tracking/advanced_tracker.py:flow_gapfill_batched,
D,9,3283
S,7,3283,PREDICTION,src/tracking/advanced_tracker.py:id_merge,
L,1,3283,PREDICTION,src/tracking/advanced_tracker.py:flow_gapfill_batched,
R,PREDICTION,PREDICTION,1
L,5,3283,PREDICTION,src/tracking/advanced_tracker.py:kalman_homography,
R,PREDICTION,PREDICTION,1
L,6,3283,PREDICTION,src/tracking/advanced_tracker.py:flow_gapfill_batched,
R,PREDICTION,PREDICTION,1
L,7,3283,PREDICTION,src/tracking/advanced_tracker.py:id_merge,
R,PREDICTION,PREDICTION,1
L,8,3283,PREDICTION,src/tracking/advanced_tracker.py:kalman_homography,
R,PREDICTION,PREDICTION,1
A,3283
S,5,3286,PREDICTION,src/tracking/advanced_tracker.py:kalman_homography,
S,7,3286,PREDICTION,src/tracking/advanced_tracker.py:kalman_homography,
S,8,3286,PREDICTION,src/tracking/advanced_tracker.py:kalman_homography,
S,10,3286,PREDICTION,src/tracking/advanced_tracker.py:kalman_homography,
S,6,3286,PREDICTION,src/tracking/advanced_tracker.py:flow_gapfill_batched,
L,5,3286,PREDICTION,src/tracking/advanced_tracker.py:kalman_homography,
R,PREDICTION,PREDICTION,1
L,6,3286,PREDICTION,src/tracking/advanced_tracker.py:flow_gapfill_batched,
R,CLAMP,CLAMP,0
L,7,3286,PREDICTION,src/tracking/advanced_tracker.py:kalman_homography,
R,PREDICTION,PREDICTION,1
L,8,3286,PREDICTION,src/tracking/advanced_tracker.py:kalman_homography,
R,PREDICTION,PREDICTION,1
A,3286
S,8,3289,DETECTION,src/tracking/advanced_tracker.py:_activate_slot,3289_343_1044_571_1269
S,5,3289,PREDICTION,src/tracking/advanced_tracker.py:kalman_homography,
S,7,3289,PREDICTION,src/tracking/advanced_tracker.py:kalman_homography,
S,10,3289,PREDICTION,src/tracking/advanced_tracker.py:kalman_homography,
S,6,3289,PREDICTION,src/tracking/advanced_tracker.py:flow_gapfill_batched,
S,9,3289,PREDICTION,src/tracking/advanced_tracker.py:flow_gapfill_batched,
L,5,3289,PREDICTION,src/tracking/advanced_tracker.py:kalman_homography,
R,PREDICTION,PREDICTION,1
L,6,3289,PREDICTION,src/tracking/advanced_tracker.py:flow_gapfill_batched,
R,CLAMP,CLAMP,0
L,7,3289,PREDICTION,src/tracking/advanced_tracker.py:kalman_homography,
R,PREDICTION,PREDICTION,1
L,8,3289,DETECTION,src/tracking/advanced_tracker.py:_activate_slot,3289_343_1044_571_1269
R,DETECTION,DETECTION,1
L,9,3289,PREDICTION,src/tracking/advanced_tracker.py:flow_gapfill_batched,
R,PREDICTION,PREDICTION,1
A,3289
S,5,3292,PREDICTION,src/tracking/advanced_tracker.py:kalman_homography,
S,7,3292,PREDICTION,src/tracking/advanced_tracker.py:kalman_homography,
S,8,3292,PREDICTION,src/tracking/advanced_tracker.py:kalman_homography,
S,10,3292,PREDICTION,src/tracking/advanced_tracker.py:kalman_homography,
S,6,3292,PREDICTION,src/tracking/advanced_tracker.py:flow_gapfill_batched,
L,5,3292,PREDICTION,src/tracking/advanced_tracker.py:kalman_homography,
R,PREDICTION,PREDICTION,1
L,6,3292,PREDICTION,src/tracking/advanced_tracker.py:flow_gapfill_batched,
R,CLAMP,CLAMP,0
L,7,3292,PREDICTION,src/tracking/advanced_tracker.py:kalman_homography,
R,PREDICTION,PREDICTION,1
L,8,3292,PREDICTION,src/tracking/advanced_tracker.py:kalman_homography,
R,PREDICTION,PREDICTION,1
A,3292
S,5,3295,PREDICTION,src/tracking/advanced_tracker.py:kalman_homography,
S,7,3295,PREDICTION,src/tracking/advanced_tracker.py:kalman_homography,
S,8,3295,PREDICTION,src/tracking/advanced_tracker.py:kalman_homography,
S,10,3295,PREDICTION,src/tracking/advanced_tracker.py:kalman_homography,
S,6,3295,PREDICTION,src/tracking/advanced_tracker.py:flow_gapfill_batched,
L,5,3295,PREDICTION,src/tracking/advanced_tracker.py:kalman_homography,
R,PREDICTION,PREDICTION,1
L,6,3295,PREDICTION,src/tracking/advanced_tracker.py:flow_gapfill_batched,
R,CLAMP,CLAMP,0
L,7,3295,PREDICTION,src/tracking/advanced_tracker.py:kalman_homography,
R,PREDICTION,PREDICTION,1
L,8,3295,PREDICTION,src/tracking/advanced_tracker.py:kalman_homography,
R,PREDICTION,PREDICTION,1
A,3295
S,6,3298,CLAMP,src/tracking/advanced_tracker.py:_activate_slot,3298_504_391_883_607
S,8,3298,PREDICTION,src/tracking/advanced_tracker.py:kalman_homography,
S,10,3298,PREDICTION,src/tracking/advanced_tracker.py:kalman_homography,
S,5,3298,PREDICTION,src/tracking/advanced_tracker.py:flow_gapfill_batched,
L,5,3298,PREDICTION,src/tracking/advanced_tracker.py:flow_gapfill_batched,
R,PREDICTION,PREDICTION,1
L,6,3298,CLAMP,src/tracking/advanced_tracker.py:_activate_slot,3298_504_391_883_607
R,CLAMP,CLAMP,0
L,8,3298,PREDICTION,src/tracking/advanced_tracker.py:kalman_homography,
R,PREDICTION,PREDICTION,1
A,3298
S,6,3301,CLAMP,src/tracking/advanced_tracker.py:_activate_slot,3301_480_410_857_642
S,8,3301,PREDICTION,src/tracking/advanced_tracker.py:kalman_homography,
S,10,3301,PREDICTION,src/tracking/advanced_tracker.py:kalman_homography,
L,6,3301,CLAMP,src/tracking/advanced_tracker.py:_activate_slot,3301_480_410_857_642
R,CLAMP,CLAMP,0
L,8,3301,PREDICTION,src/tracking/advanced_tracker.py:kalman_homography,
R,PREDICTION,PREDICTION,1
A,3301
S,6,3304,DETECTION,src/tracking/advanced_tracker.py:_activate_slot,3304_426_566_846_729
S,8,3304,PREDICTION,src/tracking/advanced_tracker.py:kalman_homography,
L,6,3304,DETECTION,src/tracking/advanced_tracker.py:_activate_slot,3304_426_566_846_729
R,CLAMP,CLAMP,0
L,8,3304,PREDICTION,src/tracking/advanced_tracker.py:kalman_homography,
R,PREDICTION,PREDICTION,1
A,3304
S,6,3307,DETECTION,src/tracking/advanced_tracker.py:_activate_slot,3307_402_489_868_697
S,8,3307,DETECTION,src/tracking/advanced_tracker.py:_activate_slot,3307_327_1182_687_1404
L,6,3307,DETECTION,src/tracking/advanced_tracker.py:_activate_slot,3307_402_489_868_697
R,CLAMP,CLAMP,0
L,8,3307,DETECTION,src/tracking/advanced_tracker.py:_activate_slot,3307_327_1182_687_1404
R,DETECTION,DETECTION,1
A,3307
S,6,3310,DETECTION,src/tracking/advanced_tracker.py:_activate_slot,3310_405_433_900_700
S,8,3310,DETECTION,src/tracking/advanced_tracker.py:_activate_slot,3310_263_1212_690_1377
L,6,3310,DETECTION,src/tracking/advanced_tracker.py:_activate_slot,3310_405_433_900_700
R,CLAMP,CLAMP,0
L,8,3310,DETECTION,src/tracking/advanced_tracker.py:_activate_slot,3310_263_1212_690_1377
R,DETECTION,DETECTION,1
A,3310
S,6,3313,CLAMP,src/tracking/advanced_tracker.py:_activate_slot,3313_416_331_886_674
S,8,3313,DETECTION,src/tracking/advanced_tracker.py:_activate_slot,3313_357_1245_688_1380
L,6,3313,CLAMP,src/tracking/advanced_tracker.py:_activate_slot,3313_416_331_886_674
R,CLAMP,CLAMP,0
L,8,3313,DETECTION,src/tracking/advanced_tracker.py:_activate_slot,3313_357_1245_688_1380
R,DETECTION,DETECTION,1
A,3313
S,6,3316,DETECTION,src/tracking/advanced_tracker.py:_activate_slot,3316_438_370_858_662
S,8,3316,DETECTION,src/tracking/advanced_tracker.py:_activate_slot,3316_324_1269_691_1437
S,9,3316,DETECTION,src/tracking/advanced_tracker.py:_activate_slot,3316_283_1551_650_1749
D,8,3316
S,9,3316,PREDICTION,src/tracking/advanced_tracker.py:id_merge,
L,6,3316,DETECTION,src/tracking/advanced_tracker.py:_activate_slot,3316_438_370_858_662
R,CLAMP,CLAMP,0
L,9,3316,PREDICTION,src/tracking/advanced_tracker.py:id_merge,
R,PREDICTION,PREDICTION,1
A,3316
S,6,3319,DETECTION,src/tracking/advanced_tracker.py:_activate_slot,3319_394_359_861_665
S,8,3319,DETECTION,src/tracking/advanced_tracker.py:_activate_slot,3319_307_1297_700_1453
S,9,3319,DETECTION,src/tracking/advanced_tracker.py:_activate_slot,3319_277_1588_657_1780
D,8,3319
S,9,3319,PREDICTION,src/tracking/advanced_tracker.py:id_merge,
L,6,3319,DETECTION,src/tracking/advanced_tracker.py:_activate_slot,3319_394_359_861_665
R,CLAMP,CLAMP,0
L,9,3319,PREDICTION,src/tracking/advanced_tracker.py:id_merge,
R,PREDICTION,PREDICTION,1
A,3319
S,6,3322,DETECTION,src/tracking/advanced_tracker.py:_activate_slot,3322_408_365_873_693
S,8,3322,DETECTION,src/tracking/advanced_tracker.py:_activate_slot,3322_274_1311_684_1448
S,9,3322,DETECTION,src/tracking/advanced_tracker.py:_activate_slot,3322_264_1599_645_1791
S,5,3322,DETECTION,src/tracking/advanced_tracker.py:_activate_slot,3322_252_1306_697_1489
D,5,3322
S,8,3322,PREDICTION,src/tracking/advanced_tracker.py:id_merge,
D,8,3322
S,9,3322,PREDICTION,src/tracking/advanced_tracker.py:id_merge,
L,6,3322,DETECTION,src/tracking/advanced_tracker.py:_activate_slot,3322_408_365_873_693
R,CLAMP,CLAMP,0
L,9,3322,PREDICTION,src/tracking/advanced_tracker.py:id_merge,
R,PREDICTION,PREDICTION,1
A,3322
S,6,3325,DETECTION,src/tracking/advanced_tracker.py:_activate_slot,3325_390_405_837_728
S,7,3325,DETECTION,src/tracking/advanced_tracker.py:_activate_slot,3325_189_480_614_738
S,9,3325,DETECTION,src/tracking/advanced_tracker.py:_activate_slot,3325_263_1635_660_1827
S,5,3325,DETECTION,src/tracking/advanced_tracker.py:_activate_slot,3325_208_1335_690_1534
S,8,3325,DETECTION,src/tracking/advanced_tracker.py:_activate_slot,3325_299_1338_680_1497
D,5,3325
S,8,3325,PREDICTION,src/tracking/advanced_tracker.py:id_merge,
D,8,3325
S,9,3325,PREDICTION,src/tracking/advanced_tracker.py:id_merge,
L,6,3325,DETECTION,src/tracking/advanced_tracker.py:_activate_slot,3325_390_405_837_728
R,CLAMP,CLAMP,0
L,7,3325,DETECTION,src/tracking/advanced_tracker.py:_activate_slot,3325_189_480_614_738
R,DETECTION,DETECTION,1
L,9,3325,PREDICTION,src/tracking/advanced_tracker.py:id_merge,
R,PREDICTION,PREDICTION,1
A,3325
S,6,3328,DETECTION,src/tracking/advanced_tracker.py:_activate_slot,3328_417_474_820_757
S,7,3328,DETECTION,src/tracking/advanced_tracker.py:_activate_slot,3328_194_522_611_780
S,9,3328,DETECTION,src/tracking/advanced_tracker.py:_activate_slot,3328_256_1677_637_1869
S,5,3328,DETECTION,src/tracking/advanced_tracker.py:_activate_slot,3328_248_1377_671_1599
S,8,3328,PREDICTION,src/tracking/advanced_tracker.py:kalman_homography,
D,5,3328
S,7,3328,PREDICTION,src/tracking/advanced_tracker.py:id_merge,
D,8,3328
S,7,3328,PREDICTION,src/tracking/advanced_tracker.py:id_merge,
L,6,3328,DETECTION,src/tracking/advanced_tracker.py:_activate_slot,3328_417_474_820_757
R,CLAMP,CLAMP,0
L,7,3328,PREDICTION,src/tracking/advanced_tracker.py:id_merge,
R,PREDICTION,PREDICTION,1
L,9,3328,DETECTION,src/tracking/advanced_tracker.py:_activate_slot,3328_256_1677_637_1869
R,DETECTION,DETECTION,1
A,3328
S,5,3331,DETECTION,src/tracking/advanced_tracker.py:_activate_slot,3331_303_1426_669_1651
S,6,3331,DETECTION,src/tracking/advanced_tracker.py:_activate_slot,3331_449_567_854_786
S,7,3331,DETECTION,src/tracking/advanced_tracker.py:_activate_slot,3331_199_565_606_808
S,9,3331,DETECTION,src/tracking/advanced_tracker.py:_activate_slot,3331_251_1702_645_1870
S,8,3331,PREDICTION,src/tracking/advanced_tracker.py:kalman_homography,
D,5,3331
S,7,3331,PREDICTION,src/tracking/advanced_tracker.py:id_merge,
D,8,3331
S,7,3331,PREDICTION,src/tracking/advanced_tracker.py:id_merge,
D,7,3331
S,9,3331,PREDICTION,src/tracking/advanced_tracker.py:id_merge,
L,6,3331,DETECTION,src/tracking/advanced_tracker.py:_activate_slot,3331_449_567_854_786
R,CLAMP,CLAMP,0
L,9,3331,PREDICTION,src/tracking/advanced_tracker.py:id_merge,
R,PREDICTION,PREDICTION,1
A,3331
S,5,3334,DETECTION,src/tracking/advanced_tracker.py:_activate_slot,3334_310_1456_662_1720
S,6,3334,DETECTION,src/tracking/advanced_tracker.py:_activate_slot,3334_480_501_850_831
S,7,3334,DETECTION,src/tracking/advanced_tracker.py:_activate_slot,3334_195_559_592_831
S,9,3334,DETECTION,src/tracking/advanced_tracker.py:_activate_slot,3334_208_1750_639_1903
S,8,3334,PREDICTION,src/tracking/advanced_tracker.py:kalman_homography,
D,5,3334
S,7,3334,PREDICTION,src/tracking/advanced_tracker.py:id_merge,
D,8,3334
S,7,3334,PREDICTION,src/tracking/advanced_tracker.py:id_merge,
D,7,3334
S,9,3334,PREDICTION,src/tracking/advanced_tracker.py:id_merge,
L,6,3334,DETECTION,src/tracking/advanced_tracker.py:_activate_slot,3334_480_501_850_831
R,CLAMP,CLAMP,0
L,9,3334,PREDICTION,src/tracking/advanced_tracker.py:id_merge,
R,PREDICTION,PREDICTION,1
A,3334
S,0,3337,DETECTION,src/tracking/advanced_tracker.py:_activate_slot,3337_113_1525_640_1759
S,5,3337,DETECTION,src/tracking/advanced_tracker.py:_activate_slot,3337_249_1527_650_1764
S,7,3337,DETECTION,src/tracking/advanced_tracker.py:_activate_slot,3337_182_606_592_841
S,9,3337,DETECTION,src/tracking/advanced_tracker.py:_activate_slot,3337_246_1776_642_1932
S,10,3337,DETECTION,src/tracking/advanced_tracker.py:_activate_slot,3337_145_51_485_235
S,6,3337,PREDICTION,src/tracking/advanced_tracker.py:kalman_homography,
S,8,3337,PREDICTION,src/tracking/advanced_tracker.py:kalman_homography,
D,5,3337
S,7,3337,PREDICTION,src/tracking/advanced_tracker.py:id_merge,
D,8,3337
S,7,3337,PREDICTION,src/tracking/advanced_tracker.py:id_merge,
D,7,3337
S,9,3337,PREDICTION,src/tracking/advanced_tracker.py:id_merge,
L,0,3337,DETECTION,src/tracking/advanced_tracker.py:_activate_slot,3337_113_1525_640_1759
R,DETECTION,DETECTION,1
L,6,3337,PREDICTION,src/tracking/advanced_tracker.py:kalman_homography,
R,CLAMP,CLAMP,0
L,9,3337,PREDICTION,src/tracking/advanced_tracker.py:id_merge,
R,PREDICTION,PREDICTION,1
A,3337
S,6,3340,DETECTION,src/tracking/advanced_tracker.py:_activate_slot,3340_435_544_868_1036
S,7,3340,DETECTION,src/tracking/advanced_tracker.py:_activate_slot,3340_178_611_562_813
S,9,3340,DETECTION,src/tracking/advanced_tracker.py:_activate_slot,3340_234_1804_651_1933
S,5,3340,DETECTION,src/tracking/advanced_tracker.py:_activate_slot,3340_244_1611_641_1779
S,10,3340,DETECTION,src/tracking/advanced_tracker.py:_activate_slot,3340_144_11_488_186
S,0,3340,PREDICTION,src/tracking/advanced_tracker.py:kalman_homography,
S,8,3340,PREDICTION,src/tracking/advanced_tracker.py:kalman_homography,
D,5,3340
S,7,3340,PREDICTION,src/tracking/advanced_tracker.py:id_merge,
D,8,3340
S,7,3340,PREDICTION,src/tracking/advanced_tracker.py:id_merge,
D,7,3340
S,9,3340,PREDICTION,src/tracking/advanced_tracker.py:id_merge,
L,0,3340,PREDICTION,src/tracking/advanced_tracker.py:kalman_homography,
R,PREDICTION,PREDICTION,1
L,6,3340,DETECTION,src/tracking/advanced_tracker.py:_activate_slot,3340_435_544_868_1036
R,CLAMP,CLAMP,0
L,9,3340,PREDICTION,src/tracking/advanced_tracker.py:id_merge,
R,PREDICTION,PREDICTION,1
A,3340
S,5,3343,DETECTION,src/tracking/advanced_tracker.py:_activate_slot,3343_280_1662_694_1854
S,6,3343,DETECTION,src/tracking/advanced_tracker.py:_activate_slot,3343_429_620_863_1095
S,7,3343,DETECTION,src/tracking/advanced_tracker.py:_activate_slot,3343_192_613_571_820
S,9,3343,DETECTION,src/tracking/advanced_tracker.py:_activate_slot,3343_225_1833_645_1935
S,10,3343,DETECTION,src/tracking/advanced_tracker.py:_activate_slot,3343_145_-15_502_181
S,0,3343,PREDICTION,src/tracking/advanced_tracker.py:kalman_homography,
S,8,3343,PREDICTION,src/tracking/advanced_tracker.py:kalman_homography,
D,5,3343
S,7,3343,PREDICTION,src/tracking/advanced_tracker.py:id_merge,
D,8,3343
S,7,3343,PREDICTION,src/tracking/advanced_tracker.py:id_merge,
D,7,3343
S,9,3343,PREDICTION,src/tracking/advanced_tracker.py:id_merge,
L,0,3343,PREDICTION,src/tracking/advanced_tracker.py:kalman_homography,
R,PREDICTION,SUBPIXEL,0
L,6,3343,DETECTION,src/tracking/advanced_tracker.py:_activate_slot,3343_429_620_863_1095
R,CLAMP,CLAMP,0
L,9,3343,PREDICTION,src/tracking/advanced_tracker.py:id_merge,
R,PREDICTION,PREDICTION,1
A,3343
S,5,3346,DETECTION,src/tracking/advanced_tracker.py:_activate_slot,3346_325_1707_693_1887
S,6,3346,DETECTION,src/tracking/advanced_tracker.py:_activate_slot,3346_416_708_868_1117
S,7,3346,DETECTION,src/tracking/advanced_tracker.py:_activate_slot,3346_201_624_581_828
S,9,3346,DETECTION,src/tracking/advanced_tracker.py:_activate_slot,3346_387_1863_656_1935
S,0,3346,PREDICTION,src/tracking/advanced_tracker.py:kalman_homography,
S,8,3346,PREDICTION,src/tracking/advanced_tracker.py:kalman_homography,
S,10,3346,PREDICTION,src/tracking/advanced_tracker.py:kalman_homography,
D,5,3346
S,7,3346,PREDICTION,src/tracking/advanced_tracker.py:id_merge,
D,8,3346
S,7,3346,PREDICTION,src/tracking/advanced_tracker.py:id_merge,
D,7,3346
S,9,3346,PREDICTION,src/tracking/advanced_tracker.py:id_merge,
L,0,3346,PREDICTION,src/tracking/advanced_tracker.py:kalman_homography,
R,PREDICTION,SUBPIXEL,0
L,6,3346,DETECTION,src/tracking/advanced_tracker.py:_activate_slot,3346_416_708_868_1117
R,CLAMP,CLAMP,0
L,9,3346,PREDICTION,src/tracking/advanced_tracker.py:id_merge,
R,PREDICTION,PREDICTION,1
A,3346
S,5,3349,DETECTION,src/tracking/advanced_tracker.py:_activate_slot,3349_260_1702_686_1933
S,6,3349,DETECTION,src/tracking/advanced_tracker.py:_activate_slot,3349_412_816_839_1110
S,7,3349,DETECTION,src/tracking/advanced_tracker.py:_activate_slot,3349_185_604_587_804
S,0,3349,PREDICTION,src/tracking/advanced_tracker.py:kalman_homography,
S,9,3349,PREDICTION,src/tracking/advanced_tracker.py:kalman_homography,
S,10,3349,PREDICTION,src/tracking/advanced_tracker.py:kalman_homography,
D,5,3349
S,7,3349,PREDICTION,src/tracking/advanced_tracker.py:id_merge,
D,9,3349
S,7,3349,PREDICTION,src/tracking/advanced_tracker.py:id_merge,
L,0,3349,PREDICTION,src/tracking/advanced_tracker.py:kalman_homography,
R,PREDICTION,SUBPIXEL,0
L,6,3349,DETECTION,src/tracking/advanced_tracker.py:_activate_slot,3349_412_816_839_1110
R,CLAMP,CLAMP,0
L,7,3349,PREDICTION,src/tracking/advanced_tracker.py:id_merge,
R,PREDICTION,PREDICTION,1
A,3349
S,5,3352,DETECTION,src/tracking/advanced_tracker.py:_activate_slot,3352_251_1677_658_1917
S,6,3352,DETECTION,src/tracking/advanced_tracker.py:_activate_slot,3352_442_769_866_1108
S,7,3352,DETECTION,src/tracking/advanced_tracker.py:_activate_slot,3352_199_582_576_766
S,0,3352,PREDICTION,src/tracking/advanced_tracker.py:kalman_homography,
S,10,3352,PREDICTION,src/tracking/advanced_tracker.py:kalman_homography,
S,9,3352,PREDICTION,src/tracking/advanced_tracker.py:flow_gapfill_batched,
D,5,3352
S,7,3352,PREDICTION,src/tracking/advanced_tracker.py:id_merge,
D,9,3352
S,7,3352,PREDICTION,src/tracking/advanced_tracker.py:id_merge,
L,0,3352,PREDICTION,src/tracking/advanced_tracker.py:kalman_homography,
R,PREDICTION,SUBPIXEL,0
L,6,3352,DETECTION,src/tracking/advanced_tracker.py:_activate_slot,3352_442_769_866_1108
R,CLAMP,CLAMP,0
L,7,3352,PREDICTION,src/tracking/advanced_tracker.py:id_merge,
R,PREDICTION,PREDICTION,1
A,3352
S,5,3355,DETECTION,src/tracking/advanced_tracker.py:_activate_slot,3355_270_1677_691_1881
S,6,3355,DETECTION,src/tracking/advanced_tracker.py:_activate_slot,3355_454_750_868_1167
S,7,3355,DETECTION,src/tracking/advanced_tracker.py:_activate_slot,3355_211_569_583_771
S,0,3355,PREDICTION,src/tracking/advanced_tracker.py:kalman_homography,
S,10,3355,PREDICTION,src/tracking/advanced_tracker.py:kalman_homography,
S,9,3355,PREDICTION,src/tracking/advanced_tracker.py:flow_gapfill_batched,
D,5,3355
S,7,3355,PREDICTION,src/tracking/advanced_tracker.py:id_merge,
D,9,3355
S,7,3355,PREDICTION,src/tracking/advanced_tracker.py:id_merge,
L,0,3355,PREDICTION,src/tracking/advanced_tracker.py:kalman_homography,
R,PREDICTION,SUBPIXEL,0
L,6,3355,DETECTION,src/tracking/advanced_tracker.py:_activate_slot,3355_454_750_868_1167
R,CLAMP,CLAMP,0
L,7,3355,PREDICTION,src/tracking/advanced_tracker.py:id_merge,
R,PREDICTION,PREDICTION,1
A,3355
S,5,3358,DETECTION,src/tracking/advanced_tracker.py:_activate_slot,3358_280_1686_697_1872
S,6,3358,DETECTION,src/tracking/advanced_tracker.py:_activate_slot,3358_481_774_869_1179
S,7,3358,DETECTION,src/tracking/advanced_tracker.py:_activate_slot,3358_213_549_573_801
S,0,3358,PREDICTION,src/tracking/advanced_tracker.py:kalman_homography,
S,9,3358,PREDICTION,src/tracking/advanced_tracker.py:flow_gapfill_batched,
D,5,3358
S,7,3358,PREDICTION,src/tracking/advanced_tracker.py:id_merge,
D,9,3358
S,7,3358,PREDICTION,src/tracking/advanced_tracker.py:id_merge,
L,0,3358,PREDICTION,src/tracking/advanced_tracker.py:kalman_homography,
R,PREDICTION,SUBPIXEL,0
L,6,3358,DETECTION,src/tracking/advanced_tracker.py:_activate_slot,3358_481_774_869_1179
R,CLAMP,CLAMP,0
L,7,3358,PREDICTION,src/tracking/advanced_tracker.py:id_merge,
R,PREDICTION,PREDICTION,1
A,3358
S,1,3361,DETECTION,src/tracking/advanced_tracker.py:_activate_slot,3361_220_563_682_795
S,2,3361,DETECTION,src/tracking/advanced_tracker.py:_activate_slot,3361_485_970_695_1183
S,5,3361,DETECTION,src/tracking/advanced_tracker.py:_activate_slot,3361_268_1689_697_1887
S,6,3361,DETECTION,src/tracking/advanced_tracker.py:_activate_slot,3361_487_850_911_1180
S,7,3361,DETECTION,src/tracking/advanced_tracker.py:_activate_slot,3361_211_423_664_796
S,9,3361,PREDICTION,src/tracking/advanced_tracker.py:flow_gapfill_batched,
D,9,3361
S,5,3361,PREDICTION,src/tracking/advanced_tracker.py:id_merge,
D,6,3361
S,7,3361,PREDICTION,src/tracking/advanced_tracker.py:id_merge,
L,1,3361,DETECTION,src/tracking/advanced_tracker.py:_activate_slot,3361_220_563_682_795
R,DETECTION,DETECTION,1
L,2,3361,DETECTION,src/tracking/advanced_tracker.py:_activate_slot,3361_485_970_695_1183
R,CLAMP,CLAMP,0
L,5,3361,PREDICTION,src/tracking/advanced_tracker.py:id_merge,
R,CLAMP,CLAMP,0
L,7,3361,PREDICTION,src/tracking/advanced_tracker.py:id_merge,
R,PREDICTION,PREDICTION,1
A,3361
S,5,3364,DETECTION,src/tracking/advanced_tracker.py:_activate_slot,3364_241_1680_664_1929
S,6,3364,DETECTION,src/tracking/advanced_tracker.py:_activate_slot,3364_462_945_874_1167
S,7,3364,DETECTION,src/tracking/advanced_tracker.py:_activate_slot,3364_144_424_681_639
S,1,3364,PREDICTION,src/tracking/advanced_tracker.py:kalman_homography,
S,2,3364,PREDICTION,src/tracking/advanced_tracker.py:kalman_homography,
S,9,3364,PREDICTION,src/tracking/advanced_tracker.py:flow_gapfill_batched,
D,9,3364
S,5,3364,PREDICTION,src/tracking/advanced_tracker.py:id_merge,
L,1,3364,PREDICTION,src/tracking/advanced_tracker.py:kalman_homography,
R,PREDICTION,PREDICTION,1
L,2,3364,PREDICTION,src/tracking/advanced_tracker.py:kalman_homography,
R,CLAMP,CLAMP,0
L,5,3364,PREDICTION,src/tracking/advanced_tracker.py:id_merge,
R,CLAMP,CLAMP,0
L,6,3364,DETECTION,src/tracking/advanced_tracker.py:_activate_slot,3364_462_945_874_1167
R,CLAMP,CLAMP,0
L,7,3364,DETECTION,src/tracking/advanced_tracker.py:_activate_slot,3364_144_424_681_639
R,CLAMP,CLAMP,0
A,3364
S,6,3367,DETECTION,src/tracking/advanced_tracker.py:_activate_slot,3367_441_975_873_1179
S,8,3367,DETECTION,src/tracking/advanced_tracker.py:_activate_slot,3367_208_1662_630_1860
S,1,3367,PREDICTION,src/tracking/advanced_tracker.py:kalman_homography,
S,2,3367,PREDICTION,src/tracking/advanced_tracker.py:kalman_homography,
S,5,3367,PREDICTION,src/tracking/advanced_tracker.py:kalman_homography,
S,7,3367,PREDICTION,src/tracking/advanced_tracker.py:kalman_homography,
D,5,3367
S,8,3367,PREDICTION,src/tracking/advanced_tracker.py:id_merge,
L,1,3367,PREDICTION,src/tracking/advanced_tracker.py:kalman_homography,
R,PREDICTION,SUBPIXEL,0
L,2,3367,PREDICTION,src/tracking/advanced_tracker.py:kalman_homography,
R,CLAMP,CLAMP,0
L,6,3367,DETECTION,src/tracking/advanced_tracker.py:_activate_slot,3367_441_975_873_1179
R,CLAMP,CLAMP,0
L,7,3367,PREDICTION,src/tracking/advanced_tracker.py:kalman_homography,
R,CLAMP,CLAMP,0
L,8,3367,PREDICTION,src/tracking/advanced_tracker.py:id_merge,
R,PREDICTION,PREDICTION,1
A,3367
S,6,3370,DETECTION,src/tracking/advanced_tracker.py:_activate_slot,3370_424_969_861_1190
S,8,3370,DETECTION,src/tracking/advanced_tracker.py:_activate_slot,3370_176_1653_586_1869
S,1,3370,PREDICTION,src/tracking/advanced_tracker.py:kalman_homography,
S,2,3370,PREDICTION,src/tracking/advanced_tracker.py:kalman_homography,
S,5,3370,PREDICTION,src/tracking/advanced_tracker.py:kalman_homography,
S,7,3370,PREDICTION,src/tracking/advanced_tracker.py:kalman_homography,
D,5,3370
S,8,3370,PREDICTION,src/tracking/advanced_tracker.py:id_merge,
L,1,3370,PREDICTION,src/tracking/advanced_tracker.py:kalman_homography,
R,PREDICTION,SUBPIXEL,0
L,2,3370,PREDICTION,src/tracking/advanced_tracker.py:kalman_homography,
R,CLAMP,CLAMP,0
L,6,3370,DETECTION,src/tracking/advanced_tracker.py:_activate_slot,3370_424_969_861_1190
R,CLAMP,CLAMP,0
L,7,3370,PREDICTION,src/tracking/advanced_tracker.py:kalman_homography,
R,CLAMP,CLAMP,0
L,8,3370,PREDICTION,src/tracking/advanced_tracker.py:id_merge,
R,PREDICTION,PREDICTION,1
A,3370
S,6,3373,DETECTION,src/tracking/advanced_tracker.py:_activate_slot,3373_408_997_865_1204
S,8,3373,DETECTION,src/tracking/advanced_tracker.py:_activate_slot,3373_138_1615_549_1828
S,1,3373,PREDICTION,src/tracking/advanced_tracker.py:kalman_homography,
S,2,3373,PREDICTION,src/tracking/advanced_tracker.py:kalman_homography,
S,5,3373,PREDICTION,src/tracking/advanced_tracker.py:kalman_homography,
D,5,3373
S,8,3373,PREDICTION,src/tracking/advanced_tracker.py:id_merge,
L,1,3373,PREDICTION,src/tracking/advanced_tracker.py:kalman_homography,
R,PREDICTION,SUBPIXEL,0
L,2,3373,PREDICTION,src/tracking/advanced_tracker.py:kalman_homography,
R,CLAMP,CLAMP,0
L,6,3373,DETECTION,src/tracking/advanced_tracker.py:_activate_slot,3373_408_997_865_1204
R,CLAMP,CLAMP,0
L,8,3373,PREDICTION,src/tracking/advanced_tracker.py:id_merge,
R,PREDICTION,PREDICTION,1
A,3373
S,6,3376,DETECTION,src/tracking/advanced_tracker.py:_activate_slot,3376_375_979_862_1270
S,8,3376,DETECTION,src/tracking/advanced_tracker.py:_activate_slot,3376_116_1590_526_1830
S,1,3376,PREDICTION,src/tracking/advanced_tracker.py:kalman_homography,
S,2,3376,PREDICTION,src/tracking/advanced_tracker.py:kalman_homography,
S,5,3376,PREDICTION,src/tracking/advanced_tracker.py:kalman_homography,
D,5,3376
S,8,3376,PREDICTION,src/tracking/advanced_tracker.py:id_merge,
L,1,3376,PREDICTION,src/tracking/advanced_tracker.py:kalman_homography,
R,PREDICTION,SUBPIXEL,0
L,2,3376,PREDICTION,src/tracking/advanced_tracker.py:kalman_homography,
R,CLAMP,CLAMP,0
L,6,3376,DETECTION,src/tracking/advanced_tracker.py:_activate_slot,3376_375_979_862_1270
R,CLAMP,CLAMP,0
L,8,3376,PREDICTION,src/tracking/advanced_tracker.py:id_merge,
R,PREDICTION,PREDICTION,1
A,3376
S,6,3379,DETECTION,src/tracking/advanced_tracker.py:_activate_slot,3379_339_972_843_1269
S,8,3379,DETECTION,src/tracking/advanced_tracker.py:_activate_slot,3379_88_1599_507_1845
S,1,3379,PREDICTION,src/tracking/advanced_tracker.py:kalman_homography,
S,2,3379,PREDICTION,src/tracking/advanced_tracker.py:kalman_homography,
S,5,3379,PREDICTION,src/tracking/advanced_tracker.py:kalman_homography,
S,7,3379,PREDICTION,src/tracking/advanced_tracker.py:flow_gapfill_batched,
D,5,3379
S,8,3379,PREDICTION,src/tracking/advanced_tracker.py:id_merge,
L,1,3379,PREDICTION,src/tracking/advanced_tracker.py:kalman_homography,
R,PREDICTION,SUBPIXEL,0
L,2,3379,PREDICTION,src/tracking/advanced_tracker.py:kalman_homography,
R,CLAMP,CLAMP,0
L,6,3379,DETECTION,src/tracking/advanced_tracker.py:_activate_slot,3379_339_972_843_1269
R,CLAMP,CLAMP,0
L,7,3379,PREDICTION,src/tracking/advanced_tracker.py:flow_gapfill_batched,
R,CLAMP,CLAMP,0
L,8,3379,PREDICTION,src/tracking/advanced_tracker.py:id_merge,
R,PREDICTION,PREDICTION,1
A,3379
S,6,3382,DETECTION,src/tracking/advanced_tracker.py:_activate_slot,3382_339_918_856_1248
S,1,3382,PREDICTION,src/tracking/advanced_tracker.py:kalman_homography,
S,2,3382,PREDICTION,src/tracking/advanced_tracker.py:kalman_homography,
S,5,3382,PREDICTION,src/tracking/advanced_tracker.py:kalman_homography,
S,7,3382,PREDICTION,src/tracking/advanced_tracker.py:flow_gapfill_batched,
S,8,3382,PREDICTION,src/tracking/advanced_tracker.py:flow_gapfill_batched,
D,5,3382
S,8,3382,PREDICTION,src/tracking/advanced_tracker.py:id_merge,
L,1,3382,PREDICTION,src/tracking/advanced_tracker.py:kalman_homography,
R,PREDICTION,SUBPIXEL,0
L,2,3382,PREDICTION,src/tracking/advanced_tracker.py:kalman_homography,
R,CLAMP,CLAMP,0
L,6,3382,DETECTION,src/tracking/advanced_tracker.py:_activate_slot,3382_339_918_856_1248
R,CLAMP,CLAMP,0
L,7,3382,PREDICTION,src/tracking/advanced_tracker.py:flow_gapfill_batched,
R,PREDICTION,PREDICTION,1
L,8,3382,PREDICTION,src/tracking/advanced_tracker.py:id_merge,
R,PREDICTION,PREDICTION,1
A,3382
S,6,3385,DETECTION,src/tracking/advanced_tracker.py:_activate_slot,3385_369_1042_807_1285
S,5,3385,PREDICTION,src/tracking/advanced_tracker.py:kalman_homography,
S,1,3385,PREDICTION,src/tracking/advanced_tracker.py:flow_gapfill_batched,
L,1,3385,PREDICTION,src/tracking/advanced_tracker.py:flow_gapfill_batched,
R,PREDICTION,PREDICTION,1
L,5,3385,PREDICTION,src/tracking/advanced_tracker.py:kalman_homography,
R,CLAMP,CLAMP,0
L,6,3385,DETECTION,src/tracking/advanced_tracker.py:_activate_slot,3385_369_1042_807_1285
R,CLAMP,CLAMP,0
A,3385
S,6,3388,DETECTION,src/tracking/advanced_tracker.py:_activate_slot,3388_354_1083_801_1323
S,10,3388,DETECTION,src/tracking/advanced_tracker.py:_activate_slot,3388_24_-15_523_93
S,7,3388,PREDICTION,src/tracking/advanced_tracker.py:flow_gapfill_batched,
L,6,3388,DETECTION,src/tracking/advanced_tracker.py:_activate_slot,3388_354_1083_801_1323
R,CLAMP,CLAMP,0
L,7,3388,PREDICTION,src/tracking/advanced_tracker.py:flow_gapfill_batched,
R,PREDICTION,PREDICTION,1
A,3388
S,0,3391,DETECTION,src/tracking/advanced_tracker.py:_activate_slot,3391_429_364_1029_703
S,6,3391,DETECTION,src/tracking/advanced_tracker.py:_activate_slot,3391_341_1069_855_1357
S,10,3391,DETECTION,src/tracking/advanced_tracker.py:_activate_slot,3391_-12_-15_555_124
S,9,3391,DETECTION,src/tracking/advanced_tracker.py:_activate_slot,3391_239_832_654_1089
D,6,3391
S,9,3391,PREDICTION,src/tracking/advanced_tracker.py:id_merge,
L,0,3391,DETECTION,src/tracking/advanced_tracker.py:_activate_slot,3391_429_364_1029_703
R,CLAMP,CLAMP,0
L,9,3391,PREDICTION,src/tracking/advanced_tracker.py:id_merge,
R,PREDICTION,PREDICTION,1
A,3391
S,0,3394,CLAMP,src/tracking/advanced_tracker.py:_activate_slot,3394_439_454_1021_747
S,6,3394,DETECTION,src/tracking/advanced_tracker.py:_activate_slot,3394_328_1092_839_1386
S,9,3394,DETECTION,src/tracking/advanced_tracker.py:_activate_slot,3394_212_863_719_1142
D,6,3394
S,9,3394,PREDICTION,src/tracking/advanced_tracker.py:id_merge,
L,0,3394,CLAMP,src/tracking/advanced_tracker.py:_activate_slot,3394_439_454_1021_747
R,CLAMP,CLAMP,0
L,9,3394,PREDICTION,src/tracking/advanced_tracker.py:id_merge,
R,PREDICTION,PREDICTION,1
A,3394
S,0,3397,CLAMP,src/tracking/advanced_tracker.py:_activate_slot,3397_381_507_1010_751
S,3,3397,DETECTION,src/tracking/advanced_tracker.py:_activate_slot,3397_24_-15_498_153
S,6,3397,DETECTION,src/tracking/advanced_tracker.py:_activate_slot,3397_306_1050_824_1413
S,9,3397,DETECTION,src/tracking/advanced_tracker.py:_activate_slot,3397_189_889_700_1135
S,10,3397,PREDICTION,src/tracking/advanced_tracker.py:flow_gapfill_batched,
D,6,3397
S,9,3397,PREDICTION,src/tracking/advanced_tracker.py:id_merge,
L,0,3397,CLAMP,src/tracking/advanced_tracker.py:_activate_slot,3397_381_507_1010_751
R,CLAMP,CLAMP,0
L,3,3397,DETECTION,src/tracking/advanced_tracker.py:_activate_slot,3397_24_-15_498_153
R,DETECTION,DETECTION,1
L,9,3397,PREDICTION,src/tracking/advanced_tracker.py:id_merge,
R,PREDICTION,PREDICTION,1
A,3397
S,6,3400,DETECTION,src/tracking/advanced_tracker.py:_activate_slot,3400_297_1039_874_1450
S,9,3400,DETECTION,src/tracking/advanced_tracker.py:_activate_slot,3400_173_906_669_1186
S,0,3400,PREDICTION,src/tracking/advanced_tracker.py:kalman_homography,
S,3,3400,PREDICTION,src/tracking/advanced_tracker.py:kalman_homography,
D,6,3400
S,9,3400,PREDICTION,src/tracking/advanced_tracker.py:id_merge,
L,0,3400,PREDICTION,src/tracking/advanced_tracker.py:kalman_homography,
R,CLAMP,CLAMP,0
L,3,3400,PREDICTION,src/tracking/advanced_tracker.py:kalman_homography,
R,PREDICTION,PREDICTION,1
L,9,3400,PREDICTION,src/tracking/advanced_tracker.py:id_merge,
R,PREDICTION,PREDICTION,1
A,3400
S,6,3403,DETECTION,src/tracking/advanced_tracker.py:_activate_slot,3403_443_1140_873_1431
S,9,3403,DETECTION,src/tracking/advanced_tracker.py:_activate_slot,3403_186_879_697_1194
S,0,3403,PREDICTION,src/tracking/advanced_tracker.py:kalman_homography,
S,3,3403,PREDICTION,src/tracking/advanced_tracker.py:kalman_homography,
S,10,3403,PREDICTION,src/tracking/advanced_tracker.py:flow_gapfill_batched,
D,6,3403
S,9,3403,PREDICTION,src/tracking/advanced_tracker.py:id_merge,
L,0,3403,PREDICTION,src/tracking/advanced_tracker.py:kalman_homography,
R,CLAMP,CLAMP,0
L,3,3403,PREDICTION,src/tracking/advanced_tracker.py:kalman_homography,
R,PREDICTION,SUBPIXEL,0
L,9,3403,PREDICTION,src/tracking/advanced_tracker.py:id_merge,
R,PREDICTION,PREDICTION,1
A,3403
S,6,3406,DETECTION,src/tracking/advanced_tracker.py:_activate_slot,3406_436_1197_1024_1494
S,9,3406,DETECTION,src/tracking/advanced_tracker.py:_activate_slot,3406_151_873_732_1151
S,0,3406,PREDICTION,src/tracking/advanced_tracker.py:kalman_homography,
S,3,3406,PREDICTION,src/tracking/advanced_tracker.py:kalman_homography,
S,10,3406,PREDICTION,src/tracking/advanced_tracker.py:flow_gapfill_batched,
L,0,3406,PREDICTION,src/tracking/advanced_tracker.py:kalman_homography,
R,CLAMP,CLAMP,0
L,3,3406,PREDICTION,src/tracking/advanced_tracker.py:kalman_homography,
R,PREDICTION,SUBPIXEL,0
L,6,3406,DETECTION,src/tracking/advanced_tracker.py:_activate_slot,3406_436_1197_1024_1494
R,CLAMP,CLAMP,0
L,9,3406,DETECTION,src/tracking/advanced_tracker.py:_activate_slot,3406_151_873_732_1151
R,DETECTION,DETECTION,1
A,3406
S,6,3409,DETECTION,src/tracking/advanced_tracker.py:_activate_slot,3409_414_1200_1000_1509
S,1,3409,DETECTION,src/tracking/advanced_tracker.py:_activate_slot,3409_308_729_828_1200
S,5,3409,DETECTION,src/tracking/advanced_tracker.py:_activate_slot,3409_-4_-15_446_175
S,7,3409,DETECTION,src/tracking/advanced_tracker.py:_activate_slot,3409_375_993_861_1295
S,0,3409,PREDICTION,src/tracking/advanced_tracker.py:kalman_homography,
S,3,3409,PREDICTION,src/tracking/advanced_tracker.py:kalman_homography,
S,9,3409,PREDICTION,src/tracking/advanced_tracker.py:kalman_homography,
S,10,3409,PREDICTION,src/tracking/advanced_tracker.py:flow_gapfill_batched,
D,9,3409
S,5,3409,PREDICTION,src/tracking/advanced_tracker.py:id_merge,
D,6,3409
S,7,3409,PREDICTION,src/tracking/advanced_tracker.py:id_merge,
L,0,3409,PREDICTION,src/tracking/advanced_tracker.py:kalman_homography,
R,CLAMP,CLAMP,0
L,1,3409,DETECTION,src/tracking/advanced_tracker.py:_activate_slot,3409_308_729_828_1200
R,DETECTION,DETECTION,1
L,3,3409,PREDICTION,src/tracking/advanced_tracker.py:kalman_homography,
R,PREDICTION,SUBPIXEL,0
L,5,3409,PREDICTION,src/tracking/advanced_tracker.py:id_merge,
R,PREDICTION,PREDICTION,1
L,7,3409,PREDICTION,src/tracking/advanced_tracker.py:id_merge,
R,PREDICTION,PREDICTION,1
A,3409
S,0,3412,DETECTION,src/tracking/advanced_tracker.py:_activate_slot,3412_417_722_868_942
S,5,3412,DETECTION,src/tracking/advanced_tracker.py:_activate_slot,3412_8_-15_429_164
S,6,3412,DETECTION,src/tracking/advanced_tracker.py:_activate_slot,3412_376_1233_976_1573
S,7,3412,DETECTION,src/tracking/advanced_tracker.py:_activate_slot,3412_372_934_870_1212
S,1,3412,PREDICTION,src/tracking/advanced_tracker.py:kalman_homography,
S,3,3412,PREDICTION,src/tracking/advanced_tracker.py:kalman_homography,
S,9,3412,PREDICTION,src/tracking/advanced_tracker.py:kalman_homography,
S,10,3412,PREDICTION,src/tracking/advanced_tracker.py:flow_gapfill_batched,
D,5,3412
S,6,3412,PREDICTION,src/tracking/advanced_tracker.py:id_merge,
D,6,3412
S,7,3412,PREDICTION,src/tracking/advanced_tracker.py:id_merge,
D,9,3412
S,7,3412,PREDICTION,src/tracking/advanced_tracker.py:id_merge,
L,0,3412,DETECTION,src/tracking/advanced_tracker.py:_activate_slot,3412_417_722_868_942
R,CLAMP,CLAMP,0
L,1,3412,PREDICTION,src/tracking/advanced_tracker.py:kalman_homography,
R,PREDICTION,PREDICTION,1
L,3,3412,PREDICTION,src/tracking/advanced_tracker.py:kalman_homography,
R,PREDICTION,SUBPIXEL,0
L,7,3412,PREDICTION,src/tracking/advanced_tracker.py:id_merge,
R,PREDICTION,PREDICTION,1
A,3412
S,5,3415,DETECTION,src/tracking/advanced_tracker.py:_activate_slot,3415_28_-15_433_144
S,6,3415,DETECTION,src/tracking/advanced_tracker.py:_activate_slot,3415_339_1245_944_1587
S,7,3415,DETECTION,src/tracking/advanced_tracker.py:_activate_slot,3415_357_826_867_1168
S,0,3415,PREDICTION,src/tracking/advanced_tracker.py:kalman_homography,
S,1,3415,PREDICTION,src/tracking/advanced_tracker.py:kalman_homography,
S,3,3415,PREDICTION,src/tracking/advanced_tracker.py:kalman_homography,
S,9,3415,PREDICTION,src/tracking/advanced_tracker.py:kalman_homography,
S,10,3415,PREDICTION,src/tracking/advanced_tracker.py:flow_gapfill_batched,
D,5,3415
S,6,3415,PREDICTION,src/tracking/advanced_tracker.py:id_merge,
D,6,3415
S,7,3415,PREDICTION,src/tracking/advanced_tracker.py:id_merge,
L,0,3415,PREDICTION,src/tracking/advanced_tracker.py:kalman_homography,
R,CLAMP,CLAMP,0
L,1,3415,PREDICTION,src/tracking/advanced_tracker.py:kalman_homography,
R,PREDICTION,SUBPIXEL,0
L,3,3415,PREDICTION,src/tracking/advanced_tracker.py:kalman_homography,
R,PREDICTION,SUBPIXEL,0
L,7,3415,PREDICTION,src/tracking/advanced_tracker.py:id_merge,
R,PREDICTION,PREDICTION,1
L,9,3415,PREDICTION,src/tracking/advanced_tracker.py:kalman_homography,
R,PREDICTION,PREDICTION,1
A,3415
S,1,3418,DETECTION,src/tracking/advanced_tracker.py:_activate_slot,3418_343_666_870_1128
S,5,3418,DETECTION,src/tracking/advanced_tracker.py:_activate_slot,3418_-3_-15_453_120
S,6,3418,DETECTION,src/tracking/advanced_tracker.py:_activate_slot,3418_326_1248_934_1590
S,9,3418,DETECTION,src/tracking/advanced_tracker.py:_activate_slot,3418_302_953_741_1202
S,0,3418,PREDICTION,src/tracking/advanced_tracker.py:kalman_homography,
S,3,3418,PREDICTION,src/tracking/advanced_tracker.py:kalman_homography,
S,7,3418,PREDICTION,src/tracking/advanced_tracker.py:kalman_homography,
D,0,3418
S,1,3418,PREDICTION,src/tracking/advanced_tracker.py:id_merge,
D,5,3418
S,6,3418,PREDICTION,src/tracking/advanced_tracker.py:id_merge,
D,6,3418
S,9,3418,PREDICTION,src/tracking/advanced_tracker.py:id_merge,
L,1,3418,PREDICTION,src/tracking/advanced_tracker.py:id_merge,
R,PREDICTION,PREDICTION,1
L,3,3418,PREDICTION,src/tracking/advanced_tracker.py:kalman_homography,
R,PREDICTION,SUBPIXEL,0
L,7,3418,PREDICTION,src/tracking/advanced_tracker.py:kalman_homography,
R,PREDICTION,PREDICTION,1
L,9,3418,PREDICTION,src/tracking/advanced_tracker.py:id_merge,
R,PREDICTION,PREDICTION,1
A,3418
S,2,3421,DETECTION,src/tracking/advanced_tracker.py:_activate_slot,3421_318_948_787_1170
S,5,3421,DETECTION,src/tracking/advanced_tracker.py:_activate_slot,3421_-1_-15_441_120
S,6,3421,DETECTION,src/tracking/advanced_tracker.py:_activate_slot,3421_339_1248_934_1590
S,7,3421,DETECTION,src/tracking/advanced_tracker.py:_activate_slot,3421_343_618_868_996
S,9,3421,DETECTION,src/tracking/advanced_tracker.py:_activate_slot,3421_319_948_657_1176
S,0,3421,PREDICTION,src/tracking/advanced_tracker.py:kalman_homography,
S,1,3421,PREDICTION,src/tracking/advanced_tracker.py:kalman_homography,
S,3,3421,PREDICTION,src/tracking/advanced_tracker.py:flow_gapfill_batched,
D,0,3421
S,1,3421,PREDICTION,src/tracking/advanced_tracker.py:id_merge,
D,5,3421
S,6,3421,PREDICTION,src/tracking/advanced_tracker.py:id_merge,
L,1,3421,PREDICTION,src/tracking/advanced_tracker.py:id_merge,
R,PREDICTION,PREDICTION,1
L,2,3421,DETECTION,src/tracking/advanced_tracker.py:_activate_slot,3421_318_948_787_1170
R,CLAMP,CLAMP,0
L,3,3421,PREDICTION,src/tracking/advanced_tracker.py:flow_gapfill_batched,
R,PREDICTION,PREDICTION,1
L,6,3421,PREDICTION,src/tracking/advanced_tracker.py:id_merge,
R,CLAMP,CLAMP,0
L,7,3421,DETECTION,src/tracking/advanced_tracker.py:_activate_slot,3421_343_618_868_996
R,DETECTION,DETECTION,1
L,9,3421,DETECTION,src/tracking/advanced_tracker.py:_activate_slot,3421_319_948_657_1176
R,DETECTION,DETECTION,1
A,3421
S,1,3424,DETECTION,src/tracking/advanced_tracker.py:_activate_slot,3424_330_544_869_910
S,5,3424,DETECTION,src/tracking/advanced_tracker.py:_activate_slot,3424_-14_-15_449_116
S,6,3424,DETECTION,src/tracking/advanced_tracker.py:_activate_slot,3424_339_1249_921_1570
S,9,3424,DETECTION,src/tracking/advanced_tracker.py:_activate_slot,3424_321_954_788_1161
S,0,3424,PREDICTION,src/tracking/advanced_tracker.py:kalman_homography,
S,2,3424,PREDICTION,src/tracking/advanced_tracker.py:kalman_homography,
S,7,3424,PREDICTION,src/tracking/advanced_tracker.py:kalman_homography,
D,0,3424
S,2,3424,PREDICTION,src/tracking/advanced_tracker.py:id_merge,
D,5,3424
S,6,3424,PREDICTION,src/tracking/advanced_tracker.py:id_merge,
D,6,3424
S,9,3424,PREDICTION,src/tracking/advanced_tracker.py:id_merge,
L,1,3424,DETECTION,src/tracking/advanced_tracker.py:_activate_slot,3424_330_544_869_910
R,DETECTION,DETECTION,1
L,2,3424,PREDICTION,src/tracking/advanced_tracker.py:id_merge,
R,CLAMP,CLAMP,0
L,7,3424,PREDICTION,src/tracking/advanced_tracker.py:kalman_homography,
R,PREDICTION,PREDICTION,1
L,9,3424,PREDICTION,src/tracking/advanced_tracker.py:id_merge,
R,PREDICTION,PREDICTION,1
A,3424
S,5,3427,DETECTION,src/tracking/advanced_tracker.py:_activate_slot,3427_-15_-15_448_123
S,6,3427,DETECTION,src/tracking/advanced_tracker.py:_activate_slot,3427_324_1261_865_1519
S,7,3427,DETECTION,src/tracking/advanced_tracker.py:_activate_slot,3427_318_443_865_884
S,9,3427,DETECTION,src/tracking/advanced_tracker.py:_activate_slot,3427_322_948_793_1158
S,0,3427,PREDICTION,src/tracking/advanced_tracker.py:kalman_homography,
S,1,3427,PREDICTION,src/tracking/advanced_tracker.py:kalman_homography,
S,2,3427,PREDICTION,src/tracking/advanced_tracker.py:kalman_homography,
D,0,3427
S,2,3427,PREDICTION,src/tracking/advanced_tracker.py:id_merge,
D,5,3427
S,6,3427,PREDICTION,src/tracking/advanced_tracker.py:id_merge,
D,6,3427
S,9,3427,PREDICTION,src/tracking/advanced_tracker.py:id_merge,
L,1,3427,PREDICTION,src/tracking/advanced_tracker.py:kalman_homography,
R,PREDICTION,PREDICTION,1
L,2,3427,PREDICTION,src/tracking/advanced_tracker.py:id_merge,
R,CLAMP,CLAMP,0
L,7,3427,DETECTION,src/tracking/advanced_tracker.py:_activate_slot,3427_318_443_865_884
R,DETECTION,DETECTION,1
L,9,3427,PREDICTION,src/tracking/advanced_tracker.py:id_merge,
R,PREDICTION,PREDICTION,1
A,3427
S,1,3430,DETECTION,src/tracking/advanced_tracker.py:_activate_slot,3430_326_393_863_819
S,5,3430,DETECTION,src/tracking/advanced_tracker.py:_activate_slot,3430_-8_-15_456_130
S,6,3430,DETECTION,src/tracking/advanced_tracker.py:_activate_slot,3430_321_1294_853_1503
S,9,3430,DETECTION,src/tracking/advanced_tracker.py:_activate_slot,3430_300_939_760_1180
S,7,3430,DETECTION,src/tracking/advanced_tracker.py:_activate_slot,3430_459_555_856_819
S,0,3430,PREDICTION,src/tracking/advanced_tracker.py:kalman_homography,
S,2,3430,PREDICTION,src/tracking/advanced_tracker.py:kalman_homography,
D,0,3430
S,2,3430,PREDICTION,src/tracking/advanced_tracker.py:id_merge,
D,5,3430
S,6,3430,PREDICTION,src/tracking/advanced_tracker.py:id_merge,
D,6,3430
S,9,3430,PREDICTION,src/tracking/advanced_tracker.py:id_merge,
L,1,3430,DETECTION,src/tracking/advanced_tracker.py:_activate_slot,3430_326_393_863_819
R,DETECTION,DETECTION,1
L,2,3430,PREDICTION,src/tracking/advanced_tracker.py:id_merge,
R,CLAMP,CLAMP,0
L,7,3430,DETECTION,src/tracking/advanced_tracker.py:_activate_slot,3430_459_555_856_819
R,DETECTION,DETECTION,1
L,9,3430,PREDICTION,src/tracking/advanced_tracker.py:id_merge,
R,PREDICTION,PREDICTION,1
A,3430
S,5,3433,DETECTION,src/tracking/advanced_tracker.py:_activate_slot,3433_8_-8_418_168
S,6,3433,DETECTION,src/tracking/advanced_tracker.py:_activate_slot,3433_327_1326_854_1497
S,7,3433,CLAMP,src/tracking/advanced_tracker.py:_activate_slot,3433_294_360_861_717
S,9,3433,DETECTION,src/tracking/advanced_tracker.py:_activate_slot,3433_288_931_723_1152
S,0,3433,PREDICTION,src/tracking/advanced_tracker.py:kalman_homography,
S,1,3433,PREDICTION,src/tracking/advanced_tracker.py:kalman_homography,
S,2,3433,PREDICTION,src/tracking/advanced_tracker.py:kalman_homography,
D,0,3433
S,2,3433,PREDICTION,src/tracking/advanced_tracker.py:id_merge,
D,5,3433
S,6,3433,PREDICTION,src/tracking/advanced_tracker.py:id_merge,
D,6,3433
S,9,3433,PREDICTION,src/tracking/advanced_tracker.py:id_merge,
L,1,3433,PREDICTION,src/tracking/advanced_tracker.py:kalman_homography,
R,CLAMP,CLAMP,0
L,2,3433,PREDICTION,src/tracking/advanced_tracker.py:id_merge,
R,CLAMP,CLAMP,0
L,7,3433,CLAMP,src/tracking/advanced_tracker.py:_activate_slot,3433_294_360_861_717
R,CLAMP,CLAMP,0
L,9,3433,PREDICTION,src/tracking/advanced_tracker.py:id_merge,
R,PREDICTION,PREDICTION,1
A,3433
S,1,3436,DETECTION,src/tracking/advanced_tracker.py:_activate_slot,3436_288_239_863_790
S,5,3436,DETECTION,src/tracking/advanced_tracker.py:_activate_slot,3436_11_6_416_169
S,6,3436,DETECTION,src/tracking/advanced_tracker.py:_activate_slot,3436_297_1323_844_1517
S,9,3436,DETECTION,src/tracking/advanced_tracker.py:_activate_slot,3436_278_919_716_1171
S,4,3436,DETECTION,src/tracking/advanced_tracker.py:_activate_slot,3436_291_358_819_769
S,8,3436,DETECTION,src/tracking/advanced_tracker.py:_activate_slot,3436_246_1329_846_1560
S,2,3436,PREDICTION,src/tracking/advanced_tracker.py:kalman_homography,
S,7,3436,PREDICTION,src/tracking/advanced_tracker.py:kalman_homography,
S,0,3436,PREDICTION,src/tracking/advanced_tracker.py:flow_gapfill_batched,
D,5,3436
S,6,3436,PREDICTION,src/tracking/advanced_tracker.py:id_merge,
D,6,3436
S,8,3436,PREDICTION,src/tracking/advanced_tracker.py:id_merge,
D,8,3436
S,9,3436,PREDICTION,src/tracking/advanced_tracker.py:id_merge,
L,0,3436,PREDICTION,src/tracking/advanced_tracker.py:flow_gapfill_batched,
R,CLAMP,CLAMP,0
L,1,3436,DETECTION,src/tracking/advanced_tracker.py:_activate_slot,3436_288_239_863_790
R,CLAMP,CLAMP,0
L,2,3436,PREDICTION,src/tracking/advanced_tracker.py:kalman_homography,
R,CLAMP,CLAMP,0
L,4,3436,DETECTION,src/tracking/advanced_tracker.py:_activate_slot,3436_291_358_819_769
R,CLAMP,CLAMP,0
L,7,3436,PREDICTION,src/tracking/advanced_tracker.py:kalman_homography,
R,CLAMP,CLAMP,0
L,9,3436,PREDICTION,src/tracking/advanced_tracker.py:id_merge,
R,PREDICTION,PREDICTION,1
A,3436
S,5,3439,DETECTION,src/tracking/advanced_tracker.py:_activate_slot,3439_-5_0_436_171
S,7,3439,CLAMP,src/tracking/advanced_tracker.py:_activate_slot,3439_280_360_816_693
S,8,3439,DETECTION,src/tracking/advanced_tracker.py:_activate_slot,3439_252_1350_803_1564
S,9,3439,DETECTION,src/tracking/advanced_tracker.py:_activate_slot,3439_277_916_727_1146
S,2,3439,PREDICTION,src/tracking/advanced_tracker.py:kalman_homography,
S,4,3439,PREDICTION,src/tracking/advanced_tracker.py:kalman_homography,
S,6,3439,PREDICTION,src/tracking/advanced_tracker.py:kalman_homography,
S,1,3439,PREDICTION,src/tracking/advanced_tracker.py:flow_gapfill_batched,
D,6,3439
S,5,3439,PREDICTION,src/tracking/advanced_tracker.py:id_merge,
D,5,3439
S,8,3439,PREDICTION,src/tracking/advanced_tracker.py:id_merge,
D,8,3439
S,9,3439,PREDICTION,src/tracking/advanced_tracker.py:id_merge,
L,1,3439,PREDICTION,src/tracking/advanced_tracker.py:flow_gapfill_batched,
R,CLAMP,CLAMP,0
L,2,3439,PREDICTION,src/tracking/advanced_tracker.py:kalman_homography,
R,CLAMP,CLAMP,0
L,4,3439,PREDICTION,src/tracking/advanced_tracker.py:kalman_homography,
R,CLAMP,CLAMP,0
L,7,3439,CLAMP,src/tracking/advanced_tracker.py:_activate_slot,3439_280_360_816_693
R,CLAMP,CLAMP,0
L,9,3439,PREDICTION,src/tracking/advanced_tracker.py:id_merge,
R,PREDICTION,PREDICTION,1
A,3439
S,5,3442,DETECTION,src/tracking/advanced_tracker.py:_activate_slot,3442_-12_32_432_193
S,6,3442,DETECTION,src/tracking/advanced_tracker.py:_activate_slot,3442_301_1351_789_1561
S,9,3442,DETECTION,src/tracking/advanced_tracker.py:_activate_slot,3442_351_910_736_1087
S,2,3442,PREDICTION,src/tracking/advanced_tracker.py:kalman_homography,
S,4,3442,PREDICTION,src/tracking/advanced_tracker.py:kalman_homography,
S,7,3442,PREDICTION,src/tracking/advanced_tracker.py:kalman_homography,
S,8,3442,PREDICTION,src/tracking/advanced_tracker.py:kalman_homography,
D,8,3442
S,6,3442,PREDICTION,src/tracking/advanced_tracker.py:id_merge,
D,6,3442
S,9,3442,PREDICTION,src/tracking/advanced_tracker.py:id_merge,
L,2,3442,PREDICTION,src/tracking/advanced_tracker.py:kalman_homography,
R,CLAMP,CLAMP,0
L,4,3442,PREDICTION,src/tracking/advanced_tracker.py:kalman_homography,
R,CLAMP,CLAMP,0
L,5,3442,DETECTION,src/tracking/advanced_tracker.py:_activate_slot,3442_-12_32_432_193
R,DETECTION,DETECTION,1
L,7,3442,PREDICTION,src/tracking/advanced_tracker.py:kalman_homography,
R,CLAMP,CLAMP,0
L,9,3442,PREDICTION,src/tracking/advanced_tracker.py:id_merge,
R,PREDICTION,PREDICTION,1
A,3442
S,5,3445,DETECTION,src/tracking/advanced_tracker.py:_activate_slot,3445_-6_50_429_204
S,8,3445,DETECTION,src/tracking/advanced_tracker.py:_activate_slot,3445_315_1318_784_1602
S,9,3445,DETECTION,src/tracking/advanced_tracker.py:_activate_slot,3445_288_904_747_1117
S,4,3445,PREDICTION,src/tracking/advanced_tracker.py:kalman_homography,
S,6,3445,PREDICTION,src/tracking/advanced_tracker.py:kalman_homography,
S,2,3445,PREDICTION,src/tracking/advanced_tracker.py:flow_gapfill_batched,
S,7,3445,PREDICTION,src/tracking/advanced_tracker.py:flow_gapfill_batched,
D,6,3445
S,8,3445,PREDICTION,src/tracking/advanced_tracker.py:id_merge,
D,8,3445
S,9,3445,PREDICTION,src/tracking/advanced_tracker.py:id_merge,
L,2,3445,PREDICTION,src/tracking/advanced_tracker.py:flow_gapfill_batched,
R,CLAMP,CLAMP,0
L,4,3445,PREDICTION,src/tracking/advanced_tracker.py:kalman_homography,
R,CLAMP,CLAMP,0
L,5,3445,DETECTION,src/tracking/advanced_tracker.py:_activate_slot,3445_-6_50_429_204
R,DETECTION,DETECTION,1
L,7,3445,PREDICTION,src/tracking/advanced_tracker.py:flow_gapfill_batched,
R,CLAMP,CLAMP,0
L,9,3445,PREDICTION,src/tracking/advanced_tracker.py:id_merge,
R,PREDICTION,PREDICTION,1
A,3445
S,5,3448,DETECTION,src/tracking/advanced_tracker.py:_activate_slot,3448_15_61_445_220
S,8,3448,DETECTION,src/tracking/advanced_tracker.py:_activate_slot,3448_345_1267_791_1636
S,9,3448,DETECTION,src/tracking/advanced_tracker.py:_activate_slot,3448_326_895_750_1111
S,4,3448,PREDICTION,src/tracking/advanced_tracker.py:kalman_homography,
S,6,3448,PREDICTION,src/tracking/advanced_tracker.py:kalman_homography,
S,7,3448,PREDICTION,src/tracking/advanced_tracker.py:flow_gapfill_batched,
D,6,3448
S,8,3448,PREDICTION,src/tracking/advanced_tracker.py:id_merge,
D,8,3448
S,9,3448,PREDICTION,src/tracking/advanced_tracker.py:id_merge,
L,4,3448,PREDICTION,src/tracking/advanced_tracker.py:kalman_homography,
R,CLAMP,CLAMP,0
L,5,3448,DETECTION,src/tracking/advanced_tracker.py:_activate_slot,3448_15_61_445_220
R,DETECTION,DETECTION,1
L,7,3448,PREDICTION,src/tracking/advanced_tracker.py:flow_gapfill_batched,
R,CLAMP,CLAMP,0
L,9,3448,PREDICTION,src/tracking/advanced_tracker.py:id_merge,
R,PREDICTION,PREDICTION,1
A,3448
S,6,3451,DETECTION,src/tracking/advanced_tracker.py:_activate_slot,3451_389_1368_792_1623
S,8,3451,DETECTION,src/tracking/advanced_tracker.py:_activate_slot,3451_376_1252_801_1623
S,9,3451,DETECTION,src/tracking/advanced_tracker.py:_activate_slot,3451_330_888_759_1110
S,4,3451,PREDICTION,src/tracking/advanced_tracker.py:kalman_homography,
S,5,3451,PREDICTION,src/tracking/advanced_tracker.py:kalman_homography,
S,1,3451,PREDICTION,src/tracking/advanced_tracker.py:flow_gapfill_batched,
S,7,3451,PREDICTION,src/tracking/advanced_tracker.py:flow_gapfill_batched,
D,6,3451
S,8,3451,PREDICTION,src/tracking/advanced_tracker.py:id_merge,
D,8,3451
S,9,3451,PREDICTION,src/tracking/advanced_tracker.py:id_merge,
L,1,3451,PREDICTION,src/tracking/advanced_tracker.py:flow_gapfill_batched,
R,CLAMP,CLAMP,0
L,4,3451,PREDICTION,src/tracking/advanced_tracker.py:kalman_homography,
R,CLAMP,CLAMP,0
L,5,3451,PREDICTION,src/tracking/advanced_tracker.py:kalman_homography,
R,PREDICTION,PREDICTION,1
L,7,3451,PREDICTION,src/tracking/advanced_tracker.py:flow_gapfill_batched,
R,CLAMP,CLAMP,0
L,9,3451,PREDICTION,src/tracking/advanced_tracker.py:id_merge,
R,PREDICTION,PREDICTION,1
A,3451
S,5,3454,DETECTION,src/tracking/advanced_tracker.py:_activate_slot,3454_37_129_349_266
S,8,3454,DETECTION,src/tracking/advanced_tracker.py:_activate_slot,3454_414_1251_808_1611
S,9,3454,DETECTION,src/tracking/advanced_tracker.py:_activate_slot,3454_341_879_762_1101
S,4,3454,PREDICTION,src/tracking/advanced_tracker.py:kalman_homography,
S,6,3454,PREDICTION,src/tracking/advanced_tracker.py:kalman_homography,
D,6,3454
S,8,3454,PREDICTION,src/tracking/advanced_tracker.py:id_merge,
D,8,3454
S,9,3454,PREDICTION,src/tracking/advanced_tracker.py:id_merge,
L,4,3454,PREDICTION,src/tracking/advanced_tracker.py:kalman_homography,
R,CLAMP,CLAMP,0
L,5,3454,DETECTION,src/tracking/advanced_tracker.py:_activate_slot,3454_37_129_349_266
R,CLAMP,CLAMP,0
L,9,3454,PREDICTION,src/tracking/advanced_tracker.py:id_merge,
R,PREDICTION,PREDICTION,1
A,3454
S,8,3457,DETECTION,src/tracking/advanced_tracker.py:_activate_slot,3457_423_1249_816_1609
S,9,3457,DETECTION,src/tracking/advanced_tracker.py:_activate_slot,3457_358_874_769_1090
S,5,3457,DETECTION,src/tracking/advanced_tracker.py:_activate_slot,3457_27_153_361_279
S,4,3457,PREDICTION,src/tracking/advanced_tracker.py:kalman_homography,
S,6,3457,PREDICTION,src/tracking/advanced_tracker.py:kalman_homography,
D,6,3457
S,8,3457,PREDICTION,src/tracking/advanced_tracker.py:id_merge,
D,8,3457
S,9,3457,PREDICTION,src/tracking/advanced_tracker.py:id_merge,
L,4,3457,PREDICTION,src/tracking/advanced_tracker.py:kalman_homography,
R,CLAMP,CLAMP,0
L,5,3457,DETECTION,src/tracking/advanced_tracker.py:_activate_slot,3457_27_153_361_279
R,CLAMP,CLAMP,0
L,9,3457,PREDICTION,src/tracking/advanced_tracker.py:id_merge,
R,PREDICTION,PREDICTION,1
A,3457
S,5,3460,DETECTION,src/tracking/advanced_tracker.py:_activate_slot,3460_28_151_447_305
S,8,3460,DETECTION,src/tracking/advanced_tracker.py:_activate_slot,3460_405_1260_827_1594
S,9,3460,DETECTION,src/tracking/advanced_tracker.py:_activate_slot,3460_363_861_774_1089
S,6,3460,PREDICTION,src/tracking/advanced_tracker.py:kalman_homography,
D,6,3460
S,8,3460,PREDICTION,src/tracking/advanced_tracker.py:id_merge,
D,8,3460
S,9,3460,PREDICTION,src/tracking/advanced_tracker.py:id_merge,
L,5,3460,DETECTION,src/tracking/advanced_tracker.py:_activate_slot,3460_28_151_447_305
R,DETECTION,DETECTION,1
L,9,3460,PREDICTION,src/tracking/advanced_tracker.py:id_merge,
R,PREDICTION,PREDICTION,1
A,3460
S,5,3463,DETECTION,src/tracking/advanced_tracker.py:_activate_slot,3463_37_178_428_338
S,7,3463,CLAMP,src/tracking/advanced_tracker.py:_activate_slot,3463_75_717_546_898
S,8,3463,DETECTION,src/tracking/advanced_tracker.py:_activate_slot,3463_390_1258_824_1537
S,9,3463,DETECTION,src/tracking/advanced_tracker.py:_activate_slot,3463_361_837_768_1082
S,6,3463,PREDICTION,src/tracking/advanced_tracker.py:kalman_homography,
D,6,3463
S,8,3463,PREDICTION,src/tracking/advanced_tracker.py:id_merge,
D,8,3463
S,9,3463,PREDICTION,src/tracking/advanced_tracker.py:id_merge,
L,5,3463,DETECTION,src/tracking/advanced_tracker.py:_activate_slot,3463_37_178_428_338
R,DETECTION,DETECTION,1
L,7,3463,CLAMP,src/tracking/advanced_tracker.py:_activate_slot,3463_75_717_546_898
R,CLAMP,CLAMP,0
L,9,3463,PREDICTION,src/tracking/advanced_tracker.py:id_merge,
R,PREDICTION,PREDICTION,1
A,3463
S,5,3466,DETECTION,src/tracking/advanced_tracker.py:_activate_slot,3466_92_210_417_383
S,7,3466,CLAMP,src/tracking/advanced_tracker.py:_activate_slot,3466_113_1548_580_1746
S,8,3466,DETECTION,src/tracking/advanced_tracker.py:_activate_slot,3466_372_1257_823_1482
S,9,3466,DETECTION,src/tracking/advanced_tracker.py:_activate_slot,3466_364_846_734_1071
S,6,3466,PREDICTION,src/tracking/advanced_tracker.py:kalman_homography,
D,6,3466
S,8,3466,PREDICTION,src/tracking/advanced_tracker.py:id_merge,
D,8,3466
S,9,3466,PREDICTION,src/tracking/advanced_tracker.py:id_merge,
L,5,3466,DETECTION,src/tracking/advanced_tracker.py:_activate_slot,3466_92_210_417_383
R,DETECTION,DETECTION,1
L,7,3466,CLAMP,src/tracking/advanced_tracker.py:_activate_slot,3466_113_1548_580_1746
R,CLAMP,CLAMP,0
L,9,3466,PREDICTION,src/tracking/advanced_tracker.py:id_merge,
R,PREDICTION,PREDICTION,1
A,3466
S,5,3469,DETECTION,src/tracking/advanced_tracker.py:_activate_slot,3469_53_246_420_406
S,6,3469,DETECTION,src/tracking/advanced_tracker.py:_activate_slot,3469_98_765_544_942
S,8,3469,DETECTION,src/tracking/advanced_tracker.py:_activate_slot,3469_370_1236_846_1505
S,9,3469,DETECTION,src/tracking/advanced_tracker.py:_activate_slot,3469_357_804_768_1071
S,7,3469,PREDICTION,src/tracking/advanced_tracker.py:kalman_homography,
D,7,3469
S,6,3469,PREDICTION,src/tracking/advanced_tracker.py:id_merge,
D,8,3469
S,9,3469,PREDICTION,src/tracking/advanced_tracker.py:id_merge,
L,5,3469,DETECTION,src/tracking/advanced_tracker.py:_activate_slot,3469_53_246_420_406
R,DETECTION,DETECTION,1
L,6,3469,PREDICTION,src/tracking/advanced_tracker.py:id_merge,
R,CLAMP,CLAMP,0
L,9,3469,PREDICTION,src/tracking/advanced_tracker.py:id_merge,
R,PREDICTION,PREDICTION,1
A,3469
S,5,3472,CLAMP,src/tracking/advanced_tracker.py:_activate_slot,3472_57_277_420_430
S,6,3472,DETECTION,src/tracking/advanced_tracker.py:_activate_slot,3472_138_1593_613_1788
S,8,3472,DETECTION,src/tracking/advanced_tracker.py:_activate_slot,3472_365_1231_844_1519
S,9,3472,DETECTION,src/tracking/advanced_tracker.py:_activate_slot,3472_342_830_767_1073
S,7,3472,PREDICTION,src/tracking/advanced_tracker.py:flow_gapfill_batched,
D,7,3472
S,6,3472,PREDICTION,src/tracking/advanced_tracker.py:id_merge,
D,8,3472
S,9,3472,PREDICTION,src/tracking/advanced_tracker.py:id_merge,
L,5,3472,CLAMP,src/tracking/advanced_tracker.py:_activate_slot,3472_57_277_420_430
R,CLAMP,CLAMP,0
L,6,3472,PREDICTION,src/tracking/advanced_tracker.py:id_merge,
R,CLAMP,CLAMP,0
L,9,3472,PREDICTION,src/tracking/advanced_tracker.py:id_merge,
R,PREDICTION,PREDICTION,1
A,3472
S,6,3475,DETECTION,src/tracking/advanced_tracker.py:_activate_slot,3475_150_1615_615_1807
S,8,3475,DETECTION,src/tracking/advanced_tracker.py:_activate_slot,3475_318_1209_840_1503
S,9,3475,DETECTION,src/tracking/advanced_tracker.py:_activate_slot,3475_238_-15_418_169
S,5,3475,PREDICTION,src/tracking/advanced_tracker.py:flow_gapfill_batched,
S,7,3475,PREDICTION,src/tracking/advanced_tracker.py:flow_gapfill_batched,
D,7,3475
S,6,3475,PREDICTION,src/tracking/advanced_tracker.py:id_merge,
D,8,3475
S,9,3475,PREDICTION,src/tracking/advanced_tracker.py:id_merge,
L,5,3475,PREDICTION,src/tracking/advanced_tracker.py:flow_gapfill_batched,
R,CLAMP,CLAMP,0
L,6,3475,PREDICTION,src/tracking/advanced_tracker.py:id_merge,
R,CLAMP,CLAMP,0
L,9,3475,PREDICTION,src/tracking/advanced_tracker.py:id_merge,
R,PREDICTION,PREDICTION,1
A,3475
S,8,3478,DETECTION,src/tracking/advanced_tracker.py:_activate_slot,3478_294_1200_834_1497
S,9,3478,DETECTION,src/tracking/advanced_tracker.py:_activate_slot,3478_-15_-15_268_98
S,10,3478,DETECTION,src/tracking/advanced_tracker.py:_activate_slot,3478_-10_166_269_327
S,6,3478,PREDICTION,src/tracking/advanced_tracker.py:flow_gapfill_batched,
S,7,3478,PREDICTION,src/tracking/advanced_tracker.py:flow_gapfill_batched,
D,7,3478
S,6,3478,PREDICTION,src/tracking/advanced_tracker.py:id_merge,
L,6,3478,PREDICTION,src/tracking/advanced_tracker.py:id_merge,
R,CLAMP,CLAMP,0
L,8,3478,DETECTION,src/tracking/advanced_tracker.py:_activate_slot,3478_294_1200_834_1497
R,DETECTION,DETECTION,1
L,9,3478,DETECTION,src/tracking/advanced_tracker.py:_activate_slot,3478_-15_-15_268_98
R,DETECTION,DETECTION,1
A,3478
S,8,3481,DETECTION,src/tracking/advanced_tracker.py:_activate_slot,3481_289_1251_847_1527
S,9,3481,DETECTION,src/tracking/advanced_tracker.py:_activate_slot,3481_94_882_745_1149
S,10,3481,PREDICTION,src/tracking/advanced_tracker.py:kalman_homography,
S,5,3481,PREDICTION,src/tracking/advanced_tracker.py:flow_gapfill_batched,
S,6,3481,PREDICTION,src/tracking/advanced_tracker.py:flow_gapfill_batched,
S,7,3481,PREDICTION,src/tracking/advanced_tracker.py:flow_gapfill_batched,
D,7,3481
S,6,3481,PREDICTION,src/tracking/advanced_tracker.py:id_merge,
D,8,3481
S,9,3481,PREDICTION,src/tracking/advanced_tracker.py:id_merge,
L,5,3481,PREDICTION,src/tracking/advanced_tracker.py:flow_gapfill_batched,
R,PREDICTION,PREDICTION,1
L,6,3481,PREDICTION,src/tracking/advanced_tracker.py:id_merge,
R,CLAMP,CLAMP,0
L,9,3481,PREDICTION,src/tracking/advanced_tracker.py:id_merge,
R,PREDICTION,PREDICTION,1
A,3481
S,8,3484,DETECTION,src/tracking/advanced_tracker.py:_activate_slot,3484_390_1345_864_1563
S,9,3484,DETECTION,src/tracking/advanced_tracker.py:_activate_slot,3484_104_924_568_1167
S,10,3484,PREDICTION,src/tracking/advanced_tracker.py:kalman_homography,
S,6,3484,PREDICTION,src/tracking/advanced_tracker.py:flow_gapfill_batched,
S,7,3484,PREDICTION,src/tracking/advanced_tracker.py:flow_gapfill_batched,
D,7,3484
S,6,3484,PREDICTION,src/tracking/advanced_tracker.py:id_merge,
D,6,3484
S,9,3484,PREDICTION,src/tracking/advanced_tracker.py:id_merge,
L,8,3484,DETECTION,src/tracking/advanced_tracker.py:_activate_slot,3484_390_1345_864_1563
R,DETECTION,DETECTION,1
L,9,3484,PREDICTION,src/tracking/advanced_tracker.py:id_merge,
R,PREDICTION,PREDICTION,1
A,3484
S,8,3487,DETECTION,src/tracking/advanced_tracker.py:_activate_slot,3487_384_1410_874_1623
S,9,3487,DETECTION,src/tracking/advanced_tracker.py:_activate_slot,3487_122_999_567_1233
S,10,3487,DETECTION,src/tracking/advanced_tracker.py:_activate_slot,3487_-14_158_276_277
S,6,3487,PREDICTION,src/tracking/advanced_tracker.py:flow_gapfill_batched,
S,7,3487,PREDICTION,src/tracking/advanced_tracker.py:flow_gapfill_batched,
D,7,3487
S,6,3487,PREDICTION,src/tracking/advanced_tracker.py:id_merge,
D,6,3487
S,9,3487,PREDICTION,src/tracking/advanced_tracker.py:id_merge,
L,8,3487,DETECTION,src/tracking/advanced_tracker.py:_activate_slot,3487_384_1410_874_1623
R,DETECTION,DETECTION,1
L,9,3487,PREDICTION,src/tracking/advanced_tracker.py:id_merge,
R,PREDICTION,PREDICTION,1
A,3487
S,6,3490,DETECTION,src/tracking/advanced_tracker.py:_activate_slot,3490_189_1812_668_1935
S,8,3490,DETECTION,src/tracking/advanced_tracker.py:_activate_slot,3490_389_1503_890_1713
S,9,3490,DETECTION,src/tracking/advanced_tracker.py:_activate_slot,3490_110_1059_726_1321
S,10,3490,PREDICTION,src/tracking/advanced_tracker.py:kalman_homography,
S,5,3490,PREDICTION,src/tracking/advanced_tracker.py:flow_gapfill_batched,
S,7,3490,PREDICTION,src/tracking/advanced_tracker.py:flow_gapfill_batched,
D,7,3490
S,6,3490,PREDICTION,src/tracking/advanced_tracker.py:id_merge,
D,6,3490
S,8,3490,PREDICTION,src/tracking/advanced_tracker.py:id_merge,
D,8,3490
S,9,3490,PREDICTION,src/tracking/advanced_tracker.py:id_merge,
L,5,3490,PREDICTION,src/tracking/advanced_tracker.py:flow_gapfill_batched,
R,CLAMP,CLAMP,0
L,9,3490,PREDICTION,src/tracking/advanced_tracker.py:id_merge,
R,PREDICTION,PREDICTION,1
A,3490
S,6,3493,DETECTION,src/tracking/advanced_tracker.py:_activate_slot,3493_275_1152_773_1352
S,8,3493,DETECTION,src/tracking/advanced_tracker.py:_activate_slot,3493_406_1617_892_1830
S,9,3493,DETECTION,src/tracking/advanced_tracker.py:_activate_slot,3493_118_1243_545_1428
S,0,3493,DETECTION,src/tracking/advanced_tracker.py:_activate_slot,3493_271_374_648_556
S,10,3493,PREDICTION,src/tracking/advanced_tracker.py:kalman_homography,
D,6,3493
S,8,3493,PREDICTION,src/tracking/advanced_tracker.py:id_merge,
L,0,3493,DETECTION,src/tracking/advanced_tracker.py:_activate_slot,3493_271_374_648_556
R,CLAMP,CLAMP,0
L,8,3493,PREDICTION,src/tracking/advanced_tracker.py:id_merge,
R,PREDICTION,PREDICTION,1
L,9,3493,DETECTION,src/tracking/advanced_tracker.py:_activate_slot,3493_118_1243_545_1428
R,DETECTION,DETECTION,1
A,3493
S,6,3496,CLAMP,src/tracking/advanced_tracker.py:_activate_slot,3496_183_401_687_578
S,8,3496,DETECTION,src/tracking/advanced_tracker.py:_activate_slot,3496_386_1770_891_1935
S,9,3496,DETECTION,src/tracking/advanced_tracker.py:_activate_slot,3496_153_1371_578_1576
S,0,3496,PREDICTION,src/tracking/advanced_tracker.py:kalman_homography,
S,10,3496,PREDICTION,src/tracking/advanced_tracker.py:kalman_homography,
D,6,3496
S,8,3496,PREDICTION,src/tracking/advanced_tracker.py:id_merge,
D,8,3496
S,9,3496,PREDICTION,src/tracking/advanced_tracker.py:id_merge,
L,0,3496,PREDICTION,src/tracking/advanced_tracker.py:kalman_homography,
R,CLAMP,CLAMP,0
L,9,3496,PREDICTION,src/tracking/advanced_tracker.py:id_merge,
R,PREDICTION,PREDICTION,1
A,3496
S,8,3499,DETECTION,src/tracking/advanced_tracker.py:_activate_slot,3499_353_1369_799_1581
S,9,3499,DETECTION,src/tracking/advanced_tracker.py:_activate_slot,3499_153_1479_593_1695
S,0,3499,PREDICTION,src/tracking/advanced_tracker.py:kalman_homography,
S,10,3499,PREDICTION,src/tracking/advanced_tracker.py:kalman_homography,
S,6,3499,PREDICTION,src/tracking/advanced_tracker.py:flow_gapfill_batched,
D,8,3499
S,9,3499,PREDICTION,src/tracking/advanced_tracker.py:id_merge,
L,0,3499,PREDICTION,src/tracking/advanced_tracker.py:kalman_homography,
R,CLAMP,CLAMP,0
L,6,3499,PREDICTION,src/tracking/advanced_tracker.py:flow_gapfill_batched,
R,CLAMP,CLAMP,0
L,9,3499,PREDICTION,src/tracking/advanced_tracker.py:id_merge,
R,PREDICTION,PREDICTION,1
A,3499
S,0,3502,CLAMP,src/tracking/advanced_tracker.py:_activate_slot,3502_149_1593_583_1809
S,8,3502,DETECTION,src/tracking/advanced_tracker.py:_activate_slot,3502_393_1470_796_1668
S,9,3502,DETECTION,src/tracking/advanced_tracker.py:_activate_slot,3502_190_417_659_716
S,10,3502,PREDICTION,src/tracking/advanced_tracker.py:kalman_homography,
S,6,3502,PREDICTION,src/tracking/advanced_tracker.py:flow_gapfill_batched,
L,0,3502,CLAMP,src/tracking/advanced_tracker.py:_activate_slot,3502_149_1593_583_1809
R,CLAMP,CLAMP,0
L,6,3502,PREDICTION,src/tracking/advanced_tracker.py:flow_gapfill_batched,
R,CLAMP,CLAMP,0
L,8,3502,DETECTION,src/tracking/advanced_tracker.py:_activate_slot,3502_393_1470_796_1668
R,DETECTION,DETECTION,1
L,9,3502,DETECTION,src/tracking/advanced_tracker.py:_activate_slot,3502_190_417_659_716
R,CLAMP,CLAMP,0
A,3502
S,0,3505,CLAMP,src/tracking/advanced_tracker.py:_activate_slot,3505_376_1545_772_1752
S,1,3505,DETECTION,src/tracking/advanced_tracker.py:_activate_slot,3505_183_451_689_777
S,8,3505,CLAMP,src/tracking/advanced_tracker.py:_activate_slot,3505_607_526_1033_729
S,9,3505,PREDICTION,src/tracking/advanced_tracker.py:kalman_homography,
S,10,3505,PREDICTION,src/tracking/advanced_tracker.py:kalman_homography,
L,0,3505,CLAMP,src/tracking/advanced_tracker.py:_activate_slot,3505_376_1545_772_1752
R,CLAMP,CLAMP,0
L,1,3505,DETECTION,src/tracking/advanced_tracker.py:_activate_slot,3505_183_451_689_777
R,CLAMP,CLAMP,0
L,8,3505,CLAMP,src/tracking/advanced_tracker.py:_activate_slot,3505_607_526_1033_729
R,CLAMP,CLAMP,0
L,9,3505,PREDICTION,src/tracking/advanced_tracker.py:kalman_homography,
R,CLAMP,CLAMP,0
A,3505
S,7,3508,CLAMP,src/tracking/advanced_tracker.py:_activate_slot,3508_906_446_1035_621
S,8,3508,CLAMP,src/tracking/advanced_tracker.py:_activate_slot,3508_601_585_1035_792
S,0,3508,PREDICTION,src/tracking/advanced_tracker.py:kalman_homography,
S,1,3508,PREDICTION,src/tracking/advanced_tracker.py:kalman_homography,
S,10,3508,PREDICTION,src/tracking/advanced_tracker.py:kalman_homography,
S,6,3508,PREDICTION,src/tracking/advanced_tracker.py:flow_gapfill_batched,
S,9,3508,PREDICTION,src/tracking/advanced_tracker.py:flow_gapfill_batched,
L,0,3508,PREDICTION,src/tracking/advanced_tracker.py:kalman_homography,
R,PREDICTION,PREDICTION,1
L,1,3508,PREDICTION,src/tracking/advanced_tracker.py:kalman_homography,
R,CLAMP,CLAMP,0
L,6,3508,PREDICTION,src/tracking/advanced_tracker.py:flow_gapfill_batched,
R,CLAMP,CLAMP,0
L,7,3508,CLAMP,src/tracking/advanced_tracker.py:_activate_slot,3508_906_446_1035_621
R,CLAMP,CLAMP,0
L,8,3508,CLAMP,src/tracking/advanced_tracker.py:_activate_slot,3508_601_585_1035_792
R,CLAMP,CLAMP,0
L,9,3508,PREDICTION,src/tracking/advanced_tracker.py:flow_gapfill_batched,
R,CLAMP,CLAMP,0
A,3508
S,0,3511,CLAMP,src/tracking/advanced_tracker.py:_activate_slot,3511_900_486_1035_666
S,7,3511,CLAMP,src/tracking/advanced_tracker.py:_activate_slot,3511_361_1644_768_1875
S,8,3511,CLAMP,src/tracking/advanced_tracker.py:_activate_slot,3511_592_630_1033_830
S,1,3511,PREDICTION,src/tracking/advanced_tracker.py:kalman_homography,
S,6,3511,PREDICTION,src/tracking/advanced_tracker.py:flow_gapfill_batched,
L,0,3511,CLAMP,src/tracking/advanced_tracker.py:_activate_slot,3511_900_486_1035_666
R,CLAMP,CLAMP,0
L,1,3511,PREDICTION,src/tracking/advanced_tracker.py:kalman_homography,
R,CLAMP,CLAMP,0
L,6,3511,PREDICTION,src/tracking/advanced_tracker.py:flow_gapfill_batched,
R,CLAMP,CLAMP,0
L,7,3511,CLAMP,src/tracking/advanced_tracker.py:_activate_slot,3511_361_1644_768_1875
R,CLAMP,CLAMP,0
L,8,3511,CLAMP,src/tracking/advanced_tracker.py:_activate_slot,3511_592_630_1033_830
R,CLAMP,CLAMP,0
A,3511
S,8,3514,CLAMP,src/tracking/advanced_tracker.py:_activate_slot,3514_592_658_1035_865
S,9,3514,CLAMP,src/tracking/advanced_tracker.py:_activate_slot,3514_897_513_1035_690
S,1,3514,PREDICTION,src/tracking/advanced_tracker.py:kalman_homography,
S,0,3514,PREDICTION,src/tracking/advanced_tracker.py:flow_gapfill_batched,
S,6,3514,PREDICTION,src/tracking/advanced_tracker.py:flow_gapfill_batched,
S,7,3514,PREDICTION,src/tracking/advanced_tracker.py:flow_gapfill_batched,
D,7,3514
S,8,3514,PREDICTION,src/tracking/advanced_tracker.py:id_merge,
L,0,3514,PREDICTION,src/tracking/advanced_tracker.py:flow_gapfill_batched,
R,CLAMP,CLAMP,0
L,1,3514,PREDICTION,src/tracking/advanced_tracker.py:kalman_homography,
R,CLAMP,CLAMP,0
L,6,3514,PREDICTION,src/tracking/advanced_tracker.py:flow_gapfill_batched,
R,CLAMP,CLAMP,0
L,8,3514,PREDICTION,src/tracking/advanced_tracker.py:id_merge,
R,PREDICTION,SUBPIXEL,0
L,9,3514,CLAMP,src/tracking/advanced_tracker.py:_activate_slot,3514_897_513_1035_690
R,CLAMP,CLAMP,0
A,3514
S,7,3517,CLAMP,src/tracking/advanced_tracker.py:_activate_slot,3517_590_677_873_878
S,8,3517,CLAMP,src/tracking/advanced_tracker.py:_activate_slot,3517_589_677_1035_881
S,9,3517,CLAMP,src/tracking/advanced_tracker.py:_activate_slot,3517_895_533_1035_714
S,5,3517,DETECTION,src/tracking/advanced_tracker.py:_activate_slot,3517_249_692_645_899
S,1,3517,PREDICTION,src/tracking/advanced_tracker.py:kalman_homography,
S,0,3517,PREDICTION,src/tracking/advanced_tracker.py:flow_gapfill_batched,
S,6,3517,PREDICTION,src/tracking/advanced_tracker.py:flow_gapfill_batched,
D,5,3517
S,8,3517,PREDICTION,src/tracking/advanced_tracker.py:id_merge,
L,0,3517,PREDICTION,src/tracking/advanced_tracker.py:flow_gapfill_batched,
R,CLAMP,CLAMP,0
L,1,3517,PREDICTION,src/tracking/advanced_tracker.py:kalman_homography,
R,CLAMP,CLAMP,0
L,6,3517,PREDICTION,src/tracking/advanced_tracker.py:flow_gapfill_batched,
R,CLAMP,CLAMP,0
L,7,3517,CLAMP,src/tracking/advanced_tracker.py:_activate_slot,3517_590_677_873_878
R,CLAMP,CLAMP,0
L,8,3517,PREDICTION,src/tracking/advanced_tracker.py:id_merge,
R,PREDICTION,SUBPIXEL,0
L,9,3517,CLAMP,src/tracking/advanced_tracker.py:_activate_slot,3517_895_533_1035_714
R,CLAMP,CLAMP,0
A,3517
S,5,3520,DETECTION,src/tracking/advanced_tracker.py:_activate_slot,3520_270_747_627_987
S,7,3520,CLAMP,src/tracking/advanced_tracker.py:_activate_slot,3520_120_1725_774_1935
S,8,3520,DETECTION,src/tracking/advanced_tracker.py:_activate_slot,3520_590_681_1035_885
S,9,3520,CLAMP,src/tracking/advanced_tracker.py:_activate_slot,3520_897_539_1035_726
S,10,3520,DETECTION,src/tracking/advanced_tracker.py:_activate_slot,3520_-11_30_259_202
S,1,3520,PREDICTION,src/tracking/advanced_tracker.py:kalman_homography,
S,0,3520,PREDICTION,src/tracking/advanced_tracker.py:flow_gapfill_batched,
S,6,3520,PREDICTION,src/tracking/advanced_tracker.py:flow_gapfill_batched,
L,0,3520,PREDICTION,src/tracking/advanced_tracker.py:flow_gapfill_batched,
R,CLAMP,CLAMP,0
L,1,3520,PREDICTION,src/tracking/advanced_tracker.py:kalman_homography,
R,CLAMP,CLAMP,0
L,5,3520,DETECTION,src/tracking/advanced_tracker.py:_activate_slot,3520_270_747_627_987
R,CLAMP,CLAMP,0
L,6,3520,PREDICTION,src/tracking/advanced_tracker.py:flow_gapfill_batched,
R,CLAMP,CLAMP,0
L,7,3520,CLAMP,src/tracking/advanced_tracker.py:_activate_slot,3520_120_1725_774_1935
R,CLAMP,CLAMP,0
L,8,3520,DETECTION,src/tracking/advanced_tracker.py:_activate_slot,3520_590_681_1035_885
R,CLAMP,CLAMP,0
L,9,3520,CLAMP,src/tracking/advanced_tracker.py:_activate_slot,3520_897_539_1035_726
R,CLAMP,CLAMP,0
A,3520
S,5,3523,DETECTION,src/tracking/advanced_tracker.py:_activate_slot,3523_271_741_668_986
S,7,3523,CLAMP,src/tracking/advanced_tracker.py:_activate_slot,3523_120_1785_701_1935
S,8,3523,DETECTION,src/tracking/advanced_tracker.py:_activate_slot,3523_593_675_1035_880
S,9,3523,CLAMP,src/tracking/advanced_tracker.py:_activate_slot,3523_894_531_1035_713
S,1,3523,PREDICTION,src/tracking/advanced_tracker.py:kalman_homography,
S,10,3523,PREDICTION,src/tracking/advanced_tracker.py:kalman_homography,
S,0,3523,PREDICTION,src/tracking/advanced_tracker.py:flow_gapfill_batched,
L,0,3523,PREDICTION,src/tracking/advanced_tracker.py:flow_gapfill_batched,
R,CLAMP,CLAMP,0
L,1,3523,PREDICTION,src/tracking/advanced_tracker.py:kalman_homography,
R,CLAMP,CLAMP,0
L,5,3523,DETECTION,src/tracking/advanced_tracker.py:_activate_slot,3523_271_741_668_986
R,CLAMP,CLAMP,0
L,7,3523,CLAMP,src/tracking/advanced_tracker.py:_activate_slot,3523_120_1785_701_1935
R,CLAMP,CLAMP,0
L,8,3523,DETECTION,src/tracking/advanced_tracker.py:_activate_slot,3523_593_675_1035_880
R,CLAMP,CLAMP,0
L,9,3523,CLAMP,src/tracking/advanced_tracker.py:_activate_slot,3523_894_531_1035_713
R,CLAMP,CLAMP,0
A,3523
S,0,3526,DETECTION,src/tracking/advanced_tracker.py:_activate_slot,3526_892_512_1035_702
S,5,3526,DETECTION,src/tracking/advanced_tracker.py:_activate_slot,3526_244_745_642_1081
S,8,3526,DETECTION,src/tracking/advanced_tracker.py:_activate_slot,3526_591_654_1034_861
S,10,3526,DETECTION,src/tracking/advanced_tracker.py:_activate_slot,3526_-9_5_261_184
S,1,3526,PREDICTION,src/tracking/advanced_tracker.py:kalman_homography,
S,7,3526,PREDICTION,src/tracking/advanced_tracker.py:flow_gapfill_batched,
D,7,3526
S,5,3526,PREDICTION,src/tracking/advanced_tracker.py:id_merge,
L,0,3526,DETECTION,src/tracking/advanced_tracker.py:_activate_slot,3526_892_512_1035_702
R,CLAMP,CLAMP,0
L,1,3526,PREDICTION,src/tracking/advanced_tracker.py:kalman_homography,
R,CLAMP,CLAMP,0
L,5,3526,PREDICTION,src/tracking/advanced_tracker.py:id_merge,
R,CLAMP,CLAMP,0
L,8,3526,DETECTION,src/tracking/advanced_tracker.py:_activate_slot,3526_591_654_1034_861
R,CLAMP,CLAMP,0
A,3526
S,5,3529,DETECTION,src/tracking/advanced_tracker.py:_activate_slot,3529_234_756_635_1062
S,8,3529,DETECTION,src/tracking/advanced_tracker.py:_activate_slot,3529_589_627_1035_828
S,10,3529,DETECTION,src/tracking/advanced_tracker.py:_activate_slot,3529_-11_-15_265_157
S,0,3529,PREDICTION,src/tracking/advanced_tracker.py:flow_gapfill_batched,
S,1,3529,PREDICTION,src/tracking/advanced_tracker.py:flow_gapfill_batched,
S,7,3529,PREDICTION,src/tracking/advanced_tracker.py:flow_gapfill_batched,
S,9,3529,PREDICTION,src/tracking/advanced_tracker.py:flow_gapfill_batched,
D,7,3529
S,5,3529,PREDICTION,src/tracking/advanced_tracker.py:id_merge,
L,0,3529,PREDICTION,src/tracking/advanced_tracker.py:flow_gapfill_batched,
R,CLAMP,CLAMP,0
L,1,3529,PREDICTION,src/tracking/advanced_tracker.py:flow_gapfill_batched,
R,CLAMP,CLAMP,0
L,5,3529,PREDICTION,src/tracking/advanced_tracker.py:id_merge,
R,CLAMP,CLAMP,0
L,8,3529,DETECTION,src/tracking/advanced_tracker.py:_activate_slot,3529_589_627_1035_828
R,CLAMP,CLAMP,0
L,9,3529,PREDICTION,src/tracking/advanced_tracker.py:flow_gapfill_batched,
R,CLAMP,CLAMP,0
A,3529
S,5,3532,DETECTION,src/tracking/advanced_tracker.py:_activate_slot,3532_219_753_659_1050
S,6,3532,DETECTION,src/tracking/advanced_tracker.py:_activate_slot,3532_-11_-15_260_131
S,8,3532,DETECTION,src/tracking/advanced_tracker.py:_activate_slot,3532_588_599_1035_810
S,10,3532,PREDICTION,src/tracking/advanced_tracker.py:kalman_homography,
S,0,3532,PREDICTION,src/tracking/advanced_tracker.py:flow_gapfill_batched,
S,7,3532,PREDICTION,src/tracking/advanced_tracker.py:flow_gapfill_batched,
S,9,3532,PREDICTION,src/tracking/advanced_tracker.py:flow_gapfill_batched,
D,7,3532
S,5,3532,PREDICTION,src/tracking/advanced_tracker.py:id_merge,
L,0,3532,PREDICTION,src/tracking/advanced_tracker.py:flow_gapfill_batched,
R,CLAMP,CLAMP,0
L,5,3532,PREDICTION,src/tracking/advanced_tracker.py:id_merge,
R,CLAMP,CLAMP,0
L,6,3532,DETECTION,src/tracking/advanced_tracker.py:_activate_slot,3532_-11_-15_260_131
R,CLAMP,CLAMP,0
L,8,3532,DETECTION,src/tracking/advanced_tracker.py:_activate_slot,3532_588_599_1035_810
R,CLAMP,CLAMP,0
L,9,3532,PREDICTION,src/tracking/advanced_tracker.py:flow_gapfill_batched,
R,CLAMP,CLAMP,0
A,3532
S,5,3535,DETECTION,src/tracking/advanced_tracker.py:_activate_slot,3535_234_808_646_1078
S,6,3535,DETECTION,src/tracking/advanced_tracker.py:_activate_slot,3535_304_1584_765_1812
S,8,3535,DETECTION,src/tracking/advanced_tracker.py:_activate_slot,3535_591_585_1035_792
S,10,3535,PREDICTION,src/tracking/advanced_tracker.py:kalman_homography,
S,0,3535,PREDICTION,src/tracking/advanced_tracker.py:flow_gapfill_batched,
S,9,3535,PREDICTION,src/tracking/advanced_tracker.py:flow_gapfill_batched,
D,5,3535
S,6,3535,PREDICTION,src/tracking/advanced_tracker.py:id_merge,
L,0,3535,PREDICTION,src/tracking/advanced_tracker.py:flow_gapfill_batched,
R,CLAMP,CLAMP,0
L,6,3535,PREDICTION,src/tracking/advanced_tracker.py:id_merge,
R,CLAMP,CLAMP,0
L,8,3535,DETECTION,src/tracking/advanced_tracker.py:_activate_slot,3535_591_585_1035_792
R,CLAMP,CLAMP,0
L,9,3535,PREDICTION,src/tracking/advanced_tracker.py:flow_gapfill_batched,
R,CLAMP,CLAMP,0
A,3535
S,5,3538,DETECTION,src/tracking/advanced_tracker.py:_activate_slot,3538_215_789_646_1062
S,8,3538,DETECTION,src/tracking/advanced_tracker.py:_activate_slot,3538_592_555_1033_771
S,10,3538,PREDICTION,src/tracking/advanced_tracker.py:kalman_homography,
S,0,3538,PREDICTION,src/tracking/advanced_tracker.py:flow_gapfill_batched,
S,6,3538,PREDICTION,src/tracking/advanced_tracker.py:flow_gapfill_batched,
S,9,3538,PREDICTION,src/tracking/advanced_tracker.py:flow_gapfill_batched,
D,6,3538
S,5,3538,PREDICTION,src/tracking/advanced_tracker.py:id_merge,
L,0,3538,PREDICTION,src/tracking/advanced_tracker.py:flow_gapfill_batched,
R,CLAMP,CLAMP,0
L,5,3538,PREDICTION,src/tracking/advanced_tracker.py:id_merge,
R,CLAMP,CLAMP,0
L,8,3538,DETECTION,src/tracking/advanced_tracker.py:_activate_slot,3538_592_555_1033_771
R,CLAMP,CLAMP,0
L,9,3538,PREDICTION,src/tracking/advanced_tracker.py:flow_gapfill_batched,
R,CLAMP,CLAMP,0
A,3538
S,5,3541,DETECTION,src/tracking/advanced_tracker.py:_activate_slot,3541_259_795_649_1023
S,8,3541,DETECTION,src/tracking/advanced_tracker.py:_activate_slot,3541_596_535_1032_752
S,0,3541,PREDICTION,src/tracking/advanced_tracker.py:kalman_homography,
S,10,3541,PREDICTION,src/tracking/advanced_tracker.py:kalman_homography,
S,6,3541,PREDICTION,src/tracking/advanced_tracker.py:flow_gapfill_batched,
D,6,3541
S,5,3541,PREDICTION,src/tracking/advanced_tracker.py:id_merge,
L,0,3541,PREDICTION,src/tracking/advanced_tracker.py:kalman_homography,
R,CLAMP,CLAMP,0
L,5,3541,PREDICTION,src/tracking/advanced_tracker.py:id_merge,
R,CLAMP,CLAMP,0
L,8,3541,DETECTION,src/tracking/advanced_tracker.py:_activate_slot,3541_596_535_1032_752
R,CLAMP,CLAMP,0
A,3541
S,1,3544,DETECTION,src/tracking/advanced_tracker.py:_activate_slot,3544_253_1485_775_1665
S,5,3544,DETECTION,src/tracking/advanced_tracker.py:_activate_slot,3544_233_795_634_993
S,8,3544,DETECTION,src/tracking/advanced_tracker.py:_activate_slot,3544_605_510_1032_721
S,0,3544,PREDICTION,src/tracking/advanced_tracker.py:kalman_homography,
S,6,3544,PREDICTION,src/tracking/advanced_tracker.py:flow_gapfill_batched,
S,10,3544,PREDICTION,src/tracking/advanced_tracker.py:flow_gapfill_batched,
D,6,3544
S,5,3544,PREDICTION,src/tracking/advanced_tracker.py:id_merge,
L,0,3544,PREDICTION,src/tracking/advanced_tracker.py:kalman_homography,
R,CLAMP,CLAMP,0
L,1,3544,DETECTION,src/tracking/advanced_tracker.py:_activate_slot,3544_253_1485_775_1665
R,CLAMP,CLAMP,0
L,5,3544,PREDICTION,src/tracking/advanced_tracker.py:id_merge,
R,CLAMP,CLAMP,0
L,8,3544,DETECTION,src/tracking/advanced_tracker.py:_activate_slot,3544_605_510_1032_721
R,CLAMP,CLAMP,0
A,3544
S,5,3547,DETECTION,src/tracking/advanced_tracker.py:_activate_slot,3547_216_768_630_960
S,8,3547,DETECTION,src/tracking/advanced_tracker.py:_activate_slot,3547_611_480_1032_717
S,0,3547,PREDICTION,src/tracking/advanced_tracker.py:kalman_homography,
S,1,3547,PREDICTION,src/tracking/advanced_tracker.py:kalman_homography,
S,6,3547,PREDICTION,src/tracking/advanced_tracker.py:flow_gapfill_batched,
S,10,3547,PREDICTION,src/tracking/advanced_tracker.py:flow_gapfill_batched,
D,6,3547
S,5,3547,PREDICTION,src/tracking/advanced_tracker.py:id_merge,
L,0,3547,PREDICTION,src/tracking/advanced_tracker.py:kalman_homography,
R,CLAMP,CLAMP,0
L,1,3547,PREDICTION,src/tracking/advanced_tracker.py:kalman_homography,
R,CLAMP,CLAMP,0
L,5,3547,PREDICTION,src/tracking/advanced_tracker.py:id_merge,
R,CLAMP,CLAMP,0
L,8,3547,DETECTION,src/tracking/advanced_tracker.py:_activate_slot,3547_611_480_1032_717
R,CLAMP,CLAMP,0
A,3547
S,5,3550,DETECTION,src/tracking/advanced_tracker.py:_activate_slot,3550_202_714_609_1056
S,8,3550,DETECTION,src/tracking/advanced_tracker.py:_activate_slot,3550_623_452_1032_753
S,1,3550,PREDICTION,src/tracking/advanced_tracker.py:kalman_homography,
S,6,3550,PREDICTION,src/tracking/advanced_tracker.py:flow_gapfill_batched,
D,6,3550
S,5,3550,PREDICTION,src/tracking/advanced_tracker.py:id_merge,
L,1,3550,PREDICTION,src/tracking/advanced_tracker.py:kalman_homography,
R,CLAMP,CLAMP,0
L,5,3550,PREDICTION,src/tracking/advanced_tracker.py:id_merge,
R,CLAMP,CLAMP,0
L,8,3550,DETECTION,src/tracking/advanced_tracker.py:_activate_slot,3550_623_452_1032_753
R,CLAMP,CLAMP,0
A,3550
