S,0,2322,DETECTION,src/tracking/advanced_tracker.py:_activate_slot,2322_606_-5_870_148
S,1,2322,DETECTION,src/tracking/advanced_tracker.py:_activate_slot,2322_573_213_803_359
L,0,2322,DETECTION,src/tracking/advanced_tracker.py:_activate_slot,2322_606_-5_870_148
R,DETECTION,DETECTION,1
L,1,2322,DETECTION,src/tracking/advanced_tracker.py:_activate_slot,2322_573_213_803_359
R,DETECTION,DETECTION,1
A,2322
S,0,2325,DETECTION,src/tracking/advanced_tracker.py:_activate_slot,2325_607_0_870_149
S,1,2325,DETECTION,src/tracking/advanced_tracker.py:_activate_slot,2325_581_222_801_355
L,0,2325,DETECTION,src/tracking/advanced_tracker.py:_activate_slot,2325_607_0_870_149
R,DETECTION,DETECTION,1
L,1,2325,DETECTION,src/tracking/advanced_tracker.py:_activate_slot,2325_581_222_801_355
R,DETECTION,DETECTION,1
A,2325
S,0,2328,DETECTION,src/tracking/advanced_tracker.py:_activate_slot,2328_607_2_870_147
S,1,2328,PREDICTION,src/tracking/advanced_tracker.py:flow_gapfill_batched,
L,0,2328,DETECTION,src/tracking/advanced_tracker.py:_activate_slot,2328_607_2_870_147
R,DETECTION,SUBPIXEL,0
L,1,2328,PREDICTION,src/tracking/advanced_tracker.py:flow_gapfill_batched,
R,PREDICTION,PREDICTION,1
A,2328
S,0,2331,DETECTION,src/tracking/advanced_tracker.py:_activate_slot,2331_606_-9_870_145
S,1,2331,PREDICTION,src/tracking/advanced_tracker.py:flow_gapfill_batched,
L,0,2331,DETECTION,src/tracking/advanced_tracker.py:_activate_slot,2331_606_-9_870_145
R,DETECTION,DETECTION,1
L,1,2331,PREDICTION,src/tracking/advanced_tracker.py:flow_gapfill_batched,
R,PREDICTION,PREDICTION,1
A,2331
S,5,2334,DETECTION,src/tracking/advanced_tracker.py:_activate_slot,2334_606_8_862_137
S,0,2334,PREDICTION,src/tracking/advanced_tracker.py:kalman_homography,
S,1,2334,PREDICTION,src/tracking/advanced_tracker.py:flow_gapfill_batched,
L,0,2334,PREDICTION,src/tracking/advanced_tracker.py:kalman_homography,
R,PREDICTION,PREDICTION,1
L,1,2334,PREDICTION,src/tracking/advanced_tracker.py:flow_gapfill_batched,
R,PREDICTION,PREDICTION,1
L,5,2334,DETECTION,src/tracking/advanced_tracker.py:_activate_slot,2334_606_8_862_137
R,DETECTION,DETECTION,1
A,2334
S,5,2337,DETECTION,src/tracking/advanced_tracker.py:_activate_slot,2337_605_-9_873_136
S,0,2337,PREDICTION,src/tracking/advanced_tracker.py:kalman_homography,
S,1,2337,PREDICTION,src/tracking/advanced_tracker.py:flow_gapfill_batched,
L,0,2337,PREDICTION,src/tracking/advanced_tracker.py:kalman_homography,
R,PREDICTION,PREDICTION,1
L,1,2337,PREDICTION,src/tracking/advanced_tracker.py:flow_gapfill_batched,
R,PREDICTION,PREDICTION,1
L,5,2337,DETECTION,src/tracking/advanced_tracker.py:_activate_slot,2337_605_-9_873_136
R,DETECTION,DETECTION,1
A,2337
S,5,2340,DETECTION,src/tracking/advanced_tracker.py:_activate_slot,2340_608_-12_869_133
S,0,2340,PREDICTION,src/tracking/advanced_tracker.py:kalman_homography,
S,1,2340,PREDICTION,src/tracking/advanced_tracker.py:flow_gapfill_batched,
L,0,2340,PREDICTION,src/tracking/advanced_tracker.py:kalman_homography,
R,PREDICTION,PREDICTION,1
L,1,2340,PREDICTION,src/tracking/advanced_tracker.py:flow_gapfill_batched,
R,PREDICTION,PREDICTION,1
L,5,2340,DETECTION,src/tracking/advanced_tracker.py:_activate_slot,2340_608_-12_869_133
R,DETECTION,DETECTION,1
A,2340
S,5,2343,DETECTION,src/tracking/advanced_tracker.py:_activate_slot,2343_608_-14_870_129
S,6,2343,DETECTION,src/tracking/advanced_tracker.py:_activate_slot,2343_597_87_768_189
S,0,2343,PREDICTION,src/tracking/advanced_tracker.py:kalman_homography,
S,1,2343,PREDICTION,src/tracking/advanced_tracker.py:flow_gapfill_batched,
L,0,2343,PREDICTION,src/tracking/advanced_tracker.py:kalman_homography,
R,PREDICTION,PREDICTION,1
L,1,2343,PREDICTION,src/tracking/advanced_tracker.py:flow_gapfill_batched,
R,PREDICTION,PREDICTION,1
L,5,2343,DETECTION,src/tracking/advanced_tracker.py:_activate_slot,2343_608_-14_870_129
R,DETECTION,DETECTION,1
L,6,2343,DETECTION,src/tracking/advanced_tracker.py:_activate_slot,2343_597_87_768_189
R,DETECTION,DETECTION,1
A,2343
S,5,2346,DETECTION,src/tracking/advanced_tracker.py:_activate_slot,2346_610_-15_873_117
S,7,2346,DETECTION,src/tracking/advanced_tracker.py:_activate_slot,2346_585_225_803_331
S,0,2346,PREDICTION,src/tracking/advanced_tracker.py:kalman_homography,
S,6,2346,PREDICTION,src/tracking/advanced_tracker.py:kalman_homography,
S,1,2346,PREDICTION,src/tracking/advanced_tracker.py:flow_gapfill_batched,
L,0,2346,PREDICTION,src/tracking/advanced_tracker.py:kalman_homography,
R,PREDICTION,PREDICTION,1
L,1,2346,PREDICTION,src/tracking/advanced_tracker.py:flow_gapfill_batched,
R,PREDICTION,PREDICTION,1
L,5,2346,DETECTION,src/tracking/advanced_tracker.py:_activate_slot,2346_610_-15_873_117
R,DETECTION,DETECTION,1
L,6,2346,PREDICTION,src/tracking/advanced_tracker.py:kalman_homography,
R,PREDICTION,PREDICTION,1
L,7,2346,DETECTION,src/tracking/advanced_tracker.py:_activate_slot,2346_585_225_803_331
R,DETECTION,DETECTION,1
A,2346
S,5,2349,DETECTION,src/tracking/advanced_tracker.py:_activate_slot,2349_615_-15_876_97
S,7,2349,DETECTION,src/tracking/advanced_tracker.py:_activate_slot,2349_584_213_806_316
S,8,2349,DETECTION,src/tracking/advanced_tracker.py:_activate_slot,2349_590_230_806_312
S,0,2349,PREDICTION,src/tracking/advanced_tracker.py:kalman_homography,
S,6,2349,PREDICTION,src/tracking/advanced_tracker.py:kalman_homography,
S,1,2349,PREDICTION,src/tracking/advanced_tracker.py:flow_gapfill_batched,
D,7,2349
S,8,2349,PREDICTION,src/tracking/advanced_tracker.py:id_merge,
L,0,2349,PREDICTION,src/tracking/advanced_tracker.py:kalman_homography,
R,PREDICTION,PREDICTION,1
L,1,2349,PREDICTION,src/tracking/advanced_tracker.py:flow_gapfill_batched,
R,PREDICTION,PREDICTION,1
L,5,2349,DETECTION,src/tracking/advanced_tracker.py:_activate_slot,2349_615_-15_876_97
R,DETECTION,DETECTION,1
L,6,2349,PREDICTION,src/tracking/advanced_tracker.py:kalman_homography,
R,PREDICTION,SUBPIXEL,0
L,8,2349,PREDICTION,src/tracking/advanced_tracker.py:id_merge,
R,PREDICTION,PREDICTION,1
A,2349
S,9,2352,DETECTION,src/tracking/advanced_tracker.py:_activate_slot,2352_611_-15_875_66
S,0,2352,PREDICTION,src/tracking/advanced_tracker.py:kalman_homography,
S,5,2352,PREDICTION,src/tracking/advanced_tracker.py:kalman_homography,
S,6,2352,PREDICTION,src/tracking/advanced_tracker.py:kalman_homography,
S,7,2352,PREDICTION,src/tracking/advanced_tracker.py:kalman_homography,
S,8,2352,PREDICTION,src/tracking/advanced_tracker.py:flow_gapfill_batched,
L,0,2352,PREDICTION,src/tracking/advanced_tracker.py:kalman_homography,
R,PREDICTION,PREDICTION,1
L,5,2352,PREDICTION,src/tracking/advanced_tracker.py:kalman_homography,
R,PREDICTION,PREDICTION,1
L,6,2352,PREDICTION,src/tracking/advanced_tracker.py:kalman_homography,
R,PREDICTION,SUBPIXEL,0
L,7,2352,PREDICTION,src/tracking/advanced_tracker.py:kalman_homography,
R,PREDICTION,PREDICTION,1
L,8,2352,PREDICTION,src/tracking/advanced_tracker.py:flow_gapfill_batched,
R,PREDICTION,PREDICTION,1
L,9,2352,DETECTION,src/tracking/advanced_tracker.py:_activate_slot,2352_611_-15_875_66
R,DETECTION,DETECTION,1
A,2352
S,5,2355,PREDICTION,src/tracking/advanced_tracker.py:kalman_homography,
S,6,2355,PREDICTION,src/tracking/advanced_tracker.py:kalman_homography,
S,7,2355,PREDICTION,src/tracking/advanced_tracker.py:kalman_homography,
S,9,2355,PREDICTION,src/tracking/advanced_tracker.py:kalman_homography,
S,0,2355,PREDICTION,src/tracking/advanced_tracker.py:flow_gapfill_batched,
S,8,2355,PREDICTION,src/tracking/advanced_tracker.py:flow_gapfill_batched,
D,5,2355
S,9,2355,PREDICTION,src/tracking/advanced_tracker.py:id_merge,
L,0,2355,PREDICTION,src/tracking/advanced_tracker.py:flow_gapfill_batched,
R,PREDICTION,PREDICTION,1
L,6,2355,PREDICTION,src/tracking/advanced_tracker.py:kalman_homography,
R,PREDICTION,SUBPIXEL,0
L,7,2355,PREDICTION,src/tracking/advanced_tracker.py:kalman_homography,
R,PREDICTION,PREDICTION,1
L,8,2355,PREDICTION,src/tracking/advanced_tracker.py:flow_gapfill_batched,
R,PREDICTION,PREDICTION,1
L,9,2355,PREDICTION,src/tracking/advanced_tracker.py:id_merge,
R,PREDICTION,PREDICTION,1
A,2355
S,6,2358,DETECTION,src/tracking/advanced_tracker.py:_activate_slot,2358_560_135_792_226
S,5,2358,PREDICTION,src/tracking/advanced_tracker.py:kalman_homography,
S,7,2358,PREDICTION,src/tracking/advanced_tracker.py:kalman_homography,
S,9,2358,PREDICTION,src/tracking/advanced_tracker.py:kalman_homography,
S,8,2358,PREDICTION,src/tracking/advanced_tracker.py:flow_gapfill_batched,
D,5,2358
S,9,2358,PREDICTION,src/tracking/advanced_tracker.py:id_merge,
L,6,2358,DETECTION,src/tracking/advanced_tracker.py:_activate_slot,2358_560_135_792_226
R,CLAMP,CLAMP,0
L,7,2358,PREDICTION,src/tracking/advanced_tracker.py:kalman_homography,
R,PREDICTION,PREDICTION,1
L,8,2358,PREDICTION,src/tracking/advanced_tracker.py:flow_gapfill_batched,
R,PREDICTION,PREDICTION,1
L,9,2358,PREDICTION,src/tracking/advanced_tracker.py:id_merge,
R,PREDICTION,SUBPIXEL,0
A,2358
S,5,2361,PREDICTION,src/tracking/advanced_tracker.py:kalman_homography,
S,6,2361,PREDICTION,src/tracking/advanced_tracker.py:kalman_homography,
S,7,2361,PREDICTION,src/tracking/advanced_tracker.py:kalman_homography,
S,9,2361,PREDICTION,src/tracking/advanced_tracker.py:kalman_homography,
S,8,2361,PREDICTION,src/tracking/advanced_tracker.py:flow_gapfill_batched,
D,5,2361
S,9,2361,PREDICTION,src/tracking/advanced_tracker.py:id_merge,
L,6,2361,PREDICTION,src/tracking/advanced_tracker.py:kalman_homography,
R,CLAMP,CLAMP,0
L,7,2361,PREDICTION,src/tracking/advanced_tracker.py:kalman_homography,
R,PREDICTION,PREDICTION,1
L,8,2361,PREDICTION,src/tracking/advanced_tracker.py:flow_gapfill_batched,
R,PREDICTION,PREDICTION,1
L,9,2361,PREDICTION,src/tracking/advanced_tracker.py:id_merge,
R,PREDICTION,SUBPIXEL,0
A,2361
S,5,2364,PREDICTION,src/tracking/advanced_tracker.py:kalman_homography,
S,6,2364,PREDICTION,src/tracking/advanced_tracker.py:kalman_homography,
S,7,2364,PREDICTION,src/tracking/advanced_tracker.py:kalman_homography,
S,9,2364,PREDICTION,src/tracking/advanced_tracker.py:kalman_homography,
D,5,2364
S,9,2364,PREDICTION,src/tracking/advanced_tracker.py:id_merge,
L,6,2364,PREDICTION,src/tracking/advanced_tracker.py:kalman_homography,
R,CLAMP,CLAMP,0
L,7,2364,PREDICTION,src/tracking/advanced_tracker.py:kalman_homography,
R,PREDICTION,PREDICTION,1
L,9,2364,PREDICTION,src/tracking/advanced_tracker.py:id_merge,
R,PREDICTION,SUBPIXEL,0
A,2364
S,5,2367,PREDICTION,src/tracking/advanced_tracker.py:kalman_homography,
S,6,2367,PREDICTION,src/tracking/advanced_tracker.py:kalman_homography,
S,7,2367,PREDICTION,src/tracking/advanced_tracker.py:kalman_homography,
S,9,2367,PREDICTION,src/tracking/advanced_tracker.py:kalman_homography,
S,8,2367,PREDICTION,src/tracking/advanced_tracker.py:flow_gapfill_batched,
D,5,2367
S,9,2367,PREDICTION,src/tracking/advanced_tracker.py:id_merge,
L,6,2367,PREDICTION,src/tracking/advanced_tracker.py:kalman_homography,
R,CLAMP,CLAMP,0
L,7,2367,PREDICTION,src/tracking/advanced_tracker.py:kalman_homography,
R,PREDICTION,PREDICTION,1
L,8,2367,PREDICTION,src/tracking/advanced_tracker.py:flow_gapfill_batched,
R,PREDICTION,PREDICTION,1
L,9,2367,PREDICTION,src/tracking/advanced_tracker.py:id_merge,
R,PREDICTION,SUBPIXEL,0
A,2367
S,6,2370,PREDICTION,src/tracking/advanced_tracker.py:kalman_homography,
S,7,2370,PREDICTION,src/tracking/advanced_tracker.py:kalman_homography,
S,9,2370,PREDICTION,src/tracking/advanced_tracker.py:kalman_homography,
L,6,2370,PREDICTION,src/tracking/advanced_tracker.py:kalman_homography,
R,CLAMP,CLAMP,0
L,7,2370,PREDICTION,src/tracking/advanced_tracker.py:kalman_homography,
R,PREDICTION,PREDICTION,1
L,9,2370,PREDICTION,src/tracking/advanced_tracker.py:kalman_homography,
R,PREDICTION,SUBPIXEL,0
A,2370
S,1,2373,DETECTION,src/tracking/advanced_tracker.py:_activate_slot,2373_584_187_712_343
S,6,2373,PREDICTION,src/tracking/advanced_tracker.py:kalman_homography,
S,9,2373,PREDICTION,src/tracking/advanced_tracker.py:kalman_homography,
S,8,2373,PREDICTION,src/tracking/advanced_tracker.py:flow_gapfill_batched,
D,8,2373
S,6,2373,PREDICTION,src/tracking/advanced_tracker.py:id_merge,
L,1,2373,DETECTION,src/tracking/advanced_tracker.py:_activate_slot,2373_584_187_712_343
R,CLAMP,CLAMP,0
L,6,2373,PREDICTION,src/tracking/advanced_tracker.py:id_merge,
R,CLAMP,CLAMP,0
L,9,2373,PREDICTION,src/tracking/advanced_tracker.py:kalman_homography,
R,PREDICTION,SUBPIXEL,0
A,2373
S,1,2376,PREDICTION,src/tracking/advanced_tracker.py:kalman_homography,
S,6,2376,PREDICTION,src/tracking/advanced_tracker.py:kalman_homography,
S,9,2376,PREDICTION,src/tracking/advanced_tracker.py:flow_gapfill_batched,
L,1,2376,PREDICTION,src/tracking/advanced_tracker.py:kalman_homography,
R,CLAMP,CLAMP,0
L,6,2376,PREDICTION,src/tracking/advanced_tracker.py:kalman_homography,
R,CLAMP,CLAMP,0
L,9,2376,PREDICTION,src/tracking/advanced_tracker.py:flow_gapfill_batched,
R,PREDICTION,PREDICTION,1
A,2376
S,1,2379,PREDICTION,src/tracking/advanced_tracker.py:kalman_homography,
S,6,2379,PREDICTION,src/tracking/advanced_tracker.py:kalman_homography,
L,1,2379,PREDICTION,src/tracking/advanced_tracker.py:kalman_homography,
R,CLAMP,CLAMP,0
L,6,2379,PREDICTION,src/tracking/advanced_tracker.py:kalman_homography,
R,CLAMP,CLAMP,0
A,2379
S,1,2382,PREDICTION,src/tracking/advanced_tracker.py:kalman_homography,
S,6,2382,PREDICTION,src/tracking/advanced_tracker.py:flow_gapfill_batched,
L,1,2382,PREDICTION,src/tracking/advanced_tracker.py:kalman_homography,
R,CLAMP,CLAMP,0
L,6,2382,PREDICTION,src/tracking/advanced_tracker.py:flow_gapfill_batched,
R,CLAMP,CLAMP,0
A,2382
S,1,2385,PREDICTION,src/tracking/advanced_tracker.py:kalman_homography,
L,1,2385,PREDICTION,src/tracking/advanced_tracker.py:kalman_homography,
R,CLAMP,CLAMP,0
A,2385
S,1,2388,PREDICTION,src/tracking/advanced_tracker.py:kalman_homography,
L,1,2388,PREDICTION,src/tracking/advanced_tracker.py:kalman_homography,
R,CLAMP,CLAMP,0
A,2388
S,1,2391,PREDICTION,src/tracking/advanced_tracker.py:kalman_homography,
L,1,2391,PREDICTION,src/tracking/advanced_tracker.py:kalman_homography,
R,CLAMP,CLAMP,0
A,2391
S,1,2394,PREDICTION,src/tracking/advanced_tracker.py:kalman_homography,
L,1,2394,PREDICTION,src/tracking/advanced_tracker.py:kalman_homography,
R,CLAMP,CLAMP,0
A,2394
S,1,2397,PREDICTION,src/tracking/advanced_tracker.py:flow_gapfill_batched,
L,1,2397,PREDICTION,src/tracking/advanced_tracker.py:flow_gapfill_batched,
R,CLAMP,CLAMP,0
A,2397
A,2400
A,2403
A,2406
A,2409
S,0,2412,DETECTION,src/tracking/advanced_tracker.py:_activate_slot,2412_655_1457_1024_1698
S,5,2412,DETECTION,src/tracking/advanced_tracker.py:_activate_slot,2412_360_729_1032_1054
S,6,2412,DETECTION,src/tracking/advanced_tracker.py:_activate_slot,2412_599_1296_1029_1494
S,7,2412,DETECTION,src/tracking/advanced_tracker.py:_activate_slot,2412_603_1087_1035_1353
S,8,2412,DETECTION,src/tracking/advanced_tracker.py:_activate_slot,2412_613_558_1030_792
S,9,2412,DETECTION,src/tracking/advanced_tracker.py:_activate_slot,2412_613_1623_1020_1803
D,6,2412
S,7,2412,PREDICTION,src/tracking/advanced_tracker.py:id_merge,
L,0,2412,DETECTION,src/tracking/advanced_tracker.py:_activate_slot,2412_655_1457_1024_1698
R,CLAMP,CLAMP,0
L,5,2412,DETECTION,src/tracking/advanced_tracker.py:_activate_slot,2412_360_729_1032_1054
R,CLAMP,CLAMP,0
L,7,2412,PREDICTION,src/tracking/advanced_tracker.py:id_merge,
R,CLAMP,CLAMP,0
L,8,2412,DETECTION,src/tracking/advanced_tracker.py:_activate_slot,2412_613_558_1030_792
R,CLAMP,CLAMP,0
L,9,2412,DETECTION,src/tracking/advanced_tracker.py:_activate_slot,2412_613_1623_1020_1803
R,CLAMP,CLAMP,0
A,2412
S,2,2415,DETECTION,src/tracking/advanced_tracker.py:_activate_slot,2415_744_1422_1032_1638
S,0,2415,PREDICTION,src/tracking/advanced_tracker.py:flow_gapfill_batched,
S,6,2415,PREDICTION,src/tracking/advanced_tracker.py:flow_gapfill_batched,
S,7,2415,PREDICTION,src/tracking/advanced_tracker.py:flow_gapfill_batched,
S,9,2415,PREDICTION,src/tracking/advanced_tracker.py:flow_gapfill_batched,
D,6,2415
S,7,2415,PREDICTION,src/tracking/advanced_tracker.py:id_merge,
L,0,2415,PREDICTION,src/tracking/advanced_tracker.py:flow_gapfill_batched,
R,CLAMP,CLAMP,0
L,2,2415,DETECTION,src/tracking/advanced_tracker.py:_activate_slot,2415_744_1422_1032_1638
R,DETECTION,DETECTION,1
L,7,2415,PREDICTION,src/tracking/advanced_tracker.py:id_merge,
R,CLAMP,CLAMP,0
L,9,2415,PREDICTION,src/tracking/advanced_tracker.py:flow_gapfill_batched,
R,CLAMP,CLAMP,0
A,2415
S,2,2418,DETECTION,src/tracking/advanced_tracker.py:_activate_slot,2418_828_1387_1035_1575
S,0,2418,PREDICTION,src/tracking/advanced_tracker.py:flow_gapfill_batched,
S,6,2418,PREDICTION,src/tracking/advanced_tracker.py:flow_gapfill_batched,
L,0,2418,PREDICTION,src/tracking/advanced_tracker.py:flow_gapfill_batched,
R,CLAMP,CLAMP,0
L,2,2418,DETECTION,src/tracking/advanced_tracker.py:_activate_slot,2418_828_1387_1035_1575
R,DETECTION,DETECTION,1
L,6,2418,PREDICTION,src/tracking/advanced_tracker.py:flow_gapfill_batched,
R,CLAMP,CLAMP,0
A,2418
S,0,2421,PREDICTION,src/tracking/advanced_tracker.py:flow_gapfill_batched,
S,6,2421,PREDICTION,src/tracking/advanced_tracker.py:flow_gapfill_batched,
S,7,2421,PREDICTION,src/tracking/advanced_tracker.py:flow_gapfill_batched,
L,0,2421,PREDICTION,src/tracking/advanced_tracker.py:flow_gapfill_batched,
R,CLAMP,CLAMP,0
L,6,2421,PREDICTION,src/tracking/advanced_tracker.py:flow_gapfill_batched,
R,CLAMP,CLAMP,0
L,7,2421,PREDICTION,src/tracking/advanced_tracker.py:flow_gapfill_batched,
R,CLAMP,CLAMP,0
A,2421
S,0,2424,PREDICTION,src/tracking/advanced_tracker.py:flow_gapfill_batched,
S,2,2424,PREDICTION,src/tracking/advanced_tracker.py:flow_gapfill_batched,
S,5,2424,PREDICTION,src/tracking/advanced_tracker.py:flow_gapfill_batched,
S,6,2424,PREDICTION,src/tracking/advanced_tracker.py:flow_gapfill_batched,
S,9,2424,PREDICTION,src/tracking/advanced_tracker.py:flow_gapfill_batched,
D,6,2424
S,9,2424,PREDICTION,src/tracking/advanced_tracker.py:id_merge,
L,0,2424,PREDICTION,src/tracking/advanced_tracker.py:flow_gapfill_batched,
R,CLAMP,CLAMP,0
L,2,2424,PREDICTION,src/tracking/advanced_tracker.py:flow_gapfill_batched,
R,PREDICTION,PREDICTION,1
L,5,2424,PREDICTION,src/tracking/advanced_tracker.py:flow_gapfill_batched,
R,CLAMP,CLAMP,0
L,9,2424,PREDICTION,src/tracking/advanced_tracker.py:id_merge,
R,CLAMP,CLAMP,0
A,2424
S,0,2427,PREDICTION,src/tracking/advanced_tracker.py:flow_gapfill_batched,
S,2,2427,PREDICTION,src/tracking/advanced_tracker.py:flow_gapfill_batched,
S,5,2427,PREDICTION,src/tracking/advanced_tracker.py:flow_gapfill_batched,
L,0,2427,PREDICTION,src/tracking/advanced_tracker.py:flow_gapfill_batched,
R,CLAMP,CLAMP,0
L,2,2427,PREDICTION,src/tracking/advanced_tracker.py:flow_gapfill_batched,
R,PREDICTION,PREDICTION,1
L,5,2427,PREDICTION,src/tracking/advanced_tracker.py:flow_gapfill_batched,
R,CLAMP,CLAMP,0
A,2427
S,0,2430,PREDICTION,src/tracking/advanced_tracker.py:flow_gapfill_batched,
S,5,2430,PREDICTION,src/tracking/advanced_tracker.py:flow_gapfill_batched,
S,6,2430,PREDICTION,src/tracking/advanced_tracker.py:flow_gapfill_batched,
S,7,2430,PREDICTION,src/tracking/advanced_tracker.py:flow_gapfill_batched,
S,9,2430,PREDICTION,src/tracking/advanced_tracker.py:flow_gapfill_batched,
D,5,2430
S,7,2430,PREDICTION,src/tracking/advanced_tracker.py:id_merge,
D,6,2430
S,9,2430,PREDICTION,src/tracking/advanced_tracker.py:id_merge,
L,0,2430,PREDICTION,src/tracking/advanced_tracker.py:flow_gapfill_batched,
R,CLAMP,CLAMP,0
L,7,2430,PREDICTION,src/tracking/advanced_tracker.py:id_merge,
R,CLAMP,CLAMP,0
L,9,2430,PREDICTION,src/tracking/advanced_tracker.py:id_merge,
R,CLAMP,CLAMP,0
A,2430
S,0,2433,PREDICTION,src/tracking/advanced_tracker.py:flow_gapfill_batched,
S,2,2433,PREDICTION,src/tracking/advanced_tracker.py:flow_gapfill_batched,
S,5,2433,PREDICTION,src/tracking/advanced_tracker.py:flow_gapfill_batched,
S,6,2433,PREDICTION,src/tracking/advanced_tracker.py:flow_gapfill_batched,
S,7,2433,PREDICTION,src/tracking/advanced_tracker.py:flow_gapfill_batched,
S,9,2433,PREDICTION,src/tracking/advanced_tracker.py:flow_gapfill_batched,
D,5,2433
S,7,2433,PREDICTION,src/tracking/advanced_tracker.py:id_merge,
D,6,2433
S,9,2433,PREDICTION,src/tracking/advanced_tracker.py:id_merge,
L,0,2433,PREDICTION,src/tracking/advanced_tracker.py:flow_gapfill_batched,
R,CLAMP,CLAMP,0
L,2,2433,PREDICTION,src/tracking/advanced_tracker.py:flow_gapfill_batched,
R,PREDICTION,PREDICTION,1
L,7,2433,PREDICTION,src/tracking/advanced_tracker.py:id_merge,
R,CLAMP,CLAMP,0
L,9,2433,PREDICTION,src/tracking/advanced_tracker.py:id_merge,
R,CLAMP,CLAMP,0
A,2433
S,0,2436,PREDICTION,src/tracking/advanced_tracker.py:flow_gapfill_batched,
S,2,2436,PREDICTION,src/tracking/advanced_tracker.py:flow_gapfill_batched,
S,5,2436,PREDICTION,src/tracking/advanced_tracker.py:flow_gapfill_batched,
S,6,2436,PREDICTION,src/tracking/advanced_tracker.py:flow_gapfill_batched,
S,7,2436,PREDICTION,src/tracking/advanced_tracker.py:flow_gapfill_batched,
S,8,2436,PREDICTION,src/tracking/advanced_tracker.py:flow_gapfill_batched,
S,9,2436,PREDICTION,src/tracking/advanced_tracker.py:flow_gapfill_batched,
D,0,2436
S,2,2436,PREDICTION,src/tracking/advanced_tracker.py:id_merge,
D,5,2436
S,7,2436,PREDICTION,src/tracking/advanced_tracker.py:id_merge,
D,6,2436
S,9,2436,PREDICTION,src/tracking/advanced_tracker.py:id_merge,
L,2,2436,PREDICTION,src/tracking/advanced_tracker.py:id_merge,
R,PREDICTION,PREDICTION,1
L,7,2436,PREDICTION,src/tracking/advanced_tracker.py:id_merge,
R,CLAMP,CLAMP,0
L,8,2436,PREDICTION,src/tracking/advanced_tracker.py:flow_gapfill_batched,
R,CLAMP,CLAMP,0
L,9,2436,PREDICTION,src/tracking/advanced_tracker.py:id_merge,
R,CLAMP,CLAMP,0
A,2436
S,2,2439,PREDICTION,src/tracking/advanced_tracker.py:flow_gapfill_batched,
L,2,2439,PREDICTION,src/tracking/advanced_tracker.py:flow_gapfill_batched,
R,PREDICTION,PREDICTION,1
A,2439
S,2,2442,PREDICTION,src/tracking/advanced_tracker.py:flow_gapfill_render,
L,2,2442,PREDICTION,src/tracking/advanced_tracker.py:flow_gapfill_render,
R,PREDICTION,PREDICTION,1
A,2442
A,2445
A,2448
A,2451
A,2454
A,2457
A,2460
A,2463
A,2466
S,5,2469,DETECTION,src/tracking/advanced_tracker.py:_activate_slot,2469_915_1209_1035_1350
L,5,2469,DETECTION,src/tracking/advanced_tracker.py:_activate_slot,2469_915_1209_1035_1350
R,CLAMP,CLAMP,0
A,2469
S,5,2472,DETECTION,src/tracking/advanced_tracker.py:_activate_slot,2472_894_1237_1035_1386
L,5,2472,DETECTION,src/tracking/advanced_tracker.py:_activate_slot,2472_894_1237_1035_1386
R,CLAMP,CLAMP,0
A,2472
S,6,2475,DETECTION,src/tracking/advanced_tracker.py:_activate_slot,2475_853_1357_1021_1509
S,5,2475,PREDICTION,src/tracking/advanced_tracker.py:flow_gapfill_batched,
D,5,2475
S,6,2475,PREDICTION,src/tracking/advanced_tracker.py:id_merge,
L,6,2475,PREDICTION,src/tracking/advanced_tracker.py:id_merge,
R,CLAMP,CLAMP,0
A,2475
S,7,2478,DETECTION,src/tracking/advanced_tracker.py:_activate_slot,2478_635_652_799_789
S,5,2478,PREDICTION,src/tracking/advanced_tracker.py:flow_gapfill_batched,
S,6,2478,PREDICTION,src/tracking/advanced_tracker.py:flow_gapfill_batched,
D,5,2478
S,6,2478,PREDICTION,src/tracking/advanced_tracker.py:id_merge,
L,6,2478,PREDICTION,src/tracking/advanced_tracker.py:id_merge,
R,CLAMP,CLAMP,0
L,7,2478,DETECTION,src/tracking/advanced_tracker.py:_activate_slot,2478_635_652_799_789
R,CLAMP,CLAMP,0
A,2478
S,8,2481,DETECTION,src/tracking/advanced_tracker.py:_activate_slot,2481_433_834_575_972
S,9,2481,DETECTION,src/tracking/advanced_tracker.py:_activate_slot,2481_433_832_642_970
S,5,2481,PREDICTION,src/tracking/advanced_tracker.py:kalman_homography,
S,7,2481,PREDICTION,src/tracking/advanced_tracker.py:kalman_homography,
S,6,2481,PREDICTION,src/tracking/advanced_tracker.py:flow_gapfill_batched,
D,5,2481
S,6,2481,PREDICTION,src/tracking/advanced_tracker.py:id_merge,
D,8,2481
S,9,2481,PREDICTION,src/tracking/advanced_tracker.py:id_merge,
L,6,2481,PREDICTION,src/tracking/advanced_tracker.py:id_merge,
R,CLAMP,CLAMP,0
L,7,2481,PREDICTION,src/tracking/advanced_tracker.py:kalman_homography,
R,CLAMP,CLAMP,0
L,9,2481,PREDICTION,src/tracking/advanced_tracker.py:id_merge,
R,CLAMP,CLAMP,0
A,2481
S,5,2484,PREDICTION,src/tracking/advanced_tracker.py:kalman_homography,
S,7,2484,PREDICTION,src/tracking/advanced_tracker.py:kalman_homography,
S,8,2484,PREDICTION,src/tracking/advanced_tracker.py:kalman_homography,
S,9,2484,PREDICTION,src/tracking/advanced_tracker.py:kalman_homography,
D,8,2484
S,9,2484,PREDICTION,src/tracking/advanced_tracker.py:id_merge,
L,5,2484,PREDICTION,src/tracking/advanced_tracker.py:kalman_homography,
R,CLAMP,CLAMP,0
L,7,2484,PREDICTION,src/tracking/advanced_tracker.py:kalman_homography,
R,CLAMP,CLAMP,0
L,9,2484,PREDICTION,src/tracking/advanced_tracker.py:id_merge,
R,CLAMP,CLAMP,0
A,2484
S,5,2487,PREDICTION,src/tracking/advanced_tracker.py:kalman_homography,
S,7,2487,PREDICTION,src/tracking/advanced_tracker.py:kalman_homography,
S,8,2487,PREDICTION,src/tracking/advanced_tracker.py:kalman_homography,
S,9,2487,PREDICTION,src/tracking/advanced_tracker.py:kalman_homography,
D,8,2487
S,9,2487,PREDICTION,src/tracking/advanced_tracker.py:id_merge,
L,5,2487,PREDICTION,src/tracking/advanced_tracker.py:kalman_homography,
R,CLAMP,CLAMP,0
L,7,2487,PREDICTION,src/tracking/advanced_tracker.py:kalman_homography,
R,CLAMP,CLAMP,0
L,9,2487,PREDICTION,src/tracking/advanced_tracker.py:id_merge,
R,CLAMP,CLAMP,0
A,2487
S,5,2490,PREDICTION,src/tracking/advanced_tracker.py:kalman_homography,
S,7,2490,PREDICTION,src/tracking/advanced_tracker.py:kalman_homography,
S,8,2490,PREDICTION,src/tracking/advanced_tracker.py:kalman_homography,
S,9,2490,PREDICTION,src/tracking/advanced_tracker.py:kalman_homography,
D,8,2490
S,9,2490,PREDICTION,src/tracking/advanced_tracker.py:id_merge,
L,5,2490,PREDICTION,src/tracking/advanced_tracker.py:kalman_homography,
R,CLAMP,CLAMP,0
L,7,2490,PREDICTION,src/tracking/advanced_tracker.py:kalman_homography,
R,CLAMP,CLAMP,0
L,9,2490,PREDICTION,src/tracking/advanced_tracker.py:id_merge,
R,CLAMP,CLAMP,0
A,2490
S,5,2493,PREDICTION,src/tracking/advanced_tracker.py:kalman_homography,
S,7,2493,PREDICTION,src/tracking/advanced_tracker.py:kalman_homography,
S,8,2493,PREDICTION,src/tracking/advanced_tracker.py:kalman_homography,
S,9,2493,PREDICTION,src/tracking/advanced_tracker.py:kalman_homography,
D,8,2493
S,9,2493,PREDICTION,src/tracking/advanced_tracker.py:id_merge,
L,5,2493,PREDICTION,src/tracking/advanced_tracker.py:kalman_homography,
R,CLAMP,CLAMP,0
L,7,2493,PREDICTION,src/tracking/advanced_tracker.py:kalman_homography,
R,CLAMP,CLAMP,0
L,9,2493,PREDICTION,src/tracking/advanced_tracker.py:id_merge,
R,CLAMP,CLAMP,0
A,2493
S,7,2496,PREDICTION,src/tracking/advanced_tracker.py:kalman_homography,
S,8,2496,PREDICTION,src/tracking/advanced_tracker.py:kalman_homography,
S,9,2496,PREDICTION,src/tracking/advanced_tracker.py:kalman_homography,
S,5,2496,PREDICTION,src/tracking/advanced_tracker.py:flow_gapfill_batched,
D,8,2496
S,9,2496,PREDICTION,src/tracking/advanced_tracker.py:id_merge,
L,5,2496,PREDICTION,src/tracking/advanced_tracker.py:flow_gapfill_batched,
R,CLAMP,CLAMP,0
L,7,2496,PREDICTION,src/tracking/advanced_tracker.py:kalman_homography,
R,CLAMP,CLAMP,0
L,9,2496,PREDICTION,src/tracking/advanced_tracker.py:id_merge,
R,CLAMP,CLAMP,0
A,2496
S,7,2499,PREDICTION,src/tracking/advanced_tracker.py:kalman_homography,
S,8,2499,PREDICTION,src/tracking/advanced_tracker.py:kalman_homography,
S,9,2499,PREDICTION,src/tracking/advanced_tracker.py:kalman_homography,
D,8,2499
S,9,2499,PREDICTION,src/tracking/advanced_tracker.py:id_merge,
L,7,2499,PREDICTION,src/tracking/advanced_tracker.py:kalman_homography,
R,CLAMP,CLAMP,0
L,9,2499,PREDICTION,src/tracking/advanced_tracker.py:id_merge,
R,CLAMP,CLAMP,0
A,2499
S,0,2502,DETECTION,src/tracking/advanced_tracker.py:_activate_slot,2502_828_1575_1035_1785
S,8,2502,PREDICTION,src/tracking/advanced_tracker.py:kalman_homography,
S,9,2502,PREDICTION,src/tracking/advanced_tracker.py:kalman_homography,
S,7,2502,PREDICTION,src/tracking/advanced_tracker.py:flow_gapfill_batched,
D,8,2502
S,9,2502,PREDICTION,src/tracking/advanced_tracker.py:id_merge,
L,0,2502,DETECTION,src/tracking/advanced_tracker.py:_activate_slot,2502_828_1575_1035_1785
R,CLAMP,CLAMP,0
L,7,2502,PREDICTION,src/tracking/advanced_tracker.py:flow_gapfill_batched,
R,CLAMP,CLAMP,0
L,9,2502,PREDICTION,src/tracking/advanced_tracker.py:id_merge,
R,CLAMP,CLAMP,0
A,2502
S,0,2505,PREDICTION,src/tracking/advanced_tracker.py:flow_gapfill_batched,
S,8,2505,PREDICTION,src/tracking/advanced_tracker.py:flow_gapfill_batched,
S,9,2505,PREDICTION,src/tracking/advanced_tracker.py:flow_gapfill_batched,
L,0,2505,PREDICTION,src/tracking/advanced_tracker.py:flow_gapfill_batched,
R,CLAMP,CLAMP,0
L,8,2505,PREDICTION,src/tracking/advanced_tracker.py:flow_gapfill_batched,
R,CLAMP,CLAMP,0
L,9,2505,PREDICTION,src/tracking/advanced_tracker.py:flow_gapfill_batched,
R,CLAMP,CLAMP,0
A,2505
S,6,2508,DETECTION,src/tracking/advanced_tracker.py:_activate_slot,2508_813_1330_1029_1540
S,0,2508,PREDICTION,src/tracking/advanced_tracker.py:flow_gapfill_batched,
L,0,2508,PREDICTION,src/tracking/advanced_tracker.py:flow_gapfill_batched,
R,CLAMP,CLAMP,0
L,6,2508,DETECTION,src/tracking/advanced_tracker.py:_activate_slot,2508_813_1330_1029_1540
R,CLAMP,CLAMP,0
A,2508
S,0,2511,PREDICTION,src/tracking/advanced_tracker.py:flow_gapfill_batched,
L,0,2511,PREDICTION,src/tracking/advanced_tracker.py:flow_gapfill_batched,
R,CLAMP,CLAMP,0
A,2511
S,1,2514,DETECTION,src/tracking/advanced_tracker.py:_activate_slot,2514_654_1743_1035_1935
S,2,2514,DETECTION,src/tracking/advanced_tracker.py:_activate_slot,2514_828_1081_1032_1252
L,1,2514,DETECTION,src/tracking/advanced_tracker.py:_activate_slot,2514_654_1743_1035_1935
R,CLAMP,CLAMP,0
L,2,2514,DETECTION,src/tracking/advanced_tracker.py:_activate_slot,2514_828_1081_1032_1252
R,DETECTION,DETECTION,1
A,2514
S,3,2517,DETECTION,src/tracking/advanced_tracker.py:_activate_slot,2517_-15_459_1019_1024
S,1,2517,DETECTION,src/tracking/advanced_tracker.py:_activate_slot,2517_684_1779_993_1935
S,5,2517,DETECTION,src/tracking/advanced_tracker.py:_activate_slot,2517_672_1417_990_1615
S,0,2517,PREDICTION,src/tracking/advanced_tracker.py:flow_gapfill_batched,
S,6,2517,PREDICTION,src/tracking/advanced_tracker.py:flow_gapfill_batched,
D,6,2517
S,5,2517,PREDICTION,src/tracking/advanced_tracker.py:id_merge,
L,0,2517,PREDICTION,src/tracking/advanced_tracker.py:flow_gapfill_batched,
R,CLAMP,CLAMP,0
L,1,2517,DETECTION,src/tracking/advanced_tracker.py:_activate_slot,2517_684_1779_993_1935
R,CLAMP,CLAMP,0
L,3,2517,DETECTION,src/tracking/advanced_tracker.py:_activate_slot,2517_-15_459_1019_1024
R,DETECTION,DETECTION,1
L,5,2517,PREDICTION,src/tracking/advanced_tracker.py:id_merge,
R,CLAMP,CLAMP,0
A,2517
S,0,2520,DETECTION,src/tracking/advanced_tracker.py:_activate_slot,2520_724_1561_1011_1735
S,1,2520,PREDICTION,src/tracking/advanced_tracker.py:kalman_homography,
S,3,2520,PREDICTION,src/tracking/advanced_tracker.py:kalman_homography,
S,5,2520,PREDICTION,src/tracking/advanced_tracker.py:kalman_homography,
D,1,2520
S,0,2520,PREDICTION,src/tracking/advanced_tracker.py:id_merge,
L,0,2520,PREDICTION,src/tracking/advanced_tracker.py:id_merge,
R,CLAMP,CLAMP,0
L,3,2520,PREDICTION,src/tracking/advanced_tracker.py:kalman_homography,
R,PREDICTION,PREDICTION,1
L,5,2520,PREDICTION,src/tracking/advanced_tracker.py:kalman_homography,
R,CLAMP,CLAMP,0
A,2520
S,4,2523,DETECTION,src/tracking/advanced_tracker.py:_activate_slot,2523_694_1259_1029_1502
S,7,2523,DETECTION,src/tracking/advanced_tracker.py:_activate_slot,2523_115_305_1025_929
S,0,2523,PREDICTION,src/tracking/advanced_tracker.py:kalman_homography,
S,1,2523,PREDICTION,src/tracking/advanced_tracker.py:kalman_homography,
S,3,2523,PREDICTION,src/tracking/advanced_tracker.py:kalman_homography,
S,5,2523,PREDICTION,src/tracking/advanced_tracker.py:kalman_homography,
S,6,2523,PREDICTION,src/tracking/advanced_tracker.py:kalman_homography,
S,2,2523,PREDICTION,src/tracking/advanced_tracker.py:flow_gapfill_batched,
D,1,2523
S,0,2523,PREDICTION,src/tracking/advanced_tracker.py:id_merge,
D,2,2523
S,4,2523,PREDICTION,src/tracking/advanced_tracker.py:id_merge,
D,6,2523
S,5,2523,PREDICTION,src/tracking/advanced_tracker.py:id_merge,
L,0,2523,PREDICTION,src/tracking/advanced_tracker.py:id_merge,
R,CLAMP,CLAMP,0
L,3,2523,PREDICTION,src/tracking/advanced_tracker.py:kalman_homography,
R,PREDICTION,SUBPIXEL,0
L,4,2523,PREDICTION,src/tracking/advanced_tracker.py:id_merge,
R,PREDICTION,PREDICTION,1
L,5,2523,PREDICTION,src/tracking/advanced_tracker.py:id_merge,
R,CLAMP,CLAMP,0
L,7,2523,DETECTION,src/tracking/advanced_tracker.py:_activate_slot,2523_115_305_1025_929
R,CLAMP,CLAMP,0
A,2523
S,8,2526,DETECTION,src/tracking/advanced_tracker.py:_activate_slot,2526_558_1416_1032_1812
S,9,2526,DETECTION,src/tracking/advanced_tracker.py:_activate_slot,2526_480_1761_1030_1935
S,0,2526,PREDICTION,src/tracking/advanced_tracker.py:kalman_homography,
S,1,2526,PREDICTION,src/tracking/advanced_tracker.py:kalman_homography,
S,3,2526,PREDICTION,src/tracking/advanced_tracker.py:kalman_homography,
S,5,2526,PREDICTION,src/tracking/advanced_tracker.py:kalman_homography,
S,6,2526,PREDICTION,src/tracking/advanced_tracker.py:kalman_homography,
S,2,2526,PREDICTION,src/tracking/advanced_tracker.py:flow_gapfill_batched,
S,4,2526,PREDICTION,src/tracking/advanced_tracker.py:flow_gapfill_batched,
D,1,2526
S,0,2526,PREDICTION,src/tracking/advanced_tracker.py:id_merge,
D,6,2526
S,5,2526,PREDICTION,src/tracking/advanced_tracker.py:id_merge,
D,5,2526
S,8,2526,PREDICTION,src/tracking/advanced_tracker.py:id_merge,
D,8,2526
S,9,2526,PREDICTION,src/tracking/advanced_tracker.py:id_merge,
L,0,2526,PREDICTION,src/tracking/advanced_tracker.py:id_merge,
R,CLAMP,CLAMP,0
L,2,2526,PREDICTION,src/tracking/advanced_tracker.py:flow_gapfill_batched,
R,PREDICTION,PREDICTION,1
L,3,2526,PREDICTION,src/tracking/advanced_tracker.py:kalman_homography,
R,PREDICTION,SUBPIXEL,0
L,4,2526,PREDICTION,src/tracking/advanced_tracker.py:flow_gapfill_batched,
R,PREDICTION,PREDICTION,1
L,9,2526,PREDICTION,src/tracking/advanced_tracker.py:id_merge,
R,CLAMP,CLAMP,0
A,2526
S,0,2529,PREDICTION,src/tracking/advanced_tracker.py:kalman_homography,
S,1,2529,PREDICTION,src/tracking/advanced_tracker.py:kalman_homography,
S,3,2529,PREDICTION,src/tracking/advanced_tracker.py:kalman_homography,
S,5,2529,PREDICTION,src/tracking/advanced_tracker.py:kalman_homography,
S,6,2529,PREDICTION,src/tracking/advanced_tracker.py:kalman_homography,
D,1,2529
S,0,2529,PREDICTION,src/tracking/advanced_tracker.py:id_merge,
D,6,2529
S,5,2529,PREDICTION,src/tracking/advanced_tracker.py:id_merge,
L,0,2529,PREDICTION,src/tracking/advanced_tracker.py:id_merge,
R,CLAMP,CLAMP,0
L,3,2529,PREDICTION,src/tracking/advanced_tracker.py:kalman_homography,
R,PREDICTION,SUBPIXEL,0
L,5,2529,PREDICTION,src/tracking/advanced_tracker.py:id_merge,
R,CLAMP,CLAMP,0
A,2529
S,0,2532,PREDICTION,src/tracking/advanced_tracker.py:kalman_homography,
S,1,2532,PREDICTION,src/tracking/advanced_tracker.py:kalman_homography,
S,3,2532,PREDICTION,src/tracking/advanced_tracker.py:kalman_homography,
S,5,2532,PREDICTION,src/tracking/advanced_tracker.py:kalman_homography,
S,6,2532,PREDICTION,src/tracking/advanced_tracker.py:flow_gapfill_batched,
S,7,2532,PREDICTION,src/tracking/advanced_tracker.py:flow_gapfill_batched,
D,1,2532
S,0,2532,PREDICTION,src/tracking/advanced_tracker.py:id_merge,
D,6,2532
S,5,2532,PREDICTION,src/tracking/advanced_tracker.py:id_merge,
L,0,2532,PREDICTION,src/tracking/advanced_tracker.py:id_merge,
R,CLAMP,CLAMP,0
L,3,2532,PREDICTION,src/tracking/advanced_tracker.py:kalman_homography,
R,PREDICTION,SUBPIXEL,0
L,5,2532,PREDICTION,src/tracking/advanced_tracker.py:id_merge,
R,CLAMP,CLAMP,0
L,7,2532,PREDICTION,src/tracking/advanced_tracker.py:flow_gapfill_batched,
R,CLAMP,CLAMP,0
A,2532
S,7,2535,DETECTION,src/tracking/advanced_tracker.py:_activate_slot,2535_157_326_1032_937
S,8,2535,DETECTION,src/tracking/advanced_tracker.py:_activate_slot,2535_686_1557_1032_1791
S,0,2535,PREDICTION,src/tracking/advanced_tracker.py:kalman_homography,
S,1,2535,PREDICTION,src/tracking/advanced_tracker.py:kalman_homography,
S,3,2535,PREDICTION,src/tracking/advanced_tracker.py:kalman_homography,
S,5,2535,PREDICTION,src/tracking/advanced_tracker.py:kalman_homography,
S,2,2535,PREDICTION,src/tracking/advanced_tracker.py:flow_gapfill_batched,
S,4,2535,PREDICTION,src/tracking/advanced_tracker.py:flow_gapfill_batched,
D,1,2535
S,0,2535,PREDICTION,src/tracking/advanced_tracker.py:id_merge,
D,2,2535
S,4,2535,PREDICTION,src/tracking/advanced_tracker.py:id_merge,
D,5,2535
S,8,2535,PREDICTION,src/tracking/advanced_tracker.py:id_merge,
L,0,2535,PREDICTION,src/tracking/advanced_tracker.py:id_merge,
R,CLAMP,CLAMP,0
L,3,2535,PREDICTION,src/tracking/advanced_tracker.py:kalman_homography,
R,PREDICTION,SUBPIXEL,0
L,4,2535,PREDICTION,src/tracking/advanced_tracker.py:id_merge,
R,PREDICTION,PREDICTION,1
L,7,2535,DETECTION,src/tracking/advanced_tracker.py:_activate_slot,2535_157_326_1032_937
R,CLAMP,CLAMP,0
L,8,2535,PREDICTION,src/tracking/advanced_tracker.py:id_merge,
R,CLAMP,CLAMP,0
A,2535
S,6,2538,DETECTION,src/tracking/advanced_tracker.py:_activate_slot,2538_672_1267_1034_1498
S,0,2538,PREDICTION,src/tracking/advanced_tracker.py:kalman_homography,
S,1,2538,PREDICTION,src/tracking/advanced_tracker.py:kalman_homography,
S,3,2538,PREDICTION,src/tracking/advanced_tracker.py:kalman_homography,
S,5,2538,PREDICTION,src/tracking/advanced_tracker.py:kalman_homography,
S,2,2538,PREDICTION,src/tracking/advanced_tracker.py:flow_gapfill_batched,
D,5,2538
S,6,2538,PREDICTION,src/tracking/advanced_tracker.py:id_merge,
L,0,2538,PREDICTION,src/tracking/advanced_tracker.py:kalman_homography,
R,CLAMP,CLAMP,0
L,1,2538,PREDICTION,src/tracking/advanced_tracker.py:kalman_homography,
R,CLAMP,CLAMP,0
L,2,2538,PREDICTION,src/tracking/advanced_tracker.py:flow_gapfill_batched,
R,PREDICTION,PREDICTION,1
L,3,2538,PREDICTION,src/tracking/advanced_tracker.py:kalman_homography,
R,PREDICTION,SUBPIXEL,0
L,6,2538,PREDICTION,src/tracking/advanced_tracker.py:id_merge,
R,CLAMP,CLAMP,0
A,2538
S,0,2541,PREDICTION,src/tracking/advanced_tracker.py:kalman_homography,
S,6,2541,PREDICTION,src/tracking/advanced_tracker.py:kalman_homography,
S,3,2541,PREDICTION,src/tracking/advanced_tracker.py:flow_gapfill_batched,
S,4,2541,PREDICTION,src/tracking/advanced_tracker.py:flow_gapfill_batched,
S,5,2541,PREDICTION,src/tracking/advanced_tracker.py:flow_gapfill_batched,
L,0,2541,PREDICTION,src/tracking/advanced_tracker.py:kalman_homography,
R,CLAMP,CLAMP,0
L,3,2541,PREDICTION,src/tracking/advanced_tracker.py:flow_gapfill_batched,
R,PREDICTION,PREDICTION,1
L,4,2541,PREDICTION,src/tracking/advanced_tracker.py:flow_gapfill_batched,
R,PREDICTION,PREDICTION,1
L,5,2541,PREDICTION,src/tracking/advanced_tracker.py:flow_gapfill_batched,
R,CLAMP,CLAMP,0
L,6,2541,PREDICTION,src/tracking/advanced_tracker.py:kalman_homography,
R,CLAMP,CLAMP,0
A,2541
S,9,2544,DETECTION,src/tracking/advanced_tracker.py:_activate_slot,2544_621_1830_1027_1935
S,6,2544,PREDICTION,src/tracking/advanced_tracker.py:kalman_homography,
S,0,2544,PREDICTION,src/tracking/advanced_tracker.py:flow_gapfill_batched,
L,0,2544,PREDICTION,src/tracking/advanced_tracker.py:flow_gapfill_batched,
R,CLAMP,CLAMP,0
L,6,2544,PREDICTION,src/tracking/advanced_tracker.py:kalman_homography,
R,CLAMP,CLAMP,0
L,9,2544,DETECTION,src/tracking/advanced_tracker.py:_activate_slot,2544_621_1830_1027_1935
R,CLAMP,CLAMP,0
A,2544
S,6,2547,PREDICTION,src/tracking/advanced_tracker.py:kalman_homography,
S,7,2547,PREDICTION,src/tracking/advanced_tracker.py:flow_gapfill_batched,
S,8,2547,PREDICTION,src/tracking/advanced_tracker.py:flow_gapfill_batched,
S,9,2547,PREDICTION,src/tracking/advanced_tracker.py:flow_gapfill_batched,
D,8,2547
S,6,2547,PREDICTION,src/tracking/advanced_tracker.py:id_merge,
L,6,2547,PREDICTION,src/tracking/advanced_tracker.py:id_merge,
R,CLAMP,CLAMP,0
L,7,2547,PREDICTION,src/tracking/advanced_tracker.py:flow_gapfill_batched,
R,CLAMP,CLAMP,0
L,9,2547,PREDICTION,src/tracking/advanced_tracker.py:flow_gapfill_batched,
R,CLAMP,CLAMP,0
A,2547
S,8,2550,DETECTION,src/tracking/advanced_tracker.py:_activate_slot,2550_698_1641_1031_1869
S,6,2550,PREDICTION,src/tracking/advanced_tracker.py:kalman_homography,
S,7,2550,PREDICTION,src/tracking/advanced_tracker.py:flow_gapfill_batched,
S,9,2550,PREDICTION,src/tracking/advanced_tracker.py:flow_gapfill_batched,
D,9,2550
S,8,2550,PREDICTION,src/tracking/advanced_tracker.py:id_merge,
L,6,2550,PREDICTION,src/tracking/advanced_tracker.py:kalman_homography,
R,CLAMP,CLAMP,0
L,7,2550,PREDICTION,src/tracking/advanced_tracker.py:flow_gapfill_batched,
R,CLAMP,CLAMP,0
L,8,2550,PREDICTION,src/tracking/advanced_tracker.py:id_merge,
R,CLAMP,CLAMP,0
A,2550
S,6,2553,PREDICTION,src/tracking/advanced_tracker.py:kalman_homography,
S,7,2553,PREDICTION,src/tracking/advanced_tracker.py:flow_gapfill_batched,
S,8,2553,PREDICTION,src/tracking/advanced_tracker.py:flow_gapfill_batched,
L,6,2553,PREDICTION,src/tracking/advanced_tracker.py:kalman_homography,
R,CLAMP,CLAMP,0
L,7,2553,PREDICTION,src/tracking/advanced_tracker.py:flow_gapfill_batched,
R,CLAMP,CLAMP,0
L,8,2553,PREDICTION,src/tracking/advanced_tracker.py:flow_gapfill_batched,
R,CLAMP,CLAMP,0
A,2553
S,6,2556,PREDICTION,src/tracking/advanced_tracker.py:kalman_homography,
S,7,2556,PREDICTION,src/tracking/advanced_tracker.py:flow_gapfill_batched,
S,8,2556,PREDICTION,src/tracking/advanced_tracker.py:flow_gapfill_batched,
S,9,2556,PREDICTION,src/tracking/advanced_tracker.py:flow_gapfill_batched,
L,6,2556,PREDICTION,src/tracking/advanced_tracker.py:kalman_homography,
R,CLAMP,CLAMP,0
L,7,2556,PREDICTION,src/tracking/advanced_tracker.py:flow_gapfill_batched,
R,CLAMP,CLAMP,0
L,8,2556,PREDICTION,src/tracking/advanced_tracker.py:flow_gapfill_batched,
R,CLAMP,CLAMP,0
L,9,2556,PREDICTION,src/tracking/advanced_tracker.py:flow_gapfill_batched,
R,CLAMP,CLAMP,0
A,2556
S,6,2559,PREDICTION,src/tracking/advanced_tracker.py:kalman_homography,
S,7,2559,PREDICTION,src/tracking/advanced_tracker.py:flow_gapfill_batched,
S,9,2559,PREDICTION,src/tracking/advanced_tracker.py:flow_gapfill_batched,
L,6,2559,PREDICTION,src/tracking/advanced_tracker.py:kalman_homography,
R,CLAMP,CLAMP,0
L,7,2559,PREDICTION,src/tracking/advanced_tracker.py:flow_gapfill_batched,
R,CLAMP,CLAMP,0
L,9,2559,PREDICTION,src/tracking/advanced_tracker.py:flow_gapfill_batched,
R,CLAMP,CLAMP,0
A,2559
S,5,2562,DETECTION,src/tracking/advanced_tracker.py:_activate_slot,2562_551_1527_1031_1869
S,9,2562,PREDICTION,src/tracking/advanced_tracker.py:flow_gapfill_batched,
L,5,2562,DETECTION,src/tracking/advanced_tracker.py:_activate_slot,2562_551_1527_1031_1869
R,CLAMP,CLAMP,0
L,9,2562,PREDICTION,src/tracking/advanced_tracker.py:flow_gapfill_batched,
R,CLAMP,CLAMP,0
A,2562
S,1,2565,DETECTION,src/tracking/advanced_tracker.py:_activate_slot,2565_206_-15_1032_1219
S,5,2565,PREDICTION,src/tracking/advanced_tracker.py:flow_gapfill_batched,
S,9,2565,PREDICTION,src/tracking/advanced_tracker.py:flow_gapfill_batched,
L,1,2565,DETECTION,src/tracking/advanced_tracker.py:_activate_slot,2565_206_-15_1032_1219
R,CLAMP,CLAMP,0
L,5,2565,PREDICTION,src/tracking/advanced_tracker.py:flow_gapfill_batched,
R,CLAMP,CLAMP,0
L,9,2565,PREDICTION,src/tracking/advanced_tracker.py:flow_gapfill_batched,
R,CLAMP,CLAMP,0
A,2565
S,8,2568,PREDICTION,src/tracking/advanced_tracker.py:flow_gapfill_batched,
L,8,2568,PREDICTION,src/tracking/advanced_tracker.py:flow_gapfill_batched,
R,CLAMP,CLAMP,0
A,2568
S,5,2571,PREDICTION,src/tracking/advanced_tracker.py:flow_gapfill_batched,
S,8,2571,PREDICTION,src/tracking/advanced_tracker.py:flow_gapfill_batched,
D,8,2571
S,5,2571,PREDICTION,src/tracking/advanced_tracker.py:id_merge,
L,5,2571,PREDICTION,src/tracking/advanced_tracker.py:id_merge,
R,CLAMP,CLAMP,0
A,2571
S,5,2574,PREDICTION,src/tracking/advanced_tracker.py:flow_gapfill_batched,
L,5,2574,PREDICTION,src/tracking/advanced_tracker.py:flow_gapfill_batched,
R,CLAMP,CLAMP,0
A,2574
S,5,2577,PREDICTION,src/tracking/advanced_tracker.py:flow_gapfill_batched,
L,5,2577,PREDICTION,src/tracking/advanced_tracker.py:flow_gapfill_batched,
R,CLAMP,CLAMP,0
A,2577
A,2580
S,5,2583,PREDICTION,src/tracking/advanced_tracker.py:flow_gapfill_render,
L,5,2583,PREDICTION,src/tracking/advanced_tracker.py:flow_gapfill_render,
R,CLAMP,CLAMP,0
A,2583
A,2586
S,6,2589,DETECTION,src/tracking/advanced_tracker.py:_activate_slot,2589_284_1409_830_1692
L,6,2589,DETECTION,src/tracking/advanced_tracker.py:_activate_slot,2589_284_1409_830_1692
R,CLAMP,CLAMP,0
A,2589
S,0,2592,DETECTION,src/tracking/advanced_tracker.py:_activate_slot,2592_386_1425_831_1707
S,7,2592,DETECTION,src/tracking/advanced_tracker.py:_activate_slot,2592_348_1332_751_1509
S,9,2592,DETECTION,src/tracking/advanced_tracker.py:_activate_slot,2592_581_808_905_1069
S,6,2592,PREDICTION,src/tracking/advanced_tracker.py:kalman_homography,
D,6,2592
S,7,2592,PREDICTION,src/tracking/advanced_tracker.py:id_merge,
L,0,2592,DETECTION,src/tracking/advanced_tracker.py:_activate_slot,2592_386_1425_831_1707
R,CLAMP,CLAMP,0
L,7,2592,PREDICTION,src/tracking/advanced_tracker.py:id_merge,
R,CLAMP,CLAMP,0
L,9,2592,DETECTION,src/tracking/advanced_tracker.py:_activate_slot,2592_581_808_905_1069
R,CLAMP,CLAMP,0
A,2592
S,0,2595,DETECTION,src/tracking/advanced_tracker.py:_activate_slot,2595_377_1436_832_1725
S,2,2595,DETECTION,src/tracking/advanced_tracker.py:_activate_slot,2595_418_1230_696_1368
S,3,2595,DETECTION,src/tracking/advanced_tracker.py:_activate_slot,2595_150_802_898_1138
S,4,2595,DETECTION,src/tracking/advanced_tracker.py:_activate_slot,2595_145_802_894_1042
S,7,2595,DETECTION,src/tracking/advanced_tracker.py:_activate_slot,2595_346_1315_758_1519
S,9,2595,DETECTION,src/tracking/advanced_tracker.py:_activate_slot,2595_559_820_903_1059
S,8,2595,DETECTION,src/tracking/advanced_tracker.py:_activate_slot,2595_140_824_593_1001
S,6,2595,PREDICTION,src/tracking/advanced_tracker.py:kalman_homography,
D,3,2595
S,4,2595,PREDICTION,src/tracking/advanced_tracker.py:id_merge,
D,6,2595
S,7,2595,PREDICTION,src/tracking/advanced_tracker.py:id_merge,
L,0,2595,DETECTION,src/tracking/advanced_tracker.py:_activate_slot,2595_377_1436_832_1725
R,CLAMP,CLAMP,0
L,2,2595,DETECTION,src/tracking/advanced_tracker.py:_activate_slot,2595_418_1230_696_1368
R,DETECTION,DETECTION,1
L,4,2595,PREDICTION,src/tracking/advanced_tracker.py:id_merge,
R,PREDICTION,PREDICTION,1
L,7,2595,PREDICTION,src/tracking/advanced_tracker.py:id_merge,
R,CLAMP,CLAMP,0
L,8,2595,DETECTION,src/tracking/advanced_tracker.py:_activate_slot,2595_140_824_593_1001
R,CLAMP,CLAMP,0
L,9,2595,DETECTION,src/tracking/advanced_tracker.py:_activate_slot,2595_559_820_903_1059
R,CLAMP,CLAMP,0
A,2595
S,0,2598,DETECTION,src/tracking/advanced_tracker.py:_activate_slot,2598_362_1444_834_1735
S,3,2598,DETECTION,src/tracking/advanced_tracker.py:_activate_slot,2598_168_797_905_1151
S,7,2598,DETECTION,src/tracking/advanced_tracker.py:_activate_slot,2598_346_1329_765_1523
S,8,2598,DETECTION,src/tracking/advanced_tracker.py:_activate_slot,2598_134_803_507_1001
S,2,2598,PREDICTION,src/tracking/advanced_tracker.py:kalman_homography,
S,4,2598,PREDICTION,src/tracking/advanced_tracker.py:kalman_homography,
S,6,2598,PREDICTION,src/tracking/advanced_tracker.py:kalman_homography,
S,9,2598,PREDICTION,src/tracking/advanced_tracker.py:kalman_homography,
D,4,2598
S,3,2598,PREDICTION,src/tracking/advanced_tracker.py:id_merge,
D,6,2598
S,7,2598,PREDICTION,src/tracking/advanced_tracker.py:id_merge,
L,0,2598,DETECTION,src/tracking/advanced_tracker.py:_activate_slot,2598_362_1444_834_1735
R,CLAMP,CLAMP,0
L,2,2598,PREDICTION,src/tracking/advanced_tracker.py:kalman_homography,
R,PREDICTION,PREDICTION,1
L,3,2598,PREDICTION,src/tracking/advanced_tracker.py:id_merge,
R,PREDICTION,PREDICTION,1
L,7,2598,PREDICTION,src/tracking/advanced_tracker.py:id_merge,
R,CLAMP,CLAMP,0
L,8,2598,DETECTION,src/tracking/advanced_tracker.py:_activate_slot,2598_134_803_507_1001
R,CLAMP,CLAMP,0
L,9,2598,PREDICTION,src/tracking/advanced_tracker.py:kalman_homography,
R,CLAMP,CLAMP,0
A,2598
S,0,2601,DETECTION,src/tracking/advanced_tracker.py:_activate_slot,2601_363_1453_834_1747
S,7,2601,DETECTION,src/tracking/advanced_tracker.py:_activate_slot,2601_350_1330_765_1519
S,2,2601,PREDICTION,src/tracking/advanced_tracker.py:kalman_homography,
S,3,2601,PREDICTION,src/tracking/advanced_tracker.py:kalman_homography,
S,4,2601,PREDICTION,src/tracking/advanced_tracker.py:kalman_homography,
S,6,2601,PREDICTION,src/tracking/advanced_tracker.py:kalman_homography,
S,8,2601,PREDICTION,src/tracking/advanced_tracker.py:kalman_homography,
S,9,2601,PREDICTION,src/tracking/advanced_tracker.py:kalman_homography,
D,4,2601
S,3,2601,PREDICTION,src/tracking/advanced_tracker.py:id_merge,
D,6,2601
S,7,2601,PREDICTION,src/tracking/advanced_tracker.py:id_merge,
L,0,2601,DETECTION,src/tracking/advanced_tracker.py:_activate_slot,2601_363_1453_834_1747
R,CLAMP,CLAMP,0
L,2,2601,PREDICTION,src/tracking/advanced_tracker.py:kalman_homography,
R,PREDICTION,SUBPIXEL,0
L,3,2601,PREDICTION,src/tracking/advanced_tracker.py:id_merge,
R,PREDICTION,PREDICTION,1
L,7,2601,PREDICTION,src/tracking/advanced_tracker.py:id_merge,
R,CLAMP,CLAMP,0
L,8,2601,PREDICTION,src/tracking/advanced_tracker.py:kalman_homography,
R,CLAMP,CLAMP,0
L,9,2601,PREDICTION,src/tracking/advanced_tracker.py:kalman_homography,
R,CLAMP,CLAMP,0
A,2601
S,0,2604,DETECTION,src/tracking/advanced_tracker.py:_activate_slot,2604_355_1467_838_1755
S,7,2604,DETECTION,src/tracking/advanced_tracker.py:_activate_slot,2604_348_1341_764_1523
S,2,2604,PREDICTION,src/tracking/advanced_tracker.py:kalman_homography,
S,3,2604,PREDICTION,src/tracking/advanced_tracker.py:kalman_homography,
S,4,2604,PREDICTION,src/tracking/advanced_tracker.py:kalman_homography,
S,6,2604,PREDICTION,src/tracking/advanced_tracker.py:kalman_homography,
S,8,2604,PREDICTION,src/tracking/advanced_tracker.py:kalman_homography,
S,9,2604,PREDICTION,src/tracking/advanced_tracker.py:kalman_homography,
D,4,2604
S,3,2604,PREDICTION,src/tracking/advanced_tracker.py:id_merge,
D,6,2604
S,7,2604,PREDICTION,src/tracking/advanced_tracker.py:id_merge,
L,0,2604,DETECTION,src/tracking/advanced_tracker.py:_activate_slot,2604_355_1467_838_1755
R,CLAMP,CLAMP,0
L,2,2604,PREDICTION,src/tracking/advanced_tracker.py:kalman_homography,
R,PREDICTION,SUBPIXEL,0
L,3,2604,PREDICTION,src/tracking/advanced_tracker.py:id_merge,
R,PREDICTION,PREDICTION,1
L,7,2604,PREDICTION,src/tracking/advanced_tracker.py:id_merge,
R,CLAMP,CLAMP,0
L,8,2604,PREDICTION,src/tracking/advanced_tracker.py:kalman_homography,
R,CLAMP,CLAMP,0
L,9,2604,PREDICTION,src/tracking/advanced_tracker.py:kalman_homography,
R,CLAMP,CLAMP,0
A,2604
S,0,2607,DETECTION,src/tracking/advanced_tracker.py:_activate_slot,2607_357_1469_842_1764
S,7,2607,DETECTION,src/tracking/advanced_tracker.py:_activate_slot,2607_351_1342_766_1534
S,5,2607,DETECTION,src/tracking/advanced_tracker.py:_activate_slot,2607_158_699_903_1125
S,2,2607,PREDICTION,src/tracking/advanced_tracker.py:kalman_homography,
S,3,2607,PREDICTION,src/tracking/advanced_tracker.py:kalman_homography,
S,4,2607,PREDICTION,src/tracking/advanced_tracker.py:kalman_homography,
S,6,2607,PREDICTION,src/tracking/advanced_tracker.py:kalman_homography,
S,8,2607,PREDICTION,src/tracking/advanced_tracker.py:kalman_homography,
S,9,2607,PREDICTION,src/tracking/advanced_tracker.py:kalman_homography,
D,4,2607
S,3,2607,PREDICTION,src/tracking/advanced_tracker.py:id_merge,
D,9,2607
S,5,2607,PREDICTION,src/tracking/advanced_tracker.py:id_merge,
D,6,2607
S,7,2607,PREDICTION,src/tracking/advanced_tracker.py:id_merge,
L,0,2607,DETECTION,src/tracking/advanced_tracker.py:_activate_slot,2607_357_1469_842_1764
R,CLAMP,CLAMP,0
L,2,2607,PREDICTION,src/tracking/advanced_tracker.py:kalman_homography,
R,PREDICTION,SUBPIXEL,0
L,3,2607,PREDICTION,src/tracking/advanced_tracker.py:id_merge,
R,PREDICTION,PREDICTION,1
L,5,2607,PREDICTION,src/tracking/advanced_tracker.py:id_merge,
R,CLAMP,CLAMP,0
L,7,2607,PREDICTION,src/tracking/advanced_tracker.py:id_merge,
R,CLAMP,CLAMP,0
L,8,2607,PREDICTION,src/tracking/advanced_tracker.py:kalman_homography,
R,CLAMP,CLAMP,0
A,2607
S,0,2610,DETECTION,src/tracking/advanced_tracker.py:_activate_slot,2610_371_1474_845_1771
S,5,2610,DETECTION,src/tracking/advanced_tracker.py:_activate_slot,2610_144_622_906_1105
S,7,2610,DETECTION,src/tracking/advanced_tracker.py:_activate_slot,2610_350_1368_771_1545
S,2,2610,PREDICTION,src/tracking/advanced_tracker.py:kalman_homography,
S,3,2610,PREDICTION,src/tracking/advanced_tracker.py:kalman_homography,
S,4,2610,PREDICTION,src/tracking/advanced_tracker.py:kalman_homography,
S,6,2610,PREDICTION,src/tracking/advanced_tracker.py:kalman_homography,
S,8,2610,PREDICTION,src/tracking/advanced_tracker.py:kalman_homography,
S,9,2610,PREDICTION,src/tracking/advanced_tracker.py:kalman_homography,
D,4,2610
S,3,2610,PREDICTION,src/tracking/advanced_tracker.py:id_merge,
D,9,2610
S,5,2610,PREDICTION,src/tracking/advanced_tracker.py:id_merge,
D,6,2610
S,7,2610,PREDICTION,src/tracking/advanced_tracker.py:id_merge,
L,0,2610,DETECTION,src/tracking/advanced_tracker.py:_activate_slot,2610_371_1474_845_1771
R,CLAMP,CLAMP,0
L,2,2610,PREDICTION,src/tracking/advanced_tracker.py:kalman_homography,
R,PREDICTION,SUBPIXEL,0
L,3,2610,PREDICTION,src/tracking/advanced_tracker.py:id_merge,
R,PREDICTION,PREDICTION,1
L,5,2610,PREDICTION,src/tracking/advanced_tracker.py:id_merge,
R,CLAMP,CLAMP,0
L,7,2610,PREDICTION,src/tracking/advanced_tracker.py:id_merge,
R,CLAMP,CLAMP,0
L,8,2610,PREDICTION,src/tracking/advanced_tracker.py:kalman_homography,
R,CLAMP,CLAMP,0
A,2610
S,1,2613,DETECTION,src/tracking/advanced_tracker.py:_activate_slot,2613_409_1032_778_1199
S,5,2613,DETECTION,src/tracking/advanced_tracker.py:_activate_slot,2613_143_573_904_1080
S,6,2613,DETECTION,src/tracking/advanced_tracker.py:_activate_slot,2613_363_1480_846_1777
S,7,2613,DETECTION,src/tracking/advanced_tracker.py:_activate_slot,2613_351_1362_771_1548
S,0,2613,PREDICTION,src/tracking/advanced_tracker.py:kalman_homography,
S,2,2613,PREDICTION,src/tracking/advanced_tracker.py:kalman_homography,
S,3,2613,PREDICTION,src/tracking/advanced_tracker.py:kalman_homography,
S,4,2613,PREDICTION,src/tracking/advanced_tracker.py:kalman_homography,
S,8,2613,PREDICTION,src/tracking/advanced_tracker.py:kalman_homography,
S,9,2613,PREDICTION,src/tracking/advanced_tracker.py:kalman_homography,
D,4,2613
S,3,2613,PREDICTION,src/tracking/advanced_tracker.py:id_merge,
D,9,2613
S,5,2613,PREDICTION,src/tracking/advanced_tracker.py:id_merge,
D,6,2613
S,7,2613,PREDICTION,src/tracking/advanced_tracker.py:id_merge,
L,0,2613,PREDICTION,src/tracking/advanced_tracker.py:kalman_homography,
R,CLAMP,CLAMP,0
L,1,2613,DETECTION,src/tracking/advanced_tracker.py:_activate_slot,2613_409_1032_778_1199
R,CLAMP,CLAMP,0
L,2,2613,PREDICTION,src/tracking/advanced_tracker.py:kalman_homography,
R,PREDICTION,SUBPIXEL,0
L,3,2613,PREDICTION,src/tracking/advanced_tracker.py:id_merge,
R,PREDICTION,PREDICTION,1
L,5,2613,PREDICTION,src/tracking/advanced_tracker.py:id_merge,
R,CLAMP,CLAMP,0
L,7,2613,PREDICTION,src/tracking/advanced_tracker.py:id_merge,
R,CLAMP,CLAMP,0
L,8,2613,PREDICTION,src/tracking/advanced_tracker.py:kalman_homography,
R,CLAMP,CLAMP,0
A,2613
S,0,2616,DETECTION,src/tracking/advanced_tracker.py:_activate_slot,2616_370_1484_847_1779
S,1,2616,DETECTION,src/tracking/advanced_tracker.py:_activate_slot,2616_391_1005_783_1197
S,5,2616,DETECTION,src/tracking/advanced_tracker.py:_activate_slot,2616_142_589_913_1054
S,6,2616,DETECTION,src/tracking/advanced_tracker.py:_activate_slot,2616_353_1380_771_1548
S,2,2616,PREDICTION,src/tracking/advanced_tracker.py:kalman_homography,
S,3,2616,PREDICTION,src/tracking/advanced_tracker.py:kalman_homography,
S,4,2616,PREDICTION,src/tracking/advanced_tracker.py:kalman_homography,
S,7,2616,PREDICTION,src/tracking/advanced_tracker.py:kalman_homography,
S,8,2616,PREDICTION,src/tracking/advanced_tracker.py:kalman_homography,
S,9,2616,PREDICTION,src/tracking/advanced_tracker.py:kalman_homography,
D,4,2616
S,3,2616,PREDICTION,src/tracking/advanced_tracker.py:id_merge,
D,9,2616
S,5,2616,PREDICTION,src/tracking/advanced_tracker.py:id_merge,
D,7,2616
S,6,2616,PREDICTION,src/tracking/advanced_tracker.py:id_merge,
L,0,2616,DETECTION,src/tracking/advanced_tracker.py:_activate_slot,2616_370_1484_847_1779
R,CLAMP,CLAMP,0
L,1,2616,DETECTION,src/tracking/advanced_tracker.py:_activate_slot,2616_391_1005_783_1197
R,CLAMP,CLAMP,0
L,2,2616,PREDICTION,src/tracking/advanced_tracker.py:kalman_homography,
R,PREDICTION,SUBPIXEL,0
L,3,2616,PREDICTION,src/tracking/advanced_tracker.py:id_merge,
R,PREDICTION,PREDICTION,1
L,5,2616,PREDICTION,src/tracking/advanced_tracker.py:id_merge,
R,CLAMP,CLAMP,0
L,6,2616,PREDICTION,src/tracking/advanced_tracker.py:id_merge,
R,CLAMP,CLAMP,0
L,8,2616,PREDICTION,src/tracking/advanced_tracker.py:kalman_homography,
R,CLAMP,CLAMP,0
A,2616
S,0,2619,DETECTION,src/tracking/advanced_tracker.py:_activate_slot,2619_374_1484_851_1779
S,5,2619,DETECTION,src/tracking/advanced_tracker.py:_activate_slot,2619_149_600_915_1037
S,6,2619,DETECTION,src/tracking/advanced_tracker.py:_activate_slot,2619_381_994_785_1201
S,7,2619,DETECTION,src/tracking/advanced_tracker.py:_activate_slot,2619_356_1389_771_1548
S,1,2619,PREDICTION,src/tracking/advanced_tracker.py:kalman_homography,
S,3,2619,PREDICTION,src/tracking/advanced_tracker.py:kalman_homography,
S,2,2619,PREDICTION,src/tracking/advanced_tracker.py:flow_gapfill_batched,
S,4,2619,PREDICTION,src/tracking/advanced_tracker.py:flow_gapfill_batched,
S,9,2619,PREDICTION,src/tracking/advanced_tracker.py:flow_gapfill_batched,
D,4,2619
S,3,2619,PREDICTION,src/tracking/advanced_tracker.py:id_merge,
D,9,2619
S,5,2619,PREDICTION,src/tracking/advanced_tracker.py:id_merge,
L,0,2619,DETECTION,src/tracking/advanced_tracker.py:_activate_slot,2619_374_1484_851_1779
R,CLAMP,CLAMP,0
L,1,2619,PREDICTION,src/tracking/advanced_tracker.py:kalman_homography,
R,CLAMP,CLAMP,0
L,2,2619,PREDICTION,src/tracking/advanced_tracker.py:flow_gapfill_batched,
R,PREDICTION,PREDICTION,1
L,3,2619,PREDICTION,src/tracking/advanced_tracker.py:id_merge,
R,PREDICTION,PREDICTION,1
L,5,2619,PREDICTION,src/tracking/advanced_tracker.py:id_merge,
R,CLAMP,CLAMP,0
L,6,2619,DETECTION,src/tracking/advanced_tracker.py:_activate_slot,2619_381_994_785_1201
R,CLAMP,CLAMP,0
L,7,2619,DETECTION,src/tracking/advanced_tracker.py:_activate_slot,2619_356_1389_771_1548
R,CLAMP,CLAMP,0
A,2619
