S,0,1974,DETECTION,src/tracking/advanced_tracker.py:_activate_slot,1974_-13_238_351_853
L,0,1974,DETECTION,src/tracking/advanced_tracker.py:_activate_slot,1974_-13_238_351_853
R,DETECTION,DETECTION,1
A,1974
S,0,1977,DETECTION,src/tracking/advanced_tracker.py:_activate_slot,1977_-12_238_350_858
L,0,1977,DETECTION,src/tracking/advanced_tracker.py:_activate_slot,1977_-12_238_350_858
R,DETECTION,DETECTION,1
A,1977
S,0,1980,DETECTION,src/tracking/advanced_tracker.py:_activate_slot,1980_-12_239_350_870
L,0,1980,DETECTION,src/tracking/advanced_tracker.py:_activate_slot,1980_-12_239_350_870
R,DETECTION,DETECTION,1
A,1980
S,0,1983,DETECTION,src/tracking/advanced_tracker.py:_activate_slot,1983_-14_239_351_877
L,0,1983,DETECTION,src/tracking/advanced_tracker.py:_activate_slot,1983_-14_239_351_877
R,DETECTION,DETECTION,1
A,1983
S,0,1986,DETECTION,src/tracking/advanced_tracker.py:_activate_slot,1986_-14_237_352_876
L,0,1986,DETECTION,src/tracking/advanced_tracker.py:_activate_slot,1986_-14_237_352_876
R,DETECTION,DETECTION,1
A,1986
S,0,1989,DETECTION,src/tracking/advanced_tracker.py:_activate_slot,1989_-15_237_352_826
L,0,1989,DETECTION,src/tracking/advanced_tracker.py:_activate_slot,1989_-15_237_352_826
R,CLAMP,CLAMP,0
A,1989
S,0,1992,DETECTION,src/tracking/advanced_tracker.py:_activate_slot,1992_-15_237_353_849
L,0,1992,DETECTION,src/tracking/advanced_tracker.py:_activate_slot,1992_-15_237_353_849
R,DETECTION,DETECTION,1
A,1992
S,0,1995,DETECTION,src/tracking/advanced_tracker.py:_activate_slot,1995_-13_237_352_770
L,0,1995,DETECTION,src/tracking/advanced_tracker.py:_activate_slot,1995_-13_237_352_770
R,CLAMP,CLAMP,0
A,1995
S,0,1998,DETECTION,src/tracking/advanced_tracker.py:_activate_slot,1998_-13_237_352_778
L,0,1998,DETECTION,src/tracking/advanced_tracker.py:_activate_slot,1998_-13_237_352_778
R,CLAMP,CLAMP,0
A,1998
S,0,2001,DETECTION,src/tracking/advanced_tracker.py:_activate_slot,2001_-13_237_352_756
L,0,2001,DETECTION,src/tracking/advanced_tracker.py:_activate_slot,2001_-13_237_352_756
R,CLAMP,CLAMP,0
A,2001
S,0,2004,DETECTION,src/tracking/advanced_tracker.py:_activate_slot,2004_-13_238_351_748
L,0,2004,DETECTION,src/tracking/advanced_tracker.py:_activate_slot,2004_-13_238_351_748
R,CLAMP,CLAMP,0
A,2004
S,0,2007,DETECTION,src/tracking/advanced_tracker.py:_activate_slot,2007_-13_237_351_744
L,0,2007,DETECTION,src/tracking/advanced_tracker.py:_activate_slot,2007_-13_237_351_744
R,CLAMP,CLAMP,0
A,2007
S,0,2010,DETECTION,src/tracking/advanced_tracker.py:_activate_slot,2010_-13_237_349_739
L,0,2010,DETECTION,src/tracking/advanced_tracker.py:_activate_slot,2010_-13_237_349_739
R,CLAMP,CLAMP,0
A,2010
S,0,2013,DETECTION,src/tracking/advanced_tracker.py:_activate_slot,2013_-13_236_351_740
L,0,2013,DETECTION,src/tracking/advanced_tracker.py:_activate_slot,2013_-13_236_351_740
R,CLAMP,CLAMP,0
A,2013
S,0,2016,DETECTION,src/tracking/advanced_tracker.py:_activate_slot,2016_-14_235_351_751
L,0,2016,DETECTION,src/tracking/advanced_tracker.py:_activate_slot,2016_-14_235_351_751
R,CLAMP,CLAMP,0
A,2016
S,0,2019,DETECTION,src/tracking/advanced_tracker.py:_activate_slot,2019_-14_234_350_759
L,0,2019,DETECTION,src/tracking/advanced_tracker.py:_activate_slot,2019_-14_234_350_759
R,CLAMP,CLAMP,0
A,2019
S,0,2022,DETECTION,src/tracking/advanced_tracker.py:_activate_slot,2022_-14_234_350_756
L,0,2022,DETECTION,src/tracking/advanced_tracker.py:_activate_slot,2022_-14_234_350_756
R,CLAMP,CLAMP,0
A,2022
S,0,2025,DETECTION,src/tracking/advanced_tracker.py:_activate_slot,2025_-13_234_351_751
L,0,2025,DETECTION,src/tracking/advanced_tracker.py:_activate_slot,2025_-13_234_351_751
R,CLAMP,CLAMP,0
A,2025
S,0,2028,DETECTION,src/tracking/advanced_tracker.py:_activate_slot,2028_-13_235_351_753
L,0,2028,DETECTION,src/tracking/advanced_tracker.py:_activate_slot,2028_-13_235_351_753
R,CLAMP,CLAMP,0
A,2028
S,0,2031,DETECTION,src/tracking/advanced_tracker.py:_activate_slot,2031_-15_234_353_764
L,0,2031,DETECTION,src/tracking/advanced_tracker.py:_activate_slot,2031_-15_234_353_764
R,CLAMP,CLAMP,0
A,2031
S,0,2034,DETECTION,src/tracking/advanced_tracker.py:_activate_slot,2034_-15_235_352_802
L,0,2034,DETECTION,src/tracking/advanced_tracker.py:_activate_slot,2034_-15_235_352_802
R,DETECTION,DETECTION,1
A,2034
S,5,2037,DETECTION,src/tracking/advanced_tracker.py:_activate_slot,2037_-14_235_353_795
S,0,2037,PREDICTION,src/tracking/advanced_tracker.py:kalman_homography,
L,0,2037,PREDICTION,src/tracking/advanced_tracker.py:kalman_homography,
R,PREDICTION,PREDICTION,1
L,5,2037,DETECTION,src/tracking/advanced_tracker.py:_activate_slot,2037_-14_235_353_795
R,DETECTION,DETECTION,1
A,2037
S,0,2040,DETECTION,src/tracking/advanced_tracker.py:_activate_slot,2040_-14_235_352_780
S,5,2040,PREDICTION,src/tracking/advanced_tracker.py:kalman_homography,
L,0,2040,DETECTION,src/tracking/advanced_tracker.py:_activate_slot,2040_-14_235_352_780
R,DETECTION,DETECTION,1
L,5,2040,PREDICTION,src/tracking/advanced_tracker.py:kalman_homography,
R,PREDICTION,PREDICTION,1
A,2040
S,5,2043,DETECTION,src/tracking/advanced_tracker.py:_activate_slot,2043_-14_235_353_786
S,0,2043,PREDICTION,src/tracking/advanced_tracker.py:kalman_homography,
L,0,2043,PREDICTION,src/tracking/advanced_tracker.py:kalman_homography,
R,PREDICTION,PREDICTION,1
L,5,2043,DETECTION,src/tracking/advanced_tracker.py:_activate_slot,2043_-14_235_353_786
R,DETECTION,DETECTION,1
A,2043
S,5,2046,DETECTION,src/tracking/advanced_tracker.py:_activate_slot,2046_-13_235_353_784
S,0,2046,PREDICTION,src/tracking/advanced_tracker.py:kalman_homography,
L,0,2046,PREDICTION,src/tracking/advanced_tracker.py:kalman_homography,
R,PREDICTION,PREDICTION,1
L,5,2046,DETECTION,src/tracking/advanced_tracker.py:_activate_slot,2046_-13_235_353_784
R,DETECTION,DETECTION,1
A,2046
S,5,2049,DETECTION,src/tracking/advanced_tracker.py:_activate_slot,2049_-14_236_354_780
S,0,2049,PREDICTION,src/tracking/advanced_tracker.py:kalman_homography,
L,0,2049,PREDICTION,src/tracking/advanced_tracker.py:kalman_homography,
R,PREDICTION,PREDICTION,1
L,5,2049,DETECTION,src/tracking/advanced_tracker.py:_activate_slot,2049_-14_236_354_780
R,DETECTION,DETECTION,1
A,2049
S,5,2052,DETECTION,src/tracking/advanced_tracker.py:_activate_slot,2052_-15_236_354_780
S,0,2052,PREDICTION,src/tracking/advanced_tracker.py:kalman_homography,
L,0,2052,PREDICTION,src/tracking/advanced_tracker.py:kalman_homography,
R,PREDICTION,SUBPIXEL,0
L,5,2052,DETECTION,src/tracking/advanced_tracker.py:_activate_slot,2052_-15_236_354_780
R,DETECTION,SUBPIXEL,0
A,2052
S,5,2055,DETECTION,src/tracking/advanced_tracker.py:_activate_slot,2055_-14_236_354_781
S,0,2055,PREDICTION,src/tracking/advanced_tracker.py:kalman_homography,
L,0,2055,PREDICTION,src/tracking/advanced_tracker.py:kalman_homography,
R,PREDICTION,PREDICTION,1
L,5,2055,DETECTION,src/tracking/advanced_tracker.py:_activate_slot,2055_-14_236_354_781
R,DETECTION,SUBPIXEL,0
A,2055
S,5,2058,DETECTION,src/tracking/advanced_tracker.py:_activate_slot,2058_-13_236_353_786
S,0,2058,PREDICTION,src/tracking/advanced_tracker.py:kalman_homography,
L,0,2058,PREDICTION,src/tracking/advanced_tracker.py:kalman_homography,
R,PREDICTION,PREDICTION,1
L,5,2058,DETECTION,src/tracking/advanced_tracker.py:_activate_slot,2058_-13_236_353_786
R,DETECTION,DETECTION,1
A,2058
S,5,2061,DETECTION,src/tracking/advanced_tracker.py:_activate_slot,2061_-13_236_354_789
S,0,2061,PREDICTION,src/tracking/advanced_tracker.py:kalman_homography,
L,0,2061,PREDICTION,src/tracking/advanced_tracker.py:kalman_homography,
R,PREDICTION,PREDICTION,1
L,5,2061,DETECTION,src/tracking/advanced_tracker.py:_activate_slot,2061_-13_236_354_789
R,DETECTION,DETECTION,1
A,2061
S,5,2064,DETECTION,src/tracking/advanced_tracker.py:_activate_slot,2064_-13_236_354_784
S,0,2064,PREDICTION,src/tracking/advanced_tracker.py:flow_gapfill_batched,
L,0,2064,PREDICTION,src/tracking/advanced_tracker.py:flow_gapfill_batched,
R,PREDICTION,PREDICTION,1
L,5,2064,DETECTION,src/tracking/advanced_tracker.py:_activate_slot,2064_-13_236_354_784
R,DETECTION,DETECTION,1
A,2064
S,5,2067,DETECTION,src/tracking/advanced_tracker.py:_activate_slot,2067_-14_236_354_805
L,5,2067,DETECTION,src/tracking/advanced_tracker.py:_activate_slot,2067_-14_236_354_805
R,DETECTION,DETECTION,1
A,2067
S,5,2070,DETECTION,src/tracking/advanced_tracker.py:_activate_slot,2070_-14_237_353_793
L,5,2070,DETECTION,src/tracking/advanced_tracker.py:_activate_slot,2070_-14_237_353_793
R,DETECTION,DETECTION,1
A,2070
S,5,2073,DETECTION,src/tracking/advanced_tracker.py:_activate_slot,2073_-12_239_354_774
L,5,2073,DETECTION,src/tracking/advanced_tracker.py:_activate_slot,2073_-12_239_354_774
R,DETECTION,DETECTION,1
A,2073
S,5,2076,DETECTION,src/tracking/advanced_tracker.py:_activate_slot,2076_-13_238_354_794
L,5,2076,DETECTION,src/tracking/advanced_tracker.py:_activate_slot,2076_-13_238_354_794
R,DETECTION,DETECTION,1
A,2076
S,5,2079,DETECTION,src/tracking/advanced_tracker.py:_activate_slot,2079_-13_239_355_759
L,5,2079,DETECTION,src/tracking/advanced_tracker.py:_activate_slot,2079_-13_239_355_759
R,DETECTION,DETECTION,1
A,2079
S,5,2082,DETECTION,src/tracking/advanced_tracker.py:_activate_slot,2082_-12_239_355_770
L,5,2082,DETECTION,src/tracking/advanced_tracker.py:_activate_slot,2082_-12_239_355_770
R,DETECTION,DETECTION,1
A,2082
S,5,2085,DETECTION,src/tracking/advanced_tracker.py:_activate_slot,2085_-12_238_354_780
L,5,2085,DETECTION,src/tracking/advanced_tracker.py:_activate_slot,2085_-12_238_354_780
R,DETECTION,DETECTION,1
A,2085
S,0,2088,DETECTION,src/tracking/advanced_tracker.py:_activate_slot,2088_-11_239_354_757
S,5,2088,PREDICTION,src/tracking/advanced_tracker.py:kalman_homography,
L,0,2088,DETECTION,src/tracking/advanced_tracker.py:_activate_slot,2088_-11_239_354_757
R,DETECTION,DETECTION,1
L,5,2088,PREDICTION,src/tracking/advanced_tracker.py:kalman_homography,
R,PREDICTION,PREDICTION,1
A,2088
S,5,2091,DETECTION,src/tracking/advanced_tracker.py:_activate_slot,2091_-10_238_354_745
S,0,2091,PREDICTION,src/tracking/advanced_tracker.py:kalman_homography,
L,0,2091,PREDICTION,src/tracking/advanced_tracker.py:kalman_homography,
R,PREDICTION,PREDICTION,1
L,5,2091,DETECTION,src/tracking/advanced_tracker.py:_activate_slot,2091_-10_238_354_745
R,DETECTION,DETECTION,1
A,2091
S,0,2094,DETECTION,src/tracking/advanced_tracker.py:_activate_slot,2094_-9_237_353_735
S,5,2094,PREDICTION,src/tracking/advanced_tracker.py:kalman_homography,
L,0,2094,DETECTION,src/tracking/advanced_tracker.py:_activate_slot,2094_-9_237_353_735
R,DETECTION,DETECTION,1
L,5,2094,PREDICTION,src/tracking/advanced_tracker.py:kalman_homography,
R,PREDICTION,PREDICTION,1
A,2094
S,5,2097,DETECTION,src/tracking/advanced_tracker.py:_activate_slot,2097_-11_237_351_738
S,0,2097,PREDICTION,src/tracking/advanced_tracker.py:kalman_homography,
L,0,2097,PREDICTION,src/tracking/advanced_tracker.py:kalman_homography,
R,PREDICTION,PREDICTION,1
L,5,2097,DETECTION,src/tracking/advanced_tracker.py:_activate_slot,2097_-11_237_351_738
R,DETECTION,DETECTION,1
A,2097
S,5,2100,DETECTION,src/tracking/advanced_tracker.py:_activate_slot,2100_-11_237_353_739
S,0,2100,PREDICTION,src/tracking/advanced_tracker.py:kalman_homography,
L,0,2100,PREDICTION,src/tracking/advanced_tracker.py:kalman_homography,
R,PREDICTION,PREDICTION,1
L,5,2100,DETECTION,src/tracking/advanced_tracker.py:_activate_slot,2100_-11_237_353_739
R,DETECTION,DETECTION,1
A,2100
S,5,2103,DETECTION,src/tracking/advanced_tracker.py:_activate_slot,2103_-11_236_352_735
S,0,2103,PREDICTION,src/tracking/advanced_tracker.py:kalman_homography,
L,0,2103,PREDICTION,src/tracking/advanced_tracker.py:kalman_homography,
R,PREDICTION,PREDICTION,1
L,5,2103,DETECTION,src/tracking/advanced_tracker.py:_activate_slot,2103_-11_236_352_735
R,DETECTION,DETECTION,1
A,2103
S,0,2106,DETECTION,src/tracking/advanced_tracker.py:_activate_slot,2106_-11_237_354_739
S,5,2106,PREDICTION,src/tracking/advanced_tracker.py:kalman_homography,
L,0,2106,DETECTION,src/tracking/advanced_tracker.py:_activate_slot,2106_-11_237_354_739
R,DETECTION,DETECTION,1
L,5,2106,PREDICTION,src/tracking/advanced_tracker.py:kalman_homography,
R,PREDICTION,PREDICTION,1
A,2106
S,5,2109,DETECTION,src/tracking/advanced_tracker.py:_activate_slot,2109_-11_237_352_738
S,0,2109,PREDICTION,src/tracking/advanced_tracker.py:kalman_homography,
L,0,2109,PREDICTION,src/tracking/advanced_tracker.py:kalman_homography,
R,PREDICTION,PREDICTION,1
L,5,2109,DETECTION,src/tracking/advanced_tracker.py:_activate_slot,2109_-11_237_352_738
R,DETECTION,DETECTION,1
A,2109
S,0,2112,DETECTION,src/tracking/advanced_tracker.py:_activate_slot,2112_-12_237_352_732
S,5,2112,PREDICTION,src/tracking/advanced_tracker.py:kalman_homography,
L,0,2112,DETECTION,src/tracking/advanced_tracker.py:_activate_slot,2112_-12_237_352_732
R,DETECTION,DETECTION,1
L,5,2112,PREDICTION,src/tracking/advanced_tracker.py:kalman_homography,
R,PREDICTION,PREDICTION,1
A,2112
S,5,2115,DETECTION,src/tracking/advanced_tracker.py:_activate_slot,2115_-11_238_352_742
S,0,2115,PREDICTION,src/tracking/advanced_tracker.py:kalman_homography,
L,0,2115,PREDICTION,src/tracking/advanced_tracker.py:kalman_homography,
R,PREDICTION,PREDICTION,1
L,5,2115,DETECTION,src/tracking/advanced_tracker.py:_activate_slot,2115_-11_238_352_742
R,DETECTION,DETECTION,1
A,2115
S,0,2118,DETECTION,src/tracking/advanced_tracker.py:_activate_slot,2118_-11_237_351_741
S,5,2118,PREDICTION,src/tracking/advanced_tracker.py:kalman_homography,
L,0,2118,DETECTION,src/tracking/advanced_tracker.py:_activate_slot,2118_-11_237_351_741
R,DETECTION,DETECTION,1
L,5,2118,PREDICTION,src/tracking/advanced_tracker.py:kalman_homography,
R,PREDICTION,PREDICTION,1
A,2118
S,0,2121,DETECTION,src/tracking/advanced_tracker.py:_activate_slot,2121_-10_236_352_736
S,5,2121,PREDICTION,src/tracking/advanced_tracker.py:kalman_homography,
L,0,2121,DETECTION,src/tracking/advanced_tracker.py:_activate_slot,2121_-10_236_352_736
R,DETECTION,DETECTION,1
L,5,2121,PREDICTION,src/tracking/advanced_tracker.py:kalman_homography,
R,PREDICTION,PREDICTION,1
A,2121
S,0,2124,DETECTION,src/tracking/advanced_tracker.py:_activate_slot,2124_-9_236_352_736
S,5,2124,PREDICTION,src/tracking/advanced_tracker.py:kalman_homography,
L,0,2124,DETECTION,src/tracking/advanced_tracker.py:_activate_slot,2124_-9_236_352_736
R,DETECTION,SUBPIXEL,0
L,5,2124,PREDICTION,src/tracking/advanced_tracker.py:kalman_homography,
R,PREDICTION,PREDICTION,1
A,2124
S,5,2127,CLAMP,src/tracking/advanced_tracker.py:_activate_slot,2127_-11_238_355_874
S,0,2127,PREDICTION,src/tracking/advanced_tracker.py:kalman_homography,
L,0,2127,PREDICTION,src/tracking/advanced_tracker.py:kalman_homography,
R,PREDICTION,PREDICTION,1
L,5,2127,CLAMP,src/tracking/advanced_tracker.py:_activate_slot,2127_-11_238_355_874
R,CLAMP,CLAMP,0
A,2127
S,0,2130,DETECTION,src/tracking/advanced_tracker.py:_activate_slot,2130_-9_236_352_736
S,5,2130,PREDICTION,src/tracking/advanced_tracker.py:kalman_homography,
L,0,2130,DETECTION,src/tracking/advanced_tracker.py:_activate_slot,2130_-9_236_352_736
R,DETECTION,DETECTION,1
L,5,2130,PREDICTION,src/tracking/advanced_tracker.py:kalman_homography,
R,CLAMP,CLAMP,0
A,2130
S,5,2133,CLAMP,src/tracking/advanced_tracker.py:_activate_slot,2133_-7_237_352_730
S,0,2133,PREDICTION,src/tracking/advanced_tracker.py:kalman_homography,
L,0,2133,PREDICTION,src/tracking/advanced_tracker.py:kalman_homography,
R,PREDICTION,PREDICTION,1
L,5,2133,CLAMP,src/tracking/advanced_tracker.py:_activate_slot,2133_-7_237_352_730
R,CLAMP,CLAMP,0
A,2133
S,5,2136,CLAMP,src/tracking/advanced_tracker.py:_activate_slot,2136_-9_236_351_729
S,0,2136,PREDICTION,src/tracking/advanced_tracker.py:kalman_homography,
L,0,2136,PREDICTION,src/tracking/advanced_tracker.py:kalman_homography,
R,PREDICTION,SUBPIXEL,0
L,5,2136,CLAMP,src/tracking/advanced_tracker.py:_activate_slot,2136_-9_236_351_729
R,CLAMP,CLAMP,0
A,2136
S,5,2139,CLAMP,src/tracking/advanced_tracker.py:_activate_slot,2139_-9_236_351_728
S,0,2139,PREDICTION,src/tracking/advanced_tracker.py:kalman_homography,
L,0,2139,PREDICTION,src/tracking/advanced_tracker.py:kalman_homography,
R,PREDICTION,SUBPIXEL,0
L,5,2139,CLAMP,src/tracking/advanced_tracker.py:_activate_slot,2139_-9_236_351_728
R,CLAMP,CLAMP,0
A,2139
S,5,2142,CLAMP,src/tracking/advanced_tracker.py:_activate_slot,2142_-10_236_351_729
S,0,2142,PREDICTION,src/tracking/advanced_tracker.py:kalman_homography,
L,0,2142,PREDICTION,src/tracking/advanced_tracker.py:kalman_homography,
R,PREDICTION,SUBPIXEL,0
L,5,2142,CLAMP,src/tracking/advanced_tracker.py:_activate_slot,2142_-10_236_351_729
R,CLAMP,CLAMP,0
A,2142
S,5,2145,CLAMP,src/tracking/advanced_tracker.py:_activate_slot,2145_-8_236_351_724
S,0,2145,PREDICTION,src/tracking/advanced_tracker.py:kalman_homography,
L,0,2145,PREDICTION,src/tracking/advanced_tracker.py:kalman_homography,
R,PREDICTION,PREDICTION,1
L,5,2145,CLAMP,src/tracking/advanced_tracker.py:_activate_slot,2145_-8_236_351_724
R,CLAMP,CLAMP,0
A,2145
S,5,2148,CLAMP,src/tracking/advanced_tracker.py:_activate_slot,2148_-9_237_352_727
S,0,2148,PREDICTION,src/tracking/advanced_tracker.py:kalman_homography,
L,0,2148,PREDICTION,src/tracking/advanced_tracker.py:kalman_homography,
R,PREDICTION,PREDICTION,1
L,5,2148,CLAMP,src/tracking/advanced_tracker.py:_activate_slot,2148_-9_237_352_727
R,CLAMP,CLAMP,0
A,2148
S,0,2151,DETECTION,src/tracking/advanced_tracker.py:_activate_slot,2151_-9_238_353_733
S,5,2151,PREDICTION,src/tracking/advanced_tracker.py:kalman_homography,
L,0,2151,DETECTION,src/tracking/advanced_tracker.py:_activate_slot,2151_-9_238_353_733
R,DETECTION,DETECTION,1
L,5,2151,PREDICTION,src/tracking/advanced_tracker.py:kalman_homography,
R,PREDICTION,PREDICTION,1
A,2151
S,0,2154,DETECTION,src/tracking/advanced_tracker.py:_activate_slot,2154_-11_238_351_733
S,5,2154,PREDICTION,src/tracking/advanced_tracker.py:kalman_homography,
L,0,2154,DETECTION,src/tracking/advanced_tracker.py:_activate_slot,2154_-11_238_351_733
R,DETECTION,DETECTION,1
L,5,2154,PREDICTION,src/tracking/advanced_tracker.py:kalman_homography,
R,PREDICTION,SUBPIXEL,0
A,2154
S,0,2157,DETECTION,src/tracking/advanced_tracker.py:_activate_slot,2157_-11_238_352_726
S,1,2157,DETECTION,src/tracking/advanced_tracker.py:_activate_slot,2157_819_573_914_647
S,5,2157,PREDICTION,src/tracking/advanced_tracker.py:kalman_homography,
L,0,2157,DETECTION,src/tracking/advanced_tracker.py:_activate_slot,2157_-11_238_352_726
R,DETECTION,DETECTION,1
L,1,2157,DETECTION,src/tracking/advanced_tracker.py:_activate_slot,2157_819_573_914_647
R,DETECTION,DETECTION,1
L,5,2157,PREDICTION,src/tracking/advanced_tracker.py:kalman_homography,
R,PREDICTION,PREDICTION,1
A,2157
S,0,2160,DETECTION,src/tracking/advanced_tracker.py:_activate_slot,2160_-11_237_353_737
S,1,2160,PREDICTION,src/tracking/advanced_tracker.py:kalman_homography,
S,5,2160,PREDICTION,src/tracking/advanced_tracker.py:kalman_homography,
L,0,2160,DETECTION,src/tracking/advanced_tracker.py:_activate_slot,2160_-11_237_353_737
R,DETECTION,DETECTION,1
L,1,2160,PREDICTION,src/tracking/advanced_tracker.py:kalman_homography,
R,PREDICTION,PREDICTION,1
L,5,2160,PREDICTION,src/tracking/advanced_tracker.py:kalman_homography,
R,PREDICTION,SUBPIXEL,0
A,2160
S,0,2163,DETECTION,src/tracking/advanced_tracker.py:_activate_slot,2163_-12_236_353_728
S,5,2163,CLAMP,src/tracking/advanced_tracker.py:_activate_slot,2163_833_602_915_681
S,1,2163,PREDICTION,src/tracking/advanced_tracker.py:kalman_homography,
L,0,2163,DETECTION,src/tracking/advanced_tracker.py:_activate_slot,2163_-12_236_353_728
R,DETECTION,DETECTION,1
L,1,2163,PREDICTION,src/tracking/advanced_tracker.py:kalman_homography,
R,PREDICTION,SUBPIXEL,0
L,5,2163,CLAMP,src/tracking/advanced_tracker.py:_activate_slot,2163_833_602_915_681
R,CLAMP,CLAMP,0
A,2163
S,0,2166,DETECTION,src/tracking/advanced_tracker.py:_activate_slot,2166_-12_236_353_728
S,6,2166,DETECTION,src/tracking/advanced_tracker.py:_activate_slot,2166_835_577_916_658
S,1,2166,PREDICTION,src/tracking/advanced_tracker.py:kalman_homography,
S,5,2166,PREDICTION,src/tracking/advanced_tracker.py:flow_gapfill_batched,
D,5,2166
S,6,2166,PREDICTION,src/tracking/advanced_tracker.py:id_merge,
L,0,2166,DETECTION,src/tracking/advanced_tracker.py:_activate_slot,2166_-12_236_353_728
R,DETECTION,SUBPIXEL,0
L,1,2166,PREDICTION,src/tracking/advanced_tracker.py:kalman_homography,
R,PREDICTION,SUBPIXEL,0
L,6,2166,PREDICTION,src/tracking/advanced_tracker.py:id_merge,
R,PREDICTION,PREDICTION,1
A,2166
S,1,2169,DETECTION,src/tracking/advanced_tracker.py:_activate_slot,2169_833_608_914_683
S,5,2169,DETECTION,src/tracking/advanced_tracker.py:_activate_slot,2169_-13_237_352_731
S,6,2169,DETECTION,src/tracking/advanced_tracker.py:_activate_slot,2169_840_558_918_635
S,0,2169,PREDICTION,src/tracking/advanced_tracker.py:kalman_homography,
L,0,2169,PREDICTION,src/tracking/advanced_tracker.py:kalman_homography,
R,PREDICTION,PREDICTION,1
L,1,2169,DETECTION,src/tracking/advanced_tracker.py:_activate_slot,2169_833_608_914_683
R,CLAMP,CLAMP,0
L,5,2169,DETECTION,src/tracking/advanced_tracker.py:_activate_slot,2169_-13_237_352_731
R,DETECTION,DETECTION,1
L,6,2169,DETECTION,src/tracking/advanced_tracker.py:_activate_slot,2169_840_558_918_635
R,DETECTION,DETECTION,1
A,2169
S,1,2172,DETECTION,src/tracking/advanced_tracker.py:_activate_slot,2172_836_582_914_660
S,5,2172,DETECTION,src/tracking/advanced_tracker.py:_activate_slot,2172_-13_236_354_726
S,0,2172,PREDICTION,src/tracking/advanced_tracker.py:kalman_homography,
S,6,2172,PREDICTION,src/tracking/advanced_tracker.py:kalman_homography,
L,0,2172,PREDICTION,src/tracking/advanced_tracker.py:kalman_homography,
R,PREDICTION,PREDICTION,1
L,1,2172,DETECTION,src/tracking/advanced_tracker.py:_activate_slot,2172_836_582_914_660
R,DETECTION,DETECTION,1
L,5,2172,DETECTION,src/tracking/advanced_tracker.py:_activate_slot,2172_-13_236_354_726
R,DETECTION,DETECTION,1
L,6,2172,PREDICTION,src/tracking/advanced_tracker.py:kalman_homography,
R,PREDICTION,PREDICTION,1
A,2172
S,5,2175,DETECTION,src/tracking/advanced_tracker.py:_activate_slot,2175_-13_235_354_730
S,0,2175,PREDICTION,src/tracking/advanced_tracker.py:kalman_homography,
S,1,2175,PREDICTION,src/tracking/advanced_tracker.py:kalman_homography,
S,6,2175,PREDICTION,src/tracking/advanced_tracker.py:kalman_homography,
L,0,2175,PREDICTION,src/tracking/advanced_tracker.py:kalman_homography,
R,PREDICTION,PREDICTION,1
L,1,2175,PREDICTION,src/tracking/advanced_tracker.py:kalman_homography,
R,PREDICTION,PREDICTION,1
L,5,2175,DETECTION,src/tracking/advanced_tracker.py:_activate_slot,2175_-13_235_354_730
R,DETECTION,DETECTION,1
L,6,2175,PREDICTION,src/tracking/advanced_tracker.py:kalman_homography,
R,PREDICTION,PREDICTION,1
A,2175
S,5,2178,DETECTION,src/tracking/advanced_tracker.py:_activate_slot,2178_-12_235_354_732
S,0,2178,PREDICTION,src/tracking/advanced_tracker.py:kalman_homography,
S,1,2178,PREDICTION,src/tracking/advanced_tracker.py:kalman_homography,
S,6,2178,PREDICTION,src/tracking/advanced_tracker.py:kalman_homography,
L,0,2178,PREDICTION,src/tracking/advanced_tracker.py:kalman_homography,
R,PREDICTION,PREDICTION,1
L,1,2178,PREDICTION,src/tracking/advanced_tracker.py:kalman_homography,
R,PREDICTION,PREDICTION,1
L,5,2178,DETECTION,src/tracking/advanced_tracker.py:_activate_slot,2178_-12_235_354_732
R,DETECTION,DETECTION,1
L,6,2178,PREDICTION,src/tracking/advanced_tracker.py:kalman_homography,
R,PREDICTION,PREDICTION,1
A,2178
S,5,2181,DETECTION,src/tracking/advanced_tracker.py:_activate_slot,2181_-12_235_356_735
S,0,2181,PREDICTION,src/tracking/advanced_tracker.py:kalman_homography,
S,1,2181,PREDICTION,src/tracking/advanced_tracker.py:kalman_homography,
S,6,2181,PREDICTION,src/tracking/advanced_tracker.py:kalman_homography,
L,0,2181,PREDICTION,src/tracking/advanced_tracker.py:kalman_homography,
R,PREDICTION,PREDICTION,1
L,1,2181,PREDICTION,src/tracking/advanced_tracker.py:kalman_homography,
R,PREDICTION,PREDICTION,1
L,5,2181,DETECTION,src/tracking/advanced_tracker.py:_activate_slot,2181_-12_235_356_735
R,DETECTION,DETECTION,1
L,6,2181,PREDICTION,src/tracking/advanced_tracker.py:kalman_homography,
R,PREDICTION,PREDICTION,1
A,2181
S,5,2184,DETECTION,src/tracking/advanced_tracker.py:_activate_slot,2184_-13_235_356_732
S,0,2184,PREDICTION,src/tracking/advanced_tracker.py:kalman_homography,
S,1,2184,PREDICTION,src/tracking/advanced_tracker.py:kalman_homography,
S,6,2184,PREDICTION,src/tracking/advanced_tracker.py:kalman_homography,
L,0,2184,PREDICTION,src/tracking/advanced_tracker.py:kalman_homography,
R,PREDICTION,PREDICTION,1
L,1,2184,PREDICTION,src/tracking/advanced_tracker.py:kalman_homography,
R,PREDICTION,PREDICTION,1
L,5,2184,DETECTION,src/tracking/advanced_tracker.py:_activate_slot,2184_-13_235_356_732
R,DETECTION,DETECTION,1
L,6,2184,PREDICTION,src/tracking/advanced_tracker.py:kalman_homography,
R,PREDICTION,PREDICTION,1
A,2184
S,5,2187,DETECTION,src/tracking/advanced_tracker.py:_activate_slot,2187_-13_235_356_729
S,0,2187,PREDICTION,src/tracking/advanced_tracker.py:kalman_homography,
S,1,2187,PREDICTION,src/tracking/advanced_tracker.py:kalman_homography,
S,6,2187,PREDICTION,src/tracking/advanced_tracker.py:kalman_homography,
L,0,2187,PREDICTION,src/tracking/advanced_tracker.py:kalman_homography,
R,PREDICTION,PREDICTION,1
L,1,2187,PREDICTION,src/tracking/advanced_tracker.py:kalman_homography,
R,PREDICTION,PREDICTION,1
L,5,2187,DETECTION,src/tracking/advanced_tracker.py:_activate_slot,2187_-13_235_356_729
R,DETECTION,DETECTION,1
L,6,2187,PREDICTION,src/tracking/advanced_tracker.py:kalman_homography,
R,PREDICTION,PREDICTION,1
A,2187
S,0,2190,DETECTION,src/tracking/advanced_tracker.py:_activate_slot,2190_-11_235_353_720
S,1,2190,PREDICTION,src/tracking/advanced_tracker.py:kalman_homography,
S,5,2190,PREDICTION,src/tracking/advanced_tracker.py:kalman_homography,
S,6,2190,PREDICTION,src/tracking/advanced_tracker.py:kalman_homography,
L,0,2190,DETECTION,src/tracking/advanced_tracker.py:_activate_slot,2190_-11_235_353_720
R,DETECTION,DETECTION,1
L,1,2190,PREDICTION,src/tracking/advanced_tracker.py:kalman_homography,
R,PREDICTION,PREDICTION,1
L,5,2190,PREDICTION,src/tracking/advanced_tracker.py:kalman_homography,
R,PREDICTION,PREDICTION,1
L,6,2190,PREDICTION,src/tracking/advanced_tracker.py:kalman_homography,
R,PREDICTION,PREDICTION,1
A,2190
S,5,2193,DETECTION,src/tracking/advanced_tracker.py:_activate_slot,2193_-13_236_352_723
S,0,2193,PREDICTION,src/tracking/advanced_tracker.py:kalman_homography,
S,1,2193,PREDICTION,src/tracking/advanced_tracker.py:kalman_homography,
L,0,2193,PREDICTION,src/tracking/advanced_tracker.py:kalman_homography,
R,PREDICTION,PREDICTION,1
L,1,2193,PREDICTION,src/tracking/advanced_tracker.py:kalman_homography,
R,PREDICTION,PREDICTION,1
L,5,2193,DETECTION,src/tracking/advanced_tracker.py:_activate_slot,2193_-13_236_352_723
R,DETECTION,DETECTION,1
A,2193
S,0,2196,DETECTION,src/tracking/advanced_tracker.py:_activate_slot,2196_-12_236_352_726
S,5,2196,PREDICTION,src/tracking/advanced_tracker.py:kalman_homography,
L,0,2196,DETECTION,src/tracking/advanced_tracker.py:_activate_slot,2196_-12_236_352_726
R,DETECTION,DETECTION,1
L,5,2196,PREDICTION,src/tracking/advanced_tracker.py:kalman_homography,
R,PREDICTION,PREDICTION,1
A,2196
S,5,2199,DETECTION,src/tracking/advanced_tracker.py:_activate_slot,2199_-12_235_352_724
S,0,2199,PREDICTION,src/tracking/advanced_tracker.py:kalman_homography,
L,0,2199,PREDICTION,src/tracking/advanced_tracker.py:kalman_homography,
R,PREDICTION,PREDICTION,1
L,5,2199,DETECTION,src/tracking/advanced_tracker.py:_activate_slot,2199_-12_235_352_724
R,DETECTION,DETECTION,1
A,2199
S,0,2202,DETECTION,src/tracking/advanced_tracker.py:_activate_slot,2202_-12_236_353_728
S,5,2202,PREDICTION,src/tracking/advanced_tracker.py:kalman_homography,
L,0,2202,DETECTION,src/tracking/advanced_tracker.py:_activate_slot,2202_-12_236_353_728
R,DETECTION,DETECTION,1
L,5,2202,PREDICTION,src/tracking/advanced_tracker.py:kalman_homography,
R,PREDICTION,PREDICTION,1
A,2202
S,0,2205,DETECTION,src/tracking/advanced_tracker.py:_activate_slot,2205_-12_235_352_721
S,5,2205,PREDICTION,src/tracking/advanced_tracker.py:kalman_homography,
L,0,2205,DETECTION,src/tracking/advanced_tracker.py:_activate_slot,2205_-12_235_352_721
R,DETECTION,DETECTION,1
L,5,2205,PREDICTION,src/tracking/advanced_tracker.py:kalman_homography,
R,PREDICTION,PREDICTION,1
A,2205
S,5,2208,DETECTION,src/tracking/advanced_tracker.py:_activate_slot,2208_-12_234_354_732
S,0,2208,PREDICTION,src/tracking/advanced_tracker.py:kalman_homography,
L,0,2208,PREDICTION,src/tracking/advanced_tracker.py:kalman_homography,
R,PREDICTION,PREDICTION,1
L,5,2208,DETECTION,src/tracking/advanced_tracker.py:_activate_slot,2208_-12_234_354_732
R,DETECTION,DETECTION,1
A,2208
S,0,2211,DETECTION,src/tracking/advanced_tracker.py:_activate_slot,2211_-12_235_353_729
S,5,2211,PREDICTION,src/tracking/advanced_tracker.py:kalman_homography,
L,0,2211,DETECTION,src/tracking/advanced_tracker.py:_activate_slot,2211_-12_235_353_729
R,DETECTION,DETECTION,1
L,5,2211,PREDICTION,src/tracking/advanced_tracker.py:kalman_homography,
R,PREDICTION,PREDICTION,1
A,2211
S,5,2214,DETECTION,src/tracking/advanced_tracker.py:_activate_slot,2214_-13_236_353_744
S,0,2214,PREDICTION,src/tracking/advanced_tracker.py:kalman_homography,
L,0,2214,PREDICTION,src/tracking/advanced_tracker.py:kalman_homography,
R,PREDICTION,PREDICTION,1
L,5,2214,DETECTION,src/tracking/advanced_tracker.py:_activate_slot,2214_-13_236_353_744
R,DETECTION,DETECTION,1
A,2214
S,0,2217,DETECTION,src/tracking/advanced_tracker.py:_activate_slot,2217_-12_237_353_741
S,5,2217,PREDICTION,src/tracking/advanced_tracker.py:kalman_homography,
L,0,2217,DETECTION,src/tracking/advanced_tracker.py:_activate_slot,2217_-12_237_353_741
R,DETECTION,DETECTION,1
L,5,2217,PREDICTION,src/tracking/advanced_tracker.py:kalman_homography,
R,PREDICTION,PREDICTION,1
A,2217
S,0,2220,DETECTION,src/tracking/advanced_tracker.py:_activate_slot,2220_-12_236_352_746
S,5,2220,PREDICTION,src/tracking/advanced_tracker.py:kalman_homography,
L,0,2220,DETECTION,src/tracking/advanced_tracker.py:_activate_slot,2220_-12_236_352_746
R,DETECTION,DETECTION,1
L,5,2220,PREDICTION,src/tracking/advanced_tracker.py:kalman_homography,
R,PREDICTION,PREDICTION,1
A,2220
S,0,2223,DETECTION,src/tracking/advanced_tracker.py:_activate_slot,2223_-12_236_352_738
S,5,2223,PREDICTION,src/tracking/advanced_tracker.py:kalman_homography,
L,0,2223,DETECTION,src/tracking/advanced_tracker.py:_activate_slot,2223_-12_236_352_738
R,DETECTION,DETECTION,1
L,5,2223,PREDICTION,src/tracking/advanced_tracker.py:kalman_homography,
R,PREDICTION,PREDICTION,1
A,2223
S,5,2226,DETECTION,src/tracking/advanced_tracker.py:_activate_slot,2226_-11_236_352_738
S,0,2226,PREDICTION,src/tracking/advanced_tracker.py:kalman_homography,
L,0,2226,PREDICTION,src/tracking/advanced_tracker.py:kalman_homography,
R,PREDICTION,PREDICTION,1
L,5,2226,DETECTION,src/tracking/advanced_tracker.py:_activate_slot,2226_-11_236_352_738
R,DETECTION,DETECTION,1
A,2226
S,0,2229,DETECTION,src/tracking/advanced_tracker.py:_activate_slot,2229_-13_236_351_732
S,5,2229,PREDICTION,src/tracking/advanced_tracker.py:kalman_homography,
L,0,2229,DETECTION,src/tracking/advanced_tracker.py:_activate_slot,2229_-13_236_351_732
R,DETECTION,DETECTION,1
L,5,2229,PREDICTION,src/tracking/advanced_tracker.py:kalman_homography,
R,PREDICTION,PREDICTION,1
A,2229
S,0,2232,DETECTION,src/tracking/advanced_tracker.py:_activate_slot,2232_-13_236_352_739
S,5,2232,CLAMP,src/tracking/advanced_tracker.py:_activate_slot,2232_458_565_624_651
L,0,2232,DETECTION,src/tracking/advanced_tracker.py:_activate_slot,2232_-13_236_352_739
R,DETECTION,DETECTION,1
L,5,2232,CLAMP,src/tracking/advanced_tracker.py:_activate_slot,2232_458_565_624_651
R,CLAMP,CLAMP,0
A,2232
S,5,2235,CLAMP,src/tracking/advanced_tracker.py:_activate_slot,2235_461_561_613_631
S,6,2235,DETECTION,src/tracking/advanced_tracker.py:_activate_slot,2235_-14_237_353_744
S,0,2235,PREDICTION,src/tracking/advanced_tracker.py:kalman_homography,
D,5,2235
S,6,2235,PREDICTION,src/tracking/advanced_tracker.py:id_merge,
L,0,2235,PREDICTION,src/tracking/advanced_tracker.py:kalman_homography,
R,PREDICTION,PREDICTION,1
L,6,2235,PREDICTION,src/tracking/advanced_tracker.py:id_merge,
R,CLAMP,CLAMP,0
A,2235
S,6,2238,DETECTION,src/tracking/advanced_tracker.py:_activate_slot,2238_-14_236_352_749
S,0,2238,PREDICTION,src/tracking/advanced_tracker.py:kalman_homography,
S,5,2238,PREDICTION,src/tracking/advanced_tracker.py:kalman_homography,
L,0,2238,PREDICTION,src/tracking/advanced_tracker.py:kalman_homography,
R,PREDICTION,SUBPIXEL,0
L,5,2238,PREDICTION,src/tracking/advanced_tracker.py:kalman_homography,
R,CLAMP,CLAMP,0
L,6,2238,DETECTION,src/tracking/advanced_tracker.py:_activate_slot,2238_-14_236_352_749
R,CLAMP,CLAMP,0
A,2238
S,6,2241,DETECTION,src/tracking/advanced_tracker.py:_activate_slot,2241_-14_236_353_748
S,1,2241,DETECTION,src/tracking/advanced_tracker.py:_activate_slot,2241_504_561_605_622
S,7,2241,DETECTION,src/tracking/advanced_tracker.py:_activate_slot,2241_482_559_607_623
S,0,2241,PREDICTION,src/tracking/advanced_tracker.py:kalman_homography,
S,5,2241,PREDICTION,src/tracking/advanced_tracker.py:flow_gapfill_batched,
L,0,2241,PREDICTION,src/tracking/advanced_tracker.py:kalman_homography,
R,PREDICTION,SUBPIXEL,0
L,1,2241,DETECTION,src/tracking/advanced_tracker.py:_activate_slot,2241_504_561_605_622
R,CLAMP,CLAMP,0
L,5,2241,PREDICTION,src/tracking/advanced_tracker.py:flow_gapfill_batched,
R,CLAMP,CLAMP,0
L,6,2241,DETECTION,src/tracking/advanced_tracker.py:_activate_slot,2241_-14_236_353_748
R,CLAMP,CLAMP,0
L,7,2241,DETECTION,src/tracking/advanced_tracker.py:_activate_slot,2241_482_559_607_623
R,DETECTION,DETECTION,1
A,2241
S,0,2244,DETECTION,src/tracking/advanced_tracker.py:_activate_slot,2244_-14_237_353_750
S,1,2244,DETECTION,src/tracking/advanced_tracker.py:_activate_slot,2244_507_558_612_628
S,6,2244,PREDICTION,src/tracking/advanced_tracker.py:kalman_homography,
S,7,2244,PREDICTION,src/tracking/advanced_tracker.py:kalman_homography,
S,5,2244,PREDICTION,src/tracking/advanced_tracker.py:flow_gapfill_batched,
D,5,2244
S,7,2244,PREDICTION,src/tracking/advanced_tracker.py:id_merge,
L,0,2244,DETECTION,src/tracking/advanced_tracker.py:_activate_slot,2244_-14_237_353_750
R,DETECTION,DETECTION,1
L,1,2244,DETECTION,src/tracking/advanced_tracker.py:_activate_slot,2244_507_558_612_628
R,CLAMP,CLAMP,0
L,6,2244,PREDICTION,src/tracking/advanced_tracker.py:kalman_homography,
R,CLAMP,CLAMP,0
L,7,2244,PREDICTION,src/tracking/advanced_tracker.py:id_merge,
R,PREDICTION,PREDICTION,1
A,2244
S,0,2247,DETECTION,src/tracking/advanced_tracker.py:_activate_slot,2247_-13_237_351_759
S,1,2247,DETECTION,src/tracking/advanced_tracker.py:_activate_slot,2247_516_558_611_619
S,6,2247,PREDICTION,src/tracking/advanced_tracker.py:kalman_homography,
S,7,2247,PREDICTION,src/tracking/advanced_tracker.py:kalman_homography,
S,5,2247,PREDICTION,src/tracking/advanced_tracker.py:flow_gapfill_batched,
D,5,2247
S,7,2247,PREDICTION,src/tracking/advanced_tracker.py:id_merge,
L,0,2247,DETECTION,src/tracking/advanced_tracker.py:_activate_slot,2247_-13_237_351_759
R,DETECTION,DETECTION,1
L,1,2247,DETECTION,src/tracking/advanced_tracker.py:_activate_slot,2247_516_558_611_619
R,CLAMP,CLAMP,0
L,6,2247,PREDICTION,src/tracking/advanced_tracker.py:kalman_homography,
R,CLAMP,CLAMP,0
L,7,2247,PREDICTION,src/tracking/advanced_tracker.py:id_merge,
R,PREDICTION,SUBPIXEL,0
A,2247
S,0,2250,DETECTION,src/tracking/advanced_tracker.py:_activate_slot,2250_-13_238_350_750
S,1,2250,PREDICTION,src/tracking/advanced_tracker.py:kalman_homography,
S,6,2250,PREDICTION,src/tracking/advanced_tracker.py:kalman_homography,
S,7,2250,PREDICTION,src/tracking/advanced_tracker.py:kalman_homography,
S,5,2250,PREDICTION,src/tracking/advanced_tracker.py:flow_gapfill_batched,
D,5,2250
S,7,2250,PREDICTION,src/tracking/advanced_tracker.py:id_merge,
L,0,2250,DETECTION,src/tracking/advanced_tracker.py:_activate_slot,2250_-13_238_350_750
R,DETECTION,DETECTION,1
L,1,2250,PREDICTION,src/tracking/advanced_tracker.py:kalman_homography,
R,CLAMP,CLAMP,0
L,6,2250,PREDICTION,src/tracking/advanced_tracker.py:kalman_homography,
R,CLAMP,CLAMP,0
L,7,2250,PREDICTION,src/tracking/advanced_tracker.py:id_merge,
R,PREDICTION,SUBPIXEL,0
A,2250
S,0,2253,DETECTION,src/tracking/advanced_tracker.py:_activate_slot,2253_-12_238_352_766
S,1,2253,PREDICTION,src/tracking/advanced_tracker.py:kalman_homography,
S,6,2253,PREDICTION,src/tracking/advanced_tracker.py:kalman_homography,
S,7,2253,PREDICTION,src/tracking/advanced_tracker.py:kalman_homography,
S,5,2253,PREDICTION,src/tracking/advanced_tracker.py:flow_gapfill_batched,
D,5,2253
S,7,2253,PREDICTION,src/tracking/advanced_tracker.py:id_merge,
L,0,2253,DETECTION,src/tracking/advanced_tracker.py:_activate_slot,2253_-12_238_352_766
R,DETECTION,DETECTION,1
L,1,2253,PREDICTION,src/tracking/advanced_tracker.py:kalman_homography,
R,CLAMP,CLAMP,0
L,6,2253,PREDICTION,src/tracking/advanced_tracker.py:kalman_homography,
R,CLAMP,CLAMP,0
L,7,2253,PREDICTION,src/tracking/advanced_tracker.py:id_merge,
R,PREDICTION,SUBPIXEL,0
A,2253
S,0,2256,DETECTION,src/tracking/advanced_tracker.py:_activate_slot,2256_-13_237_353_766
S,1,2256,PREDICTION,src/tracking/advanced_tracker.py:kalman_homography,
S,6,2256,PREDICTION,src/tracking/advanced_tracker.py:kalman_homography,
S,7,2256,PREDICTION,src/tracking/advanced_tracker.py:kalman_homography,
S,5,2256,PREDICTION,src/tracking/advanced_tracker.py:flow_gapfill_batched,
D,5,2256
S,7,2256,PREDICTION,src/tracking/advanced_tracker.py:id_merge,
L,0,2256,DETECTION,src/tracking/advanced_tracker.py:_activate_slot,2256_-13_237_353_766
R,DETECTION,DETECTION,1
L,1,2256,PREDICTION,src/tracking/advanced_tracker.py:kalman_homography,
R,CLAMP,CLAMP,0
L,6,2256,PREDICTION,src/tracking/advanced_tracker.py:kalman_homography,
R,CLAMP,CLAMP,0
L,7,2256,PREDICTION,src/tracking/advanced_tracker.py:id_merge,
R,PREDICTION,SUBPIXEL,0
A,2256
S,0,2259,DETECTION,src/tracking/advanced_tracker.py:_activate_slot,2259_-14_236_354_766
S,1,2259,PREDICTION,src/tracking/advanced_tracker.py:kalman_homography,
S,6,2259,PREDICTION,src/tracking/advanced_tracker.py:kalman_homography,
S,7,2259,PREDICTION,src/tracking/advanced_tracker.py:kalman_homography,
S,5,2259,PREDICTION,src/tracking/advanced_tracker.py:flow_gapfill_batched,
D,5,2259
S,7,2259,PREDICTION,src/tracking/advanced_tracker.py:id_merge,
L,0,2259,DETECTION,src/tracking/advanced_tracker.py:_activate_slot,2259_-14_236_354_766
R,DETECTION,DETECTION,1
L,1,2259,PREDICTION,src/tracking/advanced_tracker.py:kalman_homography,
R,CLAMP,CLAMP,0
L,6,2259,PREDICTION,src/tracking/advanced_tracker.py:kalman_homography,
R,CLAMP,CLAMP,0
L,7,2259,PREDICTION,src/tracking/advanced_tracker.py:id_merge,
R,PREDICTION,SUBPIXEL,0
A,2259
S,0,2262,DETECTION,src/tracking/advanced_tracker.py:_activate_slot,2262_-13_235_353_791
S,1,2262,PREDICTION,src/tracking/advanced_tracker.py:kalman_homography,
S,6,2262,PREDICTION,src/tracking/advanced_tracker.py:kalman_homography,
S,7,2262,PREDICTION,src/tracking/advanced_tracker.py:kalman_homography,
L,0,2262,DETECTION,src/tracking/advanced_tracker.py:_activate_slot,2262_-13_235_353_791
R,DETECTION,DETECTION,1
L,1,2262,PREDICTION,src/tracking/advanced_tracker.py:kalman_homography,
R,CLAMP,CLAMP,0
L,6,2262,PREDICTION,src/tracking/advanced_tracker.py:kalman_homography,
R,CLAMP,CLAMP,0
L,7,2262,PREDICTION,src/tracking/advanced_tracker.py:kalman_homography,
R,PREDICTION,SUBPIXEL,0
A,2262
S,0,2265,CLAMP,src/tracking/advanced_tracker.py:_activate_slot,2265_-15_232_355_659
S,6,2265,DETECTION,src/tracking/advanced_tracker.py:_activate_slot,2265_-15_235_353_834
S,1,2265,PREDICTION,src/tracking/advanced_tracker.py:kalman_homography,
S,7,2265,PREDICTION,src/tracking/advanced_tracker.py:flow_gapfill_batched,
L,0,2265,CLAMP,src/tracking/advanced_tracker.py:_activate_slot,2265_-15_232_355_659
R,CLAMP,CLAMP,0
L,1,2265,PREDICTION,src/tracking/advanced_tracker.py:kalman_homography,
R,CLAMP,CLAMP,0
L,6,2265,DETECTION,src/tracking/advanced_tracker.py:_activate_slot,2265_-15_235_353_834
R,CLAMP,CLAMP,0
L,7,2265,PREDICTION,src/tracking/advanced_tracker.py:flow_gapfill_batched,
R,PREDICTION,PREDICTION,1
A,2265
S,0,2268,DETECTION,src/tracking/advanced_tracker.py:_activate_slot,2268_-14_234_356_796
S,1,2268,PREDICTION,src/tracking/advanced_tracker.py:kalman_homography,
S,6,2268,PREDICTION,src/tracking/advanced_tracker.py:kalman_homography,
L,0,2268,DETECTION,src/tracking/advanced_tracker.py:_activate_slot,2268_-14_234_356_796
R,DETECTION,DETECTION,1
L,1,2268,PREDICTION,src/tracking/advanced_tracker.py:kalman_homography,
R,CLAMP,CLAMP,0
L,6,2268,PREDICTION,src/tracking/advanced_tracker.py:kalman_homography,
R,CLAMP,CLAMP,0
A,2268
S,0,2271,CLAMP,src/tracking/advanced_tracker.py:_activate_slot,2271_-13_234_354_548
S,6,2271,DETECTION,src/tracking/advanced_tracker.py:_activate_slot,2271_-12_234_353_803
S,1,2271,PREDICTION,src/tracking/advanced_tracker.py:flow_gapfill_batched,
L,0,2271,CLAMP,src/tracking/advanced_tracker.py:_activate_slot,2271_-13_234_354_548
R,CLAMP,CLAMP,0
L,1,2271,PREDICTION,src/tracking/advanced_tracker.py:flow_gapfill_batched,
R,CLAMP,CLAMP,0
L,6,2271,DETECTION,src/tracking/advanced_tracker.py:_activate_slot,2271_-12_234_353_803
R,CLAMP,CLAMP,0
A,2271
