S,0,3560,DETECTION,src/tracking/advanced_tracker.py:_activate_slot,3560_924_1120_1034_1219
L,0,3560,DETECTION,src/tracking/advanced_tracker.py:_activate_slot,3560_924_1120_1034_1219
R,DETECTION,DETECTION,1
A,3560
S,0,3563,DETECTION,src/tracking/advanced_tracker.py:_activate_slot,3563_923_1120_1034_1219
L,0,3563,DETECTION,src/tracking/advanced_tracker.py:_activate_slot,3563_923_1120_1034_1219
R,DETECTION,SUBPIXEL,0
A,3563
S,0,3566,DETECTION,src/tracking/advanced_tracker.py:_activate_slot,3566_923_1120_1034_1219
L,0,3566,DETECTION,src/tracking/advanced_tracker.py:_activate_slot,3566_923_1120_1034_1219
R,DETECTION,SUBPIXEL,0
A,3566
S,0,3569,DETECTION,src/tracking/advanced_tracker.py:_activate_slot,3569_923_1122_1034_1219
S,1,3569,DETECTION,src/tracking/advanced_tracker.py:_activate_slot,3569_919_1017_1033_1125
D,0,3569
S,1,3569,PREDICTION,src/tracking/advanced_tracker.py:id_merge,
L,1,3569,PREDICTION,src/tracking/advanced_tracker.py:id_merge,
R,PREDICTION,PREDICTION,1
A,3569
A,3572
S,1,3575,PREDICTION,src/tracking/advanced_tracker.py:flow_gapfill_render,
L,1,3575,PREDICTION,src/tracking/advanced_tracker.py:flow_gapfill_render,
R,PREDICTION,SUBPIXEL,0
A,3575
S,1,3578,PREDICTION,src/tracking/advanced_tracker.py:flow_gapfill_render,
L,1,3578,PREDICTION,src/tracking/advanced_tracker.py:flow_gapfill_render,
R,PREDICTION,SUBPIXEL,0
A,3578
S,1,3581,PREDICTION,src/tracking/advanced_tracker.py:flow_gapfill_render,
L,1,3581,PREDICTION,src/tracking/advanced_tracker.py:flow_gapfill_render,
R,PREDICTION,SUBPIXEL,0
A,3581
S,1,3584,PREDICTION,src/tracking/advanced_tracker.py:flow_gapfill_render,
L,1,3584,PREDICTION,src/tracking/advanced_tracker.py:flow_gapfill_render,
R,PREDICTION,SUBPIXEL,0
A,3584
S,1,3587,PREDICTION,src/tracking/advanced_tracker.py:flow_gapfill_render,
L,1,3587,PREDICTION,src/tracking/advanced_tracker.py:flow_gapfill_render,
R,PREDICTION,SUBPIXEL,0
A,3587
S,1,3590,PREDICTION,src/tracking/advanced_tracker.py:flow_gapfill_render,
L,1,3590,PREDICTION,src/tracking/advanced_tracker.py:flow_gapfill_render,
R,PREDICTION,SUBPIXEL,0
A,3590
S,1,3593,PREDICTION,src/tracking/advanced_tracker.py:flow_gapfill_render,
L,1,3593,PREDICTION,src/tracking/advanced_tracker.py:flow_gapfill_render,
R,PREDICTION,SUBPIXEL,0
A,3593
A,3596
A,3599
A,3602
A,3605
A,3608
A,3611
A,3614
A,3617
A,3620
A,3623
A,3626
A,3629
A,3632
A,3635
S,5,3638,DETECTION,src/tracking/advanced_tracker.py:_activate_slot,3638_642_884_756_951
L,5,3638,DETECTION,src/tracking/advanced_tracker.py:_activate_slot,3638_642_884_756_951
R,DETECTION,DETECTION,1
A,3638
S,0,3641,DETECTION,src/tracking/advanced_tracker.py:_activate_slot,3641_649_883_754_949
S,1,3641,DETECTION,src/tracking/advanced_tracker.py:_activate_slot,3641_572_825_663_888
S,5,3641,PREDICTION,src/tracking/advanced_tracker.py:kalman_homography,
D,0,3641
S,1,3641,PREDICTION,src/tracking/advanced_tracker.py:id_merge,
L,1,3641,PREDICTION,src/tracking/advanced_tracker.py:id_merge,
R,PREDICTION,PREDICTION,1
L,5,3641,PREDICTION,src/tracking/advanced_tracker.py:kalman_homography,
R,PREDICTION,PREDICTION,1
A,3641
S,0,3644,DETECTION,src/tracking/advanced_tracker.py:_activate_slot,3644_649_885_753_949
S,1,3644,PREDICTION,src/tracking/advanced_tracker.py:kalman_homography,
S,5,3644,PREDICTION,src/tracking/advanced_tracker.py:kalman_homography,
D,1,3644
S,0,3644,PREDICTION,src/tracking/advanced_tracker.py:id_merge,
L,0,3644,PREDICTION,src/tracking/advanced_tracker.py:id_merge,
R,PREDICTION,PREDICTION,1
L,5,3644,PREDICTION,src/tracking/advanced_tracker.py:kalman_homography,
R,PREDICTION,SUBPIXEL,0
A,3644
S,0,3647,DETECTION,src/tracking/advanced_tracker.py:_activate_slot,3647_649_885_753_948
S,1,3647,DETECTION,src/tracking/advanced_tracker.py:_activate_slot,3647_576_826_668_886
S,5,3647,PREDICTION,src/tracking/advanced_tracker.py:kalman_homography,
D,0,3647
S,1,3647,PREDICTION,src/tracking/advanced_tracker.py:id_merge,
L,1,3647,PREDICTION,src/tracking/advanced_tracker.py:id_merge,
R,PREDICTION,SUBPIXEL,0
L,5,3647,PREDICTION,src/tracking/advanced_tracker.py:kalman_homography,
R,PREDICTION,SUBPIXEL,0
A,3647
S,1,3830,CLAMP,src/tracking/advanced_tracker.py:_activate_slot,3830_578_825_668_885
S,0,3830,PREDICTION,src/tracking/advanced_tracker.py:kalman_homography,
S,5,3830,PREDICTION,src/tracking/advanced_tracker.py:kalman_homography,
L,0,3830,PREDICTION,src/tracking/advanced_tracker.py:kalman_homography,
R,CLAMP,CLAMP,0
L,1,3830,CLAMP,src/tracking/advanced_tracker.py:_activate_slot,3830_578_825_668_885
R,CLAMP,CLAMP,0
L,5,3830,PREDICTION,src/tracking/advanced_tracker.py:kalman_homography,
R,CLAMP,CLAMP,0
A,3830
S,1,3833,CLAMP,src/tracking/advanced_tracker.py:_activate_slot,3833_579_828_666_885
S,0,3833,PREDICTION,src/tracking/advanced_tracker.py:kalman_homography,
S,5,3833,PREDICTION,src/tracking/advanced_tracker.py:kalman_homography,
L,0,3833,PREDICTION,src/tracking/advanced_tracker.py:kalman_homography,
R,CLAMP,CLAMP,0
L,1,3833,CLAMP,src/tracking/advanced_tracker.py:_activate_slot,3833_579_828_666_885
R,CLAMP,CLAMP,0
L,5,3833,PREDICTION,src/tracking/advanced_tracker.py:kalman_homography,
R,CLAMP,CLAMP,0
A,3833
S,1,3836,CLAMP,src/tracking/advanced_tracker.py:_activate_slot,3836_579_828_669_885
S,10,3836,DETECTION,src/tracking/advanced_tracker.py:_activate_slot,3836_648_885_755_951
S,0,3836,PREDICTION,src/tracking/advanced_tracker.py:kalman_homography,
S,5,3836,PREDICTION,src/tracking/advanced_tracker.py:kalman_homography,
L,0,3836,PREDICTION,src/tracking/advanced_tracker.py:kalman_homography,
R,CLAMP,CLAMP,0
L,1,3836,CLAMP,src/tracking/advanced_tracker.py:_activate_slot,3836_579_828_669_885
R,CLAMP,CLAMP,0
L,5,3836,PREDICTION,src/tracking/advanced_tracker.py:kalman_homography,
R,CLAMP,CLAMP,0
A,3836
S,1,3839,CLAMP,src/tracking/advanced_tracker.py:_activate_slot,3839_582_827_673_884
S,10,3839,DETECTION,src/tracking/advanced_tracker.py:_activate_slot,3839_649_885_754_950
S,0,3839,PREDICTION,src/tracking/advanced_tracker.py:kalman_homography,
S,5,3839,PREDICTION,src/tracking/advanced_tracker.py:kalman_homography,
L,0,3839,PREDICTION,src/tracking/advanced_tracker.py:kalman_homography,
R,CLAMP,CLAMP,0
L,1,3839,CLAMP,src/tracking/advanced_tracker.py:_activate_slot,3839_582_827_673_884
R,CLAMP,CLAMP,0
L,5,3839,PREDICTION,src/tracking/advanced_tracker.py:kalman_homography,
R,CLAMP,CLAMP,0
A,3839
S,1,3842,CLAMP,src/tracking/advanced_tracker.py:_activate_slot,3842_586_825_676_884
S,10,3842,DETECTION,src/tracking/advanced_tracker.py:_activate_slot,3842_648_885_754_950
S,0,3842,PREDICTION,src/tracking/advanced_tracker.py:kalman_homography,
S,5,3842,PREDICTION,src/tracking/advanced_tracker.py:flow_gapfill_batched,
L,0,3842,PREDICTION,src/tracking/advanced_tracker.py:kalman_homography,
R,CLAMP,CLAMP,0
L,1,3842,CLAMP,src/tracking/advanced_tracker.py:_activate_slot,3842_586_825_676_884
R,CLAMP,CLAMP,0
L,5,3842,PREDICTION,src/tracking/advanced_tracker.py:flow_gapfill_batched,
R,CLAMP,CLAMP,0
A,3842
S,0,3845,DETECTION,src/tracking/advanced_tracker.py:_activate_slot,3845_289_671_1023_971
S,1,3845,CLAMP,src/tracking/advanced_tracker.py:_activate_slot,3845_25_738_1026_1527
S,2,3845,DETECTION,src/tracking/advanced_tracker.py:_activate_slot,3845_313_339_1032_753
S,3,3845,DETECTION,src/tracking/advanced_tracker.py:_activate_slot,3845_401_1416_648_1561
S,4,3845,DETECTION,src/tracking/advanced_tracker.py:_activate_slot,3845_409_1546_658_1735
S,10,3845,PREDICTION,src/tracking/advanced_tracker.py:kalman_homography,
L,0,3845,DETECTION,src/tracking/advanced_tracker.py:_activate_slot,3845_289_671_1023_971
R,CLAMP,CLAMP,0
L,1,3845,CLAMP,src/tracking/advanced_tracker.py:_activate_slot,3845_25_738_1026_1527
R,CLAMP,CLAMP,0
L,2,3845,DETECTION,src/tracking/advanced_tracker.py:_activate_slot,3845_313_339_1032_753
R,DETECTION,DETECTION,1
L,3,3845,DETECTION,src/tracking/advanced_tracker.py:_activate_slot,3845_401_1416_648_1561
R,DETECTION,DETECTION,1
L,4,3845,DETECTION,src/tracking/advanced_tracker.py:_activate_slot,3845_409_1546_658_1735
R,DETECTION,DETECTION,1
A,3845
S,0,3848,DETECTION,src/tracking/advanced_tracker.py:_activate_slot,3848_287_673_1023_973
S,1,3848,CLAMP,src/tracking/advanced_tracker.py:_activate_slot,3848_23_731_1025_1518
S,2,3848,CLAMP,src/tracking/advanced_tracker.py:_activate_slot,3848_291_722_535_969
S,3,3848,CLAMP,src/tracking/advanced_tracker.py:_activate_slot,3848_40_859_236_1006
S,4,3848,DETECTION,src/tracking/advanced_tracker.py:_activate_slot,3848_425_1674_677_1836
S,10,3848,PREDICTION,src/tracking/advanced_tracker.py:kalman_homography,
L,0,3848,DETECTION,src/tracking/advanced_tracker.py:_activate_slot,3848_287_673_1023_973
R,CLAMP,CLAMP,0
L,1,3848,CLAMP,src/tracking/advanced_tracker.py:_activate_slot,3848_23_731_1025_1518
R,CLAMP,CLAMP,0
L,2,3848,CLAMP,src/tracking/advanced_tracker.py:_activate_slot,3848_291_722_535_969
R,CLAMP,CLAMP,0
L,3,3848,CLAMP,src/tracking/advanced_tracker.py:_activate_slot,3848_40_859_236_1006
R,CLAMP,CLAMP,0
L,4,3848,DETECTION,src/tracking/advanced_tracker.py:_activate_slot,3848_425_1674_677_1836
R,DETECTION,DETECTION,1
A,3848
S,0,3851,DETECTION,src/tracking/advanced_tracker.py:_activate_slot,3851_314_341_1033_757
S,1,3851,CLAMP,src/tracking/advanced_tracker.py:_activate_slot,3851_21_712_1024_1510
S,2,3851,CLAMP,src/tracking/advanced_tracker.py:_activate_slot,3851_290_720_536_970
S,3,3851,DETECTION,src/tracking/advanced_tracker.py:_activate_slot,3851_408_1560_651_1734
S,4,3851,DETECTION,src/tracking/advanced_tracker.py:_activate_slot,3851_424_1683_673_1839
S,10,3851,PREDICTION,src/tracking/advanced_tracker.py:kalman_homography,
D,0,3851
S,2,3851,PREDICTION,src/tracking/advanced_tracker.py:id_merge,
L,1,3851,CLAMP,src/tracking/advanced_tracker.py:_activate_slot,3851_21_712_1024_1510
R,CLAMP,CLAMP,0
L,2,3851,PREDICTION,src/tracking/advanced_tracker.py:id_merge,
R,PREDICTION,SUBPIXEL,0
L,3,3851,DETECTION,src/tracking/advanced_tracker.py:_activate_slot,3851_408_1560_651_1734
R,DETECTION,DETECTION,1
L,4,3851,DETECTION,src/tracking/advanced_tracker.py:_activate_slot,3851_424_1683_673_1839
R,DETECTION,DETECTION,1
A,3851
S,0,3854,DETECTION,src/tracking/advanced_tracker.py:_activate_slot,3854_311_338_1033_757
S,1,3854,CLAMP,src/tracking/advanced_tracker.py:_activate_slot,3854_22_692_1024_1502
S,2,3854,CLAMP,src/tracking/advanced_tracker.py:_activate_slot,3854_290_718_536_960
S,3,3854,DETECTION,src/tracking/advanced_tracker.py:_activate_slot,3854_408_1558_666_1735
S,4,3854,DETECTION,src/tracking/advanced_tracker.py:_activate_slot,3854_424_1680_675_1836
S,10,3854,PREDICTION,src/tracking/advanced_tracker.py:kalman_homography,
D,0,3854
S,2,3854,PREDICTION,src/tracking/advanced_tracker.py:id_merge,
L,1,3854,CLAMP,src/tracking/advanced_tracker.py:_activate_slot,3854_22_692_1024_1502
R,CLAMP,CLAMP,0
L,2,3854,PREDICTION,src/tracking/advanced_tracker.py:id_merge,
R,PREDICTION,SUBPIXEL,0
L,3,3854,DETECTION,src/tracking/advanced_tracker.py:_activate_slot,3854_408_1558_666_1735
R,DETECTION,DETECTION,1
L,4,3854,DETECTION,src/tracking/advanced_tracker.py:_activate_slot,3854_424_1680_675_1836
R,DETECTION,DETECTION,1
A,3854
S,0,3857,DETECTION,src/tracking/advanced_tracker.py:_activate_slot,3857_313_337_1033_756
S,1,3857,CLAMP,src/tracking/advanced_tracker.py:_activate_slot,3857_19_686_1024_1497
S,2,3857,CLAMP,src/tracking/advanced_tracker.py:_activate_slot,3857_290_717_536_960
S,3,3857,DETECTION,src/tracking/advanced_tracker.py:_activate_slot,3857_408_1560_661_1746
S,4,3857,DETECTION,src/tracking/advanced_tracker.py:_activate_slot,3857_425_1692_668_1836
S,10,3857,PREDICTION,src/tracking/advanced_tracker.py:kalman_homography,
D,0,3857
S,2,3857,PREDICTION,src/tracking/advanced_tracker.py:id_merge,
L,1,3857,CLAMP,src/tracking/advanced_tracker.py:_activate_slot,3857_19_686_1024_1497
R,CLAMP,CLAMP,0
L,2,3857,PREDICTION,src/tracking/advanced_tracker.py:id_merge,
R,PREDICTION,SUBPIXEL,0
L,3,3857,DETECTION,src/tracking/advanced_tracker.py:_activate_slot,3857_408_1560_661_1746
R,DETECTION,DETECTION,1
L,4,3857,DETECTION,src/tracking/advanced_tracker.py:_activate_slot,3857_425_1692_668_1836
R,DETECTION,DETECTION,1
A,3857
S,0,3860,DETECTION,src/tracking/advanced_tracker.py:_activate_slot,3860_312_334_1032_762
S,1,3860,CLAMP,src/tracking/advanced_tracker.py:_activate_slot,3860_19_666_1024_1494
S,2,3860,CLAMP,src/tracking/advanced_tracker.py:_activate_slot,3860_290_710_537_953
S,3,3860,DETECTION,src/tracking/advanced_tracker.py:_activate_slot,3860_407_1560_651_1728
S,4,3860,DETECTION,src/tracking/advanced_tracker.py:_activate_slot,3860_424_1677_675_1830
S,10,3860,PREDICTION,src/tracking/advanced_tracker.py:kalman_homography,
D,0,3860
S,2,3860,PREDICTION,src/tracking/advanced_tracker.py:id_merge,
L,1,3860,CLAMP,src/tracking/advanced_tracker.py:_activate_slot,3860_19_666_1024_1494
R,CLAMP,CLAMP,0
L,2,3860,PREDICTION,src/tracking/advanced_tracker.py:id_merge,
R,PREDICTION,SUBPIXEL,0
L,3,3860,DETECTION,src/tracking/advanced_tracker.py:_activate_slot,3860_407_1560_651_1728
R,DETECTION,DETECTION,1
L,4,3860,DETECTION,src/tracking/advanced_tracker.py:_activate_slot,3860_424_1677_675_1830
R,DETECTION,DETECTION,1
A,3860
S,0,3863,DETECTION,src/tracking/advanced_tracker.py:_activate_slot,3863_317_321_1025_763
S,1,3863,CLAMP,src/tracking/advanced_tracker.py:_activate_slot,3863_18_712_1026_1462
S,2,3863,CLAMP,src/tracking/advanced_tracker.py:_activate_slot,3863_289_708_538_947
S,3,3863,DETECTION,src/tracking/advanced_tracker.py:_activate_slot,3863_406_1563_657_1749
S,4,3863,DETECTION,src/tracking/advanced_tracker.py:_activate_slot,3863_423_1689_664_1827
S,10,3863,PREDICTION,src/tracking/advanced_tracker.py:kalman_homography,
D,0,3863
S,2,3863,PREDICTION,src/tracking/advanced_tracker.py:id_merge,
L,1,3863,CLAMP,src/tracking/advanced_tracker.py:_activate_slot,3863_18_712_1026_1462
R,CLAMP,CLAMP,0
L,2,3863,PREDICTION,src/tracking/advanced_tracker.py:id_merge,
R,PREDICTION,SUBPIXEL,0
L,3,3863,DETECTION,src/tracking/advanced_tracker.py:_activate_slot,3863_406_1563_657_1749
R,DETECTION,DETECTION,1
L,4,3863,DETECTION,src/tracking/advanced_tracker.py:_activate_slot,3863_423_1689_664_1827
R,DETECTION,DETECTION,1
A,3863
S,1,3866,CLAMP,src/tracking/advanced_tracker.py:_activate_slot,3866_91_721_1026_1311
S,3,3866,DETECTION,src/tracking/advanced_tracker.py:_activate_slot,3866_403_1560_544_1746
S,4,3866,DETECTION,src/tracking/advanced_tracker.py:_activate_slot,3866_397_1380_536_1547
S,2,3866,PREDICTION,src/tracking/advanced_tracker.py:kalman_homography,
S,0,3866,PREDICTION,src/tracking/advanced_tracker.py:flow_gapfill_batched,
S,10,3866,PREDICTION,src/tracking/advanced_tracker.py:flow_gapfill_batched,
L,0,3866,PREDICTION,src/tracking/advanced_tracker.py:flow_gapfill_batched,
R,CLAMP,CLAMP,0
L,1,3866,CLAMP,src/tracking/advanced_tracker.py:_activate_slot,3866_91_721_1026_1311
R,CLAMP,CLAMP,0
L,2,3866,PREDICTION,src/tracking/advanced_tracker.py:kalman_homography,
R,CLAMP,CLAMP,0
L,3,3866,DETECTION,src/tracking/advanced_tracker.py:_activate_slot,3866_403_1560_544_1746
R,DETECTION,DETECTION,1
L,4,3866,DETECTION,src/tracking/advanced_tracker.py:_activate_slot,3866_397_1380_536_1547
R,CLAMP,CLAMP,0
A,3866
S,1,3869,CLAMP,src/tracking/advanced_tracker.py:_activate_slot,3869_117_714_1027_1308
S,2,3869,PREDICTION,src/tracking/advanced_tracker.py:kalman_homography,
S,3,3869,PREDICTION,src/tracking/advanced_tracker.py:kalman_homography,
S,4,3869,PREDICTION,src/tracking/advanced_tracker.py:kalman_homography,
L,1,3869,CLAMP,src/tracking/advanced_tracker.py:_activate_slot,3869_117_714_1027_1308
R,CLAMP,CLAMP,0
L,2,3869,PREDICTION,src/tracking/advanced_tracker.py:kalman_homography,
R,CLAMP,CLAMP,0
L,3,3869,PREDICTION,src/tracking/advanced_tracker.py:kalman_homography,
R,PREDICTION,PREDICTION,1
L,4,3869,PREDICTION,src/tracking/advanced_tracker.py:kalman_homography,
R,CLAMP,CLAMP,0
A,3869
S,1,3872,CLAMP,src/tracking/advanced_tracker.py:_activate_slot,3872_117_682_1026_1305
S,2,3872,PREDICTION,src/tracking/advanced_tracker.py:kalman_homography,
S,3,3872,PREDICTION,src/tracking/advanced_tracker.py:kalman_homography,
S,4,3872,PREDICTION,src/tracking/advanced_tracker.py:kalman_homography,
L,1,3872,CLAMP,src/tracking/advanced_tracker.py:_activate_slot,3872_117_682_1026_1305
R,CLAMP,CLAMP,0
L,2,3872,PREDICTION,src/tracking/advanced_tracker.py:kalman_homography,
R,CLAMP,CLAMP,0
L,3,3872,PREDICTION,src/tracking/advanced_tracker.py:kalman_homography,
R,PREDICTION,PREDICTION,1
L,4,3872,PREDICTION,src/tracking/advanced_tracker.py:kalman_homography,
R,CLAMP,CLAMP,0
A,3872
S,1,3875,CLAMP,src/tracking/advanced_tracker.py:_activate_slot,3875_115_670_1027_1306
S,2,3875,PREDICTION,src/tracking/advanced_tracker.py:kalman_homography,
S,3,3875,PREDICTION,src/tracking/advanced_tracker.py:kalman_homography,
S,4,3875,PREDICTION,src/tracking/advanced_tracker.py:kalman_homography,
L,1,3875,CLAMP,src/tracking/advanced_tracker.py:_activate_slot,3875_115_670_1027_1306
R,CLAMP,CLAMP,0
L,2,3875,PREDICTION,src/tracking/advanced_tracker.py:kalman_homography,
R,CLAMP,CLAMP,0
L,3,3875,PREDICTION,src/tracking/advanced_tracker.py:kalman_homography,
R,PREDICTION,PREDICTION,1
L,4,3875,PREDICTION,src/tracking/advanced_tracker.py:kalman_homography,
R,CLAMP,CLAMP,0
A,3875
S,1,3878,CLAMP,src/tracking/advanced_tracker.py:_activate_slot,3878_119_642_1029_1309
S,2,3878,PREDICTION,src/tracking/advanced_tracker.py:kalman_homography,
S,3,3878,PREDICTION,src/tracking/advanced_tracker.py:kalman_homography,
S,4,3878,PREDICTION,src/tracking/advanced_tracker.py:kalman_homography,
S,0,3878,PREDICTION,src/tracking/advanced_tracker.py:flow_gapfill_batched,
L,0,3878,PREDICTION,src/tracking/advanced_tracker.py:flow_gapfill_batched,
R,CLAMP,CLAMP,0
L,1,3878,CLAMP,src/tracking/advanced_tracker.py:_activate_slot,3878_119_642_1029_1309
R,CLAMP,CLAMP,0
L,2,3878,PREDICTION,src/tracking/advanced_tracker.py:kalman_homography,
R,CLAMP,CLAMP,0
L,3,3878,PREDICTION,src/tracking/advanced_tracker.py:kalman_homography,
R,PREDICTION,PREDICTION,1
L,4,3878,PREDICTION,src/tracking/advanced_tracker.py:kalman_homography,
R,CLAMP,CLAMP,0
A,3878
S,1,3881,CLAMP,src/tracking/advanced_tracker.py:_activate_slot,3881_121_626_1027_1313
S,2,3881,PREDICTION,src/tracking/advanced_tracker.py:kalman_homography,
S,3,3881,PREDICTION,src/tracking/advanced_tracker.py:kalman_homography,
S,4,3881,PREDICTION,src/tracking/advanced_tracker.py:kalman_homography,
S,0,3881,PREDICTION,src/tracking/advanced_tracker.py:flow_gapfill_batched,
L,0,3881,PREDICTION,src/tracking/advanced_tracker.py:flow_gapfill_batched,
R,CLAMP,CLAMP,0
L,1,3881,CLAMP,src/tracking/advanced_tracker.py:_activate_slot,3881_121_626_1027_1313
R,CLAMP,CLAMP,0
L,2,3881,PREDICTION,src/tracking/advanced_tracker.py:kalman_homography,
R,CLAMP,CLAMP,0
L,3,3881,PREDICTION,src/tracking/advanced_tracker.py:kalman_homography,
R,PREDICTION,PREDICTION,1
L,4,3881,PREDICTION,src/tracking/advanced_tracker.py:kalman_homography,
R,CLAMP,CLAMP,0
A,3881
S,1,3884,CLAMP,src/tracking/advanced_tracker.py:_activate_slot,3884_121_526_1026_1318
S,2,3884,PREDICTION,src/tracking/advanced_tracker.py:kalman_homography,
S,3,3884,PREDICTION,src/tracking/advanced_tracker.py:kalman_homography,
S,4,3884,PREDICTION,src/tracking/advanced_tracker.py:kalman_homography,
S,0,3884,PREDICTION,src/tracking/advanced_tracker.py:flow_gapfill_batched,
L,0,3884,PREDICTION,src/tracking/advanced_tracker.py:flow_gapfill_batched,
R,CLAMP,CLAMP,0
L,1,3884,CLAMP,src/tracking/advanced_tracker.py:_activate_slot,3884_121_526_1026_1318
R,CLAMP,CLAMP,0
L,2,3884,PREDICTION,src/tracking/advanced_tracker.py:kalman_homography,
R,CLAMP,CLAMP,0
L,3,3884,PREDICTION,src/tracking/advanced_tracker.py:kalman_homography,
R,PREDICTION,PREDICTION,1
L,4,3884,PREDICTION,src/tracking/advanced_tracker.py:kalman_homography,
R,CLAMP,CLAMP,0
A,3884
S,1,3887,CLAMP,src/tracking/advanced_tracker.py:_activate_slot,3887_121_393_1026_1320
S,3,3887,PREDICTION,src/tracking/advanced_tracker.py:kalman_homography,
S,4,3887,PREDICTION,src/tracking/advanced_tracker.py:kalman_homography,
S,0,3887,PREDICTION,src/tracking/advanced_tracker.py:flow_gapfill_batched,
L,0,3887,PREDICTION,src/tracking/advanced_tracker.py:flow_gapfill_batched,
R,CLAMP,CLAMP,0
L,3,3887,PREDICTION,src/tracking/advanced_tracker.py:kalman_homography,
R,PREDICTION,PREDICTION,1
L,4,3887,PREDICTION,src/tracking/advanced_tracker.py:kalman_homography,
R,CLAMP,CLAMP,0
A,3887
S,0,3890,DETECTION,src/tracking/advanced_tracker.py:_activate_slot,3890_120_347_1024_1317
S,3,3890,PREDICTION,src/tracking/advanced_tracker.py:flow_gapfill_batched,
S,4,3890,PREDICTION,src/tracking/advanced_tracker.py:flow_gapfill_batched,
L,0,3890,DETECTION,src/tracking/advanced_tracker.py:_activate_slot,3890_120_347_1024_1317
R,CLAMP,CLAMP,0
L,3,3890,PREDICTION,src/tracking/advanced_tracker.py:flow_gapfill_batched,
R,PREDICTION,PREDICTION,1
L,4,3890,PREDICTION,src/tracking/advanced_tracker.py:flow_gapfill_batched,
R,CLAMP,CLAMP,0
A,3890
S,0,3893,DETECTION,src/tracking/advanced_tracker.py:_activate_slot,3893_115_385_1026_1318
L,0,3893,DETECTION,src/tracking/advanced_tracker.py:_activate_slot,3893_115_385_1026_1318
R,CLAMP,CLAMP,0
A,3893
S,0,3896,DETECTION,src/tracking/advanced_tracker.py:_activate_slot,3896_108_501_1029_1323
L,0,3896,DETECTION,src/tracking/advanced_tracker.py:_activate_slot,3896_108_501_1029_1323
R,CLAMP,CLAMP,0
A,3896
S,0,3899,DETECTION,src/tracking/advanced_tracker.py:_activate_slot,3899_108_501_1029_1323
L,0,3899,DETECTION,src/tracking/advanced_tracker.py:_activate_slot,3899_108_501_1029_1323
R,CLAMP,CLAMP,0
A,3899
