S,0,1452,DETECTION,src/tracking/advanced_tracker.py:_activate_slot,1452_443_137_582_299
S,1,1452,DETECTION,src/tracking/advanced_tracker.py:_activate_slot,1452_443_261_581_416
L,0,1452,DETECTION,src/tracking/advanced_tracker.py:_activate_slot,1452_443_137_582_299
R,DETECTION,DETECTION,1
L,1,1452,DETECTION,src/tracking/advanced_tracker.py:_activate_slot,1452_443_261_581_416
R,DETECTION,DETECTION,1
A,1452
S,0,1455,DETECTION,src/tracking/advanced_tracker.py:_activate_slot,1455_437_152_580_313
S,1,1455,DETECTION,src/tracking/advanced_tracker.py:_activate_slot,1455_441_277_580_434
L,0,1455,DETECTION,src/tracking/advanced_tracker.py:_activate_slot,1455_437_152_580_313
R,DETECTION,DETECTION,1
L,1,1455,DETECTION,src/tracking/advanced_tracker.py:_activate_slot,1455_441_277_580_434
R,DETECTION,DETECTION,1
A,1455
S,0,1458,DETECTION,src/tracking/advanced_tracker.py:_activate_slot,1458_438_162_579_322
S,1,1458,DETECTION,src/tracking/advanced_tracker.py:_activate_slot,1458_440_288_579_439
L,0,1458,DETECTION,src/tracking/advanced_tracker.py:_activate_slot,1458_438_162_579_322
R,DETECTION,DETECTION,1
L,1,1458,DETECTION,src/tracking/advanced_tracker.py:_activate_slot,1458_440_288_579_439
R,DETECTION,DETECTION,1
A,1458
S,1,1461,DETECTION,src/tracking/advanced_tracker.py:_activate_slot,1461_436_295_579_450
S,5,1461,DETECTION,src/tracking/advanced_tracker.py:_activate_slot,1461_441_166_579_333
S,0,1461,PREDICTION,src/tracking/advanced_tracker.py:kalman_homography,
L,0,1461,PREDICTION,src/tracking/advanced_tracker.py:kalman_homography,
R,PREDICTION,PREDICTION,1
L,1,1461,DETECTION,src/tracking/advanced_tracker.py:_activate_slot,1461_436_295_579_450
R,DETECTION,DETECTION,1
L,5,1461,DETECTION,src/tracking/advanced_tracker.py:_activate_slot,1461_441_166_579_333
R,DETECTION,DETECTION,1
A,1461
S,0,1464,DETECTION,src/tracking/advanced_tracker.py:_activate_slot,1464_443_177_579_341
S,1,1464,DETECTION,src/tracking/advanced_tracker.py:_activate_slot,1464_436_300_579_450
S,5,1464,PREDICTION,src/tracking/advanced_tracker.py:kalman_homography,
L,0,1464,DETECTION,src/tracking/advanced_tracker.py:_activate_slot,1464_443_177_579_341
R,DETECTION,DETECTION,1
L,1,1464,DETECTION,src/tracking/advanced_tracker.py:_activate_slot,1464_436_300_579_450
R,DETECTION,DETECTION,1
L,5,1464,PREDICTION,src/tracking/advanced_tracker.py:kalman_homography,
R,PREDICTION,PREDICTION,1
A,1464
S,0,1467,DETECTION,src/tracking/advanced_tracker.py:_activate_slot,1467_443_186_581_349
S,1,1467,DETECTION,src/tracking/advanced_tracker.py:_activate_slot,1467_438_314_578_455
S,5,1467,PREDICTION,src/tracking/advanced_tracker.py:kalman_homography,
L,0,1467,DETECTION,src/tracking/advanced_tracker.py:_activate_slot,1467_443_186_581_349
R,DETECTION,DETECTION,1
L,1,1467,DETECTION,src/tracking/advanced_tracker.py:_activate_slot,1467_438_314_578_455
R,DETECTION,DETECTION,1
L,5,1467,PREDICTION,src/tracking/advanced_tracker.py:kalman_homography,
R,PREDICTION,SUBPIXEL,0
A,1467
S,0,1470,DETECTION,src/tracking/advanced_tracker.py:_activate_slot,1470_438_193_577_356
S,1,1470,DETECTION,src/tracking/advanced_tracker.py:_activate_slot,1470_435_320_579_460
S,5,1470,PREDICTION,src/tracking/advanced_tracker.py:kalman_homography,
L,0,1470,DETECTION,src/tracking/advanced_tracker.py:_activate_slot,1470_438_193_577_356
R,DETECTION,DETECTION,1
L,1,1470,DETECTION,src/tracking/advanced_tracker.py:_activate_slot,1470_435_320_579_460
R,DETECTION,DETECTION,1
L,5,1470,PREDICTION,src/tracking/advanced_tracker.py:kalman_homography,
R,PREDICTION,SUBPIXEL,0
A,1470
S,5,1473,DETECTION,src/tracking/advanced_tracker.py:_activate_slot,1473_438_202_578_364
S,0,1473,PREDICTION,src/tracking/advanced_tracker.py:kalman_homography,
S,1,1473,PREDICTION,src/tracking/advanced_tracker.py:kalman_homography,
L,0,1473,PREDICTION,src/tracking/advanced_tracker.py:kalman_homography,
R,PREDICTION,PREDICTION,1
L,1,1473,PREDICTION,src/tracking/advanced_tracker.py:kalman_homography,
R,PREDICTION,PREDICTION,1
L,5,1473,DETECTION,src/tracking/advanced_tracker.py:_activate_slot,1473_438_202_578_364
R,DETECTION,DETECTION,1
A,1473
S,5,1476,DETECTION,src/tracking/advanced_tracker.py:_activate_slot,1476_438_214_578_377
S,0,1476,PREDICTION,src/tracking/advanced_tracker.py:kalman_homography,
S,1,1476,PREDICTION,src/tracking/advanced_tracker.py:flow_gapfill_batched,
L,0,1476,PREDICTION,src/tracking/advanced_tracker.py:kalman_homography,
R,PREDICTION,PREDICTION,1
L,1,1476,PREDICTION,src/tracking/advanced_tracker.py:flow_gapfill_batched,
R,PREDICTION,PREDICTION,1
L,5,1476,DETECTION,src/tracking/advanced_tracker.py:_activate_slot,1476_438_214_578_377
R,DETECTION,DETECTION,1
A,1476
S,0,1479,DETECTION,src/tracking/advanced_tracker.py:_activate_slot,1479_435_232_576_397
S,5,1479,PREDICTION,src/tracking/advanced_tracker.py:kalman_homography,
L,0,1479,DETECTION,src/tracking/advanced_tracker.py:_activate_slot,1479_435_232_576_397
R,DETECTION,DETECTION,1
L,5,1479,PREDICTION,src/tracking/advanced_tracker.py:kalman_homography,
R,PREDICTION,PREDICTION,1
A,1479
S,0,1482,DETECTION,src/tracking/advanced_tracker.py:_activate_slot,1482_434_258_575_422
S,5,1482,PREDICTION,src/tracking/advanced_tracker.py:kalman_homography,
L,0,1482,DETECTION,src/tracking/advanced_tracker.py:_activate_slot,1482_434_258_575_422
R,DETECTION,DETECTION,1
L,5,1482,PREDICTION,src/tracking/advanced_tracker.py:kalman_homography,
R,PREDICTION,PREDICTION,1
A,1482
S,0,1485,DETECTION,src/tracking/advanced_tracker.py:_activate_slot,1485_432_280_573_447
S,5,1485,PREDICTION,src/tracking/advanced_tracker.py:kalman_homography,
L,0,1485,DETECTION,src/tracking/advanced_tracker.py:_activate_slot,1485_432_280_573_447
R,DETECTION,DETECTION,1
L,5,1485,PREDICTION,src/tracking/advanced_tracker.py:kalman_homography,
R,PREDICTION,PREDICTION,1
A,1485
S,1,1488,DETECTION,src/tracking/advanced_tracker.py:_activate_slot,1488_431_306_571_470
S,0,1488,PREDICTION,src/tracking/advanced_tracker.py:kalman_homography,
S,5,1488,PREDICTION,src/tracking/advanced_tracker.py:kalman_homography,
D,0,1488
S,1,1488,PREDICTION,src/tracking/advanced_tracker.py:id_merge,
L,1,1488,PREDICTION,src/tracking/advanced_tracker.py:id_merge,
R,PREDICTION,PREDICTION,1
L,5,1488,PREDICTION,src/tracking/advanced_tracker.py:kalman_homography,
R,PREDICTION,PREDICTION,1
A,1488
S,6,1491,DETECTION,src/tracking/advanced_tracker.py:_activate_slot,1491_162_189_475_343
S,1,1491,PREDICTION,src/tracking/advanced_tracker.py:kalman_homography,
S,5,1491,PREDICTION,src/tracking/advanced_tracker.py:kalman_homography,
S,0,1491,PREDICTION,src/tracking/advanced_tracker.py:flow_gapfill_batched,
D,0,1491
S,1,1491,PREDICTION,src/tracking/advanced_tracker.py:id_merge,
L,1,1491,PREDICTION,src/tracking/advanced_tracker.py:id_merge,
R,PREDICTION,PREDICTION,1
L,5,1491,PREDICTION,src/tracking/advanced_tracker.py:kalman_homography,
R,PREDICTION,PREDICTION,1
L,6,1491,DETECTION,src/tracking/advanced_tracker.py:_activate_slot,1491_162_189_475_343
R,DETECTION,DETECTION,1
A,1491
S,1,1494,PREDICTION,src/tracking/advanced_tracker.py:kalman_homography,
S,5,1494,PREDICTION,src/tracking/advanced_tracker.py:kalman_homography,
S,6,1494,PREDICTION,src/tracking/advanced_tracker.py:kalman_homography,
S,0,1494,PREDICTION,src/tracking/advanced_tracker.py:flow_gapfill_batched,
D,0,1494
S,1,1494,PREDICTION,src/tracking/advanced_tracker.py:id_merge,
L,1,1494,PREDICTION,src/tracking/advanced_tracker.py:id_merge,
R,PREDICTION,PREDICTION,1
L,5,1494,PREDICTION,src/tracking/advanced_tracker.py:kalman_homography,
R,PREDICTION,PREDICTION,1
L,6,1494,PREDICTION,src/tracking/advanced_tracker.py:kalman_homography,
R,CLAMP,CLAMP,0
A,1494
S,1,1497,PREDICTION,src/tracking/advanced_tracker.py:kalman_homography,
S,5,1497,PREDICTION,src/tracking/advanced_tracker.py:kalman_homography,
S,6,1497,PREDICTION,src/tracking/advanced_tracker.py:kalman_homography,
L,1,1497,PREDICTION,src/tracking/advanced_tracker.py:kalman_homography,
R,PREDICTION,PREDICTION,1
L,5,1497,PREDICTION,src/tracking/advanced_tracker.py:kalman_homography,
R,PREDICTION,PREDICTION,1
L,6,1497,PREDICTION,src/tracking/advanced_tracker.py:kalman_homography,
R,CLAMP,CLAMP,0
A,1497
S,1,1500,PREDICTION,src/tracking/advanced_tracker.py:kalman_homography,
S,6,1500,PREDICTION,src/tracking/advanced_tracker.py:kalman_homography,
S,5,1500,PREDICTION,src/tracking/advanced_tracker.py:flow_gapfill_batched,
L,1,1500,PREDICTION,src/tracking/advanced_tracker.py:kalman_homography,
R,PREDICTION,PREDICTION,1
L,5,1500,PREDICTION,src/tracking/advanced_tracker.py:flow_gapfill_batched,
R,PREDICTION,PREDICTION,1
L,6,1500,PREDICTION,src/tracking/advanced_tracker.py:kalman_homography,
R,CLAMP,CLAMP,0
A,1500
S,1,1503,PREDICTION,src/tracking/advanced_tracker.py:kalman_homography,
S,6,1503,PREDICTION,src/tracking/advanced_tracker.py:kalman_homography,
L,1,1503,PREDICTION,src/tracking/advanced_tracker.py:kalman_homography,
R,PREDICTION,PREDICTION,1
L,6,1503,PREDICTION,src/tracking/advanced_tracker.py:kalman_homography,
R,CLAMP,CLAMP,0
A,1503
S,1,1506,PREDICTION,src/tracking/advanced_tracker.py:kalman_homography,
S,6,1506,PREDICTION,src/tracking/advanced_tracker.py:kalman_homography,
L,1,1506,PREDICTION,src/tracking/advanced_tracker.py:kalman_homography,
R,PREDICTION,PREDICTION,1
L,6,1506,PREDICTION,src/tracking/advanced_tracker.py:kalman_homography,
R,CLAMP,CLAMP,0
A,1506
S,1,1509,PREDICTION,src/tracking/advanced_tracker.py:kalman_homography,
S,6,1509,PREDICTION,src/tracking/advanced_tracker.py:kalman_homography,
L,1,1509,PREDICTION,src/tracking/advanced_tracker.py:kalman_homography,
R,PREDICTION,PREDICTION,1
L,6,1509,PREDICTION,src/tracking/advanced_tracker.py:kalman_homography,
R,CLAMP,CLAMP,0
A,1509
S,6,1512,PREDICTION,src/tracking/advanced_tracker.py:kalman_homography,
L,6,1512,PREDICTION,src/tracking/advanced_tracker.py:kalman_homography,
R,CLAMP,CLAMP,0
A,1512
S,6,1515,PREDICTION,src/tracking/advanced_tracker.py:flow_gapfill_batched,
L,6,1515,PREDICTION,src/tracking/advanced_tracker.py:flow_gapfill_batched,
R,CLAMP,CLAMP,0
A,1515
A,1518
A,1521
A,1524
A,1527
A,1530
A,1533
A,1536
A,1539
S,0,1542,DETECTION,src/tracking/advanced_tracker.py:_activate_slot,1542_402_1611_553_1779
S,1,1542,DETECTION,src/tracking/advanced_tracker.py:_activate_slot,1542_224_1035_539_1200
S,5,1542,DETECTION,src/tracking/advanced_tracker.py:_activate_slot,1542_220_701_898_1026
S,6,1542,DETECTION,src/tracking/advanced_tracker.py:_activate_slot,1542_171_1161_891_1494
S,2,1542,DETECTION,src/tracking/advanced_tracker.py:_activate_slot,1542_425_1071_549_1213
S,7,1542,DETECTION,src/tracking/advanced_tracker.py:_activate_slot,1542_312_1446_552_1638
D,1,1542
S,2,1542,PREDICTION,src/tracking/advanced_tracker.py:id_merge,
L,0,1542,DETECTION,src/tracking/advanced_tracker.py:_activate_slot,1542_402_1611_553_1779
R,CLAMP,CLAMP,0
L,2,1542,PREDICTION,src/tracking/advanced_tracker.py:id_merge,
R,PREDICTION,PREDICTION,1
L,5,1542,DETECTION,src/tracking/advanced_tracker.py:_activate_slot,1542_220_701_898_1026
R,CLAMP,CLAMP,0
L,6,1542,DETECTION,src/tracking/advanced_tracker.py:_activate_slot,1542_171_1161_891_1494
R,CLAMP,CLAMP,0
L,7,1542,DETECTION,src/tracking/advanced_tracker.py:_activate_slot,1542_312_1446_552_1638
R,DETECTION,DETECTION,1
A,1542
S,8,1545,DETECTION,src/tracking/advanced_tracker.py:_activate_slot,1545_479_645_738_753
S,9,1545,DETECTION,src/tracking/advanced_tracker.py:_activate_slot,1545_509_1551_805_1671
S,0,1545,PREDICTION,src/tracking/advanced_tracker.py:kalman_homography,
S,1,1545,PREDICTION,src/tracking/advanced_tracker.py:kalman_homography,
S,2,1545,PREDICTION,src/tracking/advanced_tracker.py:kalman_homography,
S,5,1545,PREDICTION,src/tracking/advanced_tracker.py:kalman_homography,
S,6,1545,PREDICTION,src/tracking/advanced_tracker.py:kalman_homography,
S,7,1545,PREDICTION,src/tracking/advanced_tracker.py:kalman_homography,
D,1,1545
S,2,1545,PREDICTION,src/tracking/advanced_tracker.py:id_merge,
L,0,1545,PREDICTION,src/tracking/advanced_tracker.py:kalman_homography,
R,CLAMP,CLAMP,0
L,2,1545,PREDICTION,src/tracking/advanced_tracker.py:id_merge,
R,PREDICTION,PREDICTION,1
L,5,1545,PREDICTION,src/tracking/advanced_tracker.py:kalman_homography,
R,CLAMP,CLAMP,0
L,6,1545,PREDICTION,src/tracking/advanced_tracker.py:kalman_homography,
R,CLAMP,CLAMP,0
L,7,1545,PREDICTION,src/tracking/advanced_tracker.py:kalman_homography,
R,PREDICTION,PREDICTION,1
L,8,1545,DETECTION,src/tracking/advanced_tracker.py:_activate_slot,1545_479_645_738_753
R,DETECTION,DETECTION,1
L,9,1545,DETECTION,src/tracking/advanced_tracker.py:_activate_slot,1545_509_1551_805_1671
R,DETECTION,DETECTION,1
A,1545
S,8,1548,DETECTION,src/tracking/advanced_tracker.py:_activate_slot,1548_479_647_740_754
S,9,1548,DETECTION,src/tracking/advanced_tracker.py:_activate_slot,1548_512_1551_804_1671
S,7,1548,DETECTION,src/tracking/advanced_tracker.py:_activate_slot,1548_357_1446_588_1546
S,0,1548,PREDICTION,src/tracking/advanced_tracker.py:kalman_homography,
S,1,1548,PREDICTION,src/tracking/advanced_tracker.py:kalman_homography,
S,2,1548,PREDICTION,src/tracking/advanced_tracker.py:kalman_homography,
S,5,1548,PREDICTION,src/tracking/advanced_tracker.py:kalman_homography,
S,6,1548,PREDICTION,src/tracking/advanced_tracker.py:kalman_homography,
D,1,1548
S,2,1548,PREDICTION,src/tracking/advanced_tracker.py:id_merge,
L,0,1548,PREDICTION,src/tracking/advanced_tracker.py:kalman_homography,
R,CLAMP,CLAMP,0
L,2,1548,PREDICTION,src/tracking/advanced_tracker.py:id_merge,
R,PREDICTION,SUBPIXEL,0
L,5,1548,PREDICTION,src/tracking/advanced_tracker.py:kalman_homography,
R,CLAMP,CLAMP,0
L,6,1548,PREDICTION,src/tracking/advanced_tracker.py:kalman_homography,
R,CLAMP,CLAMP,0
L,7,1548,DETECTION,src/tracking/advanced_tracker.py:_activate_slot,1548_357_1446_588_1546
R,DETECTION,DETECTION,1
L,8,1548,DETECTION,src/tracking/advanced_tracker.py:_activate_slot,1548_479_647_740_754
R,DETECTION,DETECTION,1
L,9,1548,DETECTION,src/tracking/advanced_tracker.py:_activate_slot,1548_512_1551_804_1671
R,DETECTION,DETECTION,1
A,1548
S,8,1551,DETECTION,src/tracking/advanced_tracker.py:_activate_slot,1551_479_648_740_756
S,9,1551,DETECTION,src/tracking/advanced_tracker.py:_activate_slot,1551_510_1546_804_1669
S,7,1551,DETECTION,src/tracking/advanced_tracker.py:_activate_slot,1551_361_1423_596_1543
S,3,1551,DETECTION,src/tracking/advanced_tracker.py:_activate_slot,1551_506_1776_679_1878
S,0,1551,PREDICTION,src/tracking/advanced_tracker.py:kalman_homography,
S,1,1551,PREDICTION,src/tracking/advanced_tracker.py:kalman_homography,
S,2,1551,PREDICTION,src/tracking/advanced_tracker.py:kalman_homography,
S,5,1551,PREDICTION,src/tracking/advanced_tracker.py:kalman_homography,
S,6,1551,PREDICTION,src/tracking/advanced_tracker.py:kalman_homography,
D,0,1551
S,3,1551,PREDICTION,src/tracking/advanced_tracker.py:id_merge,
D,1,1551
S,2,1551,PREDICTION,src/tracking/advanced_tracker.py:id_merge,
L,2,1551,PREDICTION,src/tracking/advanced_tracker.py:id_merge,
R,PREDICTION,SUBPIXEL,0
L,3,1551,PREDICTION,src/tracking/advanced_tracker.py:id_merge,
R,PREDICTION,PREDICTION,1
L,5,1551,PREDICTION,src/tracking/advanced_tracker.py:kalman_homography,
R,CLAMP,CLAMP,0
L,6,1551,PREDICTION,src/tracking/advanced_tracker.py:kalman_homography,
R,CLAMP,CLAMP,0
L,7,1551,DETECTION,src/tracking/advanced_tracker.py:_activate_slot,1551_361_1423_596_1543
R,DETECTION,DETECTION,1
L,8,1551,DETECTION,src/tracking/advanced_tracker.py:_activate_slot,1551_479_648_740_756
R,DETECTION,DETECTION,1
L,9,1551,DETECTION,src/tracking/advanced_tracker.py:_activate_slot,1551_510_1546_804_1669
R,DETECTION,DETECTION,1
A,1551
S,3,1554,DETECTION,src/tracking/advanced_tracker.py:_activate_slot,1554_506_1773_678_1881
S,8,1554,DETECTION,src/tracking/advanced_tracker.py:_activate_slot,1554_483_654_730_759
S,9,1554,DETECTION,src/tracking/advanced_tracker.py:_activate_slot,1554_507_1548_804_1671
S,7,1554,DETECTION,src/tracking/advanced_tracker.py:_activate_slot,1554_360_1419_594_1545
S,4,1554,DETECTION,src/tracking/advanced_tracker.py:_activate_slot,1554_489_1833_721_1935
S,0,1554,PREDICTION,src/tracking/advanced_tracker.py:kalman_homography,
S,1,1554,PREDICTION,src/tracking/advanced_tracker.py:kalman_homography,
S,2,1554,PREDICTION,src/tracking/advanced_tracker.py:kalman_homography,
S,5,1554,PREDICTION,src/tracking/advanced_tracker.py:kalman_homography,
S,6,1554,PREDICTION,src/tracking/advanced_tracker.py:kalman_homography,
D,0,1554
S,3,1554,PREDICTION,src/tracking/advanced_tracker.py:id_merge,
D,1,1554
S,2,1554,PREDICTION,src/tracking/advanced_tracker.py:id_merge,
D,3,1554
S,4,1554,PREDICTION,src/tracking/advanced_tracker.py:id_merge,
L,2,1554,PREDICTION,src/tracking/advanced_tracker.py:id_merge,
R,PREDICTION,SUBPIXEL,0
L,4,1554,PREDICTION,src/tracking/advanced_tracker.py:id_merge,
R,PREDICTION,PREDICTION,1
L,5,1554,PREDICTION,src/tracking/advanced_tracker.py:kalman_homography,
R,CLAMP,CLAMP,0
L,6,1554,PREDICTION,src/tracking/advanced_tracker.py:kalman_homography,
R,CLAMP,CLAMP,0
L,7,1554,DETECTION,src/tracking/advanced_tracker.py:_activate_slot,1554_360_1419_594_1545
R,DETECTION,DETECTION,1
L,8,1554,DETECTION,src/tracking/advanced_tracker.py:_activate_slot,1554_483_654_730_759
R,DETECTION,DETECTION,1
L,9,1554,DETECTION,src/tracking/advanced_tracker.py:_activate_slot,1554_507_1548_804_1671
R,DETECTION,DETECTION,1
A,1554
S,3,1557,DETECTION,src/tracking/advanced_tracker.py:_activate_slot,1557_507_1771_678_1882
S,4,1557,DETECTION,src/tracking/advanced_tracker.py:_activate_slot,1557_487_1836_724_1935
S,8,1557,DETECTION,src/tracking/advanced_tracker.py:_activate_slot,1557_480_644_750_756
S,9,1557,DETECTION,src/tracking/advanced_tracker.py:_activate_slot,1557_508_1548_803_1668
S,0,1557,PREDICTION,src/tracking/advanced_tracker.py:kalman_homography,
S,1,1557,PREDICTION,src/tracking/advanced_tracker.py:kalman_homography,
S,2,1557,PREDICTION,src/tracking/advanced_tracker.py:kalman_homography,
S,5,1557,PREDICTION,src/tracking/advanced_tracker.py:kalman_homography,
S,6,1557,PREDICTION,src/tracking/advanced_tracker.py:kalman_homography,
S,7,1557,PREDICTION,src/tracking/advanced_tracker.py:kalman_homography,
D,0,1557
S,3,1557,PREDICTION,src/tracking/advanced_tracker.py:id_merge,
D,1,1557
S,2,1557,PREDICTION,src/tracking/advanced_tracker.py:id_merge,
D,3,1557
S,4,1557,PREDICTION,src/tracking/advanced_tracker.py:id_merge,
L,2,1557,PREDICTION,src/tracking/advanced_tracker.py:id_merge,
R,PREDICTION,SUBPIXEL,0
L,4,1557,PREDICTION,src/tracking/advanced_tracker.py:id_merge,
R,PREDICTION,PREDICTION,1
L,5,1557,PREDICTION,src/tracking/advanced_tracker.py:kalman_homography,
R,CLAMP,CLAMP,0
L,6,1557,PREDICTION,src/tracking/advanced_tracker.py:kalman_homography,
R,CLAMP,CLAMP,0
L,7,1557,PREDICTION,src/tracking/advanced_tracker.py:kalman_homography,
R,PREDICTION,PREDICTION,1
L,8,1557,DETECTION,src/tracking/advanced_tracker.py:_activate_slot,1557_480_644_750_756
R,DETECTION,DETECTION,1
L,9,1557,DETECTION,src/tracking/advanced_tracker.py:_activate_slot,1557_508_1548_803_1668
R,DETECTION,DETECTION,1
A,1557
S,3,1560,DETECTION,src/tracking/advanced_tracker.py:_activate_slot,1560_507_1771_678_1879
S,8,1560,DETECTION,src/tracking/advanced_tracker.py:_activate_slot,1560_482_644_753_753
S,9,1560,DETECTION,src/tracking/advanced_tracker.py:_activate_slot,1560_510_1546_803_1666
S,0,1560,PREDICTION,src/tracking/advanced_tracker.py:kalman_homography,
S,1,1560,PREDICTION,src/tracking/advanced_tracker.py:kalman_homography,
S,2,1560,PREDICTION,src/tracking/advanced_tracker.py:kalman_homography,
S,4,1560,PREDICTION,src/tracking/advanced_tracker.py:kalman_homography,
S,5,1560,PREDICTION,src/tracking/advanced_tracker.py:kalman_homography,
S,6,1560,PREDICTION,src/tracking/advanced_tracker.py:kalman_homography,
S,7,1560,PREDICTION,src/tracking/advanced_tracker.py:kalman_homography,
D,0,1560
S,3,1560,PREDICTION,src/tracking/advanced_tracker.py:id_merge,
D,1,1560
S,2,1560,PREDICTION,src/tracking/advanced_tracker.py:id_merge,
D,4,1560
S,3,1560,PREDICTION,src/tracking/advanced_tracker.py:id_merge,
L,2,1560,PREDICTION,src/tracking/advanced_tracker.py:id_merge,
R,PREDICTION,SUBPIXEL,0
L,3,1560,PREDICTION,src/tracking/advanced_tracker.py:id_merge,
R,PREDICTION,PREDICTION,1
L,5,1560,PREDICTION,src/tracking/advanced_tracker.py:kalman_homography,
R,CLAMP,CLAMP,0
L,6,1560,PREDICTION,src/tracking/advanced_tracker.py:kalman_homography,
R,CLAMP,CLAMP,0
L,7,1560,PREDICTION,src/tracking/advanced_tracker.py:kalman_homography,
R,PREDICTION,PREDICTION,1
L,8,1560,DETECTION,src/tracking/advanced_tracker.py:_activate_slot,1560_482_644_753_753
R,DETECTION,DETECTION,1
L,9,1560,DETECTION,src/tracking/advanced_tracker.py:_activate_slot,1560_510_1546_803_1666
R,DETECTION,DETECTION,1
A,1560
S,3,1563,DETECTION,src/tracking/advanced_tracker.py:_activate_slot,1563_507_1770_676_1872
S,8,1563,CLAMP,src/tracking/advanced_tracker.py:_activate_slot,1563_461_1668_633_1770
S,9,1563,DETECTION,src/tracking/advanced_tracker.py:_activate_slot,1563_509_1545_803_1668
S,0,1563,PREDICTION,src/tracking/advanced_tracker.py:kalman_homography,
S,1,1563,PREDICTION,src/tracking/advanced_tracker.py:kalman_homography,
S,2,1563,PREDICTION,src/tracking/advanced_tracker.py:kalman_homography,
S,4,1563,PREDICTION,src/tracking/advanced_tracker.py:kalman_homography,
S,5,1563,PREDICTION,src/tracking/advanced_tracker.py:kalman_homography,
S,6,1563,PREDICTION,src/tracking/advanced_tracker.py:kalman_homography,
S,7,1563,PREDICTION,src/tracking/advanced_tracker.py:kalman_homography,
D,0,1563
S,3,1563,PREDICTION,src/tracking/advanced_tracker.py:id_merge,
D,1,1563
S,2,1563,PREDICTION,src/tracking/advanced_tracker.py:id_merge,
D,4,1563
S,3,1563,PREDICTION,src/tracking/advanced_tracker.py:id_merge,
L,2,1563,PREDICTION,src/tracking/advanced_tracker.py:id_merge,
R,PREDICTION,SUBPIXEL,0
L,3,1563,PREDICTION,src/tracking/advanced_tracker.py:id_merge,
R,PREDICTION,PREDICTION,1
L,5,1563,PREDICTION,src/tracking/advanced_tracker.py:kalman_homography,
R,CLAMP,CLAMP,0
L,6,1563,PREDICTION,src/tracking/advanced_tracker.py:kalman_homography,
R,CLAMP,CLAMP,0
L,7,1563,PREDICTION,src/tracking/advanced_tracker.py:kalman_homography,
R,PREDICTION,PREDICTION,1
L,8,1563,CLAMP,src/tracking/advanced_tracker.py:_activate_slot,1563_461_1668_633_1770
R,CLAMP,CLAMP,0
L,9,1563,DETECTION,src/tracking/advanced_tracker.py:_activate_slot,1563_509_1545_803_1668
R,DETECTION,SUBPIXEL,0
A,1563
S,9,1566,DETECTION,src/tracking/advanced_tracker.py:_activate_slot,1566_510_1539_804_1665
S,3,1566,PREDICTION,src/tracking/advanced_tracker.py:kalman_homography,
S,4,1566,PREDICTION,src/tracking/advanced_tracker.py:kalman_homography,
S,7,1566,PREDICTION,src/tracking/advanced_tracker.py:kalman_homography,
S,8,1566,PREDICTION,src/tracking/advanced_tracker.py:kalman_homography,
S,0,1566,PREDICTION,src/tracking/advanced_tracker.py:flow_gapfill_batched,
S,5,1566,PREDICTION,src/tracking/advanced_tracker.py:flow_gapfill_batched,
S,6,1566,PREDICTION,src/tracking/advanced_tracker.py:flow_gapfill_batched,
D,0,1566
S,3,1566,PREDICTION,src/tracking/advanced_tracker.py:id_merge,
D,4,1566
S,3,1566,PREDICTION,src/tracking/advanced_tracker.py:id_merge,
L,3,1566,PREDICTION,src/tracking/advanced_tracker.py:id_merge,
R,PREDICTION,PREDICTION,1
L,5,1566,PREDICTION,src/tracking/advanced_tracker.py:flow_gapfill_batched,
R,CLAMP,CLAMP,0
L,6,1566,PREDICTION,src/tracking/advanced_tracker.py:flow_gapfill_batched,
R,CLAMP,CLAMP,0
L,7,1566,PREDICTION,src/tracking/advanced_tracker.py:kalman_homography,
R,PREDICTION,PREDICTION,1
L,8,1566,PREDICTION,src/tracking/advanced_tracker.py:kalman_homography,
R,CLAMP,CLAMP,0
L,9,1566,DETECTION,src/tracking/advanced_tracker.py:_activate_slot,1566_510_1539_804_1665
R,DETECTION,DETECTION,1
A,1566
S,3,1569,DETECTION,src/tracking/advanced_tracker.py:_activate_slot,1569_506_1765_675_1876
S,9,1569,DETECTION,src/tracking/advanced_tracker.py:_activate_slot,1569_510_1539_804_1665
S,4,1569,PREDICTION,src/tracking/advanced_tracker.py:kalman_homography,
S,7,1569,PREDICTION,src/tracking/advanced_tracker.py:kalman_homography,
S,8,1569,PREDICTION,src/tracking/advanced_tracker.py:flow_gapfill_batched,
D,4,1569
S,3,1569,PREDICTION,src/tracking/advanced_tracker.py:id_merge,
D,8,1569
S,9,1569,PREDICTION,src/tracking/advanced_tracker.py:id_merge,
L,3,1569,PREDICTION,src/tracking/advanced_tracker.py:id_merge,
R,PREDICTION,PREDICTION,1
L,7,1569,PREDICTION,src/tracking/advanced_tracker.py:kalman_homography,
R,PREDICTION,PREDICTION,1
L,9,1569,PREDICTION,src/tracking/advanced_tracker.py:id_merge,
R,PREDICTION,SUBPIXEL,0
A,1569
S,9,1572,DETECTION,src/tracking/advanced_tracker.py:_activate_slot,1572_510_1539_803_1665
S,3,1572,PREDICTION,src/tracking/advanced_tracker.py:kalman_homography,
S,4,1572,PREDICTION,src/tracking/advanced_tracker.py:kalman_homography,
S,7,1572,PREDICTION,src/tracking/advanced_tracker.py:kalman_homography,
S,8,1572,PREDICTION,src/tracking/advanced_tracker.py:flow_gapfill_batched,
D,4,1572
S,3,1572,PREDICTION,src/tracking/advanced_tracker.py:id_merge,
D,8,1572
S,9,1572,PREDICTION,src/tracking/advanced_tracker.py:id_merge,
L,3,1572,PREDICTION,src/tracking/advanced_tracker.py:id_merge,
R,PREDICTION,PREDICTION,1
L,7,1572,PREDICTION,src/tracking/advanced_tracker.py:kalman_homography,
R,PREDICTION,PREDICTION,1
L,9,1572,PREDICTION,src/tracking/advanced_tracker.py:id_merge,
R,PREDICTION,SUBPIXEL,0
A,1572
S,3,1575,DETECTION,src/tracking/advanced_tracker.py:_activate_slot,1575_165_1452_1029_1806
S,5,1575,DETECTION,src/tracking/advanced_tracker.py:_activate_slot,1575_283_640_894_1006
S,9,1575,DETECTION,src/tracking/advanced_tracker.py:_activate_slot,1575_399_1776_555_1932
S,4,1575,PREDICTION,src/tracking/advanced_tracker.py:kalman_homography,
S,7,1575,PREDICTION,src/tracking/advanced_tracker.py:kalman_homography,
S,8,1575,PREDICTION,src/tracking/advanced_tracker.py:flow_gapfill_batched,
D,8,1575
S,9,1575,PREDICTION,src/tracking/advanced_tracker.py:id_merge,
L,3,1575,DETECTION,src/tracking/advanced_tracker.py:_activate_slot,1575_165_1452_1029_1806
R,DETECTION,DETECTION,1
L,4,1575,PREDICTION,src/tracking/advanced_tracker.py:kalman_homography,
R,PREDICTION,PREDICTION,1
L,5,1575,DETECTION,src/tracking/advanced_tracker.py:_activate_slot,1575_283_640_894_1006
R,CLAMP,CLAMP,0
L,7,1575,PREDICTION,src/tracking/advanced_tracker.py:kalman_homography,
R,PREDICTION,PREDICTION,1
L,9,1575,PREDICTION,src/tracking/advanced_tracker.py:id_merge,
R,PREDICTION,PREDICTION,1
A,1575
S,4,1578,DETECTION,src/tracking/advanced_tracker.py:_activate_slot,1578_398_1788_553_1932
S,5,1578,DETECTION,src/tracking/advanced_tracker.py:_activate_slot,1578_282_697_882_955
S,3,1578,PREDICTION,src/tracking/advanced_tracker.py:kalman_homography,
S,9,1578,PREDICTION,src/tracking/advanced_tracker.py:kalman_homography,
S,7,1578,PREDICTION,src/tracking/advanced_tracker.py:flow_gapfill_batched,
S,8,1578,PREDICTION,src/tracking/advanced_tracker.py:flow_gapfill_batched,
L,3,1578,PREDICTION,src/tracking/advanced_tracker.py:kalman_homography,
R,PREDICTION,PREDICTION,1
L,4,1578,DETECTION,src/tracking/advanced_tracker.py:_activate_slot,1578_398_1788_553_1932
R,DETECTION,DETECTION,1
L,5,1578,DETECTION,src/tracking/advanced_tracker.py:_activate_slot,1578_282_697_882_955
R,CLAMP,CLAMP,0
L,7,1578,PREDICTION,src/tracking/advanced_tracker.py:flow_gapfill_batched,
R,PREDICTION,PREDICTION,1
L,8,1578,PREDICTION,src/tracking/advanced_tracker.py:flow_gapfill_batched,
R,CLAMP,CLAMP,0
L,9,1578,PREDICTION,src/tracking/advanced_tracker.py:kalman_homography,
R,PREDICTION,PREDICTION,1
A,1578
S,4,1581,DETECTION,src/tracking/advanced_tracker.py:_activate_slot,1581_399_1794_549_1932
S,5,1581,DETECTION,src/tracking/advanced_tracker.py:_activate_slot,1581_299_597_894_943
S,3,1581,PREDICTION,src/tracking/advanced_tracker.py:kalman_homography,
S,9,1581,PREDICTION,src/tracking/advanced_tracker.py:flow_gapfill_batched,
L,3,1581,PREDICTION,src/tracking/advanced_tracker.py:kalman_homography,
R,PREDICTION,PREDICTION,1
L,4,1581,DETECTION,src/tracking/advanced_tracker.py:_activate_slot,1581_399_1794_549_1932
R,DETECTION,DETECTION,1
L,5,1581,DETECTION,src/tracking/advanced_tracker.py:_activate_slot,1581_299_597_894_943
R,CLAMP,CLAMP,0
L,9,1581,PREDICTION,src/tracking/advanced_tracker.py:flow_gapfill_batched,
R,PREDICTION,PREDICTION,1
A,1581
S,4,1584,DETECTION,src/tracking/advanced_tracker.py:_activate_slot,1584_398_1803_546_1935
S,6,1584,DETECTION,src/tracking/advanced_tracker.py:_activate_slot,1584_164_1086_894_1414
S,3,1584,PREDICTION,src/tracking/advanced_tracker.py:kalman_homography,
S,5,1584,PREDICTION,src/tracking/advanced_tracker.py:kalman_homography,
S,9,1584,PREDICTION,src/tracking/advanced_tracker.py:flow_gapfill_batched,
L,3,1584,PREDICTION,src/tracking/advanced_tracker.py:kalman_homography,
R,PREDICTION,PREDICTION,1
L,4,1584,DETECTION,src/tracking/advanced_tracker.py:_activate_slot,1584_398_1803_546_1935
R,DETECTION,DETECTION,1
L,5,1584,PREDICTION,src/tracking/advanced_tracker.py:kalman_homography,
R,CLAMP,CLAMP,0
L,6,1584,DETECTION,src/tracking/advanced_tracker.py:_activate_slot,1584_164_1086_894_1414
R,CLAMP,CLAMP,0
L,9,1584,PREDICTION,src/tracking/advanced_tracker.py:flow_gapfill_batched,
R,PREDICTION,PREDICTION,1
A,1584
S,4,1587,DETECTION,src/tracking/advanced_tracker.py:_activate_slot,1587_398_1803_546_1935
S,0,1587,DETECTION,src/tracking/advanced_tracker.py:_activate_slot,1587_407_801_540_945
S,1,1587,DETECTION,src/tracking/advanced_tracker.py:_activate_slot,1587_409_904_538_1042
S,3,1587,PREDICTION,src/tracking/advanced_tracker.py:kalman_homography,
S,5,1587,PREDICTION,src/tracking/advanced_tracker.py:kalman_homography,
S,6,1587,PREDICTION,src/tracking/advanced_tracker.py:kalman_homography,
S,9,1587,PREDICTION,src/tracking/advanced_tracker.py:flow_gapfill_batched,
D,0,1587
S,1,1587,PREDICTION,src/tracking/advanced_tracker.py:id_merge,
L,1,1587,PREDICTION,src/tracking/advanced_tracker.py:id_merge,
R,CLAMP,CLAMP,0
L,3,1587,PREDICTION,src/tracking/advanced_tracker.py:kalman_homography,
R,PREDICTION,PREDICTION,1
L,4,1587,DETECTION,src/tracking/advanced_tracker.py:_activate_slot,1587_398_1803_546_1935
R,DETECTION,SUBPIXEL,0
L,5,1587,PREDICTION,src/tracking/advanced_tracker.py:kalman_homography,
R,CLAMP,CLAMP,0
L,6,1587,PREDICTION,src/tracking/advanced_tracker.py:kalman_homography,
R,CLAMP,CLAMP,0
L,9,1587,PREDICTION,src/tracking/advanced_tracker.py:flow_gapfill_batched,
R,PREDICTION,PREDICTION,1
A,1587
S,0,1590,DETECTION,src/tracking/advanced_tracker.py:_activate_slot,1590_405_806_539_953
S,2,1590,DETECTION,src/tracking/advanced_tracker.py:_activate_slot,1590_226_1227_533_1398
S,4,1590,DETECTION,src/tracking/advanced_tracker.py:_activate_slot,1590_397_1804_545_1935
S,1,1590,DETECTION,src/tracking/advanced_tracker.py:_activate_slot,1590_406_913_540_1045
S,3,1590,PREDICTION,src/tracking/advanced_tracker.py:kalman_homography,
S,5,1590,PREDICTION,src/tracking/advanced_tracker.py:kalman_homography,
S,6,1590,PREDICTION,src/tracking/advanced_tracker.py:kalman_homography,
S,9,1590,PREDICTION,src/tracking/advanced_tracker.py:flow_gapfill_batched,
D,0,1590
S,1,1590,PREDICTION,src/tracking/advanced_tracker.py:id_merge,
L,1,1590,PREDICTION,src/tracking/advanced_tracker.py:id_merge,
R,CLAMP,CLAMP,0
L,2,1590,DETECTION,src/tracking/advanced_tracker.py:_activate_slot,1590_226_1227_533_1398
R,DETECTION,DETECTION,1
L,3,1590,PREDICTION,src/tracking/advanced_tracker.py:kalman_homography,
R,PREDICTION,PREDICTION,1
L,4,1590,DETECTION,src/tracking/advanced_tracker.py:_activate_slot,1590_397_1804_545_1935
R,DETECTION,DETECTION,1
L,5,1590,PREDICTION,src/tracking/advanced_tracker.py:kalman_homography,
R,CLAMP,CLAMP,0
L,6,1590,PREDICTION,src/tracking/advanced_tracker.py:kalman_homography,
R,CLAMP,CLAMP,0
L,9,1590,PREDICTION,src/tracking/advanced_tracker.py:flow_gapfill_batched,
R,PREDICTION,PREDICTION,1
A,1590
S,0,1593,DETECTION,src/tracking/advanced_tracker.py:_activate_slot,1593_405_815_538_957
S,1,1593,DETECTION,src/tracking/advanced_tracker.py:_activate_slot,1593_403_917_537_1059
S,2,1593,DETECTION,src/tracking/advanced_tracker.py:_activate_slot,1593_225_1236_531_1404
S,4,1593,DETECTION,src/tracking/advanced_tracker.py:_activate_slot,1593_396_1812_546_1935
S,3,1593,PREDICTION,src/tracking/advanced_tracker.py:kalman_homography,
S,6,1593,PREDICTION,src/tracking/advanced_tracker.py:kalman_homography,
S,5,1593,PREDICTION,src/tracking/advanced_tracker.py:flow_gapfill_batched,
S,9,1593,PREDICTION,src/tracking/advanced_tracker.py:flow_gapfill_batched,
D,0,1593
S,1,1593,PREDICTION,src/tracking/advanced_tracker.py:id_merge,
L,1,1593,PREDICTION,src/tracking/advanced_tracker.py:id_merge,
R,CLAMP,CLAMP,0
L,2,1593,DETECTION,src/tracking/advanced_tracker.py:_activate_slot,1593_225_1236_531_1404
R,DETECTION,DETECTION,1
L,3,1593,PREDICTION,src/tracking/advanced_tracker.py:kalman_homography,
R,PREDICTION,PREDICTION,1
L,4,1593,DETECTION,src/tracking/advanced_tracker.py:_activate_slot,1593_396_1812_546_1935
R,DETECTION,DETECTION,1
L,5,1593,PREDICTION,src/tracking/advanced_tracker.py:flow_gapfill_batched,
R,CLAMP,CLAMP,0
L,6,1593,PREDICTION,src/tracking/advanced_tracker.py:kalman_homography,
R,CLAMP,CLAMP,0
L,9,1593,PREDICTION,src/tracking/advanced_tracker.py:flow_gapfill_batched,
R,PREDICTION,PREDICTION,1
A,1593
S,0,1596,DETECTION,src/tracking/advanced_tracker.py:_activate_slot,1596_406_934_532_1060
S,2,1596,DETECTION,src/tracking/advanced_tracker.py:_activate_slot,1596_222_1247_527_1419
S,4,1596,DETECTION,src/tracking/advanced_tracker.py:_activate_slot,1596_175_1514_1027_1929
S,6,1596,DETECTION,src/tracking/advanced_tracker.py:_activate_slot,1596_402_822_535_969
S,7,1596,DETECTION,src/tracking/advanced_tracker.py:_activate_slot,1596_411_1279_537_1426
S,1,1596,PREDICTION,src/tracking/advanced_tracker.py:kalman_homography,
S,3,1596,PREDICTION,src/tracking/advanced_tracker.py:kalman_homography,
S,5,1596,PREDICTION,src/tracking/advanced_tracker.py:flow_gapfill_batched,
S,9,1596,PREDICTION,src/tracking/advanced_tracker.py:flow_gapfill_batched,
D,1,1596
S,0,1596,PREDICTION,src/tracking/advanced_tracker.py:id_merge,
L,0,1596,PREDICTION,src/tracking/advanced_tracker.py:id_merge,
R,CLAMP,CLAMP,0
L,2,1596,DETECTION,src/tracking/advanced_tracker.py:_activate_slot,1596_222_1247_527_1419
R,DETECTION,DETECTION,1
L,3,1596,PREDICTION,src/tracking/advanced_tracker.py:kalman_homography,
R,PREDICTION,PREDICTION,1
L,4,1596,DETECTION,src/tracking/advanced_tracker.py:_activate_slot,1596_175_1514_1027_1929
R,DETECTION,DETECTION,1
L,5,1596,PREDICTION,src/tracking/advanced_tracker.py:flow_gapfill_batched,
R,CLAMP,CLAMP,0
L,6,1596,DETECTION,src/tracking/advanced_tracker.py:_activate_slot,1596_402_822_535_969
R,CLAMP,CLAMP,0
L,7,1596,DETECTION,src/tracking/advanced_tracker.py:_activate_slot,1596_411_1279_537_1426
R,DETECTION,DETECTION,1
L,9,1596,PREDICTION,src/tracking/advanced_tracker.py:flow_gapfill_batched,
R,PREDICTION,PREDICTION,1
A,1596
S,0,1599,DETECTION,src/tracking/advanced_tracker.py:_activate_slot,1599_396_838_529_987
S,1,1599,DETECTION,src/tracking/advanced_tracker.py:_activate_slot,1599_398_939_527_1076
S,2,1599,DETECTION,src/tracking/advanced_tracker.py:_activate_slot,1599_222_1263_519_1432
S,6,1599,CLAMP,src/tracking/advanced_tracker.py:_activate_slot,1599_147_1779_987_1935
S,4,1599,PREDICTION,src/tracking/advanced_tracker.py:kalman_homography,
S,7,1599,PREDICTION,src/tracking/advanced_tracker.py:kalman_homography,
S,3,1599,PREDICTION,src/tracking/advanced_tracker.py:flow_gapfill_batched,
S,5,1599,PREDICTION,src/tracking/advanced_tracker.py:flow_gapfill_batched,
D,0,1599
S,1,1599,PREDICTION,src/tracking/advanced_tracker.py:id_merge,
D,3,1599
S,4,1599,PREDICTION,src/tracking/advanced_tracker.py:id_merge,
L,1,1599,PREDICTION,src/tracking/advanced_tracker.py:id_merge,
R,CLAMP,CLAMP,0
L,2,1599,DETECTION,src/tracking/advanced_tracker.py:_activate_slot,1599_222_1263_519_1432
R,DETECTION,DETECTION,1
L,4,1599,PREDICTION,src/tracking/advanced_tracker.py:id_merge,
R,PREDICTION,PREDICTION,1
L,5,1599,PREDICTION,src/tracking/advanced_tracker.py:flow_gapfill_batched,
R,CLAMP,CLAMP,0
L,6,1599,CLAMP,src/tracking/advanced_tracker.py:_activate_slot,1599_147_1779_987_1935
R,CLAMP,CLAMP,0
L,7,1599,PREDICTION,src/tracking/advanced_tracker.py:kalman_homography,
R,PREDICTION,PREDICTION,1
A,1599
S,0,1602,DETECTION,src/tracking/advanced_tracker.py:_activate_slot,1602_388_870_516_1014
S,1,1602,DETECTION,src/tracking/advanced_tracker.py:_activate_slot,1602_386_978_516_1107
S,2,1602,DETECTION,src/tracking/advanced_tracker.py:_activate_slot,1602_200_1291_507_1465
S,4,1602,PREDICTION,src/tracking/advanced_tracker.py:kalman_homography,
S,6,1602,PREDICTION,src/tracking/advanced_tracker.py:kalman_homography,
S,7,1602,PREDICTION,src/tracking/advanced_tracker.py:kalman_homography,
S,5,1602,PREDICTION,src/tracking/advanced_tracker.py:flow_gapfill_batched,
D,0,1602
S,1,1602,PREDICTION,src/tracking/advanced_tracker.py:id_merge,
L,1,1602,PREDICTION,src/tracking/advanced_tracker.py:id_merge,
R,CLAMP,CLAMP,0
L,2,1602,DETECTION,src/tracking/advanced_tracker.py:_activate_slot,1602_200_1291_507_1465
R,DETECTION,DETECTION,1
L,4,1602,PREDICTION,src/tracking/advanced_tracker.py:kalman_homography,
R,PREDICTION,PREDICTION,1
L,5,1602,PREDICTION,src/tracking/advanced_tracker.py:flow_gapfill_batched,
R,CLAMP,CLAMP,0
L,6,1602,PREDICTION,src/tracking/advanced_tracker.py:kalman_homography,
R,CLAMP,CLAMP,0
L,7,1602,PREDICTION,src/tracking/advanced_tracker.py:kalman_homography,
R,PREDICTION,PREDICTION,1
A,1602
S,0,1605,DETECTION,src/tracking/advanced_tracker.py:_activate_slot,1605_378_934_507_1084
S,1,1605,DETECTION,src/tracking/advanced_tracker.py:_activate_slot,1605_374_1041_504_1197
S,2,1605,PREDICTION,src/tracking/advanced_tracker.py:kalman_homography,
S,4,1605,PREDICTION,src/tracking/advanced_tracker.py:kalman_homography,
S,7,1605,PREDICTION,src/tracking/advanced_tracker.py:kalman_homography,
S,5,1605,PREDICTION,src/tracking/advanced_tracker.py:flow_gapfill_batched,
S,6,1605,PREDICTION,src/tracking/advanced_tracker.py:flow_gapfill_batched,
D,0,1605
S,1,1605,PREDICTION,src/tracking/advanced_tracker.py:id_merge,
L,1,1605,PREDICTION,src/tracking/advanced_tracker.py:id_merge,
R,CLAMP,CLAMP,0
L,2,1605,PREDICTION,src/tracking/advanced_tracker.py:kalman_homography,
R,PREDICTION,PREDICTION,1
L,4,1605,PREDICTION,src/tracking/advanced_tracker.py:kalman_homography,
R,PREDICTION,PREDICTION,1
L,5,1605,PREDICTION,src/tracking/advanced_tracker.py:flow_gapfill_batched,
R,CLAMP,CLAMP,0
L,6,1605,PREDICTION,src/tracking/advanced_tracker.py:flow_gapfill_batched,
R,CLAMP,CLAMP,0
L,7,1605,PREDICTION,src/tracking/advanced_tracker.py:kalman_homography,
R,PREDICTION,PREDICTION,1
A,1605
S,1,1608,DETECTION,src/tracking/advanced_tracker.py:_activate_slot,1608_367_1038_493_1188
S,0,1608,PREDICTION,src/tracking/advanced_tracker.py:kalman_homography,
S,2,1608,PREDICTION,src/tracking/advanced_tracker.py:kalman_homography,
S,4,1608,PREDICTION,src/tracking/advanced_tracker.py:kalman_homography,
S,7,1608,PREDICTION,src/tracking/advanced_tracker.py:kalman_homography,
D,0,1608
S,1,1608,PREDICTION,src/tracking/advanced_tracker.py:id_merge,
L,1,1608,PREDICTION,src/tracking/advanced_tracker.py:id_merge,
R,CLAMP,CLAMP,0
L,2,1608,PREDICTION,src/tracking/advanced_tracker.py:kalman_homography,
R,PREDICTION,PREDICTION,1
L,4,1608,PREDICTION,src/tracking/advanced_tracker.py:kalman_homography,
R,PREDICTION,PREDICTION,1
L,7,1608,PREDICTION,src/tracking/advanced_tracker.py:kalman_homography,
R,PREDICTION,PREDICTION,1
A,1608
S,8,1611,DETECTION,src/tracking/advanced_tracker.py:_activate_slot,1611_166_1602_476_1794
S,0,1611,PREDICTION,src/tracking/advanced_tracker.py:kalman_homography,
S,1,1611,PREDICTION,src/tracking/advanced_tracker.py:kalman_homography,
S,2,1611,PREDICTION,src/tracking/advanced_tracker.py:kalman_homography,
S,7,1611,PREDICTION,src/tracking/advanced_tracker.py:kalman_homography,
S,6,1611,PREDICTION,src/tracking/advanced_tracker.py:flow_gapfill_batched,
D,0,1611
S,1,1611,PREDICTION,src/tracking/advanced_tracker.py:id_merge,
D,7,1611
S,6,1611,PREDICTION,src/tracking/advanced_tracker.py:id_merge,
L,1,1611,PREDICTION,src/tracking/advanced_tracker.py:id_merge,
R,CLAMP,CLAMP,0
L,2,1611,PREDICTION,src/tracking/advanced_tracker.py:kalman_homography,
R,PREDICTION,PREDICTION,1
L,6,1611,PREDICTION,src/tracking/advanced_tracker.py:id_merge,
R,CLAMP,CLAMP,0
L,8,1611,DETECTION,src/tracking/advanced_tracker.py:_activate_slot,1611_166_1602_476_1794
R,CLAMP,CLAMP,0
A,1611
S,0,1614,PREDICTION,src/tracking/advanced_tracker.py:kalman_homography,
S,1,1614,PREDICTION,src/tracking/advanced_tracker.py:kalman_homography,
S,2,1614,PREDICTION,src/tracking/advanced_tracker.py:kalman_homography,
S,7,1614,PREDICTION,src/tracking/advanced_tracker.py:kalman_homography,
S,8,1614,PREDICTION,src/tracking/advanced_tracker.py:kalman_homography,
S,4,1614,PREDICTION,src/tracking/advanced_tracker.py:flow_gapfill_batched,
S,6,1614,PREDICTION,src/tracking/advanced_tracker.py:flow_gapfill_batched,
D,0,1614
S,1,1614,PREDICTION,src/tracking/advanced_tracker.py:id_merge,
D,7,1614
S,6,1614,PREDICTION,src/tracking/advanced_tracker.py:id_merge,
L,1,1614,PREDICTION,src/tracking/advanced_tracker.py:id_merge,
R,CLAMP,CLAMP,0
L,2,1614,PREDICTION,src/tracking/advanced_tracker.py:kalman_homography,
R,PREDICTION,PREDICTION,1
L,4,1614,PREDICTION,src/tracking/advanced_tracker.py:flow_gapfill_batched,
R,PREDICTION,PREDICTION,1
L,6,1614,PREDICTION,src/tracking/advanced_tracker.py:id_merge,
R,CLAMP,CLAMP,0
L,8,1614,PREDICTION,src/tracking/advanced_tracker.py:kalman_homography,
R,CLAMP,CLAMP,0
A,1614
S,0,1617,PREDICTION,src/tracking/advanced_tracker.py:kalman_homography,
S,1,1617,PREDICTION,src/tracking/advanced_tracker.py:kalman_homography,
S,2,1617,PREDICTION,src/tracking/advanced_tracker.py:kalman_homography,
S,7,1617,PREDICTION,src/tracking/advanced_tracker.py:kalman_homography,
S,8,1617,PREDICTION,src/tracking/advanced_tracker.py:kalman_homography,
S,6,1617,PREDICTION,src/tracking/advanced_tracker.py:flow_gapfill_batched,
D,0,1617
S,1,1617,PREDICTION,src/tracking/advanced_tracker.py:id_merge,
D,6,1617
S,8,1617,PREDICTION,src/tracking/advanced_tracker.py:id_merge,
L,1,1617,PREDICTION,src/tracking/advanced_tracker.py:id_merge,
R,CLAMP,CLAMP,0
L,2,1617,PREDICTION,src/tracking/advanced_tracker.py:kalman_homography,
R,PREDICTION,PREDICTION,1
L,7,1617,PREDICTION,src/tracking/advanced_tracker.py:kalman_homography,
R,PREDICTION,PREDICTION,1
L,8,1617,PREDICTION,src/tracking/advanced_tracker.py:id_merge,
R,CLAMP,CLAMP,0
A,1617
S,3,1620,DETECTION,src/tracking/advanced_tracker.py:_activate_slot,1620_311_1768_444_1930
S,9,1620,DETECTION,src/tracking/advanced_tracker.py:_activate_slot,1620_54_545_886_1041
S,0,1620,PREDICTION,src/tracking/advanced_tracker.py:kalman_homography,
S,1,1620,PREDICTION,src/tracking/advanced_tracker.py:kalman_homography,
S,2,1620,PREDICTION,src/tracking/advanced_tracker.py:kalman_homography,
S,8,1620,PREDICTION,src/tracking/advanced_tracker.py:kalman_homography,
S,4,1620,PREDICTION,src/tracking/advanced_tracker.py:flow_gapfill_batched,
S,7,1620,PREDICTION,src/tracking/advanced_tracker.py:flow_gapfill_batched,
D,0,1620
S,1,1620,PREDICTION,src/tracking/advanced_tracker.py:id_merge,
L,1,1620,PREDICTION,src/tracking/advanced_tracker.py:id_merge,
R,CLAMP,CLAMP,0
L,2,1620,PREDICTION,src/tracking/advanced_tracker.py:kalman_homography,
R,PREDICTION,PREDICTION,1
L,3,1620,DETECTION,src/tracking/advanced_tracker.py:_activate_slot,1620_311_1768_444_1930
R,CLAMP,CLAMP,0
L,4,1620,PREDICTION,src/tracking/advanced_tracker.py:flow_gapfill_batched,
R,PREDICTION,PREDICTION,1
L,7,1620,PREDICTION,src/tracking/advanced_tracker.py:flow_gapfill_batched,
R,PREDICTION,PREDICTION,1
L,8,1620,PREDICTION,src/tracking/advanced_tracker.py:kalman_homography,
R,CLAMP,CLAMP,0
L,9,1620,DETECTION,src/tracking/advanced_tracker.py:_activate_slot,1620_54_545_886_1041
R,CLAMP,CLAMP,0
A,1620
S,9,1623,DETECTION,src/tracking/advanced_tracker.py:_activate_slot,1623_69_650_904_1173
S,0,1623,PREDICTION,src/tracking/advanced_tracker.py:kalman_homography,
S,1,1623,PREDICTION,src/tracking/advanced_tracker.py:kalman_homography,
S,2,1623,PREDICTION,src/tracking/advanced_tracker.py:kalman_homography,
S,3,1623,PREDICTION,src/tracking/advanced_tracker.py:kalman_homography,
S,8,1623,PREDICTION,src/tracking/advanced_tracker.py:kalman_homography,
D,0,1623
S,1,1623,PREDICTION,src/tracking/advanced_tracker.py:id_merge,
L,1,1623,PREDICTION,src/tracking/advanced_tracker.py:id_merge,
R,CLAMP,CLAMP,0
L,2,1623,PREDICTION,src/tracking/advanced_tracker.py:kalman_homography,
R,PREDICTION,PREDICTION,1
L,3,1623,PREDICTION,src/tracking/advanced_tracker.py:kalman_homography,
R,CLAMP,CLAMP,0
L,8,1623,PREDICTION,src/tracking/advanced_tracker.py:kalman_homography,
R,CLAMP,CLAMP,0
L,9,1623,DETECTION,src/tracking/advanced_tracker.py:_activate_slot,1623_69_650_904_1173
R,CLAMP,CLAMP,0
A,1623
S,9,1626,DETECTION,src/tracking/advanced_tracker.py:_activate_slot,1626_50_822_898_1330
S,0,1626,PREDICTION,src/tracking/advanced_tracker.py:kalman_homography,
S,1,1626,PREDICTION,src/tracking/advanced_tracker.py:kalman_homography,
S,3,1626,PREDICTION,src/tracking/advanced_tracker.py:kalman_homography,
S,8,1626,PREDICTION,src/tracking/advanced_tracker.py:kalman_homography,
S,2,1626,PREDICTION,src/tracking/advanced_tracker.py:flow_gapfill_batched,
D,0,1626
S,1,1626,PREDICTION,src/tracking/advanced_tracker.py:id_merge,
L,1,1626,PREDICTION,src/tracking/advanced_tracker.py:id_merge,
R,CLAMP,CLAMP,0
L,2,1626,PREDICTION,src/tracking/advanced_tracker.py:flow_gapfill_batched,
R,CLAMP,CLAMP,0
L,3,1626,PREDICTION,src/tracking/advanced_tracker.py:kalman_homography,
R,CLAMP,CLAMP,0
L,8,1626,PREDICTION,src/tracking/advanced_tracker.py:kalman_homography,
R,CLAMP,CLAMP,0
L,9,1626,DETECTION,src/tracking/advanced_tracker.py:_activate_slot,1626_50_822_898_1330
R,CLAMP,CLAMP,0
A,1626
S,5,1629,DETECTION,src/tracking/advanced_tracker.py:_activate_slot,1629_313_1438_646_1608
S,1,1629,PREDICTION,src/tracking/advanced_tracker.py:kalman_homography,
S,3,1629,PREDICTION,src/tracking/advanced_tracker.py:kalman_homography,
S,8,1629,PREDICTION,src/tracking/advanced_tracker.py:kalman_homography,
S,9,1629,PREDICTION,src/tracking/advanced_tracker.py:kalman_homography,
L,1,1629,PREDICTION,src/tracking/advanced_tracker.py:kalman_homography,
R,CLAMP,CLAMP,0
L,3,1629,PREDICTION,src/tracking/advanced_tracker.py:kalman_homography,
R,CLAMP,CLAMP,0
L,5,1629,DETECTION,src/tracking/advanced_tracker.py:_activate_slot,1629_313_1438_646_1608
R,CLAMP,CLAMP,0
L,8,1629,PREDICTION,src/tracking/advanced_tracker.py:kalman_homography,
R,CLAMP,CLAMP,0
L,9,1629,PREDICTION,src/tracking/advanced_tracker.py:kalman_homography,
R,CLAMP,CLAMP,0
A,1629
S,9,1722,DETECTION,src/tracking/advanced_tracker.py:_activate_slot,1722_-9_1078_897_1545
S,3,1722,PREDICTION,src/tracking/advanced_tracker.py:kalman_homography,
S,5,1722,PREDICTION,src/tracking/advanced_tracker.py:kalman_homography,
S,8,1722,PREDICTION,src/tracking/advanced_tracker.py:kalman_homography,
L,3,1722,PREDICTION,src/tracking/advanced_tracker.py:kalman_homography,
R,CLAMP,CLAMP,0
L,5,1722,PREDICTION,src/tracking/advanced_tracker.py:kalman_homography,
R,CLAMP,CLAMP,0
L,8,1722,PREDICTION,src/tracking/advanced_tracker.py:kalman_homography,
R,CLAMP,CLAMP,0
L,9,1722,DETECTION,src/tracking/advanced_tracker.py:_activate_slot,1722_-9_1078_897_1545
R,CLAMP,CLAMP,0
A,1722
S,9,1725,DETECTION,src/tracking/advanced_tracker.py:_activate_slot,1725_21_1108_897_1647
S,3,1725,PREDICTION,src/tracking/advanced_tracker.py:kalman_homography,
S,5,1725,PREDICTION,src/tracking/advanced_tracker.py:kalman_homography,
S,8,1725,PREDICTION,src/tracking/advanced_tracker.py:flow_gapfill_batched,
L,3,1725,PREDICTION,src/tracking/advanced_tracker.py:kalman_homography,
R,CLAMP,CLAMP,0
L,5,1725,PREDICTION,src/tracking/advanced_tracker.py:kalman_homography,
R,CLAMP,CLAMP,0
L,8,1725,PREDICTION,src/tracking/advanced_tracker.py:flow_gapfill_batched,
R,CLAMP,CLAMP,0
L,9,1725,DETECTION,src/tracking/advanced_tracker.py:_activate_slot,1725_21_1108_897_1647
R,CLAMP,CLAMP,0
A,1725
S,9,1728,DETECTION,src/tracking/advanced_tracker.py:_activate_slot,1728_-12_1084_895_1762
S,3,1728,PREDICTION,src/tracking/advanced_tracker.py:kalman_homography,
S,5,1728,PREDICTION,src/tracking/advanced_tracker.py:kalman_homography,
L,3,1728,PREDICTION,src/tracking/advanced_tracker.py:kalman_homography,
R,CLAMP,CLAMP,0
L,5,1728,PREDICTION,src/tracking/advanced_tracker.py:kalman_homography,
R,CLAMP,CLAMP,0
L,9,1728,DETECTION,src/tracking/advanced_tracker.py:_activate_slot,1728_-12_1084_895_1762
R,CLAMP,CLAMP,0
A,1728
S,4,1731,DETECTION,src/tracking/advanced_tracker.py:_activate_slot,1731_485_1810_713_1933
S,7,1731,DETECTION,src/tracking/advanced_tracker.py:_activate_slot,1731_540_663_823_792
S,3,1731,PREDICTION,src/tracking/advanced_tracker.py:kalman_homography,
S,5,1731,PREDICTION,src/tracking/advanced_tracker.py:kalman_homography,
S,9,1731,PREDICTION,src/tracking/advanced_tracker.py:kalman_homography,
D,5,1731
S,9,1731,PREDICTION,src/tracking/advanced_tracker.py:id_merge,
L,3,1731,PREDICTION,src/tracking/advanced_tracker.py:kalman_homography,
R,CLAMP,CLAMP,0
L,4,1731,DETECTION,src/tracking/advanced_tracker.py:_activate_slot,1731_485_1810_713_1933
R,DETECTION,DETECTION,1
L,7,1731,DETECTION,src/tracking/advanced_tracker.py:_activate_slot,1731_540_663_823_792
R,CLAMP,CLAMP,0
L,9,1731,PREDICTION,src/tracking/advanced_tracker.py:id_merge,
R,PREDICTION,PREDICTION,1
A,1731
S,7,1734,DETECTION,src/tracking/advanced_tracker.py:_activate_slot,1734_542_687_821_801
S,6,1734,DETECTION,src/tracking/advanced_tracker.py:_activate_slot,1734_525_748_765_904
S,4,1734,PREDICTION,src/tracking/advanced_tracker.py:kalman_homography,
S,5,1734,PREDICTION,src/tracking/advanced_tracker.py:kalman_homography,
S,9,1734,PREDICTION,src/tracking/advanced_tracker.py:kalman_homography,
S,3,1734,PREDICTION,src/tracking/advanced_tracker.py:flow_gapfill_batched,
D,6,1734
S,7,1734,PREDICTION,src/tracking/advanced_tracker.py:id_merge,
L,3,1734,PREDICTION,src/tracking/advanced_tracker.py:flow_gapfill_batched,
R,CLAMP,CLAMP,0
L,4,1734,PREDICTION,src/tracking/advanced_tracker.py:kalman_homography,
R,PREDICTION,PREDICTION,1
L,5,1734,PREDICTION,src/tracking/advanced_tracker.py:kalman_homography,
R,CLAMP,CLAMP,0
L,7,1734,PREDICTION,src/tracking/advanced_tracker.py:id_merge,
R,CLAMP,CLAMP,0
L,9,1734,PREDICTION,src/tracking/advanced_tracker.py:kalman_homography,
R,PREDICTION,PREDICTION,1
A,1734
S,6,1737,DETECTION,src/tracking/advanced_tracker.py:_activate_slot,1737_543_777_771_936
S,7,1737,DETECTION,src/tracking/advanced_tracker.py:_activate_slot,1737_540_702_813_817
S,4,1737,PREDICTION,src/tracking/advanced_tracker.py:kalman_homography,
S,5,1737,PREDICTION,src/tracking/advanced_tracker.py:kalman_homography,
S,9,1737,PREDICTION,src/tracking/advanced_tracker.py:kalman_homography,
D,6,1737
S,7,1737,PREDICTION,src/tracking/advanced_tracker.py:id_merge,
L,4,1737,PREDICTION,src/tracking/advanced_tracker.py:kalman_homography,
R,PREDICTION,SUBPIXEL,0
L,5,1737,PREDICTION,src/tracking/advanced_tracker.py:kalman_homography,
R,CLAMP,CLAMP,0
L,7,1737,PREDICTION,src/tracking/advanced_tracker.py:id_merge,
R,CLAMP,CLAMP,0
L,9,1737,PREDICTION,src/tracking/advanced_tracker.py:kalman_homography,
R,PREDICTION,PREDICTION,1
A,1737
S,6,1740,DETECTION,src/tracking/advanced_tracker.py:_activate_slot,1740_527_787_770_937
S,7,1740,DETECTION,src/tracking/advanced_tracker.py:_activate_slot,1740_533_710_801_837
S,4,1740,PREDICTION,src/tracking/advanced_tracker.py:kalman_homography,
S,5,1740,PREDICTION,src/tracking/advanced_tracker.py:kalman_homography,
S,9,1740,PREDICTION,src/tracking/advanced_tracker.py:kalman_homography,
D,6,1740
S,7,1740,PREDICTION,src/tracking/advanced_tracker.py:id_merge,
L,4,1740,PREDICTION,src/tracking/advanced_tracker.py:kalman_homography,
R,PREDICTION,SUBPIXEL,0
L,5,1740,PREDICTION,src/tracking/advanced_tracker.py:kalman_homography,
R,CLAMP,CLAMP,0
L,7,1740,PREDICTION,src/tracking/advanced_tracker.py:id_merge,
R,CLAMP,CLAMP,0
L,9,1740,PREDICTION,src/tracking/advanced_tracker.py:kalman_homography,
R,PREDICTION,PREDICTION,1
A,1740
S,6,1743,DETECTION,src/tracking/advanced_tracker.py:_activate_slot,1743_522_794_768_935
S,7,1743,DETECTION,src/tracking/advanced_tracker.py:_activate_slot,1743_546_708_797_870
S,4,1743,PREDICTION,src/tracking/advanced_tracker.py:kalman_homography,
S,9,1743,PREDICTION,src/tracking/advanced_tracker.py:kalman_homography,
S,5,1743,PREDICTION,src/tracking/advanced_tracker.py:flow_gapfill_batched,
D,6,1743
S,7,1743,PREDICTION,src/tracking/advanced_tracker.py:id_merge,
L,4,1743,PREDICTION,src/tracking/advanced_tracker.py:kalman_homography,
R,PREDICTION,SUBPIXEL,0
L,5,1743,PREDICTION,src/tracking/advanced_tracker.py:flow_gapfill_batched,
R,CLAMP,CLAMP,0
L,7,1743,PREDICTION,src/tracking/advanced_tracker.py:id_merge,
R,CLAMP,CLAMP,0
L,9,1743,PREDICTION,src/tracking/advanced_tracker.py:kalman_homography,
R,PREDICTION,PREDICTION,1
A,1743
S,6,1746,DETECTION,src/tracking/advanced_tracker.py:_activate_slot,1746_511_793_793_976
S,8,1746,DETECTION,src/tracking/advanced_tracker.py:_activate_slot,1746_420_1326_695_1457
S,4,1746,PREDICTION,src/tracking/advanced_tracker.py:kalman_homography,
S,7,1746,PREDICTION,src/tracking/advanced_tracker.py:kalman_homography,
S,9,1746,PREDICTION,src/tracking/advanced_tracker.py:kalman_homography,
D,7,1746
S,6,1746,PREDICTION,src/tracking/advanced_tracker.py:id_merge,
L,4,1746,PREDICTION,src/tracking/advanced_tracker.py:kalman_homography,
R,PREDICTION,SUBPIXEL,0
L,6,1746,PREDICTION,src/tracking/advanced_tracker.py:id_merge,
R,CLAMP,CLAMP,0
L,8,1746,DETECTION,src/tracking/advanced_tracker.py:_activate_slot,1746_420_1326_695_1457
R,CLAMP,CLAMP,0
L,9,1746,PREDICTION,src/tracking/advanced_tracker.py:kalman_homography,
R,PREDICTION,PREDICTION,1
A,1746
S,6,1749,DETECTION,src/tracking/advanced_tracker.py:_activate_slot,1749_513_805_745_1015
S,7,1749,DETECTION,src/tracking/advanced_tracker.py:_activate_slot,1749_543_721_795_880
S,8,1749,DETECTION,src/tracking/advanced_tracker.py:_activate_slot,1749_422_1306_689_1450
S,4,1749,PREDICTION,src/tracking/advanced_tracker.py:kalman_homography,
D,6,1749
S,7,1749,PREDICTION,src/tracking/advanced_tracker.py:id_merge,
L,4,1749,PREDICTION,src/tracking/advanced_tracker.py:kalman_homography,
R,PREDICTION,SUBPIXEL,0
L,7,1749,PREDICTION,src/tracking/advanced_tracker.py:id_merge,
R,CLAMP,CLAMP,0
L,8,1749,DETECTION,src/tracking/advanced_tracker.py:_activate_slot,1749_422_1306_689_1450
R,CLAMP,CLAMP,0
A,1749
S,6,1752,DETECTION,src/tracking/advanced_tracker.py:_activate_slot,1752_516_828_748_1041
S,7,1752,DETECTION,src/tracking/advanced_tracker.py:_activate_slot,1752_535_717_771_860
S,8,1752,DETECTION,src/tracking/advanced_tracker.py:_activate_slot,1752_417_1311_683_1443
S,0,1752,DETECTION,src/tracking/advanced_tracker.py:_activate_slot,1752_501_1755_664_1851
S,4,1752,PREDICTION,src/tracking/advanced_tracker.py:kalman_homography,
S,9,1752,PREDICTION,src/tracking/advanced_tracker.py:flow_gapfill_batched,
D,4,1752
S,0,1752,PREDICTION,src/tracking/advanced_tracker.py:id_merge,
D,6,1752
S,7,1752,PREDICTION,src/tracking/advanced_tracker.py:id_merge,
D,9,1752
S,8,1752,PREDICTION,src/tracking/advanced_tracker.py:id_merge,
L,0,1752,PREDICTION,src/tracking/advanced_tracker.py:id_merge,
R,CLAMP,CLAMP,0
L,7,1752,PREDICTION,src/tracking/advanced_tracker.py:id_merge,
R,CLAMP,CLAMP,0
L,8,1752,PREDICTION,src/tracking/advanced_tracker.py:id_merge,
R,CLAMP,CLAMP,0
A,1752
S,0,1755,DETECTION,src/tracking/advanced_tracker.py:_activate_slot,1755_477_1794_664_1914
S,4,1755,DETECTION,src/tracking/advanced_tracker.py:_activate_slot,1755_478_1794_700_1929
S,6,1755,DETECTION,src/tracking/advanced_tracker.py:_activate_slot,1755_516_873_748_1042
S,7,1755,DETECTION,src/tracking/advanced_tracker.py:_activate_slot,1755_520_721_739_861
S,8,1755,DETECTION,src/tracking/advanced_tracker.py:_activate_slot,1755_417_1302_684_1441
D,0,1755
S,4,1755,PREDICTION,src/tracking/advanced_tracker.py:id_merge,
L,4,1755,PREDICTION,src/tracking/advanced_tracker.py:id_merge,
R,PREDICTION,PREDICTION,1
L,6,1755,DETECTION,src/tracking/advanced_tracker.py:_activate_slot,1755_516_873_748_1042
R,CLAMP,CLAMP,0
L,7,1755,DETECTION,src/tracking/advanced_tracker.py:_activate_slot,1755_520_721_739_861
R,CLAMP,CLAMP,0
L,8,1755,DETECTION,src/tracking/advanced_tracker.py:_activate_slot,1755_417_1302_684_1441
R,CLAMP,CLAMP,0
A,1755
S,6,1758,DETECTION,src/tracking/advanced_tracker.py:_activate_slot,1758_501_883_748_1042
S,7,1758,DETECTION,src/tracking/advanced_tracker.py:_activate_slot,1758_524_657_779_797
S,8,1758,DETECTION,src/tracking/advanced_tracker.py:_activate_slot,1758_424_1305_683_1440
S,0,1758,PREDICTION,src/tracking/advanced_tracker.py:kalman_homography,
S,4,1758,PREDICTION,src/tracking/advanced_tracker.py:kalman_homography,
D,0,1758
S,4,1758,PREDICTION,src/tracking/advanced_tracker.py:id_merge,
L,4,1758,PREDICTION,src/tracking/advanced_tracker.py:id_merge,
R,PREDICTION,PREDICTION,1
L,6,1758,DETECTION,src/tracking/advanced_tracker.py:_activate_slot,1758_501_883_748_1042
R,CLAMP,CLAMP,0
L,7,1758,DETECTION,src/tracking/advanced_tracker.py:_activate_slot,1758_524_657_779_797
R,CLAMP,CLAMP,0
L,8,1758,DETECTION,src/tracking/advanced_tracker.py:_activate_slot,1758_424_1305_683_1440
R,CLAMP,CLAMP,0
A,1758
S,6,1761,DETECTION,src/tracking/advanced_tracker.py:_activate_slot,1761_491_912_728_1037
S,7,1761,DETECTION,src/tracking/advanced_tracker.py:_activate_slot,1761_528_665_777_785
S,8,1761,DETECTION,src/tracking/advanced_tracker.py:_activate_slot,1761_416_1309_684_1440
S,0,1761,PREDICTION,src/tracking/advanced_tracker.py:kalman_homography,
S,4,1761,PREDICTION,src/tracking/advanced_tracker.py:kalman_homography,
D,0,1761
S,4,1761,PREDICTION,src/tracking/advanced_tracker.py:id_merge,
L,4,1761,PREDICTION,src/tracking/advanced_tracker.py:id_merge,
R,PREDICTION,PREDICTION,1
L,6,1761,DETECTION,src/tracking/advanced_tracker.py:_activate_slot,1761_491_912_728_1037
R,CLAMP,CLAMP,0
L,7,1761,DETECTION,src/tracking/advanced_tracker.py:_activate_slot,1761_528_665_777_785
R,CLAMP,CLAMP,0
L,8,1761,DETECTION,src/tracking/advanced_tracker.py:_activate_slot,1761_416_1309_684_1440
R,CLAMP,CLAMP,0
A,1761
S,6,1764,DETECTION,src/tracking/advanced_tracker.py:_activate_slot,1764_475_908_681_1023
S,7,1764,DETECTION,src/tracking/advanced_tracker.py:_activate_slot,1764_527_673_770_798
S,8,1764,DETECTION,src/tracking/advanced_tracker.py:_activate_slot,1764_417_1308_684_1440
S,5,1764,DETECTION,src/tracking/advanced_tracker.py:_activate_slot,1764_491_772_712_904
S,4,1764,PREDICTION,src/tracking/advanced_tracker.py:kalman_homography,
S,0,1764,PREDICTION,src/tracking/advanced_tracker.py:flow_gapfill_batched,
D,0,1764
S,4,1764,PREDICTION,src/tracking/advanced_tracker.py:id_merge,
D,5,1764
S,6,1764,PREDICTION,src/tracking/advanced_tracker.py:id_merge,
L,4,1764,PREDICTION,src/tracking/advanced_tracker.py:id_merge,
R,PREDICTION,PREDICTION,1
L,6,1764,PREDICTION,src/tracking/advanced_tracker.py:id_merge,
R,CLAMP,CLAMP,0
L,7,1764,DETECTION,src/tracking/advanced_tracker.py:_activate_slot,1764_527_673_770_798
R,CLAMP,CLAMP,0
L,8,1764,DETECTION,src/tracking/advanced_tracker.py:_activate_slot,1764_417_1308_684_1440
R,CLAMP,CLAMP,0
A,1764
S,5,1767,DETECTION,src/tracking/advanced_tracker.py:_activate_slot,1767_495_798_723_931
S,6,1767,DETECTION,src/tracking/advanced_tracker.py:_activate_slot,1767_465_906_714_1008
S,7,1767,DETECTION,src/tracking/advanced_tracker.py:_activate_slot,1767_524_678_732_819
S,8,1767,DETECTION,src/tracking/advanced_tracker.py:_activate_slot,1767_417_1308_683_1440
S,4,1767,PREDICTION,src/tracking/advanced_tracker.py:kalman_homography,
S,0,1767,PREDICTION,src/tracking/advanced_tracker.py:flow_gapfill_batched,
D,0,1767
S,4,1767,PREDICTION,src/tracking/advanced_tracker.py:id_merge,
D,5,1767
S,6,1767,PREDICTION,src/tracking/advanced_tracker.py:id_merge,
L,4,1767,PREDICTION,src/tracking/advanced_tracker.py:id_merge,
R,PREDICTION,PREDICTION,1
L,6,1767,PREDICTION,src/tracking/advanced_tracker.py:id_merge,
R,CLAMP,CLAMP,0
L,7,1767,DETECTION,src/tracking/advanced_tracker.py:_activate_slot,1767_524_678_732_819
R,CLAMP,CLAMP,0
L,8,1767,DETECTION,src/tracking/advanced_tracker.py:_activate_slot,1767_417_1308_683_1440
R,CLAMP,CLAMP,0
A,1767
S,4,1770,DETECTION,src/tracking/advanced_tracker.py:_activate_slot,1770_474_1785_681_1908
S,5,1770,DETECTION,src/tracking/advanced_tracker.py:_activate_slot,1770_495_809_724_933
S,6,1770,DETECTION,src/tracking/advanced_tracker.py:_activate_slot,1770_467_891_712_1011
S,7,1770,DETECTION,src/tracking/advanced_tracker.py:_activate_slot,1770_519_684_741_858
S,8,1770,DETECTION,src/tracking/advanced_tracker.py:_activate_slot,1770_417_1305_684_1440
S,1,1770,DETECTION,src/tracking/advanced_tracker.py:_activate_slot,1770_487_1836_694_1935
S,0,1770,PREDICTION,src/tracking/advanced_tracker.py:flow_gapfill_batched,
D,0,1770
S,1,1770,PREDICTION,src/tracking/advanced_tracker.py:id_merge,
D,1,1770
S,4,1770,PREDICTION,src/tracking/advanced_tracker.py:id_merge,
D,5,1770
S,6,1770,PREDICTION,src/tracking/advanced_tracker.py:id_merge,
L,4,1770,PREDICTION,src/tracking/advanced_tracker.py:id_merge,
R,PREDICTION,PREDICTION,1
L,6,1770,PREDICTION,src/tracking/advanced_tracker.py:id_merge,
R,CLAMP,CLAMP,0
L,7,1770,DETECTION,src/tracking/advanced_tracker.py:_activate_slot,1770_519_684_741_858
R,CLAMP,CLAMP,0
L,8,1770,DETECTION,src/tracking/advanced_tracker.py:_activate_slot,1770_417_1305_684_1440
R,CLAMP,CLAMP,0
A,1770
S,1,1773,DETECTION,src/tracking/advanced_tracker.py:_activate_slot,1773_490_1833_693_1935
S,4,1773,DETECTION,src/tracking/advanced_tracker.py:_activate_slot,1773_473_1779_684_1911
S,5,1773,DETECTION,src/tracking/advanced_tracker.py:_activate_slot,1773_480_799_723_936
S,6,1773,DETECTION,src/tracking/advanced_tracker.py:_activate_slot,1773_468_891_696_1028
S,7,1773,DETECTION,src/tracking/advanced_tracker.py:_activate_slot,1773_522_692_750_879
S,8,1773,DETECTION,src/tracking/advanced_tracker.py:_activate_slot,1773_418_1306_685_1438
S,9,1773,DETECTION,src/tracking/advanced_tracker.py:_activate_slot,1773_540_1587_836_1701
S,0,1773,PREDICTION,src/tracking/advanced_tracker.py:flow_gapfill_batched,
D,0,1773
S,1,1773,PREDICTION,src/tracking/advanced_tracker.py:id_merge,
D,1,1773
S,4,1773,PREDICTION,src/tracking/advanced_tracker.py:id_merge,
D,5,1773
S,6,1773,PREDICTION,src/tracking/advanced_tracker.py:id_merge,
L,4,1773,PREDICTION,src/tracking/advanced_tracker.py:id_merge,
R,PREDICTION,PREDICTION,1
L,6,1773,PREDICTION,src/tracking/advanced_tracker.py:id_merge,
R,CLAMP,CLAMP,0
L,7,1773,DETECTION,src/tracking/advanced_tracker.py:_activate_slot,1773_522_692_750_879
R,CLAMP,CLAMP,0
L,8,1773,DETECTION,src/tracking/advanced_tracker.py:_activate_slot,1773_418_1306_685_1438
R,CLAMP,CLAMP,0
L,9,1773,DETECTION,src/tracking/advanced_tracker.py:_activate_slot,1773_540_1587_836_1701
R,DETECTION,DETECTION,1
A,1773
S,1,1776,DETECTION,src/tracking/advanced_tracker.py:_activate_slot,1776_499_1833_712_1935
S,6,1776,DETECTION,src/tracking/advanced_tracker.py:_activate_slot,1776_466_900_642_1040
S,7,1776,DETECTION,src/tracking/advanced_tracker.py:_activate_slot,1776_532_709_755_900
S,8,1776,DETECTION,src/tracking/advanced_tracker.py:_activate_slot,1776_419_1303_686_1438
S,9,1776,DETECTION,src/tracking/advanced_tracker.py:_activate_slot,1776_540_1587_836_1701
S,5,1776,DETECTION,src/tracking/advanced_tracker.py:_activate_slot,1776_461_811_710_922
S,4,1776,PREDICTION,src/tracking/advanced_tracker.py:kalman_homography,
S,0,1776,PREDICTION,src/tracking/advanced_tracker.py:flow_gapfill_batched,
D,0,1776
S,1,1776,PREDICTION,src/tracking/advanced_tracker.py:id_merge,
D,4,1776
S,1,1776,PREDICTION,src/tracking/advanced_tracker.py:id_merge,
D,5,1776
S,6,1776,PREDICTION,src/tracking/advanced_tracker.py:id_merge,
L,1,1776,PREDICTION,src/tracking/advanced_tracker.py:id_merge,
R,CLAMP,CLAMP,0
L,6,1776,PREDICTION,src/tracking/advanced_tracker.py:id_merge,
R,CLAMP,CLAMP,0
L,7,1776,DETECTION,src/tracking/advanced_tracker.py:_activate_slot,1776_532_709_755_900
R,CLAMP,CLAMP,0
L,8,1776,DETECTION,src/tracking/advanced_tracker.py:_activate_slot,1776_419_1303_686_1438
R,CLAMP,CLAMP,0
L,9,1776,DETECTION,src/tracking/advanced_tracker.py:_activate_slot,1776_540_1587_836_1701
R,DETECTION,SUBPIXEL,0
A,1776
S,2,1779,DETECTION,src/tracking/advanced_tracker.py:_activate_slot,1779_450_809_580_896
S,4,1779,DETECTION,src/tracking/advanced_tracker.py:_activate_slot,1779_477_1785_678_1902
S,6,1779,DETECTION,src/tracking/advanced_tracker.py:_activate_slot,1779_481_925_693_1096
S,7,1779,DETECTION,src/tracking/advanced_tracker.py:_activate_slot,1779_540_741_756_912
S,8,1779,DETECTION,src/tracking/advanced_tracker.py:_activate_slot,1779_420_1303_685_1438
S,9,1779,DETECTION,src/tracking/advanced_tracker.py:_activate_slot,1779_540_1585_836_1702
S,1,1779,PREDICTION,src/tracking/advanced_tracker.py:kalman_homography,
S,5,1779,PREDICTION,src/tracking/advanced_tracker.py:kalman_homography,
S,0,1779,PREDICTION,src/tracking/advanced_tracker.py:flow_gapfill_batched,
D,0,1779
S,1,1779,PREDICTION,src/tracking/advanced_tracker.py:id_merge,
D,1,1779
S,4,1779,PREDICTION,src/tracking/advanced_tracker.py:id_merge,
D,5,1779
S,6,1779,PREDICTION,src/tracking/advanced_tracker.py:id_merge,
L,2,1779,DETECTION,src/tracking/advanced_tracker.py:_activate_slot,1779_450_809_580_896
R,CLAMP,CLAMP,0
L,4,1779,PREDICTION,src/tracking/advanced_tracker.py:id_merge,
R,PREDICTION,PREDICTION,1
L,6,1779,PREDICTION,src/tracking/advanced_tracker.py:id_merge,
R,CLAMP,CLAMP,0
L,7,1779,DETECTION,src/tracking/advanced_tracker.py:_activate_slot,1779_540_741_756_912
R,CLAMP,CLAMP,0
L,8,1779,DETECTION,src/tracking/advanced_tracker.py:_activate_slot,1779_420_1303_685_1438
R,CLAMP,CLAMP,0
L,9,1779,DETECTION,src/tracking/advanced_tracker.py:_activate_slot,1779_540_1585_836_1702
R,DETECTION,DETECTION,1
A,1779
S,4,1782,DETECTION,src/tracking/advanced_tracker.py:_activate_slot,1782_476_1786_681_1897
S,5,1782,DETECTION,src/tracking/advanced_tracker.py:_activate_slot,1782_437_756_756_1002
S,6,1782,DETECTION,src/tracking/advanced_tracker.py:_activate_slot,1782_460_948_690_1093
S,7,1782,DETECTION,src/tracking/advanced_tracker.py:_activate_slot,1782_518_766_754_895
S,8,1782,DETECTION,src/tracking/advanced_tracker.py:_activate_slot,1782_419_1303_686_1438
S,9,1782,DETECTION,src/tracking/advanced_tracker.py:_activate_slot,1782_538_1584_835_1701
S,1,1782,PREDICTION,src/tracking/advanced_tracker.py:kalman_homography,
S,2,1782,PREDICTION,src/tracking/advanced_tracker.py:kalman_homography,
D,1,1782
S,4,1782,PREDICTION,src/tracking/advanced_tracker.py:id_merge,
D,5,1782
S,6,1782,PREDICTION,src/tracking/advanced_tracker.py:id_merge,
L,2,1782,PREDICTION,src/tracking/advanced_tracker.py:kalman_homography,
R,CLAMP,CLAMP,0
L,4,1782,PREDICTION,src/tracking/advanced_tracker.py:id_merge,
R,PREDICTION,PREDICTION,1
L,6,1782,PREDICTION,src/tracking/advanced_tracker.py:id_merge,
R,CLAMP,CLAMP,0
L,7,1782,DETECTION,src/tracking/advanced_tracker.py:_activate_slot,1782_518_766_754_895
R,CLAMP,CLAMP,0
L,8,1782,DETECTION,src/tracking/advanced_tracker.py:_activate_slot,1782_419_1303_686_1438
R,CLAMP,CLAMP,0
L,9,1782,DETECTION,src/tracking/advanced_tracker.py:_activate_slot,1782_538_1584_835_1701
R,DETECTION,DETECTION,1
A,1782
S,1,1785,DETECTION,src/tracking/advanced_tracker.py:_activate_slot,1785_500_1833_706_1935
S,4,1785,DETECTION,src/tracking/advanced_tracker.py:_activate_slot,1785_477_1786_684_1900
S,6,1785,DETECTION,src/tracking/advanced_tracker.py:_activate_slot,1785_455_963_677_1080
S,8,1785,DETECTION,src/tracking/advanced_tracker.py:_activate_slot,1785_424_1313_684_1437
S,9,1785,DETECTION,src/tracking/advanced_tracker.py:_activate_slot,1785_540_1581_836_1701
S,5,1785,DETECTION,src/tracking/advanced_tracker.py:_activate_slot,1785_424_774_750_886
S,7,1785,DETECTION,src/tracking/advanced_tracker.py:_activate_slot,1785_489_781_749_895
S,2,1785,PREDICTION,src/tracking/advanced_tracker.py:kalman_homography,
D,1,1785
S,4,1785,PREDICTION,src/tracking/advanced_tracker.py:id_merge,
D,5,1785
S,7,1785,PREDICTION,src/tracking/advanced_tracker.py:id_merge,
L,2,1785,PREDICTION,src/tracking/advanced_tracker.py:kalman_homography,
R,CLAMP,CLAMP,0
L,4,1785,PREDICTION,src/tracking/advanced_tracker.py:id_merge,
R,PREDICTION,PREDICTION,1
L,6,1785,DETECTION,src/tracking/advanced_tracker.py:_activate_slot,1785_455_963_677_1080
R,CLAMP,CLAMP,0
L,7,1785,PREDICTION,src/tracking/advanced_tracker.py:id_merge,
R,CLAMP,CLAMP,0
L,8,1785,DETECTION,src/tracking/advanced_tracker.py:_activate_slot,1785_424_1313_684_1437
R,CLAMP,CLAMP,0
L,9,1785,DETECTION,src/tracking/advanced_tracker.py:_activate_slot,1785_540_1581_836_1701
R,DETECTION,DETECTION,1
A,1785
S,2,1788,DETECTION,src/tracking/advanced_tracker.py:_activate_slot,1788_408_768_577_888
S,1,1788,DETECTION,src/tracking/advanced_tracker.py:_activate_slot,1788_499_1833_697_1935
S,6,1788,DETECTION,src/tracking/advanced_tracker.py:_activate_slot,1788_434_919_647_1081
S,7,1788,DETECTION,src/tracking/advanced_tracker.py:_activate_slot,1788_487_778_740_900
S,8,1788,DETECTION,src/tracking/advanced_tracker.py:_activate_slot,1788_423_1314_684_1437
S,9,1788,DETECTION,src/tracking/advanced_tracker.py:_activate_slot,1788_538_1576_835_1702
S,4,1788,PREDICTION,src/tracking/advanced_tracker.py:kalman_homography,
S,5,1788,PREDICTION,src/tracking/advanced_tracker.py:kalman_homography,
D,4,1788
S,1,1788,PREDICTION,src/tracking/advanced_tracker.py:id_merge,
D,5,1788
S,7,1788,PREDICTION,src/tracking/advanced_tracker.py:id_merge,
L,1,1788,PREDICTION,src/tracking/advanced_tracker.py:id_merge,
R,CLAMP,CLAMP,0
L,2,1788,DETECTION,src/tracking/advanced_tracker.py:_activate_slot,1788_408_768_577_888
R,CLAMP,CLAMP,0
L,6,1788,DETECTION,src/tracking/advanced_tracker.py:_activate_slot,1788_434_919_647_1081
R,CLAMP,CLAMP,0
L,7,1788,PREDICTION,src/tracking/advanced_tracker.py:id_merge,
R,CLAMP,CLAMP,0
L,8,1788,DETECTION,src/tracking/advanced_tracker.py:_activate_slot,1788_423_1314_684_1437
R,CLAMP,CLAMP,0
L,9,1788,DETECTION,src/tracking/advanced_tracker.py:_activate_slot,1788_538_1576_835_1702
R,DETECTION,DETECTION,1
A,1788
S,2,1791,DETECTION,src/tracking/advanced_tracker.py:_activate_slot,1791_397_760_566_871
S,5,1791,DETECTION,src/tracking/advanced_tracker.py:_activate_slot,1791_345_1389_570_1506
S,6,1791,DETECTION,src/tracking/advanced_tracker.py:_activate_slot,1791_415_916_646_1081
S,7,1791,DETECTION,src/tracking/advanced_tracker.py:_activate_slot,1791_478_799_724_925
S,8,1791,DETECTION,src/tracking/advanced_tracker.py:_activate_slot,1791_424_1294_682_1437
S,9,1791,DETECTION,src/tracking/advanced_tracker.py:_activate_slot,1791_537_1575_835_1701
S,1,1791,PREDICTION,src/tracking/advanced_tracker.py:kalman_homography,
S,4,1791,PREDICTION,src/tracking/advanced_tracker.py:kalman_homography,
D,4,1791
S,1,1791,PREDICTION,src/tracking/advanced_tracker.py:id_merge,
D,5,1791
S,8,1791,PREDICTION,src/tracking/advanced_tracker.py:id_merge,
D,6,1791
S,7,1791,PREDICTION,src/tracking/advanced_tracker.py:id_merge,
L,1,1791,PREDICTION,src/tracking/advanced_tracker.py:id_merge,
R,CLAMP,CLAMP,0
L,2,1791,DETECTION,src/tracking/advanced_tracker.py:_activate_slot,1791_397_760_566_871
R,CLAMP,CLAMP,0
L,7,1791,PREDICTION,src/tracking/advanced_tracker.py:id_merge,
R,CLAMP,CLAMP,0
L,8,1791,PREDICTION,src/tracking/advanced_tracker.py:id_merge,
R,CLAMP,CLAMP,0
L,9,1791,DETECTION,src/tracking/advanced_tracker.py:_activate_slot,1791_537_1575_835_1701
R,DETECTION,DETECTION,1
A,1791
S,2,1794,DETECTION,src/tracking/advanced_tracker.py:_activate_slot,1794_381_763_603_856
S,1,1794,DETECTION,src/tracking/advanced_tracker.py:_activate_slot,1794_499_1833_714_1935
S,5,1794,DETECTION,src/tracking/advanced_tracker.py:_activate_slot,1794_346_1383_570_1504
S,6,1794,DETECTION,src/tracking/advanced_tracker.py:_activate_slot,1794_543_630_805_781
S,7,1794,DETECTION,src/tracking/advanced_tracker.py:_activate_slot,1794_537_766_793_916
S,8,1794,DETECTION,src/tracking/advanced_tracker.py:_activate_slot,1794_426_1296_683_1437
S,9,1794,DETECTION,src/tracking/advanced_tracker.py:_activate_slot,1794_537_1581_835_1701
S,4,1794,PREDICTION,src/tracking/advanced_tracker.py:kalman_homography,
D,4,1794
S,1,1794,PREDICTION,src/tracking/advanced_tracker.py:id_merge,
D,5,1794
S,8,1794,PREDICTION,src/tracking/advanced_tracker.py:id_merge,
D,6,1794
S,7,1794,PREDICTION,src/tracking/advanced_tracker.py:id_merge,
L,1,1794,PREDICTION,src/tracking/advanced_tracker.py:id_merge,
R,CLAMP,CLAMP,0
L,2,1794,DETECTION,src/tracking/advanced_tracker.py:_activate_slot,1794_381_763_603_856
R,CLAMP,CLAMP,0
L,7,1794,PREDICTION,src/tracking/advanced_tracker.py:id_merge,
R,CLAMP,CLAMP,0
L,8,1794,PREDICTION,src/tracking/advanced_tracker.py:id_merge,
R,CLAMP,CLAMP,0
L,9,1794,DETECTION,src/tracking/advanced_tracker.py:_activate_slot,1794_537_1581_835_1701
R,DETECTION,DETECTION,1
A,1794
S,2,1797,DETECTION,src/tracking/advanced_tracker.py:_activate_slot,1797_369_765_578_856
S,1,1797,DETECTION,src/tracking/advanced_tracker.py:_activate_slot,1797_508_1833_717_1935
S,5,1797,DETECTION,src/tracking/advanced_tracker.py:_activate_slot,1797_346_1383_573_1506
S,6,1797,DETECTION,src/tracking/advanced_tracker.py:_activate_slot,1797_563_681_804_816
S,7,1797,DETECTION,src/tracking/advanced_tracker.py:_activate_slot,1797_535_777_786_942
S,8,1797,DETECTION,src/tracking/advanced_tracker.py:_activate_slot,1797_424_1295_684_1436
S,9,1797,DETECTION,src/tracking/advanced_tracker.py:_activate_slot,1797_537_1581_835_1701
S,3,1797,DETECTION,src/tracking/advanced_tracker.py:_activate_slot,1797_367_754_613_858
S,4,1797,PREDICTION,src/tracking/advanced_tracker.py:kalman_homography,
D,4,1797
S,1,1797,PREDICTION,src/tracking/advanced_tracker.py:id_merge,
D,2,1797
S,3,1797,PREDICTION,src/tracking/advanced_tracker.py:id_merge,
D,5,1797
S,8,1797,PREDICTION,src/tracking/advanced_tracker.py:id_merge,
D,6,1797
S,7,1797,PREDICTION,src/tracking/advanced_tracker.py:id_merge,
L,1,1797,PREDICTION,src/tracking/advanced_tracker.py:id_merge,
R,CLAMP,CLAMP,0
L,3,1797,PREDICTION,src/tracking/advanced_tracker.py:id_merge,
R,CLAMP,CLAMP,0
L,7,1797,PREDICTION,src/tracking/advanced_tracker.py:id_merge,
R,CLAMP,CLAMP,0
L,8,1797,PREDICTION,src/tracking/advanced_tracker.py:id_merge,
R,CLAMP,CLAMP,0
L,9,1797,DETECTION,src/tracking/advanced_tracker.py:_activate_slot,1797_537_1581_835_1701
R,DETECTION,SUBPIXEL,0
A,1797
S,4,1800,CLAMP,src/tracking/advanced_tracker.py:_activate_slot,1800_366_743_572_870
S,2,1800,DETECTION,src/tracking/advanced_tracker.py:_activate_slot,1800_406_740_573_857
S,5,1800,DETECTION,src/tracking/advanced_tracker.py:_activate_slot,1800_345_1389_574_1506
S,6,1800,DETECTION,src/tracking/advanced_tracker.py:_activate_slot,1800_548_708_812_886
S,7,1800,DETECTION,src/tracking/advanced_tracker.py:_activate_slot,1800_527_806_787_1001
S,8,1800,DETECTION,src/tracking/advanced_tracker.py:_activate_slot,1800_426_1294_685_1437
S,9,1800,DETECTION,src/tracking/advanced_tracker.py:_activate_slot,1800_537_1581_835_1701
S,0,1800,DETECTION,src/tracking/advanced_tracker.py:_activate_slot,1800_396_861_561_963
S,1,1800,PREDICTION,src/tracking/advanced_tracker.py:kalman_homography,
S,3,1800,PREDICTION,src/tracking/advanced_tracker.py:kalman_homography,
D,0,1800
S,2,1800,PREDICTION,src/tracking/advanced_tracker.py:id_merge,
D,1,1800
S,4,1800,PREDICTION,src/tracking/advanced_tracker.py:id_merge,
D,3,1800
S,2,1800,PREDICTION,src/tracking/advanced_tracker.py:id_merge,
D,5,1800
S,8,1800,PREDICTION,src/tracking/advanced_tracker.py:id_merge,
D,6,1800
S,7,1800,PREDICTION,src/tracking/advanced_tracker.py:id_merge,
L,2,1800,PREDICTION,src/tracking/advanced_tracker.py:id_merge,
R,CLAMP,CLAMP,0
L,4,1800,PREDICTION,src/tracking/advanced_tracker.py:id_merge,
R,PREDICTION,SUBPIXEL,0
L,7,1800,PREDICTION,src/tracking/advanced_tracker.py:id_merge,
R,CLAMP,CLAMP,0
L,8,1800,PREDICTION,src/tracking/advanced_tracker.py:id_merge,
R,CLAMP,CLAMP,0
L,9,1800,DETECTION,src/tracking/advanced_tracker.py:_activate_slot,1800_537_1581_835_1701
R,DETECTION,SUBPIXEL,0
A,1800
S,0,1803,DETECTION,src/tracking/advanced_tracker.py:_activate_slot,1803_382_849_568_939
S,3,1803,DETECTION,src/tracking/advanced_tracker.py:_activate_slot,1803_355_754_541_859
S,1,1803,DETECTION,src/tracking/advanced_tracker.py:_activate_slot,1803_513_1836_716_1935
S,2,1803,DETECTION,src/tracking/advanced_tracker.py:_activate_slot,1803_356_754_540_834
S,5,1803,DETECTION,src/tracking/advanced_tracker.py:_activate_slot,1803_345_1389_573_1506
S,6,1803,DETECTION,src/tracking/advanced_tracker.py:_activate_slot,1803_551_729_809_898
S,7,1803,DETECTION,src/tracking/advanced_tracker.py:_activate_slot,1803_528_900_790_1020
S,8,1803,DETECTION,src/tracking/advanced_tracker.py:_activate_slot,1803_426_1294_687_1438
S,9,1803,DETECTION,src/tracking/advanced_tracker.py:_activate_slot,1803_538_1581_835_1701
S,4,1803,PREDICTION,src/tracking/advanced_tracker.py:flow_gapfill_batched,
D,0,1803
S,2,1803,PREDICTION,src/tracking/advanced_tracker.py:id_merge,
D,2,1803
S,3,1803,PREDICTION,src/tracking/advanced_tracker.py:id_merge,
D,4,1803
S,3,1803,PREDICTION,src/tracking/advanced_tracker.py:id_merge,
D,5,1803
S,8,1803,PREDICTION,src/tracking/advanced_tracker.py:id_merge,
D,6,1803
S,7,1803,PREDICTION,src/tracking/advanced_tracker.py:id_merge,
L,1,1803,DETECTION,src/tracking/advanced_tracker.py:_activate_slot,1803_513_1836_716_1935
R,CLAMP,CLAMP,0
L,3,1803,PREDICTION,src/tracking/advanced_tracker.py:id_merge,
R,CLAMP,CLAMP,0
L,7,1803,PREDICTION,src/tracking/advanced_tracker.py:id_merge,
R,PREDICTION,PREDICTION,1
L,8,1803,PREDICTION,src/tracking/advanced_tracker.py:id_merge,
R,CLAMP,CLAMP,0
L,9,1803,DETECTION,src/tracking/advanced_tracker.py:_activate_slot,1803_538_1581_835_1701
R,DETECTION,SUBPIXEL,0
A,1803
S,4,1806,CLAMP,src/tracking/advanced_tracker.py:_activate_slot,1806_342_743_547_839
S,1,1806,DETECTION,src/tracking/advanced_tracker.py:_activate_slot,1806_513_1833_717_1935
S,5,1806,DETECTION,src/tracking/advanced_tracker.py:_activate_slot,1806_345_1390_573_1507
S,6,1806,DETECTION,src/tracking/advanced_tracker.py:_activate_slot,1806_537_787_783_913
S,7,1806,DETECTION,src/tracking/advanced_tracker.py:_activate_slot,1806_528_935_789_1085
S,8,1806,DETECTION,src/tracking/advanced_tracker.py:_activate_slot,1806_428_1294_685_1437
S,9,1806,DETECTION,src/tracking/advanced_tracker.py:_activate_slot,1806_536_1578_836_1701
S,0,1806,PREDICTION,src/tracking/advanced_tracker.py:kalman_homography,
S,2,1806,PREDICTION,src/tracking/advanced_tracker.py:kalman_homography,
S,3,1806,PREDICTION,src/tracking/advanced_tracker.py:kalman_homography,
D,0,1806
S,2,1806,PREDICTION,src/tracking/advanced_tracker.py:id_merge,
D,1,1806
S,4,1806,PREDICTION,src/tracking/advanced_tracker.py:id_merge,
D,2,1806
S,3,1806,PREDICTION,src/tracking/advanced_tracker.py:id_merge,
D,5,1806
S,8,1806,PREDICTION,src/tracking/advanced_tracker.py:id_merge,
L,3,1806,PREDICTION,src/tracking/advanced_tracker.py:id_merge,
R,CLAMP,CLAMP,0
L,4,1806,PREDICTION,src/tracking/advanced_tracker.py:id_merge,
R,PREDICTION,SUBPIXEL,0
L,6,1806,DETECTION,src/tracking/advanced_tracker.py:_activate_slot,1806_537_787_783_913
R,CLAMP,CLAMP,0
L,7,1806,DETECTION,src/tracking/advanced_tracker.py:_activate_slot,1806_528_935_789_1085
R,DETECTION,DETECTION,1
L,8,1806,PREDICTION,src/tracking/advanced_tracker.py:id_merge,
R,CLAMP,CLAMP,0
L,9,1806,DETECTION,src/tracking/advanced_tracker.py:_activate_slot,1806_536_1578_836_1701
R,DETECTION,DETECTION,1
A,1806
S,0,1809,DETECTION,src/tracking/advanced_tracker.py:_activate_slot,1809_377_822_568_924
S,2,1809,DETECTION,src/tracking/advanced_tracker.py:_activate_slot,1809_332_721_535_808
S,3,1809,DETECTION,src/tracking/advanced_tracker.py:_activate_slot,1809_427_765_558_872
S,5,1809,DETECTION,src/tracking/advanced_tracker.py:_activate_slot,1809_346_1390_573_1507
S,6,1809,DETECTION,src/tracking/advanced_tracker.py:_activate_slot,1809_542_820_771_988
S,7,1809,DETECTION,src/tracking/advanced_tracker.py:_activate_slot,1809_519_958_785_1143
S,8,1809,DETECTION,src/tracking/advanced_tracker.py:_activate_slot,1809_427_1294_687_1435
S,9,1809,DETECTION,src/tracking/advanced_tracker.py:_activate_slot,1809_538_1575_836_1701
S,1,1809,PREDICTION,src/tracking/advanced_tracker.py:kalman_homography,
S,4,1809,PREDICTION,src/tracking/advanced_tracker.py:flow_gapfill_batched,
D,0,1809
S,2,1809,PREDICTION,src/tracking/advanced_tracker.py:id_merge,
D,2,1809
S,3,1809,PREDICTION,src/tracking/advanced_tracker.py:id_merge,
D,4,1809
S,3,1809,PREDICTION,src/tracking/advanced_tracker.py:id_merge,
D,5,1809
S,8,1809,PREDICTION,src/tracking/advanced_tracker.py:id_merge,
D,6,1809
S,7,1809,PREDICTION,src/tracking/advanced_tracker.py:id_merge,
L,1,1809,PREDICTION,src/tracking/advanced_tracker.py:kalman_homography,
R,CLAMP,CLAMP,0
L,3,1809,PREDICTION,src/tracking/advanced_tracker.py:id_merge,
R,CLAMP,CLAMP,0
L,7,1809,PREDICTION,src/tracking/advanced_tracker.py:id_merge,
R,PREDICTION,PREDICTION,1
L,8,1809,PREDICTION,src/tracking/advanced_tracker.py:id_merge,
R,CLAMP,CLAMP,0
L,9,1809,DETECTION,src/tracking/advanced_tracker.py:_activate_slot,1809_538_1575_836_1701
R,DETECTION,DETECTION,1
A,1809
S,2,1812,DETECTION,src/tracking/advanced_tracker.py:_activate_slot,1812_320_701_525_796
S,4,1812,CLAMP,src/tracking/advanced_tracker.py:_activate_slot,1812_377_801_560_923
S,1,1812,DETECTION,src/tracking/advanced_tracker.py:_activate_slot,1812_516_1839_716_1935
S,5,1812,DETECTION,src/tracking/advanced_tracker.py:_activate_slot,1812_349_1392_576_1509
S,6,1812,DETECTION,src/tracking/advanced_tracker.py:_activate_slot,1812_528_840_778_1026
S,7,1812,DETECTION,src/tracking/advanced_tracker.py:_activate_slot,1812_518_1006_771_1171
S,8,1812,DETECTION,src/tracking/advanced_tracker.py:_activate_slot,1812_426_1283_690_1437
S,9,1812,DETECTION,src/tracking/advanced_tracker.py:_activate_slot,1812_543_1576_836_1705
S,0,1812,PREDICTION,src/tracking/advanced_tracker.py:kalman_homography,
S,3,1812,PREDICTION,src/tracking/advanced_tracker.py:kalman_homography,
D,0,1812
S,2,1812,PREDICTION,src/tracking/advanced_tracker.py:id_merge,
D,1,1812
S,4,1812,PREDICTION,src/tracking/advanced_tracker.py:id_merge,
D,3,1812
S,2,1812,PREDICTION,src/tracking/advanced_tracker.py:id_merge,
D,5,1812
S,8,1812,PREDICTION,src/tracking/advanced_tracker.py:id_merge,
D,6,1812
S,7,1812,PREDICTION,src/tracking/advanced_tracker.py:id_merge,
L,2,1812,PREDICTION,src/tracking/advanced_tracker.py:id_merge,
R,CLAMP,CLAMP,0
L,4,1812,PREDICTION,src/tracking/advanced_tracker.py:id_merge,
R,PREDICTION,SUBPIXEL,0
L,7,1812,PREDICTION,src/tracking/advanced_tracker.py:id_merge,
R,PREDICTION,PREDICTION,1
L,8,1812,PREDICTION,src/tracking/advanced_tracker.py:id_merge,
R,CLAMP,CLAMP,0
L,9,1812,DETECTION,src/tracking/advanced_tracker.py:_activate_slot,1812_543_1576_836_1705
R,DETECTION,DETECTION,1
A,1812
S,0,1815,DETECTION,src/tracking/advanced_tracker.py:_activate_slot,1815_367_804_558_929
S,4,1815,CLAMP,src/tracking/advanced_tracker.py:_activate_slot,1815_317_679_510_786
S,5,1815,DETECTION,src/tracking/advanced_tracker.py:_activate_slot,1815_351_1393_576_1510
S,6,1815,DETECTION,src/tracking/advanced_tracker.py:_activate_slot,1815_533_867_782_1080
S,7,1815,DETECTION,src/tracking/advanced_tracker.py:_activate_slot,1815_505_1080_771_1200
S,8,1815,DETECTION,src/tracking/advanced_tracker.py:_activate_slot,1815_426_1299_689_1434
S,9,1815,DETECTION,src/tracking/advanced_tracker.py:_activate_slot,1815_541_1587_835_1707
S,1,1815,PREDICTION,src/tracking/advanced_tracker.py:kalman_homography,
S,2,1815,PREDICTION,src/tracking/advanced_tracker.py:kalman_homography,
S,3,1815,PREDICTION,src/tracking/advanced_tracker.py:kalman_homography,
D,2,1815
S,0,1815,PREDICTION,src/tracking/advanced_tracker.py:id_merge,
D,3,1815
S,0,1815,PREDICTION,src/tracking/advanced_tracker.py:id_merge,
D,1,1815
S,4,1815,PREDICTION,src/tracking/advanced_tracker.py:id_merge,
D,5,1815
S,8,1815,PREDICTION,src/tracking/advanced_tracker.py:id_merge,
L,0,1815,PREDICTION,src/tracking/advanced_tracker.py:id_merge,
R,CLAMP,CLAMP,0
L,4,1815,PREDICTION,src/tracking/advanced_tracker.py:id_merge,
R,PREDICTION,SUBPIXEL,0
L,6,1815,DETECTION,src/tracking/advanced_tracker.py:_activate_slot,1815_533_867_782_1080
R,CLAMP,CLAMP,0
L,7,1815,DETECTION,src/tracking/advanced_tracker.py:_activate_slot,1815_505_1080_771_1200
R,DETECTION,DETECTION,1
L,8,1815,PREDICTION,src/tracking/advanced_tracker.py:id_merge,
R,CLAMP,CLAMP,0
L,9,1815,DETECTION,src/tracking/advanced_tracker.py:_activate_slot,1815_541_1587_835_1707
R,DETECTION,DETECTION,1
A,1815
S,2,1818,DETECTION,src/tracking/advanced_tracker.py:_activate_slot,1818_323_658_513_775
S,4,1818,CLAMP,src/tracking/advanced_tracker.py:_activate_slot,1818_363_799_561_928
S,1,1818,DETECTION,src/tracking/advanced_tracker.py:_activate_slot,1818_518_1836_716_1935
S,5,1818,DETECTION,src/tracking/advanced_tracker.py:_activate_slot,1818_353_1396_576_1516
S,6,1818,DETECTION,src/tracking/advanced_tracker.py:_activate_slot,1818_535_930_783_1104
S,7,1818,DETECTION,src/tracking/advanced_tracker.py:_activate_slot,1818_497_1113_769_1230
S,8,1818,DETECTION,src/tracking/advanced_tracker.py:_activate_slot,1818_436_1290_681_1434
S,9,1818,DETECTION,src/tracking/advanced_tracker.py:_activate_slot,1818_546_1585_837_1711
S,0,1818,PREDICTION,src/tracking/advanced_tracker.py:kalman_homography,
S,3,1818,PREDICTION,src/tracking/advanced_tracker.py:kalman_homography,
D,0,1818
S,2,1818,PREDICTION,src/tracking/advanced_tracker.py:id_merge,
D,1,1818
S,4,1818,PREDICTION,src/tracking/advanced_tracker.py:id_merge,
D,3,1818
S,2,1818,PREDICTION,src/tracking/advanced_tracker.py:id_merge,
D,5,1818
S,8,1818,PREDICTION,src/tracking/advanced_tracker.py:id_merge,
D,6,1818
S,7,1818,PREDICTION,src/tracking/advanced_tracker.py:id_merge,
L,2,1818,PREDICTION,src/tracking/advanced_tracker.py:id_merge,
R,CLAMP,CLAMP,0
L,4,1818,PREDICTION,src/tracking/advanced_tracker.py:id_merge,
R,PREDICTION,SUBPIXEL,0
L,7,1818,PREDICTION,src/tracking/advanced_tracker.py:id_merge,
R,PREDICTION,PREDICTION,1
L,8,1818,PREDICTION,src/tracking/advanced_tracker.py:id_merge,
R,CLAMP,CLAMP,0
L,9,1818,DETECTION,src/tracking/advanced_tracker.py:_activate_slot,1818_546_1585_837_1711
R,DETECTION,DETECTION,1
A,1818
S,4,1821,CLAMP,src/tracking/advanced_tracker.py:_activate_slot,1821_362_788_564_926
S,1,1821,DETECTION,src/tracking/advanced_tracker.py:_activate_slot,1821_525_1842_715_1935
S,5,1821,DETECTION,src/tracking/advanced_tracker.py:_activate_slot,1821_353_1401_578_1518
S,6,1821,DETECTION,src/tracking/advanced_tracker.py:_activate_slot,1821_529_1007_777_1116
S,7,1821,DETECTION,src/tracking/advanced_tracker.py:_activate_slot,1821_499_1141_760_1294
S,8,1821,DETECTION,src/tracking/advanced_tracker.py:_activate_slot,1821_450_1276_681_1435
S,9,1821,DETECTION,src/tracking/advanced_tracker.py:_activate_slot,1821_541_1584_837_1710
S,0,1821,PREDICTION,src/tracking/advanced_tracker.py:kalman_homography,
S,2,1821,PREDICTION,src/tracking/advanced_tracker.py:kalman_homography,
S,3,1821,PREDICTION,src/tracking/advanced_tracker.py:kalman_homography,
D,0,1821
S,2,1821,PREDICTION,src/tracking/advanced_tracker.py:id_merge,
D,1,1821
S,4,1821,PREDICTION,src/tracking/advanced_tracker.py:id_merge,
D,3,1821
S,2,1821,PREDICTION,src/tracking/advanced_tracker.py:id_merge,
D,5,1821
S,8,1821,PREDICTION,src/tracking/advanced_tracker.py:id_merge,
D,6,1821
S,7,1821,PREDICTION,src/tracking/advanced_tracker.py:id_merge,
D,7,1821
S,8,1821,PREDICTION,src/tracking/advanced_tracker.py:id_merge,
L,2,1821,PREDICTION,src/tracking/advanced_tracker.py:id_merge,
R,CLAMP,CLAMP,0
L,4,1821,PREDICTION,src/tracking/advanced_tracker.py:id_merge,
R,PREDICTION,SUBPIXEL,0
L,8,1821,PREDICTION,src/tracking/advanced_tracker.py:id_merge,
R,CLAMP,CLAMP,0
L,9,1821,DETECTION,src/tracking/advanced_tracker.py:_activate_slot,1821_541_1584_837_1710
R,DETECTION,DETECTION,1
A,1821
S,1,1824,CLAMP,src/tracking/advanced_tracker.py:_activate_slot,1824_369_793_543_904
S,4,1824,CLAMP,src/tracking/advanced_tracker.py:_activate_slot,1824_369_792_560_941
S,5,1824,DETECTION,src/tracking/advanced_tracker.py:_activate_slot,1824_352_1404_579_1524
S,6,1824,DETECTION,src/tracking/advanced_tracker.py:_activate_slot,1824_522_1039_774_1168
S,7,1824,DETECTION,src/tracking/advanced_tracker.py:_activate_slot,1824_512_1168_763_1330
S,8,1824,DETECTION,src/tracking/advanced_tracker.py:_activate_slot,1824_442_1258_681_1440
S,9,1824,DETECTION,src/tracking/advanced_tracker.py:_activate_slot,1824_550_1590_838_1710
S,0,1824,PREDICTION,src/tracking/advanced_tracker.py:kalman_homography,
S,2,1824,PREDICTION,src/tracking/advanced_tracker.py:kalman_homography,
S,3,1824,PREDICTION,src/tracking/advanced_tracker.py:kalman_homography,
D,3,1824
S,0,1824,PREDICTION,src/tracking/advanced_tracker.py:id_merge,
D,1,1824
S,4,1824,PREDICTION,src/tracking/advanced_tracker.py:id_merge,
D,5,1824
S,8,1824,PREDICTION,src/tracking/advanced_tracker.py:id_merge,
D,6,1824
S,7,1824,PREDICTION,src/tracking/advanced_tracker.py:id_merge,
D,7,1824
S,8,1824,PREDICTION,src/tracking/advanced_tracker.py:id_merge,
L,0,1824,PREDICTION,src/tracking/advanced_tracker.py:id_merge,
R,CLAMP,CLAMP,0
L,2,1824,PREDICTION,src/tracking/advanced_tracker.py:kalman_homography,
R,CLAMP,CLAMP,0
L,4,1824,PREDICTION,src/tracking/advanced_tracker.py:id_merge,
R,PREDICTION,SUBPIXEL,0
L,8,1824,PREDICTION,src/tracking/advanced_tracker.py:id_merge,
R,CLAMP,CLAMP,0
L,9,1824,DETECTION,src/tracking/advanced_tracker.py:_activate_slot,1824_550_1590_838_1710
R,DETECTION,DETECTION,1
A,1824
S,0,1827,DETECTION,src/tracking/advanced_tracker.py:_activate_slot,1827_370_794_544_905
S,1,1827,CLAMP,src/tracking/advanced_tracker.py:_activate_slot,1827_378_641_597_772
S,4,1827,CLAMP,src/tracking/advanced_tracker.py:_activate_slot,1827_371_796_570_940
S,5,1827,DETECTION,src/tracking/advanced_tracker.py:_activate_slot,1827_351_1405_579_1524
S,6,1827,DETECTION,src/tracking/advanced_tracker.py:_activate_slot,1827_531_1071_777_1207
S,7,1827,DETECTION,src/tracking/advanced_tracker.py:_activate_slot,1827_519_1177_768_1336
S,8,1827,DETECTION,src/tracking/advanced_tracker.py:_activate_slot,1827_436_1212_675_1398
S,9,1827,DETECTION,src/tracking/advanced_tracker.py:_activate_slot,1827_545_1593_836_1713
S,3,1827,PREDICTION,src/tracking/advanced_tracker.py:kalman_homography,
S,2,1827,PREDICTION,src/tracking/advanced_tracker.py:flow_gapfill_batched,
D,2,1827
S,0,1827,PREDICTION,src/tracking/advanced_tracker.py:id_merge,
D,3,1827
S,0,1827,PREDICTION,src/tracking/advanced_tracker.py:id_merge,
D,1,1827
S,4,1827,PREDICTION,src/tracking/advanced_tracker.py:id_merge,
D,6,1827
S,7,1827,PREDICTION,src/tracking/advanced_tracker.py:id_merge,
D,7,1827
S,8,1827,PREDICTION,src/tracking/advanced_tracker.py:id_merge,
L,0,1827,PREDICTION,src/tracking/advanced_tracker.py:id_merge,
R,CLAMP,CLAMP,0
L,4,1827,PREDICTION,src/tracking/advanced_tracker.py:id_merge,
R,PREDICTION,SUBPIXEL,0
L,5,1827,DETECTION,src/tracking/advanced_tracker.py:_activate_slot,1827_351_1405_579_1524
R,CLAMP,CLAMP,0
L,8,1827,PREDICTION,src/tracking/advanced_tracker.py:id_merge,
R,CLAMP,CLAMP,0
L,9,1827,DETECTION,src/tracking/advanced_tracker.py:_activate_slot,1827_545_1593_836_1713
R,DETECTION,DETECTION,1
A,1827
S,0,1830,DETECTION,src/tracking/advanced_tracker.py:_activate_slot,1830_375_795_582_900
S,1,1830,DETECTION,src/tracking/advanced_tracker.py:_activate_slot,1830_537_1200_772_1345
S,2,1830,DETECTION,src/tracking/advanced_tracker.py:_activate_slot,1830_381_636_596_775
S,4,1830,CLAMP,src/tracking/advanced_tracker.py:_activate_slot,1830_375_795_582_945
S,5,1830,DETECTION,src/tracking/advanced_tracker.py:_activate_slot,1830_352_1408_578_1528
S,6,1830,DETECTION,src/tracking/advanced_tracker.py:_activate_slot,1830_540_1099_778_1261
S,7,1830,DETECTION,src/tracking/advanced_tracker.py:_activate_slot,1830_568_1620_834_1716
S,8,1830,DETECTION,src/tracking/advanced_tracker.py:_activate_slot,1830_439_1191_592_1317
S,9,1830,DETECTION,src/tracking/advanced_tracker.py:_activate_slot,1830_557_1596_834_1716
S,3,1830,PREDICTION,src/tracking/advanced_tracker.py:kalman_homography,
D,0,1830
S,2,1830,PREDICTION,src/tracking/advanced_tracker.py:id_merge,
D,3,1830
S,2,1830,PREDICTION,src/tracking/advanced_tracker.py:id_merge,
D,6,1830
S,8,1830,PREDICTION,src/tracking/advanced_tracker.py:id_merge,
D,7,1830
S,9,1830,PREDICTION,src/tracking/advanced_tracker.py:id_merge,
L,1,1830,DETECTION,src/tracking/advanced_tracker.py:_activate_slot,1830_537_1200_772_1345
R,CLAMP,CLAMP,0
L,2,1830,PREDICTION,src/tracking/advanced_tracker.py:id_merge,
R,CLAMP,CLAMP,0
L,4,1830,CLAMP,src/tracking/advanced_tracker.py:_activate_slot,1830_375_795_582_945
R,CLAMP,CLAMP,0
L,5,1830,DETECTION,src/tracking/advanced_tracker.py:_activate_slot,1830_352_1408_578_1528
R,CLAMP,CLAMP,0
L,8,1830,PREDICTION,src/tracking/advanced_tracker.py:id_merge,
R,CLAMP,CLAMP,0
L,9,1830,PREDICTION,src/tracking/advanced_tracker.py:id_merge,
R,PREDICTION,PREDICTION,1
A,1830
S,0,1833,DETECTION,src/tracking/advanced_tracker.py:_activate_slot,1833_389_787_581_922
S,2,1833,DETECTION,src/tracking/advanced_tracker.py:_activate_slot,1833_375_621_584_758
S,5,1833,DETECTION,src/tracking/advanced_tracker.py:_activate_slot,1833_457_1654_626_1768
S,6,1833,DETECTION,src/tracking/advanced_tracker.py:_activate_slot,1833_538_1131_776_1275
S,7,1833,DETECTION,src/tracking/advanced_tracker.py:_activate_slot,1833_506_1183_771_1351
S,8,1833,DETECTION,src/tracking/advanced_tracker.py:_activate_slot,1833_437_1167_576_1293
S,9,1833,DETECTION,src/tracking/advanced_tracker.py:_activate_slot,1833_556_1620_830_1722
S,1,1833,PREDICTION,src/tracking/advanced_tracker.py:kalman_homography,
S,4,1833,PREDICTION,src/tracking/advanced_tracker.py:kalman_homography,
S,3,1833,PREDICTION,src/tracking/advanced_tracker.py:flow_gapfill_batched,
D,3,1833
S,0,1833,PREDICTION,src/tracking/advanced_tracker.py:id_merge,
D,4,1833
S,0,1833,PREDICTION,src/tracking/advanced_tracker.py:id_merge,
D,5,1833
S,9,1833,PREDICTION,src/tracking/advanced_tracker.py:id_merge,
D,6,1833
S,7,1833,PREDICTION,src/tracking/advanced_tracker.py:id_merge,
D,7,1833
S,8,1833,PREDICTION,src/tracking/advanced_tracker.py:id_merge,
L,0,1833,PREDICTION,src/tracking/advanced_tracker.py:id_merge,
R,CLAMP,CLAMP,0
L,1,1833,PREDICTION,src/tracking/advanced_tracker.py:kalman_homography,
R,CLAMP,CLAMP,0
L,2,1833,DETECTION,src/tracking/advanced_tracker.py:_activate_slot,1833_375_621_584_758
R,CLAMP,CLAMP,0
L,8,1833,PREDICTION,src/tracking/advanced_tracker.py:id_merge,
R,CLAMP,CLAMP,0
L,9,1833,PREDICTION,src/tracking/advanced_tracker.py:id_merge,
R,PREDICTION,PREDICTION,1
A,1833
S,0,1836,DETECTION,src/tracking/advanced_tracker.py:_activate_slot,1836_395_775_581_913
S,1,1836,DETECTION,src/tracking/advanced_tracker.py:_activate_slot,1836_483_1765_621_1876
S,4,1836,CLAMP,src/tracking/advanced_tracker.py:_activate_slot,1836_393_807_579_915
S,5,1836,DETECTION,src/tracking/advanced_tracker.py:_activate_slot,1836_457_1663_625_1780
S,6,1836,DETECTION,src/tracking/advanced_tracker.py:_activate_slot,1836_541_1144_773_1276
S,7,1836,DETECTION,src/tracking/advanced_tracker.py:_activate_slot,1836_495_1217_773_1361
S,8,1836,DETECTION,src/tracking/advanced_tracker.py:_activate_slot,1836_440_1144_596_1261
S,9,1836,DETECTION,src/tracking/advanced_tracker.py:_activate_slot,1836_553_1614_834_1725
S,2,1836,PREDICTION,src/tracking/advanced_tracker.py:flow_gapfill_batched,
D,2,1836
S,0,1836,PREDICTION,src/tracking/advanced_tracker.py:id_merge,
D,1,1836
S,4,1836,PREDICTION,src/tracking/advanced_tracker.py:id_merge,
D,5,1836
S,9,1836,PREDICTION,src/tracking/advanced_tracker.py:id_merge,
D,6,1836
S,7,1836,PREDICTION,src/tracking/advanced_tracker.py:id_merge,
D,7,1836
S,8,1836,PREDICTION,src/tracking/advanced_tracker.py:id_merge,
L,0,1836,PREDICTION,src/tracking/advanced_tracker.py:id_merge,
R,CLAMP,CLAMP,0
L,4,1836,PREDICTION,src/tracking/advanced_tracker.py:id_merge,
R,PREDICTION,SUBPIXEL,0
L,8,1836,PREDICTION,src/tracking/advanced_tracker.py:id_merge,
R,CLAMP,CLAMP,0
L,9,1836,PREDICTION,src/tracking/advanced_tracker.py:id_merge,
R,PREDICTION,PREDICTION,1
A,1836
S,4,1839,CLAMP,src/tracking/advanced_tracker.py:_activate_slot,1839_398_814_585_943
S,5,1839,DETECTION,src/tracking/advanced_tracker.py:_activate_slot,1839_457_1671_627_1785
S,6,1839,DETECTION,src/tracking/advanced_tracker.py:_activate_slot,1839_519_1139_771_1299
S,7,1839,DETECTION,src/tracking/advanced_tracker.py:_activate_slot,1839_495_1231_774_1372
S,8,1839,DETECTION,src/tracking/advanced_tracker.py:_activate_slot,1839_447_1118_774_1299
S,9,1839,DETECTION,src/tracking/advanced_tracker.py:_activate_slot,1839_553_1644_835_1734
S,0,1839,PREDICTION,src/tracking/advanced_tracker.py:kalman_homography,
S,1,1839,PREDICTION,src/tracking/advanced_tracker.py:flow_gapfill_batched,
S,2,1839,PREDICTION,src/tracking/advanced_tracker.py:flow_gapfill_batched,
D,2,1839
S,0,1839,PREDICTION,src/tracking/advanced_tracker.py:id_merge,
D,1,1839
S,4,1839,PREDICTION,src/tracking/advanced_tracker.py:id_merge,
D,5,1839
S,9,1839,PREDICTION,src/tracking/advanced_tracker.py:id_merge,
D,6,1839
S,7,1839,PREDICTION,src/tracking/advanced_tracker.py:id_merge,
D,7,1839
S,8,1839,PREDICTION,src/tracking/advanced_tracker.py:id_merge,
L,0,1839,PREDICTION,src/tracking/advanced_tracker.py:id_merge,
R,CLAMP,CLAMP,0
L,4,1839,PREDICTION,src/tracking/advanced_tracker.py:id_merge,
R,PREDICTION,SUBPIXEL,0
L,8,1839,PREDICTION,src/tracking/advanced_tracker.py:id_merge,
R,CLAMP,CLAMP,0
L,9,1839,PREDICTION,src/tracking/advanced_tracker.py:id_merge,
R,PREDICTION,PREDICTION,1
A,1839
