S,0,3486,DETECTION,src/tracking/advanced_tracker.py:_activate_slot,3486_439_1240_912_1441
S,1,3486,DETECTION,src/tracking/advanced_tracker.py:_activate_slot,3486_270_825_726_1011
S,2,3486,DETECTION,src/tracking/advanced_tracker.py:_activate_slot,3486_196_251_601_439
S,3,3486,DETECTION,src/tracking/advanced_tracker.py:_activate_slot,3486_270_659_741_866
S,4,3486,DETECTION,src/tracking/advanced_tracker.py:_activate_slot,3486_81_-15_468_72
S,5,3486,DETECTION,src/tracking/advanced_tracker.py:_activate_slot,3486_97_611_439_744
S,10,3486,DETECTION,src/tracking/advanced_tracker.py:_activate_slot,3486_2_1596_267_1734
L,0,3486,DETECTION,src/tracking/advanced_tracker.py:_activate_slot,3486_439_1240_912_1441
R,DETECTION,DETECTION,1
L,1,3486,DETECTION,src/tracking/advanced_tracker.py:_activate_slot,3486_270_825_726_1011
R,DETECTION,DETECTION,1
L,2,3486,DETECTION,src/tracking/advanced_tracker.py:_activate_slot,3486_196_251_601_439
R,DETECTION,DETECTION,1
L,3,3486,DETECTION,src/tracking/advanced_tracker.py:_activate_slot,3486_270_659_741_866
R,DETECTION,DETECTION,1
L,4,3486,DETECTION,src/tracking/advanced_tracker.py:_activate_slot,3486_81_-15_468_72
R,DETECTION,DETECTION,1
L,5,3486,DETECTION,src/tracking/advanced_tracker.py:_activate_slot,3486_97_611_439_744
R,DETECTION,DETECTION,1
A,3486
S,0,3489,DETECTION,src/tracking/advanced_tracker.py:_activate_slot,3489_441_1242_913_1443
S,1,3489,DETECTION,src/tracking/advanced_tracker.py:_activate_slot,3489_274_829_749_993
S,2,3489,DETECTION,src/tracking/advanced_tracker.py:_activate_slot,3489_207_270_610_484
S,3,3489,DETECTION,src/tracking/advanced_tracker.py:_activate_slot,3489_259_701_747_890
S,4,3489,DETECTION,src/tracking/advanced_tracker.py:_activate_slot,3489_91_-15_459_95
S,6,3489,DETECTION,src/tracking/advanced_tracker.py:_activate_slot,3489_616_1006_1030_1171
S,10,3489,DETECTION,src/tracking/advanced_tracker.py:_activate_slot,3489_-1_1609_276_1747
S,7,3489,DETECTION,src/tracking/advanced_tracker.py:_activate_slot,3489_325_577_783_706
S,5,3489,PREDICTION,src/tracking/advanced_tracker.py:kalman_homography,
D,5,3489
S,6,3489,PREDICTION,src/tracking/advanced_tracker.py:id_merge,
L,0,3489,DETECTION,src/tracking/advanced_tracker.py:_activate_slot,3489_441_1242_913_1443
R,DETECTION,DETECTION,1
L,1,3489,DETECTION,src/tracking/advanced_tracker.py:_activate_slot,3489_274_829_749_993
R,DETECTION,DETECTION,1
L,2,3489,DETECTION,src/tracking/advanced_tracker.py:_activate_slot,3489_207_270_610_484
R,DETECTION,DETECTION,1
L,3,3489,DETECTION,src/tracking/advanced_tracker.py:_activate_slot,3489_259_701_747_890
R,DETECTION,DETECTION,1
L,4,3489,DETECTION,src/tracking/advanced_tracker.py:_activate_slot,3489_91_-15_459_95
R,DETECTION,DETECTION,1
L,6,3489,PREDICTION,src/tracking/advanced_tracker.py:id_merge,
R,PREDICTION,PREDICTION,1
L,7,3489,DETECTION,src/tracking/advanced_tracker.py:_activate_slot,3489_325_577_783_706
R,DETECTION,DETECTION,1
A,3489
S,0,3492,DETECTION,src/tracking/advanced_tracker.py:_activate_slot,3492_438_1245_914_1446
S,3,3492,DETECTION,src/tracking/advanced_tracker.py:_activate_slot,3492_266_716_711_887
S,6,3492,DETECTION,src/tracking/advanced_tracker.py:_activate_slot,3492_608_1000_1029_1167
S,7,3492,DETECTION,src/tracking/advanced_tracker.py:_activate_slot,3492_327_602_776_801
S,8,3492,DETECTION,src/tracking/advanced_tracker.py:_activate_slot,3492_100_-15_478_111
S,9,3492,DETECTION,src/tracking/advanced_tracker.py:_activate_slot,3492_277_808_746_976
S,10,3492,DETECTION,src/tracking/advanced_tracker.py:_activate_slot,3492_4_1620_274_1752
S,1,3492,PREDICTION,src/tracking/advanced_tracker.py:kalman_homography,
S,2,3492,PREDICTION,src/tracking/advanced_tracker.py:kalman_homography,
S,4,3492,PREDICTION,src/tracking/advanced_tracker.py:kalman_homography,
S,5,3492,PREDICTION,src/tracking/advanced_tracker.py:kalman_homography,
D,1,3492
S,3,3492,PREDICTION,src/tracking/advanced_tracker.py:id_merge,
D,5,3492
S,6,3492,PREDICTION,src/tracking/advanced_tracker.py:id_merge,
D,6,3492
S,9,3492,PREDICTION,src/tracking/advanced_tracker.py:id_merge,
L,0,3492,DETECTION,src/tracking/advanced_tracker.py:_activate_slot,3492_438_1245_914_1446
R,DETECTION,DETECTION,1
L,2,3492,PREDICTION,src/tracking/advanced_tracker.py:kalman_homography,
R,PREDICTION,PREDICTION,1
L,3,3492,PREDICTION,src/tracking/advanced_tracker.py:id_merge,
R,PREDICTION,PREDICTION,1
L,4,3492,PREDICTION,src/tracking/advanced_tracker.py:kalman_homography,
R,PREDICTION,PREDICTION,1
L,7,3492,DETECTION,src/tracking/advanced_tracker.py:_activate_slot,3492_327_602_776_801
R,DETECTION,DETECTION,1
L,8,3492,DETECTION,src/tracking/advanced_tracker.py:_activate_slot,3492_100_-15_478_111
R,DETECTION,DETECTION,1
L,9,3492,PREDICTION,src/tracking/advanced_tracker.py:id_merge,
R,PREDICTION,PREDICTION,1
A,3492
S,0,3495,DETECTION,src/tracking/advanced_tracker.py:_activate_slot,3495_441_1254_918_1455
S,2,3495,DETECTION,src/tracking/advanced_tracker.py:_activate_slot,3495_156_362_594_540
S,5,3495,DETECTION,src/tracking/advanced_tracker.py:_activate_slot,3495_112_629_441_784
S,6,3495,DETECTION,src/tracking/advanced_tracker.py:_activate_slot,3495_598_996_1030_1176
S,7,3495,DETECTION,src/tracking/advanced_tracker.py:_activate_slot,3495_330_628_774_862
S,8,3495,DETECTION,src/tracking/advanced_tracker.py:_activate_slot,3495_114_-15_479_138
S,9,3495,DETECTION,src/tracking/advanced_tracker.py:_activate_slot,3495_286_807_759_975
S,10,3495,DETECTION,src/tracking/advanced_tracker.py:_activate_slot,3495_10_1635_278_1767
S,1,3495,PREDICTION,src/tracking/advanced_tracker.py:kalman_homography,
S,3,3495,PREDICTION,src/tracking/advanced_tracker.py:kalman_homography,
S,4,3495,PREDICTION,src/tracking/advanced_tracker.py:kalman_homography,
D,1,3495
S,3,3495,PREDICTION,src/tracking/advanced_tracker.py:id_merge,
D,6,3495
S,9,3495,PREDICTION,src/tracking/advanced_tracker.py:id_merge,
L,0,3495,DETECTION,src/tracking/advanced_tracker.py:_activate_slot,3495_441_1254_918_1455
R,DETECTION,DETECTION,1
L,2,3495,DETECTION,src/tracking/advanced_tracker.py:_activate_slot,3495_156_362_594_540
R,DETECTION,DETECTION,1
L,3,3495,PREDICTION,src/tracking/advanced_tracker.py:id_merge,
R,PREDICTION,PREDICTION,1
L,4,3495,PREDICTION,src/tracking/advanced_tracker.py:kalman_homography,
R,PREDICTION,PREDICTION,1
L,5,3495,DETECTION,src/tracking/advanced_tracker.py:_activate_slot,3495_112_629_441_784
R,DETECTION,DETECTION,1
L,7,3495,DETECTION,src/tracking/advanced_tracker.py:_activate_slot,3495_330_628_774_862
R,DETECTION,DETECTION,1
L,8,3495,DETECTION,src/tracking/advanced_tracker.py:_activate_slot,3495_114_-15_479_138
R,DETECTION,DETECTION,1
L,9,3495,PREDICTION,src/tracking/advanced_tracker.py:id_merge,
R,PREDICTION,PREDICTION,1
A,3495
S,0,3498,DETECTION,src/tracking/advanced_tracker.py:_activate_slot,3498_442_1267_928_1465
S,1,3498,DETECTION,src/tracking/advanced_tracker.py:_activate_slot,3498_282_796_779_985
S,5,3498,DETECTION,src/tracking/advanced_tracker.py:_activate_slot,3498_118_644_492_807
S,6,3498,DETECTION,src/tracking/advanced_tracker.py:_activate_slot,3498_589_990_1030_1194
S,8,3498,DETECTION,src/tracking/advanced_tracker.py:_activate_slot,3498_121_-14_487_164
S,7,3498,DETECTION,src/tracking/advanced_tracker.py:_activate_slot,3498_116_630_783_822
S,2,3498,PREDICTION,src/tracking/advanced_tracker.py:kalman_homography,
S,3,3498,PREDICTION,src/tracking/advanced_tracker.py:kalman_homography,
S,4,3498,PREDICTION,src/tracking/advanced_tracker.py:kalman_homography,
S,9,3498,PREDICTION,src/tracking/advanced_tracker.py:kalman_homography,
S,10,3498,PREDICTION,src/tracking/advanced_tracker.py:kalman_homography,
D,3,3498
S,1,3498,PREDICTION,src/tracking/advanced_tracker.py:id_merge,
D,5,3498
S,6,3498,PREDICTION,src/tracking/advanced_tracker.py:id_merge,
D,9,3498
S,6,3498,PREDICTION,src/tracking/advanced_tracker.py:id_merge,
L,0,3498,DETECTION,src/tracking/advanced_tracker.py:_activate_slot,3498_442_1267_928_1465
R,DETECTION,DETECTION,1
L,1,3498,PREDICTION,src/tracking/advanced_tracker.py:id_merge,
R,PREDICTION,PREDICTION,1
L,2,3498,PREDICTION,src/tracking/advanced_tracker.py:kalman_homography,
R,PREDICTION,PREDICTION,1
L,4,3498,PREDICTION,src/tracking/advanced_tracker.py:kalman_homography,
R,PREDICTION,PREDICTION,1
L,6,3498,PREDICTION,src/tracking/advanced_tracker.py:id_merge,
R,PREDICTION,PREDICTION,1
L,7,3498,DETECTION,src/tracking/advanced_tracker.py:_activate_slot,3498_116_630_783_822
R,DETECTION,DETECTION,1
L,8,3498,DETECTION,src/tracking/advanced_tracker.py:_activate_slot,3498_121_-14_487_164
R,DETECTION,DETECTION,1
A,3498
S,1,3501,DETECTION,src/tracking/advanced_tracker.py:_activate_slot,3501_453_1275_926_1476
S,5,3501,DETECTION,src/tracking/advanced_tracker.py:_activate_slot,3501_124_660_495_822
S,6,3501,DETECTION,src/tracking/advanced_tracker.py:_activate_slot,3501_594_979_872_1204
S,8,3501,DETECTION,src/tracking/advanced_tracker.py:_activate_slot,3501_129_6_495_173
S,9,3501,DETECTION,src/tracking/advanced_tracker.py:_activate_slot,3501_312_820_785_1002
S,7,3501,DETECTION,src/tracking/advanced_tracker.py:_activate_slot,3501_128_667_789_879
S,10,3501,DETECTION,src/tracking/advanced_tracker.py:_activate_slot,3501_25_1668_288_1794
S,0,3501,PREDICTION,src/tracking/advanced_tracker.py:kalman_homography,
S,2,3501,PREDICTION,src/tracking/advanced_tracker.py:kalman_homography,
S,3,3501,PREDICTION,src/tracking/advanced_tracker.py:kalman_homography,
S,4,3501,PREDICTION,src/tracking/advanced_tracker.py:kalman_homography,
D,0,3501
S,1,3501,PREDICTION,src/tracking/advanced_tracker.py:id_merge,
D,5,3501
S,6,3501,PREDICTION,src/tracking/advanced_tracker.py:id_merge,
D,6,3501
S,9,3501,PREDICTION,src/tracking/advanced_tracker.py:id_merge,
L,1,3501,PREDICTION,src/tracking/advanced_tracker.py:id_merge,
R,CLAMP,CLAMP,0
L,2,3501,PREDICTION,src/tracking/advanced_tracker.py:kalman_homography,
R,PREDICTION,PREDICTION,1
L,3,3501,PREDICTION,src/tracking/advanced_tracker.py:kalman_homography,
R,PREDICTION,PREDICTION,1
L,4,3501,PREDICTION,src/tracking/advanced_tracker.py:kalman_homography,
R,PREDICTION,PREDICTION,1
L,7,3501,DETECTION,src/tracking/advanced_tracker.py:_activate_slot,3501_128_667_789_879
R,DETECTION,DETECTION,1
L,8,3501,DETECTION,src/tracking/advanced_tracker.py:_activate_slot,3501_129_6_495_173
R,DETECTION,DETECTION,1
L,9,3501,PREDICTION,src/tracking/advanced_tracker.py:id_merge,
R,PREDICTION,PREDICTION,1
A,3501
S,1,3504,CLAMP,src/tracking/advanced_tracker.py:_activate_slot,3504_76_372_351_510
S,3,3504,DETECTION,src/tracking/advanced_tracker.py:_activate_slot,3504_271_815_789_1041
S,5,3504,DETECTION,src/tracking/advanced_tracker.py:_activate_slot,3504_137_673_498_841
S,8,3504,DETECTION,src/tracking/advanced_tracker.py:_activate_slot,3504_131_12_500_172
S,10,3504,DETECTION,src/tracking/advanced_tracker.py:_activate_slot,3504_30_1674_279_1806
S,0,3504,PREDICTION,src/tracking/advanced_tracker.py:kalman_homography,
S,2,3504,PREDICTION,src/tracking/advanced_tracker.py:kalman_homography,
S,4,3504,PREDICTION,src/tracking/advanced_tracker.py:kalman_homography,
S,6,3504,PREDICTION,src/tracking/advanced_tracker.py:kalman_homography,
S,7,3504,PREDICTION,src/tracking/advanced_tracker.py:kalman_homography,
S,9,3504,PREDICTION,src/tracking/advanced_tracker.py:kalman_homography,
D,0,3504
S,1,3504,PREDICTION,src/tracking/advanced_tracker.py:id_merge,
D,6,3504
S,5,3504,PREDICTION,src/tracking/advanced_tracker.py:id_merge,
D,7,3504
S,9,3504,PREDICTION,src/tracking/advanced_tracker.py:id_merge,
L,1,3504,PREDICTION,src/tracking/advanced_tracker.py:id_merge,
R,CLAMP,CLAMP,0
L,2,3504,PREDICTION,src/tracking/advanced_tracker.py:kalman_homography,
R,PREDICTION,PREDICTION,1
L,3,3504,DETECTION,src/tracking/advanced_tracker.py:_activate_slot,3504_271_815_789_1041
R,DETECTION,DETECTION,1
L,4,3504,PREDICTION,src/tracking/advanced_tracker.py:kalman_homography,
R,PREDICTION,PREDICTION,1
L,5,3504,PREDICTION,src/tracking/advanced_tracker.py:id_merge,
R,PREDICTION,PREDICTION,1
L,8,3504,DETECTION,src/tracking/advanced_tracker.py:_activate_slot,3504_131_12_500_172
R,DETECTION,DETECTION,1
L,9,3504,PREDICTION,src/tracking/advanced_tracker.py:id_merge,
R,PREDICTION,PREDICTION,1
A,3504
S,1,3507,CLAMP,src/tracking/advanced_tracker.py:_activate_slot,3507_81_368_363_520
S,3,3507,DETECTION,src/tracking/advanced_tracker.py:_activate_slot,3507_195_828_784_1026
S,7,3507,DETECTION,src/tracking/advanced_tracker.py:_activate_slot,3507_330_768_803_984
S,8,3507,DETECTION,src/tracking/advanced_tracker.py:_activate_slot,3507_138_14_508_169
S,9,3507,DETECTION,src/tracking/advanced_tracker.py:_activate_slot,3507_317_825_792_1011
S,10,3507,DETECTION,src/tracking/advanced_tracker.py:_activate_slot,3507_37_1677_294_1821
S,0,3507,PREDICTION,src/tracking/advanced_tracker.py:kalman_homography,
S,2,3507,PREDICTION,src/tracking/advanced_tracker.py:kalman_homography,
S,4,3507,PREDICTION,src/tracking/advanced_tracker.py:kalman_homography,
S,5,3507,PREDICTION,src/tracking/advanced_tracker.py:kalman_homography,
S,6,3507,PREDICTION,src/tracking/advanced_tracker.py:kalman_homography,
D,0,3507
S,1,3507,PREDICTION,src/tracking/advanced_tracker.py:id_merge,
D,6,3507
S,5,3507,PREDICTION,src/tracking/advanced_tracker.py:id_merge,
D,7,3507
S,9,3507,PREDICTION,src/tracking/advanced_tracker.py:id_merge,
L,1,3507,PREDICTION,src/tracking/advanced_tracker.py:id_merge,
R,CLAMP,CLAMP,0
L,2,3507,PREDICTION,src/tracking/advanced_tracker.py:kalman_homography,
R,PREDICTION,PREDICTION,1
L,3,3507,DETECTION,src/tracking/advanced_tracker.py:_activate_slot,3507_195_828_784_1026
R,DETECTION,DETECTION,1
L,4,3507,PREDICTION,src/tracking/advanced_tracker.py:kalman_homography,
R,PREDICTION,PREDICTION,1
L,5,3507,PREDICTION,src/tracking/advanced_tracker.py:id_merge,
R,PREDICTION,PREDICTION,1
L,8,3507,DETECTION,src/tracking/advanced_tracker.py:_activate_slot,3507_138_14_508_169
R,DETECTION,DETECTION,1
L,9,3507,PREDICTION,src/tracking/advanced_tracker.py:id_merge,
R,PREDICTION,PREDICTION,1
A,3507
S,3,3510,DETECTION,src/tracking/advanced_tracker.py:_activate_slot,3510_239_855_767_1023
S,5,3510,DETECTION,src/tracking/advanced_tracker.py:_activate_slot,3510_159_687_526_833
S,7,3510,DETECTION,src/tracking/advanced_tracker.py:_activate_slot,3510_348_743_815_885
S,8,3510,DETECTION,src/tracking/advanced_tracker.py:_activate_slot,3510_158_20_528_172
S,0,3510,PREDICTION,src/tracking/advanced_tracker.py:kalman_homography,
S,2,3510,PREDICTION,src/tracking/advanced_tracker.py:kalman_homography,
S,4,3510,PREDICTION,src/tracking/advanced_tracker.py:kalman_homography,
S,6,3510,PREDICTION,src/tracking/advanced_tracker.py:kalman_homography,
S,9,3510,PREDICTION,src/tracking/advanced_tracker.py:kalman_homography,
S,1,3510,PREDICTION,src/tracking/advanced_tracker.py:flow_gapfill_batched,
D,4,3510
S,1,3510,PREDICTION,src/tracking/advanced_tracker.py:id_merge,
D,6,3510
S,5,3510,PREDICTION,src/tracking/advanced_tracker.py:id_merge,
D,9,3510
S,5,3510,PREDICTION,src/tracking/advanced_tracker.py:id_merge,
L,0,3510,PREDICTION,src/tracking/advanced_tracker.py:kalman_homography,
R,PREDICTION,PREDICTION,1
L,1,3510,PREDICTION,src/tracking/advanced_tracker.py:id_merge,
R,CLAMP,CLAMP,0
L,2,3510,PREDICTION,src/tracking/advanced_tracker.py:kalman_homography,
R,PREDICTION,PREDICTION,1
L,3,3510,DETECTION,src/tracking/advanced_tracker.py:_activate_slot,3510_239_855_767_1023
R,DETECTION,DETECTION,1
L,5,3510,PREDICTION,src/tracking/advanced_tracker.py:id_merge,
R,PREDICTION,PREDICTION,1
L,7,3510,DETECTION,src/tracking/advanced_tracker.py:_activate_slot,3510_348_743_815_885
R,DETECTION,DETECTION,1
L,8,3510,DETECTION,src/tracking/advanced_tracker.py:_activate_slot,3510_158_20_528_172
R,DETECTION,DETECTION,1
A,3510
S,3,3513,DETECTION,src/tracking/advanced_tracker.py:_activate_slot,3513_234_856_779_1033
S,5,3513,DETECTION,src/tracking/advanced_tracker.py:_activate_slot,3513_172_689_552_827
S,7,3513,DETECTION,src/tracking/advanced_tracker.py:_activate_slot,3513_348_742_820_940
S,8,3513,DETECTION,src/tracking/advanced_tracker.py:_activate_slot,3513_176_20_546_168
S,0,3513,PREDICTION,src/tracking/advanced_tracker.py:kalman_homography,
S,2,3513,PREDICTION,src/tracking/advanced_tracker.py:kalman_homography,
S,6,3513,PREDICTION,src/tracking/advanced_tracker.py:kalman_homography,
S,9,3513,PREDICTION,src/tracking/advanced_tracker.py:kalman_homography,
S,1,3513,PREDICTION,src/tracking/advanced_tracker.py:flow_gapfill_batched,
D,9,3513
S,5,3513,PREDICTION,src/tracking/advanced_tracker.py:id_merge,
L,0,3513,PREDICTION,src/tracking/advanced_tracker.py:kalman_homography,
R,PREDICTION,PREDICTION,1
L,1,3513,PREDICTION,src/tracking/advanced_tracker.py:flow_gapfill_batched,
R,CLAMP,CLAMP,0
L,2,3513,PREDICTION,src/tracking/advanced_tracker.py:kalman_homography,
R,PREDICTION,PREDICTION,1
L,3,3513,DETECTION,src/tracking/advanced_tracker.py:_activate_slot,3513_234_856_779_1033
R,DETECTION,DETECTION,1
L,5,3513,PREDICTION,src/tracking/advanced_tracker.py:id_merge,
R,PREDICTION,PREDICTION,1
L,6,3513,PREDICTION,src/tracking/advanced_tracker.py:kalman_homography,
R,PREDICTION,PREDICTION,1
L,7,3513,DETECTION,src/tracking/advanced_tracker.py:_activate_slot,3513_348_742_820_940
R,DETECTION,DETECTION,1
L,8,3513,DETECTION,src/tracking/advanced_tracker.py:_activate_slot,3513_176_20_546_168
R,DETECTION,DETECTION,1
A,3513
S,3,3516,DETECTION,src/tracking/advanced_tracker.py:_activate_slot,3516_235_862_777_1057
S,5,3516,DETECTION,src/tracking/advanced_tracker.py:_activate_slot,3516_189_688_563_820
S,7,3516,DETECTION,src/tracking/advanced_tracker.py:_activate_slot,3516_359_733_836_928
S,8,3516,DETECTION,src/tracking/advanced_tracker.py:_activate_slot,3516_184_24_561_166
S,9,3516,DETECTION,src/tracking/advanced_tracker.py:_activate_slot,3516_351_841_829_982
S,0,3516,PREDICTION,src/tracking/advanced_tracker.py:kalman_homography,
S,2,3516,PREDICTION,src/tracking/advanced_tracker.py:kalman_homography,
S,6,3516,PREDICTION,src/tracking/advanced_tracker.py:kalman_homography,
S,1,3516,PREDICTION,src/tracking/advanced_tracker.py:flow_gapfill_batched,
D,2,3516
S,3,3516,PREDICTION,src/tracking/advanced_tracker.py:id_merge,
D,5,3516
S,7,3516,PREDICTION,src/tracking/advanced_tracker.py:id_merge,
D,7,3516
S,9,3516,PREDICTION,src/tracking/advanced_tracker.py:id_merge,
L,0,3516,PREDICTION,src/tracking/advanced_tracker.py:kalman_homography,
R,PREDICTION,PREDICTION,1
L,1,3516,PREDICTION,src/tracking/advanced_tracker.py:flow_gapfill_batched,
R,CLAMP,CLAMP,0
L,3,3516,PREDICTION,src/tracking/advanced_tracker.py:id_merge,
R,PREDICTION,PREDICTION,1
L,6,3516,PREDICTION,src/tracking/advanced_tracker.py:kalman_homography,
R,PREDICTION,PREDICTION,1
L,8,3516,DETECTION,src/tracking/advanced_tracker.py:_activate_slot,3516_184_24_561_166
R,DETECTION,DETECTION,1
L,9,3516,PREDICTION,src/tracking/advanced_tracker.py:id_merge,
R,PREDICTION,PREDICTION,1
A,3516
S,3,3519,CLAMP,src/tracking/advanced_tracker.py:_activate_slot,3519_113_358_406_499
S,5,3519,DETECTION,src/tracking/advanced_tracker.py:_activate_slot,3519_206_684_580_815
S,7,3519,DETECTION,src/tracking/advanced_tracker.py:_activate_slot,3519_372_745_838_910
S,8,3519,DETECTION,src/tracking/advanced_tracker.py:_activate_slot,3519_194_26_570_177
S,9,3519,DETECTION,src/tracking/advanced_tracker.py:_activate_slot,3519_345_835_832_988
S,0,3519,PREDICTION,src/tracking/advanced_tracker.py:kalman_homography,
S,6,3519,PREDICTION,src/tracking/advanced_tracker.py:kalman_homography,
S,1,3519,PREDICTION,src/tracking/advanced_tracker.py:flow_gapfill_batched,
D,5,3519
S,7,3519,PREDICTION,src/tracking/advanced_tracker.py:id_merge,
D,7,3519
S,9,3519,PREDICTION,src/tracking/advanced_tracker.py:id_merge,
L,0,3519,PREDICTION,src/tracking/advanced_tracker.py:kalman_homography,
R,PREDICTION,PREDICTION,1
L,1,3519,PREDICTION,src/tracking/advanced_tracker.py:flow_gapfill_batched,
R,CLAMP,CLAMP,0
L,3,3519,CLAMP,src/tracking/advanced_tracker.py:_activate_slot,3519_113_358_406_499
R,CLAMP,CLAMP,0
L,6,3519,PREDICTION,src/tracking/advanced_tracker.py:kalman_homography,
R,PREDICTION,PREDICTION,1
L,8,3519,DETECTION,src/tracking/advanced_tracker.py:_activate_slot,3519_194_26_570_177
R,DETECTION,DETECTION,1
L,9,3519,PREDICTION,src/tracking/advanced_tracker.py:id_merge,
R,PREDICTION,PREDICTION,1
A,3519
S,3,3522,CLAMP,src/tracking/advanced_tracker.py:_activate_slot,3522_118_358_396_494
S,5,3522,DETECTION,src/tracking/advanced_tracker.py:_activate_slot,3522_219_673_600_811
S,7,3522,DETECTION,src/tracking/advanced_tracker.py:_activate_slot,3522_378_750_849_910
S,8,3522,DETECTION,src/tracking/advanced_tracker.py:_activate_slot,3522_209_22_585_193
S,9,3522,DETECTION,src/tracking/advanced_tracker.py:_activate_slot,3522_358_841_849_991
S,6,3522,DETECTION,src/tracking/advanced_tracker.py:_activate_slot,3522_299_931_775_1120
S,0,3522,PREDICTION,src/tracking/advanced_tracker.py:flow_gapfill_batched,
S,1,3522,PREDICTION,src/tracking/advanced_tracker.py:flow_gapfill_batched,
D,5,3522
S,7,3522,PREDICTION,src/tracking/advanced_tracker.py:id_merge,
D,7,3522
S,9,3522,PREDICTION,src/tracking/advanced_tracker.py:id_merge,
L,0,3522,PREDICTION,src/tracking/advanced_tracker.py:flow_gapfill_batched,
R,PREDICTION,PREDICTION,1
L,1,3522,PREDICTION,src/tracking/advanced_tracker.py:flow_gapfill_batched,
R,CLAMP,CLAMP,0
L,3,3522,CLAMP,src/tracking/advanced_tracker.py:_activate_slot,3522_118_358_396_494
R,CLAMP,CLAMP,0
L,6,3522,DETECTION,src/tracking/advanced_tracker.py:_activate_slot,3522_299_931_775_1120
R,DETECTION,DETECTION,1
L,8,3522,DETECTION,src/tracking/advanced_tracker.py:_activate_slot,3522_209_22_585_193
R,DETECTION,DETECTION,1
L,9,3522,PREDICTION,src/tracking/advanced_tracker.py:id_merge,
R,PREDICTION,PREDICTION,1
A,3522
S,5,3525,DETECTION,src/tracking/advanced_tracker.py:_activate_slot,3525_225_672_606_809
S,7,3525,DETECTION,src/tracking/advanced_tracker.py:_activate_slot,3525_387_751_849_892
S,8,3525,DETECTION,src/tracking/advanced_tracker.py:_activate_slot,3525_220_18_612_199
S,9,3525,DETECTION,src/tracking/advanced_tracker.py:_activate_slot,3525_345_844_855_997
S,6,3525,DETECTION,src/tracking/advanced_tracker.py:_activate_slot,3525_327_933_669_1080
S,3,3525,PREDICTION,src/tracking/advanced_tracker.py:kalman_homography,
S,1,3525,PREDICTION,src/tracking/advanced_tracker.py:flow_gapfill_batched,
D,5,3525
S,7,3525,PREDICTION,src/tracking/advanced_tracker.py:id_merge,
D,7,3525
S,9,3525,PREDICTION,src/tracking/advanced_tracker.py:id_merge,
L,1,3525,PREDICTION,src/tracking/advanced_tracker.py:flow_gapfill_batched,
R,CLAMP,CLAMP,0
L,3,3525,PREDICTION,src/tracking/advanced_tracker.py:kalman_homography,
R,CLAMP,CLAMP,1
L,6,3525,DETECTION,src/tracking/advanced_tracker.py:_activate_slot,3525_327_933_669_1080
R,DETECTION,DETECTION,1
L,8,3525,DETECTION,src/tracking/advanced_tracker.py:_activate_slot,3525_220_18_612_199
R,DETECTION,DETECTION,1
L,9,3525,PREDICTION,src/tracking/advanced_tracker.py:id_merge,
R,PREDICTION,SUBPIXEL,0
A,3525
S,5,3528,DETECTION,src/tracking/advanced_tracker.py:_activate_slot,3528_233_669_609_810
S,6,3528,DETECTION,src/tracking/advanced_tracker.py:_activate_slot,3528_334_945_729_1116
S,7,3528,DETECTION,src/tracking/advanced_tracker.py:_activate_slot,3528_393_754_858_888
S,8,3528,DETECTION,src/tracking/advanced_tracker.py:_activate_slot,3528_242_19_630_192
S,9,3528,DETECTION,src/tracking/advanced_tracker.py:_activate_slot,3528_371_827_863_992
S,1,3528,PREDICTION,src/tracking/advanced_tracker.py:flow_gapfill_batched,
S,3,3528,PREDICTION,src/tracking/advanced_tracker.py:flow_gapfill_batched,
D,1,3528
S,3,3528,PREDICTION,src/tracking/advanced_tracker.py:id_merge,
D,5,3528
S,7,3528,PREDICTION,src/tracking/advanced_tracker.py:id_merge,
D,7,3528
S,9,3528,PREDICTION,src/tracking/advanced_tracker.py:id_merge,
L,3,3528,PREDICTION,src/tracking/advanced_tracker.py:id_merge,
R,CLAMP,CLAMP,0
L,6,3528,DETECTION,src/tracking/advanced_tracker.py:_activate_slot,3528_334_945_729_1116
R,DETECTION,DETECTION,1
L,8,3528,DETECTION,src/tracking/advanced_tracker.py:_activate_slot,3528_242_19_630_192
R,DETECTION,DETECTION,1
L,9,3528,PREDICTION,src/tracking/advanced_tracker.py:id_merge,
R,PREDICTION,PREDICTION,1
A,3528
S,5,3531,DETECTION,src/tracking/advanced_tracker.py:_activate_slot,3531_241_663_588_810
S,6,3531,DETECTION,src/tracking/advanced_tracker.py:_activate_slot,3531_342_936_719_1126
S,7,3531,DETECTION,src/tracking/advanced_tracker.py:_activate_slot,3531_388_831_865_990
S,8,3531,DETECTION,src/tracking/advanced_tracker.py:_activate_slot,3531_255_19_642_184
S,9,3531,PREDICTION,src/tracking/advanced_tracker.py:kalman_homography,
S,1,3531,PREDICTION,src/tracking/advanced_tracker.py:flow_gapfill_batched,
S,3,3531,PREDICTION,src/tracking/advanced_tracker.py:flow_gapfill_batched,
D,1,3531
S,3,3531,PREDICTION,src/tracking/advanced_tracker.py:id_merge,
D,5,3531
S,7,3531,PREDICTION,src/tracking/advanced_tracker.py:id_merge,
D,9,3531
S,7,3531,PREDICTION,src/tracking/advanced_tracker.py:id_merge,
L,3,3531,PREDICTION,src/tracking/advanced_tracker.py:id_merge,
R,CLAMP,CLAMP,0
L,6,3531,DETECTION,src/tracking/advanced_tracker.py:_activate_slot,3531_342_936_719_1126
R,DETECTION,DETECTION,1
L,7,3531,PREDICTION,src/tracking/advanced_tracker.py:id_merge,
R,PREDICTION,PREDICTION,1
L,8,3531,DETECTION,src/tracking/advanced_tracker.py:_activate_slot,3531_255_19_642_184
R,DETECTION,DETECTION,1
A,3531
S,5,3534,DETECTION,src/tracking/advanced_tracker.py:_activate_slot,3534_262_666_468_809
S,6,3534,DETECTION,src/tracking/advanced_tracker.py:_activate_slot,3534_326_954_866_1149
S,7,3534,DETECTION,src/tracking/advanced_tracker.py:_activate_slot,3534_396_835_865_994
S,8,3534,DETECTION,src/tracking/advanced_tracker.py:_activate_slot,3534_261_18_650_182
S,4,3534,DETECTION,src/tracking/advanced_tracker.py:_activate_slot,3534_141_348_442_494
S,9,3534,PREDICTION,src/tracking/advanced_tracker.py:kalman_homography,
S,3,3534,PREDICTION,src/tracking/advanced_tracker.py:flow_gapfill_batched,
D,3,3534
S,4,3534,PREDICTION,src/tracking/advanced_tracker.py:id_merge,
D,9,3534
S,7,3534,PREDICTION,src/tracking/advanced_tracker.py:id_merge,
L,4,3534,PREDICTION,src/tracking/advanced_tracker.py:id_merge,
R,PREDICTION,PREDICTION,1
L,5,3534,DETECTION,src/tracking/advanced_tracker.py:_activate_slot,3534_262_666_468_809
R,DETECTION,DETECTION,1
L,6,3534,DETECTION,src/tracking/advanced_tracker.py:_activate_slot,3534_326_954_866_1149
R,DETECTION,DETECTION,1
L,7,3534,PREDICTION,src/tracking/advanced_tracker.py:id_merge,
R,PREDICTION,PREDICTION,1
L,8,3534,DETECTION,src/tracking/advanced_tracker.py:_activate_slot,3534_261_18_650_182
R,DETECTION,DETECTION,1
A,3534
S,4,3537,PREDICTION,src/tracking/advanced_tracker.py:kalman_homography,
S,5,3537,PREDICTION,src/tracking/advanced_tracker.py:kalman_homography,
S,6,3537,PREDICTION,src/tracking/advanced_tracker.py:kalman_homography,
S,7,3537,PREDICTION,src/tracking/advanced_tracker.py:kalman_homography,
S,8,3537,PREDICTION,src/tracking/advanced_tracker.py:kalman_homography,
S,9,3537,PREDICTION,src/tracking/advanced_tracker.py:kalman_homography,
S,3,3537,PREDICTION,src/tracking/advanced_tracker.py:flow_gapfill_batched,
D,3,3537
S,4,3537,PREDICTION,src/tracking/advanced_tracker.py:id_merge,
D,5,3537
S,6,3537,PREDICTION,src/tracking/advanced_tracker.py:id_merge,
D,9,3537
S,7,3537,PREDICTION,src/tracking/advanced_tracker.py:id_merge,
L,4,3537,PREDICTION,src/tracking/advanced_tracker.py:id_merge,
R,PREDICTION,PREDICTION,1
L,6,3537,PREDICTION,src/tracking/advanced_tracker.py:id_merge,
R,PREDICTION,PREDICTION,1
L,7,3537,PREDICTION,src/tracking/advanced_tracker.py:id_merge,
R,PREDICTION,PREDICTION,1
L,8,3537,PREDICTION,src/tracking/advanced_tracker.py:kalman_homography,
R,PREDICTION,PREDICTION,1
A,3537
S,2,3540,DETECTION,src/tracking/advanced_tracker.py:_activate_slot,3540_-10_741_1018_1935
S,4,3540,PREDICTION,src/tracking/advanced_tracker.py:kalman_homography,
S,5,3540,PREDICTION,src/tracking/advanced_tracker.py:kalman_homography,
S,6,3540,PREDICTION,src/tracking/advanced_tracker.py:kalman_homography,
S,7,3540,PREDICTION,src/tracking/advanced_tracker.py:kalman_homography,
S,8,3540,PREDICTION,src/tracking/advanced_tracker.py:kalman_homography,
S,9,3540,PREDICTION,src/tracking/advanced_tracker.py:kalman_homography,
S,3,3540,PREDICTION,src/tracking/advanced_tracker.py:flow_gapfill_batched,
D,3,3540
S,4,3540,PREDICTION,src/tracking/advanced_tracker.py:id_merge,
D,5,3540
S,6,3540,PREDICTION,src/tracking/advanced_tracker.py:id_merge,
D,6,3540
S,7,3540,PREDICTION,src/tracking/advanced_tracker.py:id_merge,
D,9,3540
S,7,3540,PREDICTION,src/tracking/advanced_tracker.py:id_merge,
L,2,3540,DETECTION,src/tracking/advanced_tracker.py:_activate_slot,3540_-10_741_1018_1935
R,CLAMP,CLAMP,1
L,4,3540,PREDICTION,src/tracking/advanced_tracker.py:id_merge,
R,PREDICTION,SUBPIXEL,0
L,7,3540,PREDICTION,src/tracking/advanced_tracker.py:id_merge,
R,PREDICTION,PREDICTION,1
L,8,3540,PREDICTION,src/tracking/advanced_tracker.py:kalman_homography,
R,PREDICTION,PREDICTION,1
A,3540
S,2,3543,DETECTION,src/tracking/advanced_tracker.py:_activate_slot,3543_-6_658_1020_1935
S,4,3543,PREDICTION,src/tracking/advanced_tracker.py:kalman_homography,
S,5,3543,PREDICTION,src/tracking/advanced_tracker.py:kalman_homography,
S,6,3543,PREDICTION,src/tracking/advanced_tracker.py:kalman_homography,
S,7,3543,PREDICTION,src/tracking/advanced_tracker.py:kalman_homography,
S,8,3543,PREDICTION,src/tracking/advanced_tracker.py:kalman_homography,
S,9,3543,PREDICTION,src/tracking/advanced_tracker.py:kalman_homography,
D,5,3543
S,6,3543,PREDICTION,src/tracking/advanced_tracker.py:id_merge,
D,6,3543
S,7,3543,PREDICTION,src/tracking/advanced_tracker.py:id_merge,
D,9,3543
S,7,3543,PREDICTION,src/tracking/advanced_tracker.py:id_merge,
L,2,3543,DETECTION,src/tracking/advanced_tracker.py:_activate_slot,3543_-6_658_1020_1935
R,CLAMP,CLAMP,0
L,4,3543,PREDICTION,src/tracking/advanced_tracker.py:kalman_homography,
R,PREDICTION,SUBPIXEL,0
L,7,3543,PREDICTION,src/tracking/advanced_tracker.py:id_merge,
R,PREDICTION,PREDICTION,1
L,8,3543,PREDICTION,src/tracking/advanced_tracker.py:kalman_homography,
R,PREDICTION,PREDICTION,1
A,3543
S,2,3546,DETECTION,src/tracking/advanced_tracker.py:_activate_slot,3546_-2_673_1020_1935
S,4,3546,PREDICTION,src/tracking/advanced_tracker.py:kalman_homography,
S,5,3546,PREDICTION,src/tracking/advanced_tracker.py:kalman_homography,
S,6,3546,PREDICTION,src/tracking/advanced_tracker.py:kalman_homography,
S,7,3546,PREDICTION,src/tracking/advanced_tracker.py:kalman_homography,
S,8,3546,PREDICTION,src/tracking/advanced_tracker.py:kalman_homography,
S,9,3546,PREDICTION,src/tracking/advanced_tracker.py:kalman_homography,
D,6,3546
S,7,3546,PREDICTION,src/tracking/advanced_tracker.py:id_merge,
D,9,3546
S,7,3546,PREDICTION,src/tracking/advanced_tracker.py:id_merge,
L,2,3546,DETECTION,src/tracking/advanced_tracker.py:_activate_slot,3546_-2_673_1020_1935
R,CLAMP,CLAMP,0
L,4,3546,PREDICTION,src/tracking/advanced_tracker.py:kalman_homography,
R,PREDICTION,SUBPIXEL,0
L,5,3546,PREDICTION,src/tracking/advanced_tracker.py:kalman_homography,
R,PREDICTION,PREDICTION,1
L,7,3546,PREDICTION,src/tracking/advanced_tracker.py:id_merge,
R,PREDICTION,PREDICTION,1
L,8,3546,PREDICTION,src/tracking/advanced_tracker.py:kalman_homography,
R,PREDICTION,PREDICTION,1
A,3546
S,2,3549,DETECTION,src/tracking/advanced_tracker.py:_activate_slot,3549_-9_748_1021_1930
S,0,3549,DETECTION,src/tracking/advanced_tracker.py:_activate_slot,3549_-10_220_1025_1933
S,4,3549,PREDICTION,src/tracking/advanced_tracker.py:kalman_homography,
S,5,3549,PREDICTION,src/tracking/advanced_tracker.py:kalman_homography,
S,6,3549,PREDICTION,src/tracking/advanced_tracker.py:kalman_homography,
S,7,3549,PREDICTION,src/tracking/advanced_tracker.py:kalman_homography,
S,8,3549,PREDICTION,src/tracking/advanced_tracker.py:kalman_homography,
S,9,3549,PREDICTION,src/tracking/advanced_tracker.py:kalman_homography,
D,6,3549
S,7,3549,PREDICTION,src/tracking/advanced_tracker.py:id_merge,
L,0,3549,DETECTION,src/tracking/advanced_tracker.py:_activate_slot,3549_-10_220_1025_1933
R,DETECTION,DETECTION,1
L,2,3549,DETECTION,src/tracking/advanced_tracker.py:_activate_slot,3549_-9_748_1021_1930
R,CLAMP,CLAMP,0
L,4,3549,PREDICTION,src/tracking/advanced_tracker.py:kalman_homography,
R,PREDICTION,SUBPIXEL,0
L,5,3549,PREDICTION,src/tracking/advanced_tracker.py:kalman_homography,
R,PREDICTION,PREDICTION,1
L,7,3549,PREDICTION,src/tracking/advanced_tracker.py:id_merge,
R,PREDICTION,PREDICTION,1
L,8,3549,PREDICTION,src/tracking/advanced_tracker.py:kalman_homography,
R,PREDICTION,PREDICTION,1
L,9,3549,PREDICTION,src/tracking/advanced_tracker.py:kalman_homography,
R,PREDICTION,PREDICTION,1
A,3549
S,2,3552,DETECTION,src/tracking/advanced_tracker.py:_activate_slot,3552_-3_819_1022_1932
S,7,3552,DETECTION,src/tracking/advanced_tracker.py:_activate_slot,3552_-1_267_1025_1929
S,4,3552,PREDICTION,src/tracking/advanced_tracker.py:kalman_homography,
S,6,3552,PREDICTION,src/tracking/advanced_tracker.py:kalman_homography,
S,8,3552,PREDICTION,src/tracking/advanced_tracker.py:kalman_homography,
S,0,3552,PREDICTION,src/tracking/advanced_tracker.py:flow_gapfill_batched,
S,9,3552,PREDICTION,src/tracking/advanced_tracker.py:flow_gapfill_batched,
D,6,3552
S,7,3552,PREDICTION,src/tracking/advanced_tracker.py:id_merge,
D,9,3552
S,7,3552,PREDICTION,src/tracking/advanced_tracker.py:id_merge,
L,0,3552,PREDICTION,src/tracking/advanced_tracker.py:flow_gapfill_batched,
R,PREDICTION,PREDICTION,1
L,2,3552,DETECTION,src/tracking/advanced_tracker.py:_activate_slot,3552_-3_819_1022_1932
R,CLAMP,CLAMP,0
L,4,3552,PREDICTION,src/tracking/advanced_tracker.py:kalman_homography,
R,PREDICTION,SUBPIXEL,0
L,7,3552,PREDICTION,src/tracking/advanced_tracker.py:id_merge,
R,PREDICTION,PREDICTION,1
L,8,3552,PREDICTION,src/tracking/advanced_tracker.py:kalman_homography,
R,PREDICTION,PREDICTION,1
A,3552
S,2,3555,DETECTION,src/tracking/advanced_tracker.py:_activate_slot,3555_-15_904_1008_1932
S,7,3555,DETECTION,src/tracking/advanced_tracker.py:_activate_slot,3555_-5_310_1030_1935
S,4,3555,PREDICTION,src/tracking/advanced_tracker.py:kalman_homography,
S,6,3555,PREDICTION,src/tracking/advanced_tracker.py:kalman_homography,
S,8,3555,PREDICTION,src/tracking/advanced_tracker.py:kalman_homography,
D,6,3555
S,7,3555,PREDICTION,src/tracking/advanced_tracker.py:id_merge,
L,2,3555,DETECTION,src/tracking/advanced_tracker.py:_activate_slot,3555_-15_904_1008_1932
R,CLAMP,CLAMP,0
L,4,3555,PREDICTION,src/tracking/advanced_tracker.py:kalman_homography,
R,PREDICTION,SUBPIXEL,0
L,7,3555,PREDICTION,src/tracking/advanced_tracker.py:id_merge,
R,PREDICTION,PREDICTION,1
L,8,3555,PREDICTION,src/tracking/advanced_tracker.py:kalman_homography,
R,PREDICTION,PREDICTION,1
A,3555
S,2,3558,DETECTION,src/tracking/advanced_tracker.py:_activate_slot,3558_-6_946_1024_1932
S,7,3558,DETECTION,src/tracking/advanced_tracker.py:_activate_slot,3558_-5_303_1024_1935
S,6,3558,PREDICTION,src/tracking/advanced_tracker.py:flow_gapfill_batched,
D,6,3558
S,7,3558,PREDICTION,src/tracking/advanced_tracker.py:id_merge,
L,2,3558,DETECTION,src/tracking/advanced_tracker.py:_activate_slot,3558_-6_946_1024_1932
R,CLAMP,CLAMP,0
L,7,3558,PREDICTION,src/tracking/advanced_tracker.py:id_merge,
R,PREDICTION,PREDICTION,1
A,3558
S,2,3561,DETECTION,src/tracking/advanced_tracker.py:_activate_slot,3561_-9_966_1011_1932
S,7,3561,DETECTION,src/tracking/advanced_tracker.py:_activate_slot,3561_-3_261_1029_1929
L,2,3561,DETECTION,src/tracking/advanced_tracker.py:_activate_slot,3561_-9_966_1011_1932
R,CLAMP,CLAMP,0
L,7,3561,DETECTION,src/tracking/advanced_tracker.py:_activate_slot,3561_-3_261_1029_1929
R,DETECTION,DETECTION,1
A,3561
S,0,3564,DETECTION,src/tracking/advanced_tracker.py:_activate_slot,3564_-8_180_1029_1932
S,2,3564,DETECTION,src/tracking/advanced_tracker.py:_activate_slot,3564_-12_879_1025_1932
S,7,3564,PREDICTION,src/tracking/advanced_tracker.py:kalman_homography,
L,0,3564,DETECTION,src/tracking/advanced_tracker.py:_activate_slot,3564_-8_180_1029_1932
R,DETECTION,DETECTION,1
L,2,3564,DETECTION,src/tracking/advanced_tracker.py:_activate_slot,3564_-12_879_1025_1932
R,CLAMP,CLAMP,0
L,7,3564,PREDICTION,src/tracking/advanced_tracker.py:kalman_homography,
R,PREDICTION,PREDICTION,1
A,3564
S,2,3567,DETECTION,src/tracking/advanced_tracker.py:_activate_slot,3567_-12_861_1027_1932
S,10,3567,DETECTION,src/tracking/advanced_tracker.py:_activate_slot,3567_8_-15_1019_619
S,7,3567,PREDICTION,src/tracking/advanced_tracker.py:kalman_homography,
L,2,3567,DETECTION,src/tracking/advanced_tracker.py:_activate_slot,3567_-12_861_1027_1932
R,CLAMP,CLAMP,0
L,7,3567,PREDICTION,src/tracking/advanced_tracker.py:kalman_homography,
R,PREDICTION,SUBPIXEL,0
A,3567
S,2,3570,DETECTION,src/tracking/advanced_tracker.py:_activate_slot,3570_-12_816_1026_1932
S,0,3570,DETECTION,src/tracking/advanced_tracker.py:_activate_slot,3570_-15_18_1033_1929
S,7,3570,PREDICTION,src/tracking/advanced_tracker.py:kalman_homography,
S,10,3570,PREDICTION,src/tracking/advanced_tracker.py:kalman_homography,
L,0,3570,DETECTION,src/tracking/advanced_tracker.py:_activate_slot,3570_-15_18_1033_1929
R,DETECTION,DETECTION,1
L,2,3570,DETECTION,src/tracking/advanced_tracker.py:_activate_slot,3570_-12_816_1026_1932
R,CLAMP,CLAMP,0
L,7,3570,PREDICTION,src/tracking/advanced_tracker.py:kalman_homography,
R,PREDICTION,SUBPIXEL,0
A,3570
S,0,3573,DETECTION,src/tracking/advanced_tracker.py:_activate_slot,3573_-15_171_1032_1932
S,2,3573,DETECTION,src/tracking/advanced_tracker.py:_activate_slot,3573_-14_774_1024_1930
S,7,3573,PREDICTION,src/tracking/advanced_tracker.py:kalman_homography,
S,10,3573,PREDICTION,src/tracking/advanced_tracker.py:kalman_homography,
L,0,3573,DETECTION,src/tracking/advanced_tracker.py:_activate_slot,3573_-15_171_1032_1932
R,DETECTION,DETECTION,1
L,2,3573,DETECTION,src/tracking/advanced_tracker.py:_activate_slot,3573_-14_774_1024_1930
R,CLAMP,CLAMP,0
L,7,3573,PREDICTION,src/tracking/advanced_tracker.py:kalman_homography,
R,PREDICTION,PREDICTION,1
A,3573
S,7,3756,DETECTION,src/tracking/advanced_tracker.py:_activate_slot,3756_-14_6_1020_1908
S,9,3756,DETECTION,src/tracking/advanced_tracker.py:_activate_slot,3756_-6_570_1035_1929
S,10,3756,PREDICTION,src/tracking/advanced_tracker.py:kalman_homography,
S,0,3756,PREDICTION,src/tracking/advanced_tracker.py:flow_gapfill_batched,
S,2,3756,PREDICTION,src/tracking/advanced_tracker.py:flow_gapfill_batched,
D,0,3756
S,2,3756,PREDICTION,src/tracking/advanced_tracker.py:id_merge,
L,2,3756,PREDICTION,src/tracking/advanced_tracker.py:id_merge,
R,CLAMP,CLAMP,0
L,7,3756,DETECTION,src/tracking/advanced_tracker.py:_activate_slot,3756_-14_6_1020_1908
R,DETECTION,DETECTION,1
L,9,3756,DETECTION,src/tracking/advanced_tracker.py:_activate_slot,3756_-6_570_1035_1929
R,DETECTION,DETECTION,1
A,3756
S,9,3759,DETECTION,src/tracking/advanced_tracker.py:_activate_slot,3759_-12_48_1027_1914
S,7,3759,DETECTION,src/tracking/advanced_tracker.py:_activate_slot,3759_-8_646_1032_1929
S,5,3759,DETECTION,src/tracking/advanced_tracker.py:_activate_slot,3759_-6_22_1012_826
S,10,3759,PREDICTION,src/tracking/advanced_tracker.py:kalman_homography,
S,0,3759,PREDICTION,src/tracking/advanced_tracker.py:flow_gapfill_batched,
L,0,3759,PREDICTION,src/tracking/advanced_tracker.py:flow_gapfill_batched,
R,PREDICTION,PREDICTION,1
L,5,3759,DETECTION,src/tracking/advanced_tracker.py:_activate_slot,3759_-6_22_1012_826
R,CLAMP,CLAMP,0
L,7,3759,DETECTION,src/tracking/advanced_tracker.py:_activate_slot,3759_-8_646_1032_1929
R,DETECTION,DETECTION,1
L,9,3759,DETECTION,src/tracking/advanced_tracker.py:_activate_slot,3759_-12_48_1027_1914
R,DETECTION,DETECTION,1
A,3759
S,9,3762,DETECTION,src/tracking/advanced_tracker.py:_activate_slot,3762_-14_244_1029_1908
S,5,3762,PREDICTION,src/tracking/advanced_tracker.py:kalman_homography,
S,10,3762,PREDICTION,src/tracking/advanced_tracker.py:kalman_homography,
S,0,3762,PREDICTION,src/tracking/advanced_tracker.py:flow_gapfill_batched,
L,0,3762,PREDICTION,src/tracking/advanced_tracker.py:flow_gapfill_batched,
R,PREDICTION,PREDICTION,1
L,5,3762,PREDICTION,src/tracking/advanced_tracker.py:kalman_homography,
R,CLAMP,CLAMP,0
L,9,3762,DETECTION,src/tracking/advanced_tracker.py:_activate_slot,3762_-14_244_1029_1908
R,DETECTION,DETECTION,1
A,3762
S,2,3765,DETECTION,src/tracking/advanced_tracker.py:_activate_slot,3765_-15_697_1029_1932
S,9,3765,DETECTION,src/tracking/advanced_tracker.py:_activate_slot,3765_-15_147_1029_1920
S,5,3765,PREDICTION,src/tracking/advanced_tracker.py:kalman_homography,
S,10,3765,PREDICTION,src/tracking/advanced_tracker.py:kalman_homography,
S,0,3765,PREDICTION,src/tracking/advanced_tracker.py:flow_gapfill_batched,
D,0,3765
S,2,3765,PREDICTION,src/tracking/advanced_tracker.py:id_merge,
L,2,3765,PREDICTION,src/tracking/advanced_tracker.py:id_merge,
R,CLAMP,CLAMP,0
L,5,3765,PREDICTION,src/tracking/advanced_tracker.py:kalman_homography,
R,CLAMP,CLAMP,0
L,9,3765,DETECTION,src/tracking/advanced_tracker.py:_activate_slot,3765_-15_147_1029_1920
R,DETECTION,DETECTION,1
A,3765
S,7,3768,DETECTION,src/tracking/advanced_tracker.py:_activate_slot,3768_-12_730_1029_1930
S,9,3768,DETECTION,src/tracking/advanced_tracker.py:_activate_slot,3768_-15_123_1029_1920
S,5,3768,PREDICTION,src/tracking/advanced_tracker.py:kalman_homography,
S,10,3768,PREDICTION,src/tracking/advanced_tracker.py:kalman_homography,
S,0,3768,PREDICTION,src/tracking/advanced_tracker.py:flow_gapfill_batched,
S,2,3768,PREDICTION,src/tracking/advanced_tracker.py:flow_gapfill_batched,
D,0,3768
S,2,3768,PREDICTION,src/tracking/advanced_tracker.py:id_merge,
L,2,3768,PREDICTION,src/tracking/advanced_tracker.py:id_merge,
R,CLAMP,CLAMP,0
L,5,3768,PREDICTION,src/tracking/advanced_tracker.py:kalman_homography,
R,CLAMP,CLAMP,0
L,7,3768,DETECTION,src/tracking/advanced_tracker.py:_activate_slot,3768_-12_730_1029_1930
R,DETECTION,DETECTION,1
L,9,3768,DETECTION,src/tracking/advanced_tracker.py:_activate_slot,3768_-15_123_1029_1920
R,DETECTION,DETECTION,1
A,3768
S,6,3771,DETECTION,src/tracking/advanced_tracker.py:_activate_slot,3771_319_450_747_726
S,8,3771,DETECTION,src/tracking/advanced_tracker.py:_activate_slot,3771_61_300_391_440
S,5,3771,PREDICTION,src/tracking/advanced_tracker.py:kalman_homography,
S,0,3771,PREDICTION,src/tracking/advanced_tracker.py:flow_gapfill_batched,
S,9,3771,PREDICTION,src/tracking/advanced_tracker.py:flow_gapfill_batched,
D,5,3771
S,6,3771,PREDICTION,src/tracking/advanced_tracker.py:id_merge,
L,0,3771,PREDICTION,src/tracking/advanced_tracker.py:flow_gapfill_batched,
R,PREDICTION,PREDICTION,1
L,6,3771,PREDICTION,src/tracking/advanced_tracker.py:id_merge,
R,CLAMP,CLAMP,0
L,8,3771,DETECTION,src/tracking/advanced_tracker.py:_activate_slot,3771_61_300_391_440
R,DETECTION,DETECTION,1
L,9,3771,PREDICTION,src/tracking/advanced_tracker.py:flow_gapfill_batched,
R,PREDICTION,PREDICTION,1
A,3771
S,6,3774,DETECTION,src/tracking/advanced_tracker.py:_activate_slot,3774_310_426_734_699
S,8,3774,DETECTION,src/tracking/advanced_tracker.py:_activate_slot,3774_52_272_382_423
S,5,3774,PREDICTION,src/tracking/advanced_tracker.py:kalman_homography,
S,0,3774,PREDICTION,src/tracking/advanced_tracker.py:flow_gapfill_batched,
D,5,3774
S,6,3774,PREDICTION,src/tracking/advanced_tracker.py:id_merge,
L,0,3774,PREDICTION,src/tracking/advanced_tracker.py:flow_gapfill_batched,
R,PREDICTION,PREDICTION,1
L,6,3774,PREDICTION,src/tracking/advanced_tracker.py:id_merge,
R,CLAMP,CLAMP,0
L,8,3774,DETECTION,src/tracking/advanced_tracker.py:_activate_slot,3774_52_272_382_423
R,DETECTION,DETECTION,1
A,3774
S,6,3777,DETECTION,src/tracking/advanced_tracker.py:_activate_slot,3777_298_410_734_645
S,8,3777,DETECTION,src/tracking/advanced_tracker.py:_activate_slot,3777_47_256_447_407
S,5,3777,PREDICTION,src/tracking/advanced_tracker.py:kalman_homography,
S,0,3777,PREDICTION,src/tracking/advanced_tracker.py:flow_gapfill_batched,
D,5,3777
S,6,3777,PREDICTION,src/tracking/advanced_tracker.py:id_merge,
L,0,3777,PREDICTION,src/tracking/advanced_tracker.py:flow_gapfill_batched,
R,PREDICTION,PREDICTION,1
L,6,3777,PREDICTION,src/tracking/advanced_tracker.py:id_merge,
R,CLAMP,CLAMP,0
L,8,3777,DETECTION,src/tracking/advanced_tracker.py:_activate_slot,3777_47_256_447_407
R,DETECTION,DETECTION,1
A,3777
S,6,3780,DETECTION,src/tracking/advanced_tracker.py:_activate_slot,3780_291_383_724_598
S,8,3780,DETECTION,src/tracking/advanced_tracker.py:_activate_slot,3780_45_230_379_380
S,5,3780,PREDICTION,src/tracking/advanced_tracker.py:kalman_homography,
D,5,3780
S,6,3780,PREDICTION,src/tracking/advanced_tracker.py:id_merge,
L,6,3780,PREDICTION,src/tracking/advanced_tracker.py:id_merge,
R,CLAMP,CLAMP,0
L,8,3780,DETECTION,src/tracking/advanced_tracker.py:_activate_slot,3780_45_230_379_380
R,DETECTION,DETECTION,1
A,3780
S,6,3783,DETECTION,src/tracking/advanced_tracker.py:_activate_slot,3783_289_382_732_643
S,8,3783,DETECTION,src/tracking/advanced_tracker.py:_activate_slot,3783_38_197_359_358
L,6,3783,DETECTION,src/tracking/advanced_tracker.py:_activate_slot,3783_289_382_732_643
R,CLAMP,CLAMP,0
L,8,3783,DETECTION,src/tracking/advanced_tracker.py:_activate_slot,3783_38_197_359_358
R,DETECTION,DETECTION,1
A,3783
S,6,3786,DETECTION,src/tracking/advanced_tracker.py:_activate_slot,3786_295_334_725_547
S,8,3786,DETECTION,src/tracking/advanced_tracker.py:_activate_slot,3786_31_174_370_333
L,6,3786,DETECTION,src/tracking/advanced_tracker.py:_activate_slot,3786_295_334_725_547
R,CLAMP,CLAMP,0
L,8,3786,DETECTION,src/tracking/advanced_tracker.py:_activate_slot,3786_31_174_370_333
R,DETECTION,DETECTION,1
A,3786
S,6,3789,DETECTION,src/tracking/advanced_tracker.py:_activate_slot,3789_298_324_745_521
S,8,3789,DETECTION,src/tracking/advanced_tracker.py:_activate_slot,3789_32_153_372_307
L,6,3789,DETECTION,src/tracking/advanced_tracker.py:_activate_slot,3789_298_324_745_521
R,CLAMP,CLAMP,0
L,8,3789,DETECTION,src/tracking/advanced_tracker.py:_activate_slot,3789_32_153_372_307
R,DETECTION,DETECTION,1
A,3789
S,6,3792,DETECTION,src/tracking/advanced_tracker.py:_activate_slot,3792_304_282_747_490
S,8,3792,DETECTION,src/tracking/advanced_tracker.py:_activate_slot,3792_37_120_360_261
L,6,3792,DETECTION,src/tracking/advanced_tracker.py:_activate_slot,3792_304_282_747_490
R,CLAMP,CLAMP,0
L,8,3792,DETECTION,src/tracking/advanced_tracker.py:_activate_slot,3792_37_120_360_261
R,DETECTION,DETECTION,1
A,3792
S,1,3795,DETECTION,src/tracking/advanced_tracker.py:_activate_slot,3795_303_414_759_755
S,6,3795,DETECTION,src/tracking/advanced_tracker.py:_activate_slot,3795_307_243_752_446
S,8,3795,DETECTION,src/tracking/advanced_tracker.py:_activate_slot,3795_53_77_389_209
L,1,3795,DETECTION,src/tracking/advanced_tracker.py:_activate_slot,3795_303_414_759_755
R,DETECTION,DETECTION,1
L,6,3795,DETECTION,src/tracking/advanced_tracker.py:_activate_slot,3795_307_243_752_446
R,CLAMP,CLAMP,0
L,8,3795,DETECTION,src/tracking/advanced_tracker.py:_activate_slot,3795_53_77_389_209
R,DETECTION,DETECTION,1
A,3795
S,3,3798,DETECTION,src/tracking/advanced_tracker.py:_activate_slot,3798_175_666_590_906
S,6,3798,DETECTION,src/tracking/advanced_tracker.py:_activate_slot,3798_307_199_756_398
S,8,3798,DETECTION,src/tracking/advanced_tracker.py:_activate_slot,3798_57_21_409_165
S,0,3798,DETECTION,src/tracking/advanced_tracker.py:_activate_slot,3798_86_532_372_688
S,1,3798,PREDICTION,src/tracking/advanced_tracker.py:kalman_homography,
D,0,3798
S,3,3798,PREDICTION,src/tracking/advanced_tracker.py:id_merge,
L,1,3798,PREDICTION,src/tracking/advanced_tracker.py:kalman_homography,
R,PREDICTION,SUBPIXEL,0
L,3,3798,PREDICTION,src/tracking/advanced_tracker.py:id_merge,
R,PREDICTION,PREDICTION,1
L,6,3798,DETECTION,src/tracking/advanced_tracker.py:_activate_slot,3798_307_199_756_398
R,CLAMP,CLAMP,0
L,8,3798,DETECTION,src/tracking/advanced_tracker.py:_activate_slot,3798_57_21_409_165
R,DETECTION,DETECTION,1
A,3798
S,0,3801,DETECTION,src/tracking/advanced_tracker.py:_activate_slot,3801_103_484_384_639
S,1,3801,DETECTION,src/tracking/advanced_tracker.py:_activate_slot,3801_303_297_781_624
S,4,3801,DETECTION,src/tracking/advanced_tracker.py:_activate_slot,3801_65_-15_359_63
S,6,3801,DETECTION,src/tracking/advanced_tracker.py:_activate_slot,3801_309_144_759_342
S,8,3801,DETECTION,src/tracking/advanced_tracker.py:_activate_slot,3801_56_-15_404_120
S,10,3801,DETECTION,src/tracking/advanced_tracker.py:_activate_slot,3801_25_1755_162_1884
S,3,3801,PREDICTION,src/tracking/advanced_tracker.py:kalman_homography,
D,0,3801
S,1,3801,PREDICTION,src/tracking/advanced_tracker.py:id_merge,
L,1,3801,PREDICTION,src/tracking/advanced_tracker.py:id_merge,
R,PREDICTION,PREDICTION,1
L,3,3801,PREDICTION,src/tracking/advanced_tracker.py:kalman_homography,
R,PREDICTION,PREDICTION,1
L,4,3801,DETECTION,src/tracking/advanced_tracker.py:_activate_slot,3801_65_-15_359_63
R,CLAMP,CLAMP,0
L,6,3801,DETECTION,src/tracking/advanced_tracker.py:_activate_slot,3801_309_144_759_342
R,CLAMP,CLAMP,0
L,8,3801,DETECTION,src/tracking/advanced_tracker.py:_activate_slot,3801_56_-15_404_120
R,DETECTION,DETECTION,1
A,3801
S,0,3804,DETECTION,src/tracking/advanced_tracker.py:_activate_slot,3804_118_423_376_556
S,6,3804,DETECTION,src/tracking/advanced_tracker.py:_activate_slot,3804_312_69_759_271
S,8,3804,DETECTION,src/tracking/advanced_tracker.py:_activate_slot,3804_50_-15_467_53
S,5,3804,DETECTION,src/tracking/advanced_tracker.py:_activate_slot,3804_309_317_780_560
S,1,3804,PREDICTION,src/tracking/advanced_tracker.py:kalman_homography,
S,3,3804,PREDICTION,src/tracking/advanced_tracker.py:kalman_homography,
S,4,3804,PREDICTION,src/tracking/advanced_tracker.py:kalman_homography,
S,10,3804,PREDICTION,src/tracking/advanced_tracker.py:kalman_homography,
L,0,3804,DETECTION,src/tracking/advanced_tracker.py:_activate_slot,3804_118_423_376_556
R,CLAMP,CLAMP,0
L,1,3804,PREDICTION,src/tracking/advanced_tracker.py:kalman_homography,
R,PREDICTION,PREDICTION,1
L,3,3804,PREDICTION,src/tracking/advanced_tracker.py:kalman_homography,
R,PREDICTION,SUBPIXEL,0
L,4,3804,PREDICTION,src/tracking/advanced_tracker.py:kalman_homography,
R,CLAMP,CLAMP,0
L,5,3804,DETECTION,src/tracking/advanced_tracker.py:_activate_slot,3804_309_317_780_560
R,CLAMP,CLAMP,0
L,6,3804,DETECTION,src/tracking/advanced_tracker.py:_activate_slot,3804_312_69_759_271
R,CLAMP,CLAMP,0
L,8,3804,DETECTION,src/tracking/advanced_tracker.py:_activate_slot,3804_50_-15_467_53
R,DETECTION,DETECTION,1
A,3804
S,0,3807,DETECTION,src/tracking/advanced_tracker.py:_activate_slot,3807_98_352_385_498
S,5,3807,DETECTION,src/tracking/advanced_tracker.py:_activate_slot,3807_319_139_793_496
S,6,3807,DETECTION,src/tracking/advanced_tracker.py:_activate_slot,3807_321_-1_765_324
S,7,3807,CLAMP,src/tracking/advanced_tracker.py:_activate_slot,3807_324_14_762_228
S,1,3807,PREDICTION,src/tracking/advanced_tracker.py:kalman_homography,
S,3,3807,PREDICTION,src/tracking/advanced_tracker.py:kalman_homography,
S,4,3807,PREDICTION,src/tracking/advanced_tracker.py:kalman_homography,
S,10,3807,PREDICTION,src/tracking/advanced_tracker.py:kalman_homography,
S,8,3807,PREDICTION,src/tracking/advanced_tracker.py:flow_gapfill_batched,
D,5,3807
S,6,3807,PREDICTION,src/tracking/advanced_tracker.py:id_merge,
L,0,3807,DETECTION,src/tracking/advanced_tracker.py:_activate_slot,3807_98_352_385_498
R,CLAMP,CLAMP,0
L,1,3807,PREDICTION,src/tracking/advanced_tracker.py:kalman_homography,
R,PREDICTION,PREDICTION,1
L,3,3807,PREDICTION,src/tracking/advanced_tracker.py:kalman_homography,
R,PREDICTION,SUBPIXEL,0
L,4,3807,PREDICTION,src/tracking/advanced_tracker.py:kalman_homography,
R,CLAMP,CLAMP,0
L,6,3807,PREDICTION,src/tracking/advanced_tracker.py:id_merge,
R,CLAMP,CLAMP,0
L,7,3807,CLAMP,src/tracking/advanced_tracker.py:_activate_slot,3807_324_14_762_228
R,CLAMP,CLAMP,0
L,8,3807,PREDICTION,src/tracking/advanced_tracker.py:flow_gapfill_batched,
R,PREDICTION,PREDICTION,1
A,3807
S,0,3810,DETECTION,src/tracking/advanced_tracker.py:_activate_slot,3810_108_299_383_444
S,5,3810,DETECTION,src/tracking/advanced_tracker.py:_activate_slot,3810_332_130_785_458
S,6,3810,DETECTION,src/tracking/advanced_tracker.py:_activate_slot,3810_324_-15_754_262
S,7,3810,DETECTION,src/tracking/advanced_tracker.py:_activate_slot,3810_191_411_609_666
S,2,3810,DETECTION,src/tracking/advanced_tracker.py:_activate_slot,3810_115_205_394_371
S,1,3810,PREDICTION,src/tracking/advanced_tracker.py:kalman_homography,
S,3,3810,PREDICTION,src/tracking/advanced_tracker.py:kalman_homography,
S,4,3810,PREDICTION,src/tracking/advanced_tracker.py:kalman_homography,
S,10,3810,PREDICTION,src/tracking/advanced_tracker.py:kalman_homography,
D,0,3810
S,2,3810,PREDICTION,src/tracking/advanced_tracker.py:id_merge,
D,5,3810
S,6,3810,PREDICTION,src/tracking/advanced_tracker.py:id_merge,
L,1,3810,PREDICTION,src/tracking/advanced_tracker.py:kalman_homography,
R,PREDICTION,PREDICTION,1
L,2,3810,PREDICTION,src/tracking/advanced_tracker.py:id_merge,
R,CLAMP,CLAMP,0
L,3,3810,PREDICTION,src/tracking/advanced_tracker.py:kalman_homography,
R,PREDICTION,SUBPIXEL,0
L,4,3810,PREDICTION,src/tracking/advanced_tracker.py:kalman_homography,
R,CLAMP,CLAMP,0
L,6,3810,PREDICTION,src/tracking/advanced_tracker.py:id_merge,
R,CLAMP,CLAMP,0
L,7,3810,DETECTION,src/tracking/advanced_tracker.py:_activate_slot,3810_191_411_609_666
R,CLAMP,CLAMP,0
A,3810
S,2,3813,DETECTION,src/tracking/advanced_tracker.py:_activate_slot,3813_120_161_408_316
S,3,3813,DETECTION,src/tracking/advanced_tracker.py:_activate_slot,3813_225_824_645_1104
S,0,3813,DETECTION,src/tracking/advanced_tracker.py:_activate_slot,3813_115_255_393_400
S,5,3813,DETECTION,src/tracking/advanced_tracker.py:_activate_slot,3813_365_88_858_415
S,6,3813,DETECTION,src/tracking/advanced_tracker.py:_activate_slot,3813_329_-15_724_160
S,9,3813,DETECTION,src/tracking/advanced_tracker.py:_activate_slot,3813_361_198_857_415
S,1,3813,PREDICTION,src/tracking/advanced_tracker.py:kalman_homography,
S,4,3813,PREDICTION,src/tracking/advanced_tracker.py:kalman_homography,
S,7,3813,PREDICTION,src/tracking/advanced_tracker.py:kalman_homography,
S,10,3813,PREDICTION,src/tracking/advanced_tracker.py:kalman_homography,
D,0,3813
S,2,3813,PREDICTION,src/tracking/advanced_tracker.py:id_merge,
D,5,3813
S,9,3813,PREDICTION,src/tracking/advanced_tracker.py:id_merge,
D,7,3813
S,9,3813,PREDICTION,src/tracking/advanced_tracker.py:id_merge,
L,1,3813,PREDICTION,src/tracking/advanced_tracker.py:kalman_homography,
R,PREDICTION,PREDICTION,1
L,2,3813,PREDICTION,src/tracking/advanced_tracker.py:id_merge,
R,CLAMP,CLAMP,0
L,3,3813,DETECTION,src/tracking/advanced_tracker.py:_activate_slot,3813_225_824_645_1104
R,DETECTION,DETECTION,1
L,4,3813,PREDICTION,src/tracking/advanced_tracker.py:kalman_homography,
R,CLAMP,CLAMP,0
L,6,3813,DETECTION,src/tracking/advanced_tracker.py:_activate_slot,3813_329_-15_724_160
R,CLAMP,CLAMP,0
L,9,3813,PREDICTION,src/tracking/advanced_tracker.py:id_merge,
R,CLAMP,CLAMP,0
A,3813
S,3,3816,DETECTION,src/tracking/advanced_tracker.py:_activate_slot,3816_233_834_648_1070
S,0,3816,DETECTION,src/tracking/advanced_tracker.py:_activate_slot,3816_121_203_423_354
S,5,3816,DETECTION,src/tracking/advanced_tracker.py:_activate_slot,3816_391_68_852_343
S,6,3816,DETECTION,src/tracking/advanced_tracker.py:_activate_slot,3816_350_-15_724_136
S,1,3816,PREDICTION,src/tracking/advanced_tracker.py:kalman_homography,
S,2,3816,PREDICTION,src/tracking/advanced_tracker.py:kalman_homography,
S,4,3816,PREDICTION,src/tracking/advanced_tracker.py:kalman_homography,
S,7,3816,PREDICTION,src/tracking/advanced_tracker.py:kalman_homography,
S,9,3816,PREDICTION,src/tracking/advanced_tracker.py:kalman_homography,
S,10,3816,PREDICTION,src/tracking/advanced_tracker.py:kalman_homography,
S,8,3816,PREDICTION,src/tracking/advanced_tracker.py:flow_gapfill_batched,
D,2,3816
S,0,3816,PREDICTION,src/tracking/advanced_tracker.py:id_merge,
D,9,3816
S,5,3816,PREDICTION,src/tracking/advanced_tracker.py:id_merge,
L,0,3816,PREDICTION,src/tracking/advanced_tracker.py:id_merge,
R,CLAMP,CLAMP,0
L,1,3816,PREDICTION,src/tracking/advanced_tracker.py:kalman_homography,
R,PREDICTION,PREDICTION,1
L,3,3816,DETECTION,src/tracking/advanced_tracker.py:_activate_slot,3816_233_834_648_1070
R,DETECTION,DETECTION,1
L,4,3816,PREDICTION,src/tracking/advanced_tracker.py:kalman_homography,
R,CLAMP,CLAMP,0
L,5,3816,PREDICTION,src/tracking/advanced_tracker.py:id_merge,
R,CLAMP,CLAMP,0
L,6,3816,DETECTION,src/tracking/advanced_tracker.py:_activate_slot,3816_350_-15_724_136
R,CLAMP,CLAMP,0
L,7,3816,PREDICTION,src/tracking/advanced_tracker.py:kalman_homography,
R,CLAMP,CLAMP,0
L,8,3816,PREDICTION,src/tracking/advanced_tracker.py:flow_gapfill_batched,
R,PREDICTION,PREDICTION,1
A,3816
S,0,3819,DETECTION,src/tracking/advanced_tracker.py:_activate_slot,3819_136_167_437_321
S,2,3819,DETECTION,src/tracking/advanced_tracker.py:_activate_slot,3819_142_75_433_219
S,5,3819,DETECTION,src/tracking/advanced_tracker.py:_activate_slot,3819_396_106_845_298
S,6,3819,DETECTION,src/tracking/advanced_tracker.py:_activate_slot,3819_74_837_227_956
S,9,3819,DETECTION,src/tracking/advanced_tracker.py:_activate_slot,3819_211_294_633_538
S,1,3819,PREDICTION,src/tracking/advanced_tracker.py:kalman_homography,
S,3,3819,PREDICTION,src/tracking/advanced_tracker.py:kalman_homography,
S,4,3819,PREDICTION,src/tracking/advanced_tracker.py:kalman_homography,
S,7,3819,PREDICTION,src/tracking/advanced_tracker.py:kalman_homography,
S,10,3819,PREDICTION,src/tracking/advanced_tracker.py:kalman_homography,
S,8,3819,PREDICTION,src/tracking/advanced_tracker.py:flow_gapfill_batched,
D,0,3819
S,2,3819,PREDICTION,src/tracking/advanced_tracker.py:id_merge,
D,5,3819
S,9,3819,PREDICTION,src/tracking/advanced_tracker.py:id_merge,
D,8,3819
S,6,3819,PREDICTION,src/tracking/advanced_tracker.py:id_merge,
L,1,3819,PREDICTION,src/tracking/advanced_tracker.py:kalman_homography,
R,PREDICTION,PREDICTION,1
L,2,3819,PREDICTION,src/tracking/advanced_tracker.py:id_merge,
R,CLAMP,CLAMP,0
L,3,3819,PREDICTION,src/tracking/advanced_tracker.py:kalman_homography,
R,PREDICTION,PREDICTION,1
L,4,3819,PREDICTION,src/tracking/advanced_tracker.py:kalman_homography,
R,CLAMP,CLAMP,0
L,6,3819,PREDICTION,src/tracking/advanced_tracker.py:id_merge,
R,CLAMP,CLAMP,0
L,7,3819,PREDICTION,src/tracking/advanced_tracker.py:kalman_homography,
R,PREDICTION,PREDICTION,1
L,9,3819,PREDICTION,src/tracking/advanced_tracker.py:id_merge,
R,CLAMP,CLAMP,0
A,3819
S,0,3822,DETECTION,src/tracking/advanced_tracker.py:_activate_slot,3822_142_136_426_295
S,5,3822,DETECTION,src/tracking/advanced_tracker.py:_activate_slot,3822_384_-3_825_288
S,9,3822,DETECTION,src/tracking/advanced_tracker.py:_activate_slot,3822_221_282_633_522
S,1,3822,PREDICTION,src/tracking/advanced_tracker.py:kalman_homography,
S,2,3822,PREDICTION,src/tracking/advanced_tracker.py:kalman_homography,
S,3,3822,PREDICTION,src/tracking/advanced_tracker.py:kalman_homography,
S,4,3822,PREDICTION,src/tracking/advanced_tracker.py:kalman_homography,
S,6,3822,PREDICTION,src/tracking/advanced_tracker.py:kalman_homography,
S,10,3822,PREDICTION,src/tracking/advanced_tracker.py:kalman_homography,
S,7,3822,PREDICTION,src/tracking/advanced_tracker.py:flow_gapfill_batched,
D,2,3822
S,0,3822,PREDICTION,src/tracking/advanced_tracker.py:id_merge,
D,5,3822
S,9,3822,PREDICTION,src/tracking/advanced_tracker.py:id_merge,
D,7,3822
S,9,3822,PREDICTION,src/tracking/advanced_tracker.py:id_merge,
L,0,3822,PREDICTION,src/tracking/advanced_tracker.py:id_merge,
R,CLAMP,CLAMP,0
L,1,3822,PREDICTION,src/tracking/advanced_tracker.py:kalman_homography,
R,PREDICTION,PREDICTION,1
L,3,3822,PREDICTION,src/tracking/advanced_tracker.py:kalman_homography,
R,PREDICTION,PREDICTION,1
L,4,3822,PREDICTION,src/tracking/advanced_tracker.py:kalman_homography,
R,CLAMP,CLAMP,0
L,6,3822,PREDICTION,src/tracking/advanced_tracker.py:kalman_homography,
R,CLAMP,CLAMP,0
L,9,3822,PREDICTION,src/tracking/advanced_tracker.py:id_merge,
R,CLAMP,CLAMP,0
A,3822
S,0,3825,DETECTION,src/tracking/advanced_tracker.py:_activate_slot,3825_150_101_434_255
S,2,3825,DETECTION,src/tracking/advanced_tracker.py:_activate_slot,3825_160_7_429_170
S,1,3825,DETECTION,src/tracking/advanced_tracker.py:_activate_slot,3825_375_2_762_169
S,5,3825,DETECTION,src/tracking/advanced_tracker.py:_activate_slot,3825_372_0_854_260
S,9,3825,DETECTION,src/tracking/advanced_tracker.py:_activate_slot,3825_265_223_649_517
S,3,3825,PREDICTION,src/tracking/advanced_tracker.py:kalman_homography,
S,6,3825,PREDICTION,src/tracking/advanced_tracker.py:kalman_homography,
S,7,3825,PREDICTION,src/tracking/advanced_tracker.py:flow_gapfill_batched,
S,8,3825,PREDICTION,src/tracking/advanced_tracker.py:flow_gapfill_batched,
S,10,3825,PREDICTION,src/tracking/advanced_tracker.py:flow_gapfill_batched,
D,0,3825
S,2,3825,PREDICTION,src/tracking/advanced_tracker.py:id_merge,
D,5,3825
S,9,3825,PREDICTION,src/tracking/advanced_tracker.py:id_merge,
D,8,3825
S,6,3825,PREDICTION,src/tracking/advanced_tracker.py:id_merge,
D,7,3825
S,9,3825,PREDICTION,src/tracking/advanced_tracker.py:id_merge,
L,1,3825,DETECTION,src/tracking/advanced_tracker.py:_activate_slot,3825_375_2_762_169
R,DETECTION,DETECTION,1
L,2,3825,PREDICTION,src/tracking/advanced_tracker.py:id_merge,
R,CLAMP,CLAMP,0
L,3,3825,PREDICTION,src/tracking/advanced_tracker.py:kalman_homography,
R,PREDICTION,PREDICTION,1
L,6,3825,PREDICTION,src/tracking/advanced_tracker.py:id_merge,
R,CLAMP,CLAMP,0
L,9,3825,PREDICTION,src/tracking/advanced_tracker.py:id_merge,
R,CLAMP,CLAMP,0
A,3825
S,0,3828,DETECTION,src/tracking/advanced_tracker.py:_activate_slot,3828_156_53_425_202
S,5,3828,DETECTION,src/tracking/advanced_tracker.py:_activate_slot,3828_391_33_856_266
S,9,3828,DETECTION,src/tracking/advanced_tracker.py:_activate_slot,3828_286_213_652_475
S,1,3828,PREDICTION,src/tracking/advanced_tracker.py:kalman_homography,
S,2,3828,PREDICTION,src/tracking/advanced_tracker.py:kalman_homography,
S,3,3828,PREDICTION,src/tracking/advanced_tracker.py:kalman_homography,
S,7,3828,PREDICTION,src/tracking/advanced_tracker.py:kalman_homography,
S,6,3828,PREDICTION,src/tracking/advanced_tracker.py:flow_gapfill_batched,
D,2,3828
S,0,3828,PREDICTION,src/tracking/advanced_tracker.py:id_merge,
D,5,3828
S,9,3828,PREDICTION,src/tracking/advanced_tracker.py:id_merge,
L,0,3828,PREDICTION,src/tracking/advanced_tracker.py:id_merge,
R,CLAMP,CLAMP,0
L,1,3828,PREDICTION,src/tracking/advanced_tracker.py:kalman_homography,
R,PREDICTION,PREDICTION,1
L,3,3828,PREDICTION,src/tracking/advanced_tracker.py:kalman_homography,
R,PREDICTION,PREDICTION,1
L,6,3828,PREDICTION,src/tracking/advanced_tracker.py:flow_gapfill_batched,
R,CLAMP,CLAMP,0
L,7,3828,PREDICTION,src/tracking/advanced_tracker.py:kalman_homography,
R,CLAMP,CLAMP,0
L,9,3828,PREDICTION,src/tracking/advanced_tracker.py:id_merge,
R,CLAMP,CLAMP,0
A,3828
S,2,3831,DETECTION,src/tracking/advanced_tracker.py:_activate_slot,3831_187_-15_483_82
S,5,3831,DETECTION,src/tracking/advanced_tracker.py:_activate_slot,3831_388_-5_856_295
S,9,3831,DETECTION,src/tracking/advanced_tracker.py:_activate_slot,3831_289_197_657_461
S,0,3831,PREDICTION,src/tracking/advanced_tracker.py:kalman_homography,
S,3,3831,PREDICTION,src/tracking/advanced_tracker.py:kalman_homography,
S,7,3831,PREDICTION,src/tracking/advanced_tracker.py:kalman_homography,
S,1,3831,PREDICTION,src/tracking/advanced_tracker.py:flow_gapfill_batched,
S,6,3831,PREDICTION,src/tracking/advanced_tracker.py:flow_gapfill_batched,
D,0,3831
S,2,3831,PREDICTION,src/tracking/advanced_tracker.py:id_merge,
D,5,3831
S,9,3831,PREDICTION,src/tracking/advanced_tracker.py:id_merge,
L,1,3831,PREDICTION,src/tracking/advanced_tracker.py:flow_gapfill_batched,
R,PREDICTION,PREDICTION,1
L,2,3831,PREDICTION,src/tracking/advanced_tracker.py:id_merge,
R,CLAMP,CLAMP,0
L,3,3831,PREDICTION,src/tracking/advanced_tracker.py:kalman_homography,
R,PREDICTION,PREDICTION,1
L,6,3831,PREDICTION,src/tracking/advanced_tracker.py:flow_gapfill_batched,
R,CLAMP,CLAMP,0
L,7,3831,PREDICTION,src/tracking/advanced_tracker.py:kalman_homography,
R,CLAMP,CLAMP,0
L,9,3831,PREDICTION,src/tracking/advanced_tracker.py:id_merge,
R,CLAMP,CLAMP,0
A,3831
S,0,3834,DETECTION,src/tracking/advanced_tracker.py:_activate_slot,3834_157_-15_438_120
S,9,3834,DETECTION,src/tracking/advanced_tracker.py:_activate_slot,3834_274_225_657_464
S,2,3834,PREDICTION,src/tracking/advanced_tracker.py:kalman_homography,
S,3,3834,PREDICTION,src/tracking/advanced_tracker.py:kalman_homography,
S,5,3834,PREDICTION,src/tracking/advanced_tracker.py:kalman_homography,
S,1,3834,PREDICTION,src/tracking/advanced_tracker.py:flow_gapfill_batched,
S,6,3834,PREDICTION,src/tracking/advanced_tracker.py:flow_gapfill_batched,
D,5,3834
S,9,3834,PREDICTION,src/tracking/advanced_tracker.py:id_merge,
L,0,3834,DETECTION,src/tracking/advanced_tracker.py:_activate_slot,3834_157_-15_438_120
R,CLAMP,CLAMP,0
L,1,3834,PREDICTION,src/tracking/advanced_tracker.py:flow_gapfill_batched,
R,PREDICTION,PREDICTION,1
L,2,3834,PREDICTION,src/tracking/advanced_tracker.py:kalman_homography,
R,CLAMP,CLAMP,0
L,3,3834,PREDICTION,src/tracking/advanced_tracker.py:kalman_homography,
R,PREDICTION,PREDICTION,1
L,6,3834,PREDICTION,src/tracking/advanced_tracker.py:flow_gapfill_batched,
R,CLAMP,CLAMP,0
L,9,3834,PREDICTION,src/tracking/advanced_tracker.py:id_merge,
R,CLAMP,CLAMP,0
A,3834
S,0,3837,CLAMP,src/tracking/advanced_tracker.py:_activate_slot,3837_97_615_430_753
S,5,3837,DETECTION,src/tracking/advanced_tracker.py:_activate_slot,3837_377_-5_788_375
S,3,3837,PREDICTION,src/tracking/advanced_tracker.py:kalman_homography,
S,9,3837,PREDICTION,src/tracking/advanced_tracker.py:kalman_homography,
S,1,3837,PREDICTION,src/tracking/advanced_tracker.py:flow_gapfill_batched,
S,6,3837,PREDICTION,src/tracking/advanced_tracker.py:flow_gapfill_batched,
D,9,3837
S,5,3837,PREDICTION,src/tracking/advanced_tracker.py:id_merge,
L,0,3837,CLAMP,src/tracking/advanced_tracker.py:_activate_slot,3837_97_615_430_753
R,CLAMP,CLAMP,0
L,1,3837,PREDICTION,src/tracking/advanced_tracker.py:flow_gapfill_batched,
R,PREDICTION,PREDICTION,1
L,3,3837,PREDICTION,src/tracking/advanced_tracker.py:kalman_homography,
R,PREDICTION,PREDICTION,1
L,5,3837,PREDICTION,src/tracking/advanced_tracker.py:id_merge,
R,CLAMP,CLAMP,0
L,6,3837,PREDICTION,src/tracking/advanced_tracker.py:flow_gapfill_batched,
R,CLAMP,CLAMP,0
A,3837
S,5,3840,DETECTION,src/tracking/advanced_tracker.py:_activate_slot,3840_251_69_789_550
S,0,3840,PREDICTION,src/tracking/advanced_tracker.py:kalman_homography,
S,9,3840,PREDICTION,src/tracking/advanced_tracker.py:kalman_homography,
S,1,3840,PREDICTION,src/tracking/advanced_tracker.py:flow_gapfill_batched,
S,3,3840,PREDICTION,src/tracking/advanced_tracker.py:flow_gapfill_batched,
S,6,3840,PREDICTION,src/tracking/advanced_tracker.py:flow_gapfill_batched,
D,9,3840
S,5,3840,PREDICTION,src/tracking/advanced_tracker.py:id_merge,
L,0,3840,PREDICTION,src/tracking/advanced_tracker.py:kalman_homography,
R,PREDICTION,PREDICTION,1
L,1,3840,PREDICTION,src/tracking/advanced_tracker.py:flow_gapfill_batched,
R,PREDICTION,PREDICTION,1
L,3,3840,PREDICTION,src/tracking/advanced_tracker.py:flow_gapfill_batched,
R,CLAMP,CLAMP,0
L,5,3840,PREDICTION,src/tracking/advanced_tracker.py:id_merge,
R,CLAMP,CLAMP,0
L,6,3840,PREDICTION,src/tracking/advanced_tracker.py:flow_gapfill_batched,
R,CLAMP,CLAMP,0
A,3840
S,5,3843,DETECTION,src/tracking/advanced_tracker.py:_activate_slot,3843_276_234_713_561
S,9,3843,DETECTION,src/tracking/advanced_tracker.py:_activate_slot,3843_267_96_773_557
S,0,3843,PREDICTION,src/tracking/advanced_tracker.py:flow_gapfill_batched,
S,1,3843,PREDICTION,src/tracking/advanced_tracker.py:flow_gapfill_batched,
S,2,3843,PREDICTION,src/tracking/advanced_tracker.py:flow_gapfill_batched,
S,6,3843,PREDICTION,src/tracking/advanced_tracker.py:flow_gapfill_batched,
D,6,3843
S,5,3843,PREDICTION,src/tracking/advanced_tracker.py:id_merge,
D,5,3843
S,9,3843,PREDICTION,src/tracking/advanced_tracker.py:id_merge,
L,0,3843,PREDICTION,src/tracking/advanced_tracker.py:flow_gapfill_batched,
R,PREDICTION,PREDICTION,1
L,1,3843,PREDICTION,src/tracking/advanced_tracker.py:flow_gapfill_batched,
R,PREDICTION,PREDICTION,1
L,2,3843,PREDICTION,src/tracking/advanced_tracker.py:flow_gapfill_batched,
R,CLAMP,CLAMP,0
L,9,3843,PREDICTION,src/tracking/advanced_tracker.py:id_merge,
R,CLAMP,CLAMP,0
A,3843
S,9,3846,DETECTION,src/tracking/advanced_tracker.py:_activate_slot,3846_330_136_753_528
S,5,3846,DETECTION,src/tracking/advanced_tracker.py:_activate_slot,3846_355_305_771_612
S,4,3846,DETECTION,src/tracking/advanced_tracker.py:_activate_slot,3846_100_566_457_791
S,10,3846,DETECTION,src/tracking/advanced_tracker.py:_activate_slot,3846_69_1185_240_1319
S,0,3846,PREDICTION,src/tracking/advanced_tracker.py:flow_gapfill_batched,
S,1,3846,PREDICTION,src/tracking/advanced_tracker.py:flow_gapfill_batched,
S,2,3846,PREDICTION,src/tracking/advanced_tracker.py:flow_gapfill_batched,
D,0,3846
S,4,3846,PREDICTION,src/tracking/advanced_tracker.py:id_merge,
D,5,3846
S,9,3846,PREDICTION,src/tracking/advanced_tracker.py:id_merge,
L,1,3846,PREDICTION,src/tracking/advanced_tracker.py:flow_gapfill_batched,
R,PREDICTION,PREDICTION,1
L,2,3846,PREDICTION,src/tracking/advanced_tracker.py:flow_gapfill_batched,
R,CLAMP,CLAMP,0
L,4,3846,PREDICTION,src/tracking/advanced_tracker.py:id_merge,
R,CLAMP,CLAMP,0
L,9,3846,PREDICTION,src/tracking/advanced_tracker.py:id_merge,
R,CLAMP,CLAMP,0
A,3846
S,5,3849,DETECTION,src/tracking/advanced_tracker.py:_activate_slot,3849_337_398_753_700
S,8,3849,DETECTION,src/tracking/advanced_tracker.py:_activate_slot,3849_287_783_667_973
S,4,3849,PREDICTION,src/tracking/advanced_tracker.py:kalman_homography,
S,9,3849,PREDICTION,src/tracking/advanced_tracker.py:kalman_homography,
S,10,3849,PREDICTION,src/tracking/advanced_tracker.py:kalman_homography,
S,0,3849,PREDICTION,src/tracking/advanced_tracker.py:flow_gapfill_batched,
S,1,3849,PREDICTION,src/tracking/advanced_tracker.py:flow_gapfill_batched,
S,2,3849,PREDICTION,src/tracking/advanced_tracker.py:flow_gapfill_batched,
L,0,3849,PREDICTION,src/tracking/advanced_tracker.py:flow_gapfill_batched,
R,PREDICTION,PREDICTION,1
L,1,3849,PREDICTION,src/tracking/advanced_tracker.py:flow_gapfill_batched,
R,PREDICTION,PREDICTION,1
L,2,3849,PREDICTION,src/tracking/advanced_tracker.py:flow_gapfill_batched,
R,CLAMP,CLAMP,0
L,4,3849,PREDICTION,src/tracking/advanced_tracker.py:kalman_homography,
R,CLAMP,CLAMP,0
L,5,3849,DETECTION,src/tracking/advanced_tracker.py:_activate_slot,3849_337_398_753_700
R,CLAMP,CLAMP,0
L,8,3849,DETECTION,src/tracking/advanced_tracker.py:_activate_slot,3849_287_783_667_973
R,CLAMP,CLAMP,0
L,9,3849,PREDICTION,src/tracking/advanced_tracker.py:kalman_homography,
R,CLAMP,CLAMP,0
A,3849
S,4,3852,PREDICTION,src/tracking/advanced_tracker.py:kalman_homography,
S,5,3852,PREDICTION,src/tracking/advanced_tracker.py:kalman_homography,
S,8,3852,PREDICTION,src/tracking/advanced_tracker.py:kalman_homography,
S,9,3852,PREDICTION,src/tracking/advanced_tracker.py:kalman_homography,
S,10,3852,PREDICTION,src/tracking/advanced_tracker.py:kalman_homography,
S,0,3852,PREDICTION,src/tracking/advanced_tracker.py:flow_gapfill_batched,
S,2,3852,PREDICTION,src/tracking/advanced_tracker.py:flow_gapfill_batched,
D,0,3852
S,4,3852,PREDICTION,src/tracking/advanced_tracker.py:id_merge,
L,2,3852,PREDICTION,src/tracking/advanced_tracker.py:flow_gapfill_batched,
R,CLAMP,CLAMP,0
L,4,3852,PREDICTION,src/tracking/advanced_tracker.py:id_merge,
R,CLAMP,CLAMP,0
L,5,3852,PREDICTION,src/tracking/advanced_tracker.py:kalman_homography,
R,CLAMP,CLAMP,0
L,8,3852,PREDICTION,src/tracking/advanced_tracker.py:kalman_homography,
R,CLAMP,CLAMP,0
L,9,3852,PREDICTION,src/tracking/advanced_tracker.py:kalman_homography,
R,CLAMP,CLAMP,0
A,3852
S,8,3855,DETECTION,src/tracking/advanced_tracker.py:_activate_slot,3855_277_811_616_997
S,7,3855,DETECTION,src/tracking/advanced_tracker.py:_activate_slot,3855_543_1026_865_1284
S,4,3855,PREDICTION,src/tracking/advanced_tracker.py:kalman_homography,
S,5,3855,PREDICTION,src/tracking/advanced_tracker.py:kalman_homography,
S,9,3855,PREDICTION,src/tracking/advanced_tracker.py:kalman_homography,
S,10,3855,PREDICTION,src/tracking/advanced_tracker.py:kalman_homography,
S,2,3855,PREDICTION,src/tracking/advanced_tracker.py:flow_gapfill_batched,
D,7,3855
S,8,3855,PREDICTION,src/tracking/advanced_tracker.py:id_merge,
L,2,3855,PREDICTION,src/tracking/advanced_tracker.py:flow_gapfill_batched,
R,CLAMP,CLAMP,0
L,4,3855,PREDICTION,src/tracking/advanced_tracker.py:kalman_homography,
R,CLAMP,CLAMP,0
L,5,3855,PREDICTION,src/tracking/advanced_tracker.py:kalman_homography,
R,CLAMP,CLAMP,0
L,8,3855,PREDICTION,src/tracking/advanced_tracker.py:id_merge,
R,CLAMP,CLAMP,0
L,9,3855,PREDICTION,src/tracking/advanced_tracker.py:kalman_homography,
R,CLAMP,CLAMP,0
A,3855
S,4,3858,DETECTION,src/tracking/advanced_tracker.py:_activate_slot,3858_98_556_375_669
S,7,3858,DETECTION,src/tracking/advanced_tracker.py:_activate_slot,3858_518_984_867_1245
S,5,3858,PREDICTION,src/tracking/advanced_tracker.py:kalman_homography,
S,8,3858,PREDICTION,src/tracking/advanced_tracker.py:kalman_homography,
S,9,3858,PREDICTION,src/tracking/advanced_tracker.py:kalman_homography,
S,10,3858,PREDICTION,src/tracking/advanced_tracker.py:kalman_homography,
S,0,3858,PREDICTION,src/tracking/advanced_tracker.py:flow_gapfill_batched,
D,8,3858
S,7,3858,PREDICTION,src/tracking/advanced_tracker.py:id_merge,
L,0,3858,PREDICTION,src/tracking/advanced_tracker.py:flow_gapfill_batched,
R,CLAMP,CLAMP,0
L,4,3858,DETECTION,src/tracking/advanced_tracker.py:_activate_slot,3858_98_556_375_669
R,CLAMP,CLAMP,0
L,5,3858,PREDICTION,src/tracking/advanced_tracker.py:kalman_homography,
R,CLAMP,CLAMP,0
L,7,3858,PREDICTION,src/tracking/advanced_tracker.py:id_merge,
R,PREDICTION,PREDICTION,1
L,9,3858,PREDICTION,src/tracking/advanced_tracker.py:kalman_homography,
R,CLAMP,CLAMP,0
A,3858
S,7,3861,DETECTION,src/tracking/advanced_tracker.py:_activate_slot,3861_509_966_873_1211
S,3,3861,DETECTION,src/tracking/advanced_tracker.py:_activate_slot,3861_220_627_864_901
S,4,3861,PREDICTION,src/tracking/advanced_tracker.py:kalman_homography,
S,5,3861,PREDICTION,src/tracking/advanced_tracker.py:kalman_homography,
S,8,3861,PREDICTION,src/tracking/advanced_tracker.py:kalman_homography,
S,9,3861,PREDICTION,src/tracking/advanced_tracker.py:kalman_homography,
S,10,3861,PREDICTION,src/tracking/advanced_tracker.py:kalman_homography,
S,0,3861,PREDICTION,src/tracking/advanced_tracker.py:flow_gapfill_batched,
D,4,3861
S,3,3861,PREDICTION,src/tracking/advanced_tracker.py:id_merge,
L,0,3861,PREDICTION,src/tracking/advanced_tracker.py:flow_gapfill_batched,
R,CLAMP,CLAMP,0
L,3,3861,PREDICTION,src/tracking/advanced_tracker.py:id_merge,
R,CLAMP,CLAMP,0
L,5,3861,PREDICTION,src/tracking/advanced_tracker.py:kalman_homography,
R,CLAMP,CLAMP,0
L,7,3861,DETECTION,src/tracking/advanced_tracker.py:_activate_slot,3861_509_966_873_1211
R,DETECTION,DETECTION,1
L,8,3861,PREDICTION,src/tracking/advanced_tracker.py:kalman_homography,
R,CLAMP,CLAMP,0
L,9,3861,PREDICTION,src/tracking/advanced_tracker.py:kalman_homography,
R,CLAMP,CLAMP,0
A,3861
S,7,3864,DETECTION,src/tracking/advanced_tracker.py:_activate_slot,3864_507_947_865_1203
S,3,3864,PREDICTION,src/tracking/advanced_tracker.py:kalman_homography,
S,4,3864,PREDICTION,src/tracking/advanced_tracker.py:kalman_homography,
S,5,3864,PREDICTION,src/tracking/advanced_tracker.py:kalman_homography,
S,8,3864,PREDICTION,src/tracking/advanced_tracker.py:kalman_homography,
S,9,3864,PREDICTION,src/tracking/advanced_tracker.py:kalman_homography,
S,10,3864,PREDICTION,src/tracking/advanced_tracker.py:kalman_homography,
D,4,3864
S,3,3864,PREDICTION,src/tracking/advanced_tracker.py:id_merge,
D,5,3864
S,7,3864,PREDICTION,src/tracking/advanced_tracker.py:id_merge,
L,3,3864,PREDICTION,src/tracking/advanced_tracker.py:id_merge,
R,CLAMP,CLAMP,0
L,7,3864,PREDICTION,src/tracking/advanced_tracker.py:id_merge,
R,PREDICTION,PREDICTION,1
L,8,3864,PREDICTION,src/tracking/advanced_tracker.py:kalman_homography,
R,CLAMP,CLAMP,0
L,9,3864,PREDICTION,src/tracking/advanced_tracker.py:kalman_homography,
R,CLAMP,CLAMP,0
A,3864
S,6,3867,DETECTION,src/tracking/advanced_tracker.py:_activate_slot,3867_111_593_481_845
S,8,3867,DETECTION,src/tracking/advanced_tracker.py:_activate_slot,3867_117_752_575_977
S,7,3867,DETECTION,src/tracking/advanced_tracker.py:_activate_slot,3867_535_975_1006_1161
S,3,3867,PREDICTION,src/tracking/advanced_tracker.py:kalman_homography,
S,4,3867,PREDICTION,src/tracking/advanced_tracker.py:kalman_homography,
S,5,3867,PREDICTION,src/tracking/advanced_tracker.py:kalman_homography,
S,9,3867,PREDICTION,src/tracking/advanced_tracker.py:kalman_homography,
S,10,3867,PREDICTION,src/tracking/advanced_tracker.py:kalman_homography,
D,5,3867
S,6,3867,PREDICTION,src/tracking/advanced_tracker.py:id_merge,
D,6,3867
S,7,3867,PREDICTION,src/tracking/advanced_tracker.py:id_merge,
L,3,3867,PREDICTION,src/tracking/advanced_tracker.py:kalman_homography,
R,CLAMP,CLAMP,0
L,4,3867,PREDICTION,src/tracking/advanced_tracker.py:kalman_homography,
R,PREDICTION,PREDICTION,1
L,7,3867,PREDICTION,src/tracking/advanced_tracker.py:id_merge,
R,PREDICTION,PREDICTION,1
L,8,3867,DETECTION,src/tracking/advanced_tracker.py:_activate_slot,3867_117_752_575_977
R,CLAMP,CLAMP,0
L,9,3867,PREDICTION,src/tracking/advanced_tracker.py:kalman_homography,
R,CLAMP,CLAMP,0
A,3867
S,5,3870,DETECTION,src/tracking/advanced_tracker.py:_activate_slot,3870_229_859_849_1189
S,1,3870,DETECTION,src/tracking/advanced_tracker.py:_activate_slot,3870_111_757_574_982
S,3,3870,PREDICTION,src/tracking/advanced_tracker.py:kalman_homography,
S,4,3870,PREDICTION,src/tracking/advanced_tracker.py:kalman_homography,
S,6,3870,PREDICTION,src/tracking/advanced_tracker.py:kalman_homography,
S,7,3870,PREDICTION,src/tracking/advanced_tracker.py:kalman_homography,
S,8,3870,PREDICTION,src/tracking/advanced_tracker.py:kalman_homography,
S,10,3870,PREDICTION,src/tracking/advanced_tracker.py:flow_gapfill_batched,
D,6,3870
S,5,3870,PREDICTION,src/tracking/advanced_tracker.py:id_merge,
D,7,3870
S,5,3870,PREDICTION,src/tracking/advanced_tracker.py:id_merge,
L,1,3870,DETECTION,src/tracking/advanced_tracker.py:_activate_slot,3870_111_757_574_982
R,CLAMP,CLAMP,0
L,3,3870,PREDICTION,src/tracking/advanced_tracker.py:kalman_homography,
R,CLAMP,CLAMP,0
L,4,3870,PREDICTION,src/tracking/advanced_tracker.py:kalman_homography,
R,PREDICTION,PREDICTION,1
L,5,3870,PREDICTION,src/tracking/advanced_tracker.py:id_merge,
R,PREDICTION,PREDICTION,1
L,8,3870,PREDICTION,src/tracking/advanced_tracker.py:kalman_homography,
R,CLAMP,CLAMP,0
A,3870
S,8,3873,DETECTION,src/tracking/advanced_tracker.py:_activate_slot,3873_116_754_574_958
S,7,3873,DETECTION,src/tracking/advanced_tracker.py:_activate_slot,3873_505_894_872_1070
S,1,3873,PREDICTION,src/tracking/advanced_tracker.py:kalman_homography,
S,3,3873,PREDICTION,src/tracking/advanced_tracker.py:kalman_homography,
S,4,3873,PREDICTION,src/tracking/advanced_tracker.py:kalman_homography,
S,5,3873,PREDICTION,src/tracking/advanced_tracker.py:kalman_homography,
S,6,3873,PREDICTION,src/tracking/advanced_tracker.py:kalman_homography,
D,6,3873
S,5,3873,PREDICTION,src/tracking/advanced_tracker.py:id_merge,
D,5,3873
S,8,3873,PREDICTION,src/tracking/advanced_tracker.py:id_merge,
L,1,3873,PREDICTION,src/tracking/advanced_tracker.py:kalman_homography,
R,CLAMP,CLAMP,0
L,3,3873,PREDICTION,src/tracking/advanced_tracker.py:kalman_homography,
R,CLAMP,CLAMP,0
L,4,3873,PREDICTION,src/tracking/advanced_tracker.py:kalman_homography,
R,CLAMP,CLAMP,1
L,7,3873,DETECTION,src/tracking/advanced_tracker.py:_activate_slot,3873_505_894_872_1070
R,DETECTION,DETECTION,1
L,8,3873,PREDICTION,src/tracking/advanced_tracker.py:id_merge,
R,CLAMP,CLAMP,0
A,3873
S,1,3876,DETECTION,src/tracking/advanced_tracker.py:_activate_slot,3876_125_767_593_951
S,2,3876,DETECTION,src/tracking/advanced_tracker.py:_activate_slot,3876_114_498_490_680
S,3,3876,PREDICTION,src/tracking/advanced_tracker.py:kalman_homography,
S,4,3876,PREDICTION,src/tracking/advanced_tracker.py:kalman_homography,
S,5,3876,PREDICTION,src/tracking/advanced_tracker.py:kalman_homography,
S,6,3876,PREDICTION,src/tracking/advanced_tracker.py:kalman_homography,
S,7,3876,PREDICTION,src/tracking/advanced_tracker.py:kalman_homography,
S,8,3876,PREDICTION,src/tracking/advanced_tracker.py:kalman_homography,
D,3,3876
S,2,3876,PREDICTION,src/tracking/advanced_tracker.py:id_merge,
D,5,3876
S,8,3876,PREDICTION,src/tracking/advanced_tracker.py:id_merge,
D,6,3876
S,7,3876,PREDICTION,src/tracking/advanced_tracker.py:id_merge,
L,1,3876,DETECTION,src/tracking/advanced_tracker.py:_activate_slot,3876_125_767_593_951
R,CLAMP,CLAMP,0
L,2,3876,PREDICTION,src/tracking/advanced_tracker.py:id_merge,
R,PREDICTION,PREDICTION,1
L,4,3876,PREDICTION,src/tracking/advanced_tracker.py:kalman_homography,
R,CLAMP,CLAMP,0
L,7,3876,PREDICTION,src/tracking/advanced_tracker.py:id_merge,
R,PREDICTION,PREDICTION,1
L,8,3876,PREDICTION,src/tracking/advanced_tracker.py:id_merge,
R,CLAMP,CLAMP,0
A,3876
S,2,3879,DETECTION,src/tracking/advanced_tracker.py:_activate_slot,3879_102_561_388_669
S,7,3879,DETECTION,src/tracking/advanced_tracker.py:_activate_slot,3879_575_744_1031_1036
S,8,3879,DETECTION,src/tracking/advanced_tracker.py:_activate_slot,3879_166_780_643_1026
S,1,3879,PREDICTION,src/tracking/advanced_tracker.py:kalman_homography,
S,3,3879,PREDICTION,src/tracking/advanced_tracker.py:kalman_homography,
S,5,3879,PREDICTION,src/tracking/advanced_tracker.py:kalman_homography,
S,6,3879,PREDICTION,src/tracking/advanced_tracker.py:kalman_homography,
S,4,3879,PREDICTION,src/tracking/advanced_tracker.py:flow_gapfill_batched,
D,6,3879
S,8,3879,PREDICTION,src/tracking/advanced_tracker.py:id_merge,
L,1,3879,PREDICTION,src/tracking/advanced_tracker.py:kalman_homography,
R,CLAMP,CLAMP,0
L,2,3879,DETECTION,src/tracking/advanced_tracker.py:_activate_slot,3879_102_561_388_669
R,DETECTION,DETECTION,1
L,3,3879,PREDICTION,src/tracking/advanced_tracker.py:kalman_homography,
R,CLAMP,CLAMP,0
L,4,3879,PREDICTION,src/tracking/advanced_tracker.py:flow_gapfill_batched,
R,PREDICTION,PREDICTION,1
L,5,3879,PREDICTION,src/tracking/advanced_tracker.py:kalman_homography,
R,PREDICTION,PREDICTION,1
L,7,3879,DETECTION,src/tracking/advanced_tracker.py:_activate_slot,3879_575_744_1031_1036
R,DETECTION,DETECTION,1
L,8,3879,PREDICTION,src/tracking/advanced_tracker.py:id_merge,
R,CLAMP,CLAMP,0
A,3879
S,1,3882,DETECTION,src/tracking/advanced_tracker.py:_activate_slot,3882_221_766_660_1006
S,2,3882,DETECTION,src/tracking/advanced_tracker.py:_activate_slot,3882_145_546_419_658
S,8,3882,DETECTION,src/tracking/advanced_tracker.py:_activate_slot,3882_219_765_656_942
S,7,3882,DETECTION,src/tracking/advanced_tracker.py:_activate_slot,3882_566_701_869_980
S,3,3882,PREDICTION,src/tracking/advanced_tracker.py:kalman_homography,
S,6,3882,PREDICTION,src/tracking/advanced_tracker.py:kalman_homography,
S,4,3882,PREDICTION,src/tracking/advanced_tracker.py:flow_gapfill_batched,
S,5,3882,PREDICTION,src/tracking/advanced_tracker.py:flow_gapfill_batched,
D,3,3882
S,2,3882,PREDICTION,src/tracking/advanced_tracker.py:id_merge,
D,4,3882
S,2,3882,PREDICTION,src/tracking/advanced_tracker.py:id_merge,
D,6,3882
S,8,3882,PREDICTION,src/tracking/advanced_tracker.py:id_merge,
L,1,3882,DETECTION,src/tracking/advanced_tracker.py:_activate_slot,3882_221_766_660_1006
R,CLAMP,CLAMP,0
L,2,3882,PREDICTION,src/tracking/advanced_tracker.py:id_merge,
R,PREDICTION,PREDICTION,1
L,5,3882,PREDICTION,src/tracking/advanced_tracker.py:flow_gapfill_batched,
R,PREDICTION,PREDICTION,1
L,7,3882,DETECTION,src/tracking/advanced_tracker.py:_activate_slot,3882_566_701_869_980
R,DETECTION,DETECTION,1
L,8,3882,PREDICTION,src/tracking/advanced_tracker.py:id_merge,
R,CLAMP,CLAMP,0
A,3882
S,1,3885,DETECTION,src/tracking/advanced_tracker.py:_activate_slot,3885_249_745_667_901
S,2,3885,DETECTION,src/tracking/advanced_tracker.py:_activate_slot,3885_179_531_445_641
S,7,3885,DETECTION,src/tracking/advanced_tracker.py:_activate_slot,3885_634_705_1035_897
S,8,3885,DETECTION,src/tracking/advanced_tracker.py:_activate_slot,3885_344_836_690_992
S,10,3885,DETECTION,src/tracking/advanced_tracker.py:_activate_slot,3885_87_1158_249_1290
S,0,3885,DETECTION,src/tracking/advanced_tracker.py:_activate_slot,3885_154_595_427_730
S,6,3885,PREDICTION,src/tracking/advanced_tracker.py:kalman_homography,
S,3,3885,PREDICTION,src/tracking/advanced_tracker.py:flow_gapfill_batched,
D,0,3885
S,1,3885,PREDICTION,src/tracking/advanced_tracker.py:id_merge,
D,3,3885
S,2,3885,PREDICTION,src/tracking/advanced_tracker.py:id_merge,
D,6,3885
S,8,3885,PREDICTION,src/tracking/advanced_tracker.py:id_merge,
L,1,3885,PREDICTION,src/tracking/advanced_tracker.py:id_merge,
R,CLAMP,CLAMP,0
L,2,3885,PREDICTION,src/tracking/advanced_tracker.py:id_merge,
R,PREDICTION,PREDICTION,1
L,7,3885,DETECTION,src/tracking/advanced_tracker.py:_activate_slot,3885_634_705_1035_897
R,DETECTION,DETECTION,1
L,8,3885,PREDICTION,src/tracking/advanced_tracker.py:id_merge,
R,CLAMP,CLAMP,0
A,3885
S,1,3888,DETECTION,src/tracking/advanced_tracker.py:_activate_slot,3888_270_717_723_970
S,0,3888,DETECTION,src/tracking/advanced_tracker.py:_activate_slot,3888_171_606_445_712
S,2,3888,DETECTION,src/tracking/advanced_tracker.py:_activate_slot,3888_201_516_476_622
S,7,3888,DETECTION,src/tracking/advanced_tracker.py:_activate_slot,3888_673_670_1035_853
S,10,3888,DETECTION,src/tracking/advanced_tracker.py:_activate_slot,3888_113_1146_265_1271
S,6,3888,PREDICTION,src/tracking/advanced_tracker.py:kalman_homography,
S,8,3888,PREDICTION,src/tracking/advanced_tracker.py:kalman_homography,
D,0,3888
S,1,3888,PREDICTION,src/tracking/advanced_tracker.py:id_merge,
D,6,3888
S,8,3888,PREDICTION,src/tracking/advanced_tracker.py:id_merge,
L,1,3888,PREDICTION,src/tracking/advanced_tracker.py:id_merge,
R,CLAMP,CLAMP,0
L,2,3888,DETECTION,src/tracking/advanced_tracker.py:_activate_slot,3888_201_516_476_622
R,DETECTION,DETECTION,1
L,7,3888,DETECTION,src/tracking/advanced_tracker.py:_activate_slot,3888_673_670_1035_853
R,DETECTION,DETECTION,1
L,8,3888,PREDICTION,src/tracking/advanced_tracker.py:id_merge,
R,CLAMP,CLAMP,0
A,3888
S,0,3891,DETECTION,src/tracking/advanced_tracker.py:_activate_slot,3891_193_561_468_697
S,2,3891,DETECTION,src/tracking/advanced_tracker.py:_activate_slot,3891_228_494_495_608
S,7,3891,DETECTION,src/tracking/advanced_tracker.py:_activate_slot,3891_712_597_1035_799
S,8,3891,DETECTION,src/tracking/advanced_tracker.py:_activate_slot,3891_415_793_748_982
S,10,3891,DETECTION,src/tracking/advanced_tracker.py:_activate_slot,3891_142_1130_285_1257
S,9,3891,DETECTION,src/tracking/advanced_tracker.py:_activate_slot,3891_675_1384_1029_1615
S,1,3891,PREDICTION,src/tracking/advanced_tracker.py:kalman_homography,
D,1,3891
S,0,3891,PREDICTION,src/tracking/advanced_tracker.py:id_merge,
L,0,3891,PREDICTION,src/tracking/advanced_tracker.py:id_merge,
R,CLAMP,CLAMP,0
L,2,3891,DETECTION,src/tracking/advanced_tracker.py:_activate_slot,3891_228_494_495_608
R,DETECTION,DETECTION,1
L,7,3891,DETECTION,src/tracking/advanced_tracker.py:_activate_slot,3891_712_597_1035_799
R,DETECTION,DETECTION,1
L,8,3891,DETECTION,src/tracking/advanced_tracker.py:_activate_slot,3891_415_793_748_982
R,CLAMP,CLAMP,0
L,9,3891,DETECTION,src/tracking/advanced_tracker.py:_activate_slot,3891_675_1384_1029_1615
R,CLAMP,CLAMP,0
A,3891
S,0,3894,DETECTION,src/tracking/advanced_tracker.py:_activate_slot,3894_237_550_497_690
S,2,3894,DETECTION,src/tracking/advanced_tracker.py:_activate_slot,3894_249_465_521_589
S,7,3894,DETECTION,src/tracking/advanced_tracker.py:_activate_slot,3894_726_561_1035_783
S,8,3894,DETECTION,src/tracking/advanced_tracker.py:_activate_slot,3894_415_780_796_989
S,9,3894,DETECTION,src/tracking/advanced_tracker.py:_activate_slot,3894_733_1374_1033_1570
S,1,3894,PREDICTION,src/tracking/advanced_tracker.py:kalman_homography,
D,1,3894
S,0,3894,PREDICTION,src/tracking/advanced_tracker.py:id_merge,
L,0,3894,PREDICTION,src/tracking/advanced_tracker.py:id_merge,
R,CLAMP,CLAMP,0
L,2,3894,DETECTION,src/tracking/advanced_tracker.py:_activate_slot,3894_249_465_521_589
R,DETECTION,DETECTION,1
L,7,3894,DETECTION,src/tracking/advanced_tracker.py:_activate_slot,3894_726_561_1035_783
R,DETECTION,DETECTION,1
L,8,3894,DETECTION,src/tracking/advanced_tracker.py:_activate_slot,3894_415_780_796_989
R,CLAMP,CLAMP,0
L,9,3894,DETECTION,src/tracking/advanced_tracker.py:_activate_slot,3894_733_1374_1033_1570
R,CLAMP,CLAMP,0
A,3894
S,1,3897,DETECTION,src/tracking/advanced_tracker.py:_activate_slot,3897_432_786_819_966
S,0,3897,DETECTION,src/tracking/advanced_tracker.py:_activate_slot,3897_241_532_518_666
S,2,3897,DETECTION,src/tracking/advanced_tracker.py:_activate_slot,3897_266_463_535_576
S,9,3897,DETECTION,src/tracking/advanced_tracker.py:_activate_slot,3897_776_1371_1031_1557
S,8,3897,PREDICTION,src/tracking/advanced_tracker.py:kalman_homography,
S,10,3897,PREDICTION,src/tracking/advanced_tracker.py:flow_gapfill_batched,
L,0,3897,DETECTION,src/tracking/advanced_tracker.py:_activate_slot,3897_241_532_518_666
R,CLAMP,CLAMP,0
L,1,3897,DETECTION,src/tracking/advanced_tracker.py:_activate_slot,3897_432_786_819_966
R,CLAMP,CLAMP,0
L,2,3897,DETECTION,src/tracking/advanced_tracker.py:_activate_slot,3897_266_463_535_576
R,DETECTION,DETECTION,1
L,8,3897,PREDICTION,src/tracking/advanced_tracker.py:kalman_homography,
R,CLAMP,CLAMP,0
L,9,3897,DETECTION,src/tracking/advanced_tracker.py:_activate_slot,3897_776_1371_1031_1557
R,CLAMP,CLAMP,0
A,3897
S,1,3900,DETECTION,src/tracking/advanced_tracker.py:_activate_slot,3900_432_786_819_966
S,0,3900,DETECTION,src/tracking/advanced_tracker.py:_activate_slot,3900_241_532_518_666
S,2,3900,DETECTION,src/tracking/advanced_tracker.py:_activate_slot,3900_266_463_535_576
S,9,3900,DETECTION,src/tracking/advanced_tracker.py:_activate_slot,3900_776_1371_1031_1557
S,8,3900,PREDICTION,src/tracking/advanced_tracker.py:kalman_homography,
L,0,3900,DETECTION,src/tracking/advanced_tracker.py:_activate_slot,3900_241_532_518_666
R,CLAMP,CLAMP,0
L,1,3900,DETECTION,src/tracking/advanced_tracker.py:_activate_slot,3900_432_786_819_966
R,CLAMP,CLAMP,0
L,2,3900,DETECTION,src/tracking/advanced_tracker.py:_activate_slot,3900_266_463_535_576
R,DETECTION,SUBPIXEL,0
L,8,3900,PREDICTION,src/tracking/advanced_tracker.py:kalman_homography,
R,CLAMP,CLAMP,0
L,9,3900,DETECTION,src/tracking/advanced_tracker.py:_activate_slot,3900_776_1371_1031_1557
R,CLAMP,CLAMP,0
A,3900
