A,2672
S,10,2675,DETECTION,src/tracking/advanced_tracker.py:_activate_slot,2675_-11_1770_291_1935
A,2675
S,10,2678,PREDICTION,src/tracking/advanced_tracker.py:kalman_homography,
A,2678
S,0,2681,DETECTION,src/tracking/advanced_tracker.py:_activate_slot,2681_-13_1675_306_1912
S,10,2681,PREDICTION,src/tracking/advanced_tracker.py:kalman_homography,
L,0,2681,DETECTION,src/tracking/advanced_tracker.py:_activate_slot,2681_-13_1675_306_1912
R,DETECTION,DETECTION,1
A,2681
S,0,2684,PREDICTION,src/tracking/advanced_tracker.py:kalman_homography,
S,10,2684,PREDICTION,src/tracking/advanced_tracker.py:kalman_homography,
L,0,2684,PREDICTION,src/tracking/advanced_tracker.py:kalman_homography,
R,CLAMP,CLAMP,0
A,2684
S,0,2687,PREDICTION,src/tracking/advanced_tracker.py:kalman_homography,
S,10,2687,PREDICTION,src/tracking/advanced_tracker.py:kalman_homography,
L,0,2687,PREDICTION,src/tracking/advanced_tracker.py:kalman_homography,
R,CLAMP,CLAMP,0
A,2687
S,0,2690,DETECTION,src/tracking/advanced_tracker.py:_activate_slot,2690_-15_1519_349_1807
S,10,2690,PREDICTION,src/tracking/advanced_tracker.py:kalman_homography,
L,0,2690,DETECTION,src/tracking/advanced_tracker.py:_activate_slot,2690_-15_1519_349_1807
R,DETECTION,DETECTION,1
A,2690
S,0,2693,PREDICTION,src/tracking/advanced_tracker.py:kalman_homography,
S,10,2693,PREDICTION,src/tracking/advanced_tracker.py:kalman_homography,
L,0,2693,PREDICTION,src/tracking/advanced_tracker.py:kalman_homography,
R,PREDICTION,PREDICTION,1
A,2693
S,10,2696,PREDICTION,src/tracking/advanced_tracker.py:kalman_homography,
A,2696
A,2699
S,0,2702,PREDICTION,src/tracking/advanced_tracker.py:flow_gapfill_batched,
L,0,2702,PREDICTION,src/tracking/advanced_tracker.py:flow_gapfill_batched,
R,CLAMP,CLAMP,0
A,2702
A,2705
A,2708
A,2711
A,2714
A,2717
A,2720
A,2723
A,2726
A,2729
A,2732
A,2735
S,5,2738,DETECTION,src/tracking/advanced_tracker.py:_activate_slot,2738_543_575_693_712
L,5,2738,DETECTION,src/tracking/advanced_tracker.py:_activate_slot,2738_543_575_693_712
R,DETECTION,DETECTION,1
A,2738
S,5,2741,DETECTION,src/tracking/advanced_tracker.py:_activate_slot,2741_550_563_697_701
S,6,2741,DETECTION,src/tracking/advanced_tracker.py:_activate_slot,2741_495_640_639_754
L,5,2741,DETECTION,src/tracking/advanced_tracker.py:_activate_slot,2741_550_563_697_701
R,DETECTION,DETECTION,1
L,6,2741,DETECTION,src/tracking/advanced_tracker.py:_activate_slot,2741_495_640_639_754
R,DETECTION,DETECTION,1
A,2741
S,6,2744,PREDICTION,src/tracking/advanced_tracker.py:kalman_homography,
S,5,2744,PREDICTION,src/tracking/advanced_tracker.py:flow_gapfill_batched,
L,5,2744,PREDICTION,src/tracking/advanced_tracker.py:flow_gapfill_batched,
R,PREDICTION,PREDICTION,1
L,6,2744,PREDICTION,src/tracking/advanced_tracker.py:kalman_homography,
R,CLAMP,CLAMP,0
A,2744
S,6,2747,PREDICTION,src/tracking/advanced_tracker.py:kalman_homography,
L,6,2747,PREDICTION,src/tracking/advanced_tracker.py:kalman_homography,
R,CLAMP,CLAMP,0
A,2747
S,6,2750,PREDICTION,src/tracking/advanced_tracker.py:kalman_homography,
S,5,2750,PREDICTION,src/tracking/advanced_tracker.py:flow_gapfill_batched,
L,5,2750,PREDICTION,src/tracking/advanced_tracker.py:flow_gapfill_batched,
R,PREDICTION,PREDICTION,1
L,6,2750,PREDICTION,src/tracking/advanced_tracker.py:kalman_homography,
R,CLAMP,CLAMP,0
A,2750
S,6,2753,PREDICTION,src/tracking/advanced_tracker.py:kalman_homography,
S,5,2753,PREDICTION,src/tracking/advanced_tracker.py:flow_gapfill_batched,
L,5,2753,PREDICTION,src/tracking/advanced_tracker.py:flow_gapfill_batched,
R,PREDICTION,PREDICTION,1
L,6,2753,PREDICTION,src/tracking/advanced_tracker.py:kalman_homography,
R,CLAMP,CLAMP,0
A,2753
S,7,2756,DETECTION,src/tracking/advanced_tracker.py:_activate_slot,2756_548_618_688_715
S,6,2756,PREDICTION,src/tracking/advanced_tracker.py:kalman_homography,
S,5,2756,PREDICTION,src/tracking/advanced_tracker.py:flow_gapfill_batched,
D,5,2756
S,6,2756,PREDICTION,src/tracking/advanced_tracker.py:id_merge,
L,6,2756,PREDICTION,src/tracking/advanced_tracker.py:id_merge,
R,CLAMP,CLAMP,0
L,7,2756,DETECTION,src/tracking/advanced_tracker.py:_activate_slot,2756_548_618_688_715
R,DETECTION,DETECTION,1
A,2756
S,6,2759,PREDICTION,src/tracking/advanced_tracker.py:kalman_homography,
S,7,2759,PREDICTION,src/tracking/advanced_tracker.py:flow_gapfill_batched,
L,6,2759,PREDICTION,src/tracking/advanced_tracker.py:kalman_homography,
R,CLAMP,CLAMP,0
L,7,2759,PREDICTION,src/tracking/advanced_tracker.py:flow_gapfill_batched,
R,PREDICTION,PREDICTION,1
A,2759
S,6,2762,PREDICTION,src/tracking/advanced_tracker.py:kalman_homography,
S,5,2762,PREDICTION,src/tracking/advanced_tracker.py:flow_gapfill_batched,
S,7,2762,PREDICTION,src/tracking/advanced_tracker.py:flow_gapfill_batched,
D,5,2762
S,7,2762,PREDICTION,src/tracking/advanced_tracker.py:id_merge,
L,6,2762,PREDICTION,src/tracking/advanced_tracker.py:kalman_homography,
R,CLAMP,CLAMP,0
L,7,2762,PREDICTION,src/tracking/advanced_tracker.py:id_merge,
R,PREDICTION,PREDICTION,1
A,2762
S,7,2765,PREDICTION,src/tracking/advanced_tracker.py:flow_gapfill_batched,
L,7,2765,PREDICTION,src/tracking/advanced_tracker.py:flow_gapfill_batched,
R,CLAMP,CLAMP,0
A,2765
S,7,2768,PREDICTION,src/tracking/advanced_tracker.py:flow_gapfill_batched,
L,7,2768,PREDICTION,src/tracking/advanced_tracker.py:flow_gapfill_batched,
R,CLAMP,CLAMP,0
A,2768
A,2771
A,2774
A,2777
A,2780
S,0,2783,DETECTION,src/tracking/advanced_tracker.py:_activate_slot,2783_-13_1494_346_1935
L,0,2783,DETECTION,src/tracking/advanced_tracker.py:_activate_slot,2783_-13_1494_346_1935
R,DETECTION,DETECTION,1
A,2783
S,5,2786,CLAMP,src/tracking/advanced_tracker.py:_activate_slot,2786_287_578_643_789
S,7,2786,CLAMP,src/tracking/advanced_tracker.py:_activate_slot,2786_12_1761_313_1935
S,0,2786,PREDICTION,src/tracking/advanced_tracker.py:flow_gapfill_batched,
L,0,2786,PREDICTION,src/tracking/advanced_tracker.py:flow_gapfill_batched,
R,CLAMP,CLAMP,0
L,5,2786,CLAMP,src/tracking/advanced_tracker.py:_activate_slot,2786_287_578_643_789
R,CLAMP,CLAMP,0
L,7,2786,CLAMP,src/tracking/advanced_tracker.py:_activate_slot,2786_12_1761_313_1935
R,CLAMP,CLAMP,0
A,2786
S,7,2789,CLAMP,src/tracking/advanced_tracker.py:_activate_slot,2789_18_1653_322_1881
S,5,2789,PREDICTION,src/tracking/advanced_tracker.py:kalman_homography,
L,5,2789,PREDICTION,src/tracking/advanced_tracker.py:kalman_homography,
R,CLAMP,CLAMP,0
L,7,2789,CLAMP,src/tracking/advanced_tracker.py:_activate_slot,2789_18_1653_322_1881
R,CLAMP,CLAMP,0
A,2789
S,7,2792,PREDICTION,src/tracking/advanced_tracker.py:kalman_homography,
L,7,2792,PREDICTION,src/tracking/advanced_tracker.py:kalman_homography,
R,CLAMP,CLAMP,0
A,2792
S,7,2795,PREDICTION,src/tracking/advanced_tracker.py:kalman_homography,
L,7,2795,PREDICTION,src/tracking/advanced_tracker.py:kalman_homography,
R,CLAMP,CLAMP,0
A,2795
S,0,2798,CLAMP,src/tracking/advanced_tracker.py:_activate_slot,2798_337_-15_870_261
S,5,2798,CLAMP,src/tracking/advanced_tracker.py:_activate_slot,2798_511_-15_875_263
S,7,2798,CLAMP,src/tracking/advanced_tracker.py:_activate_slot,2798_11_1620_337_1908
S,1,2798,DETECTION,src/tracking/advanced_tracker.py:_activate_slot,2798_354_411_696_610
L,0,2798,CLAMP,src/tracking/advanced_tracker.py:_activate_slot,2798_337_-15_870_261
R,CLAMP,CLAMP,0
L,1,2798,DETECTION,src/tracking/advanced_tracker.py:_activate_slot,2798_354_411_696_610
R,DETECTION,DETECTION,1
L,5,2798,CLAMP,src/tracking/advanced_tracker.py:_activate_slot,2798_511_-15_875_263
R,CLAMP,CLAMP,0
L,7,2798,CLAMP,src/tracking/advanced_tracker.py:_activate_slot,2798_11_1620_337_1908
R,CLAMP,CLAMP,0
A,2798
S,1,2801,DETECTION,src/tracking/advanced_tracker.py:_activate_slot,2801_339_367_735_585
S,5,2801,CLAMP,src/tracking/advanced_tracker.py:_activate_slot,2801_504_-15_852_210
S,0,2801,PREDICTION,src/tracking/advanced_tracker.py:flow_gapfill_batched,
D,0,2801
S,1,2801,PREDICTION,src/tracking/advanced_tracker.py:id_merge,
L,1,2801,PREDICTION,src/tracking/advanced_tracker.py:id_merge,
R,CLAMP,CLAMP,0
L,5,2801,CLAMP,src/tracking/advanced_tracker.py:_activate_slot,2801_504_-15_852_210
R,CLAMP,CLAMP,0
A,2801
S,5,2804,CLAMP,src/tracking/advanced_tracker.py:_activate_slot,2804_558_-15_827_85
S,1,2804,PREDICTION,src/tracking/advanced_tracker.py:kalman_homography,
S,0,2804,PREDICTION,src/tracking/advanced_tracker.py:flow_gapfill_batched,
S,7,2804,PREDICTION,src/tracking/advanced_tracker.py:flow_gapfill_batched,
L,0,2804,PREDICTION,src/tracking/advanced_tracker.py:flow_gapfill_batched,
R,CLAMP,CLAMP,0
L,1,2804,PREDICTION,src/tracking/advanced_tracker.py:kalman_homography,
R,CLAMP,CLAMP,0
L,5,2804,CLAMP,src/tracking/advanced_tracker.py:_activate_slot,2804_558_-15_827_85
R,CLAMP,CLAMP,0
L,7,2804,PREDICTION,src/tracking/advanced_tracker.py:flow_gapfill_batched,
R,CLAMP,CLAMP,0
A,2804
S,1,2807,PREDICTION,src/tracking/advanced_tracker.py:kalman_homography,
S,0,2807,PREDICTION,src/tracking/advanced_tracker.py:flow_gapfill_batched,
S,5,2807,PREDICTION,src/tracking/advanced_tracker.py:flow_gapfill_batched,
S,7,2807,PREDICTION,src/tracking/advanced_tracker.py:flow_gapfill_batched,
L,0,2807,PREDICTION,src/tracking/advanced_tracker.py:flow_gapfill_batched,
R,CLAMP,CLAMP,0
L,1,2807,PREDICTION,src/tracking/advanced_tracker.py:kalman_homography,
R,CLAMP,CLAMP,0
L,5,2807,PREDICTION,src/tracking/advanced_tracker.py:flow_gapfill_batched,
R,CLAMP,CLAMP,0
L,7,2807,PREDICTION,src/tracking/advanced_tracker.py:flow_gapfill_batched,
R,CLAMP,CLAMP,0
A,2807
S,1,2810,DETECTION,src/tracking/advanced_tracker.py:_activate_slot,2810_370_345_724_573
L,1,2810,DETECTION,src/tracking/advanced_tracker.py:_activate_slot,2810_370_345_724_573
R,CLAMP,CLAMP,0
A,2810
S,1,2813,PREDICTION,src/tracking/advanced_tracker.py:kalman_homography,
S,7,2813,PREDICTION,src/tracking/advanced_tracker.py:kalman_homography,
L,1,2813,PREDICTION,src/tracking/advanced_tracker.py:kalman_homography,
R,CLAMP,CLAMP,0
L,7,2813,PREDICTION,src/tracking/advanced_tracker.py:kalman_homography,
R,CLAMP,CLAMP,0
A,2813
S,1,2816,CLAMP,src/tracking/advanced_tracker.py:_activate_slot,2816_423_295_717_562
S,7,2816,PREDICTION,src/tracking/advanced_tracker.py:kalman_homography,
L,1,2816,CLAMP,src/tracking/advanced_tracker.py:_activate_slot,2816_423_295_717_562
R,CLAMP,CLAMP,0
L,7,2816,PREDICTION,src/tracking/advanced_tracker.py:kalman_homography,
R,CLAMP,CLAMP,0
A,2816
S,2,2819,DETECTION,src/tracking/advanced_tracker.py:_activate_slot,2819_482_482_673_648
S,1,2819,PREDICTION,src/tracking/advanced_tracker.py:kalman_homography,
S,7,2819,PREDICTION,src/tracking/advanced_tracker.py:kalman_homography,
L,1,2819,PREDICTION,src/tracking/advanced_tracker.py:kalman_homography,
R,CLAMP,CLAMP,0
L,2,2819,DETECTION,src/tracking/advanced_tracker.py:_activate_slot,2819_482_482_673_648
R,DETECTION,DETECTION,1
L,7,2819,PREDICTION,src/tracking/advanced_tracker.py:kalman_homography,
R,CLAMP,CLAMP,0
A,2819
S,1,2822,PREDICTION,src/tracking/advanced_tracker.py:kalman_homography,
S,2,2822,PREDICTION,src/tracking/advanced_tracker.py:kalman_homography,
S,0,2822,PREDICTION,src/tracking/advanced_tracker.py:flow_gapfill_batched,
S,5,2822,PREDICTION,src/tracking/advanced_tracker.py:flow_gapfill_batched,
L,0,2822,PREDICTION,src/tracking/advanced_tracker.py:flow_gapfill_batched,
R,CLAMP,CLAMP,0
L,1,2822,PREDICTION,src/tracking/advanced_tracker.py:kalman_homography,
R,CLAMP,CLAMP,0
L,2,2822,PREDICTION,src/tracking/advanced_tracker.py:kalman_homography,
R,CLAMP,CLAMP,0
L,5,2822,PREDICTION,src/tracking/advanced_tracker.py:flow_gapfill_batched,
R,CLAMP,CLAMP,0
A,2822
S,5,2825,CLAMP,src/tracking/advanced_tracker.py:_activate_slot,2825_502_321_750_540
S,1,2825,PREDICTION,src/tracking/advanced_tracker.py:kalman_homography,
S,2,2825,PREDICTION,src/tracking/advanced_tracker.py:kalman_homography,
L,1,2825,PREDICTION,src/tracking/advanced_tracker.py:kalman_homography,
R,CLAMP,CLAMP,0
L,2,2825,PREDICTION,src/tracking/advanced_tracker.py:kalman_homography,
R,CLAMP,CLAMP,0
L,5,2825,CLAMP,src/tracking/advanced_tracker.py:_activate_slot,2825_502_321_750_540
R,CLAMP,CLAMP,0
A,2825
S,0,2828,CLAMP,src/tracking/advanced_tracker.py:_activate_slot,2828_35_1638_329_1929
S,1,2828,DETECTION,src/tracking/advanced_tracker.py:_activate_slot,2828_455_-15_855_239
S,2,2828,PREDICTION,src/tracking/advanced_tracker.py:kalman_homography,
S,5,2828,PREDICTION,src/tracking/advanced_tracker.py:flow_gapfill_batched,
L,0,2828,CLAMP,src/tracking/advanced_tracker.py:_activate_slot,2828_35_1638_329_1929
R,CLAMP,CLAMP,0
L,1,2828,DETECTION,src/tracking/advanced_tracker.py:_activate_slot,2828_455_-15_855_239
R,CLAMP,CLAMP,0
L,2,2828,PREDICTION,src/tracking/advanced_tracker.py:kalman_homography,
R,CLAMP,CLAMP,0
L,5,2828,PREDICTION,src/tracking/advanced_tracker.py:flow_gapfill_batched,
R,PREDICTION,PREDICTION,1
A,2828
S,1,2831,DETECTION,src/tracking/advanced_tracker.py:_activate_slot,2831_441_-15_853_198
S,5,2831,DETECTION,src/tracking/advanced_tracker.py:_activate_slot,2831_496_184_780_416
S,2,2831,PREDICTION,src/tracking/advanced_tracker.py:kalman_homography,
S,0,2831,PREDICTION,src/tracking/advanced_tracker.py:flow_gapfill_batched,
L,0,2831,PREDICTION,src/tracking/advanced_tracker.py:flow_gapfill_batched,
R,CLAMP,CLAMP,0
L,1,2831,DETECTION,src/tracking/advanced_tracker.py:_activate_slot,2831_441_-15_853_198
R,CLAMP,CLAMP,0
L,2,2831,PREDICTION,src/tracking/advanced_tracker.py:kalman_homography,
R,CLAMP,CLAMP,0
L,5,2831,DETECTION,src/tracking/advanced_tracker.py:_activate_slot,2831_496_184_780_416
R,CLAMP,CLAMP,0
A,2831
S,5,2834,DETECTION,src/tracking/advanced_tracker.py:_activate_slot,2834_505_87_801_327
S,1,2834,PREDICTION,src/tracking/advanced_tracker.py:kalman_homography,
S,2,2834,PREDICTION,src/tracking/advanced_tracker.py:kalman_homography,
S,0,2834,PREDICTION,src/tracking/advanced_tracker.py:flow_gapfill_batched,
L,0,2834,PREDICTION,src/tracking/advanced_tracker.py:flow_gapfill_batched,
R,CLAMP,CLAMP,0
L,1,2834,PREDICTION,src/tracking/advanced_tracker.py:kalman_homography,
R,CLAMP,CLAMP,0
L,2,2834,PREDICTION,src/tracking/advanced_tracker.py:kalman_homography,
R,CLAMP,CLAMP,0
L,5,2834,DETECTION,src/tracking/advanced_tracker.py:_activate_slot,2834_505_87_801_327
R,CLAMP,CLAMP,0
A,2834
S,5,2837,CLAMP,src/tracking/advanced_tracker.py:_activate_slot,2837_516_30_778_271
S,2,2837,PREDICTION,src/tracking/advanced_tracker.py:kalman_homography,
S,1,2837,PREDICTION,src/tracking/advanced_tracker.py:flow_gapfill_batched,
L,1,2837,PREDICTION,src/tracking/advanced_tracker.py:flow_gapfill_batched,
R,CLAMP,CLAMP,0
L,2,2837,PREDICTION,src/tracking/advanced_tracker.py:kalman_homography,
R,CLAMP,CLAMP,0
L,5,2837,CLAMP,src/tracking/advanced_tracker.py:_activate_slot,2837_516_30_778_271
R,CLAMP,CLAMP,0
A,2837
S,2,2840,PREDICTION,src/tracking/advanced_tracker.py:kalman_homography,
S,5,2840,PREDICTION,src/tracking/advanced_tracker.py:kalman_homography,
S,1,2840,PREDICTION,src/tracking/advanced_tracker.py:flow_gapfill_batched,
L,1,2840,PREDICTION,src/tracking/advanced_tracker.py:flow_gapfill_batched,
R,CLAMP,CLAMP,0
L,2,2840,PREDICTION,src/tracking/advanced_tracker.py:kalman_homography,
R,CLAMP,CLAMP,0
L,5,2840,PREDICTION,src/tracking/advanced_tracker.py:kalman_homography,
R,CLAMP,CLAMP,0
A,2840
A,2843
A,2846
A,2849
A,2942
S,5,2945,CLAMP,src/tracking/advanced_tracker.py:_activate_slot,2945_595_-10_875_230
S,1,2945,PREDICTION,src/tracking/advanced_tracker.py:flow_gapfill_batched,
L,1,2945,PREDICTION,src/tracking/advanced_tracker.py:flow_gapfill_batched,
R,CLAMP,CLAMP,0
L,5,2945,CLAMP,src/tracking/advanced_tracker.py:_activate_slot,2945_595_-10_875_230
R,CLAMP,CLAMP,0
A,2945
S,5,2948,CLAMP,src/tracking/advanced_tracker.py:_activate_slot,2948_615_-15_873_201
S,3,2948,DETECTION,src/tracking/advanced_tracker.py:_activate_slot,2948_498_800_618_927
L,3,2948,DETECTION,src/tracking/advanced_tracker.py:_activate_slot,2948_498_800_618_927
R,DETECTION,DETECTION,1
L,5,2948,CLAMP,src/tracking/advanced_tracker.py:_activate_slot,2948_615_-15_873_201
R,CLAMP,CLAMP,0
A,2948
S,2,2951,DETECTION,src/tracking/advanced_tracker.py:_activate_slot,2951_502_419_709_579
L,2,2951,DETECTION,src/tracking/advanced_tracker.py:_activate_slot,2951_502_419_709_579
R,CLAMP,CLAMP,0
A,2951
S,2,2954,PREDICTION,src/tracking/advanced_tracker.py:kalman_homography,
S,3,2954,PREDICTION,src/tracking/advanced_tracker.py:flow_gapfill_batched,
L,2,2954,PREDICTION,src/tracking/advanced_tracker.py:kalman_homography,
R,CLAMP,CLAMP,0
L,3,2954,PREDICTION,src/tracking/advanced_tracker.py:flow_gapfill_batched,
R,PREDICTION,PREDICTION,1
A,2954
S,2,2957,PREDICTION,src/tracking/advanced_tracker.py:kalman_homography,
L,2,2957,PREDICTION,src/tracking/advanced_tracker.py:kalman_homography,
R,CLAMP,CLAMP,0
A,2957
S,2,2960,PREDICTION,src/tracking/advanced_tracker.py:kalman_homography,
S,3,2960,PREDICTION,src/tracking/advanced_tracker.py:flow_gapfill_batched,
L,2,2960,PREDICTION,src/tracking/advanced_tracker.py:kalman_homography,
R,CLAMP,CLAMP,0
L,3,2960,PREDICTION,src/tracking/advanced_tracker.py:flow_gapfill_batched,
R,PREDICTION,PREDICTION,1
A,2960
S,2,2963,PREDICTION,src/tracking/advanced_tracker.py:kalman_homography,
S,3,2963,PREDICTION,src/tracking/advanced_tracker.py:flow_gapfill_batched,
L,2,2963,PREDICTION,src/tracking/advanced_tracker.py:kalman_homography,
R,CLAMP,CLAMP,0
L,3,2963,PREDICTION,src/tracking/advanced_tracker.py:flow_gapfill_batched,
R,CLAMP,CLAMP,0
A,2963
S,2,2966,PREDICTION,src/tracking/advanced_tracker.py:kalman_homography,
S,3,2966,PREDICTION,src/tracking/advanced_tracker.py:flow_gapfill_batched,
L,2,2966,PREDICTION,src/tracking/advanced_tracker.py:kalman_homography,
R,CLAMP,CLAMP,0
L,3,2966,PREDICTION,src/tracking/advanced_tracker.py:flow_gapfill_batched,
R,CLAMP,CLAMP,0
A,2966
S,2,2969,PREDICTION,src/tracking/advanced_tracker.py:kalman_homography,
S,3,2969,PREDICTION,src/tracking/advanced_tracker.py:flow_gapfill_batched,
L,2,2969,PREDICTION,src/tracking/advanced_tracker.py:kalman_homography,
R,CLAMP,CLAMP,0
L,3,2969,PREDICTION,src/tracking/advanced_tracker.py:flow_gapfill_batched,
R,PREDICTION,PREDICTION,1
A,2969
S,5,2972,DETECTION,src/tracking/advanced_tracker.py:_activate_slot,2972_501_534_665_667
S,2,2972,PREDICTION,src/tracking/advanced_tracker.py:kalman_homography,
L,2,2972,PREDICTION,src/tracking/advanced_tracker.py:kalman_homography,
R,CLAMP,CLAMP,0
L,5,2972,DETECTION,src/tracking/advanced_tracker.py:_activate_slot,2972_501_534_665_667
R,CLAMP,CLAMP,0
A,2972
S,2,2975,CLAMP,src/tracking/advanced_tracker.py:_activate_slot,2975_434_600_633_778
S,5,2975,PREDICTION,src/tracking/advanced_tracker.py:kalman_homography,
L,2,2975,CLAMP,src/tracking/advanced_tracker.py:_activate_slot,2975_434_600_633_778
R,CLAMP,CLAMP,0
L,5,2975,PREDICTION,src/tracking/advanced_tracker.py:kalman_homography,
R,PREDICTION,PREDICTION,1
A,2975
S,2,2978,PREDICTION,src/tracking/advanced_tracker.py:kalman_homography,
S,5,2978,PREDICTION,src/tracking/advanced_tracker.py:kalman_homography,
L,2,2978,PREDICTION,src/tracking/advanced_tracker.py:kalman_homography,
R,CLAMP,CLAMP,0
L,5,2978,PREDICTION,src/tracking/advanced_tracker.py:kalman_homography,
R,PREDICTION,PREDICTION,1
A,2978
S,2,2981,PREDICTION,src/tracking/advanced_tracker.py:kalman_homography,
S,5,2981,PREDICTION,src/tracking/advanced_tracker.py:kalman_homography,
L,2,2981,PREDICTION,src/tracking/advanced_tracker.py:kalman_homography,
R,CLAMP,CLAMP,0
L,5,2981,PREDICTION,src/tracking/advanced_tracker.py:kalman_homography,
R,PREDICTION,PREDICTION,1
A,2981
S,2,2984,PREDICTION,src/tracking/advanced_tracker.py:kalman_homography,
S,5,2984,PREDICTION,src/tracking/advanced_tracker.py:kalman_homography,
L,2,2984,PREDICTION,src/tracking/advanced_tracker.py:kalman_homography,
R,CLAMP,CLAMP,0
L,5,2984,PREDICTION,src/tracking/advanced_tracker.py:kalman_homography,
R,CLAMP,CLAMP,0
A,2984
S,2,2987,PREDICTION,src/tracking/advanced_tracker.py:kalman_homography,
L,2,2987,PREDICTION,src/tracking/advanced_tracker.py:kalman_homography,
R,CLAMP,CLAMP,0
A,2987
A,2990
A,2993
A,2996
A,2999
A,3002
A,3005
A,3008
A,3011
A,3014
A,3017
A,3020
A,3023
S,0,3026,DETECTION,src/tracking/advanced_tracker.py:_activate_slot,3026_603_290_771_430
L,0,3026,DETECTION,src/tracking/advanced_tracker.py:_activate_slot,3026_603_290_771_430
R,CLAMP,CLAMP,0
A,3026
S,0,3029,CLAMP,src/tracking/advanced_tracker.py:_activate_slot,3029_582_241_748_379
L,0,3029,CLAMP,src/tracking/advanced_tracker.py:_activate_slot,3029_582_241_748_379
R,CLAMP,CLAMP,0
A,3029
S,0,3032,PREDICTION,src/tracking/advanced_tracker.py:kalman_homography,
L,0,3032,PREDICTION,src/tracking/advanced_tracker.py:kalman_homography,
R,CLAMP,CLAMP,0
A,3032
S,0,3035,DETECTION,src/tracking/advanced_tracker.py:_activate_slot,3035_491_168_768_332
L,0,3035,DETECTION,src/tracking/advanced_tracker.py:_activate_slot,3035_491_168_768_332
R,CLAMP,CLAMP,0
A,3035
S,2,3038,DETECTION,src/tracking/advanced_tracker.py:_activate_slot,3038_402_498_672_670
S,0,3038,PREDICTION,src/tracking/advanced_tracker.py:flow_gapfill_batched,
L,0,3038,PREDICTION,src/tracking/advanced_tracker.py:flow_gapfill_batched,
R,CLAMP,CLAMP,0
L,2,3038,DETECTION,src/tracking/advanced_tracker.py:_activate_slot,3038_402_498_672_670
R,DETECTION,DETECTION,1
A,3038
S,2,3041,PREDICTION,src/tracking/advanced_tracker.py:kalman_homography,
L,2,3041,PREDICTION,src/tracking/advanced_tracker.py:kalman_homography,
R,CLAMP,CLAMP,0
A,3041
S,2,3044,PREDICTION,src/tracking/advanced_tracker.py:kalman_homography,
S,0,3044,PREDICTION,src/tracking/advanced_tracker.py:flow_gapfill_batched,
L,0,3044,PREDICTION,src/tracking/advanced_tracker.py:flow_gapfill_batched,
R,CLAMP,CLAMP,0
L,2,3044,PREDICTION,src/tracking/advanced_tracker.py:kalman_homography,
R,CLAMP,CLAMP,0
A,3044
S,2,3047,PREDICTION,src/tracking/advanced_tracker.py:kalman_homography,
S,0,3047,PREDICTION,src/tracking/advanced_tracker.py:flow_gapfill_batched,
L,0,3047,PREDICTION,src/tracking/advanced_tracker.py:flow_gapfill_batched,
R,CLAMP,CLAMP,0
L,2,3047,PREDICTION,src/tracking/advanced_tracker.py:kalman_homography,
R,CLAMP,CLAMP,0
A,3047
S,2,3050,CLAMP,src/tracking/advanced_tracker.py:_activate_slot,3050_187_1502_378_1659
S,0,3050,PREDICTION,src/tracking/advanced_tracker.py:flow_gapfill_batched,
L,0,3050,PREDICTION,src/tracking/advanced_tracker.py:flow_gapfill_batched,
R,CLAMP,CLAMP,0
L,2,3050,CLAMP,src/tracking/advanced_tracker.py:_activate_slot,3050_187_1502_378_1659
R,CLAMP,CLAMP,0
A,3050
A,3053
A,3056
A,3059
