S,0,468,DETECTION,src/tracking/advanced_tracker.py:_activate_slot,468_-9_1247_1017_1926
S,1,468,DETECTION,src/tracking/advanced_tracker.py:_activate_slot,468_-15_714_870_1315
S,2,468,DETECTION,src/tracking/advanced_tracker.py:_activate_slot,468_-15_1722_1020_1935
S,3,468,DETECTION,src/tracking/advanced_tracker.py:_activate_slot,468_-15_1713_504_1935
D,0,468
S,1,468,PREDICTION,src/tracking/advanced_tracker.py:id_merge,
D,1,468
S,2,468,PREDICTION,src/tracking/advanced_tracker.py:id_merge,
L,2,468,PREDICTION,src/tracking/advanced_tracker.py:id_merge,
R,PREDICTION,PREDICTION,1
L,3,468,DETECTION,src/tracking/advanced_tracker.py:_activate_slot,468_-15_1713_504_1935
R,DETECTION,DETECTION,1
A,468
S,4,471,DETECTION,src/tracking/advanced_tracker.py:_activate_slot,471_-13_1320_1019_1935
S,0,471,PREDICTION,src/tracking/advanced_tracker.py:kalman_homography,
S,1,471,PREDICTION,src/tracking/advanced_tracker.py:kalman_homography,
S,3,471,PREDICTION,src/tracking/advanced_tracker.py:kalman_homography,
D,0,471
S,1,471,PREDICTION,src/tracking/advanced_tracker.py:id_merge,
D,1,471
S,4,471,PREDICTION,src/tracking/advanced_tracker.py:id_merge,
L,3,471,PREDICTION,src/tracking/advanced_tracker.py:kalman_homography,
R,PREDICTION,PREDICTION,1
L,4,471,PREDICTION,src/tracking/advanced_tracker.py:id_merge,
R,PREDICTION,PREDICTION,1
A,471
S,0,474,PREDICTION,src/tracking/advanced_tracker.py:kalman_homography,
S,1,474,PREDICTION,src/tracking/advanced_tracker.py:kalman_homography,
S,3,474,PREDICTION,src/tracking/advanced_tracker.py:kalman_homography,
S,4,474,PREDICTION,src/tracking/advanced_tracker.py:kalman_homography,
D,0,474
S,1,474,PREDICTION,src/tracking/advanced_tracker.py:id_merge,
D,1,474
S,4,474,PREDICTION,src/tracking/advanced_tracker.py:id_merge,
L,3,474,PREDICTION,src/tracking/advanced_tracker.py:kalman_homography,
R,PREDICTION,SUBPIXEL,0
L,4,474,PREDICTION,src/tracking/advanced_tracker.py:id_merge,
R,PREDICTION,PREDICTION,1
A,474
S,4,477,DETECTION,src/tracking/advanced_tracker.py:_activate_slot,477_-12_1359_915_1785
S,0,477,PREDICTION,src/tracking/advanced_tracker.py:kalman_homography,
S,1,477,PREDICTION,src/tracking/advanced_tracker.py:kalman_homography,
S,3,477,PREDICTION,src/tracking/advanced_tracker.py:kalman_homography,
D,0,477
S,1,477,PREDICTION,src/tracking/advanced_tracker.py:id_merge,
D,1,477
S,4,477,PREDICTION,src/tracking/advanced_tracker.py:id_merge,
L,3,477,PREDICTION,src/tracking/advanced_tracker.py:kalman_homography,
R,PREDICTION,SUBPIXEL,0
L,4,477,PREDICTION,src/tracking/advanced_tracker.py:id_merge,
R,PREDICTION,PREDICTION,1
A,477
S,0,480,PREDICTION,src/tracking/advanced_tracker.py:kalman_homography,
S,1,480,PREDICTION,src/tracking/advanced_tracker.py:kalman_homography,
S,3,480,PREDICTION,src/tracking/advanced_tracker.py:kalman_homography,
S,4,480,PREDICTION,src/tracking/advanced_tracker.py:kalman_homography,
D,0,480
S,1,480,PREDICTION,src/tracking/advanced_tracker.py:id_merge,
D,1,480
S,4,480,PREDICTION,src/tracking/advanced_tracker.py:id_merge,
L,3,480,PREDICTION,src/tracking/advanced_tracker.py:kalman_homography,
R,PREDICTION,SUBPIXEL,0
L,4,480,PREDICTION,src/tracking/advanced_tracker.py:id_merge,
R,PREDICTION,PREDICTION,1
A,480
S,0,483,PREDICTION,src/tracking/advanced_tracker.py:kalman_homography,
S,1,483,PREDICTION,src/tracking/advanced_tracker.py:kalman_homography,
S,3,483,PREDICTION,src/tracking/advanced_tracker.py:kalman_homography,
S,4,483,PREDICTION,src/tracking/advanced_tracker.py:kalman_homography,
D,0,483
S,1,483,PREDICTION,src/tracking/advanced_tracker.py:id_merge,
D,1,483
S,4,483,PREDICTION,src/tracking/advanced_tracker.py:id_merge,
L,3,483,PREDICTION,src/tracking/advanced_tracker.py:kalman_homography,
R,PREDICTION,SUBPIXEL,0
L,4,483,PREDICTION,src/tracking/advanced_tracker.py:id_merge,
R,PREDICTION,PREDICTION,1
A,483
S,0,486,PREDICTION,src/tracking/advanced_tracker.py:kalman_homography,
S,1,486,PREDICTION,src/tracking/advanced_tracker.py:kalman_homography,
S,3,486,PREDICTION,src/tracking/advanced_tracker.py:kalman_homography,
S,4,486,PREDICTION,src/tracking/advanced_tracker.py:kalman_homography,
D,0,486
S,1,486,PREDICTION,src/tracking/advanced_tracker.py:id_merge,
L,1,486,PREDICTION,src/tracking/advanced_tracker.py:id_merge,
R,PREDICTION,PREDICTION,1
L,3,486,PREDICTION,src/tracking/advanced_tracker.py:kalman_homography,
R,PREDICTION,SUBPIXEL,0
L,4,486,PREDICTION,src/tracking/advanced_tracker.py:kalman_homography,
R,PREDICTION,PREDICTION,1
A,486
S,0,489,PREDICTION,src/tracking/advanced_tracker.py:kalman_homography,
S,1,489,PREDICTION,src/tracking/advanced_tracker.py:kalman_homography,
S,3,489,PREDICTION,src/tracking/advanced_tracker.py:kalman_homography,
S,4,489,PREDICTION,src/tracking/advanced_tracker.py:kalman_homography,
D,0,489
S,1,489,PREDICTION,src/tracking/advanced_tracker.py:id_merge,
L,1,489,PREDICTION,src/tracking/advanced_tracker.py:id_merge,
R,PREDICTION,SUBPIXEL,0
L,3,489,PREDICTION,src/tracking/advanced_tracker.py:kalman_homography,
R,PREDICTION,SUBPIXEL,0
L,4,489,PREDICTION,src/tracking/advanced_tracker.py:kalman_homography,
R,PREDICTION,PREDICTION,1
A,489
S,4,492,PREDICTION,src/tracking/advanced_tracker.py:kalman_homography,
S,1,492,PREDICTION,src/tracking/advanced_tracker.py:flow_gapfill_batched,
L,1,492,PREDICTION,src/tracking/advanced_tracker.py:flow_gapfill_batched,
R,PREDICTION,PREDICTION,1
L,4,492,PREDICTION,src/tracking/advanced_tracker.py:kalman_homography,
R,PREDICTION,PREDICTION,1
A,492
S,1,495,DETECTION,src/tracking/advanced_tracker.py:_activate_slot,495_-10_964_843_1528
S,4,495,PREDICTION,src/tracking/advanced_tracker.py:kalman_homography,
D,4,495
S,1,495,PREDICTION,src/tracking/advanced_tracker.py:id_merge,
L,1,495,PREDICTION,src/tracking/advanced_tracker.py:id_merge,
R,PREDICTION,PREDICTION,1
A,495
S,1,498,PREDICTION,src/tracking/advanced_tracker.py:kalman_homography,
S,4,498,PREDICTION,src/tracking/advanced_tracker.py:kalman_homography,
D,4,498
S,1,498,PREDICTION,src/tracking/advanced_tracker.py:id_merge,
L,1,498,PREDICTION,src/tracking/advanced_tracker.py:id_merge,
R,PREDICTION,PREDICTION,1
A,498
S,1,501,PREDICTION,src/tracking/advanced_tracker.py:kalman_homography,
S,4,501,PREDICTION,src/tracking/advanced_tracker.py:flow_gapfill_batched,
D,4,501
S,1,501,PREDICTION,src/tracking/advanced_tracker.py:id_merge,
L,1,501,PREDICTION,src/tracking/advanced_tracker.py:id_merge,
R,PREDICTION,PREDICTION,1
A,501
S,1,504,PREDICTION,src/tracking/advanced_tracker.py:kalman_homography,
L,1,504,PREDICTION,src/tracking/advanced_tracker.py:kalman_homography,
R,PREDICTION,PREDICTION,1
A,504
S,1,507,PREDICTION,src/tracking/advanced_tracker.py:kalman_homography,
L,1,507,PREDICTION,src/tracking/advanced_tracker.py:kalman_homography,
R,PREDICTION,PREDICTION,1
A,507
S,1,510,PREDICTION,src/tracking/advanced_tracker.py:kalman_homography,
L,1,510,PREDICTION,src/tracking/advanced_tracker.py:kalman_homography,
R,PREDICTION,PREDICTION,1
A,510
S,0,513,DETECTION,src/tracking/advanced_tracker.py:_activate_slot,513_9_678_850_1675
S,1,513,PREDICTION,src/tracking/advanced_tracker.py:kalman_homography,
D,1,513
S,0,513,PREDICTION,src/tracking/advanced_tracker.py:id_merge,
L,0,513,PREDICTION,src/tracking/advanced_tracker.py:id_merge,
R,PREDICTION,PREDICTION,1
A,513
S,0,516,DETECTION,src/tracking/advanced_tracker.py:_activate_slot,516_16_685_852_1665
S,1,516,PREDICTION,src/tracking/advanced_tracker.py:kalman_homography,
D,1,516
S,0,516,PREDICTION,src/tracking/advanced_tracker.py:id_merge,
L,0,516,PREDICTION,src/tracking/advanced_tracker.py:id_merge,
R,PREDICTION,PREDICTION,1
A,516
S,0,519,DETECTION,src/tracking/advanced_tracker.py:_activate_slot,519_29_682_849_1653
S,1,519,CLAMP,src/tracking/advanced_tracker.py:_activate_slot,519_-13_1252_383_1785
D,0,519
S,1,519,PREDICTION,src/tracking/advanced_tracker.py:id_merge,
L,1,519,PREDICTION,src/tracking/advanced_tracker.py:id_merge,
R,PREDICTION,SUBPIXEL,0
A,519
S,2,522,DETECTION,src/tracking/advanced_tracker.py:_activate_slot,522_41_663_849_1605
S,1,522,CLAMP,src/tracking/advanced_tracker.py:_activate_slot,522_-15_1594_413_1840
S,0,522,PREDICTION,src/tracking/advanced_tracker.py:kalman_homography,
D,0,522
S,1,522,PREDICTION,src/tracking/advanced_tracker.py:id_merge,
D,1,522
S,2,522,PREDICTION,src/tracking/advanced_tracker.py:id_merge,
L,2,522,PREDICTION,src/tracking/advanced_tracker.py:id_merge,
R,PREDICTION,PREDICTION,1
A,522
S,3,525,DETECTION,src/tracking/advanced_tracker.py:_activate_slot,525_45_633_851_1570
S,4,525,DETECTION,src/tracking/advanced_tracker.py:_activate_slot,525_-8_1356_447_1866
S,1,525,CLAMP,src/tracking/advanced_tracker.py:_activate_slot,525_-15_1635_448_1884
S,0,525,PREDICTION,src/tracking/advanced_tracker.py:kalman_homography,
S,2,525,PREDICTION,src/tracking/advanced_tracker.py:kalman_homography,
D,0,525
S,1,525,PREDICTION,src/tracking/advanced_tracker.py:id_merge,
D,2,525
S,1,525,PREDICTION,src/tracking/advanced_tracker.py:id_merge,
D,1,525
S,3,525,PREDICTION,src/tracking/advanced_tracker.py:id_merge,
L,3,525,PREDICTION,src/tracking/advanced_tracker.py:id_merge,
R,CLAMP,CLAMP,0
L,4,525,DETECTION,src/tracking/advanced_tracker.py:_activate_slot,525_-8_1356_447_1866
R,CLAMP,CLAMP,0
A,525
S,0,528,PREDICTION,src/tracking/advanced_tracker.py:kalman_homography,
S,1,528,PREDICTION,src/tracking/advanced_tracker.py:kalman_homography,
S,2,528,PREDICTION,src/tracking/advanced_tracker.py:kalman_homography,
S,3,528,PREDICTION,src/tracking/advanced_tracker.py:kalman_homography,
S,4,528,PREDICTION,src/tracking/advanced_tracker.py:kalman_homography,
D,0,528
S,2,528,PREDICTION,src/tracking/advanced_tracker.py:id_merge,
D,1,528
S,4,528,PREDICTION,src/tracking/advanced_tracker.py:id_merge,
D,2,528
S,3,528,PREDICTION,src/tracking/advanced_tracker.py:id_merge,
L,3,528,PREDICTION,src/tracking/advanced_tracker.py:id_merge,
R,CLAMP,CLAMP,0
L,4,528,PREDICTION,src/tracking/advanced_tracker.py:id_merge,
R,CLAMP,CLAMP,0
A,528
S,0,531,PREDICTION,src/tracking/advanced_tracker.py:kalman_homography,
S,2,531,PREDICTION,src/tracking/advanced_tracker.py:kalman_homography,
S,3,531,PREDICTION,src/tracking/advanced_tracker.py:kalman_homography,
S,4,531,PREDICTION,src/tracking/advanced_tracker.py:kalman_homography,
S,1,531,PREDICTION,src/tracking/advanced_tracker.py:flow_gapfill_batched,
D,0,531
S,2,531,PREDICTION,src/tracking/advanced_tracker.py:id_merge,
D,1,531
S,4,531,PREDICTION,src/tracking/advanced_tracker.py:id_merge,
D,2,531
S,3,531,PREDICTION,src/tracking/advanced_tracker.py:id_merge,
L,3,531,PREDICTION,src/tracking/advanced_tracker.py:id_merge,
R,CLAMP,CLAMP,0
L,4,531,PREDICTION,src/tracking/advanced_tracker.py:id_merge,
R,CLAMP,CLAMP,0
A,531
S,0,534,PREDICTION,src/tracking/advanced_tracker.py:kalman_homography,
S,2,534,PREDICTION,src/tracking/advanced_tracker.py:kalman_homography,
S,3,534,PREDICTION,src/tracking/advanced_tracker.py:kalman_homography,
S,4,534,PREDICTION,src/tracking/advanced_tracker.py:kalman_homography,
D,0,534
S,2,534,PREDICTION,src/tracking/advanced_tracker.py:id_merge,
D,2,534
S,3,534,PREDICTION,src/tracking/advanced_tracker.py:id_merge,
L,3,534,PREDICTION,src/tracking/advanced_tracker.py:id_merge,
R,CLAMP,CLAMP,0
L,4,534,PREDICTION,src/tracking/advanced_tracker.py:kalman_homography,
R,CLAMP,CLAMP,0
A,534
S,0,537,PREDICTION,src/tracking/advanced_tracker.py:kalman_homography,
S,2,537,PREDICTION,src/tracking/advanced_tracker.py:kalman_homography,
S,3,537,PREDICTION,src/tracking/advanced_tracker.py:kalman_homography,
S,4,537,PREDICTION,src/tracking/advanced_tracker.py:kalman_homography,
D,0,537
S,2,537,PREDICTION,src/tracking/advanced_tracker.py:id_merge,
D,2,537
S,3,537,PREDICTION,src/tracking/advanced_tracker.py:id_merge,
L,3,537,PREDICTION,src/tracking/advanced_tracker.py:id_merge,
R,CLAMP,CLAMP,0
L,4,537,PREDICTION,src/tracking/advanced_tracker.py:kalman_homography,
R,CLAMP,CLAMP,0
A,537
S,4,540,DETECTION,src/tracking/advanced_tracker.py:_activate_slot,540_-14_1669_534_1930
S,0,540,PREDICTION,src/tracking/advanced_tracker.py:kalman_homography,
S,2,540,PREDICTION,src/tracking/advanced_tracker.py:kalman_homography,
S,3,540,PREDICTION,src/tracking/advanced_tracker.py:kalman_homography,
S,1,540,PREDICTION,src/tracking/advanced_tracker.py:flow_gapfill_batched,
D,0,540
S,2,540,PREDICTION,src/tracking/advanced_tracker.py:id_merge,
D,2,540
S,3,540,PREDICTION,src/tracking/advanced_tracker.py:id_merge,
L,1,540,PREDICTION,src/tracking/advanced_tracker.py:flow_gapfill_batched,
R,CLAMP,CLAMP,0
L,3,540,PREDICTION,src/tracking/advanced_tracker.py:id_merge,
R,CLAMP,CLAMP,0
L,4,540,DETECTION,src/tracking/advanced_tracker.py:_activate_slot,540_-14_1669_534_1930
R,CLAMP,CLAMP,0
A,540
S,2,543,PREDICTION,src/tracking/advanced_tracker.py:kalman_homography,
S,3,543,PREDICTION,src/tracking/advanced_tracker.py:kalman_homography,
S,4,543,PREDICTION,src/tracking/advanced_tracker.py:kalman_homography,
S,0,543,PREDICTION,src/tracking/advanced_tracker.py:flow_gapfill_batched,
S,1,543,PREDICTION,src/tracking/advanced_tracker.py:flow_gapfill_batched,
D,0,543
S,2,543,PREDICTION,src/tracking/advanced_tracker.py:id_merge,
D,2,543
S,3,543,PREDICTION,src/tracking/advanced_tracker.py:id_merge,
L,1,543,PREDICTION,src/tracking/advanced_tracker.py:flow_gapfill_batched,
R,CLAMP,CLAMP,0
L,3,543,PREDICTION,src/tracking/advanced_tracker.py:id_merge,
R,CLAMP,CLAMP,0
L,4,543,PREDICTION,src/tracking/advanced_tracker.py:kalman_homography,
R,CLAMP,CLAMP,0
A,543
S,3,546,PREDICTION,src/tracking/advanced_tracker.py:kalman_homography,
S,4,546,PREDICTION,src/tracking/advanced_tracker.py:kalman_homography,
S,1,546,PREDICTION,src/tracking/advanced_tracker.py:flow_gapfill_batched,
S,2,546,PREDICTION,src/tracking/advanced_tracker.py:flow_gapfill_batched,
D,2,546
S,3,546,PREDICTION,src/tracking/advanced_tracker.py:id_merge,
L,1,546,PREDICTION,src/tracking/advanced_tracker.py:flow_gapfill_batched,
R,CLAMP,CLAMP,0
L,3,546,PREDICTION,src/tracking/advanced_tracker.py:id_merge,
R,CLAMP,CLAMP,0
L,4,546,PREDICTION,src/tracking/advanced_tracker.py:kalman_homography,
R,CLAMP,CLAMP,0
A,546
S,4,549,PREDICTION,src/tracking/advanced_tracker.py:kalman_homography,
S,1,549,PREDICTION,src/tracking/advanced_tracker.py:flow_gapfill_batched,
S,3,549,PREDICTION,src/tracking/advanced_tracker.py:flow_gapfill_batched,
L,1,549,PREDICTION,src/tracking/advanced_tracker.py:flow_gapfill_batched,
R,CLAMP,CLAMP,0
L,3,549,PREDICTION,src/tracking/advanced_tracker.py:flow_gapfill_batched,
R,CLAMP,CLAMP,0
L,4,549,PREDICTION,src/tracking/advanced_tracker.py:kalman_homography,
R,CLAMP,CLAMP,0
A,549
A,552
A,555
S,4,558,PREDICTION,src/tracking/advanced_tracker.py:flow_gapfill_batched,
L,4,558,PREDICTION,src/tracking/advanced_tracker.py:flow_gapfill_batched,
R,CLAMP,CLAMP,0
A,558
S,4,561,PREDICTION,src/tracking/advanced_tracker.py:flow_gapfill_batched,
L,4,561,PREDICTION,src/tracking/advanced_tracker.py:flow_gapfill_batched,
R,CLAMP,CLAMP,0
A,561
S,0,564,DETECTION,src/tracking/advanced_tracker.py:_activate_slot,564_-9_793_849_1548
S,4,564,PREDICTION,src/tracking/advanced_tracker.py:flow_gapfill_batched,
L,0,564,DETECTION,src/tracking/advanced_tracker.py:_activate_slot,564_-9_793_849_1548
R,DETECTION,DETECTION,1
L,4,564,PREDICTION,src/tracking/advanced_tracker.py:flow_gapfill_batched,
R,CLAMP,CLAMP,0
A,564
S,0,567,DETECTION,src/tracking/advanced_tracker.py:_activate_slot,567_-8_780_853_1569
S,2,567,DETECTION,src/tracking/advanced_tracker.py:_activate_slot,567_-15_640_495_916
L,0,567,DETECTION,src/tracking/advanced_tracker.py:_activate_slot,567_-8_780_853_1569
R,DETECTION,DETECTION,1
L,2,567,DETECTION,src/tracking/advanced_tracker.py:_activate_slot,567_-15_640_495_916
R,CLAMP,CLAMP,0
A,567
S,0,570,DETECTION,src/tracking/advanced_tracker.py:_activate_slot,570_-12_772_856_1543
S,2,570,DETECTION,src/tracking/advanced_tracker.py:_activate_slot,570_-15_642_498_918
L,0,570,DETECTION,src/tracking/advanced_tracker.py:_activate_slot,570_-12_772_856_1543
R,DETECTION,DETECTION,1
L,2,570,DETECTION,src/tracking/advanced_tracker.py:_activate_slot,570_-15_642_498_918
R,CLAMP,CLAMP,0
A,570
S,1,573,DETECTION,src/tracking/advanced_tracker.py:_activate_slot,573_-11_1255_587_1737
S,2,573,DETECTION,src/tracking/advanced_tracker.py:_activate_slot,573_-10_739_855_1467
S,0,573,PREDICTION,src/tracking/advanced_tracker.py:kalman_homography,
D,0,573
S,2,573,PREDICTION,src/tracking/advanced_tracker.py:id_merge,
L,1,573,DETECTION,src/tracking/advanced_tracker.py:_activate_slot,573_-11_1255_587_1737
R,CLAMP,CLAMP,0
L,2,573,PREDICTION,src/tracking/advanced_tracker.py:id_merge,
R,PREDICTION,PREDICTION,1
A,573
S,3,576,DETECTION,src/tracking/advanced_tracker.py:_activate_slot,576_-13_688_855_1345
S,0,576,PREDICTION,src/tracking/advanced_tracker.py:kalman_homography,
S,1,576,PREDICTION,src/tracking/advanced_tracker.py:kalman_homography,
S,2,576,PREDICTION,src/tracking/advanced_tracker.py:kalman_homography,
D,0,576
S,2,576,PREDICTION,src/tracking/advanced_tracker.py:id_merge,
D,2,576
S,3,576,PREDICTION,src/tracking/advanced_tracker.py:id_merge,
L,1,576,PREDICTION,src/tracking/advanced_tracker.py:kalman_homography,
R,CLAMP,CLAMP,0
L,3,576,PREDICTION,src/tracking/advanced_tracker.py:id_merge,
R,CLAMP,CLAMP,0
A,576
S,1,579,DETECTION,src/tracking/advanced_tracker.py:_activate_slot,579_-13_1254_604_1764
S,0,579,PREDICTION,src/tracking/advanced_tracker.py:kalman_homography,
S,2,579,PREDICTION,src/tracking/advanced_tracker.py:kalman_homography,
S,3,579,PREDICTION,src/tracking/advanced_tracker.py:kalman_homography,
D,0,579
S,2,579,PREDICTION,src/tracking/advanced_tracker.py:id_merge,
D,2,579
S,3,579,PREDICTION,src/tracking/advanced_tracker.py:id_merge,
L,1,579,DETECTION,src/tracking/advanced_tracker.py:_activate_slot,579_-13_1254_604_1764
R,CLAMP,CLAMP,0
L,3,579,PREDICTION,src/tracking/advanced_tracker.py:id_merge,
R,CLAMP,CLAMP,0
A,579
S,0,582,PREDICTION,src/tracking/advanced_tracker.py:kalman_homography,
S,1,582,PREDICTION,src/tracking/advanced_tracker.py:kalman_homography,
S,3,582,PREDICTION,src/tracking/advanced_tracker.py:kalman_homography,
S,2,582,PREDICTION,src/tracking/advanced_tracker.py:flow_gapfill_batched,
D,0,582
S,2,582,PREDICTION,src/tracking/advanced_tracker.py:id_merge,
D,2,582
S,3,582,PREDICTION,src/tracking/advanced_tracker.py:id_merge,
L,1,582,PREDICTION,src/tracking/advanced_tracker.py:kalman_homography,
R,CLAMP,CLAMP,0
L,3,582,PREDICTION,src/tracking/advanced_tracker.py:id_merge,
R,CLAMP,CLAMP,0
A,582
S,0,585,PREDICTION,src/tracking/advanced_tracker.py:kalman_homography,
S,1,585,PREDICTION,src/tracking/advanced_tracker.py:kalman_homography,
S,3,585,PREDICTION,src/tracking/advanced_tracker.py:kalman_homography,
D,0,585
S,3,585,PREDICTION,src/tracking/advanced_tracker.py:id_merge,
L,1,585,PREDICTION,src/tracking/advanced_tracker.py:kalman_homography,
R,CLAMP,CLAMP,0
L,3,585,PREDICTION,src/tracking/advanced_tracker.py:id_merge,
R,CLAMP,CLAMP,0
A,585
S,4,588,DETECTION,src/tracking/advanced_tracker.py:_activate_slot,588_0_610_858_1245
S,10,588,DETECTION,src/tracking/advanced_tracker.py:_activate_slot,588_-14_1035_453_1419
S,0,588,PREDICTION,src/tracking/advanced_tracker.py:kalman_homography,
S,1,588,PREDICTION,src/tracking/advanced_tracker.py:kalman_homography,
S,3,588,PREDICTION,src/tracking/advanced_tracker.py:kalman_homography,
S,2,588,PREDICTION,src/tracking/advanced_tracker.py:flow_gapfill_batched,
D,0,588
S,2,588,PREDICTION,src/tracking/advanced_tracker.py:id_merge,
D,2,588
S,3,588,PREDICTION,src/tracking/advanced_tracker.py:id_merge,
D,3,588
S,4,588,PREDICTION,src/tracking/advanced_tracker.py:id_merge,
L,1,588,PREDICTION,src/tracking/advanced_tracker.py:kalman_homography,
R,CLAMP,CLAMP,0
L,4,588,PREDICTION,src/tracking/advanced_tracker.py:id_merge,
R,PREDICTION,PREDICTION,1
A,588
S,0,591,PREDICTION,src/tracking/advanced_tracker.py:kalman_homography,
S,1,591,PREDICTION,src/tracking/advanced_tracker.py:kalman_homography,
S,3,591,PREDICTION,src/tracking/advanced_tracker.py:kalman_homography,
S,4,591,PREDICTION,src/tracking/advanced_tracker.py:kalman_homography,
S,10,591,PREDICTION,src/tracking/advanced_tracker.py:kalman_homography,
S,2,591,PREDICTION,src/tracking/advanced_tracker.py:flow_gapfill_batched,
D,0,591
S,2,591,PREDICTION,src/tracking/advanced_tracker.py:id_merge,
D,2,591
S,3,591,PREDICTION,src/tracking/advanced_tracker.py:id_merge,
D,3,591
S,4,591,PREDICTION,src/tracking/advanced_tracker.py:id_merge,
L,1,591,PREDICTION,src/tracking/advanced_tracker.py:kalman_homography,
R,CLAMP,CLAMP,0
L,4,591,PREDICTION,src/tracking/advanced_tracker.py:id_merge,
R,PREDICTION,PREDICTION,1
A,591
S,1,594,PREDICTION,src/tracking/advanced_tracker.py:kalman_homography,
S,3,594,PREDICTION,src/tracking/advanced_tracker.py:kalman_homography,
S,4,594,PREDICTION,src/tracking/advanced_tracker.py:kalman_homography,
S,10,594,PREDICTION,src/tracking/advanced_tracker.py:kalman_homography,
S,2,594,PREDICTION,src/tracking/advanced_tracker.py:flow_gapfill_batched,
D,2,594
S,3,594,PREDICTION,src/tracking/advanced_tracker.py:id_merge,
D,3,594
S,4,594,PREDICTION,src/tracking/advanced_tracker.py:id_merge,
L,1,594,PREDICTION,src/tracking/advanced_tracker.py:kalman_homography,
R,PREDICTION,PREDICTION,1
L,4,594,PREDICTION,src/tracking/advanced_tracker.py:id_merge,
R,PREDICTION,SUBPIXEL,0
A,594
S,1,597,PREDICTION,src/tracking/advanced_tracker.py:kalman_homography,
S,3,597,PREDICTION,src/tracking/advanced_tracker.py:kalman_homography,
S,4,597,PREDICTION,src/tracking/advanced_tracker.py:kalman_homography,
S,10,597,PREDICTION,src/tracking/advanced_tracker.py:kalman_homography,
S,2,597,PREDICTION,src/tracking/advanced_tracker.py:flow_gapfill_batched,
D,2,597
S,3,597,PREDICTION,src/tracking/advanced_tracker.py:id_merge,
D,3,597
S,4,597,PREDICTION,src/tracking/advanced_tracker.py:id_merge,
L,1,597,PREDICTION,src/tracking/advanced_tracker.py:kalman_homography,
R,PREDICTION,PREDICTION,1
L,4,597,PREDICTION,src/tracking/advanced_tracker.py:id_merge,
R,PREDICTION,SUBPIXEL,0
A,597
S,1,600,DETECTION,src/tracking/advanced_tracker.py:_activate_slot,600_-15_1204_680_1927
S,4,600,PREDICTION,src/tracking/advanced_tracker.py:kalman_homography,
S,10,600,PREDICTION,src/tracking/advanced_tracker.py:kalman_homography,
S,3,600,PREDICTION,src/tracking/advanced_tracker.py:flow_gapfill_batched,
D,3,600
S,4,600,PREDICTION,src/tracking/advanced_tracker.py:id_merge,
L,1,600,DETECTION,src/tracking/advanced_tracker.py:_activate_slot,600_-15_1204_680_1927
R,DETECTION,DETECTION,1
L,4,600,PREDICTION,src/tracking/advanced_tracker.py:id_merge,
R,PREDICTION,SUBPIXEL,0
A,600
S,1,603,DETECTION,src/tracking/advanced_tracker.py:_activate_slot,603_-11_846_780_1926
S,4,603,PREDICTION,src/tracking/advanced_tracker.py:kalman_homography,
S,10,603,PREDICTION,src/tracking/advanced_tracker.py:kalman_homography,
L,1,603,DETECTION,src/tracking/advanced_tracker.py:_activate_slot,603_-11_846_780_1926
R,DETECTION,DETECTION,1
L,4,603,PREDICTION,src/tracking/advanced_tracker.py:kalman_homography,
R,PREDICTION,SUBPIXEL,0
A,603
S,1,606,DETECTION,src/tracking/advanced_tracker.py:_activate_slot,606_-15_937_757_1935
S,4,606,PREDICTION,src/tracking/advanced_tracker.py:kalman_homography,
S,10,606,PREDICTION,src/tracking/advanced_tracker.py:kalman_homography,
L,1,606,DETECTION,src/tracking/advanced_tracker.py:_activate_slot,606_-15_937_757_1935
R,DETECTION,DETECTION,1
L,4,606,PREDICTION,src/tracking/advanced_tracker.py:kalman_homography,
R,PREDICTION,SUBPIXEL,0
A,606
S,1,609,PREDICTION,src/tracking/advanced_tracker.py:kalman_homography,
S,4,609,PREDICTION,src/tracking/advanced_tracker.py:kalman_homography,
S,10,609,PREDICTION,src/tracking/advanced_tracker.py:kalman_homography,
L,1,609,PREDICTION,src/tracking/advanced_tracker.py:kalman_homography,
R,PREDICTION,PREDICTION,1
L,4,609,PREDICTION,src/tracking/advanced_tracker.py:kalman_homography,
R,PREDICTION,SUBPIXEL,0
A,609
S,1,612,PREDICTION,src/tracking/advanced_tracker.py:kalman_homography,
S,4,612,PREDICTION,src/tracking/advanced_tracker.py:flow_gapfill_batched,
S,10,612,PREDICTION,src/tracking/advanced_tracker.py:flow_gapfill_batched,
L,1,612,PREDICTION,src/tracking/advanced_tracker.py:kalman_homography,
R,PREDICTION,PREDICTION,1
L,4,612,PREDICTION,src/tracking/advanced_tracker.py:flow_gapfill_batched,
R,PREDICTION,PREDICTION,1
A,612
S,0,615,DETECTION,src/tracking/advanced_tracker.py:_activate_slot,615_27_913_849_1618
S,1,615,PREDICTION,src/tracking/advanced_tracker.py:kalman_homography,
D,1,615
S,0,615,PREDICTION,src/tracking/advanced_tracker.py:id_merge,
L,0,615,PREDICTION,src/tracking/advanced_tracker.py:id_merge,
R,PREDICTION,PREDICTION,1
A,615
S,2,618,DETECTION,src/tracking/advanced_tracker.py:_activate_slot,618_24_837_850_1557
S,0,618,PREDICTION,src/tracking/advanced_tracker.py:kalman_homography,
S,1,618,PREDICTION,src/tracking/advanced_tracker.py:kalman_homography,
D,1,618
S,0,618,PREDICTION,src/tracking/advanced_tracker.py:id_merge,
D,0,618
S,2,618,PREDICTION,src/tracking/advanced_tracker.py:id_merge,
L,2,618,PREDICTION,src/tracking/advanced_tracker.py:id_merge,
R,PREDICTION,PREDICTION,1
A,618
S,0,621,DETECTION,src/tracking/advanced_tracker.py:_activate_slot,621_-10_1024_508_1420
S,3,621,DETECTION,src/tracking/advanced_tracker.py:_activate_slot,621_23_790_853_1432
S,1,621,PREDICTION,src/tracking/advanced_tracker.py:kalman_homography,
S,2,621,PREDICTION,src/tracking/advanced_tracker.py:kalman_homography,
D,1,621
S,2,621,PREDICTION,src/tracking/advanced_tracker.py:id_merge,
D,2,621
S,3,621,PREDICTION,src/tracking/advanced_tracker.py:id_merge,
L,0,621,DETECTION,src/tracking/advanced_tracker.py:_activate_slot,621_-10_1024_508_1420
R,CLAMP,CLAMP,0
L,3,621,PREDICTION,src/tracking/advanced_tracker.py:id_merge,
R,CLAMP,CLAMP,0
A,621
S,0,624,PREDICTION,src/tracking/advanced_tracker.py:kalman_homography,
S,1,624,PREDICTION,src/tracking/advanced_tracker.py:kalman_homography,
S,2,624,PREDICTION,src/tracking/advanced_tracker.py:kalman_homography,
S,3,624,PREDICTION,src/tracking/advanced_tracker.py:kalman_homography,
D,1,624
S,2,624,PREDICTION,src/tracking/advanced_tracker.py:id_merge,
D,2,624
S,3,624,PREDICTION,src/tracking/advanced_tracker.py:id_merge,
L,0,624,PREDICTION,src/tracking/advanced_tracker.py:kalman_homography,
R,CLAMP,CLAMP,0
L,3,624,PREDICTION,src/tracking/advanced_tracker.py:id_merge,
R,CLAMP,CLAMP,0
A,624
S,3,627,DETECTION,src/tracking/advanced_tracker.py:_activate_slot,627_21_820_850_1404
S,2,627,DETECTION,src/tracking/advanced_tracker.py:_activate_slot,627_-14_1084_651_1503
S,0,627,PREDICTION,src/tracking/advanced_tracker.py:kalman_homography,
S,1,627,PREDICTION,src/tracking/advanced_tracker.py:kalman_homography,
D,1,627
S,3,627,PREDICTION,src/tracking/advanced_tracker.py:id_merge,
L,0,627,PREDICTION,src/tracking/advanced_tracker.py:kalman_homography,
R,CLAMP,CLAMP,0
L,2,627,DETECTION,src/tracking/advanced_tracker.py:_activate_slot,627_-14_1084_651_1503
R,DETECTION,DETECTION,1
L,3,627,PREDICTION,src/tracking/advanced_tracker.py:id_merge,
R,CLAMP,CLAMP,0
A,627
S,3,630,DETECTION,src/tracking/advanced_tracker.py:_activate_slot,630_287_513_515_606
S,2,630,PREDICTION,src/tracking/advanced_tracker.py:kalman_homography,
S,0,630,PREDICTION,src/tracking/advanced_tracker.py:flow_gapfill_batched,
S,1,630,PREDICTION,src/tracking/advanced_tracker.py:flow_gapfill_batched,
D,1,630
S,2,630,PREDICTION,src/tracking/advanced_tracker.py:id_merge,
D,2,630
S,3,630,PREDICTION,src/tracking/advanced_tracker.py:id_merge,
L,0,630,PREDICTION,src/tracking/advanced_tracker.py:flow_gapfill_batched,
R,CLAMP,CLAMP,0
L,3,630,PREDICTION,src/tracking/advanced_tracker.py:id_merge,
R,CLAMP,CLAMP,0
A,630
S,4,633,DETECTION,src/tracking/advanced_tracker.py:_activate_slot,633_653_1044_858_1161
S,2,633,PREDICTION,src/tracking/advanced_tracker.py:kalman_homography,
S,3,633,PREDICTION,src/tracking/advanced_tracker.py:flow_gapfill_batched,
L,2,633,PREDICTION,src/tracking/advanced_tracker.py:kalman_homography,
R,PREDICTION,PREDICTION,1
L,3,633,PREDICTION,src/tracking/advanced_tracker.py:flow_gapfill_batched,
R,CLAMP,CLAMP,0
L,4,633,DETECTION,src/tracking/advanced_tracker.py:_activate_slot,633_653_1044_858_1161
R,DETECTION,DETECTION,1
A,633
S,4,636,DETECTION,src/tracking/advanced_tracker.py:_activate_slot,636_653_1048_858_1165
S,2,636,PREDICTION,src/tracking/advanced_tracker.py:kalman_homography,
S,0,636,PREDICTION,src/tracking/advanced_tracker.py:flow_gapfill_batched,
S,3,636,PREDICTION,src/tracking/advanced_tracker.py:flow_gapfill_batched,
L,0,636,PREDICTION,src/tracking/advanced_tracker.py:flow_gapfill_batched,
R,CLAMP,CLAMP,0
L,2,636,PREDICTION,src/tracking/advanced_tracker.py:kalman_homography,
R,PREDICTION,PREDICTION,1
L,3,636,PREDICTION,src/tracking/advanced_tracker.py:flow_gapfill_batched,
R,CLAMP,CLAMP,0
L,4,636,DETECTION,src/tracking/advanced_tracker.py:_activate_slot,636_653_1048_858_1165
R,DETECTION,DETECTION,1
A,636
S,4,639,DETECTION,src/tracking/advanced_tracker.py:_activate_slot,639_654_1053_856_1167
S,2,639,PREDICTION,src/tracking/advanced_tracker.py:kalman_homography,
S,0,639,PREDICTION,src/tracking/advanced_tracker.py:flow_gapfill_batched,
S,3,639,PREDICTION,src/tracking/advanced_tracker.py:flow_gapfill_batched,
L,0,639,PREDICTION,src/tracking/advanced_tracker.py:flow_gapfill_batched,
R,CLAMP,CLAMP,0
L,2,639,PREDICTION,src/tracking/advanced_tracker.py:kalman_homography,
R,PREDICTION,PREDICTION,1
L,3,639,PREDICTION,src/tracking/advanced_tracker.py:flow_gapfill_batched,
R,CLAMP,CLAMP,0
L,4,639,DETECTION,src/tracking/advanced_tracker.py:_activate_slot,639_654_1053_856_1167
R,DETECTION,DETECTION,1
A,639
S,4,642,DETECTION,src/tracking/advanced_tracker.py:_activate_slot,642_655_1059_856_1173
S,2,642,PREDICTION,src/tracking/advanced_tracker.py:kalman_homography,
S,0,642,PREDICTION,src/tracking/advanced_tracker.py:flow_gapfill_batched,
S,3,642,PREDICTION,src/tracking/advanced_tracker.py:flow_gapfill_batched,
L,0,642,PREDICTION,src/tracking/advanced_tracker.py:flow_gapfill_batched,
R,CLAMP,CLAMP,0
L,2,642,PREDICTION,src/tracking/advanced_tracker.py:kalman_homography,
R,PREDICTION,PREDICTION,1
L,3,642,PREDICTION,src/tracking/advanced_tracker.py:flow_gapfill_batched,
R,CLAMP,CLAMP,0
L,4,642,DETECTION,src/tracking/advanced_tracker.py:_activate_slot,642_655_1059_856_1173
R,DETECTION,DETECTION,1
A,642
S,4,645,DETECTION,src/tracking/advanced_tracker.py:_activate_slot,645_658_1065_856_1179
S,2,645,PREDICTION,src/tracking/advanced_tracker.py:kalman_homography,
S,0,645,PREDICTION,src/tracking/advanced_tracker.py:flow_gapfill_batched,
S,3,645,PREDICTION,src/tracking/advanced_tracker.py:flow_gapfill_batched,
D,0,645
S,2,645,PREDICTION,src/tracking/advanced_tracker.py:id_merge,
L,2,645,PREDICTION,src/tracking/advanced_tracker.py:id_merge,
R,PREDICTION,PREDICTION,1
L,3,645,PREDICTION,src/tracking/advanced_tracker.py:flow_gapfill_batched,
R,CLAMP,CLAMP,0
L,4,645,DETECTION,src/tracking/advanced_tracker.py:_activate_slot,645_658_1065_856_1179
R,DETECTION,DETECTION,1
A,645
S,4,648,DETECTION,src/tracking/advanced_tracker.py:_activate_slot,648_661_1071_856_1183
S,2,648,PREDICTION,src/tracking/advanced_tracker.py:kalman_homography,
S,3,648,PREDICTION,src/tracking/advanced_tracker.py:flow_gapfill_batched,
L,2,648,PREDICTION,src/tracking/advanced_tracker.py:kalman_homography,
R,CLAMP,CLAMP,0
L,3,648,PREDICTION,src/tracking/advanced_tracker.py:flow_gapfill_batched,
R,CLAMP,CLAMP,0
L,4,648,DETECTION,src/tracking/advanced_tracker.py:_activate_slot,648_661_1071_856_1183
R,DETECTION,DETECTION,1
A,648
S,4,651,DETECTION,src/tracking/advanced_tracker.py:_activate_slot,651_656_1074_855_1190
S,1,651,DETECTION,src/tracking/advanced_tracker.py:_activate_slot,651_252_229_479_344
S,2,651,PREDICTION,src/tracking/advanced_tracker.py:flow_gapfill_batched,
S,3,651,PREDICTION,src/tracking/advanced_tracker.py:flow_gapfill_batched,
D,3,651
S,1,651,PREDICTION,src/tracking/advanced_tracker.py:id_merge,
L,1,651,PREDICTION,src/tracking/advanced_tracker.py:id_merge,
R,PREDICTION,PREDICTION,1
L,2,651,PREDICTION,src/tracking/advanced_tracker.py:flow_gapfill_batched,
R,CLAMP,CLAMP,0
L,4,651,DETECTION,src/tracking/advanced_tracker.py:_activate_slot,651_656_1074_855_1190
R,DETECTION,DETECTION,1
A,651
S,1,654,DETECTION,src/tracking/advanced_tracker.py:_activate_slot,654_252_226_480_339
S,4,654,DETECTION,src/tracking/advanced_tracker.py:_activate_slot,654_663_1078_855_1198
S,3,654,PREDICTION,src/tracking/advanced_tracker.py:flow_gapfill_batched,
D,3,654
S,1,654,PREDICTION,src/tracking/advanced_tracker.py:id_merge,
L,1,654,PREDICTION,src/tracking/advanced_tracker.py:id_merge,
R,PREDICTION,PREDICTION,1
L,4,654,DETECTION,src/tracking/advanced_tracker.py:_activate_slot,654_663_1078_855_1198
R,DETECTION,DETECTION,1
A,654
S,1,657,DETECTION,src/tracking/advanced_tracker.py:_activate_slot,657_247_223_477_334
S,4,657,DETECTION,src/tracking/advanced_tracker.py:_activate_slot,657_666_1087_855_1203
L,1,657,DETECTION,src/tracking/advanced_tracker.py:_activate_slot,657_247_223_477_334
R,DETECTION,DETECTION,1
L,4,657,DETECTION,src/tracking/advanced_tracker.py:_activate_slot,657_666_1087_855_1203
R,DETECTION,DETECTION,1
A,657
S,1,660,DETECTION,src/tracking/advanced_tracker.py:_activate_slot,660_233_219_473_331
S,4,660,DETECTION,src/tracking/advanced_tracker.py:_activate_slot,660_666_1092_855_1210
L,1,660,DETECTION,src/tracking/advanced_tracker.py:_activate_slot,660_233_219_473_331
R,DETECTION,DETECTION,1
L,4,660,DETECTION,src/tracking/advanced_tracker.py:_activate_slot,660_666_1092_855_1210
R,DETECTION,DETECTION,1
A,660
S,4,663,DETECTION,src/tracking/advanced_tracker.py:_activate_slot,663_670_1098_853_1215
S,1,663,PREDICTION,src/tracking/advanced_tracker.py:kalman_homography,
L,1,663,PREDICTION,src/tracking/advanced_tracker.py:kalman_homography,
R,PREDICTION,PREDICTION,1
L,4,663,DETECTION,src/tracking/advanced_tracker.py:_activate_slot,663_670_1098_853_1215
R,DETECTION,DETECTION,1
A,663
S,4,666,DETECTION,src/tracking/advanced_tracker.py:_activate_slot,666_673_1102_853_1221
S,0,666,DETECTION,src/tracking/advanced_tracker.py:_activate_slot,666_299_820_516_934
S,1,666,PREDICTION,src/tracking/advanced_tracker.py:kalman_homography,
L,0,666,DETECTION,src/tracking/advanced_tracker.py:_activate_slot,666_299_820_516_934
R,CLAMP,CLAMP,0
L,1,666,PREDICTION,src/tracking/advanced_tracker.py:kalman_homography,
R,PREDICTION,PREDICTION,1
L,4,666,DETECTION,src/tracking/advanced_tracker.py:_activate_slot,666_673_1102_853_1221
R,DETECTION,DETECTION,1
A,666
S,0,669,DETECTION,src/tracking/advanced_tracker.py:_activate_slot,669_285_804_521_953
S,4,669,DETECTION,src/tracking/advanced_tracker.py:_activate_slot,669_673_1107_853_1224
S,1,669,PREDICTION,src/tracking/advanced_tracker.py:kalman_homography,
L,0,669,DETECTION,src/tracking/advanced_tracker.py:_activate_slot,669_285_804_521_953
R,CLAMP,CLAMP,0
L,1,669,PREDICTION,src/tracking/advanced_tracker.py:kalman_homography,
R,PREDICTION,PREDICTION,1
L,4,669,DETECTION,src/tracking/advanced_tracker.py:_activate_slot,669_673_1107_853_1224
R,DETECTION,DETECTION,1
A,669
S,0,672,DETECTION,src/tracking/advanced_tracker.py:_activate_slot,672_285_816_525_957
S,4,672,DETECTION,src/tracking/advanced_tracker.py:_activate_slot,672_676_1113_855_1227
S,1,672,DETECTION,src/tracking/advanced_tracker.py:_activate_slot,672_261_211_466_321
S,2,672,DETECTION,src/tracking/advanced_tracker.py:_activate_slot,672_297_1206_539_1293
D,0,672
S,2,672,PREDICTION,src/tracking/advanced_tracker.py:id_merge,
L,1,672,DETECTION,src/tracking/advanced_tracker.py:_activate_slot,672_261_211_466_321
R,DETECTION,DETECTION,1
L,2,672,PREDICTION,src/tracking/advanced_tracker.py:id_merge,
R,CLAMP,CLAMP,0
L,4,672,DETECTION,src/tracking/advanced_tracker.py:_activate_slot,672_676_1113_855_1227
R,DETECTION,SUBPIXEL,0
A,672
S,4,675,DETECTION,src/tracking/advanced_tracker.py:_activate_slot,675_682_1114_855_1228
S,3,675,DETECTION,src/tracking/advanced_tracker.py:_activate_slot,675_291_840_522_972
S,0,675,PREDICTION,src/tracking/advanced_tracker.py:kalman_homography,
S,1,675,PREDICTION,src/tracking/advanced_tracker.py:kalman_homography,
S,2,675,PREDICTION,src/tracking/advanced_tracker.py:kalman_homography,
D,0,675
S,2,675,PREDICTION,src/tracking/advanced_tracker.py:id_merge,
D,2,675
S,3,675,PREDICTION,src/tracking/advanced_tracker.py:id_merge,
L,1,675,PREDICTION,src/tracking/advanced_tracker.py:kalman_homography,
R,CLAMP,CLAMP,0
L,3,675,PREDICTION,src/tracking/advanced_tracker.py:id_merge,
R,PREDICTION,PREDICTION,1
L,4,675,DETECTION,src/tracking/advanced_tracker.py:_activate_slot,675_682_1114_855_1228
R,DETECTION,DETECTION,1
A,675
S,4,678,DETECTION,src/tracking/advanced_tracker.py:_activate_slot,678_684_1110_855_1230
S,0,678,PREDICTION,src/tracking/advanced_tracker.py:kalman_homography,
S,1,678,PREDICTION,src/tracking/advanced_tracker.py:kalman_homography,
S,2,678,PREDICTION,src/tracking/advanced_tracker.py:kalman_homography,
S,3,678,PREDICTION,src/tracking/advanced_tracker.py:kalman_homography,
D,0,678
S,2,678,PREDICTION,src/tracking/advanced_tracker.py:id_merge,
D,2,678
S,3,678,PREDICTION,src/tracking/advanced_tracker.py:id_merge,
L,1,678,PREDICTION,src/tracking/advanced_tracker.py:kalman_homography,
R,CLAMP,CLAMP,0
L,3,678,PREDICTION,src/tracking/advanced_tracker.py:id_merge,
R,PREDICTION,PREDICTION,1
L,4,678,DETECTION,src/tracking/advanced_tracker.py:_activate_slot,678_684_1110_855_1230
R,DETECTION,DETECTION,1
A,678
S,4,681,DETECTION,src/tracking/advanced_tracker.py:_activate_slot,681_689_1119_854_1236
S,1,681,DETECTION,src/tracking/advanced_tracker.py:_activate_slot,681_278_198_471_314
S,2,681,DETECTION,src/tracking/advanced_tracker.py:_activate_slot,681_310_1202_546_1296
S,0,681,PREDICTION,src/tracking/advanced_tracker.py:kalman_homography,
S,3,681,PREDICTION,src/tracking/advanced_tracker.py:kalman_homography,
D,0,681
S,2,681,PREDICTION,src/tracking/advanced_tracker.py:id_merge,
D,3,681
S,2,681,PREDICTION,src/tracking/advanced_tracker.py:id_merge,
L,1,681,DETECTION,src/tracking/advanced_tracker.py:_activate_slot,681_278_198_471_314
R,DETECTION,DETECTION,1
L,2,681,PREDICTION,src/tracking/advanced_tracker.py:id_merge,
R,CLAMP,CLAMP,0
L,4,681,DETECTION,src/tracking/advanced_tracker.py:_activate_slot,681_689_1119_854_1236
R,DETECTION,DETECTION,1
A,681
S,4,684,DETECTION,src/tracking/advanced_tracker.py:_activate_slot,684_698_1127_854_1244
S,2,684,DETECTION,src/tracking/advanced_tracker.py:_activate_slot,684_319_1192_549_1294
S,0,684,PREDICTION,src/tracking/advanced_tracker.py:kalman_homography,
S,1,684,PREDICTION,src/tracking/advanced_tracker.py:kalman_homography,
S,3,684,PREDICTION,src/tracking/advanced_tracker.py:kalman_homography,
D,0,684
S,2,684,PREDICTION,src/tracking/advanced_tracker.py:id_merge,
D,3,684
S,2,684,PREDICTION,src/tracking/advanced_tracker.py:id_merge,
L,1,684,PREDICTION,src/tracking/advanced_tracker.py:kalman_homography,
R,PREDICTION,PREDICTION,1
L,2,684,PREDICTION,src/tracking/advanced_tracker.py:id_merge,
R,CLAMP,CLAMP,0
L,4,684,DETECTION,src/tracking/advanced_tracker.py:_activate_slot,684_698_1127_854_1244
R,DETECTION,DETECTION,1
A,684
S,4,687,DETECTION,src/tracking/advanced_tracker.py:_activate_slot,687_699_1135_853_1249
S,2,687,DETECTION,src/tracking/advanced_tracker.py:_activate_slot,687_315_1200_549_1293
S,0,687,PREDICTION,src/tracking/advanced_tracker.py:kalman_homography,
S,1,687,PREDICTION,src/tracking/advanced_tracker.py:kalman_homography,
S,3,687,PREDICTION,src/tracking/advanced_tracker.py:kalman_homography,
D,0,687
S,2,687,PREDICTION,src/tracking/advanced_tracker.py:id_merge,
D,3,687
S,2,687,PREDICTION,src/tracking/advanced_tracker.py:id_merge,
L,1,687,PREDICTION,src/tracking/advanced_tracker.py:kalman_homography,
R,PREDICTION,PREDICTION,1
L,2,687,PREDICTION,src/tracking/advanced_tracker.py:id_merge,
R,CLAMP,CLAMP,0
L,4,687,DETECTION,src/tracking/advanced_tracker.py:_activate_slot,687_699_1135_853_1249
R,DETECTION,DETECTION,1
A,687
S,4,690,DETECTION,src/tracking/advanced_tracker.py:_activate_slot,690_699_1138_855_1252
S,0,690,PREDICTION,src/tracking/advanced_tracker.py:kalman_homography,
S,1,690,PREDICTION,src/tracking/advanced_tracker.py:kalman_homography,
S,2,690,PREDICTION,src/tracking/advanced_tracker.py:kalman_homography,
S,3,690,PREDICTION,src/tracking/advanced_tracker.py:kalman_homography,
D,0,690
S,2,690,PREDICTION,src/tracking/advanced_tracker.py:id_merge,
D,1,690
S,4,690,PREDICTION,src/tracking/advanced_tracker.py:id_merge,
D,3,690
S,2,690,PREDICTION,src/tracking/advanced_tracker.py:id_merge,
L,2,690,PREDICTION,src/tracking/advanced_tracker.py:id_merge,
R,CLAMP,CLAMP,0
L,4,690,PREDICTION,src/tracking/advanced_tracker.py:id_merge,
R,PREDICTION,PREDICTION,1
A,690
S,4,693,DETECTION,src/tracking/advanced_tracker.py:_activate_slot,693_702_1141_855_1257
S,0,693,PREDICTION,src/tracking/advanced_tracker.py:kalman_homography,
S,1,693,PREDICTION,src/tracking/advanced_tracker.py:kalman_homography,
S,2,693,PREDICTION,src/tracking/advanced_tracker.py:kalman_homography,
S,3,693,PREDICTION,src/tracking/advanced_tracker.py:kalman_homography,
D,0,693
S,2,693,PREDICTION,src/tracking/advanced_tracker.py:id_merge,
D,1,693
S,4,693,PREDICTION,src/tracking/advanced_tracker.py:id_merge,
D,3,693
S,2,693,PREDICTION,src/tracking/advanced_tracker.py:id_merge,
L,2,693,PREDICTION,src/tracking/advanced_tracker.py:id_merge,
R,CLAMP,CLAMP,0
L,4,693,PREDICTION,src/tracking/advanced_tracker.py:id_merge,
R,PREDICTION,PREDICTION,1
A,693
S,4,696,DETECTION,src/tracking/advanced_tracker.py:_activate_slot,696_706_1144_856_1261
S,2,696,DETECTION,src/tracking/advanced_tracker.py:_activate_slot,696_285_1200_542_1305
S,1,696,PREDICTION,src/tracking/advanced_tracker.py:kalman_homography,
S,3,696,PREDICTION,src/tracking/advanced_tracker.py:kalman_homography,
S,0,696,PREDICTION,src/tracking/advanced_tracker.py:flow_gapfill_batched,
D,0,696
S,2,696,PREDICTION,src/tracking/advanced_tracker.py:id_merge,
D,1,696
S,4,696,PREDICTION,src/tracking/advanced_tracker.py:id_merge,
D,3,696
S,2,696,PREDICTION,src/tracking/advanced_tracker.py:id_merge,
L,2,696,PREDICTION,src/tracking/advanced_tracker.py:id_merge,
R,CLAMP,CLAMP,0
L,4,696,PREDICTION,src/tracking/advanced_tracker.py:id_merge,
R,PREDICTION,SUBPIXEL,0
A,696
S,4,699,DETECTION,src/tracking/advanced_tracker.py:_activate_slot,699_708_1145_858_1263
S,1,699,PREDICTION,src/tracking/advanced_tracker.py:kalman_homography,
S,2,699,PREDICTION,src/tracking/advanced_tracker.py:kalman_homography,
S,3,699,PREDICTION,src/tracking/advanced_tracker.py:flow_gapfill_batched,
D,1,699
S,4,699,PREDICTION,src/tracking/advanced_tracker.py:id_merge,
D,3,699
S,2,699,PREDICTION,src/tracking/advanced_tracker.py:id_merge,
L,2,699,PREDICTION,src/tracking/advanced_tracker.py:id_merge,
R,CLAMP,CLAMP,0
L,4,699,PREDICTION,src/tracking/advanced_tracker.py:id_merge,
R,PREDICTION,PREDICTION,1
A,699
S,4,702,DETECTION,src/tracking/advanced_tracker.py:_activate_slot,702_709_1147_864_1270
S,1,702,PREDICTION,src/tracking/advanced_tracker.py:kalman_homography,
S,2,702,PREDICTION,src/tracking/advanced_tracker.py:kalman_homography,
D,1,702
S,4,702,PREDICTION,src/tracking/advanced_tracker.py:id_merge,
L,2,702,PREDICTION,src/tracking/advanced_tracker.py:kalman_homography,
R,CLAMP,CLAMP,0
L,4,702,PREDICTION,src/tracking/advanced_tracker.py:id_merge,
R,PREDICTION,PREDICTION,1
A,702
S,4,705,DETECTION,src/tracking/advanced_tracker.py:_activate_slot,705_713_1152_864_1272
S,2,705,DETECTION,src/tracking/advanced_tracker.py:_activate_slot,705_297_1197_536_1300
S,3,705,DETECTION,src/tracking/advanced_tracker.py:_activate_slot,705_333_793_585_925
S,1,705,PREDICTION,src/tracking/advanced_tracker.py:flow_gapfill_batched,
L,1,705,PREDICTION,src/tracking/advanced_tracker.py:flow_gapfill_batched,
R,PREDICTION,PREDICTION,1
L,2,705,DETECTION,src/tracking/advanced_tracker.py:_activate_slot,705_297_1197_536_1300
R,CLAMP,CLAMP,0
L,3,705,DETECTION,src/tracking/advanced_tracker.py:_activate_slot,705_333_793_585_925
R,DETECTION,DETECTION,1
L,4,705,DETECTION,src/tracking/advanced_tracker.py:_activate_slot,705_713_1152_864_1272
R,DETECTION,DETECTION,1
A,705
S,4,708,DETECTION,src/tracking/advanced_tracker.py:_activate_slot,708_714_1156_864_1276
S,2,708,PREDICTION,src/tracking/advanced_tracker.py:kalman_homography,
S,3,708,PREDICTION,src/tracking/advanced_tracker.py:kalman_homography,
L,2,708,PREDICTION,src/tracking/advanced_tracker.py:kalman_homography,
R,CLAMP,CLAMP,0
L,3,708,PREDICTION,src/tracking/advanced_tracker.py:kalman_homography,
R,PREDICTION,PREDICTION,1
L,4,708,DETECTION,src/tracking/advanced_tracker.py:_activate_slot,708_714_1156_864_1276
R,DETECTION,DETECTION,1
A,708
S,4,711,DETECTION,src/tracking/advanced_tracker.py:_activate_slot,711_719_1167_867_1287
S,2,711,PREDICTION,src/tracking/advanced_tracker.py:kalman_homography,
S,3,711,PREDICTION,src/tracking/advanced_tracker.py:kalman_homography,
L,2,711,PREDICTION,src/tracking/advanced_tracker.py:kalman_homography,
R,CLAMP,CLAMP,0
L,3,711,PREDICTION,src/tracking/advanced_tracker.py:kalman_homography,
R,PREDICTION,PREDICTION,1
L,4,711,DETECTION,src/tracking/advanced_tracker.py:_activate_slot,711_719_1167_867_1287
R,DETECTION,DETECTION,1
A,711
S,4,714,DETECTION,src/tracking/advanced_tracker.py:_activate_slot,714_721_1174_868_1294
S,2,714,PREDICTION,src/tracking/advanced_tracker.py:kalman_homography,
S,3,714,PREDICTION,src/tracking/advanced_tracker.py:kalman_homography,
L,2,714,PREDICTION,src/tracking/advanced_tracker.py:kalman_homography,
R,CLAMP,CLAMP,0
L,3,714,PREDICTION,src/tracking/advanced_tracker.py:kalman_homography,
R,PREDICTION,PREDICTION,1
L,4,714,DETECTION,src/tracking/advanced_tracker.py:_activate_slot,714_721_1174_868_1294
R,DETECTION,DETECTION,1
A,714
S,0,717,DETECTION,src/tracking/advanced_tracker.py:_activate_slot,717_721_1170_1033_1302
S,4,717,DETECTION,src/tracking/advanced_tracker.py:_activate_slot,717_722_1182_866_1299
S,2,717,PREDICTION,src/tracking/advanced_tracker.py:kalman_homography,
S,3,717,PREDICTION,src/tracking/advanced_tracker.py:kalman_homography,
D,0,717
S,4,717,PREDICTION,src/tracking/advanced_tracker.py:id_merge,
L,2,717,PREDICTION,src/tracking/advanced_tracker.py:kalman_homography,
R,CLAMP,CLAMP,0
L,3,717,PREDICTION,src/tracking/advanced_tracker.py:kalman_homography,
R,PREDICTION,PREDICTION,1
L,4,717,PREDICTION,src/tracking/advanced_tracker.py:id_merge,
R,PREDICTION,PREDICTION,1
A,717
S,0,720,DETECTION,src/tracking/advanced_tracker.py:_activate_slot,720_727_1176_1033_1308
S,4,720,DETECTION,src/tracking/advanced_tracker.py:_activate_slot,720_726_1189_864_1306
S,2,720,DETECTION,src/tracking/advanced_tracker.py:_activate_slot,720_292_1173_492_1302
S,3,720,PREDICTION,src/tracking/advanced_tracker.py:kalman_homography,
D,0,720
S,4,720,PREDICTION,src/tracking/advanced_tracker.py:id_merge,
L,2,720,DETECTION,src/tracking/advanced_tracker.py:_activate_slot,720_292_1173_492_1302
R,DETECTION,DETECTION,1
L,3,720,PREDICTION,src/tracking/advanced_tracker.py:kalman_homography,
R,PREDICTION,PREDICTION,1
L,4,720,PREDICTION,src/tracking/advanced_tracker.py:id_merge,
R,PREDICTION,PREDICTION,1
A,720
S,4,723,DETECTION,src/tracking/advanced_tracker.py:_activate_slot,723_727_1197_862_1311
S,3,723,DETECTION,src/tracking/advanced_tracker.py:_activate_slot,723_321_753_556_876
S,2,723,PREDICTION,src/tracking/advanced_tracker.py:kalman_homography,
S,0,723,PREDICTION,src/tracking/advanced_tracker.py:flow_gapfill_batched,
D,0,723
S,4,723,PREDICTION,src/tracking/advanced_tracker.py:id_merge,
L,2,723,PREDICTION,src/tracking/advanced_tracker.py:kalman_homography,
R,PREDICTION,PREDICTION,1
L,3,723,DETECTION,src/tracking/advanced_tracker.py:_activate_slot,723_321_753_556_876
R,DETECTION,DETECTION,1
L,4,723,PREDICTION,src/tracking/advanced_tracker.py:id_merge,
R,PREDICTION,PREDICTION,1
A,723
S,4,726,DETECTION,src/tracking/advanced_tracker.py:_activate_slot,726_729_1200_862_1317
S,1,726,DETECTION,src/tracking/advanced_tracker.py:_activate_slot,726_261_149_476_258
S,2,726,PREDICTION,src/tracking/advanced_tracker.py:kalman_homography,
S,3,726,PREDICTION,src/tracking/advanced_tracker.py:kalman_homography,
L,1,726,DETECTION,src/tracking/advanced_tracker.py:_activate_slot,726_261_149_476_258
R,DETECTION,DETECTION,1
L,2,726,PREDICTION,src/tracking/advanced_tracker.py:kalman_homography,
R,PREDICTION,PREDICTION,1
L,3,726,PREDICTION,src/tracking/advanced_tracker.py:kalman_homography,
R,PREDICTION,PREDICTION,1
L,4,726,DETECTION,src/tracking/advanced_tracker.py:_activate_slot,726_729_1200_862_1317
R,DETECTION,DETECTION,1
A,726
S,1,729,DETECTION,src/tracking/advanced_tracker.py:_activate_slot,729_260_149_476_255
S,4,729,DETECTION,src/tracking/advanced_tracker.py:_activate_slot,729_730_1200_864_1317
S,0,729,DETECTION,src/tracking/advanced_tracker.py:_activate_slot,729_730_1176_1035_1316
S,2,729,DETECTION,src/tracking/advanced_tracker.py:_activate_slot,729_302_1168_664_1338
S,3,729,PREDICTION,src/tracking/advanced_tracker.py:kalman_homography,
D,0,729
S,4,729,PREDICTION,src/tracking/advanced_tracker.py:id_merge,
D,3,729
S,2,729,PREDICTION,src/tracking/advanced_tracker.py:id_merge,
L,1,729,DETECTION,src/tracking/advanced_tracker.py:_activate_slot,729_260_149_476_255
R,DETECTION,DETECTION,1
L,2,729,PREDICTION,src/tracking/advanced_tracker.py:id_merge,
R,CLAMP,CLAMP,0
L,4,729,PREDICTION,src/tracking/advanced_tracker.py:id_merge,
R,PREDICTION,PREDICTION,1
A,729
S,1,732,DETECTION,src/tracking/advanced_tracker.py:_activate_slot,732_261_149_477_257
S,4,732,DETECTION,src/tracking/advanced_tracker.py:_activate_slot,732_730_1200_862_1316
S,0,732,DETECTION,src/tracking/advanced_tracker.py:_activate_slot,732_729_1186_1034_1315
S,3,732,DETECTION,src/tracking/advanced_tracker.py:_activate_slot,732_309_762_559_876
S,2,732,PREDICTION,src/tracking/advanced_tracker.py:kalman_homography,
D,0,732
S,4,732,PREDICTION,src/tracking/advanced_tracker.py:id_merge,
D,2,732
S,3,732,PREDICTION,src/tracking/advanced_tracker.py:id_merge,
L,1,732,DETECTION,src/tracking/advanced_tracker.py:_activate_slot,732_261_149_477_257
R,DETECTION,DETECTION,1
L,3,732,PREDICTION,src/tracking/advanced_tracker.py:id_merge,
R,PREDICTION,PREDICTION,1
L,4,732,PREDICTION,src/tracking/advanced_tracker.py:id_merge,
R,PREDICTION,PREDICTION,1
A,732
S,1,735,DETECTION,src/tracking/advanced_tracker.py:_activate_slot,735_259_149_477_257
S,4,735,DETECTION,src/tracking/advanced_tracker.py:_activate_slot,735_729_1197_863_1311
S,0,735,DETECTION,src/tracking/advanced_tracker.py:_activate_slot,735_730_1186_1033_1312
S,2,735,PREDICTION,src/tracking/advanced_tracker.py:kalman_homography,
S,3,735,PREDICTION,src/tracking/advanced_tracker.py:kalman_homography,
D,0,735
S,4,735,PREDICTION,src/tracking/advanced_tracker.py:id_merge,
D,2,735
S,3,735,PREDICTION,src/tracking/advanced_tracker.py:id_merge,
L,1,735,DETECTION,src/tracking/advanced_tracker.py:_activate_slot,735_259_149_477_257
R,DETECTION,SUBPIXEL,0
L,3,735,PREDICTION,src/tracking/advanced_tracker.py:id_merge,
R,PREDICTION,PREDICTION,1
L,4,735,PREDICTION,src/tracking/advanced_tracker.py:id_merge,
R,PREDICTION,PREDICTION,1
A,735
S,0,738,DETECTION,src/tracking/advanced_tracker.py:_activate_slot,738_300_808_591_919
S,1,738,DETECTION,src/tracking/advanced_tracker.py:_activate_slot,738_259_149_477_251
S,4,738,DETECTION,src/tracking/advanced_tracker.py:_activate_slot,738_729_1192_863_1306
S,2,738,PREDICTION,src/tracking/advanced_tracker.py:kalman_homography,
S,3,738,PREDICTION,src/tracking/advanced_tracker.py:kalman_homography,
D,2,738
S,0,738,PREDICTION,src/tracking/advanced_tracker.py:id_merge,
D,3,738
S,0,738,PREDICTION,src/tracking/advanced_tracker.py:id_merge,
L,0,738,PREDICTION,src/tracking/advanced_tracker.py:id_merge,
R,PREDICTION,PREDICTION,1
L,1,738,DETECTION,src/tracking/advanced_tracker.py:_activate_slot,738_259_149_477_251
R,DETECTION,DETECTION,1
L,4,738,DETECTION,src/tracking/advanced_tracker.py:_activate_slot,738_729_1192_863_1306
R,DETECTION,DETECTION,1
A,738
S,1,741,DETECTION,src/tracking/advanced_tracker.py:_activate_slot,741_261_148_477_248
S,4,741,DETECTION,src/tracking/advanced_tracker.py:_activate_slot,741_730_1186_864_1303
S,3,741,DETECTION,src/tracking/advanced_tracker.py:_activate_slot,741_319_803_586_914
S,0,741,PREDICTION,src/tracking/advanced_tracker.py:kalman_homography,
S,2,741,PREDICTION,src/tracking/advanced_tracker.py:kalman_homography,
D,0,741
S,3,741,PREDICTION,src/tracking/advanced_tracker.py:id_merge,
D,2,741
S,4,741,PREDICTION,src/tracking/advanced_tracker.py:id_merge,
L,1,741,DETECTION,src/tracking/advanced_tracker.py:_activate_slot,741_261_148_477_248
R,DETECTION,DETECTION,1
L,3,741,PREDICTION,src/tracking/advanced_tracker.py:id_merge,
R,PREDICTION,PREDICTION,1
L,4,741,PREDICTION,src/tracking/advanced_tracker.py:id_merge,
R,PREDICTION,PREDICTION,1
A,741
S,0,744,DETECTION,src/tracking/advanced_tracker.py:_activate_slot,744_732_1182_1032_1299
S,1,744,DETECTION,src/tracking/advanced_tracker.py:_activate_slot,744_259_147_477_250
S,4,744,DETECTION,src/tracking/advanced_tracker.py:_activate_slot,744_731_1184_864_1298
S,2,744,PREDICTION,src/tracking/advanced_tracker.py:kalman_homography,
S,3,744,PREDICTION,src/tracking/advanced_tracker.py:kalman_homography,
D,0,744
S,4,744,PREDICTION,src/tracking/advanced_tracker.py:id_merge,
D,2,744
S,4,744,PREDICTION,src/tracking/advanced_tracker.py:id_merge,
L,1,744,DETECTION,src/tracking/advanced_tracker.py:_activate_slot,744_259_147_477_250
R,DETECTION,SUBPIXEL,0
L,3,744,PREDICTION,src/tracking/advanced_tracker.py:kalman_homography,
R,PREDICTION,PREDICTION,1
L,4,744,PREDICTION,src/tracking/advanced_tracker.py:id_merge,
R,PREDICTION,PREDICTION,1
A,744
S,0,747,DETECTION,src/tracking/advanced_tracker.py:_activate_slot,747_731_1176_1032_1299
S,1,747,DETECTION,src/tracking/advanced_tracker.py:_activate_slot,747_255_145_480_248
S,4,747,DETECTION,src/tracking/advanced_tracker.py:_activate_slot,747_731_1180_864_1297
S,10,747,DETECTION,src/tracking/advanced_tracker.py:_activate_slot,747_226_393_435_528
S,2,747,PREDICTION,src/tracking/advanced_tracker.py:kalman_homography,
S,3,747,PREDICTION,src/tracking/advanced_tracker.py:kalman_homography,
D,0,747
S,4,747,PREDICTION,src/tracking/advanced_tracker.py:id_merge,
D,2,747
S,4,747,PREDICTION,src/tracking/advanced_tracker.py:id_merge,
L,1,747,DETECTION,src/tracking/advanced_tracker.py:_activate_slot,747_255_145_480_248
R,DETECTION,DETECTION,1
L,3,747,PREDICTION,src/tracking/advanced_tracker.py:kalman_homography,
R,PREDICTION,PREDICTION,1
L,4,747,PREDICTION,src/tracking/advanced_tracker.py:id_merge,
R,PREDICTION,PREDICTION,1
A,747
S,1,750,DETECTION,src/tracking/advanced_tracker.py:_activate_slot,750_253_148_476_256
S,4,750,DETECTION,src/tracking/advanced_tracker.py:_activate_slot,750_732_1177_865_1294
S,3,750,DETECTION,src/tracking/advanced_tracker.py:_activate_slot,750_261_836_508_951
S,2,750,PREDICTION,src/tracking/advanced_tracker.py:kalman_homography,
S,10,750,PREDICTION,src/tracking/advanced_tracker.py:kalman_homography,
S,0,750,PREDICTION,src/tracking/advanced_tracker.py:flow_gapfill_batched,
D,0,750
S,4,750,PREDICTION,src/tracking/advanced_tracker.py:id_merge,
D,2,750
S,4,750,PREDICTION,src/tracking/advanced_tracker.py:id_merge,
L,1,750,DETECTION,src/tracking/advanced_tracker.py:_activate_slot,750_253_148_476_256
R,DETECTION,DETECTION,1
L,3,750,DETECTION,src/tracking/advanced_tracker.py:_activate_slot,750_261_836_508_951
R,CLAMP,CLAMP,0
L,4,750,PREDICTION,src/tracking/advanced_tracker.py:id_merge,
R,PREDICTION,PREDICTION,1
A,750
S,4,753,DETECTION,src/tracking/advanced_tracker.py:_activate_slot,753_730_1177_865_1294
S,1,753,DETECTION,src/tracking/advanced_tracker.py:_activate_slot,753_243_148_474_258
S,3,753,PREDICTION,src/tracking/advanced_tracker.py:kalman_homography,
S,10,753,PREDICTION,src/tracking/advanced_tracker.py:kalman_homography,
S,0,753,PREDICTION,src/tracking/advanced_tracker.py:flow_gapfill_batched,
S,2,753,PREDICTION,src/tracking/advanced_tracker.py:flow_gapfill_batched,
D,0,753
S,4,753,PREDICTION,src/tracking/advanced_tracker.py:id_merge,
L,1,753,DETECTION,src/tracking/advanced_tracker.py:_activate_slot,753_243_148_474_258
R,DETECTION,DETECTION,1
L,2,753,PREDICTION,src/tracking/advanced_tracker.py:flow_gapfill_batched,
R,CLAMP,CLAMP,0
L,3,753,PREDICTION,src/tracking/advanced_tracker.py:kalman_homography,
R,CLAMP,CLAMP,0
L,4,753,PREDICTION,src/tracking/advanced_tracker.py:id_merge,
R,PREDICTION,SUBPIXEL,0
A,753
S,4,756,DETECTION,src/tracking/advanced_tracker.py:_activate_slot,756_727_1173_1032_1296
S,1,756,PREDICTION,src/tracking/advanced_tracker.py:kalman_homography,
S,3,756,PREDICTION,src/tracking/advanced_tracker.py:kalman_homography,
S,10,756,PREDICTION,src/tracking/advanced_tracker.py:kalman_homography,
S,0,756,PREDICTION,src/tracking/advanced_tracker.py:flow_gapfill_batched,
D,0,756
S,4,756,PREDICTION,src/tracking/advanced_tracker.py:id_merge,
L,1,756,PREDICTION,src/tracking/advanced_tracker.py:kalman_homography,
R,PREDICTION,PREDICTION,1
L,3,756,PREDICTION,src/tracking/advanced_tracker.py:kalman_homography,
R,CLAMP,CLAMP,0
L,4,756,PREDICTION,src/tracking/advanced_tracker.py:id_merge,
R,PREDICTION,PREDICTION,1
A,756
S,4,759,DETECTION,src/tracking/advanced_tracker.py:_activate_slot,759_724_1173_1032_1297
S,1,759,PREDICTION,src/tracking/advanced_tracker.py:kalman_homography,
S,3,759,PREDICTION,src/tracking/advanced_tracker.py:kalman_homography,
S,10,759,PREDICTION,src/tracking/advanced_tracker.py:kalman_homography,
S,0,759,PREDICTION,src/tracking/advanced_tracker.py:flow_gapfill_batched,
D,0,759
S,4,759,PREDICTION,src/tracking/advanced_tracker.py:id_merge,
L,1,759,PREDICTION,src/tracking/advanced_tracker.py:kalman_homography,
R,PREDICTION,PREDICTION,1
L,3,759,PREDICTION,src/tracking/advanced_tracker.py:kalman_homography,
R,CLAMP,CLAMP,0
L,4,759,PREDICTION,src/tracking/advanced_tracker.py:id_merge,
R,PREDICTION,SUBPIXEL,0
A,759
S,4,762,DETECTION,src/tracking/advanced_tracker.py:_activate_slot,762_721_1174_1030_1302
S,1,762,DETECTION,src/tracking/advanced_tracker.py:_activate_slot,762_244_166_461_270
S,3,762,PREDICTION,src/tracking/advanced_tracker.py:kalman_homography,
S,10,762,PREDICTION,src/tracking/advanced_tracker.py:kalman_homography,
S,0,762,PREDICTION,src/tracking/advanced_tracker.py:flow_gapfill_batched,
D,0,762
S,4,762,PREDICTION,src/tracking/advanced_tracker.py:id_merge,
L,1,762,DETECTION,src/tracking/advanced_tracker.py:_activate_slot,762_244_166_461_270
R,CLAMP,CLAMP,0
L,3,762,PREDICTION,src/tracking/advanced_tracker.py:kalman_homography,
R,CLAMP,CLAMP,0
L,4,762,PREDICTION,src/tracking/advanced_tracker.py:id_merge,
R,PREDICTION,PREDICTION,1
A,762
S,4,765,DETECTION,src/tracking/advanced_tracker.py:_activate_slot,765_714_1190_864_1308
S,3,765,DETECTION,src/tracking/advanced_tracker.py:_activate_slot,765_215_853_482_988
S,1,765,PREDICTION,src/tracking/advanced_tracker.py:kalman_homography,
S,10,765,PREDICTION,src/tracking/advanced_tracker.py:kalman_homography,
S,0,765,PREDICTION,src/tracking/advanced_tracker.py:flow_gapfill_batched,
D,0,765
S,4,765,PREDICTION,src/tracking/advanced_tracker.py:id_merge,
L,1,765,PREDICTION,src/tracking/advanced_tracker.py:kalman_homography,
R,PREDICTION,PREDICTION,1
L,3,765,DETECTION,src/tracking/advanced_tracker.py:_activate_slot,765_215_853_482_988
R,CLAMP,CLAMP,0
L,4,765,PREDICTION,src/tracking/advanced_tracker.py:id_merge,
R,PREDICTION,PREDICTION,1
A,765
