S,0,968,DETECTION,src/tracking/advanced_tracker.py:_activate_slot,968_441_423_799_585
S,1,968,DETECTION,src/tracking/advanced_tracker.py:_activate_slot,968_154_952_337_1038
L,0,968,DETECTION,src/tracking/advanced_tracker.py:_activate_slot,968_441_423_799_585
R,DETECTION,DETECTION,1
L,1,968,DETECTION,src/tracking/advanced_tracker.py:_activate_slot,968_154_952_337_1038
R,DETECTION,DETECTION,1
A,968
S,0,971,PREDICTION,src/tracking/advanced_tracker.py:kalman_homography,
S,1,971,PREDICTION,src/tracking/advanced_tracker.py:kalman_homography,
L,0,971,PREDICTION,src/tracking/advanced_tracker.py:kalman_homography,
R,PREDICTION,PREDICTION,1
L,1,971,PREDICTION,src/tracking/advanced_tracker.py:kalman_homography,
R,PREDICTION,PREDICTION,1
A,971
S,5,974,DETECTION,src/tracking/advanced_tracker.py:_activate_slot,974_156_966_337_1059
S,2,974,DETECTION,src/tracking/advanced_tracker.py:_activate_slot,974_330_924_501_1014
S,0,974,PREDICTION,src/tracking/advanced_tracker.py:kalman_homography,
S,1,974,PREDICTION,src/tracking/advanced_tracker.py:kalman_homography,
L,0,974,PREDICTION,src/tracking/advanced_tracker.py:kalman_homography,
R,PREDICTION,SUBPIXEL,0
L,1,974,PREDICTION,src/tracking/advanced_tracker.py:kalman_homography,
R,PREDICTION,SUBPIXEL,0
L,2,974,DETECTION,src/tracking/advanced_tracker.py:_activate_slot,974_330_924_501_1014
R,DETECTION,DETECTION,1
L,5,974,DETECTION,src/tracking/advanced_tracker.py:_activate_slot,974_156_966_337_1059
R,DETECTION,DETECTION,1
A,974
S,5,977,DETECTION,src/tracking/advanced_tracker.py:_activate_slot,977_158_973_340_1063
S,0,977,PREDICTION,src/tracking/advanced_tracker.py:kalman_homography,
S,1,977,PREDICTION,src/tracking/advanced_tracker.py:kalman_homography,
S,2,977,PREDICTION,src/tracking/advanced_tracker.py:kalman_homography,
L,0,977,PREDICTION,src/tracking/advanced_tracker.py:kalman_homography,
R,PREDICTION,SUBPIXEL,0
L,1,977,PREDICTION,src/tracking/advanced_tracker.py:kalman_homography,
R,PREDICTION,SUBPIXEL,0
L,2,977,PREDICTION,src/tracking/advanced_tracker.py:kalman_homography,
R,PREDICTION,PREDICTION,1
L,5,977,DETECTION,src/tracking/advanced_tracker.py:_activate_slot,977_158_973_340_1063
R,DETECTION,DETECTION,1
A,977
S,5,980,DETECTION,src/tracking/advanced_tracker.py:_activate_slot,980_157_978_342_1071
S,0,980,PREDICTION,src/tracking/advanced_tracker.py:kalman_homography,
S,1,980,PREDICTION,src/tracking/advanced_tracker.py:kalman_homography,
S,2,980,PREDICTION,src/tracking/advanced_tracker.py:kalman_homography,
L,0,980,PREDICTION,src/tracking/advanced_tracker.py:kalman_homography,
R,PREDICTION,SUBPIXEL,0
L,1,980,PREDICTION,src/tracking/advanced_tracker.py:kalman_homography,
R,PREDICTION,SUBPIXEL,0
L,2,980,PREDICTION,src/tracking/advanced_tracker.py:kalman_homography,
R,PREDICTION,SUBPIXEL,0
L,5,980,DETECTION,src/tracking/advanced_tracker.py:_activate_slot,980_157_978_342_1071
R,DETECTION,DETECTION,1
A,980
S,0,983,PREDICTION,src/tracking/advanced_tracker.py:kalman_homography,
S,1,983,PREDICTION,src/tracking/advanced_tracker.py:kalman_homography,
S,2,983,PREDICTION,src/tracking/advanced_tracker.py:kalman_homography,
S,5,983,PREDICTION,src/tracking/advanced_tracker.py:kalman_homography,
L,0,983,PREDICTION,src/tracking/advanced_tracker.py:kalman_homography,
R,PREDICTION,SUBPIXEL,0
L,1,983,PREDICTION,src/tracking/advanced_tracker.py:kalman_homography,
R,PREDICTION,SUBPIXEL,0
L,2,983,PREDICTION,src/tracking/advanced_tracker.py:kalman_homography,
R,PREDICTION,SUBPIXEL,0
L,5,983,PREDICTION,src/tracking/advanced_tracker.py:kalman_homography,
R,PREDICTION,PREDICTION,1
A,983
S,5,986,DETECTION,src/tracking/advanced_tracker.py:_activate_slot,986_160_996_342_1083
S,0,986,PREDICTION,src/tracking/advanced_tracker.py:kalman_homography,
S,1,986,PREDICTION,src/tracking/advanced_tracker.py:kalman_homography,
S,2,986,PREDICTION,src/tracking/advanced_tracker.py:kalman_homography,
L,0,986,PREDICTION,src/tracking/advanced_tracker.py:kalman_homography,
R,PREDICTION,SUBPIXEL,0
L,1,986,PREDICTION,src/tracking/advanced_tracker.py:kalman_homography,
R,PREDICTION,SUBPIXEL,0
L,2,986,PREDICTION,src/tracking/advanced_tracker.py:kalman_homography,
R,PREDICTION,SUBPIXEL,0
L,5,986,DETECTION,src/tracking/advanced_tracker.py:_activate_slot,986_160_996_342_1083
R,DETECTION,DETECTION,1
A,986
S,3,989,DETECTION,src/tracking/advanced_tracker.py:_activate_slot,989_313_804_579_935
S,5,989,DETECTION,src/tracking/advanced_tracker.py:_activate_slot,989_157_996_341_1089
S,0,989,PREDICTION,src/tracking/advanced_tracker.py:kalman_homography,
S,1,989,PREDICTION,src/tracking/advanced_tracker.py:kalman_homography,
S,2,989,PREDICTION,src/tracking/advanced_tracker.py:kalman_homography,
D,2,989
S,3,989,PREDICTION,src/tracking/advanced_tracker.py:id_merge,
L,0,989,PREDICTION,src/tracking/advanced_tracker.py:kalman_homography,
R,PREDICTION,SUBPIXEL,0
L,1,989,PREDICTION,src/tracking/advanced_tracker.py:kalman_homography,
R,PREDICTION,SUBPIXEL,0
L,3,989,PREDICTION,src/tracking/advanced_tracker.py:id_merge,
R,PREDICTION,PREDICTION,1
L,5,989,DETECTION,src/tracking/advanced_tracker.py:_activate_slot,989_157_996_341_1089
R,DETECTION,DETECTION,1
A,989
S,4,992,DETECTION,src/tracking/advanced_tracker.py:_activate_slot,992_314_783_549_906
S,2,992,PREDICTION,src/tracking/advanced_tracker.py:kalman_homography,
S,3,992,PREDICTION,src/tracking/advanced_tracker.py:kalman_homography,
S,5,992,PREDICTION,src/tracking/advanced_tracker.py:kalman_homography,
S,0,992,PREDICTION,src/tracking/advanced_tracker.py:flow_gapfill_batched,
S,1,992,PREDICTION,src/tracking/advanced_tracker.py:flow_gapfill_batched,
D,1,992
S,4,992,PREDICTION,src/tracking/advanced_tracker.py:id_merge,
D,2,992
S,3,992,PREDICTION,src/tracking/advanced_tracker.py:id_merge,
L,0,992,PREDICTION,src/tracking/advanced_tracker.py:flow_gapfill_batched,
R,PREDICTION,PREDICTION,1
L,3,992,PREDICTION,src/tracking/advanced_tracker.py:id_merge,
R,PREDICTION,PREDICTION,1
L,4,992,PREDICTION,src/tracking/advanced_tracker.py:id_merge,
R,PREDICTION,PREDICTION,1
L,5,992,PREDICTION,src/tracking/advanced_tracker.py:kalman_homography,
R,PREDICTION,PREDICTION,1
A,992
S,5,995,DETECTION,src/tracking/advanced_tracker.py:_activate_slot,995_159_1018_344_1108
S,2,995,PREDICTION,src/tracking/advanced_tracker.py:kalman_homography,
S,3,995,PREDICTION,src/tracking/advanced_tracker.py:kalman_homography,
S,4,995,PREDICTION,src/tracking/advanced_tracker.py:kalman_homography,
D,2,995
S,3,995,PREDICTION,src/tracking/advanced_tracker.py:id_merge,
D,3,995
S,4,995,PREDICTION,src/tracking/advanced_tracker.py:id_merge,
L,4,995,PREDICTION,src/tracking/advanced_tracker.py:id_merge,
R,PREDICTION,PREDICTION,1
L,5,995,DETECTION,src/tracking/advanced_tracker.py:_activate_slot,995_159_1018_344_1108
R,DETECTION,DETECTION,1
A,995
S,3,998,PREDICTION,src/tracking/advanced_tracker.py:kalman_homography,
S,4,998,PREDICTION,src/tracking/advanced_tracker.py:kalman_homography,
S,5,998,PREDICTION,src/tracking/advanced_tracker.py:kalman_homography,
S,2,998,PREDICTION,src/tracking/advanced_tracker.py:flow_gapfill_batched,
D,2,998
S,3,998,PREDICTION,src/tracking/advanced_tracker.py:id_merge,
D,3,998
S,4,998,PREDICTION,src/tracking/advanced_tracker.py:id_merge,
L,4,998,PREDICTION,src/tracking/advanced_tracker.py:id_merge,
R,PREDICTION,SUBPIXEL,0
L,5,998,PREDICTION,src/tracking/advanced_tracker.py:kalman_homography,
R,PREDICTION,PREDICTION,1
A,998
S,3,1001,PREDICTION,src/tracking/advanced_tracker.py:kalman_homography,
S,4,1001,PREDICTION,src/tracking/advanced_tracker.py:kalman_homography,
S,5,1001,PREDICTION,src/tracking/advanced_tracker.py:kalman_homography,
D,3,1001
S,4,1001,PREDICTION,src/tracking/advanced_tracker.py:id_merge,
L,4,1001,PREDICTION,src/tracking/advanced_tracker.py:id_merge,
R,PREDICTION,SUBPIXEL,0
L,5,1001,PREDICTION,src/tracking/advanced_tracker.py:kalman_homography,
R,PREDICTION,PREDICTION,1
A,1001
S,3,1004,PREDICTION,src/tracking/advanced_tracker.py:kalman_homography,
S,4,1004,PREDICTION,src/tracking/advanced_tracker.py:kalman_homography,
S,5,1004,PREDICTION,src/tracking/advanced_tracker.py:kalman_homography,
D,3,1004
S,4,1004,PREDICTION,src/tracking/advanced_tracker.py:id_merge,
L,4,1004,PREDICTION,src/tracking/advanced_tracker.py:id_merge,
R,PREDICTION,SUBPIXEL,0
L,5,1004,PREDICTION,src/tracking/advanced_tracker.py:kalman_homography,
R,PREDICTION,PREDICTION,1
A,1004
S,3,1007,PREDICTION,src/tracking/advanced_tracker.py:kalman_homography,
S,4,1007,PREDICTION,src/tracking/advanced_tracker.py:kalman_homography,
S,5,1007,PREDICTION,src/tracking/advanced_tracker.py:kalman_homography,
D,3,1007
S,4,1007,PREDICTION,src/tracking/advanced_tracker.py:id_merge,
L,4,1007,PREDICTION,src/tracking/advanced_tracker.py:id_merge,
R,PREDICTION,SUBPIXEL,0
L,5,1007,PREDICTION,src/tracking/advanced_tracker.py:kalman_homography,
R,PREDICTION,PREDICTION,1
A,1007
S,3,1010,PREDICTION,src/tracking/advanced_tracker.py:kalman_homography,
S,4,1010,PREDICTION,src/tracking/advanced_tracker.py:kalman_homography,
S,5,1010,PREDICTION,src/tracking/advanced_tracker.py:kalman_homography,
D,3,1010
S,4,1010,PREDICTION,src/tracking/advanced_tracker.py:id_merge,
L,4,1010,PREDICTION,src/tracking/advanced_tracker.py:id_merge,
R,PREDICTION,SUBPIXEL,0
L,5,1010,PREDICTION,src/tracking/advanced_tracker.py:kalman_homography,
R,PREDICTION,PREDICTION,1
A,1010
S,5,1013,DETECTION,src/tracking/advanced_tracker.py:_activate_slot,1013_163_1078_345_1165
S,0,1013,DETECTION,src/tracking/advanced_tracker.py:_activate_slot,1013_329_763_576_880
S,4,1013,PREDICTION,src/tracking/advanced_tracker.py:kalman_homography,
S,3,1013,PREDICTION,src/tracking/advanced_tracker.py:flow_gapfill_batched,
D,3,1013
S,0,1013,PREDICTION,src/tracking/advanced_tracker.py:id_merge,
D,4,1013
S,0,1013,PREDICTION,src/tracking/advanced_tracker.py:id_merge,
L,0,1013,PREDICTION,src/tracking/advanced_tracker.py:id_merge,
R,PREDICTION,PREDICTION,1
L,5,1013,DETECTION,src/tracking/advanced_tracker.py:_activate_slot,1013_163_1078_345_1165
R,DETECTION,DETECTION,1
A,1013
S,1,1016,DETECTION,src/tracking/advanced_tracker.py:_activate_slot,1016_324_756_568_867
S,5,1016,DETECTION,src/tracking/advanced_tracker.py:_activate_slot,1016_168_1086_344_1173
S,0,1016,PREDICTION,src/tracking/advanced_tracker.py:kalman_homography,
S,4,1016,PREDICTION,src/tracking/advanced_tracker.py:flow_gapfill_batched,
D,0,1016
S,1,1016,PREDICTION,src/tracking/advanced_tracker.py:id_merge,
D,4,1016
S,1,1016,PREDICTION,src/tracking/advanced_tracker.py:id_merge,
L,1,1016,PREDICTION,src/tracking/advanced_tracker.py:id_merge,
R,PREDICTION,PREDICTION,1
L,5,1016,DETECTION,src/tracking/advanced_tracker.py:_activate_slot,1016_168_1086_344_1173
R,DETECTION,DETECTION,1
A,1016
S,5,1019,DETECTION,src/tracking/advanced_tracker.py:_activate_slot,1019_164_1092_346_1182
S,2,1019,DETECTION,src/tracking/advanced_tracker.py:_activate_slot,1019_325_735_558_848
S,0,1019,PREDICTION,src/tracking/advanced_tracker.py:kalman_homography,
S,1,1019,PREDICTION,src/tracking/advanced_tracker.py:kalman_homography,
D,0,1019
S,1,1019,PREDICTION,src/tracking/advanced_tracker.py:id_merge,
D,1,1019
S,2,1019,PREDICTION,src/tracking/advanced_tracker.py:id_merge,
L,2,1019,PREDICTION,src/tracking/advanced_tracker.py:id_merge,
R,PREDICTION,PREDICTION,1
L,5,1019,DETECTION,src/tracking/advanced_tracker.py:_activate_slot,1019_164_1092_346_1182
R,DETECTION,DETECTION,1
A,1019
S,5,1022,DETECTION,src/tracking/advanced_tracker.py:_activate_slot,1022_162_1098_345_1188
S,0,1022,PREDICTION,src/tracking/advanced_tracker.py:kalman_homography,
S,1,1022,PREDICTION,src/tracking/advanced_tracker.py:kalman_homography,
S,2,1022,PREDICTION,src/tracking/advanced_tracker.py:kalman_homography,
D,0,1022
S,1,1022,PREDICTION,src/tracking/advanced_tracker.py:id_merge,
D,1,1022
S,2,1022,PREDICTION,src/tracking/advanced_tracker.py:id_merge,
L,2,1022,PREDICTION,src/tracking/advanced_tracker.py:id_merge,
R,PREDICTION,PREDICTION,1
L,5,1022,DETECTION,src/tracking/advanced_tracker.py:_activate_slot,1022_162_1098_345_1188
R,DETECTION,DETECTION,1
A,1022
S,5,1025,DETECTION,src/tracking/advanced_tracker.py:_activate_slot,1025_165_1106_349_1194
S,0,1025,PREDICTION,src/tracking/advanced_tracker.py:kalman_homography,
S,1,1025,PREDICTION,src/tracking/advanced_tracker.py:kalman_homography,
S,2,1025,PREDICTION,src/tracking/advanced_tracker.py:kalman_homography,
D,0,1025
S,1,1025,PREDICTION,src/tracking/advanced_tracker.py:id_merge,
D,1,1025
S,2,1025,PREDICTION,src/tracking/advanced_tracker.py:id_merge,
L,2,1025,PREDICTION,src/tracking/advanced_tracker.py:id_merge,
R,PREDICTION,SUBPIXEL,0
L,5,1025,DETECTION,src/tracking/advanced_tracker.py:_activate_slot,1025_165_1106_349_1194
R,DETECTION,DETECTION,1
A,1025
S,2,1028,DETECTION,src/tracking/advanced_tracker.py:_activate_slot,1028_329_676_619_801
S,5,1028,DETECTION,src/tracking/advanced_tracker.py:_activate_slot,1028_166_1110_346_1197
S,0,1028,PREDICTION,src/tracking/advanced_tracker.py:kalman_homography,
S,1,1028,PREDICTION,src/tracking/advanced_tracker.py:kalman_homography,
D,0,1028
S,1,1028,PREDICTION,src/tracking/advanced_tracker.py:id_merge,
D,1,1028
S,2,1028,PREDICTION,src/tracking/advanced_tracker.py:id_merge,
L,2,1028,PREDICTION,src/tracking/advanced_tracker.py:id_merge,
R,PREDICTION,PREDICTION,1
L,5,1028,DETECTION,src/tracking/advanced_tracker.py:_activate_slot,1028_166_1110_346_1197
R,DETECTION,DETECTION,1
A,1028
S,5,1031,DETECTION,src/tracking/advanced_tracker.py:_activate_slot,1031_169_1117_347_1201
S,0,1031,PREDICTION,src/tracking/advanced_tracker.py:kalman_homography,
S,1,1031,PREDICTION,src/tracking/advanced_tracker.py:kalman_homography,
S,2,1031,PREDICTION,src/tracking/advanced_tracker.py:kalman_homography,
D,0,1031
S,1,1031,PREDICTION,src/tracking/advanced_tracker.py:id_merge,
D,1,1031
S,2,1031,PREDICTION,src/tracking/advanced_tracker.py:id_merge,
L,2,1031,PREDICTION,src/tracking/advanced_tracker.py:id_merge,
R,PREDICTION,PREDICTION,1
L,5,1031,DETECTION,src/tracking/advanced_tracker.py:_activate_slot,1031_169_1117_347_1201
R,DETECTION,DETECTION,1
A,1031
S,2,1034,DETECTION,src/tracking/advanced_tracker.py:_activate_slot,1034_425_639_615_803
S,5,1034,DETECTION,src/tracking/advanced_tracker.py:_activate_slot,1034_168_1120_347_1204
S,3,1034,DETECTION,src/tracking/advanced_tracker.py:_activate_slot,1034_387_739_617_898
S,0,1034,PREDICTION,src/tracking/advanced_tracker.py:kalman_homography,
S,1,1034,PREDICTION,src/tracking/advanced_tracker.py:kalman_homography,
D,0,1034
S,1,1034,PREDICTION,src/tracking/advanced_tracker.py:id_merge,
D,1,1034
S,2,1034,PREDICTION,src/tracking/advanced_tracker.py:id_merge,
L,2,1034,PREDICTION,src/tracking/advanced_tracker.py:id_merge,
R,PREDICTION,PREDICTION,1
L,3,1034,DETECTION,src/tracking/advanced_tracker.py:_activate_slot,1034_387_739_617_898
R,DETECTION,DETECTION,1
L,5,1034,DETECTION,src/tracking/advanced_tracker.py:_activate_slot,1034_168_1120_347_1204
R,DETECTION,DETECTION,1
A,1034
S,5,1037,DETECTION,src/tracking/advanced_tracker.py:_activate_slot,1037_166_1132_346_1218
S,4,1037,DETECTION,src/tracking/advanced_tracker.py:_activate_slot,1037_387_826_586_954
S,1,1037,PREDICTION,src/tracking/advanced_tracker.py:kalman_homography,
S,2,1037,PREDICTION,src/tracking/advanced_tracker.py:kalman_homography,
S,3,1037,PREDICTION,src/tracking/advanced_tracker.py:kalman_homography,
S,0,1037,PREDICTION,src/tracking/advanced_tracker.py:flow_gapfill_batched,
D,0,1037
S,1,1037,PREDICTION,src/tracking/advanced_tracker.py:id_merge,
D,1,1037
S,2,1037,PREDICTION,src/tracking/advanced_tracker.py:id_merge,
D,3,1037
S,4,1037,PREDICTION,src/tracking/advanced_tracker.py:id_merge,
L,2,1037,PREDICTION,src/tracking/advanced_tracker.py:id_merge,
R,PREDICTION,PREDICTION,1
L,4,1037,PREDICTION,src/tracking/advanced_tracker.py:id_merge,
R,PREDICTION,PREDICTION,1
L,5,1037,DETECTION,src/tracking/advanced_tracker.py:_activate_slot,1037_166_1132_346_1218
R,DETECTION,DETECTION,1
A,1037
S,5,1040,DETECTION,src/tracking/advanced_tracker.py:_activate_slot,1040_168_1136_346_1221
S,2,1040,PREDICTION,src/tracking/advanced_tracker.py:kalman_homography,
S,3,1040,PREDICTION,src/tracking/advanced_tracker.py:kalman_homography,
S,1,1040,PREDICTION,src/tracking/advanced_tracker.py:flow_gapfill_batched,
D,1,1040
S,2,1040,PREDICTION,src/tracking/advanced_tracker.py:id_merge,
D,2,1040
S,3,1040,PREDICTION,src/tracking/advanced_tracker.py:id_merge,
L,3,1040,PREDICTION,src/tracking/advanced_tracker.py:id_merge,
R,PREDICTION,PREDICTION,1
L,5,1040,DETECTION,src/tracking/advanced_tracker.py:_activate_slot,1040_168_1136_346_1221
R,DETECTION,DETECTION,1
A,1040
S,5,1043,DETECTION,src/tracking/advanced_tracker.py:_activate_slot,1043_172_1143_346_1230
S,2,1043,PREDICTION,src/tracking/advanced_tracker.py:kalman_homography,
S,3,1043,PREDICTION,src/tracking/advanced_tracker.py:kalman_homography,
S,4,1043,PREDICTION,src/tracking/advanced_tracker.py:flow_gapfill_batched,
D,2,1043
S,3,1043,PREDICTION,src/tracking/advanced_tracker.py:id_merge,
D,3,1043
S,4,1043,PREDICTION,src/tracking/advanced_tracker.py:id_merge,
L,4,1043,PREDICTION,src/tracking/advanced_tracker.py:id_merge,
R,PREDICTION,PREDICTION,1
L,5,1043,DETECTION,src/tracking/advanced_tracker.py:_activate_slot,1043_172_1143_346_1230
R,DETECTION,DETECTION,1
A,1043
S,2,1046,PREDICTION,src/tracking/advanced_tracker.py:kalman_homography,
S,3,1046,PREDICTION,src/tracking/advanced_tracker.py:kalman_homography,
S,5,1046,PREDICTION,src/tracking/advanced_tracker.py:flow_gapfill_batched,
D,2,1046
S,3,1046,PREDICTION,src/tracking/advanced_tracker.py:id_merge,
L,3,1046,PREDICTION,src/tracking/advanced_tracker.py:id_merge,
R,PREDICTION,SUBPIXEL,0
L,5,1046,PREDICTION,src/tracking/advanced_tracker.py:flow_gapfill_batched,
R,PREDICTION,PREDICTION,1
A,1046
S,5,1049,DETECTION,src/tracking/advanced_tracker.py:_activate_slot,1049_168_1158_344_1242
S,2,1049,PREDICTION,src/tracking/advanced_tracker.py:kalman_homography,
S,3,1049,PREDICTION,src/tracking/advanced_tracker.py:kalman_homography,
D,2,1049
S,3,1049,PREDICTION,src/tracking/advanced_tracker.py:id_merge,
L,3,1049,PREDICTION,src/tracking/advanced_tracker.py:id_merge,
R,PREDICTION,SUBPIXEL,0
L,5,1049,DETECTION,src/tracking/advanced_tracker.py:_activate_slot,1049_168_1158_344_1242
R,DETECTION,DETECTION,1
A,1049
S,2,1052,PREDICTION,src/tracking/advanced_tracker.py:kalman_homography,
S,3,1052,PREDICTION,src/tracking/advanced_tracker.py:kalman_homography,
S,4,1052,PREDICTION,src/tracking/advanced_tracker.py:flow_gapfill_batched,
D,3,1052
S,4,1052,PREDICTION,src/tracking/advanced_tracker.py:id_merge,
L,2,1052,PREDICTION,src/tracking/advanced_tracker.py:kalman_homography,
R,PREDICTION,PREDICTION,1
L,4,1052,PREDICTION,src/tracking/advanced_tracker.py:id_merge,
R,PREDICTION,PREDICTION,1
A,1052
S,2,1055,PREDICTION,src/tracking/advanced_tracker.py:kalman_homography,
S,3,1055,PREDICTION,src/tracking/advanced_tracker.py:kalman_homography,
S,4,1055,PREDICTION,src/tracking/advanced_tracker.py:flow_gapfill_batched,
D,3,1055
S,4,1055,PREDICTION,src/tracking/advanced_tracker.py:id_merge,
L,2,1055,PREDICTION,src/tracking/advanced_tracker.py:kalman_homography,
R,PREDICTION,PREDICTION,1
L,4,1055,PREDICTION,src/tracking/advanced_tracker.py:id_merge,
R,PREDICTION,PREDICTION,1
A,1055
S,5,1058,CLAMP,src/tracking/advanced_tracker.py:_activate_slot,1058_238_1434_470_1543
S,6,1058,DETECTION,src/tracking/advanced_tracker.py:_activate_slot,1058_552_193_806_313
S,0,1058,DETECTION,src/tracking/advanced_tracker.py:_activate_slot,1058_339_702_573_843
S,7,1058,DETECTION,src/tracking/advanced_tracker.py:_activate_slot,1058_168_1167_346_1254
S,4,1058,PREDICTION,src/tracking/advanced_tracker.py:kalman_homography,
S,2,1058,PREDICTION,src/tracking/advanced_tracker.py:flow_gapfill_batched,
S,3,1058,PREDICTION,src/tracking/advanced_tracker.py:flow_gapfill_batched,
D,2,1058
S,0,1058,PREDICTION,src/tracking/advanced_tracker.py:id_merge,
D,3,1058
S,0,1058,PREDICTION,src/tracking/advanced_tracker.py:id_merge,
D,4,1058
S,0,1058,PREDICTION,src/tracking/advanced_tracker.py:id_merge,
L,0,1058,PREDICTION,src/tracking/advanced_tracker.py:id_merge,
R,CLAMP,CLAMP,0
L,5,1058,CLAMP,src/tracking/advanced_tracker.py:_activate_slot,1058_238_1434_470_1543
R,CLAMP,CLAMP,0
L,6,1058,DETECTION,src/tracking/advanced_tracker.py:_activate_slot,1058_552_193_806_313
R,DETECTION,DETECTION,1
L,7,1058,DETECTION,src/tracking/advanced_tracker.py:_activate_slot,1058_168_1167_346_1254
R,DETECTION,DETECTION,1
A,1058
S,0,1061,DETECTION,src/tracking/advanced_tracker.py:_activate_slot,1061_339_700_572_847
S,8,1061,DETECTION,src/tracking/advanced_tracker.py:_activate_slot,1061_240_1417_467_1546
S,9,1061,DETECTION,src/tracking/advanced_tracker.py:_activate_slot,1061_288_1261_478_1363
S,1,1061,DETECTION,src/tracking/advanced_tracker.py:_activate_slot,1061_670_1293_903_1419
S,5,1061,PREDICTION,src/tracking/advanced_tracker.py:kalman_homography,
S,6,1061,PREDICTION,src/tracking/advanced_tracker.py:kalman_homography,
S,7,1061,PREDICTION,src/tracking/advanced_tracker.py:kalman_homography,
S,4,1061,PREDICTION,src/tracking/advanced_tracker.py:flow_gapfill_batched,
D,4,1061
S,0,1061,PREDICTION,src/tracking/advanced_tracker.py:id_merge,
D,5,1061
S,8,1061,PREDICTION,src/tracking/advanced_tracker.py:id_merge,
D,7,1061
S,9,1061,PREDICTION,src/tracking/advanced_tracker.py:id_merge,
D,8,1061
S,9,1061,PREDICTION,src/tracking/advanced_tracker.py:id_merge,
L,0,1061,PREDICTION,src/tracking/advanced_tracker.py:id_merge,
R,CLAMP,CLAMP,0
L,1,1061,DETECTION,src/tracking/advanced_tracker.py:_activate_slot,1061_670_1293_903_1419
R,CLAMP,CLAMP,0
L,6,1061,PREDICTION,src/tracking/advanced_tracker.py:kalman_homography,
R,PREDICTION,PREDICTION,1
L,9,1061,PREDICTION,src/tracking/advanced_tracker.py:id_merge,
R,PREDICTION,PREDICTION,1
A,1061
S,0,1064,DETECTION,src/tracking/advanced_tracker.py:_activate_slot,1064_339_705_570_855
S,8,1064,DETECTION,src/tracking/advanced_tracker.py:_activate_slot,1064_249_1407_464_1555
S,9,1064,DETECTION,src/tracking/advanced_tracker.py:_activate_slot,1064_291_1257_474_1368
S,7,1064,DETECTION,src/tracking/advanced_tracker.py:_activate_slot,1064_168_1182_347_1269
S,1,1064,PREDICTION,src/tracking/advanced_tracker.py:kalman_homography,
S,5,1064,PREDICTION,src/tracking/advanced_tracker.py:kalman_homography,
S,6,1064,PREDICTION,src/tracking/advanced_tracker.py:kalman_homography,
D,5,1064
S,8,1064,PREDICTION,src/tracking/advanced_tracker.py:id_merge,
D,7,1064
S,9,1064,PREDICTION,src/tracking/advanced_tracker.py:id_merge,
D,8,1064
S,9,1064,PREDICTION,src/tracking/advanced_tracker.py:id_merge,
L,0,1064,DETECTION,src/tracking/advanced_tracker.py:_activate_slot,1064_339_705_570_855
R,CLAMP,CLAMP,0
L,1,1064,PREDICTION,src/tracking/advanced_tracker.py:kalman_homography,
R,CLAMP,CLAMP,0
L,6,1064,PREDICTION,src/tracking/advanced_tracker.py:kalman_homography,
R,PREDICTION,SUBPIXEL,0
L,9,1064,PREDICTION,src/tracking/advanced_tracker.py:id_merge,
R,PREDICTION,PREDICTION,1
A,1064
S,0,1067,DETECTION,src/tracking/advanced_tracker.py:_activate_slot,1067_335_714_566_859
S,8,1067,DETECTION,src/tracking/advanced_tracker.py:_activate_slot,1067_255_1407_464_1561
S,9,1067,DETECTION,src/tracking/advanced_tracker.py:_activate_slot,1067_664_1309_903_1423
S,1,1067,PREDICTION,src/tracking/advanced_tracker.py:kalman_homography,
S,5,1067,PREDICTION,src/tracking/advanced_tracker.py:kalman_homography,
S,6,1067,PREDICTION,src/tracking/advanced_tracker.py:kalman_homography,
S,7,1067,PREDICTION,src/tracking/advanced_tracker.py:kalman_homography,
L,0,1067,DETECTION,src/tracking/advanced_tracker.py:_activate_slot,1067_335_714_566_859
R,CLAMP,CLAMP,0
L,1,1067,PREDICTION,src/tracking/advanced_tracker.py:kalman_homography,
R,CLAMP,CLAMP,0
L,5,1067,PREDICTION,src/tracking/advanced_tracker.py:kalman_homography,
R,CLAMP,CLAMP,0
L,6,1067,PREDICTION,src/tracking/advanced_tracker.py:kalman_homography,
R,PREDICTION,SUBPIXEL,0
L,7,1067,PREDICTION,src/tracking/advanced_tracker.py:kalman_homography,
R,PREDICTION,PREDICTION,1
L,8,1067,DETECTION,src/tracking/advanced_tracker.py:_activate_slot,1067_255_1407_464_1561
R,DETECTION,DETECTION,1
L,9,1067,DETECTION,src/tracking/advanced_tracker.py:_activate_slot,1067_664_1309_903_1423
R,DETECTION,DETECTION,1
A,1067
S,0,1070,DETECTION,src/tracking/advanced_tracker.py:_activate_slot,1070_330_709_553_837
S,8,1070,DETECTION,src/tracking/advanced_tracker.py:_activate_slot,1070_246_1420_461_1573
S,7,1070,DETECTION,src/tracking/advanced_tracker.py:_activate_slot,1070_166_1205_345_1292
S,1,1070,PREDICTION,src/tracking/advanced_tracker.py:kalman_homography,
S,5,1070,PREDICTION,src/tracking/advanced_tracker.py:kalman_homography,
S,6,1070,PREDICTION,src/tracking/advanced_tracker.py:kalman_homography,
S,9,1070,PREDICTION,src/tracking/advanced_tracker.py:flow_gapfill_batched,
L,0,1070,DETECTION,src/tracking/advanced_tracker.py:_activate_slot,1070_330_709_553_837
R,CLAMP,CLAMP,0
L,1,1070,PREDICTION,src/tracking/advanced_tracker.py:kalman_homography,
R,CLAMP,CLAMP,0
L,5,1070,PREDICTION,src/tracking/advanced_tracker.py:kalman_homography,
R,CLAMP,CLAMP,0
L,6,1070,PREDICTION,src/tracking/advanced_tracker.py:kalman_homography,
R,PREDICTION,SUBPIXEL,0
L,7,1070,DETECTION,src/tracking/advanced_tracker.py:_activate_slot,1070_166_1205_345_1292
R,DETECTION,DETECTION,1
L,8,1070,DETECTION,src/tracking/advanced_tracker.py:_activate_slot,1070_246_1420_461_1573
R,DETECTION,DETECTION,1
L,9,1070,PREDICTION,src/tracking/advanced_tracker.py:flow_gapfill_batched,
R,PREDICTION,PREDICTION,1
A,1070
S,0,1073,DETECTION,src/tracking/advanced_tracker.py:_activate_slot,1073_329_615_548_831
S,8,1073,DETECTION,src/tracking/advanced_tracker.py:_activate_slot,1073_242_1432_460_1579
S,1,1073,PREDICTION,src/tracking/advanced_tracker.py:kalman_homography,
S,5,1073,PREDICTION,src/tracking/advanced_tracker.py:kalman_homography,
S,6,1073,PREDICTION,src/tracking/advanced_tracker.py:kalman_homography,
S,7,1073,PREDICTION,src/tracking/advanced_tracker.py:kalman_homography,
S,9,1073,PREDICTION,src/tracking/advanced_tracker.py:flow_gapfill_batched,
L,0,1073,DETECTION,src/tracking/advanced_tracker.py:_activate_slot,1073_329_615_548_831
R,CLAMP,CLAMP,0
L,1,1073,PREDICTION,src/tracking/advanced_tracker.py:kalman_homography,
R,CLAMP,CLAMP,0
L,5,1073,PREDICTION,src/tracking/advanced_tracker.py:kalman_homography,
R,CLAMP,CLAMP,0
L,6,1073,PREDICTION,src/tracking/advanced_tracker.py:kalman_homography,
R,PREDICTION,SUBPIXEL,0
L,7,1073,PREDICTION,src/tracking/advanced_tracker.py:kalman_homography,
R,PREDICTION,PREDICTION,1
L,8,1073,DETECTION,src/tracking/advanced_tracker.py:_activate_slot,1073_242_1432_460_1579
R,DETECTION,DETECTION,1
L,9,1073,PREDICTION,src/tracking/advanced_tracker.py:flow_gapfill_batched,
R,PREDICTION,PREDICTION,1
A,1073
S,0,1076,DETECTION,src/tracking/advanced_tracker.py:_activate_slot,1076_331_612_553_775
S,3,1076,CLAMP,src/tracking/advanced_tracker.py:_activate_slot,1076_336_703_560_840
S,8,1076,DETECTION,src/tracking/advanced_tracker.py:_activate_slot,1076_229_1432_455_1558
S,1,1076,PREDICTION,src/tracking/advanced_tracker.py:kalman_homography,
S,6,1076,PREDICTION,src/tracking/advanced_tracker.py:kalman_homography,
S,7,1076,PREDICTION,src/tracking/advanced_tracker.py:kalman_homography,
S,5,1076,PREDICTION,src/tracking/advanced_tracker.py:flow_gapfill_batched,
S,9,1076,PREDICTION,src/tracking/advanced_tracker.py:flow_gapfill_batched,
D,5,1076
S,8,1076,PREDICTION,src/tracking/advanced_tracker.py:id_merge,
L,0,1076,DETECTION,src/tracking/advanced_tracker.py:_activate_slot,1076_331_612_553_775
R,CLAMP,CLAMP,0
L,1,1076,PREDICTION,src/tracking/advanced_tracker.py:kalman_homography,
R,CLAMP,CLAMP,0
L,3,1076,CLAMP,src/tracking/advanced_tracker.py:_activate_slot,1076_336_703_560_840
R,CLAMP,CLAMP,0
L,6,1076,PREDICTION,src/tracking/advanced_tracker.py:kalman_homography,
R,PREDICTION,SUBPIXEL,0
L,7,1076,PREDICTION,src/tracking/advanced_tracker.py:kalman_homography,
R,PREDICTION,PREDICTION,1
L,8,1076,PREDICTION,src/tracking/advanced_tracker.py:id_merge,
R,PREDICTION,PREDICTION,1
L,9,1076,PREDICTION,src/tracking/advanced_tracker.py:flow_gapfill_batched,
R,PREDICTION,PREDICTION,1
A,1076
S,3,1079,CLAMP,src/tracking/advanced_tracker.py:_activate_slot,1079_336_696_559_844
S,2,1079,DETECTION,src/tracking/advanced_tracker.py:_activate_slot,1079_442_1033_697_1164
S,0,1079,PREDICTION,src/tracking/advanced_tracker.py:kalman_homography,
S,1,1079,PREDICTION,src/tracking/advanced_tracker.py:kalman_homography,
S,6,1079,PREDICTION,src/tracking/advanced_tracker.py:kalman_homography,
S,7,1079,PREDICTION,src/tracking/advanced_tracker.py:kalman_homography,
S,8,1079,PREDICTION,src/tracking/advanced_tracker.py:kalman_homography,
S,5,1079,PREDICTION,src/tracking/advanced_tracker.py:flow_gapfill_batched,
S,9,1079,PREDICTION,src/tracking/advanced_tracker.py:flow_gapfill_batched,
D,5,1079
S,8,1079,PREDICTION,src/tracking/advanced_tracker.py:id_merge,
L,0,1079,PREDICTION,src/tracking/advanced_tracker.py:kalman_homography,
R,CLAMP,CLAMP,0
L,1,1079,PREDICTION,src/tracking/advanced_tracker.py:kalman_homography,
R,CLAMP,CLAMP,0
L,2,1079,DETECTION,src/tracking/advanced_tracker.py:_activate_slot,1079_442_1033_697_1164
R,CLAMP,CLAMP,0
L,3,1079,CLAMP,src/tracking/advanced_tracker.py:_activate_slot,1079_336_696_559_844
R,CLAMP,CLAMP,0
L,6,1079,PREDICTION,src/tracking/advanced_tracker.py:kalman_homography,
R,PREDICTION,SUBPIXEL,0
L,7,1079,PREDICTION,src/tracking/advanced_tracker.py:kalman_homography,
R,PREDICTION,PREDICTION,1
L,8,1079,PREDICTION,src/tracking/advanced_tracker.py:id_merge,
R,PREDICTION,PREDICTION,1
L,9,1079,PREDICTION,src/tracking/advanced_tracker.py:flow_gapfill_batched,
R,PREDICTION,PREDICTION,1
A,1079
S,3,1082,CLAMP,src/tracking/advanced_tracker.py:_activate_slot,1082_315_639_558_842
S,4,1082,DETECTION,src/tracking/advanced_tracker.py:_activate_slot,1082_654_1338_907_1464
S,0,1082,PREDICTION,src/tracking/advanced_tracker.py:kalman_homography,
S,1,1082,PREDICTION,src/tracking/advanced_tracker.py:kalman_homography,
S,2,1082,PREDICTION,src/tracking/advanced_tracker.py:kalman_homography,
S,7,1082,PREDICTION,src/tracking/advanced_tracker.py:kalman_homography,
S,8,1082,PREDICTION,src/tracking/advanced_tracker.py:kalman_homography,
S,5,1082,PREDICTION,src/tracking/advanced_tracker.py:flow_gapfill_batched,
S,6,1082,PREDICTION,src/tracking/advanced_tracker.py:flow_gapfill_batched,
S,9,1082,PREDICTION,src/tracking/advanced_tracker.py:flow_gapfill_batched,
D,1,1082
S,4,1082,PREDICTION,src/tracking/advanced_tracker.py:id_merge,
D,5,1082
S,8,1082,PREDICTION,src/tracking/advanced_tracker.py:id_merge,
L,0,1082,PREDICTION,src/tracking/advanced_tracker.py:kalman_homography,
R,CLAMP,CLAMP,0
L,2,1082,PREDICTION,src/tracking/advanced_tracker.py:kalman_homography,
R,CLAMP,CLAMP,0
L,3,1082,CLAMP,src/tracking/advanced_tracker.py:_activate_slot,1082_315_639_558_842
R,CLAMP,CLAMP,0
L,4,1082,PREDICTION,src/tracking/advanced_tracker.py:id_merge,
R,CLAMP,CLAMP,0
L,6,1082,PREDICTION,src/tracking/advanced_tracker.py:flow_gapfill_batched,
R,PREDICTION,PREDICTION,1
L,7,1082,PREDICTION,src/tracking/advanced_tracker.py:kalman_homography,
R,PREDICTION,PREDICTION,1
L,8,1082,PREDICTION,src/tracking/advanced_tracker.py:id_merge,
R,PREDICTION,PREDICTION,1
L,9,1082,PREDICTION,src/tracking/advanced_tracker.py:flow_gapfill_batched,
R,PREDICTION,PREDICTION,1
A,1082
S,4,1085,DETECTION,src/tracking/advanced_tracker.py:_activate_slot,1085_654_1336_906_1468
S,0,1085,PREDICTION,src/tracking/advanced_tracker.py:kalman_homography,
S,2,1085,PREDICTION,src/tracking/advanced_tracker.py:kalman_homography,
S,3,1085,PREDICTION,src/tracking/advanced_tracker.py:kalman_homography,
S,7,1085,PREDICTION,src/tracking/advanced_tracker.py:kalman_homography,
S,8,1085,PREDICTION,src/tracking/advanced_tracker.py:kalman_homography,
S,1,1085,PREDICTION,src/tracking/advanced_tracker.py:flow_gapfill_batched,
S,9,1085,PREDICTION,src/tracking/advanced_tracker.py:flow_gapfill_batched,
D,0,1085
S,3,1085,PREDICTION,src/tracking/advanced_tracker.py:id_merge,
D,1,1085
S,4,1085,PREDICTION,src/tracking/advanced_tracker.py:id_merge,
L,2,1085,PREDICTION,src/tracking/advanced_tracker.py:kalman_homography,
R,CLAMP,CLAMP,0
L,3,1085,PREDICTION,src/tracking/advanced_tracker.py:id_merge,
R,CLAMP,CLAMP,0
L,4,1085,PREDICTION,src/tracking/advanced_tracker.py:id_merge,
R,CLAMP,CLAMP,0
L,7,1085,PREDICTION,src/tracking/advanced_tracker.py:kalman_homography,
R,PREDICTION,PREDICTION,1
L,8,1085,PREDICTION,src/tracking/advanced_tracker.py:kalman_homography,
R,PREDICTION,PREDICTION,1
L,9,1085,PREDICTION,src/tracking/advanced_tracker.py:flow_gapfill_batched,
R,PREDICTION,PREDICTION,1
A,1085
S,4,1088,DETECTION,src/tracking/advanced_tracker.py:_activate_slot,1088_654_1333_909_1471
S,0,1088,PREDICTION,src/tracking/advanced_tracker.py:kalman_homography,
S,2,1088,PREDICTION,src/tracking/advanced_tracker.py:kalman_homography,
S,3,1088,PREDICTION,src/tracking/advanced_tracker.py:kalman_homography,
S,7,1088,PREDICTION,src/tracking/advanced_tracker.py:kalman_homography,
S,8,1088,PREDICTION,src/tracking/advanced_tracker.py:kalman_homography,
S,9,1088,PREDICTION,src/tracking/advanced_tracker.py:flow_gapfill_batched,
D,0,1088
S,3,1088,PREDICTION,src/tracking/advanced_tracker.py:id_merge,
L,2,1088,PREDICTION,src/tracking/advanced_tracker.py:kalman_homography,
R,CLAMP,CLAMP,0
L,3,1088,PREDICTION,src/tracking/advanced_tracker.py:id_merge,
R,CLAMP,CLAMP,0
L,4,1088,DETECTION,src/tracking/advanced_tracker.py:_activate_slot,1088_654_1333_909_1471
R,CLAMP,CLAMP,0
L,7,1088,PREDICTION,src/tracking/advanced_tracker.py:kalman_homography,
R,PREDICTION,PREDICTION,1
L,8,1088,PREDICTION,src/tracking/advanced_tracker.py:kalman_homography,
R,PREDICTION,PREDICTION,1
L,9,1088,PREDICTION,src/tracking/advanced_tracker.py:flow_gapfill_batched,
R,PREDICTION,PREDICTION,1
A,1088
S,4,1091,DETECTION,src/tracking/advanced_tracker.py:_activate_slot,1091_653_1327_908_1471
S,0,1091,PREDICTION,src/tracking/advanced_tracker.py:kalman_homography,
S,2,1091,PREDICTION,src/tracking/advanced_tracker.py:kalman_homography,
S,3,1091,PREDICTION,src/tracking/advanced_tracker.py:kalman_homography,
S,7,1091,PREDICTION,src/tracking/advanced_tracker.py:kalman_homography,
S,8,1091,PREDICTION,src/tracking/advanced_tracker.py:kalman_homography,
S,9,1091,PREDICTION,src/tracking/advanced_tracker.py:flow_gapfill_batched,
D,0,1091
S,3,1091,PREDICTION,src/tracking/advanced_tracker.py:id_merge,
L,2,1091,PREDICTION,src/tracking/advanced_tracker.py:kalman_homography,
R,CLAMP,CLAMP,0
L,3,1091,PREDICTION,src/tracking/advanced_tracker.py:id_merge,
R,CLAMP,CLAMP,0
L,4,1091,DETECTION,src/tracking/advanced_tracker.py:_activate_slot,1091_653_1327_908_1471
R,CLAMP,CLAMP,0
L,7,1091,PREDICTION,src/tracking/advanced_tracker.py:kalman_homography,
R,PREDICTION,PREDICTION,1
L,8,1091,PREDICTION,src/tracking/advanced_tracker.py:kalman_homography,
R,PREDICTION,PREDICTION,1
L,9,1091,PREDICTION,src/tracking/advanced_tracker.py:flow_gapfill_batched,
R,PREDICTION,PREDICTION,1
A,1091
S,4,1094,DETECTION,src/tracking/advanced_tracker.py:_activate_slot,1094_654_1316_908_1467
S,0,1094,PREDICTION,src/tracking/advanced_tracker.py:kalman_homography,
S,2,1094,PREDICTION,src/tracking/advanced_tracker.py:kalman_homography,
S,3,1094,PREDICTION,src/tracking/advanced_tracker.py:kalman_homography,
S,8,1094,PREDICTION,src/tracking/advanced_tracker.py:kalman_homography,
S,7,1094,PREDICTION,src/tracking/advanced_tracker.py:flow_gapfill_batched,
D,0,1094
S,3,1094,PREDICTION,src/tracking/advanced_tracker.py:id_merge,
L,2,1094,PREDICTION,src/tracking/advanced_tracker.py:kalman_homography,
R,CLAMP,CLAMP,0
L,3,1094,PREDICTION,src/tracking/advanced_tracker.py:id_merge,
R,CLAMP,CLAMP,0
L,4,1094,DETECTION,src/tracking/advanced_tracker.py:_activate_slot,1094_654_1316_908_1467
R,CLAMP,CLAMP,0
L,7,1094,PREDICTION,src/tracking/advanced_tracker.py:flow_gapfill_batched,
R,PREDICTION,PREDICTION,1
L,8,1094,PREDICTION,src/tracking/advanced_tracker.py:kalman_homography,
R,PREDICTION,PREDICTION,1
A,1094
S,4,1097,DETECTION,src/tracking/advanced_tracker.py:_activate_slot,1097_654_1312_908_1462
S,7,1097,DETECTION,src/tracking/advanced_tracker.py:_activate_slot,1097_165_1273_348_1363
S,0,1097,PREDICTION,src/tracking/advanced_tracker.py:kalman_homography,
S,2,1097,PREDICTION,src/tracking/advanced_tracker.py:kalman_homography,
S,3,1097,PREDICTION,src/tracking/advanced_tracker.py:kalman_homography,
S,8,1097,PREDICTION,src/tracking/advanced_tracker.py:kalman_homography,
D,0,1097
S,3,1097,PREDICTION,src/tracking/advanced_tracker.py:id_merge,
L,2,1097,PREDICTION,src/tracking/advanced_tracker.py:kalman_homography,
R,CLAMP,CLAMP,0
L,3,1097,PREDICTION,src/tracking/advanced_tracker.py:id_merge,
R,CLAMP,CLAMP,0
L,4,1097,DETECTION,src/tracking/advanced_tracker.py:_activate_slot,1097_654_1312_908_1462
R,CLAMP,CLAMP,0
L,7,1097,DETECTION,src/tracking/advanced_tracker.py:_activate_slot,1097_165_1273_348_1363
R,DETECTION,DETECTION,1
L,8,1097,PREDICTION,src/tracking/advanced_tracker.py:kalman_homography,
R,PREDICTION,PREDICTION,1
A,1097
S,4,1100,DETECTION,src/tracking/advanced_tracker.py:_activate_slot,1100_652_1312_909_1452
S,7,1100,DETECTION,src/tracking/advanced_tracker.py:_activate_slot,1100_166_1274_346_1362
S,2,1100,PREDICTION,src/tracking/advanced_tracker.py:kalman_homography,
S,3,1100,PREDICTION,src/tracking/advanced_tracker.py:kalman_homography,
S,0,1100,PREDICTION,src/tracking/advanced_tracker.py:flow_gapfill_batched,
S,8,1100,PREDICTION,src/tracking/advanced_tracker.py:flow_gapfill_batched,
D,0,1100
S,3,1100,PREDICTION,src/tracking/advanced_tracker.py:id_merge,
L,2,1100,PREDICTION,src/tracking/advanced_tracker.py:kalman_homography,
R,CLAMP,CLAMP,0
L,3,1100,PREDICTION,src/tracking/advanced_tracker.py:id_merge,
R,CLAMP,CLAMP,0
L,4,1100,DETECTION,src/tracking/advanced_tracker.py:_activate_slot,1100_652_1312_909_1452
R,CLAMP,CLAMP,0
L,7,1100,DETECTION,src/tracking/advanced_tracker.py:_activate_slot,1100_166_1274_346_1362
R,DETECTION,DETECTION,1
L,8,1100,PREDICTION,src/tracking/advanced_tracker.py:flow_gapfill_batched,
R,PREDICTION,PREDICTION,1
A,1100
S,4,1103,DETECTION,src/tracking/advanced_tracker.py:_activate_slot,1103_648_1309_912_1441
S,7,1103,DETECTION,src/tracking/advanced_tracker.py:_activate_slot,1103_164_1272_345_1359
S,5,1103,DETECTION,src/tracking/advanced_tracker.py:_activate_slot,1103_579_1159_850_1284
S,6,1103,DETECTION,src/tracking/advanced_tracker.py:_activate_slot,1103_191_1386_412_1482
S,3,1103,PREDICTION,src/tracking/advanced_tracker.py:kalman_homography,
S,2,1103,PREDICTION,src/tracking/advanced_tracker.py:flow_gapfill_batched,
D,6,1103
S,7,1103,PREDICTION,src/tracking/advanced_tracker.py:id_merge,
L,2,1103,PREDICTION,src/tracking/advanced_tracker.py:flow_gapfill_batched,
R,CLAMP,CLAMP,0
L,3,1103,PREDICTION,src/tracking/advanced_tracker.py:kalman_homography,
R,CLAMP,CLAMP,0
L,4,1103,DETECTION,src/tracking/advanced_tracker.py:_activate_slot,1103_648_1309_912_1441
R,CLAMP,CLAMP,0
L,5,1103,DETECTION,src/tracking/advanced_tracker.py:_activate_slot,1103_579_1159_850_1284
R,CLAMP,CLAMP,0
L,7,1103,PREDICTION,src/tracking/advanced_tracker.py:id_merge,
R,PREDICTION,PREDICTION,1
A,1103
S,1,1106,DETECTION,src/tracking/advanced_tracker.py:_activate_slot,1106_577_1155_847_1281
S,4,1106,DETECTION,src/tracking/advanced_tracker.py:_activate_slot,1106_646_1303_907_1437
S,5,1106,PREDICTION,src/tracking/advanced_tracker.py:kalman_homography,
S,6,1106,PREDICTION,src/tracking/advanced_tracker.py:kalman_homography,
S,7,1106,PREDICTION,src/tracking/advanced_tracker.py:kalman_homography,
S,3,1106,PREDICTION,src/tracking/advanced_tracker.py:flow_gapfill_batched,
D,1,1106
S,4,1106,PREDICTION,src/tracking/advanced_tracker.py:id_merge,
D,6,1106
S,7,1106,PREDICTION,src/tracking/advanced_tracker.py:id_merge,
L,3,1106,PREDICTION,src/tracking/advanced_tracker.py:flow_gapfill_batched,
R,CLAMP,CLAMP,0
L,4,1106,PREDICTION,src/tracking/advanced_tracker.py:id_merge,
R,CLAMP,CLAMP,0
L,5,1106,PREDICTION,src/tracking/advanced_tracker.py:kalman_homography,
R,CLAMP,CLAMP,0
L,7,1106,PREDICTION,src/tracking/advanced_tracker.py:id_merge,
R,PREDICTION,PREDICTION,1
A,1106
S,1,1109,DETECTION,src/tracking/advanced_tracker.py:_activate_slot,1109_571_1151_846_1290
S,4,1109,DETECTION,src/tracking/advanced_tracker.py:_activate_slot,1109_642_1291_908_1429
S,5,1109,PREDICTION,src/tracking/advanced_tracker.py:kalman_homography,
S,6,1109,PREDICTION,src/tracking/advanced_tracker.py:kalman_homography,
S,7,1109,PREDICTION,src/tracking/advanced_tracker.py:kalman_homography,
D,1,1109
S,4,1109,PREDICTION,src/tracking/advanced_tracker.py:id_merge,
D,6,1109
S,7,1109,PREDICTION,src/tracking/advanced_tracker.py:id_merge,
L,4,1109,PREDICTION,src/tracking/advanced_tracker.py:id_merge,
R,CLAMP,CLAMP,0
L,5,1109,PREDICTION,src/tracking/advanced_tracker.py:kalman_homography,
R,CLAMP,CLAMP,0
L,7,1109,PREDICTION,src/tracking/advanced_tracker.py:id_merge,
R,PREDICTION,SUBPIXEL,0
A,1109
S,4,1112,DETECTION,src/tracking/advanced_tracker.py:_activate_slot,1112_640_1283_906_1418
S,9,1112,DETECTION,src/tracking/advanced_tracker.py:_activate_slot,1112_511_316_775_428
S,1,1112,PREDICTION,src/tracking/advanced_tracker.py:kalman_homography,
S,5,1112,PREDICTION,src/tracking/advanced_tracker.py:kalman_homography,
S,6,1112,PREDICTION,src/tracking/advanced_tracker.py:kalman_homography,
S,7,1112,PREDICTION,src/tracking/advanced_tracker.py:kalman_homography,
D,1,1112
S,4,1112,PREDICTION,src/tracking/advanced_tracker.py:id_merge,
D,6,1112
S,7,1112,PREDICTION,src/tracking/advanced_tracker.py:id_merge,
L,4,1112,PREDICTION,src/tracking/advanced_tracker.py:id_merge,
R,CLAMP,CLAMP,0
L,5,1112,PREDICTION,src/tracking/advanced_tracker.py:kalman_homography,
R,CLAMP,CLAMP,0
L,7,1112,PREDICTION,src/tracking/advanced_tracker.py:id_merge,
R,PREDICTION,PREDICTION,1
L,9,1112,DETECTION,src/tracking/advanced_tracker.py:_activate_slot,1112_511_316_775_428
R,CLAMP,CLAMP,0
A,1112
S,0,1115,DETECTION,src/tracking/advanced_tracker.py:_activate_slot,1115_505_319_772_429
S,4,1115,DETECTION,src/tracking/advanced_tracker.py:_activate_slot,1115_637_1280_907_1413
S,1,1115,PREDICTION,src/tracking/advanced_tracker.py:kalman_homography,
S,5,1115,PREDICTION,src/tracking/advanced_tracker.py:kalman_homography,
S,6,1115,PREDICTION,src/tracking/advanced_tracker.py:kalman_homography,
S,7,1115,PREDICTION,src/tracking/advanced_tracker.py:kalman_homography,
S,9,1115,PREDICTION,src/tracking/advanced_tracker.py:kalman_homography,
D,1,1115
S,4,1115,PREDICTION,src/tracking/advanced_tracker.py:id_merge,
D,6,1115
S,7,1115,PREDICTION,src/tracking/advanced_tracker.py:id_merge,
L,0,1115,DETECTION,src/tracking/advanced_tracker.py:_activate_slot,1115_505_319_772_429
R,CLAMP,CLAMP,0
L,4,1115,PREDICTION,src/tracking/advanced_tracker.py:id_merge,
R,CLAMP,CLAMP,0
L,5,1115,PREDICTION,src/tracking/advanced_tracker.py:kalman_homography,
R,CLAMP,CLAMP,0
L,7,1115,PREDICTION,src/tracking/advanced_tracker.py:id_merge,
R,PREDICTION,PREDICTION,1
L,9,1115,PREDICTION,src/tracking/advanced_tracker.py:kalman_homography,
R,CLAMP,CLAMP,0
A,1115
S,0,1118,DETECTION,src/tracking/advanced_tracker.py:_activate_slot,1118_343_1374_558_1489
S,4,1118,DETECTION,src/tracking/advanced_tracker.py:_activate_slot,1118_639_1278_906_1413
S,9,1118,DETECTION,src/tracking/advanced_tracker.py:_activate_slot,1118_505_319_772_428
S,1,1118,PREDICTION,src/tracking/advanced_tracker.py:kalman_homography,
S,5,1118,PREDICTION,src/tracking/advanced_tracker.py:kalman_homography,
S,6,1118,PREDICTION,src/tracking/advanced_tracker.py:kalman_homography,
S,7,1118,PREDICTION,src/tracking/advanced_tracker.py:kalman_homography,
D,1,1118
S,4,1118,PREDICTION,src/tracking/advanced_tracker.py:id_merge,
D,6,1118
S,7,1118,PREDICTION,src/tracking/advanced_tracker.py:id_merge,
L,0,1118,DETECTION,src/tracking/advanced_tracker.py:_activate_slot,1118_343_1374_558_1489
R,CLAMP,CLAMP,0
L,4,1118,PREDICTION,src/tracking/advanced_tracker.py:id_merge,
R,CLAMP,CLAMP,0
L,5,1118,PREDICTION,src/tracking/advanced_tracker.py:kalman_homography,
R,CLAMP,CLAMP,0
L,7,1118,PREDICTION,src/tracking/advanced_tracker.py:id_merge,
R,PREDICTION,PREDICTION,1
L,9,1118,DETECTION,src/tracking/advanced_tracker.py:_activate_slot,1118_505_319_772_428
R,CLAMP,CLAMP,0
A,1118
S,3,1121,DETECTION,src/tracking/advanced_tracker.py:_activate_slot,1121_508_318_771_427
S,9,1121,DETECTION,src/tracking/advanced_tracker.py:_activate_slot,1121_253_1152_458_1260
S,8,1121,DETECTION,src/tracking/advanced_tracker.py:_activate_slot,1121_182_1521_387_1635
S,0,1121,PREDICTION,src/tracking/advanced_tracker.py:kalman_homography,
S,1,1121,PREDICTION,src/tracking/advanced_tracker.py:kalman_homography,
S,4,1121,PREDICTION,src/tracking/advanced_tracker.py:kalman_homography,
S,5,1121,PREDICTION,src/tracking/advanced_tracker.py:kalman_homography,
S,6,1121,PREDICTION,src/tracking/advanced_tracker.py:kalman_homography,
S,7,1121,PREDICTION,src/tracking/advanced_tracker.py:kalman_homography,
D,1,1121
S,4,1121,PREDICTION,src/tracking/advanced_tracker.py:id_merge,
D,6,1121
S,7,1121,PREDICTION,src/tracking/advanced_tracker.py:id_merge,
D,7,1121
S,9,1121,PREDICTION,src/tracking/advanced_tracker.py:id_merge,
L,0,1121,PREDICTION,src/tracking/advanced_tracker.py:kalman_homography,
R,CLAMP,CLAMP,0
L,3,1121,DETECTION,src/tracking/advanced_tracker.py:_activate_slot,1121_508_318_771_427
R,CLAMP,CLAMP,0
L,4,1121,PREDICTION,src/tracking/advanced_tracker.py:id_merge,
R,CLAMP,CLAMP,0
L,5,1121,PREDICTION,src/tracking/advanced_tracker.py:kalman_homography,
R,CLAMP,CLAMP,0
L,8,1121,DETECTION,src/tracking/advanced_tracker.py:_activate_slot,1121_182_1521_387_1635
R,DETECTION,DETECTION,1
L,9,1121,PREDICTION,src/tracking/advanced_tracker.py:id_merge,
R,PREDICTION,PREDICTION,1
A,1121
S,3,1124,DETECTION,src/tracking/advanced_tracker.py:_activate_slot,1124_507_314_773_424
S,2,1124,DETECTION,src/tracking/advanced_tracker.py:_activate_slot,1124_554_1173_830_1293
S,1,1124,PREDICTION,src/tracking/advanced_tracker.py:kalman_homography,
S,4,1124,PREDICTION,src/tracking/advanced_tracker.py:kalman_homography,
S,5,1124,PREDICTION,src/tracking/advanced_tracker.py:kalman_homography,
S,6,1124,PREDICTION,src/tracking/advanced_tracker.py:kalman_homography,
S,7,1124,PREDICTION,src/tracking/advanced_tracker.py:kalman_homography,
S,8,1124,PREDICTION,src/tracking/advanced_tracker.py:kalman_homography,
S,9,1124,PREDICTION,src/tracking/advanced_tracker.py:kalman_homography,
S,0,1124,PREDICTION,src/tracking/advanced_tracker.py:flow_gapfill_batched,
D,1,1124
S,2,1124,PREDICTION,src/tracking/advanced_tracker.py:id_merge,
D,4,1124
S,2,1124,PREDICTION,src/tracking/advanced_tracker.py:id_merge,
D,6,1124
S,7,1124,PREDICTION,src/tracking/advanced_tracker.py:id_merge,
D,8,1124
S,9,1124,PREDICTION,src/tracking/advanced_tracker.py:id_merge,
L,0,1124,PREDICTION,src/tracking/advanced_tracker.py:flow_gapfill_batched,
R,CLAMP,CLAMP,0
L,2,1124,PREDICTION,src/tracking/advanced_tracker.py:id_merge,
R,CLAMP,CLAMP,0
L,3,1124,DETECTION,src/tracking/advanced_tracker.py:_activate_slot,1124_507_314_773_424
R,CLAMP,CLAMP,0
L,5,1124,PREDICTION,src/tracking/advanced_tracker.py:kalman_homography,
R,CLAMP,CLAMP,0
L,7,1124,PREDICTION,src/tracking/advanced_tracker.py:id_merge,
R,PREDICTION,PREDICTION,1
L,9,1124,PREDICTION,src/tracking/advanced_tracker.py:id_merge,
R,PREDICTION,PREDICTION,1
A,1124
S,1,1127,PREDICTION,src/tracking/advanced_tracker.py:kalman_homography,
S,2,1127,PREDICTION,src/tracking/advanced_tracker.py:kalman_homography,
S,3,1127,PREDICTION,src/tracking/advanced_tracker.py:kalman_homography,
S,4,1127,PREDICTION,src/tracking/advanced_tracker.py:kalman_homography,
S,8,1127,PREDICTION,src/tracking/advanced_tracker.py:kalman_homography,
S,0,1127,PREDICTION,src/tracking/advanced_tracker.py:flow_gapfill_batched,
S,5,1127,PREDICTION,src/tracking/advanced_tracker.py:flow_gapfill_batched,
S,6,1127,PREDICTION,src/tracking/advanced_tracker.py:flow_gapfill_batched,
S,7,1127,PREDICTION,src/tracking/advanced_tracker.py:flow_gapfill_batched,
S,9,1127,PREDICTION,src/tracking/advanced_tracker.py:flow_gapfill_batched,
D,1,1127
S,2,1127,PREDICTION,src/tracking/advanced_tracker.py:id_merge,
D,4,1127
S,2,1127,PREDICTION,src/tracking/advanced_tracker.py:id_merge,
D,6,1127
S,7,1127,PREDICTION,src/tracking/advanced_tracker.py:id_merge,
D,7,1127
S,9,1127,PREDICTION,src/tracking/advanced_tracker.py:id_merge,
L,0,1127,PREDICTION,src/tracking/advanced_tracker.py:flow_gapfill_batched,
R,CLAMP,CLAMP,0
L,2,1127,PREDICTION,src/tracking/advanced_tracker.py:id_merge,
R,CLAMP,CLAMP,0
L,3,1127,PREDICTION,src/tracking/advanced_tracker.py:kalman_homography,
R,CLAMP,CLAMP,0
L,5,1127,PREDICTION,src/tracking/advanced_tracker.py:flow_gapfill_batched,
R,CLAMP,CLAMP,0
L,8,1127,PREDICTION,src/tracking/advanced_tracker.py:kalman_homography,
R,PREDICTION,PREDICTION,1
L,9,1127,PREDICTION,src/tracking/advanced_tracker.py:id_merge,
R,PREDICTION,PREDICTION,1
A,1127
S,7,1130,DETECTION,src/tracking/advanced_tracker.py:_activate_slot,1130_182_1222_364_1342
S,1,1130,PREDICTION,src/tracking/advanced_tracker.py:kalman_homography,
S,2,1130,PREDICTION,src/tracking/advanced_tracker.py:kalman_homography,
S,3,1130,PREDICTION,src/tracking/advanced_tracker.py:kalman_homography,
S,4,1130,PREDICTION,src/tracking/advanced_tracker.py:kalman_homography,
S,8,1130,PREDICTION,src/tracking/advanced_tracker.py:kalman_homography,
S,0,1130,PREDICTION,src/tracking/advanced_tracker.py:flow_gapfill_batched,
S,9,1130,PREDICTION,src/tracking/advanced_tracker.py:flow_gapfill_batched,
D,1,1130
S,2,1130,PREDICTION,src/tracking/advanced_tracker.py:id_merge,
D,4,1130
S,2,1130,PREDICTION,src/tracking/advanced_tracker.py:id_merge,
D,9,1130
S,7,1130,PREDICTION,src/tracking/advanced_tracker.py:id_merge,
L,0,1130,PREDICTION,src/tracking/advanced_tracker.py:flow_gapfill_batched,
R,CLAMP,CLAMP,0
L,2,1130,PREDICTION,src/tracking/advanced_tracker.py:id_merge,
R,CLAMP,CLAMP,0
L,3,1130,PREDICTION,src/tracking/advanced_tracker.py:kalman_homography,
R,CLAMP,CLAMP,0
L,7,1130,PREDICTION,src/tracking/advanced_tracker.py:id_merge,
R,PREDICTION,PREDICTION,1
L,8,1130,PREDICTION,src/tracking/advanced_tracker.py:kalman_homography,
R,PREDICTION,PREDICTION,1
A,1130
S,7,1133,DETECTION,src/tracking/advanced_tracker.py:_activate_slot,1133_161_1213_368_1324
S,2,1133,PREDICTION,src/tracking/advanced_tracker.py:kalman_homography,
S,3,1133,PREDICTION,src/tracking/advanced_tracker.py:kalman_homography,
S,4,1133,PREDICTION,src/tracking/advanced_tracker.py:kalman_homography,
S,8,1133,PREDICTION,src/tracking/advanced_tracker.py:kalman_homography,
S,0,1133,PREDICTION,src/tracking/advanced_tracker.py:flow_gapfill_batched,
S,1,1133,PREDICTION,src/tracking/advanced_tracker.py:flow_gapfill_batched,
S,9,1133,PREDICTION,src/tracking/advanced_tracker.py:flow_gapfill_batched,
D,1,1133
S,2,1133,PREDICTION,src/tracking/advanced_tracker.py:id_merge,
D,4,1133
S,2,1133,PREDICTION,src/tracking/advanced_tracker.py:id_merge,
D,9,1133
S,7,1133,PREDICTION,src/tracking/advanced_tracker.py:id_merge,
L,0,1133,PREDICTION,src/tracking/advanced_tracker.py:flow_gapfill_batched,
R,CLAMP,CLAMP,0
L,2,1133,PREDICTION,src/tracking/advanced_tracker.py:id_merge,
R,CLAMP,CLAMP,0
L,3,1133,PREDICTION,src/tracking/advanced_tracker.py:kalman_homography,
R,CLAMP,CLAMP,0
L,7,1133,PREDICTION,src/tracking/advanced_tracker.py:id_merge,
R,PREDICTION,PREDICTION,1
L,8,1133,PREDICTION,src/tracking/advanced_tracker.py:kalman_homography,
R,PREDICTION,PREDICTION,1
A,1133
S,2,1136,PREDICTION,src/tracking/advanced_tracker.py:kalman_homography,
S,3,1136,PREDICTION,src/tracking/advanced_tracker.py:kalman_homography,
S,4,1136,PREDICTION,src/tracking/advanced_tracker.py:kalman_homography,
S,7,1136,PREDICTION,src/tracking/advanced_tracker.py:kalman_homography,
S,8,1136,PREDICTION,src/tracking/advanced_tracker.py:kalman_homography,
S,0,1136,PREDICTION,src/tracking/advanced_tracker.py:flow_gapfill_batched,
S,9,1136,PREDICTION,src/tracking/advanced_tracker.py:flow_gapfill_batched,
D,4,1136
S,2,1136,PREDICTION,src/tracking/advanced_tracker.py:id_merge,
D,9,1136
S,7,1136,PREDICTION,src/tracking/advanced_tracker.py:id_merge,
L,0,1136,PREDICTION,src/tracking/advanced_tracker.py:flow_gapfill_batched,
R,CLAMP,CLAMP,0
L,2,1136,PREDICTION,src/tracking/advanced_tracker.py:id_merge,
R,CLAMP,CLAMP,0
L,3,1136,PREDICTION,src/tracking/advanced_tracker.py:kalman_homography,
R,CLAMP,CLAMP,0
L,7,1136,PREDICTION,src/tracking/advanced_tracker.py:id_merge,
R,PREDICTION,PREDICTION,1
L,8,1136,PREDICTION,src/tracking/advanced_tracker.py:kalman_homography,
R,PREDICTION,PREDICTION,1
A,1136
S,7,1139,DETECTION,src/tracking/advanced_tracker.py:_activate_slot,1139_162_1195_378_1303
S,2,1139,PREDICTION,src/tracking/advanced_tracker.py:kalman_homography,
S,3,1139,PREDICTION,src/tracking/advanced_tracker.py:kalman_homography,
S,4,1139,PREDICTION,src/tracking/advanced_tracker.py:kalman_homography,
S,8,1139,PREDICTION,src/tracking/advanced_tracker.py:kalman_homography,
S,0,1139,PREDICTION,src/tracking/advanced_tracker.py:flow_gapfill_batched,
S,9,1139,PREDICTION,src/tracking/advanced_tracker.py:flow_gapfill_batched,
D,4,1139
S,2,1139,PREDICTION,src/tracking/advanced_tracker.py:id_merge,
D,9,1139
S,7,1139,PREDICTION,src/tracking/advanced_tracker.py:id_merge,
L,0,1139,PREDICTION,src/tracking/advanced_tracker.py:flow_gapfill_batched,
R,CLAMP,CLAMP,0
L,2,1139,PREDICTION,src/tracking/advanced_tracker.py:id_merge,
R,CLAMP,CLAMP,0
L,3,1139,PREDICTION,src/tracking/advanced_tracker.py:kalman_homography,
R,CLAMP,CLAMP,0
L,7,1139,PREDICTION,src/tracking/advanced_tracker.py:id_merge,
R,PREDICTION,PREDICTION,1
L,8,1139,PREDICTION,src/tracking/advanced_tracker.py:kalman_homography,
R,PREDICTION,PREDICTION,1
A,1139
S,2,1142,PREDICTION,src/tracking/advanced_tracker.py:kalman_homography,
S,3,1142,PREDICTION,src/tracking/advanced_tracker.py:kalman_homography,
S,7,1142,PREDICTION,src/tracking/advanced_tracker.py:kalman_homography,
S,8,1142,PREDICTION,src/tracking/advanced_tracker.py:kalman_homography,
S,0,1142,PREDICTION,src/tracking/advanced_tracker.py:flow_gapfill_batched,
S,4,1142,PREDICTION,src/tracking/advanced_tracker.py:flow_gapfill_batched,
S,9,1142,PREDICTION,src/tracking/advanced_tracker.py:flow_gapfill_batched,
D,4,1142
S,2,1142,PREDICTION,src/tracking/advanced_tracker.py:id_merge,
D,9,1142
S,7,1142,PREDICTION,src/tracking/advanced_tracker.py:id_merge,
L,0,1142,PREDICTION,src/tracking/advanced_tracker.py:flow_gapfill_batched,
R,CLAMP,CLAMP,0
L,2,1142,PREDICTION,src/tracking/advanced_tracker.py:id_merge,
R,CLAMP,CLAMP,0
L,3,1142,PREDICTION,src/tracking/advanced_tracker.py:kalman_homography,
R,CLAMP,CLAMP,0
L,7,1142,PREDICTION,src/tracking/advanced_tracker.py:id_merge,
R,PREDICTION,PREDICTION,1
L,8,1142,PREDICTION,src/tracking/advanced_tracker.py:kalman_homography,
R,PREDICTION,PREDICTION,1
A,1142
S,2,1145,PREDICTION,src/tracking/advanced_tracker.py:kalman_homography,
S,3,1145,PREDICTION,src/tracking/advanced_tracker.py:kalman_homography,
S,7,1145,PREDICTION,src/tracking/advanced_tracker.py:kalman_homography,
S,8,1145,PREDICTION,src/tracking/advanced_tracker.py:flow_gapfill_batched,
S,9,1145,PREDICTION,src/tracking/advanced_tracker.py:flow_gapfill_batched,
D,9,1145
S,7,1145,PREDICTION,src/tracking/advanced_tracker.py:id_merge,
L,2,1145,PREDICTION,src/tracking/advanced_tracker.py:kalman_homography,
R,CLAMP,CLAMP,0
L,3,1145,PREDICTION,src/tracking/advanced_tracker.py:kalman_homography,
R,CLAMP,CLAMP,0
L,7,1145,PREDICTION,src/tracking/advanced_tracker.py:id_merge,
R,PREDICTION,PREDICTION,1
L,8,1145,PREDICTION,src/tracking/advanced_tracker.py:flow_gapfill_batched,
R,PREDICTION,PREDICTION,1
A,1145
S,5,1148,DETECTION,src/tracking/advanced_tracker.py:_activate_slot,1148_187_1510_377_1606
S,6,1148,DETECTION,src/tracking/advanced_tracker.py:_activate_slot,1148_188_1176_374_1292
S,7,1148,PREDICTION,src/tracking/advanced_tracker.py:kalman_homography,
S,2,1148,PREDICTION,src/tracking/advanced_tracker.py:flow_gapfill_batched,
S,3,1148,PREDICTION,src/tracking/advanced_tracker.py:flow_gapfill_batched,
D,7,1148
S,6,1148,PREDICTION,src/tracking/advanced_tracker.py:id_merge,
L,2,1148,PREDICTION,src/tracking/advanced_tracker.py:flow_gapfill_batched,
R,CLAMP,CLAMP,0
L,3,1148,PREDICTION,src/tracking/advanced_tracker.py:flow_gapfill_batched,
R,CLAMP,CLAMP,0
L,5,1148,DETECTION,src/tracking/advanced_tracker.py:_activate_slot,1148_187_1510_377_1606
R,CLAMP,CLAMP,0
L,6,1148,PREDICTION,src/tracking/advanced_tracker.py:id_merge,
R,CLAMP,CLAMP,0
A,1148
S,5,1151,DETECTION,src/tracking/advanced_tracker.py:_activate_slot,1151_187_1510_375_1609
S,6,1151,DETECTION,src/tracking/advanced_tracker.py:_activate_slot,1151_177_1184_370_1305
S,7,1151,PREDICTION,src/tracking/advanced_tracker.py:kalman_homography,
D,7,1151
S,6,1151,PREDICTION,src/tracking/advanced_tracker.py:id_merge,
L,5,1151,DETECTION,src/tracking/advanced_tracker.py:_activate_slot,1151_187_1510_375_1609
R,CLAMP,CLAMP,0
L,6,1151,PREDICTION,src/tracking/advanced_tracker.py:id_merge,
R,CLAMP,CLAMP,0
A,1151
S,5,1154,DETECTION,src/tracking/advanced_tracker.py:_activate_slot,1154_187_1509_375_1608
S,1,1154,DETECTION,src/tracking/advanced_tracker.py:_activate_slot,1154_465_978_710_1150
S,6,1154,PREDICTION,src/tracking/advanced_tracker.py:kalman_homography,
S,7,1154,PREDICTION,src/tracking/advanced_tracker.py:kalman_homography,
D,7,1154
S,6,1154,PREDICTION,src/tracking/advanced_tracker.py:id_merge,
L,1,1154,DETECTION,src/tracking/advanced_tracker.py:_activate_slot,1154_465_978_710_1150
R,CLAMP,CLAMP,0
L,5,1154,DETECTION,src/tracking/advanced_tracker.py:_activate_slot,1154_187_1509_375_1608
R,CLAMP,CLAMP,0
L,6,1154,PREDICTION,src/tracking/advanced_tracker.py:id_merge,
R,CLAMP,CLAMP,0
A,1154
S,5,1157,DETECTION,src/tracking/advanced_tracker.py:_activate_slot,1157_178_1506_373_1611
S,1,1157,PREDICTION,src/tracking/advanced_tracker.py:kalman_homography,
S,6,1157,PREDICTION,src/tracking/advanced_tracker.py:kalman_homography,
S,7,1157,PREDICTION,src/tracking/advanced_tracker.py:kalman_homography,
D,7,1157
S,6,1157,PREDICTION,src/tracking/advanced_tracker.py:id_merge,
L,1,1157,PREDICTION,src/tracking/advanced_tracker.py:kalman_homography,
R,CLAMP,CLAMP,0
L,5,1157,DETECTION,src/tracking/advanced_tracker.py:_activate_slot,1157_178_1506_373_1611
R,CLAMP,CLAMP,0
L,6,1157,PREDICTION,src/tracking/advanced_tracker.py:id_merge,
R,CLAMP,CLAMP,0
A,1157
S,1,1160,PREDICTION,src/tracking/advanced_tracker.py:kalman_homography,
S,5,1160,PREDICTION,src/tracking/advanced_tracker.py:kalman_homography,
S,6,1160,PREDICTION,src/tracking/advanced_tracker.py:kalman_homography,
S,7,1160,PREDICTION,src/tracking/advanced_tracker.py:kalman_homography,
D,7,1160
S,6,1160,PREDICTION,src/tracking/advanced_tracker.py:id_merge,
L,1,1160,PREDICTION,src/tracking/advanced_tracker.py:kalman_homography,
R,CLAMP,CLAMP,0
L,5,1160,PREDICTION,src/tracking/advanced_tracker.py:kalman_homography,
R,CLAMP,CLAMP,0
L,6,1160,PREDICTION,src/tracking/advanced_tracker.py:id_merge,
R,CLAMP,CLAMP,0
A,1160
S,0,1163,DETECTION,src/tracking/advanced_tracker.py:_activate_slot,1163_465_968_707_1113
S,4,1163,DETECTION,src/tracking/advanced_tracker.py:_activate_slot,1163_338_1155_560_1292
S,1,1163,PREDICTION,src/tracking/advanced_tracker.py:kalman_homography,
S,5,1163,PREDICTION,src/tracking/advanced_tracker.py:kalman_homography,
S,6,1163,PREDICTION,src/tracking/advanced_tracker.py:kalman_homography,
S,7,1163,PREDICTION,src/tracking/advanced_tracker.py:flow_gapfill_batched,
D,1,1163
S,0,1163,PREDICTION,src/tracking/advanced_tracker.py:id_merge,
D,0,1163
S,4,1163,PREDICTION,src/tracking/advanced_tracker.py:id_merge,
D,7,1163
S,6,1163,PREDICTION,src/tracking/advanced_tracker.py:id_merge,
L,4,1163,PREDICTION,src/tracking/advanced_tracker.py:id_merge,
R,CLAMP,CLAMP,0
L,5,1163,PREDICTION,src/tracking/advanced_tracker.py:kalman_homography,
R,CLAMP,CLAMP,0
L,6,1163,PREDICTION,src/tracking/advanced_tracker.py:id_merge,
R,CLAMP,CLAMP,0
A,1163
S,0,1166,DETECTION,src/tracking/advanced_tracker.py:_activate_slot,1166_462_969_704_1110
S,5,1166,DETECTION,src/tracking/advanced_tracker.py:_activate_slot,1166_169_1521_374_1623
S,8,1166,DETECTION,src/tracking/advanced_tracker.py:_activate_slot,1166_657_1210_905_1315
S,9,1166,DETECTION,src/tracking/advanced_tracker.py:_activate_slot,1166_552_315_822_422
S,1,1166,PREDICTION,src/tracking/advanced_tracker.py:kalman_homography,
S,4,1166,PREDICTION,src/tracking/advanced_tracker.py:kalman_homography,
S,6,1166,PREDICTION,src/tracking/advanced_tracker.py:kalman_homography,
D,1,1166
S,0,1166,PREDICTION,src/tracking/advanced_tracker.py:id_merge,
D,4,1166
S,0,1166,PREDICTION,src/tracking/advanced_tracker.py:id_merge,
L,0,1166,PREDICTION,src/tracking/advanced_tracker.py:id_merge,
R,CLAMP,CLAMP,0
L,5,1166,DETECTION,src/tracking/advanced_tracker.py:_activate_slot,1166_169_1521_374_1623
R,CLAMP,CLAMP,0
L,6,1166,PREDICTION,src/tracking/advanced_tracker.py:kalman_homography,
R,CLAMP,CLAMP,0
L,8,1166,DETECTION,src/tracking/advanced_tracker.py:_activate_slot,1166_657_1210_905_1315
R,DETECTION,DETECTION,1
L,9,1166,DETECTION,src/tracking/advanced_tracker.py:_activate_slot,1166_552_315_822_422
R,CLAMP,CLAMP,0
A,1166
S,0,1169,DETECTION,src/tracking/advanced_tracker.py:_activate_slot,1169_459_970_709_1108
S,5,1169,DETECTION,src/tracking/advanced_tracker.py:_activate_slot,1169_169_1531_371_1630
S,8,1169,DETECTION,src/tracking/advanced_tracker.py:_activate_slot,1169_664_1207_904_1308
S,2,1169,DETECTION,src/tracking/advanced_tracker.py:_activate_slot,1169_406_543_663_672
S,3,1169,DETECTION,src/tracking/advanced_tracker.py:_activate_slot,1169_335_1161_558_1263
S,1,1169,PREDICTION,src/tracking/advanced_tracker.py:kalman_homography,
S,4,1169,PREDICTION,src/tracking/advanced_tracker.py:kalman_homography,
S,6,1169,PREDICTION,src/tracking/advanced_tracker.py:kalman_homography,
S,9,1169,PREDICTION,src/tracking/advanced_tracker.py:kalman_homography,
D,1,1169
S,0,1169,PREDICTION,src/tracking/advanced_tracker.py:id_merge,
D,0,1169
S,3,1169,PREDICTION,src/tracking/advanced_tracker.py:id_merge,
D,4,1169
S,3,1169,PREDICTION,src/tracking/advanced_tracker.py:id_merge,
L,2,1169,DETECTION,src/tracking/advanced_tracker.py:_activate_slot,1169_406_543_663_672
R,CLAMP,CLAMP,0
L,3,1169,PREDICTION,src/tracking/advanced_tracker.py:id_merge,
R,CLAMP,CLAMP,0
L,5,1169,DETECTION,src/tracking/advanced_tracker.py:_activate_slot,1169_169_1531_371_1630
R,CLAMP,CLAMP,0
L,6,1169,PREDICTION,src/tracking/advanced_tracker.py:kalman_homography,
R,CLAMP,CLAMP,0
L,8,1169,DETECTION,src/tracking/advanced_tracker.py:_activate_slot,1169_664_1207_904_1308
R,DETECTION,DETECTION,1
L,9,1169,PREDICTION,src/tracking/advanced_tracker.py:kalman_homography,
R,CLAMP,CLAMP,0
A,1169
S,0,1172,DETECTION,src/tracking/advanced_tracker.py:_activate_slot,1172_333_1152_566_1269
S,2,1172,DETECTION,src/tracking/advanced_tracker.py:_activate_slot,1172_400_543_660_675
S,8,1172,DETECTION,src/tracking/advanced_tracker.py:_activate_slot,1172_660_1204_904_1303
S,1,1172,PREDICTION,src/tracking/advanced_tracker.py:kalman_homography,
S,3,1172,PREDICTION,src/tracking/advanced_tracker.py:kalman_homography,
S,4,1172,PREDICTION,src/tracking/advanced_tracker.py:kalman_homography,
S,5,1172,PREDICTION,src/tracking/advanced_tracker.py:kalman_homography,
S,6,1172,PREDICTION,src/tracking/advanced_tracker.py:kalman_homography,
S,9,1172,PREDICTION,src/tracking/advanced_tracker.py:kalman_homography,
D,1,1172
S,0,1172,PREDICTION,src/tracking/advanced_tracker.py:id_merge,
D,3,1172
S,0,1172,PREDICTION,src/tracking/advanced_tracker.py:id_merge,
D,4,1172
S,0,1172,PREDICTION,src/tracking/advanced_tracker.py:id_merge,
L,0,1172,PREDICTION,src/tracking/advanced_tracker.py:id_merge,
R,CLAMP,CLAMP,0
L,2,1172,DETECTION,src/tracking/advanced_tracker.py:_activate_slot,1172_400_543_660_675
R,CLAMP,CLAMP,0
L,5,1172,PREDICTION,src/tracking/advanced_tracker.py:kalman_homography,
R,CLAMP,CLAMP,0
L,6,1172,PREDICTION,src/tracking/advanced_tracker.py:kalman_homography,
R,CLAMP,CLAMP,0
L,8,1172,DETECTION,src/tracking/advanced_tracker.py:_activate_slot,1172_660_1204_904_1303
R,DETECTION,DETECTION,1
L,9,1172,PREDICTION,src/tracking/advanced_tracker.py:kalman_homography,
R,CLAMP,CLAMP,0
A,1172
S,0,1175,DETECTION,src/tracking/advanced_tracker.py:_activate_slot,1175_331_1146_571_1278
S,2,1175,DETECTION,src/tracking/advanced_tracker.py:_activate_slot,1175_397_546_655_672
S,8,1175,DETECTION,src/tracking/advanced_tracker.py:_activate_slot,1175_659_1198_902_1303
S,5,1175,DETECTION,src/tracking/advanced_tracker.py:_activate_slot,1175_163_1525_382_1660
S,1,1175,PREDICTION,src/tracking/advanced_tracker.py:kalman_homography,
S,3,1175,PREDICTION,src/tracking/advanced_tracker.py:kalman_homography,
S,4,1175,PREDICTION,src/tracking/advanced_tracker.py:kalman_homography,
S,9,1175,PREDICTION,src/tracking/advanced_tracker.py:kalman_homography,
S,6,1175,PREDICTION,src/tracking/advanced_tracker.py:flow_gapfill_batched,
D,1,1175
S,0,1175,PREDICTION,src/tracking/advanced_tracker.py:id_merge,
D,3,1175
S,0,1175,PREDICTION,src/tracking/advanced_tracker.py:id_merge,
D,4,1175
S,0,1175,PREDICTION,src/tracking/advanced_tracker.py:id_merge,
L,0,1175,PREDICTION,src/tracking/advanced_tracker.py:id_merge,
R,CLAMP,CLAMP,0
L,2,1175,DETECTION,src/tracking/advanced_tracker.py:_activate_slot,1175_397_546_655_672
R,CLAMP,CLAMP,0
L,5,1175,DETECTION,src/tracking/advanced_tracker.py:_activate_slot,1175_163_1525_382_1660
R,CLAMP,CLAMP,0
L,6,1175,PREDICTION,src/tracking/advanced_tracker.py:flow_gapfill_batched,
R,CLAMP,CLAMP,0
L,8,1175,DETECTION,src/tracking/advanced_tracker.py:_activate_slot,1175_659_1198_902_1303
R,DETECTION,DETECTION,1
L,9,1175,PREDICTION,src/tracking/advanced_tracker.py:kalman_homography,
R,CLAMP,CLAMP,0
A,1175
S,0,1178,DETECTION,src/tracking/advanced_tracker.py:_activate_slot,1178_501_1225_759_1345
S,2,1178,DETECTION,src/tracking/advanced_tracker.py:_activate_slot,1178_396_537_663_684
S,8,1178,DETECTION,src/tracking/advanced_tracker.py:_activate_slot,1178_655_1192_904_1312
S,3,1178,PREDICTION,src/tracking/advanced_tracker.py:kalman_homography,
S,4,1178,PREDICTION,src/tracking/advanced_tracker.py:kalman_homography,
S,5,1178,PREDICTION,src/tracking/advanced_tracker.py:kalman_homography,
S,9,1178,PREDICTION,src/tracking/advanced_tracker.py:kalman_homography,
S,1,1178,PREDICTION,src/tracking/advanced_tracker.py:flow_gapfill_batched,
D,3,1178
S,0,1178,PREDICTION,src/tracking/advanced_tracker.py:id_merge,
D,4,1178
S,0,1178,PREDICTION,src/tracking/advanced_tracker.py:id_merge,
L,0,1178,PREDICTION,src/tracking/advanced_tracker.py:id_merge,
R,CLAMP,CLAMP,0
L,1,1178,PREDICTION,src/tracking/advanced_tracker.py:flow_gapfill_batched,
R,CLAMP,CLAMP,0
L,2,1178,DETECTION,src/tracking/advanced_tracker.py:_activate_slot,1178_396_537_663_684
R,CLAMP,CLAMP,0
L,5,1178,PREDICTION,src/tracking/advanced_tracker.py:kalman_homography,
R,CLAMP,CLAMP,0
L,8,1178,DETECTION,src/tracking/advanced_tracker.py:_activate_slot,1178_655_1192_904_1312
R,DETECTION,DETECTION,1
L,9,1178,PREDICTION,src/tracking/advanced_tracker.py:kalman_homography,
R,CLAMP,CLAMP,0
A,1178
S,0,1181,DETECTION,src/tracking/advanced_tracker.py:_activate_slot,1181_653_1188_903_1320
S,5,1181,DETECTION,src/tracking/advanced_tracker.py:_activate_slot,1181_163_1572_373_1680
S,2,1181,PREDICTION,src/tracking/advanced_tracker.py:kalman_homography,
S,3,1181,PREDICTION,src/tracking/advanced_tracker.py:kalman_homography,
S,4,1181,PREDICTION,src/tracking/advanced_tracker.py:kalman_homography,
S,8,1181,PREDICTION,src/tracking/advanced_tracker.py:kalman_homography,
S,9,1181,PREDICTION,src/tracking/advanced_tracker.py:kalman_homography,
D,4,1181
S,3,1181,PREDICTION,src/tracking/advanced_tracker.py:id_merge,
L,0,1181,DETECTION,src/tracking/advanced_tracker.py:_activate_slot,1181_653_1188_903_1320
R,CLAMP,CLAMP,0
L,2,1181,PREDICTION,src/tracking/advanced_tracker.py:kalman_homography,
R,CLAMP,CLAMP,0
L,3,1181,PREDICTION,src/tracking/advanced_tracker.py:id_merge,
R,CLAMP,CLAMP,0
L,5,1181,DETECTION,src/tracking/advanced_tracker.py:_activate_slot,1181_163_1572_373_1680
R,CLAMP,CLAMP,0
L,8,1181,PREDICTION,src/tracking/advanced_tracker.py:kalman_homography,
R,PREDICTION,PREDICTION,1
L,9,1181,PREDICTION,src/tracking/advanced_tracker.py:kalman_homography,
R,CLAMP,CLAMP,0
A,1181
S,0,1184,DETECTION,src/tracking/advanced_tracker.py:_activate_slot,1184_660_1195_903_1308
S,1,1184,DETECTION,src/tracking/advanced_tracker.py:_activate_slot,1184_459_999_715_1134
S,5,1184,DETECTION,src/tracking/advanced_tracker.py:_activate_slot,1184_165_1572_378_1698
S,6,1184,DETECTION,src/tracking/advanced_tracker.py:_activate_slot,1184_161_1225_342_1318
S,7,1184,DETECTION,src/tracking/advanced_tracker.py:_activate_slot,1184_192_1419_393_1521
S,2,1184,PREDICTION,src/tracking/advanced_tracker.py:kalman_homography,
S,3,1184,PREDICTION,src/tracking/advanced_tracker.py:kalman_homography,
S,4,1184,PREDICTION,src/tracking/advanced_tracker.py:kalman_homography,
S,8,1184,PREDICTION,src/tracking/advanced_tracker.py:kalman_homography,
S,9,1184,PREDICTION,src/tracking/advanced_tracker.py:kalman_homography,
D,3,1184
S,1,1184,PREDICTION,src/tracking/advanced_tracker.py:id_merge,
D,4,1184
S,1,1184,PREDICTION,src/tracking/advanced_tracker.py:id_merge,
D,5,1184
S,7,1184,PREDICTION,src/tracking/advanced_tracker.py:id_merge,
L,0,1184,DETECTION,src/tracking/advanced_tracker.py:_activate_slot,1184_660_1195_903_1308
R,CLAMP,CLAMP,0
L,1,1184,PREDICTION,src/tracking/advanced_tracker.py:id_merge,
R,CLAMP,CLAMP,0
L,2,1184,PREDICTION,src/tracking/advanced_tracker.py:kalman_homography,
R,CLAMP,CLAMP,0
L,6,1184,DETECTION,src/tracking/advanced_tracker.py:_activate_slot,1184_161_1225_342_1318
R,CLAMP,CLAMP,0
L,7,1184,PREDICTION,src/tracking/advanced_tracker.py:id_merge,
R,PREDICTION,PREDICTION,1
L,8,1184,PREDICTION,src/tracking/advanced_tracker.py:kalman_homography,
R,PREDICTION,PREDICTION,1
L,9,1184,PREDICTION,src/tracking/advanced_tracker.py:kalman_homography,
R,CLAMP,CLAMP,0
A,1184
S,1,1187,DETECTION,src/tracking/advanced_tracker.py:_activate_slot,1187_463_1008_725_1148
S,5,1187,DETECTION,src/tracking/advanced_tracker.py:_activate_slot,1187_165_1602_377_1716
S,7,1187,DETECTION,src/tracking/advanced_tracker.py:_activate_slot,1187_191_1455_440_1587
S,0,1187,PREDICTION,src/tracking/advanced_tracker.py:kalman_homography,
S,2,1187,PREDICTION,src/tracking/advanced_tracker.py:kalman_homography,
S,3,1187,PREDICTION,src/tracking/advanced_tracker.py:kalman_homography,
S,6,1187,PREDICTION,src/tracking/advanced_tracker.py:kalman_homography,
S,8,1187,PREDICTION,src/tracking/advanced_tracker.py:kalman_homography,
S,9,1187,PREDICTION,src/tracking/advanced_tracker.py:kalman_homography,
S,4,1187,PREDICTION,src/tracking/advanced_tracker.py:flow_gapfill_batched,
D,3,1187
S,1,1187,PREDICTION,src/tracking/advanced_tracker.py:id_merge,
D,4,1187
S,1,1187,PREDICTION,src/tracking/advanced_tracker.py:id_merge,
D,5,1187
S,7,1187,PREDICTION,src/tracking/advanced_tracker.py:id_merge,
L,0,1187,PREDICTION,src/tracking/advanced_tracker.py:kalman_homography,
R,CLAMP,CLAMP,0
L,1,1187,PREDICTION,src/tracking/advanced_tracker.py:id_merge,
R,CLAMP,CLAMP,0
L,2,1187,PREDICTION,src/tracking/advanced_tracker.py:kalman_homography,
R,CLAMP,CLAMP,0
L,6,1187,PREDICTION,src/tracking/advanced_tracker.py:kalman_homography,
R,CLAMP,CLAMP,0
L,7,1187,PREDICTION,src/tracking/advanced_tracker.py:id_merge,
R,PREDICTION,PREDICTION,1
L,8,1187,PREDICTION,src/tracking/advanced_tracker.py:kalman_homography,
R,PREDICTION,SUBPIXEL,0
L,9,1187,PREDICTION,src/tracking/advanced_tracker.py:kalman_homography,
R,CLAMP,CLAMP,0
A,1187
S,1,1190,PREDICTION,src/tracking/advanced_tracker.py:kalman_homography,
S,2,1190,PREDICTION,src/tracking/advanced_tracker.py:kalman_homography,
S,3,1190,PREDICTION,src/tracking/advanced_tracker.py:kalman_homography,
S,5,1190,PREDICTION,src/tracking/advanced_tracker.py:kalman_homography,
S,6,1190,PREDICTION,src/tracking/advanced_tracker.py:kalman_homography,
S,7,1190,PREDICTION,src/tracking/advanced_tracker.py:kalman_homography,
S,8,1190,PREDICTION,src/tracking/advanced_tracker.py:kalman_homography,
S,0,1190,PREDICTION,src/tracking/advanced_tracker.py:flow_gapfill_batched,
S,9,1190,PREDICTION,src/tracking/advanced_tracker.py:flow_gapfill_batched,
D,3,1190
S,1,1190,PREDICTION,src/tracking/advanced_tracker.py:id_merge,
D,5,1190
S,7,1190,PREDICTION,src/tracking/advanced_tracker.py:id_merge,
L,0,1190,PREDICTION,src/tracking/advanced_tracker.py:flow_gapfill_batched,
R,CLAMP,CLAMP,0
L,1,1190,PREDICTION,src/tracking/advanced_tracker.py:id_merge,
R,CLAMP,CLAMP,0
L,2,1190,PREDICTION,src/tracking/advanced_tracker.py:kalman_homography,
R,CLAMP,CLAMP,0
L,6,1190,PREDICTION,src/tracking/advanced_tracker.py:kalman_homography,
R,CLAMP,CLAMP,0
L,7,1190,PREDICTION,src/tracking/advanced_tracker.py:id_merge,
R,PREDICTION,PREDICTION,1
L,8,1190,PREDICTION,src/tracking/advanced_tracker.py:kalman_homography,
R,PREDICTION,PREDICTION,1
L,9,1190,PREDICTION,src/tracking/advanced_tracker.py:flow_gapfill_batched,
R,CLAMP,CLAMP,0
A,1190
S,1,1193,PREDICTION,src/tracking/advanced_tracker.py:kalman_homography,
S,2,1193,PREDICTION,src/tracking/advanced_tracker.py:kalman_homography,
S,5,1193,PREDICTION,src/tracking/advanced_tracker.py:kalman_homography,
S,6,1193,PREDICTION,src/tracking/advanced_tracker.py:kalman_homography,
S,7,1193,PREDICTION,src/tracking/advanced_tracker.py:kalman_homography,
S,8,1193,PREDICTION,src/tracking/advanced_tracker.py:kalman_homography,
S,0,1193,PREDICTION,src/tracking/advanced_tracker.py:flow_gapfill_batched,
S,3,1193,PREDICTION,src/tracking/advanced_tracker.py:flow_gapfill_batched,
D,3,1193
S,1,1193,PREDICTION,src/tracking/advanced_tracker.py:id_merge,
D,5,1193
S,7,1193,PREDICTION,src/tracking/advanced_tracker.py:id_merge,
L,0,1193,PREDICTION,src/tracking/advanced_tracker.py:flow_gapfill_batched,
R,CLAMP,CLAMP,0
L,1,1193,PREDICTION,src/tracking/advanced_tracker.py:id_merge,
R,CLAMP,CLAMP,0
L,2,1193,PREDICTION,src/tracking/advanced_tracker.py:kalman_homography,
R,CLAMP,CLAMP,0
L,6,1193,PREDICTION,src/tracking/advanced_tracker.py:kalman_homography,
R,CLAMP,CLAMP,0
L,7,1193,PREDICTION,src/tracking/advanced_tracker.py:id_merge,
R,PREDICTION,PREDICTION,1
L,8,1193,PREDICTION,src/tracking/advanced_tracker.py:kalman_homography,
R,PREDICTION,SUBPIXEL,0
A,1193
S,1,1196,PREDICTION,src/tracking/advanced_tracker.py:kalman_homography,
S,2,1196,PREDICTION,src/tracking/advanced_tracker.py:kalman_homography,
S,5,1196,PREDICTION,src/tracking/advanced_tracker.py:kalman_homography,
S,6,1196,PREDICTION,src/tracking/advanced_tracker.py:kalman_homography,
S,7,1196,PREDICTION,src/tracking/advanced_tracker.py:kalman_homography,
S,8,1196,PREDICTION,src/tracking/advanced_tracker.py:kalman_homography,
S,0,1196,PREDICTION,src/tracking/advanced_tracker.py:flow_gapfill_batched,
D,5,1196
S,7,1196,PREDICTION,src/tracking/advanced_tracker.py:id_merge,
L,0,1196,PREDICTION,src/tracking/advanced_tracker.py:flow_gapfill_batched,
R,CLAMP,CLAMP,0
L,1,1196,PREDICTION,src/tracking/advanced_tracker.py:kalman_homography,
R,CLAMP,CLAMP,0
L,2,1196,PREDICTION,src/tracking/advanced_tracker.py:kalman_homography,
R,CLAMP,CLAMP,0
L,6,1196,PREDICTION,src/tracking/advanced_tracker.py:kalman_homography,
R,CLAMP,CLAMP,0
L,7,1196,PREDICTION,src/tracking/advanced_tracker.py:id_merge,
R,PREDICTION,PREDICTION,1
L,8,1196,PREDICTION,src/tracking/advanced_tracker.py:kalman_homography,
R,PREDICTION,PREDICTION,1
A,1196
S,1,1199,PREDICTION,src/tracking/advanced_tracker.py:kalman_homography,
S,2,1199,PREDICTION,src/tracking/advanced_tracker.py:kalman_homography,
S,5,1199,PREDICTION,src/tracking/advanced_tracker.py:kalman_homography,
S,6,1199,PREDICTION,src/tracking/advanced_tracker.py:kalman_homography,
S,7,1199,PREDICTION,src/tracking/advanced_tracker.py:kalman_homography,
S,8,1199,PREDICTION,src/tracking/advanced_tracker.py:kalman_homography,
S,0,1199,PREDICTION,src/tracking/advanced_tracker.py:flow_gapfill_batched,
D,5,1199
S,7,1199,PREDICTION,src/tracking/advanced_tracker.py:id_merge,
L,0,1199,PREDICTION,src/tracking/advanced_tracker.py:flow_gapfill_batched,
R,CLAMP,CLAMP,0
L,1,1199,PREDICTION,src/tracking/advanced_tracker.py:kalman_homography,
R,CLAMP,CLAMP,0
L,2,1199,PREDICTION,src/tracking/advanced_tracker.py:kalman_homography,
R,CLAMP,CLAMP,0
L,6,1199,PREDICTION,src/tracking/advanced_tracker.py:kalman_homography,
R,CLAMP,CLAMP,0
L,7,1199,PREDICTION,src/tracking/advanced_tracker.py:id_merge,
R,PREDICTION,PREDICTION,1
L,8,1199,PREDICTION,src/tracking/advanced_tracker.py:kalman_homography,
R,PREDICTION,PREDICTION,1
A,1199
S,1,1202,PREDICTION,src/tracking/advanced_tracker.py:kalman_homography,
S,5,1202,PREDICTION,src/tracking/advanced_tracker.py:kalman_homography,
S,6,1202,PREDICTION,src/tracking/advanced_tracker.py:kalman_homography,
S,7,1202,PREDICTION,src/tracking/advanced_tracker.py:kalman_homography,
S,0,1202,PREDICTION,src/tracking/advanced_tracker.py:flow_gapfill_batched,
S,2,1202,PREDICTION,src/tracking/advanced_tracker.py:flow_gapfill_batched,
S,8,1202,PREDICTION,src/tracking/advanced_tracker.py:flow_gapfill_batched,
D,5,1202
S,7,1202,PREDICTION,src/tracking/advanced_tracker.py:id_merge,
L,0,1202,PREDICTION,src/tracking/advanced_tracker.py:flow_gapfill_batched,
R,CLAMP,CLAMP,0
L,1,1202,PREDICTION,src/tracking/advanced_tracker.py:kalman_homography,
R,CLAMP,CLAMP,0
L,2,1202,PREDICTION,src/tracking/advanced_tracker.py:flow_gapfill_batched,
R,CLAMP,CLAMP,0
L,6,1202,PREDICTION,src/tracking/advanced_tracker.py:kalman_homography,
R,CLAMP,CLAMP,0
L,7,1202,PREDICTION,src/tracking/advanced_tracker.py:id_merge,
R,PREDICTION,PREDICTION,1
L,8,1202,PREDICTION,src/tracking/advanced_tracker.py:flow_gapfill_batched,
R,PREDICTION,PREDICTION,1
A,1202
S,6,1205,DETECTION,src/tracking/advanced_tracker.py:_activate_slot,1205_191_1255_381_1345
S,1,1205,PREDICTION,src/tracking/advanced_tracker.py:kalman_homography,
S,5,1205,PREDICTION,src/tracking/advanced_tracker.py:kalman_homography,
S,7,1205,PREDICTION,src/tracking/advanced_tracker.py:kalman_homography,
S,0,1205,PREDICTION,src/tracking/advanced_tracker.py:flow_gapfill_batched,
D,5,1205
S,7,1205,PREDICTION,src/tracking/advanced_tracker.py:id_merge,
L,0,1205,PREDICTION,src/tracking/advanced_tracker.py:flow_gapfill_batched,
R,CLAMP,CLAMP,0
L,1,1205,PREDICTION,src/tracking/advanced_tracker.py:kalman_homography,
R,CLAMP,CLAMP,0
L,6,1205,DETECTION,src/tracking/advanced_tracker.py:_activate_slot,1205_191_1255_381_1345
R,CLAMP,CLAMP,0
L,7,1205,PREDICTION,src/tracking/advanced_tracker.py:id_merge,
R,PREDICTION,PREDICTION,1
A,1205
S,4,1208,DETECTION,src/tracking/advanced_tracker.py:_activate_slot,1208_469_1113_780_1242
S,1,1208,PREDICTION,src/tracking/advanced_tracker.py:kalman_homography,
S,5,1208,PREDICTION,src/tracking/advanced_tracker.py:kalman_homography,
S,6,1208,PREDICTION,src/tracking/advanced_tracker.py:kalman_homography,
S,7,1208,PREDICTION,src/tracking/advanced_tracker.py:kalman_homography,
S,0,1208,PREDICTION,src/tracking/advanced_tracker.py:flow_gapfill_batched,
D,1,1208
S,4,1208,PREDICTION,src/tracking/advanced_tracker.py:id_merge,
D,5,1208
S,7,1208,PREDICTION,src/tracking/advanced_tracker.py:id_merge,
L,0,1208,PREDICTION,src/tracking/advanced_tracker.py:flow_gapfill_batched,
R,CLAMP,CLAMP,0
L,4,1208,PREDICTION,src/tracking/advanced_tracker.py:id_merge,
R,CLAMP,CLAMP,0
L,6,1208,PREDICTION,src/tracking/advanced_tracker.py:kalman_homography,
R,CLAMP,CLAMP,0
L,7,1208,PREDICTION,src/tracking/advanced_tracker.py:id_merge,
R,PREDICTION,PREDICTION,1
A,1208
S,9,1211,DETECTION,src/tracking/advanced_tracker.py:_activate_slot,1211_275_1771_543_1906
S,4,1211,PREDICTION,src/tracking/advanced_tracker.py:kalman_homography,
S,6,1211,PREDICTION,src/tracking/advanced_tracker.py:kalman_homography,
S,1,1211,PREDICTION,src/tracking/advanced_tracker.py:flow_gapfill_batched,
S,5,1211,PREDICTION,src/tracking/advanced_tracker.py:flow_gapfill_batched,
S,7,1211,PREDICTION,src/tracking/advanced_tracker.py:flow_gapfill_batched,
D,1,1211
S,4,1211,PREDICTION,src/tracking/advanced_tracker.py:id_merge,
D,5,1211
S,7,1211,PREDICTION,src/tracking/advanced_tracker.py:id_merge,
L,4,1211,PREDICTION,src/tracking/advanced_tracker.py:id_merge,
R,CLAMP,CLAMP,0
L,6,1211,PREDICTION,src/tracking/advanced_tracker.py:kalman_homography,
R,CLAMP,CLAMP,0
L,7,1211,PREDICTION,src/tracking/advanced_tracker.py:id_merge,
R,PREDICTION,PREDICTION,1
L,9,1211,DETECTION,src/tracking/advanced_tracker.py:_activate_slot,1211_275_1771_543_1906
R,CLAMP,CLAMP,0
A,1211
S,3,1214,DETECTION,src/tracking/advanced_tracker.py:_activate_slot,1214_491_1140_810_1284
S,4,1214,PREDICTION,src/tracking/advanced_tracker.py:kalman_homography,
S,6,1214,PREDICTION,src/tracking/advanced_tracker.py:kalman_homography,
S,9,1214,PREDICTION,src/tracking/advanced_tracker.py:kalman_homography,
D,4,1214
S,3,1214,PREDICTION,src/tracking/advanced_tracker.py:id_merge,
L,3,1214,PREDICTION,src/tracking/advanced_tracker.py:id_merge,
R,CLAMP,CLAMP,0
L,6,1214,PREDICTION,src/tracking/advanced_tracker.py:kalman_homography,
R,CLAMP,CLAMP,0
L,9,1214,PREDICTION,src/tracking/advanced_tracker.py:kalman_homography,
R,CLAMP,CLAMP,0
A,1214
S,3,1217,PREDICTION,src/tracking/advanced_tracker.py:kalman_homography,
S,4,1217,PREDICTION,src/tracking/advanced_tracker.py:kalman_homography,
S,6,1217,PREDICTION,src/tracking/advanced_tracker.py:kalman_homography,
S,9,1217,PREDICTION,src/tracking/advanced_tracker.py:kalman_homography,
D,4,1217
S,3,1217,PREDICTION,src/tracking/advanced_tracker.py:id_merge,
L,3,1217,PREDICTION,src/tracking/advanced_tracker.py:id_merge,
R,CLAMP,CLAMP,0
L,6,1217,PREDICTION,src/tracking/advanced_tracker.py:kalman_homography,
R,CLAMP,CLAMP,0
L,9,1217,PREDICTION,src/tracking/advanced_tracker.py:kalman_homography,
R,CLAMP,CLAMP,0
A,1217
S,3,1220,PREDICTION,src/tracking/advanced_tracker.py:kalman_homography,
S,4,1220,PREDICTION,src/tracking/advanced_tracker.py:kalman_homography,
S,6,1220,PREDICTION,src/tracking/advanced_tracker.py:kalman_homography,
S,9,1220,PREDICTION,src/tracking/advanced_tracker.py:kalman_homography,
D,4,1220
S,3,1220,PREDICTION,src/tracking/advanced_tracker.py:id_merge,
L,3,1220,PREDICTION,src/tracking/advanced_tracker.py:id_merge,
R,CLAMP,CLAMP,0
L,6,1220,PREDICTION,src/tracking/advanced_tracker.py:kalman_homography,
R,CLAMP,CLAMP,0
L,9,1220,PREDICTION,src/tracking/advanced_tracker.py:kalman_homography,
R,CLAMP,CLAMP,0
A,1220
S,2,1223,DETECTION,src/tracking/advanced_tracker.py:_activate_slot,1223_459_1195_777_1339
S,8,1223,DETECTION,src/tracking/advanced_tracker.py:_activate_slot,1223_405_828_766_963
S,3,1223,PREDICTION,src/tracking/advanced_tracker.py:kalman_homography,
S,4,1223,PREDICTION,src/tracking/advanced_tracker.py:kalman_homography,
S,6,1223,PREDICTION,src/tracking/advanced_tracker.py:kalman_homography,
S,9,1223,PREDICTION,src/tracking/advanced_tracker.py:kalman_homography,
D,3,1223
S,2,1223,PREDICTION,src/tracking/advanced_tracker.py:id_merge,
D,4,1223
S,2,1223,PREDICTION,src/tracking/advanced_tracker.py:id_merge,
L,2,1223,PREDICTION,src/tracking/advanced_tracker.py:id_merge,
R,CLAMP,CLAMP,0
L,6,1223,PREDICTION,src/tracking/advanced_tracker.py:kalman_homography,
R,CLAMP,CLAMP,0
L,8,1223,DETECTION,src/tracking/advanced_tracker.py:_activate_slot,1223_405_828_766_963
R,DETECTION,DETECTION,1
L,9,1223,PREDICTION,src/tracking/advanced_tracker.py:kalman_homography,
R,CLAMP,CLAMP,0
A,1223
S,2,1226,PREDICTION,src/tracking/advanced_tracker.py:kalman_homography,
S,3,1226,PREDICTION,src/tracking/advanced_tracker.py:kalman_homography,
S,4,1226,PREDICTION,src/tracking/advanced_tracker.py:kalman_homography,
S,6,1226,PREDICTION,src/tracking/advanced_tracker.py:kalman_homography,
S,8,1226,PREDICTION,src/tracking/advanced_tracker.py:kalman_homography,
S,9,1226,PREDICTION,src/tracking/advanced_tracker.py:kalman_homography,
D,3,1226
S,2,1226,PREDICTION,src/tracking/advanced_tracker.py:id_merge,
D,4,1226
S,2,1226,PREDICTION,src/tracking/advanced_tracker.py:id_merge,
L,2,1226,PREDICTION,src/tracking/advanced_tracker.py:id_merge,
R,CLAMP,CLAMP,0
L,6,1226,PREDICTION,src/tracking/advanced_tracker.py:kalman_homography,
R,CLAMP,CLAMP,0
L,8,1226,PREDICTION,src/tracking/advanced_tracker.py:kalman_homography,
R,PREDICTION,PREDICTION,1
L,9,1226,PREDICTION,src/tracking/advanced_tracker.py:kalman_homography,
R,CLAMP,CLAMP,0
A,1226
S,0,1229,DETECTION,src/tracking/advanced_tracker.py:_activate_slot,1229_451_1233_758_1380
S,2,1229,PREDICTION,src/tracking/advanced_tracker.py:kalman_homography,
S,3,1229,PREDICTION,src/tracking/advanced_tracker.py:kalman_homography,
S,4,1229,PREDICTION,src/tracking/advanced_tracker.py:kalman_homography,
S,8,1229,PREDICTION,src/tracking/advanced_tracker.py:kalman_homography,
S,9,1229,PREDICTION,src/tracking/advanced_tracker.py:kalman_homography,
S,6,1229,PREDICTION,src/tracking/advanced_tracker.py:flow_gapfill_batched,
D,2,1229
S,0,1229,PREDICTION,src/tracking/advanced_tracker.py:id_merge,
D,3,1229
S,0,1229,PREDICTION,src/tracking/advanced_tracker.py:id_merge,
D,4,1229
S,0,1229,PREDICTION,src/tracking/advanced_tracker.py:id_merge,
L,0,1229,PREDICTION,src/tracking/advanced_tracker.py:id_merge,
R,CLAMP,CLAMP,0
L,6,1229,PREDICTION,src/tracking/advanced_tracker.py:flow_gapfill_batched,
R,CLAMP,CLAMP,0
L,8,1229,PREDICTION,src/tracking/advanced_tracker.py:kalman_homography,
R,PREDICTION,SUBPIXEL,0
L,9,1229,PREDICTION,src/tracking/advanced_tracker.py:kalman_homography,
R,CLAMP,CLAMP,0
A,1229
S,1,1232,DETECTION,src/tracking/advanced_tracker.py:_activate_slot,1232_447_1249_751_1405
S,5,1232,DETECTION,src/tracking/advanced_tracker.py:_activate_slot,1232_412_775_681_906
S,7,1232,DETECTION,src/tracking/advanced_tracker.py:_activate_slot,1232_207_1569_425_1683
S,0,1232,PREDICTION,src/tracking/advanced_tracker.py:kalman_homography,
S,2,1232,PREDICTION,src/tracking/advanced_tracker.py:kalman_homography,
S,3,1232,PREDICTION,src/tracking/advanced_tracker.py:kalman_homography,
S,8,1232,PREDICTION,src/tracking/advanced_tracker.py:kalman_homography,
S,9,1232,PREDICTION,src/tracking/advanced_tracker.py:kalman_homography,
S,4,1232,PREDICTION,src/tracking/advanced_tracker.py:flow_gapfill_batched,
D,0,1232
S,1,1232,PREDICTION,src/tracking/advanced_tracker.py:id_merge,
D,2,1232
S,1,1232,PREDICTION,src/tracking/advanced_tracker.py:id_merge,
D,3,1232
S,1,1232,PREDICTION,src/tracking/advanced_tracker.py:id_merge,
D,4,1232
S,1,1232,PREDICTION,src/tracking/advanced_tracker.py:id_merge,
D,8,1232
S,5,1232,PREDICTION,src/tracking/advanced_tracker.py:id_merge,
L,1,1232,PREDICTION,src/tracking/advanced_tracker.py:id_merge,
R,CLAMP,CLAMP,0
L,5,1232,PREDICTION,src/tracking/advanced_tracker.py:id_merge,
R,CLAMP,CLAMP,0
L,7,1232,DETECTION,src/tracking/advanced_tracker.py:_activate_slot,1232_207_1569_425_1683
R,DETECTION,DETECTION,1
L,9,1232,PREDICTION,src/tracking/advanced_tracker.py:kalman_homography,
R,CLAMP,CLAMP,0
A,1232
S,5,1235,DETECTION,src/tracking/advanced_tracker.py:_activate_slot,1235_350_749_673_939
S,6,1235,DETECTION,src/tracking/advanced_tracker.py:_activate_slot,1235_208_1326_369_1413
S,0,1235,PREDICTION,src/tracking/advanced_tracker.py:kalman_homography,
S,1,1235,PREDICTION,src/tracking/advanced_tracker.py:kalman_homography,
S,2,1235,PREDICTION,src/tracking/advanced_tracker.py:kalman_homography,
S,3,1235,PREDICTION,src/tracking/advanced_tracker.py:kalman_homography,
S,7,1235,PREDICTION,src/tracking/advanced_tracker.py:kalman_homography,
S,8,1235,PREDICTION,src/tracking/advanced_tracker.py:kalman_homography,
S,9,1235,PREDICTION,src/tracking/advanced_tracker.py:flow_gapfill_batched,
D,0,1235
S,1,1235,PREDICTION,src/tracking/advanced_tracker.py:id_merge,
D,2,1235
S,1,1235,PREDICTION,src/tracking/advanced_tracker.py:id_merge,
D,3,1235
S,1,1235,PREDICTION,src/tracking/advanced_tracker.py:id_merge,
D,8,1235
S,5,1235,PREDICTION,src/tracking/advanced_tracker.py:id_merge,
L,1,1235,PREDICTION,src/tracking/advanced_tracker.py:id_merge,
R,CLAMP,CLAMP,0
L,5,1235,PREDICTION,src/tracking/advanced_tracker.py:id_merge,
R,CLAMP,CLAMP,0
L,6,1235,DETECTION,src/tracking/advanced_tracker.py:_activate_slot,1235_208_1326_369_1413
R,CLAMP,CLAMP,0
L,7,1235,PREDICTION,src/tracking/advanced_tracker.py:kalman_homography,
R,PREDICTION,PREDICTION,1
L,9,1235,PREDICTION,src/tracking/advanced_tracker.py:flow_gapfill_batched,
R,CLAMP,CLAMP,0
A,1235
S,7,1238,DETECTION,src/tracking/advanced_tracker.py:_activate_slot,1238_202_1602_419_1716
S,0,1238,PREDICTION,src/tracking/advanced_tracker.py:kalman_homography,
S,1,1238,PREDICTION,src/tracking/advanced_tracker.py:kalman_homography,
S,2,1238,PREDICTION,src/tracking/advanced_tracker.py:kalman_homography,
S,5,1238,PREDICTION,src/tracking/advanced_tracker.py:kalman_homography,
S,6,1238,PREDICTION,src/tracking/advanced_tracker.py:kalman_homography,
S,8,1238,PREDICTION,src/tracking/advanced_tracker.py:kalman_homography,
S,3,1238,PREDICTION,src/tracking/advanced_tracker.py:flow_gapfill_batched,
D,0,1238
S,1,1238,PREDICTION,src/tracking/advanced_tracker.py:id_merge,
D,2,1238
S,1,1238,PREDICTION,src/tracking/advanced_tracker.py:id_merge,
D,3,1238
S,1,1238,PREDICTION,src/tracking/advanced_tracker.py:id_merge,
D,8,1238
S,5,1238,PREDICTION,src/tracking/advanced_tracker.py:id_merge,
L,1,1238,PREDICTION,src/tracking/advanced_tracker.py:id_merge,
R,CLAMP,CLAMP,0
L,5,1238,PREDICTION,src/tracking/advanced_tracker.py:id_merge,
R,CLAMP,CLAMP,0
L,6,1238,PREDICTION,src/tracking/advanced_tracker.py:kalman_homography,
R,CLAMP,CLAMP,0
L,7,1238,DETECTION,src/tracking/advanced_tracker.py:_activate_slot,1238_202_1602_419_1716
R,DETECTION,DETECTION,1
A,1238
S,0,1241,PREDICTION,src/tracking/advanced_tracker.py:kalman_homography,
S,1,1241,PREDICTION,src/tracking/advanced_tracker.py:kalman_homography,
S,2,1241,PREDICTION,src/tracking/advanced_tracker.py:kalman_homography,
S,5,1241,PREDICTION,src/tracking/advanced_tracker.py:kalman_homography,
S,6,1241,PREDICTION,src/tracking/advanced_tracker.py:kalman_homography,
S,7,1241,PREDICTION,src/tracking/advanced_tracker.py:kalman_homography,
S,8,1241,PREDICTION,src/tracking/advanced_tracker.py:kalman_homography,
D,0,1241
S,1,1241,PREDICTION,src/tracking/advanced_tracker.py:id_merge,
D,2,1241
S,1,1241,PREDICTION,src/tracking/advanced_tracker.py:id_merge,
D,8,1241
S,5,1241,PREDICTION,src/tracking/advanced_tracker.py:id_merge,
L,1,1241,PREDICTION,src/tracking/advanced_tracker.py:id_merge,
R,CLAMP,CLAMP,0
L,5,1241,PREDICTION,src/tracking/advanced_tracker.py:id_merge,
R,CLAMP,CLAMP,0
L,6,1241,PREDICTION,src/tracking/advanced_tracker.py:kalman_homography,
R,CLAMP,CLAMP,0
L,7,1241,PREDICTION,src/tracking/advanced_tracker.py:kalman_homography,
R,PREDICTION,PREDICTION,1
A,1241
S,8,1244,DETECTION,src/tracking/advanced_tracker.py:_activate_slot,1244_408_841_657_985
S,0,1244,PREDICTION,src/tracking/advanced_tracker.py:kalman_homography,
S,1,1244,PREDICTION,src/tracking/advanced_tracker.py:kalman_homography,
S,2,1244,PREDICTION,src/tracking/advanced_tracker.py:kalman_homography,
S,5,1244,PREDICTION,src/tracking/advanced_tracker.py:kalman_homography,
S,6,1244,PREDICTION,src/tracking/advanced_tracker.py:kalman_homography,
S,7,1244,PREDICTION,src/tracking/advanced_tracker.py:kalman_homography,
D,0,1244
S,1,1244,PREDICTION,src/tracking/advanced_tracker.py:id_merge,
D,2,1244
S,1,1244,PREDICTION,src/tracking/advanced_tracker.py:id_merge,
D,5,1244
S,8,1244,PREDICTION,src/tracking/advanced_tracker.py:id_merge,
L,1,1244,PREDICTION,src/tracking/advanced_tracker.py:id_merge,
R,CLAMP,CLAMP,0
L,6,1244,PREDICTION,src/tracking/advanced_tracker.py:kalman_homography,
R,CLAMP,CLAMP,0
L,7,1244,PREDICTION,src/tracking/advanced_tracker.py:kalman_homography,
R,PREDICTION,PREDICTION,1
L,8,1244,PREDICTION,src/tracking/advanced_tracker.py:id_merge,
R,PREDICTION,PREDICTION,1
A,1244
S,0,1247,PREDICTION,src/tracking/advanced_tracker.py:kalman_homography,
S,1,1247,PREDICTION,src/tracking/advanced_tracker.py:kalman_homography,
S,5,1247,PREDICTION,src/tracking/advanced_tracker.py:kalman_homography,
S,6,1247,PREDICTION,src/tracking/advanced_tracker.py:kalman_homography,
S,7,1247,PREDICTION,src/tracking/advanced_tracker.py:kalman_homography,
S,8,1247,PREDICTION,src/tracking/advanced_tracker.py:kalman_homography,
S,2,1247,PREDICTION,src/tracking/advanced_tracker.py:flow_gapfill_batched,
D,0,1247
S,1,1247,PREDICTION,src/tracking/advanced_tracker.py:id_merge,
D,2,1247
S,1,1247,PREDICTION,src/tracking/advanced_tracker.py:id_merge,
D,5,1247
S,8,1247,PREDICTION,src/tracking/advanced_tracker.py:id_merge,
L,1,1247,PREDICTION,src/tracking/advanced_tracker.py:id_merge,
R,CLAMP,CLAMP,0
L,6,1247,PREDICTION,src/tracking/advanced_tracker.py:kalman_homography,
R,CLAMP,CLAMP,0
L,7,1247,PREDICTION,src/tracking/advanced_tracker.py:kalman_homography,
R,PREDICTION,PREDICTION,1
L,8,1247,PREDICTION,src/tracking/advanced_tracker.py:id_merge,
R,PREDICTION,PREDICTION,1
A,1247
S,0,1250,PREDICTION,src/tracking/advanced_tracker.py:kalman_homography,
S,1,1250,PREDICTION,src/tracking/advanced_tracker.py:kalman_homography,
S,5,1250,PREDICTION,src/tracking/advanced_tracker.py:kalman_homography,
S,6,1250,PREDICTION,src/tracking/advanced_tracker.py:kalman_homography,
S,7,1250,PREDICTION,src/tracking/advanced_tracker.py:kalman_homography,
S,8,1250,PREDICTION,src/tracking/advanced_tracker.py:kalman_homography,
D,0,1250
S,1,1250,PREDICTION,src/tracking/advanced_tracker.py:id_merge,
D,5,1250
S,8,1250,PREDICTION,src/tracking/advanced_tracker.py:id_merge,
L,1,1250,PREDICTION,src/tracking/advanced_tracker.py:id_merge,
R,CLAMP,CLAMP,0
L,6,1250,PREDICTION,src/tracking/advanced_tracker.py:kalman_homography,
R,CLAMP,CLAMP,0
L,7,1250,PREDICTION,src/tracking/advanced_tracker.py:kalman_homography,
R,PREDICTION,PREDICTION,1
L,8,1250,PREDICTION,src/tracking/advanced_tracker.py:id_merge,
R,PREDICTION,PREDICTION,1
A,1250
S,7,1253,DETECTION,src/tracking/advanced_tracker.py:_activate_slot,1253_214_1620_418_1722
S,4,1253,DETECTION,src/tracking/advanced_tracker.py:_activate_slot,1253_350_1378_635_1564
S,1,1253,PREDICTION,src/tracking/advanced_tracker.py:kalman_homography,
S,5,1253,PREDICTION,src/tracking/advanced_tracker.py:kalman_homography,
S,6,1253,PREDICTION,src/tracking/advanced_tracker.py:kalman_homography,
S,8,1253,PREDICTION,src/tracking/advanced_tracker.py:kalman_homography,
S,0,1253,PREDICTION,src/tracking/advanced_tracker.py:flow_gapfill_batched,
D,0,1253
S,1,1253,PREDICTION,src/tracking/advanced_tracker.py:id_merge,
D,1,1253
S,4,1253,PREDICTION,src/tracking/advanced_tracker.py:id_merge,
D,5,1253
S,8,1253,PREDICTION,src/tracking/advanced_tracker.py:id_merge,
L,4,1253,PREDICTION,src/tracking/advanced_tracker.py:id_merge,
R,CLAMP,CLAMP,0
L,6,1253,PREDICTION,src/tracking/advanced_tracker.py:kalman_homography,
R,CLAMP,CLAMP,0
L,7,1253,DETECTION,src/tracking/advanced_tracker.py:_activate_slot,1253_214_1620_418_1722
R,DETECTION,DETECTION,1
L,8,1253,PREDICTION,src/tracking/advanced_tracker.py:id_merge,
R,PREDICTION,PREDICTION,1
A,1253
S,7,1256,DETECTION,src/tracking/advanced_tracker.py:_activate_slot,1256_219_1590_451_1704
S,9,1256,DETECTION,src/tracking/advanced_tracker.py:_activate_slot,1256_319_924_642_1059
S,4,1256,PREDICTION,src/tracking/advanced_tracker.py:kalman_homography,
S,5,1256,PREDICTION,src/tracking/advanced_tracker.py:kalman_homography,
S,6,1256,PREDICTION,src/tracking/advanced_tracker.py:kalman_homography,
S,8,1256,PREDICTION,src/tracking/advanced_tracker.py:kalman_homography,
S,1,1256,PREDICTION,src/tracking/advanced_tracker.py:flow_gapfill_batched,
D,1,1256
S,4,1256,PREDICTION,src/tracking/advanced_tracker.py:id_merge,
D,5,1256
S,8,1256,PREDICTION,src/tracking/advanced_tracker.py:id_merge,
D,8,1256
S,9,1256,PREDICTION,src/tracking/advanced_tracker.py:id_merge,
L,4,1256,PREDICTION,src/tracking/advanced_tracker.py:id_merge,
R,CLAMP,CLAMP,0
L,6,1256,PREDICTION,src/tracking/advanced_tracker.py:kalman_homography,
R,CLAMP,CLAMP,0
L,7,1256,DETECTION,src/tracking/advanced_tracker.py:_activate_slot,1256_219_1590_451_1704
R,DETECTION,DETECTION,1
L,9,1256,PREDICTION,src/tracking/advanced_tracker.py:id_merge,
R,PREDICTION,PREDICTION,1
A,1256
S,3,1259,DETECTION,src/tracking/advanced_tracker.py:_activate_slot,1259_619_1133_898_1376
S,4,1259,PREDICTION,src/tracking/advanced_tracker.py:kalman_homography,
S,7,1259,PREDICTION,src/tracking/advanced_tracker.py:kalman_homography,
S,8,1259,PREDICTION,src/tracking/advanced_tracker.py:kalman_homography,
S,9,1259,PREDICTION,src/tracking/advanced_tracker.py:kalman_homography,
S,5,1259,PREDICTION,src/tracking/advanced_tracker.py:flow_gapfill_batched,
S,6,1259,PREDICTION,src/tracking/advanced_tracker.py:flow_gapfill_batched,
D,5,1259
S,8,1259,PREDICTION,src/tracking/advanced_tracker.py:id_merge,
D,8,1259
S,9,1259,PREDICTION,src/tracking/advanced_tracker.py:id_merge,
L,3,1259,DETECTION,src/tracking/advanced_tracker.py:_activate_slot,1259_619_1133_898_1376
R,CLAMP,CLAMP,0
L,4,1259,PREDICTION,src/tracking/advanced_tracker.py:kalman_homography,
R,CLAMP,CLAMP,0
L,6,1259,PREDICTION,src/tracking/advanced_tracker.py:flow_gapfill_batched,
R,CLAMP,CLAMP,0
L,7,1259,PREDICTION,src/tracking/advanced_tracker.py:kalman_homography,
R,PREDICTION,PREDICTION,1
L,9,1259,PREDICTION,src/tracking/advanced_tracker.py:id_merge,
R,PREDICTION,PREDICTION,1
A,1259
S,3,1262,DETECTION,src/tracking/advanced_tracker.py:_activate_slot,1262_629_1258_834_1396
S,6,1262,DETECTION,src/tracking/advanced_tracker.py:_activate_slot,1262_206_1417_388_1513
S,4,1262,PREDICTION,src/tracking/advanced_tracker.py:kalman_homography,
S,7,1262,PREDICTION,src/tracking/advanced_tracker.py:kalman_homography,
S,8,1262,PREDICTION,src/tracking/advanced_tracker.py:kalman_homography,
S,9,1262,PREDICTION,src/tracking/advanced_tracker.py:kalman_homography,
D,4,1262
S,3,1262,PREDICTION,src/tracking/advanced_tracker.py:id_merge,
D,7,1262
S,6,1262,PREDICTION,src/tracking/advanced_tracker.py:id_merge,
D,8,1262
S,9,1262,PREDICTION,src/tracking/advanced_tracker.py:id_merge,
L,3,1262,PREDICTION,src/tracking/advanced_tracker.py:id_merge,
R,CLAMP,CLAMP,0
L,6,1262,PREDICTION,src/tracking/advanced_tracker.py:id_merge,
R,CLAMP,CLAMP,0
L,9,1262,PREDICTION,src/tracking/advanced_tracker.py:id_merge,
R,PREDICTION,SUBPIXEL,0
A,1262
S,3,1265,PREDICTION,src/tracking/advanced_tracker.py:kalman_homography,
S,4,1265,PREDICTION,src/tracking/advanced_tracker.py:kalman_homography,
S,6,1265,PREDICTION,src/tracking/advanced_tracker.py:kalman_homography,
S,7,1265,PREDICTION,src/tracking/advanced_tracker.py:kalman_homography,
S,8,1265,PREDICTION,src/tracking/advanced_tracker.py:kalman_homography,
S,9,1265,PREDICTION,src/tracking/advanced_tracker.py:kalman_homography,
D,4,1265
S,3,1265,PREDICTION,src/tracking/advanced_tracker.py:id_merge,
D,7,1265
S,6,1265,PREDICTION,src/tracking/advanced_tracker.py:id_merge,
D,8,1265
S,9,1265,PREDICTION,src/tracking/advanced_tracker.py:id_merge,
L,3,1265,PREDICTION,src/tracking/advanced_tracker.py:id_merge,
R,CLAMP,CLAMP,0
L,6,1265,PREDICTION,src/tracking/advanced_tracker.py:id_merge,
R,CLAMP,CLAMP,0
L,9,1265,PREDICTION,src/tracking/advanced_tracker.py:id_merge,
R,PREDICTION,SUBPIXEL,0
A,1265
