S,0,2553,DETECTION,src/tracking/advanced_tracker.py:_activate_slot,2553_-12_118_855_885
S,1,2553,DETECTION,src/tracking/advanced_tracker.py:_activate_slot,2553_-14_626_847_1064
S,2,2553,DETECTION,src/tracking/advanced_tracker.py:_activate_slot,2553_424_390_854_757
D,0,2553
S,2,2553,PREDICTION,src/tracking/advanced_tracker.py:id_merge,
L,1,2553,DETECTION,src/tracking/advanced_tracker.py:_activate_slot,2553_-14_626_847_1064
R,DETECTION,DETECTION,1
L,2,2553,PREDICTION,src/tracking/advanced_tracker.py:id_merge,
R,PREDICTION,PREDICTION,1
A,2553
S,3,2556,DETECTION,src/tracking/advanced_tracker.py:_activate_slot,2556_-14_201_864_952
S,4,2556,DETECTION,src/tracking/advanced_tracker.py:_activate_slot,2556_-10_115_665_597
S,0,2556,PREDICTION,src/tracking/advanced_tracker.py:kalman_homography,
S,1,2556,PREDICTION,src/tracking/advanced_tracker.py:kalman_homography,
S,2,2556,PREDICTION,src/tracking/advanced_tracker.py:kalman_homography,
D,0,2556
S,2,2556,PREDICTION,src/tracking/advanced_tracker.py:id_merge,
D,2,2556
S,3,2556,PREDICTION,src/tracking/advanced_tracker.py:id_merge,
D,3,2556
S,4,2556,PREDICTION,src/tracking/advanced_tracker.py:id_merge,
L,1,2556,PREDICTION,src/tracking/advanced_tracker.py:kalman_homography,
R,PREDICTION,PREDICTION,1
L,4,2556,PREDICTION,src/tracking/advanced_tracker.py:id_merge,
R,PREDICTION,PREDICTION,1
A,2556
S,2,2559,DETECTION,src/tracking/advanced_tracker.py:_activate_slot,2559_397_483_858_848
S,3,2559,DETECTION,src/tracking/advanced_tracker.py:_activate_slot,2559_372_309_858_855
S,0,2559,PREDICTION,src/tracking/advanced_tracker.py:kalman_homography,
S,1,2559,PREDICTION,src/tracking/advanced_tracker.py:kalman_homography,
S,4,2559,PREDICTION,src/tracking/advanced_tracker.py:kalman_homography,
D,0,2559
S,2,2559,PREDICTION,src/tracking/advanced_tracker.py:id_merge,
D,1,2559
S,2,2559,PREDICTION,src/tracking/advanced_tracker.py:id_merge,
D,2,2559
S,3,2559,PREDICTION,src/tracking/advanced_tracker.py:id_merge,
D,4,2559
S,3,2559,PREDICTION,src/tracking/advanced_tracker.py:id_merge,
L,3,2559,PREDICTION,src/tracking/advanced_tracker.py:id_merge,
R,PREDICTION,PREDICTION,1
A,2559
S,5,2562,DETECTION,src/tracking/advanced_tracker.py:_activate_slot,2562_396_433_860_882
S,6,2562,DETECTION,src/tracking/advanced_tracker.py:_activate_slot,2562_-10_268_585_753
S,0,2562,PREDICTION,src/tracking/advanced_tracker.py:kalman_homography,
S,1,2562,PREDICTION,src/tracking/advanced_tracker.py:kalman_homography,
S,2,2562,PREDICTION,src/tracking/advanced_tracker.py:kalman_homography,
S,3,2562,PREDICTION,src/tracking/advanced_tracker.py:kalman_homography,
S,4,2562,PREDICTION,src/tracking/advanced_tracker.py:kalman_homography,
D,0,2562
S,3,2562,PREDICTION,src/tracking/advanced_tracker.py:id_merge,
D,1,2562
S,2,2562,PREDICTION,src/tracking/advanced_tracker.py:id_merge,
D,4,2562
S,3,2562,PREDICTION,src/tracking/advanced_tracker.py:id_merge,
L,2,2562,PREDICTION,src/tracking/advanced_tracker.py:id_merge,
R,PREDICTION,PREDICTION,1
L,3,2562,PREDICTION,src/tracking/advanced_tracker.py:id_merge,
R,PREDICTION,PREDICTION,1
L,5,2562,DETECTION,src/tracking/advanced_tracker.py:_activate_slot,2562_396_433_860_882
R,DETECTION,DETECTION,1
L,6,2562,DETECTION,src/tracking/advanced_tracker.py:_activate_slot,2562_-10_268_585_753
R,DETECTION,DETECTION,1
A,2562
S,7,2565,DETECTION,src/tracking/advanced_tracker.py:_activate_slot,2565_-15_576_851_1219
S,8,2565,DETECTION,src/tracking/advanced_tracker.py:_activate_slot,2565_400_328_862_857
S,0,2565,PREDICTION,src/tracking/advanced_tracker.py:kalman_homography,
S,1,2565,PREDICTION,src/tracking/advanced_tracker.py:kalman_homography,
S,2,2565,PREDICTION,src/tracking/advanced_tracker.py:kalman_homography,
S,4,2565,PREDICTION,src/tracking/advanced_tracker.py:kalman_homography,
S,5,2565,PREDICTION,src/tracking/advanced_tracker.py:kalman_homography,
S,6,2565,PREDICTION,src/tracking/advanced_tracker.py:kalman_homography,
D,0,2565
S,4,2565,PREDICTION,src/tracking/advanced_tracker.py:id_merge,
D,1,2565
S,2,2565,PREDICTION,src/tracking/advanced_tracker.py:id_merge,
D,5,2565
S,7,2565,PREDICTION,src/tracking/advanced_tracker.py:id_merge,
D,6,2565
S,7,2565,PREDICTION,src/tracking/advanced_tracker.py:id_merge,
L,2,2565,PREDICTION,src/tracking/advanced_tracker.py:id_merge,
R,PREDICTION,PREDICTION,1
L,4,2565,PREDICTION,src/tracking/advanced_tracker.py:id_merge,
R,PREDICTION,PREDICTION,1
L,7,2565,PREDICTION,src/tracking/advanced_tracker.py:id_merge,
R,PREDICTION,PREDICTION,1
L,8,2565,DETECTION,src/tracking/advanced_tracker.py:_activate_slot,2565_400_328_862_857
R,DETECTION,DETECTION,1
A,2565
S,9,2568,DETECTION,src/tracking/advanced_tracker.py:_activate_slot,2568_408_138_945_813
S,5,2568,DETECTION,src/tracking/advanced_tracker.py:_activate_slot,2568_407_368_849_815
S,6,2568,DETECTION,src/tracking/advanced_tracker.py:_activate_slot,2568_-11_162_586_865
S,8,2568,DETECTION,src/tracking/advanced_tracker.py:_activate_slot,2568_405_317_961_822
S,0,2568,PREDICTION,src/tracking/advanced_tracker.py:kalman_homography,
S,1,2568,PREDICTION,src/tracking/advanced_tracker.py:kalman_homography,
S,2,2568,PREDICTION,src/tracking/advanced_tracker.py:kalman_homography,
S,4,2568,PREDICTION,src/tracking/advanced_tracker.py:kalman_homography,
S,7,2568,PREDICTION,src/tracking/advanced_tracker.py:kalman_homography,
S,3,2568,PREDICTION,src/tracking/advanced_tracker.py:flow_gapfill_batched,
D,0,2568
S,3,2568,PREDICTION,src/tracking/advanced_tracker.py:id_merge,
D,1,2568
S,2,2568,PREDICTION,src/tracking/advanced_tracker.py:id_merge,
D,2,2568
S,3,2568,PREDICTION,src/tracking/advanced_tracker.py:id_merge,
D,4,2568
S,3,2568,PREDICTION,src/tracking/advanced_tracker.py:id_merge,
D,7,2568
S,5,2568,PREDICTION,src/tracking/advanced_tracker.py:id_merge,
D,5,2568
S,8,2568,PREDICTION,src/tracking/advanced_tracker.py:id_merge,
D,8,2568
S,9,2568,PREDICTION,src/tracking/advanced_tracker.py:id_merge,
L,3,2568,PREDICTION,src/tracking/advanced_tracker.py:id_merge,
R,PREDICTION,PREDICTION,1
L,6,2568,DETECTION,src/tracking/advanced_tracker.py:_activate_slot,2568_-11_162_586_865
R,DETECTION,DETECTION,1
L,9,2568,PREDICTION,src/tracking/advanced_tracker.py:id_merge,
R,PREDICTION,PREDICTION,1
A,2568
S,5,2571,DETECTION,src/tracking/advanced_tracker.py:_activate_slot,2571_393_375_857_759
S,6,2571,DETECTION,src/tracking/advanced_tracker.py:_activate_slot,2571_-12_658_851_1281
S,0,2571,PREDICTION,src/tracking/advanced_tracker.py:kalman_homography,
S,1,2571,PREDICTION,src/tracking/advanced_tracker.py:kalman_homography,
S,2,2571,PREDICTION,src/tracking/advanced_tracker.py:kalman_homography,
S,4,2571,PREDICTION,src/tracking/advanced_tracker.py:kalman_homography,
S,7,2571,PREDICTION,src/tracking/advanced_tracker.py:kalman_homography,
S,8,2571,PREDICTION,src/tracking/advanced_tracker.py:kalman_homography,
S,9,2571,PREDICTION,src/tracking/advanced_tracker.py:kalman_homography,
S,3,2571,PREDICTION,src/tracking/advanced_tracker.py:flow_gapfill_batched,
D,0,2571
S,3,2571,PREDICTION,src/tracking/advanced_tracker.py:id_merge,
D,1,2571
S,2,2571,PREDICTION,src/tracking/advanced_tracker.py:id_merge,
D,2,2571
S,3,2571,PREDICTION,src/tracking/advanced_tracker.py:id_merge,
D,4,2571
S,3,2571,PREDICTION,src/tracking/advanced_tracker.py:id_merge,
D,8,2571
S,5,2571,PREDICTION,src/tracking/advanced_tracker.py:id_merge,
D,7,2571
S,6,2571,PREDICTION,src/tracking/advanced_tracker.py:id_merge,
L,3,2571,PREDICTION,src/tracking/advanced_tracker.py:id_merge,
R,PREDICTION,PREDICTION,1
L,5,2571,PREDICTION,src/tracking/advanced_tracker.py:id_merge,
R,PREDICTION,PREDICTION,1
L,6,2571,PREDICTION,src/tracking/advanced_tracker.py:id_merge,
R,PREDICTION,PREDICTION,1
L,9,2571,PREDICTION,src/tracking/advanced_tracker.py:kalman_homography,
R,PREDICTION,PREDICTION,1
A,2571
S,5,2574,DETECTION,src/tracking/advanced_tracker.py:_activate_slot,2574_592_147_843_418
S,8,2574,DETECTION,src/tracking/advanced_tracker.py:_activate_slot,2574_389_316_850_737
S,0,2574,PREDICTION,src/tracking/advanced_tracker.py:kalman_homography,
S,1,2574,PREDICTION,src/tracking/advanced_tracker.py:kalman_homography,
S,2,2574,PREDICTION,src/tracking/advanced_tracker.py:kalman_homography,
S,4,2574,PREDICTION,src/tracking/advanced_tracker.py:kalman_homography,
S,7,2574,PREDICTION,src/tracking/advanced_tracker.py:kalman_homography,
S,9,2574,PREDICTION,src/tracking/advanced_tracker.py:kalman_homography,
S,3,2574,PREDICTION,src/tracking/advanced_tracker.py:flow_gapfill_batched,
S,6,2574,PREDICTION,src/tracking/advanced_tracker.py:flow_gapfill_batched,
D,0,2574
S,3,2574,PREDICTION,src/tracking/advanced_tracker.py:id_merge,
D,1,2574
S,2,2574,PREDICTION,src/tracking/advanced_tracker.py:id_merge,
D,4,2574
S,3,2574,PREDICTION,src/tracking/advanced_tracker.py:id_merge,
D,7,2574
S,6,2574,PREDICTION,src/tracking/advanced_tracker.py:id_merge,
D,9,2574
S,8,2574,PREDICTION,src/tracking/advanced_tracker.py:id_merge,
L,2,2574,PREDICTION,src/tracking/advanced_tracker.py:id_merge,
R,PREDICTION,PREDICTION,1
L,3,2574,PREDICTION,src/tracking/advanced_tracker.py:id_merge,
R,PREDICTION,PREDICTION,1
L,5,2574,DETECTION,src/tracking/advanced_tracker.py:_activate_slot,2574_592_147_843_418
R,CLAMP,CLAMP,0
L,6,2574,PREDICTION,src/tracking/advanced_tracker.py:id_merge,
R,PREDICTION,SUBPIXEL,0
L,8,2574,PREDICTION,src/tracking/advanced_tracker.py:id_merge,
R,PREDICTION,PREDICTION,1
A,2574
S,9,2577,DETECTION,src/tracking/advanced_tracker.py:_activate_slot,2577_404_97_1035_730
S,2,2577,PREDICTION,src/tracking/advanced_tracker.py:kalman_homography,
S,4,2577,PREDICTION,src/tracking/advanced_tracker.py:kalman_homography,
S,5,2577,PREDICTION,src/tracking/advanced_tracker.py:kalman_homography,
S,7,2577,PREDICTION,src/tracking/advanced_tracker.py:kalman_homography,
S,8,2577,PREDICTION,src/tracking/advanced_tracker.py:kalman_homography,
S,0,2577,PREDICTION,src/tracking/advanced_tracker.py:flow_gapfill_batched,
S,1,2577,PREDICTION,src/tracking/advanced_tracker.py:flow_gapfill_batched,
S,3,2577,PREDICTION,src/tracking/advanced_tracker.py:flow_gapfill_batched,
S,6,2577,PREDICTION,src/tracking/advanced_tracker.py:flow_gapfill_batched,
D,0,2577
S,3,2577,PREDICTION,src/tracking/advanced_tracker.py:id_merge,
D,1,2577
S,2,2577,PREDICTION,src/tracking/advanced_tracker.py:id_merge,
D,4,2577
S,3,2577,PREDICTION,src/tracking/advanced_tracker.py:id_merge,
D,6,2577
S,9,2577,PREDICTION,src/tracking/advanced_tracker.py:id_merge,
L,2,2577,PREDICTION,src/tracking/advanced_tracker.py:id_merge,
R,PREDICTION,PREDICTION,1
L,3,2577,PREDICTION,src/tracking/advanced_tracker.py:id_merge,
R,PREDICTION,PREDICTION,1
L,5,2577,PREDICTION,src/tracking/advanced_tracker.py:kalman_homography,
R,CLAMP,CLAMP,0
L,7,2577,PREDICTION,src/tracking/advanced_tracker.py:kalman_homography,
R,PREDICTION,PREDICTION,1
L,8,2577,PREDICTION,src/tracking/advanced_tracker.py:kalman_homography,
R,PREDICTION,PREDICTION,1
L,9,2577,PREDICTION,src/tracking/advanced_tracker.py:id_merge,
R,PREDICTION,PREDICTION,1
A,2577
S,2,2580,PREDICTION,src/tracking/advanced_tracker.py:kalman_homography,
S,7,2580,PREDICTION,src/tracking/advanced_tracker.py:kalman_homography,
S,8,2580,PREDICTION,src/tracking/advanced_tracker.py:kalman_homography,
S,3,2580,PREDICTION,src/tracking/advanced_tracker.py:flow_gapfill_batched,
S,4,2580,PREDICTION,src/tracking/advanced_tracker.py:flow_gapfill_batched,
S,5,2580,PREDICTION,src/tracking/advanced_tracker.py:flow_gapfill_batched,
L,2,2580,PREDICTION,src/tracking/advanced_tracker.py:kalman_homography,
R,PREDICTION,PREDICTION,1
L,3,2580,PREDICTION,src/tracking/advanced_tracker.py:flow_gapfill_batched,
R,PREDICTION,PREDICTION,1
L,4,2580,PREDICTION,src/tracking/advanced_tracker.py:flow_gapfill_batched,
R,PREDICTION,PREDICTION,1
L,5,2580,PREDICTION,src/tracking/advanced_tracker.py:flow_gapfill_batched,
R,PREDICTION,PREDICTION,1
L,7,2580,PREDICTION,src/tracking/advanced_tracker.py:kalman_homography,
R,PREDICTION,SUBPIXEL,0
L,8,2580,PREDICTION,src/tracking/advanced_tracker.py:kalman_homography,
R,PREDICTION,PREDICTION,1
A,2580
S,8,2583,DETECTION,src/tracking/advanced_tracker.py:_activate_slot,2583_404_325_968_823
S,9,2583,DETECTION,src/tracking/advanced_tracker.py:_activate_slot,2583_408_105_1025_835
S,7,2583,PREDICTION,src/tracking/advanced_tracker.py:kalman_homography,
S,2,2583,PREDICTION,src/tracking/advanced_tracker.py:flow_gapfill_batched,
S,3,2583,PREDICTION,src/tracking/advanced_tracker.py:flow_gapfill_batched,
S,5,2583,PREDICTION,src/tracking/advanced_tracker.py:flow_gapfill_batched,
D,2,2583
S,3,2583,PREDICTION,src/tracking/advanced_tracker.py:id_merge,
D,5,2583
S,9,2583,PREDICTION,src/tracking/advanced_tracker.py:id_merge,
D,8,2583
S,9,2583,PREDICTION,src/tracking/advanced_tracker.py:id_merge,
L,3,2583,PREDICTION,src/tracking/advanced_tracker.py:id_merge,
R,PREDICTION,PREDICTION,1
L,7,2583,PREDICTION,src/tracking/advanced_tracker.py:kalman_homography,
R,PREDICTION,SUBPIXEL,0
L,9,2583,PREDICTION,src/tracking/advanced_tracker.py:id_merge,
R,PREDICTION,PREDICTION,1
A,2583
S,7,2586,PREDICTION,src/tracking/advanced_tracker.py:kalman_homography,
S,8,2586,PREDICTION,src/tracking/advanced_tracker.py:kalman_homography,
S,5,2586,PREDICTION,src/tracking/advanced_tracker.py:flow_gapfill_batched,
S,9,2586,PREDICTION,src/tracking/advanced_tracker.py:flow_gapfill_batched,
D,5,2586
S,8,2586,PREDICTION,src/tracking/advanced_tracker.py:id_merge,
D,8,2586
S,9,2586,PREDICTION,src/tracking/advanced_tracker.py:id_merge,
L,7,2586,PREDICTION,src/tracking/advanced_tracker.py:kalman_homography,
R,PREDICTION,SUBPIXEL,0
L,9,2586,PREDICTION,src/tracking/advanced_tracker.py:id_merge,
R,PREDICTION,PREDICTION,1
A,2586
S,8,2589,PREDICTION,src/tracking/advanced_tracker.py:kalman_homography,
S,5,2589,PREDICTION,src/tracking/advanced_tracker.py:flow_gapfill_batched,
S,7,2589,PREDICTION,src/tracking/advanced_tracker.py:flow_gapfill_batched,
S,9,2589,PREDICTION,src/tracking/advanced_tracker.py:flow_gapfill_batched,
D,5,2589
S,8,2589,PREDICTION,src/tracking/advanced_tracker.py:id_merge,
D,8,2589
S,9,2589,PREDICTION,src/tracking/advanced_tracker.py:id_merge,
L,7,2589,PREDICTION,src/tracking/advanced_tracker.py:flow_gapfill_batched,
R,PREDICTION,PREDICTION,1
L,9,2589,PREDICTION,src/tracking/advanced_tracker.py:id_merge,
R,PREDICTION,PREDICTION,1
A,2589
S,7,2592,DETECTION,src/tracking/advanced_tracker.py:_activate_slot,2592_-9_321_852_1539
S,8,2592,PREDICTION,src/tracking/advanced_tracker.py:kalman_homography,
S,5,2592,PREDICTION,src/tracking/advanced_tracker.py:flow_gapfill_batched,
D,5,2592
S,7,2592,PREDICTION,src/tracking/advanced_tracker.py:id_merge,
L,7,2592,PREDICTION,src/tracking/advanced_tracker.py:id_merge,
R,PREDICTION,PREDICTION,1
L,8,2592,PREDICTION,src/tracking/advanced_tracker.py:kalman_homography,
R,PREDICTION,PREDICTION,1
A,2592
S,7,2595,PREDICTION,src/tracking/advanced_tracker.py:kalman_homography,
S,8,2595,PREDICTION,src/tracking/advanced_tracker.py:kalman_homography,
S,5,2595,PREDICTION,src/tracking/advanced_tracker.py:flow_gapfill_batched,
D,5,2595
S,7,2595,PREDICTION,src/tracking/advanced_tracker.py:id_merge,
L,7,2595,PREDICTION,src/tracking/advanced_tracker.py:id_merge,
R,PREDICTION,PREDICTION,1
L,8,2595,PREDICTION,src/tracking/advanced_tracker.py:kalman_homography,
R,PREDICTION,PREDICTION,1
A,2595
S,7,2598,PREDICTION,src/tracking/advanced_tracker.py:kalman_homography,
S,5,2598,PREDICTION,src/tracking/advanced_tracker.py:flow_gapfill_batched,
S,8,2598,PREDICTION,src/tracking/advanced_tracker.py:flow_gapfill_batched,
D,5,2598
S,7,2598,PREDICTION,src/tracking/advanced_tracker.py:id_merge,
L,7,2598,PREDICTION,src/tracking/advanced_tracker.py:id_merge,
R,PREDICTION,PREDICTION,1
L,8,2598,PREDICTION,src/tracking/advanced_tracker.py:flow_gapfill_batched,
R,PREDICTION,PREDICTION,1
A,2598
S,7,2601,PREDICTION,src/tracking/advanced_tracker.py:kalman_homography,
S,8,2601,PREDICTION,src/tracking/advanced_tracker.py:flow_gapfill_batched,
L,7,2601,PREDICTION,src/tracking/advanced_tracker.py:kalman_homography,
R,PREDICTION,PREDICTION,1
L,8,2601,PREDICTION,src/tracking/advanced_tracker.py:flow_gapfill_batched,
R,PREDICTION,SUBPIXEL,0
A,2601
S,7,2604,PREDICTION,src/tracking/advanced_tracker.py:kalman_homography,
S,8,2604,PREDICTION,src/tracking/advanced_tracker.py:flow_gapfill_batched,
S,9,2604,PREDICTION,src/tracking/advanced_tracker.py:flow_gapfill_batched,
D,8,2604
S,9,2604,PREDICTION,src/tracking/advanced_tracker.py:id_merge,
L,7,2604,PREDICTION,src/tracking/advanced_tracker.py:kalman_homography,
R,PREDICTION,PREDICTION,1
L,9,2604,PREDICTION,src/tracking/advanced_tracker.py:id_merge,
R,PREDICTION,PREDICTION,1
A,2604
S,7,2607,PREDICTION,src/tracking/advanced_tracker.py:kalman_homography,
S,8,2607,PREDICTION,src/tracking/advanced_tracker.py:flow_gapfill_batched,
L,7,2607,PREDICTION,src/tracking/advanced_tracker.py:kalman_homography,
R,PREDICTION,SUBPIXEL,0
L,8,2607,PREDICTION,src/tracking/advanced_tracker.py:flow_gapfill_batched,
R,PREDICTION,PREDICTION,1
A,2607
S,0,2610,DETECTION,src/tracking/advanced_tracker.py:_activate_slot,2610_31_629_849_1515
S,7,2610,PREDICTION,src/tracking/advanced_tracker.py:kalman_homography,
L,0,2610,DETECTION,src/tracking/advanced_tracker.py:_activate_slot,2610_31_629_849_1515
R,DETECTION,DETECTION,1
L,7,2610,PREDICTION,src/tracking/advanced_tracker.py:kalman_homography,
R,PREDICTION,PREDICTION,1
A,2610
S,1,2613,DETECTION,src/tracking/advanced_tracker.py:_activate_slot,2613_32_677_852_1506
S,0,2613,PREDICTION,src/tracking/advanced_tracker.py:kalman_homography,
S,7,2613,PREDICTION,src/tracking/advanced_tracker.py:kalman_homography,
D,0,2613
S,1,2613,PREDICTION,src/tracking/advanced_tracker.py:id_merge,
L,1,2613,PREDICTION,src/tracking/advanced_tracker.py:id_merge,
R,PREDICTION,PREDICTION,1
L,7,2613,PREDICTION,src/tracking/advanced_tracker.py:kalman_homography,
R,PREDICTION,PREDICTION,1
A,2613
S,6,2616,DETECTION,src/tracking/advanced_tracker.py:_activate_slot,2616_-12_-15_999_628
S,0,2616,PREDICTION,src/tracking/advanced_tracker.py:kalman_homography,
S,1,2616,PREDICTION,src/tracking/advanced_tracker.py:kalman_homography,
S,7,2616,PREDICTION,src/tracking/advanced_tracker.py:flow_gapfill_batched,
D,0,2616
S,1,2616,PREDICTION,src/tracking/advanced_tracker.py:id_merge,
L,1,2616,PREDICTION,src/tracking/advanced_tracker.py:id_merge,
R,PREDICTION,PREDICTION,1
L,6,2616,DETECTION,src/tracking/advanced_tracker.py:_activate_slot,2616_-12_-15_999_628
R,CLAMP,CLAMP,0
L,7,2616,PREDICTION,src/tracking/advanced_tracker.py:flow_gapfill_batched,
R,PREDICTION,PREDICTION,1
A,2616
S,6,2619,DETECTION,src/tracking/advanced_tracker.py:_activate_slot,2619_-10_-15_996_625
S,5,2619,DETECTION,src/tracking/advanced_tracker.py:_activate_slot,2619_13_754_891_1561
S,0,2619,PREDICTION,src/tracking/advanced_tracker.py:kalman_homography,
S,1,2619,PREDICTION,src/tracking/advanced_tracker.py:kalman_homography,
D,0,2619
S,1,2619,PREDICTION,src/tracking/advanced_tracker.py:id_merge,
L,1,2619,PREDICTION,src/tracking/advanced_tracker.py:id_merge,
R,PREDICTION,SUBPIXEL,0
L,5,2619,DETECTION,src/tracking/advanced_tracker.py:_activate_slot,2619_13_754_891_1561
R,CLAMP,CLAMP,0
L,6,2619,DETECTION,src/tracking/advanced_tracker.py:_activate_slot,2619_-10_-15_996_625
R,CLAMP,CLAMP,0
A,2619
S,6,2622,DETECTION,src/tracking/advanced_tracker.py:_activate_slot,2622_-11_-15_969_621
S,0,2622,PREDICTION,src/tracking/advanced_tracker.py:kalman_homography,
S,1,2622,PREDICTION,src/tracking/advanced_tracker.py:kalman_homography,
S,5,2622,PREDICTION,src/tracking/advanced_tracker.py:kalman_homography,
D,0,2622
S,1,2622,PREDICTION,src/tracking/advanced_tracker.py:id_merge,
L,1,2622,PREDICTION,src/tracking/advanced_tracker.py:id_merge,
R,PREDICTION,SUBPIXEL,0
L,5,2622,PREDICTION,src/tracking/advanced_tracker.py:kalman_homography,
R,CLAMP,CLAMP,0
L,6,2622,DETECTION,src/tracking/advanced_tracker.py:_activate_slot,2622_-11_-15_969_621
R,CLAMP,CLAMP,0
A,2622
S,0,2625,PREDICTION,src/tracking/advanced_tracker.py:kalman_homography,
S,1,2625,PREDICTION,src/tracking/advanced_tracker.py:kalman_homography,
S,5,2625,PREDICTION,src/tracking/advanced_tracker.py:kalman_homography,
S,6,2625,PREDICTION,src/tracking/advanced_tracker.py:kalman_homography,
D,0,2625
S,1,2625,PREDICTION,src/tracking/advanced_tracker.py:id_merge,
L,1,2625,PREDICTION,src/tracking/advanced_tracker.py:id_merge,
R,PREDICTION,SUBPIXEL,0
L,5,2625,PREDICTION,src/tracking/advanced_tracker.py:kalman_homography,
R,CLAMP,CLAMP,0
L,6,2625,PREDICTION,src/tracking/advanced_tracker.py:kalman_homography,
R,CLAMP,CLAMP,0
A,2625
S,6,2628,DETECTION,src/tracking/advanced_tracker.py:_activate_slot,2628_-10_-15_937_611
S,8,2628,DETECTION,src/tracking/advanced_tracker.py:_activate_slot,2628_539_453_857_808
S,9,2628,DETECTION,src/tracking/advanced_tracker.py:_activate_slot,2628_627_216_861_603
S,0,2628,PREDICTION,src/tracking/advanced_tracker.py:kalman_homography,
S,1,2628,PREDICTION,src/tracking/advanced_tracker.py:kalman_homography,
S,5,2628,PREDICTION,src/tracking/advanced_tracker.py:kalman_homography,
D,0,2628
S,1,2628,PREDICTION,src/tracking/advanced_tracker.py:id_merge,
L,1,2628,PREDICTION,src/tracking/advanced_tracker.py:id_merge,
R,PREDICTION,SUBPIXEL,0
L,5,2628,PREDICTION,src/tracking/advanced_tracker.py:kalman_homography,
R,CLAMP,CLAMP,0
L,6,2628,DETECTION,src/tracking/advanced_tracker.py:_activate_slot,2628_-10_-15_937_611
R,CLAMP,CLAMP,0
L,8,2628,DETECTION,src/tracking/advanced_tracker.py:_activate_slot,2628_539_453_857_808
R,DETECTION,DETECTION,1
L,9,2628,DETECTION,src/tracking/advanced_tracker.py:_activate_slot,2628_627_216_861_603
R,DETECTION,DETECTION,1
A,2628
S,6,2631,DETECTION,src/tracking/advanced_tracker.py:_activate_slot,2631_-12_-15_951_613
S,0,2631,PREDICTION,src/tracking/advanced_tracker.py:kalman_homography,
S,1,2631,PREDICTION,src/tracking/advanced_tracker.py:kalman_homography,
S,5,2631,PREDICTION,src/tracking/advanced_tracker.py:kalman_homography,
S,8,2631,PREDICTION,src/tracking/advanced_tracker.py:kalman_homography,
S,9,2631,PREDICTION,src/tracking/advanced_tracker.py:kalman_homography,
D,0,2631
S,1,2631,PREDICTION,src/tracking/advanced_tracker.py:id_merge,
L,1,2631,PREDICTION,src/tracking/advanced_tracker.py:id_merge,
R,PREDICTION,SUBPIXEL,0
L,5,2631,PREDICTION,src/tracking/advanced_tracker.py:kalman_homography,
R,CLAMP,CLAMP,0
L,6,2631,DETECTION,src/tracking/advanced_tracker.py:_activate_slot,2631_-12_-15_951_613
R,CLAMP,CLAMP,0
L,8,2631,PREDICTION,src/tracking/advanced_tracker.py:kalman_homography,
R,PREDICTION,PREDICTION,1
L,9,2631,PREDICTION,src/tracking/advanced_tracker.py:kalman_homography,
R,PREDICTION,PREDICTION,1
A,2631
S,1,2634,PREDICTION,src/tracking/advanced_tracker.py:kalman_homography,
S,5,2634,PREDICTION,src/tracking/advanced_tracker.py:kalman_homography,
S,6,2634,PREDICTION,src/tracking/advanced_tracker.py:kalman_homography,
S,8,2634,PREDICTION,src/tracking/advanced_tracker.py:kalman_homography,
S,9,2634,PREDICTION,src/tracking/advanced_tracker.py:kalman_homography,
S,0,2634,PREDICTION,src/tracking/advanced_tracker.py:flow_gapfill_batched,
D,0,2634
S,1,2634,PREDICTION,src/tracking/advanced_tracker.py:id_merge,
L,1,2634,PREDICTION,src/tracking/advanced_tracker.py:id_merge,
R,PREDICTION,SUBPIXEL,0
L,5,2634,PREDICTION,src/tracking/advanced_tracker.py:kalman_homography,
R,CLAMP,CLAMP,0
L,6,2634,PREDICTION,src/tracking/advanced_tracker.py:kalman_homography,
R,CLAMP,CLAMP,0
L,8,2634,PREDICTION,src/tracking/advanced_tracker.py:kalman_homography,
R,PREDICTION,SUBPIXEL,0
L,9,2634,PREDICTION,src/tracking/advanced_tracker.py:kalman_homography,
R,PREDICTION,SUBPIXEL,0
A,2634
S,8,2637,DETECTION,src/tracking/advanced_tracker.py:_activate_slot,2637_529_103_1035_826
S,7,2637,DETECTION,src/tracking/advanced_tracker.py:_activate_slot,2637_-12_-15_935_635
S,5,2637,PREDICTION,src/tracking/advanced_tracker.py:kalman_homography,
S,6,2637,PREDICTION,src/tracking/advanced_tracker.py:kalman_homography,
S,9,2637,PREDICTION,src/tracking/advanced_tracker.py:kalman_homography,
S,1,2637,PREDICTION,src/tracking/advanced_tracker.py:flow_gapfill_batched,
D,6,2637
S,7,2637,PREDICTION,src/tracking/advanced_tracker.py:id_merge,
D,9,2637
S,8,2637,PREDICTION,src/tracking/advanced_tracker.py:id_merge,
L,1,2637,PREDICTION,src/tracking/advanced_tracker.py:flow_gapfill_batched,
R,PREDICTION,PREDICTION,1
L,5,2637,PREDICTION,src/tracking/advanced_tracker.py:kalman_homography,
R,CLAMP,CLAMP,0
L,7,2637,PREDICTION,src/tracking/advanced_tracker.py:id_merge,
R,CLAMP,CLAMP,1
L,8,2637,PREDICTION,src/tracking/advanced_tracker.py:id_merge,
R,PREDICTION,PREDICTION,1
A,2637
S,5,2640,PREDICTION,src/tracking/advanced_tracker.py:kalman_homography,
S,6,2640,PREDICTION,src/tracking/advanced_tracker.py:kalman_homography,
S,7,2640,PREDICTION,src/tracking/advanced_tracker.py:kalman_homography,
S,9,2640,PREDICTION,src/tracking/advanced_tracker.py:kalman_homography,
D,6,2640
S,7,2640,PREDICTION,src/tracking/advanced_tracker.py:id_merge,
L,5,2640,PREDICTION,src/tracking/advanced_tracker.py:kalman_homography,
R,CLAMP,CLAMP,0
L,7,2640,PREDICTION,src/tracking/advanced_tracker.py:id_merge,
R,CLAMP,CLAMP,0
L,9,2640,PREDICTION,src/tracking/advanced_tracker.py:kalman_homography,
R,PREDICTION,SUBPIXEL,0
A,2640
S,6,2643,CLAMP,src/tracking/advanced_tracker.py:_activate_slot,2643_-15_-15_465_396
S,7,2643,PREDICTION,src/tracking/advanced_tracker.py:kalman_homography,
S,9,2643,PREDICTION,src/tracking/advanced_tracker.py:kalman_homography,
S,5,2643,PREDICTION,src/tracking/advanced_tracker.py:flow_gapfill_batched,
D,7,2643
S,6,2643,PREDICTION,src/tracking/advanced_tracker.py:id_merge,
L,5,2643,PREDICTION,src/tracking/advanced_tracker.py:flow_gapfill_batched,
R,CLAMP,CLAMP,0
L,6,2643,PREDICTION,src/tracking/advanced_tracker.py:id_merge,
R,CLAMP,CLAMP,0
L,9,2643,PREDICTION,src/tracking/advanced_tracker.py:kalman_homography,
R,PREDICTION,SUBPIXEL,0
A,2643
S,8,2646,DETECTION,src/tracking/advanced_tracker.py:_activate_slot,2646_598_123_1035_630
S,6,2646,PREDICTION,src/tracking/advanced_tracker.py:kalman_homography,
S,7,2646,PREDICTION,src/tracking/advanced_tracker.py:kalman_homography,
S,9,2646,PREDICTION,src/tracking/advanced_tracker.py:kalman_homography,
D,7,2646
S,8,2646,PREDICTION,src/tracking/advanced_tracker.py:id_merge,
L,6,2646,PREDICTION,src/tracking/advanced_tracker.py:kalman_homography,
R,CLAMP,CLAMP,0
L,8,2646,PREDICTION,src/tracking/advanced_tracker.py:id_merge,
R,CLAMP,CLAMP,1
L,9,2646,PREDICTION,src/tracking/advanced_tracker.py:kalman_homography,
R,PREDICTION,SUBPIXEL,0
A,2646
S,7,2649,PREDICTION,src/tracking/advanced_tracker.py:kalman_homography,
S,9,2649,PREDICTION,src/tracking/advanced_tracker.py:kalman_homography,
L,7,2649,PREDICTION,src/tracking/advanced_tracker.py:kalman_homography,
R,CLAMP,CLAMP,0
L,9,2649,PREDICTION,src/tracking/advanced_tracker.py:kalman_homography,
R,PREDICTION,SUBPIXEL,0
A,2649
S,7,2652,DETECTION,src/tracking/advanced_tracker.py:_activate_slot,2652_-13_-15_528_597
L,7,2652,DETECTION,src/tracking/advanced_tracker.py:_activate_slot,2652_-13_-15_528_597
R,DETECTION,DETECTION,1
A,2652
S,7,2655,PREDICTION,src/tracking/advanced_tracker.py:kalman_homography,
L,7,2655,PREDICTION,src/tracking/advanced_tracker.py:kalman_homography,
R,PREDICTION,PREDICTION,1
A,2655
S,7,2658,DETECTION,src/tracking/advanced_tracker.py:_activate_slot,2658_-14_34_523_720
S,6,2658,PREDICTION,src/tracking/advanced_tracker.py:flow_gapfill_batched,
L,6,2658,PREDICTION,src/tracking/advanced_tracker.py:flow_gapfill_batched,
R,CLAMP,CLAMP,0
L,7,2658,DETECTION,src/tracking/advanced_tracker.py:_activate_slot,2658_-14_34_523_720
R,DETECTION,DETECTION,1
A,2658
S,7,2661,PREDICTION,src/tracking/advanced_tracker.py:kalman_homography,
L,7,2661,PREDICTION,src/tracking/advanced_tracker.py:kalman_homography,
R,PREDICTION,PREDICTION,1
A,2661
S,5,2664,DETECTION,src/tracking/advanced_tracker.py:_activate_slot,2664_42_504_844_1527
L,5,2664,DETECTION,src/tracking/advanced_tracker.py:_activate_slot,2664_42_504_844_1527
R,CLAMP,CLAMP,0
A,2664
S,0,2667,DETECTION,src/tracking/advanced_tracker.py:_activate_slot,2667_5_-15_686_150
S,5,2667,PREDICTION,src/tracking/advanced_tracker.py:kalman_homography,
L,0,2667,DETECTION,src/tracking/advanced_tracker.py:_activate_slot,2667_5_-15_686_150
R,CLAMP,CLAMP,0
L,5,2667,PREDICTION,src/tracking/advanced_tracker.py:kalman_homography,
R,CLAMP,CLAMP,0
A,2667
S,0,2670,PREDICTION,src/tracking/advanced_tracker.py:kalman_homography,
S,5,2670,PREDICTION,src/tracking/advanced_tracker.py:kalman_homography,
L,0,2670,PREDICTION,src/tracking/advanced_tracker.py:kalman_homography,
R,CLAMP,CLAMP,0
L,5,2670,PREDICTION,src/tracking/advanced_tracker.py:kalman_homography,
R,CLAMP,CLAMP,0
A,2670
S,9,2673,DETECTION,src/tracking/advanced_tracker.py:_activate_slot,2673_335_-15_1027_386
S,0,2673,PREDICTION,src/tracking/advanced_tracker.py:kalman_homography,
S,5,2673,PREDICTION,src/tracking/advanced_tracker.py:kalman_homography,
L,0,2673,PREDICTION,src/tracking/advanced_tracker.py:kalman_homography,
R,CLAMP,CLAMP,0
L,5,2673,PREDICTION,src/tracking/advanced_tracker.py:kalman_homography,
R,CLAMP,CLAMP,0
L,9,2673,DETECTION,src/tracking/advanced_tracker.py:_activate_slot,2673_335_-15_1027_386
R,CLAMP,CLAMP,0
A,2673
S,1,2676,DETECTION,src/tracking/advanced_tracker.py:_activate_slot,2676_-3_33_600_491
S,5,2676,DETECTION,src/tracking/advanced_tracker.py:_activate_slot,2676_87_361_846_1158
S,0,2676,PREDICTION,src/tracking/advanced_tracker.py:kalman_homography,
S,9,2676,PREDICTION,src/tracking/advanced_tracker.py:flow_gapfill_batched,
L,0,2676,PREDICTION,src/tracking/advanced_tracker.py:kalman_homography,
R,CLAMP,CLAMP,0
L,1,2676,DETECTION,src/tracking/advanced_tracker.py:_activate_slot,2676_-3_33_600_491
R,CLAMP,CLAMP,0
L,5,2676,DETECTION,src/tracking/advanced_tracker.py:_activate_slot,2676_87_361_846_1158
R,CLAMP,CLAMP,0
L,9,2676,PREDICTION,src/tracking/advanced_tracker.py:flow_gapfill_batched,
R,CLAMP,CLAMP,0
A,2676
S,7,2679,DETECTION,src/tracking/advanced_tracker.py:_activate_slot,2679_2_109_519_576
S,0,2679,PREDICTION,src/tracking/advanced_tracker.py:kalman_homography,
S,1,2679,PREDICTION,src/tracking/advanced_tracker.py:kalman_homography,
S,5,2679,PREDICTION,src/tracking/advanced_tracker.py:kalman_homography,
L,0,2679,PREDICTION,src/tracking/advanced_tracker.py:kalman_homography,
R,CLAMP,CLAMP,0
L,1,2679,PREDICTION,src/tracking/advanced_tracker.py:kalman_homography,
R,CLAMP,CLAMP,0
L,5,2679,PREDICTION,src/tracking/advanced_tracker.py:kalman_homography,
R,CLAMP,CLAMP,0
L,7,2679,DETECTION,src/tracking/advanced_tracker.py:_activate_slot,2679_2_109_519_576
R,DETECTION,DETECTION,1
A,2679
S,2,2682,DETECTION,src/tracking/advanced_tracker.py:_activate_slot,2682_3_217_849_638
S,0,2682,PREDICTION,src/tracking/advanced_tracker.py:kalman_homography,
S,1,2682,PREDICTION,src/tracking/advanced_tracker.py:kalman_homography,
S,5,2682,PREDICTION,src/tracking/advanced_tracker.py:kalman_homography,
S,7,2682,PREDICTION,src/tracking/advanced_tracker.py:kalman_homography,
L,0,2682,PREDICTION,src/tracking/advanced_tracker.py:kalman_homography,
R,CLAMP,CLAMP,0
L,1,2682,PREDICTION,src/tracking/advanced_tracker.py:kalman_homography,
R,CLAMP,CLAMP,0
L,2,2682,DETECTION,src/tracking/advanced_tracker.py:_activate_slot,2682_3_217_849_638
R,DETECTION,DETECTION,1
L,5,2682,PREDICTION,src/tracking/advanced_tracker.py:kalman_homography,
R,CLAMP,CLAMP,0
L,7,2682,PREDICTION,src/tracking/advanced_tracker.py:kalman_homography,
R,PREDICTION,PREDICTION,1
A,2682
S,3,2685,DETECTION,src/tracking/advanced_tracker.py:_activate_slot,2685_147_720_846_1032
S,0,2685,PREDICTION,src/tracking/advanced_tracker.py:kalman_homography,
S,1,2685,PREDICTION,src/tracking/advanced_tracker.py:kalman_homography,
S,2,2685,PREDICTION,src/tracking/advanced_tracker.py:kalman_homography,
S,5,2685,PREDICTION,src/tracking/advanced_tracker.py:kalman_homography,
S,7,2685,PREDICTION,src/tracking/advanced_tracker.py:kalman_homography,
S,9,2685,PREDICTION,src/tracking/advanced_tracker.py:flow_gapfill_batched,
L,0,2685,PREDICTION,src/tracking/advanced_tracker.py:kalman_homography,
R,CLAMP,CLAMP,0
L,1,2685,PREDICTION,src/tracking/advanced_tracker.py:kalman_homography,
R,CLAMP,CLAMP,0
L,2,2685,PREDICTION,src/tracking/advanced_tracker.py:kalman_homography,
R,PREDICTION,PREDICTION,1
L,3,2685,DETECTION,src/tracking/advanced_tracker.py:_activate_slot,2685_147_720_846_1032
R,DETECTION,DETECTION,1
L,5,2685,PREDICTION,src/tracking/advanced_tracker.py:kalman_homography,
R,PREDICTION,PREDICTION,1
L,7,2685,PREDICTION,src/tracking/advanced_tracker.py:kalman_homography,
R,PREDICTION,PREDICTION,1
L,9,2685,PREDICTION,src/tracking/advanced_tracker.py:flow_gapfill_batched,
R,CLAMP,CLAMP,0
A,2685
S,3,2688,DETECTION,src/tracking/advanced_tracker.py:_activate_slot,2688_150_730_849_1027
S,6,2688,DETECTION,src/tracking/advanced_tracker.py:_activate_slot,2688_271_-15_1024_402
S,0,2688,PREDICTION,src/tracking/advanced_tracker.py:kalman_homography,
S,1,2688,PREDICTION,src/tracking/advanced_tracker.py:kalman_homography,
S,2,2688,PREDICTION,src/tracking/advanced_tracker.py:kalman_homography,
S,5,2688,PREDICTION,src/tracking/advanced_tracker.py:kalman_homography,
S,7,2688,PREDICTION,src/tracking/advanced_tracker.py:kalman_homography,
S,9,2688,PREDICTION,src/tracking/advanced_tracker.py:flow_gapfill_batched,
D,9,2688
S,6,2688,PREDICTION,src/tracking/advanced_tracker.py:id_merge,
L,0,2688,PREDICTION,src/tracking/advanced_tracker.py:kalman_homography,
R,CLAMP,CLAMP,0
L,1,2688,PREDICTION,src/tracking/advanced_tracker.py:kalman_homography,
R,CLAMP,CLAMP,0
L,2,2688,PREDICTION,src/tracking/advanced_tracker.py:kalman_homography,
R,PREDICTION,SUBPIXEL,0
L,3,2688,DETECTION,src/tracking/advanced_tracker.py:_activate_slot,2688_150_730_849_1027
R,DETECTION,DETECTION,1
L,5,2688,PREDICTION,src/tracking/advanced_tracker.py:kalman_homography,
R,PREDICTION,PREDICTION,1
L,6,2688,PREDICTION,src/tracking/advanced_tracker.py:id_merge,
R,CLAMP,CLAMP,0
L,7,2688,PREDICTION,src/tracking/advanced_tracker.py:kalman_homography,
R,PREDICTION,PREDICTION,1
A,2688
S,6,2691,DETECTION,src/tracking/advanced_tracker.py:_activate_slot,2691_-12_-15_837_254
S,8,2691,DETECTION,src/tracking/advanced_tracker.py:_activate_slot,2691_273_-15_1027_418
S,1,2691,PREDICTION,src/tracking/advanced_tracker.py:kalman_homography,
S,2,2691,PREDICTION,src/tracking/advanced_tracker.py:kalman_homography,
S,3,2691,PREDICTION,src/tracking/advanced_tracker.py:kalman_homography,
S,5,2691,PREDICTION,src/tracking/advanced_tracker.py:kalman_homography,
S,7,2691,PREDICTION,src/tracking/advanced_tracker.py:kalman_homography,
S,0,2691,PREDICTION,src/tracking/advanced_tracker.py:flow_gapfill_batched,
L,0,2691,PREDICTION,src/tracking/advanced_tracker.py:flow_gapfill_batched,
R,CLAMP,CLAMP,0
L,1,2691,PREDICTION,src/tracking/advanced_tracker.py:kalman_homography,
R,CLAMP,CLAMP,0
L,2,2691,PREDICTION,src/tracking/advanced_tracker.py:kalman_homography,
R,PREDICTION,SUBPIXEL,0
L,3,2691,PREDICTION,src/tracking/advanced_tracker.py:kalman_homography,
R,PREDICTION,PREDICTION,1
L,5,2691,PREDICTION,src/tracking/advanced_tracker.py:kalman_homography,
R,PREDICTION,PREDICTION,1
L,6,2691,DETECTION,src/tracking/advanced_tracker.py:_activate_slot,2691_-12_-15_837_254
R,CLAMP,CLAMP,0
L,7,2691,PREDICTION,src/tracking/advanced_tracker.py:kalman_homography,
R,PREDICTION,PREDICTION,1
L,8,2691,DETECTION,src/tracking/advanced_tracker.py:_activate_slot,2691_273_-15_1027_418
R,CLAMP,CLAMP,0
A,2691
S,6,2694,DETECTION,src/tracking/advanced_tracker.py:_activate_slot,2694_-13_-15_861_278
S,1,2694,PREDICTION,src/tracking/advanced_tracker.py:kalman_homography,
S,2,2694,PREDICTION,src/tracking/advanced_tracker.py:kalman_homography,
S,3,2694,PREDICTION,src/tracking/advanced_tracker.py:kalman_homography,
S,5,2694,PREDICTION,src/tracking/advanced_tracker.py:kalman_homography,
S,7,2694,PREDICTION,src/tracking/advanced_tracker.py:kalman_homography,
S,8,2694,PREDICTION,src/tracking/advanced_tracker.py:flow_gapfill_batched,
L,1,2694,PREDICTION,src/tracking/advanced_tracker.py:kalman_homography,
R,CLAMP,CLAMP,0
L,2,2694,PREDICTION,src/tracking/advanced_tracker.py:kalman_homography,
R,PREDICTION,SUBPIXEL,0
L,3,2694,PREDICTION,src/tracking/advanced_tracker.py:kalman_homography,
R,PREDICTION,PREDICTION,1
L,5,2694,PREDICTION,src/tracking/advanced_tracker.py:kalman_homography,
R,PREDICTION,PREDICTION,1
L,6,2694,DETECTION,src/tracking/advanced_tracker.py:_activate_slot,2694_-13_-15_861_278
R,CLAMP,CLAMP,0
L,7,2694,PREDICTION,src/tracking/advanced_tracker.py:kalman_homography,
R,PREDICTION,PREDICTION,1
L,8,2694,PREDICTION,src/tracking/advanced_tracker.py:flow_gapfill_batched,
R,CLAMP,CLAMP,0
A,2694
S,3,2697,DETECTION,src/tracking/advanced_tracker.py:_activate_slot,2697_102_574_847_1045
S,1,2697,PREDICTION,src/tracking/advanced_tracker.py:kalman_homography,
S,2,2697,PREDICTION,src/tracking/advanced_tracker.py:kalman_homography,
S,5,2697,PREDICTION,src/tracking/advanced_tracker.py:kalman_homography,
S,6,2697,PREDICTION,src/tracking/advanced_tracker.py:kalman_homography,
S,7,2697,PREDICTION,src/tracking/advanced_tracker.py:kalman_homography,
S,8,2697,PREDICTION,src/tracking/advanced_tracker.py:flow_gapfill_batched,
L,1,2697,PREDICTION,src/tracking/advanced_tracker.py:kalman_homography,
R,CLAMP,CLAMP,0
L,2,2697,PREDICTION,src/tracking/advanced_tracker.py:kalman_homography,
R,PREDICTION,SUBPIXEL,0
L,3,2697,DETECTION,src/tracking/advanced_tracker.py:_activate_slot,2697_102_574_847_1045
R,DETECTION,DETECTION,1
L,5,2697,PREDICTION,src/tracking/advanced_tracker.py:kalman_homography,
R,PREDICTION,PREDICTION,1
L,6,2697,PREDICTION,src/tracking/advanced_tracker.py:kalman_homography,
R,CLAMP,CLAMP,0
L,7,2697,PREDICTION,src/tracking/advanced_tracker.py:kalman_homography,
R,PREDICTION,PREDICTION,1
L,8,2697,PREDICTION,src/tracking/advanced_tracker.py:flow_gapfill_batched,
R,CLAMP,CLAMP,0
A,2697
S,6,2700,DETECTION,src/tracking/advanced_tracker.py:_activate_slot,2700_-15_-15_617_283
S,2,2700,PREDICTION,src/tracking/advanced_tracker.py:kalman_homography,
S,3,2700,PREDICTION,src/tracking/advanced_tracker.py:kalman_homography,
S,7,2700,PREDICTION,src/tracking/advanced_tracker.py:kalman_homography,
S,5,2700,PREDICTION,src/tracking/advanced_tracker.py:flow_gapfill_batched,
L,2,2700,PREDICTION,src/tracking/advanced_tracker.py:kalman_homography,
R,PREDICTION,SUBPIXEL,0
L,3,2700,PREDICTION,src/tracking/advanced_tracker.py:kalman_homography,
R,PREDICTION,PREDICTION,1
L,5,2700,PREDICTION,src/tracking/advanced_tracker.py:flow_gapfill_batched,
R,CLAMP,CLAMP,0
L,6,2700,DETECTION,src/tracking/advanced_tracker.py:_activate_slot,2700_-15_-15_617_283
R,CLAMP,CLAMP,0
L,7,2700,PREDICTION,src/tracking/advanced_tracker.py:kalman_homography,
R,PREDICTION,PREDICTION,1
A,2700
S,4,2703,DETECTION,src/tracking/advanced_tracker.py:_activate_slot,2703_94_555_847_1092
S,2,2703,PREDICTION,src/tracking/advanced_tracker.py:kalman_homography,
S,3,2703,PREDICTION,src/tracking/advanced_tracker.py:kalman_homography,
S,6,2703,PREDICTION,src/tracking/advanced_tracker.py:kalman_homography,
S,7,2703,PREDICTION,src/tracking/advanced_tracker.py:flow_gapfill_batched,
D,3,2703
S,4,2703,PREDICTION,src/tracking/advanced_tracker.py:id_merge,
L,2,2703,PREDICTION,src/tracking/advanced_tracker.py:kalman_homography,
R,PREDICTION,SUBPIXEL,0
L,4,2703,PREDICTION,src/tracking/advanced_tracker.py:id_merge,
R,PREDICTION,PREDICTION,1
L,6,2703,PREDICTION,src/tracking/advanced_tracker.py:kalman_homography,
R,CLAMP,CLAMP,0
L,7,2703,PREDICTION,src/tracking/advanced_tracker.py:flow_gapfill_batched,
R,PREDICTION,PREDICTION,1
A,2703
S,3,2706,PREDICTION,src/tracking/advanced_tracker.py:kalman_homography,
S,4,2706,PREDICTION,src/tracking/advanced_tracker.py:kalman_homography,
S,6,2706,PREDICTION,src/tracking/advanced_tracker.py:kalman_homography,
S,2,2706,PREDICTION,src/tracking/advanced_tracker.py:flow_gapfill_batched,
S,8,2706,PREDICTION,src/tracking/advanced_tracker.py:flow_gapfill_batched,
D,3,2706
S,4,2706,PREDICTION,src/tracking/advanced_tracker.py:id_merge,
L,2,2706,PREDICTION,src/tracking/advanced_tracker.py:flow_gapfill_batched,
R,PREDICTION,PREDICTION,1
L,4,2706,PREDICTION,src/tracking/advanced_tracker.py:id_merge,
R,PREDICTION,PREDICTION,1
L,6,2706,PREDICTION,src/tracking/advanced_tracker.py:kalman_homography,
R,CLAMP,CLAMP,0
L,8,2706,PREDICTION,src/tracking/advanced_tracker.py:flow_gapfill_batched,
R,PREDICTION,PREDICTION,1
A,2706
S,3,2709,PREDICTION,src/tracking/advanced_tracker.py:kalman_homography,
S,4,2709,PREDICTION,src/tracking/advanced_tracker.py:kalman_homography,
S,6,2709,PREDICTION,src/tracking/advanced_tracker.py:kalman_homography,
S,8,2709,PREDICTION,src/tracking/advanced_tracker.py:flow_gapfill_batched,
D,3,2709
S,4,2709,PREDICTION,src/tracking/advanced_tracker.py:id_merge,
L,4,2709,PREDICTION,src/tracking/advanced_tracker.py:id_merge,
R,PREDICTION,SUBPIXEL,0
L,6,2709,PREDICTION,src/tracking/advanced_tracker.py:kalman_homography,
R,CLAMP,CLAMP,0
L,8,2709,PREDICTION,src/tracking/advanced_tracker.py:flow_gapfill_batched,
R,PREDICTION,SUBPIXEL,0
A,2709
S,3,2712,PREDICTION,src/tracking/advanced_tracker.py:kalman_homography,
S,4,2712,PREDICTION,src/tracking/advanced_tracker.py:kalman_homography,
S,6,2712,PREDICTION,src/tracking/advanced_tracker.py:flow_gapfill_batched,
S,8,2712,PREDICTION,src/tracking/advanced_tracker.py:flow_gapfill_batched,
D,3,2712
S,4,2712,PREDICTION,src/tracking/advanced_tracker.py:id_merge,
L,4,2712,PREDICTION,src/tracking/advanced_tracker.py:id_merge,
R,PREDICTION,SUBPIXEL,0
L,6,2712,PREDICTION,src/tracking/advanced_tracker.py:flow_gapfill_batched,
R,CLAMP,CLAMP,0
L,8,2712,PREDICTION,src/tracking/advanced_tracker.py:flow_gapfill_batched,
R,PREDICTION,SUBPIXEL,0
A,2712
S,3,2715,PREDICTION,src/tracking/advanced_tracker.py:kalman_homography,
S,4,2715,PREDICTION,src/tracking/advanced_tracker.py:kalman_homography,
S,6,2715,PREDICTION,src/tracking/advanced_tracker.py:flow_gapfill_batched,
S,8,2715,PREDICTION,src/tracking/advanced_tracker.py:flow_gapfill_batched,
D,3,2715
S,4,2715,PREDICTION,src/tracking/advanced_tracker.py:id_merge,
L,4,2715,PREDICTION,src/tracking/advanced_tracker.py:id_merge,
R,PREDICTION,SUBPIXEL,0
L,6,2715,PREDICTION,src/tracking/advanced_tracker.py:flow_gapfill_batched,
R,CLAMP,CLAMP,0
L,8,2715,PREDICTION,src/tracking/advanced_tracker.py:flow_gapfill_batched,
R,PREDICTION,SUBPIXEL,0
A,2715
S,9,2718,DETECTION,src/tracking/advanced_tracker.py:_activate_slot,2718_82_533_847_1058
S,3,2718,PREDICTION,src/tracking/advanced_tracker.py:kalman_homography,
S,4,2718,PREDICTION,src/tracking/advanced_tracker.py:kalman_homography,
S,6,2718,PREDICTION,src/tracking/advanced_tracker.py:flow_gapfill_batched,
D,3,2718
S,4,2718,PREDICTION,src/tracking/advanced_tracker.py:id_merge,
L,4,2718,PREDICTION,src/tracking/advanced_tracker.py:id_merge,
R,PREDICTION,SUBPIXEL,0
L,6,2718,PREDICTION,src/tracking/advanced_tracker.py:flow_gapfill_batched,
R,CLAMP,CLAMP,0
L,9,2718,DETECTION,src/tracking/advanced_tracker.py:_activate_slot,2718_82_533_847_1058
R,DETECTION,DETECTION,1
A,2718
S,5,2721,DETECTION,src/tracking/advanced_tracker.py:_activate_slot,2721_76_520_846_1011
S,4,2721,PREDICTION,src/tracking/advanced_tracker.py:kalman_homography,
S,9,2721,PREDICTION,src/tracking/advanced_tracker.py:kalman_homography,
S,3,2721,PREDICTION,src/tracking/advanced_tracker.py:flow_gapfill_batched,
S,6,2721,PREDICTION,src/tracking/advanced_tracker.py:flow_gapfill_batched,
D,3,2721
S,4,2721,PREDICTION,src/tracking/advanced_tracker.py:id_merge,
D,9,2721
S,5,2721,PREDICTION,src/tracking/advanced_tracker.py:id_merge,
L,4,2721,PREDICTION,src/tracking/advanced_tracker.py:id_merge,
R,PREDICTION,SUBPIXEL,0
L,5,2721,PREDICTION,src/tracking/advanced_tracker.py:id_merge,
R,CLAMP,CLAMP,0
L,6,2721,PREDICTION,src/tracking/advanced_tracker.py:flow_gapfill_batched,
R,CLAMP,CLAMP,0
A,2721
S,7,2724,DETECTION,src/tracking/advanced_tracker.py:_activate_slot,2724_66_498_847_975
S,4,2724,PREDICTION,src/tracking/advanced_tracker.py:kalman_homography,
S,5,2724,PREDICTION,src/tracking/advanced_tracker.py:kalman_homography,
S,9,2724,PREDICTION,src/tracking/advanced_tracker.py:kalman_homography,
S,6,2724,PREDICTION,src/tracking/advanced_tracker.py:flow_gapfill_batched,
D,5,2724
S,7,2724,PREDICTION,src/tracking/advanced_tracker.py:id_merge,
D,9,2724
S,7,2724,PREDICTION,src/tracking/advanced_tracker.py:id_merge,
L,4,2724,PREDICTION,src/tracking/advanced_tracker.py:kalman_homography,
R,PREDICTION,SUBPIXEL,0
L,6,2724,PREDICTION,src/tracking/advanced_tracker.py:flow_gapfill_batched,
R,CLAMP,CLAMP,0
L,7,2724,PREDICTION,src/tracking/advanced_tracker.py:id_merge,
R,PREDICTION,PREDICTION,1
A,2724
S,0,2727,DETECTION,src/tracking/advanced_tracker.py:_activate_slot,2727_57_470_846_944
S,5,2727,PREDICTION,src/tracking/advanced_tracker.py:kalman_homography,
S,7,2727,PREDICTION,src/tracking/advanced_tracker.py:kalman_homography,
S,9,2727,PREDICTION,src/tracking/advanced_tracker.py:kalman_homography,
S,4,2727,PREDICTION,src/tracking/advanced_tracker.py:flow_gapfill_batched,
D,4,2727
S,0,2727,PREDICTION,src/tracking/advanced_tracker.py:id_merge,
D,5,2727
S,7,2727,PREDICTION,src/tracking/advanced_tracker.py:id_merge,
D,9,2727
S,7,2727,PREDICTION,src/tracking/advanced_tracker.py:id_merge,
L,0,2727,PREDICTION,src/tracking/advanced_tracker.py:id_merge,
R,PREDICTION,PREDICTION,1
L,7,2727,PREDICTION,src/tracking/advanced_tracker.py:id_merge,
R,PREDICTION,PREDICTION,1
A,2727
S,0,2730,PREDICTION,src/tracking/advanced_tracker.py:kalman_homography,
S,5,2730,PREDICTION,src/tracking/advanced_tracker.py:kalman_homography,
S,7,2730,PREDICTION,src/tracking/advanced_tracker.py:kalman_homography,
S,9,2730,PREDICTION,src/tracking/advanced_tracker.py:kalman_homography,
D,5,2730
S,7,2730,PREDICTION,src/tracking/advanced_tracker.py:id_merge,
D,9,2730
S,7,2730,PREDICTION,src/tracking/advanced_tracker.py:id_merge,
L,0,2730,PREDICTION,src/tracking/advanced_tracker.py:kalman_homography,
R,PREDICTION,PREDICTION,1
L,7,2730,PREDICTION,src/tracking/advanced_tracker.py:id_merge,
R,PREDICTION,SUBPIXEL,0
A,2730
S,0,2733,PREDICTION,src/tracking/advanced_tracker.py:kalman_homography,
S,5,2733,PREDICTION,src/tracking/advanced_tracker.py:kalman_homography,
S,7,2733,PREDICTION,src/tracking/advanced_tracker.py:kalman_homography,
S,9,2733,PREDICTION,src/tracking/advanced_tracker.py:kalman_homography,
D,5,2733
S,7,2733,PREDICTION,src/tracking/advanced_tracker.py:id_merge,
D,9,2733
S,7,2733,PREDICTION,src/tracking/advanced_tracker.py:id_merge,
L,0,2733,PREDICTION,src/tracking/advanced_tracker.py:kalman_homography,
R,PREDICTION,SUBPIXEL,0
L,7,2733,PREDICTION,src/tracking/advanced_tracker.py:id_merge,
R,PREDICTION,SUBPIXEL,0
A,2733
S,1,2736,DETECTION,src/tracking/advanced_tracker.py:_activate_slot,2736_56_357_854_943
S,8,2736,DETECTION,src/tracking/advanced_tracker.py:_activate_slot,2736_219_-15_1026_414
S,0,2736,PREDICTION,src/tracking/advanced_tracker.py:kalman_homography,
S,5,2736,PREDICTION,src/tracking/advanced_tracker.py:kalman_homography,
S,7,2736,PREDICTION,src/tracking/advanced_tracker.py:kalman_homography,
S,9,2736,PREDICTION,src/tracking/advanced_tracker.py:kalman_homography,
D,0,2736
S,1,2736,PREDICTION,src/tracking/advanced_tracker.py:id_merge,
D,5,2736
S,7,2736,PREDICTION,src/tracking/advanced_tracker.py:id_merge,
D,9,2736
S,7,2736,PREDICTION,src/tracking/advanced_tracker.py:id_merge,
L,1,2736,PREDICTION,src/tracking/advanced_tracker.py:id_merge,
R,PREDICTION,PREDICTION,1
L,7,2736,PREDICTION,src/tracking/advanced_tracker.py:id_merge,
R,PREDICTION,SUBPIXEL,0
L,8,2736,DETECTION,src/tracking/advanced_tracker.py:_activate_slot,2736_219_-15_1026_414
R,CLAMP,CLAMP,1
A,2736
S,7,2739,DETECTION,src/tracking/advanced_tracker.py:_activate_slot,2739_59_336_853_961
S,0,2739,PREDICTION,src/tracking/advanced_tracker.py:kalman_homography,
S,1,2739,PREDICTION,src/tracking/advanced_tracker.py:kalman_homography,
S,5,2739,PREDICTION,src/tracking/advanced_tracker.py:kalman_homography,
S,9,2739,PREDICTION,src/tracking/advanced_tracker.py:kalman_homography,
D,0,2739
S,1,2739,PREDICTION,src/tracking/advanced_tracker.py:id_merge,
D,5,2739
S,7,2739,PREDICTION,src/tracking/advanced_tracker.py:id_merge,
D,9,2739
S,7,2739,PREDICTION,src/tracking/advanced_tracker.py:id_merge,
L,1,2739,PREDICTION,src/tracking/advanced_tracker.py:id_merge,
R,PREDICTION,PREDICTION,1
L,7,2739,PREDICTION,src/tracking/advanced_tracker.py:id_merge,
R,PREDICTION,PREDICTION,1
A,2739
S,7,2742,DETECTION,src/tracking/advanced_tracker.py:_activate_slot,2742_64_324_853_967
S,0,2742,PREDICTION,src/tracking/advanced_tracker.py:kalman_homography,
S,1,2742,PREDICTION,src/tracking/advanced_tracker.py:kalman_homography,
S,5,2742,PREDICTION,src/tracking/advanced_tracker.py:kalman_homography,
S,8,2742,PREDICTION,src/tracking/advanced_tracker.py:flow_gapfill_batched,
D,0,2742
S,1,2742,PREDICTION,src/tracking/advanced_tracker.py:id_merge,
D,5,2742
S,7,2742,PREDICTION,src/tracking/advanced_tracker.py:id_merge,
L,1,2742,PREDICTION,src/tracking/advanced_tracker.py:id_merge,
R,PREDICTION,SUBPIXEL,0
L,7,2742,PREDICTION,src/tracking/advanced_tracker.py:id_merge,
R,PREDICTION,PREDICTION,1
L,8,2742,PREDICTION,src/tracking/advanced_tracker.py:flow_gapfill_batched,
R,CLAMP,CLAMP,0
A,2742
S,1,2745,DETECTION,src/tracking/advanced_tracker.py:_activate_slot,2745_51_320_856_975
S,0,2745,PREDICTION,src/tracking/advanced_tracker.py:kalman_homography,
S,7,2745,PREDICTION,src/tracking/advanced_tracker.py:kalman_homography,
S,5,2745,PREDICTION,src/tracking/advanced_tracker.py:flow_gapfill_batched,
D,0,2745
S,1,2745,PREDICTION,src/tracking/advanced_tracker.py:id_merge,
D,5,2745
S,7,2745,PREDICTION,src/tracking/advanced_tracker.py:id_merge,
L,1,2745,PREDICTION,src/tracking/advanced_tracker.py:id_merge,
R,PREDICTION,PREDICTION,1
L,7,2745,PREDICTION,src/tracking/advanced_tracker.py:id_merge,
R,PREDICTION,PREDICTION,1
A,2745
S,1,2748,DETECTION,src/tracking/advanced_tracker.py:_activate_slot,2748_53_340_859_1005
S,6,2748,DETECTION,src/tracking/advanced_tracker.py:_activate_slot,2748_209_-15_1032_400
S,0,2748,PREDICTION,src/tracking/advanced_tracker.py:kalman_homography,
S,7,2748,PREDICTION,src/tracking/advanced_tracker.py:kalman_homography,
D,0,2748
S,1,2748,PREDICTION,src/tracking/advanced_tracker.py:id_merge,
L,1,2748,PREDICTION,src/tracking/advanced_tracker.py:id_merge,
R,PREDICTION,PREDICTION,1
L,6,2748,DETECTION,src/tracking/advanced_tracker.py:_activate_slot,2748_209_-15_1032_400
R,CLAMP,CLAMP,0
L,7,2748,PREDICTION,src/tracking/advanced_tracker.py:kalman_homography,
R,PREDICTION,PREDICTION,1
A,2748
S,2,2751,DETECTION,src/tracking/advanced_tracker.py:_activate_slot,2751_67_354_858_1009
S,1,2751,PREDICTION,src/tracking/advanced_tracker.py:kalman_homography,
S,7,2751,PREDICTION,src/tracking/advanced_tracker.py:kalman_homography,
S,0,2751,PREDICTION,src/tracking/advanced_tracker.py:flow_gapfill_batched,
D,0,2751
S,1,2751,PREDICTION,src/tracking/advanced_tracker.py:id_merge,
D,1,2751
S,2,2751,PREDICTION,src/tracking/advanced_tracker.py:id_merge,
L,2,2751,PREDICTION,src/tracking/advanced_tracker.py:id_merge,
R,PREDICTION,PREDICTION,1
L,7,2751,PREDICTION,src/tracking/advanced_tracker.py:kalman_homography,
R,PREDICTION,PREDICTION,1
A,2751
S,3,2754,DETECTION,src/tracking/advanced_tracker.py:_activate_slot,2754_73_379_856_1038
S,4,2754,DETECTION,src/tracking/advanced_tracker.py:_activate_slot,2754_23_883_1035_1546
S,8,2754,DETECTION,src/tracking/advanced_tracker.py:_activate_slot,2754_-15_-15_749_429
S,1,2754,PREDICTION,src/tracking/advanced_tracker.py:kalman_homography,
S,2,2754,PREDICTION,src/tracking/advanced_tracker.py:kalman_homography,
S,7,2754,PREDICTION,src/tracking/advanced_tracker.py:kalman_homography,
S,6,2754,PREDICTION,src/tracking/advanced_tracker.py:flow_gapfill_batched,
D,1,2754
S,2,2754,PREDICTION,src/tracking/advanced_tracker.py:id_merge,
D,2,2754
S,3,2754,PREDICTION,src/tracking/advanced_tracker.py:id_merge,
D,3,2754
S,4,2754,PREDICTION,src/tracking/advanced_tracker.py:id_merge,
L,4,2754,PREDICTION,src/tracking/advanced_tracker.py:id_merge,
R,PREDICTION,PREDICTION,1
L,6,2754,PREDICTION,src/tracking/advanced_tracker.py:flow_gapfill_batched,
R,CLAMP,CLAMP,0
L,7,2754,PREDICTION,src/tracking/advanced_tracker.py:kalman_homography,
R,PREDICTION,PREDICTION,1
L,8,2754,DETECTION,src/tracking/advanced_tracker.py:_activate_slot,2754_-15_-15_749_429
R,CLAMP,CLAMP,0
A,2754
S,1,2757,PREDICTION,src/tracking/advanced_tracker.py:kalman_homography,
S,2,2757,PREDICTION,src/tracking/advanced_tracker.py:kalman_homography,
S,3,2757,PREDICTION,src/tracking/advanced_tracker.py:kalman_homography,
S,7,2757,PREDICTION,src/tracking/advanced_tracker.py:kalman_homography,
S,8,2757,PREDICTION,src/tracking/advanced_tracker.py:kalman_homography,
D,1,2757
S,2,2757,PREDICTION,src/tracking/advanced_tracker.py:id_merge,
D,2,2757
S,3,2757,PREDICTION,src/tracking/advanced_tracker.py:id_merge,
L,3,2757,PREDICTION,src/tracking/advanced_tracker.py:id_merge,
R,PREDICTION,PREDICTION,1
L,7,2757,PREDICTION,src/tracking/advanced_tracker.py:kalman_homography,
R,PREDICTION,PREDICTION,1
L,8,2757,PREDICTION,src/tracking/advanced_tracker.py:kalman_homography,
R,CLAMP,CLAMP,0
A,2757
S,1,2760,PREDICTION,src/tracking/advanced_tracker.py:kalman_homography,
S,2,2760,PREDICTION,src/tracking/advanced_tracker.py:kalman_homography,
S,3,2760,PREDICTION,src/tracking/advanced_tracker.py:kalman_homography,
S,7,2760,PREDICTION,src/tracking/advanced_tracker.py:kalman_homography,
S,8,2760,PREDICTION,src/tracking/advanced_tracker.py:kalman_homography,
D,1,2760
S,2,2760,PREDICTION,src/tracking/advanced_tracker.py:id_merge,
D,2,2760
S,3,2760,PREDICTION,src/tracking/advanced_tracker.py:id_merge,
L,3,2760,PREDICTION,src/tracking/advanced_tracker.py:id_merge,
R,PREDICTION,SUBPIXEL,0
L,7,2760,PREDICTION,src/tracking/advanced_tracker.py:kalman_homography,
R,PREDICTION,PREDICTION,1
L,8,2760,PREDICTION,src/tracking/advanced_tracker.py:kalman_homography,
R,CLAMP,CLAMP,0
A,2760
S,9,2763,DETECTION,src/tracking/advanced_tracker.py:_activate_slot,2763_281_-15_1006_438
S,1,2763,PREDICTION,src/tracking/advanced_tracker.py:kalman_homography,
S,2,2763,PREDICTION,src/tracking/advanced_tracker.py:kalman_homography,
S,3,2763,PREDICTION,src/tracking/advanced_tracker.py:kalman_homography,
S,7,2763,PREDICTION,src/tracking/advanced_tracker.py:kalman_homography,
S,8,2763,PREDICTION,src/tracking/advanced_tracker.py:kalman_homography,
S,6,2763,PREDICTION,src/tracking/advanced_tracker.py:flow_gapfill_batched,
D,1,2763
S,2,2763,PREDICTION,src/tracking/advanced_tracker.py:id_merge,
D,2,2763
S,3,2763,PREDICTION,src/tracking/advanced_tracker.py:id_merge,
D,6,2763
S,9,2763,PREDICTION,src/tracking/advanced_tracker.py:id_merge,
L,3,2763,PREDICTION,src/tracking/advanced_tracker.py:id_merge,
R,PREDICTION,SUBPIXEL,0
L,7,2763,PREDICTION,src/tracking/advanced_tracker.py:kalman_homography,
R,PREDICTION,PREDICTION,1
L,8,2763,PREDICTION,src/tracking/advanced_tracker.py:kalman_homography,
R,CLAMP,CLAMP,0
L,9,2763,PREDICTION,src/tracking/advanced_tracker.py:id_merge,
R,CLAMP,CLAMP,1
A,2763
S,3,2766,DETECTION,src/tracking/advanced_tracker.py:_activate_slot,2766_78_502_850_1027
S,5,2766,DETECTION,src/tracking/advanced_tracker.py:_activate_slot,2766_290_-15_1004_425
S,1,2766,PREDICTION,src/tracking/advanced_tracker.py:kalman_homography,
S,2,2766,PREDICTION,src/tracking/advanced_tracker.py:kalman_homography,
S,8,2766,PREDICTION,src/tracking/advanced_tracker.py:kalman_homography,
S,9,2766,PREDICTION,src/tracking/advanced_tracker.py:kalman_homography,
S,4,2766,PREDICTION,src/tracking/advanced_tracker.py:flow_gapfill_batched,
S,6,2766,PREDICTION,src/tracking/advanced_tracker.py:flow_gapfill_batched,
D,1,2766
S,2,2766,PREDICTION,src/tracking/advanced_tracker.py:id_merge,
D,2,2766
S,3,2766,PREDICTION,src/tracking/advanced_tracker.py:id_merge,
D,4,2766
S,3,2766,PREDICTION,src/tracking/advanced_tracker.py:id_merge,
D,6,2766
S,5,2766,PREDICTION,src/tracking/advanced_tracker.py:id_merge,
D,9,2766
S,5,2766,PREDICTION,src/tracking/advanced_tracker.py:id_merge,
L,3,2766,PREDICTION,src/tracking/advanced_tracker.py:id_merge,
R,PREDICTION,PREDICTION,1
L,5,2766,PREDICTION,src/tracking/advanced_tracker.py:id_merge,
R,CLAMP,CLAMP,0
L,8,2766,PREDICTION,src/tracking/advanced_tracker.py:kalman_homography,
R,CLAMP,CLAMP,0
A,2766
S,5,2769,DETECTION,src/tracking/advanced_tracker.py:_activate_slot,2769_292_-15_1006_427
S,1,2769,PREDICTION,src/tracking/advanced_tracker.py:kalman_homography,
S,2,2769,PREDICTION,src/tracking/advanced_tracker.py:kalman_homography,
S,3,2769,PREDICTION,src/tracking/advanced_tracker.py:kalman_homography,
S,8,2769,PREDICTION,src/tracking/advanced_tracker.py:kalman_homography,
S,9,2769,PREDICTION,src/tracking/advanced_tracker.py:kalman_homography,
S,6,2769,PREDICTION,src/tracking/advanced_tracker.py:flow_gapfill_batched,
D,1,2769
S,2,2769,PREDICTION,src/tracking/advanced_tracker.py:id_merge,
D,2,2769
S,3,2769,PREDICTION,src/tracking/advanced_tracker.py:id_merge,
D,6,2769
S,5,2769,PREDICTION,src/tracking/advanced_tracker.py:id_merge,
D,9,2769
S,5,2769,PREDICTION,src/tracking/advanced_tracker.py:id_merge,
L,3,2769,PREDICTION,src/tracking/advanced_tracker.py:id_merge,
R,PREDICTION,PREDICTION,1
L,5,2769,PREDICTION,src/tracking/advanced_tracker.py:id_merge,
R,CLAMP,CLAMP,0
L,8,2769,PREDICTION,src/tracking/advanced_tracker.py:kalman_homography,
R,CLAMP,CLAMP,0
A,2769
S,3,2772,DETECTION,src/tracking/advanced_tracker.py:_activate_slot,2772_78_592_849_1063
S,5,2772,CLAMP,src/tracking/advanced_tracker.py:_activate_slot,2772_-11_-15_631_763
S,2,2772,PREDICTION,src/tracking/advanced_tracker.py:kalman_homography,
S,8,2772,PREDICTION,src/tracking/advanced_tracker.py:kalman_homography,
S,9,2772,PREDICTION,src/tracking/advanced_tracker.py:kalman_homography,
S,1,2772,PREDICTION,src/tracking/advanced_tracker.py:flow_gapfill_batched,
S,4,2772,PREDICTION,src/tracking/advanced_tracker.py:flow_gapfill_batched,
D,1,2772
S,2,2772,PREDICTION,src/tracking/advanced_tracker.py:id_merge,
D,2,2772
S,3,2772,PREDICTION,src/tracking/advanced_tracker.py:id_merge,
D,4,2772
S,3,2772,PREDICTION,src/tracking/advanced_tracker.py:id_merge,
D,9,2772
S,5,2772,PREDICTION,src/tracking/advanced_tracker.py:id_merge,
L,3,2772,PREDICTION,src/tracking/advanced_tracker.py:id_merge,
R,PREDICTION,PREDICTION,1
L,5,2772,PREDICTION,src/tracking/advanced_tracker.py:id_merge,
R,CLAMP,CLAMP,0
L,8,2772,PREDICTION,src/tracking/advanced_tracker.py:kalman_homography,
R,CLAMP,CLAMP,0
A,2772
S,7,2775,DETECTION,src/tracking/advanced_tracker.py:_activate_slot,2775_73_262_846_1077
S,3,2775,PREDICTION,src/tracking/advanced_tracker.py:kalman_homography,
S,8,2775,PREDICTION,src/tracking/advanced_tracker.py:kalman_homography,
S,9,2775,PREDICTION,src/tracking/advanced_tracker.py:kalman_homography,
S,2,2775,PREDICTION,src/tracking/advanced_tracker.py:flow_gapfill_batched,
S,4,2775,PREDICTION,src/tracking/advanced_tracker.py:flow_gapfill_batched,
S,5,2775,PREDICTION,src/tracking/advanced_tracker.py:flow_gapfill_batched,
D,2,2775
S,3,2775,PREDICTION,src/tracking/advanced_tracker.py:id_merge,
D,4,2775
S,3,2775,PREDICTION,src/tracking/advanced_tracker.py:id_merge,
D,5,2775
S,7,2775,PREDICTION,src/tracking/advanced_tracker.py:id_merge,
L,3,2775,PREDICTION,src/tracking/advanced_tracker.py:id_merge,
R,PREDICTION,PREDICTION,1
L,7,2775,PREDICTION,src/tracking/advanced_tracker.py:id_merge,
R,PREDICTION,PREDICTION,1
L,8,2775,PREDICTION,src/tracking/advanced_tracker.py:kalman_homography,
R,CLAMP,CLAMP,0
L,9,2775,PREDICTION,src/tracking/advanced_tracker.py:kalman_homography,
R,CLAMP,CLAMP,0
A,2775
S,3,2778,DETECTION,src/tracking/advanced_tracker.py:_activate_slot,2778_75_676_844_1104
S,7,2778,PREDICTION,src/tracking/advanced_tracker.py:kalman_homography,
S,9,2778,PREDICTION,src/tracking/advanced_tracker.py:kalman_homography,
S,4,2778,PREDICTION,src/tracking/advanced_tracker.py:flow_gapfill_batched,
S,5,2778,PREDICTION,src/tracking/advanced_tracker.py:flow_gapfill_batched,
S,8,2778,PREDICTION,src/tracking/advanced_tracker.py:flow_gapfill_batched,
D,4,2778
S,3,2778,PREDICTION,src/tracking/advanced_tracker.py:id_merge,
D,5,2778
S,7,2778,PREDICTION,src/tracking/advanced_tracker.py:id_merge,
L,3,2778,PREDICTION,src/tracking/advanced_tracker.py:id_merge,
R,PREDICTION,PREDICTION,1
L,7,2778,PREDICTION,src/tracking/advanced_tracker.py:id_merge,
R,PREDICTION,PREDICTION,1
L,8,2778,PREDICTION,src/tracking/advanced_tracker.py:flow_gapfill_batched,
R,CLAMP,CLAMP,0
L,9,2778,PREDICTION,src/tracking/advanced_tracker.py:kalman_homography,
R,CLAMP,CLAMP,0
A,2778
S,3,2781,PREDICTION,src/tracking/advanced_tracker.py:kalman_homography,
S,7,2781,PREDICTION,src/tracking/advanced_tracker.py:kalman_homography,
S,9,2781,PREDICTION,src/tracking/advanced_tracker.py:kalman_homography,
S,5,2781,PREDICTION,src/tracking/advanced_tracker.py:flow_gapfill_batched,
D,5,2781
S,7,2781,PREDICTION,src/tracking/advanced_tracker.py:id_merge,
L,3,2781,PREDICTION,src/tracking/advanced_tracker.py:kalman_homography,
R,PREDICTION,PREDICTION,1
L,7,2781,PREDICTION,src/tracking/advanced_tracker.py:id_merge,
R,PREDICTION,PREDICTION,1
L,9,2781,PREDICTION,src/tracking/advanced_tracker.py:kalman_homography,
R,CLAMP,CLAMP,0
A,2781
S,0,2784,DETECTION,src/tracking/advanced_tracker.py:_activate_slot,2784_107_549_843_1155
S,3,2784,PREDICTION,src/tracking/advanced_tracker.py:kalman_homography,
S,7,2784,PREDICTION,src/tracking/advanced_tracker.py:kalman_homography,
S,9,2784,PREDICTION,src/tracking/advanced_tracker.py:kalman_homography,
S,5,2784,PREDICTION,src/tracking/advanced_tracker.py:flow_gapfill_batched,
D,3,2784
S,0,2784,PREDICTION,src/tracking/advanced_tracker.py:id_merge,
D,5,2784
S,7,2784,PREDICTION,src/tracking/advanced_tracker.py:id_merge,
L,0,2784,PREDICTION,src/tracking/advanced_tracker.py:id_merge,
R,PREDICTION,PREDICTION,1
L,7,2784,PREDICTION,src/tracking/advanced_tracker.py:id_merge,
R,PREDICTION,PREDICTION,1
L,9,2784,PREDICTION,src/tracking/advanced_tracker.py:kalman_homography,
R,CLAMP,CLAMP,0
A,2784
S,9,2787,DETECTION,src/tracking/advanced_tracker.py:_activate_slot,2787_354_127_857_580
S,0,2787,PREDICTION,src/tracking/advanced_tracker.py:kalman_homography,
S,3,2787,PREDICTION,src/tracking/advanced_tracker.py:kalman_homography,
S,7,2787,PREDICTION,src/tracking/advanced_tracker.py:kalman_homography,
S,5,2787,PREDICTION,src/tracking/advanced_tracker.py:flow_gapfill_batched,
D,3,2787
S,0,2787,PREDICTION,src/tracking/advanced_tracker.py:id_merge,
D,5,2787
S,7,2787,PREDICTION,src/tracking/advanced_tracker.py:id_merge,
L,0,2787,PREDICTION,src/tracking/advanced_tracker.py:id_merge,
R,PREDICTION,PREDICTION,1
L,7,2787,PREDICTION,src/tracking/advanced_tracker.py:id_merge,
R,PREDICTION,PREDICTION,1
L,9,2787,DETECTION,src/tracking/advanced_tracker.py:_activate_slot,2787_354_127_857_580
R,DETECTION,DETECTION,1
A,2787
S,0,2790,PREDICTION,src/tracking/advanced_tracker.py:kalman_homography,
S,3,2790,PREDICTION,src/tracking/advanced_tracker.py:kalman_homography,
S,7,2790,PREDICTION,src/tracking/advanced_tracker.py:kalman_homography,
S,9,2790,PREDICTION,src/tracking/advanced_tracker.py:kalman_homography,
S,5,2790,PREDICTION,src/tracking/advanced_tracker.py:flow_gapfill_batched,
D,3,2790
S,0,2790,PREDICTION,src/tracking/advanced_tracker.py:id_merge,
L,0,2790,PREDICTION,src/tracking/advanced_tracker.py:id_merge,
R,PREDICTION,SUBPIXEL,0
L,5,2790,PREDICTION,src/tracking/advanced_tracker.py:flow_gapfill_batched,
R,CLAMP,CLAMP,0
L,7,2790,PREDICTION,src/tracking/advanced_tracker.py:kalman_homography,
R,PREDICTION,PREDICTION,1
L,9,2790,PREDICTION,src/tracking/advanced_tracker.py:kalman_homography,
R,PREDICTION,PREDICTION,1
A,2790
S,1,2793,DETECTION,src/tracking/advanced_tracker.py:_activate_slot,2793_339_-14_991_559
S,6,2793,DETECTION,src/tracking/advanced_tracker.py:_activate_slot,2793_156_462_844_900
S,0,2793,PREDICTION,src/tracking/advanced_tracker.py:kalman_homography,
S,3,2793,PREDICTION,src/tracking/advanced_tracker.py:kalman_homography,
S,7,2793,PREDICTION,src/tracking/advanced_tracker.py:kalman_homography,
S,9,2793,PREDICTION,src/tracking/advanced_tracker.py:kalman_homography,
S,5,2793,PREDICTION,src/tracking/advanced_tracker.py:flow_gapfill_batched,
D,3,2793
S,0,2793,PREDICTION,src/tracking/advanced_tracker.py:id_merge,
D,7,2793
S,6,2793,PREDICTION,src/tracking/advanced_tracker.py:id_merge,
L,0,2793,PREDICTION,src/tracking/advanced_tracker.py:id_merge,
R,PREDICTION,SUBPIXEL,0
L,1,2793,DETECTION,src/tracking/advanced_tracker.py:_activate_slot,2793_339_-14_991_559
R,CLAMP,CLAMP,0
L,5,2793,PREDICTION,src/tracking/advanced_tracker.py:flow_gapfill_batched,
R,CLAMP,CLAMP,0
L,6,2793,PREDICTION,src/tracking/advanced_tracker.py:id_merge,
R,PREDICTION,PREDICTION,1
L,9,2793,PREDICTION,src/tracking/advanced_tracker.py:kalman_homography,
R,PREDICTION,PREDICTION,1
A,2793
S,2,2796,DETECTION,src/tracking/advanced_tracker.py:_activate_slot,2796_117_850_846_1243
S,0,2796,PREDICTION,src/tracking/advanced_tracker.py:kalman_homography,
S,1,2796,PREDICTION,src/tracking/advanced_tracker.py:kalman_homography,
S,3,2796,PREDICTION,src/tracking/advanced_tracker.py:kalman_homography,
S,6,2796,PREDICTION,src/tracking/advanced_tracker.py:kalman_homography,
S,7,2796,PREDICTION,src/tracking/advanced_tracker.py:kalman_homography,
S,9,2796,PREDICTION,src/tracking/advanced_tracker.py:kalman_homography,
S,5,2796,PREDICTION,src/tracking/advanced_tracker.py:flow_gapfill_batched,
D,0,2796
S,2,2796,PREDICTION,src/tracking/advanced_tracker.py:id_merge,
D,3,2796
S,2,2796,PREDICTION,src/tracking/advanced_tracker.py:id_merge,
D,5,2796
S,7,2796,PREDICTION,src/tracking/advanced_tracker.py:id_merge,
D,7,2796
S,6,2796,PREDICTION,src/tracking/advanced_tracker.py:id_merge,
L,1,2796,PREDICTION,src/tracking/advanced_tracker.py:kalman_homography,
R,CLAMP,CLAMP,0
L,2,2796,PREDICTION,src/tracking/advanced_tracker.py:id_merge,
R,PREDICTION,PREDICTION,1
L,6,2796,PREDICTION,src/tracking/advanced_tracker.py:id_merge,
R,PREDICTION,PREDICTION,1
L,9,2796,PREDICTION,src/tracking/advanced_tracker.py:kalman_homography,
R,PREDICTION,PREDICTION,1
A,2796
S,8,2799,DETECTION,src/tracking/advanced_tracker.py:_activate_slot,2799_312_37_1034_511
S,0,2799,PREDICTION,src/tracking/advanced_tracker.py:kalman_homography,
S,1,2799,PREDICTION,src/tracking/advanced_tracker.py:kalman_homography,
S,2,2799,PREDICTION,src/tracking/advanced_tracker.py:kalman_homography,
S,6,2799,PREDICTION,src/tracking/advanced_tracker.py:kalman_homography,
S,9,2799,PREDICTION,src/tracking/advanced_tracker.py:kalman_homography,
S,3,2799,PREDICTION,src/tracking/advanced_tracker.py:flow_gapfill_batched,
D,0,2799
S,2,2799,PREDICTION,src/tracking/advanced_tracker.py:id_merge,
D,3,2799
S,2,2799,PREDICTION,src/tracking/advanced_tracker.py:id_merge,
L,1,2799,PREDICTION,src/tracking/advanced_tracker.py:kalman_homography,
R,CLAMP,CLAMP,0
L,2,2799,PREDICTION,src/tracking/advanced_tracker.py:id_merge,
R,PREDICTION,PREDICTION,1
L,6,2799,PREDICTION,src/tracking/advanced_tracker.py:kalman_homography,
R,PREDICTION,SUBPIXEL,0
L,8,2799,DETECTION,src/tracking/advanced_tracker.py:_activate_slot,2799_312_37_1034_511
R,CLAMP,CLAMP,0
L,9,2799,PREDICTION,src/tracking/advanced_tracker.py:kalman_homography,
R,PREDICTION,PREDICTION,1
A,2799
S,4,2802,DETECTION,src/tracking/advanced_tracker.py:_activate_slot,2802_303_501_847_828
S,0,2802,PREDICTION,src/tracking/advanced_tracker.py:kalman_homography,
S,1,2802,PREDICTION,src/tracking/advanced_tracker.py:kalman_homography,
S,2,2802,PREDICTION,src/tracking/advanced_tracker.py:kalman_homography,
S,6,2802,PREDICTION,src/tracking/advanced_tracker.py:kalman_homography,
S,9,2802,PREDICTION,src/tracking/advanced_tracker.py:kalman_homography,
S,3,2802,PREDICTION,src/tracking/advanced_tracker.py:flow_gapfill_batched,
D,0,2802
S,2,2802,PREDICTION,src/tracking/advanced_tracker.py:id_merge,
D,3,2802
S,2,2802,PREDICTION,src/tracking/advanced_tracker.py:id_merge,
D,2,2802
S,4,2802,PREDICTION,src/tracking/advanced_tracker.py:id_merge,
L,1,2802,PREDICTION,src/tracking/advanced_tracker.py:kalman_homography,
R,CLAMP,CLAMP,0
L,4,2802,PREDICTION,src/tracking/advanced_tracker.py:id_merge,
R,PREDICTION,PREDICTION,1
L,6,2802,PREDICTION,src/tracking/advanced_tracker.py:kalman_homography,
R,PREDICTION,SUBPIXEL,0
L,9,2802,PREDICTION,src/tracking/advanced_tracker.py:kalman_homography,
R,PREDICTION,PREDICTION,1
A,2802
S,6,2805,DETECTION,src/tracking/advanced_tracker.py:_activate_slot,2805_274_419_844_880
S,7,2805,DETECTION,src/tracking/advanced_tracker.py:_activate_slot,2805_432_537_849_1233
S,0,2805,PREDICTION,src/tracking/advanced_tracker.py:kalman_homography,
S,1,2805,PREDICTION,src/tracking/advanced_tracker.py:kalman_homography,
S,2,2805,PREDICTION,src/tracking/advanced_tracker.py:kalman_homography,
S,4,2805,PREDICTION,src/tracking/advanced_tracker.py:kalman_homography,
S,9,2805,PREDICTION,src/tracking/advanced_tracker.py:kalman_homography,
D,0,2805
S,2,2805,PREDICTION,src/tracking/advanced_tracker.py:id_merge,
D,6,2805
S,7,2805,PREDICTION,src/tracking/advanced_tracker.py:id_merge,
L,1,2805,PREDICTION,src/tracking/advanced_tracker.py:kalman_homography,
R,CLAMP,CLAMP,0
L,2,2805,PREDICTION,src/tracking/advanced_tracker.py:id_merge,
R,PREDICTION,SUBPIXEL,0
L,4,2805,PREDICTION,src/tracking/advanced_tracker.py:kalman_homography,
R,PREDICTION,PREDICTION,1
L,7,2805,PREDICTION,src/tracking/advanced_tracker.py:id_merge,
R,PREDICTION,PREDICTION,1
L,9,2805,PREDICTION,src/tracking/advanced_tracker.py:kalman_homography,
R,PREDICTION,PREDICTION,1
A,2805
S,6,2808,DETECTION,src/tracking/advanced_tracker.py:_activate_slot,2808_254_458_848_1257
S,7,2808,DETECTION,src/tracking/advanced_tracker.py:_activate_slot,2808_409_508_849_1264
S,1,2808,PREDICTION,src/tracking/advanced_tracker.py:kalman_homography,
S,2,2808,PREDICTION,src/tracking/advanced_tracker.py:kalman_homography,
S,4,2808,PREDICTION,src/tracking/advanced_tracker.py:kalman_homography,
S,9,2808,PREDICTION,src/tracking/advanced_tracker.py:kalman_homography,
D,6,2808
S,7,2808,PREDICTION,src/tracking/advanced_tracker.py:id_merge,
L,1,2808,PREDICTION,src/tracking/advanced_tracker.py:kalman_homography,
R,CLAMP,CLAMP,0
L,2,2808,PREDICTION,src/tracking/advanced_tracker.py:kalman_homography,
R,PREDICTION,SUBPIXEL,0
L,4,2808,PREDICTION,src/tracking/advanced_tracker.py:kalman_homography,
R,PREDICTION,SUBPIXEL,0
L,7,2808,PREDICTION,src/tracking/advanced_tracker.py:id_merge,
R,PREDICTION,SUBPIXEL,0
L,9,2808,PREDICTION,src/tracking/advanced_tracker.py:kalman_homography,
R,PREDICTION,PREDICTION,1
A,2808
S,6,2811,DETECTION,src/tracking/advanced_tracker.py:_activate_slot,2811_231_583_850_1282
S,7,2811,DETECTION,src/tracking/advanced_tracker.py:_activate_slot,2811_133_588_846_1597
S,1,2811,PREDICTION,src/tracking/advanced_tracker.py:kalman_homography,
S,2,2811,PREDICTION,src/tracking/advanced_tracker.py:kalman_homography,
S,4,2811,PREDICTION,src/tracking/advanced_tracker.py:kalman_homography,
D,6,2811
S,7,2811,PREDICTION,src/tracking/advanced_tracker.py:id_merge,
L,1,2811,PREDICTION,src/tracking/advanced_tracker.py:kalman_homography,
R,CLAMP,CLAMP,0
L,2,2811,PREDICTION,src/tracking/advanced_tracker.py:kalman_homography,
R,PREDICTION,SUBPIXEL,0
L,4,2811,PREDICTION,src/tracking/advanced_tracker.py:kalman_homography,
R,PREDICTION,SUBPIXEL,0
L,7,2811,PREDICTION,src/tracking/advanced_tracker.py:id_merge,
R,PREDICTION,PREDICTION,1
A,2811
S,1,2814,DETECTION,src/tracking/advanced_tracker.py:_activate_slot,2814_-15_-15_1017_508
S,6,2814,DETECTION,src/tracking/advanced_tracker.py:_activate_slot,2814_210_647_852_1328
S,2,2814,PREDICTION,src/tracking/advanced_tracker.py:kalman_homography,
S,4,2814,PREDICTION,src/tracking/advanced_tracker.py:kalman_homography,
S,7,2814,PREDICTION,src/tracking/advanced_tracker.py:flow_gapfill_batched,
D,7,2814
S,6,2814,PREDICTION,src/tracking/advanced_tracker.py:id_merge,
L,1,2814,DETECTION,src/tracking/advanced_tracker.py:_activate_slot,2814_-15_-15_1017_508
R,CLAMP,CLAMP,0
L,2,2814,PREDICTION,src/tracking/advanced_tracker.py:kalman_homography,
R,PREDICTION,SUBPIXEL,0
L,4,2814,PREDICTION,src/tracking/advanced_tracker.py:kalman_homography,
R,PREDICTION,SUBPIXEL,0
L,6,2814,PREDICTION,src/tracking/advanced_tracker.py:id_merge,
R,PREDICTION,PREDICTION,1
A,2814
S,7,2817,DETECTION,src/tracking/advanced_tracker.py:_activate_slot,2817_131_669_1035_1641
S,8,2817,DETECTION,src/tracking/advanced_tracker.py:_activate_slot,2817_-2_-15_1023_516
S,5,2817,DETECTION,src/tracking/advanced_tracker.py:_activate_slot,2817_-14_-15_1023_723
S,1,2817,PREDICTION,src/tracking/advanced_tracker.py:kalman_homography,
S,2,2817,PREDICTION,src/tracking/advanced_tracker.py:kalman_homography,
S,4,2817,PREDICTION,src/tracking/advanced_tracker.py:kalman_homography,
S,6,2817,PREDICTION,src/tracking/advanced_tracker.py:kalman_homography,
D,6,2817
S,7,2817,PREDICTION,src/tracking/advanced_tracker.py:id_merge,
L,1,2817,PREDICTION,src/tracking/advanced_tracker.py:kalman_homography,
R,CLAMP,CLAMP,0
L,2,2817,PREDICTION,src/tracking/advanced_tracker.py:kalman_homography,
R,PREDICTION,SUBPIXEL,0
L,4,2817,PREDICTION,src/tracking/advanced_tracker.py:kalman_homography,
R,PREDICTION,SUBPIXEL,0
L,5,2817,DETECTION,src/tracking/advanced_tracker.py:_activate_slot,2817_-14_-15_1023_723
R,DETECTION,DETECTION,1
L,7,2817,PREDICTION,src/tracking/advanced_tracker.py:id_merge,
R,PREDICTION,PREDICTION,1
L,8,2817,DETECTION,src/tracking/advanced_tracker.py:_activate_slot,2817_-2_-15_1023_516
R,CLAMP,CLAMP,0
A,2817
S,6,2820,DETECTION,src/tracking/advanced_tracker.py:_activate_slot,2820_233_690_860_1318
S,1,2820,PREDICTION,src/tracking/advanced_tracker.py:kalman_homography,
S,4,2820,PREDICTION,src/tracking/advanced_tracker.py:kalman_homography,
S,7,2820,PREDICTION,src/tracking/advanced_tracker.py:kalman_homography,
S,8,2820,PREDICTION,src/tracking/advanced_tracker.py:kalman_homography,
S,2,2820,PREDICTION,src/tracking/advanced_tracker.py:flow_gapfill_batched,
S,5,2820,PREDICTION,src/tracking/advanced_tracker.py:flow_gapfill_batched,
D,7,2820
S,6,2820,PREDICTION,src/tracking/advanced_tracker.py:id_merge,
L,1,2820,PREDICTION,src/tracking/advanced_tracker.py:kalman_homography,
R,CLAMP,CLAMP,0
L,2,2820,PREDICTION,src/tracking/advanced_tracker.py:flow_gapfill_batched,
R,PREDICTION,PREDICTION,1
L,4,2820,PREDICTION,src/tracking/advanced_tracker.py:kalman_homography,
R,PREDICTION,SUBPIXEL,0
L,5,2820,PREDICTION,src/tracking/advanced_tracker.py:flow_gapfill_batched,
R,PREDICTION,PREDICTION,1
L,6,2820,PREDICTION,src/tracking/advanced_tracker.py:id_merge,
R,PREDICTION,PREDICTION,1
L,8,2820,PREDICTION,src/tracking/advanced_tracker.py:kalman_homography,
R,CLAMP,CLAMP,0
A,2820
S,6,2823,DETECTION,src/tracking/advanced_tracker.py:_activate_slot,2823_202_721_861_1357
S,7,2823,DETECTION,src/tracking/advanced_tracker.py:_activate_slot,2823_456_831_1029_1353
S,1,2823,PREDICTION,src/tracking/advanced_tracker.py:kalman_homography,
S,4,2823,PREDICTION,src/tracking/advanced_tracker.py:kalman_homography,
S,8,2823,PREDICTION,src/tracking/advanced_tracker.py:kalman_homography,
D,6,2823
S,7,2823,PREDICTION,src/tracking/advanced_tracker.py:id_merge,
L,1,2823,PREDICTION,src/tracking/advanced_tracker.py:kalman_homography,
R,CLAMP,CLAMP,0
L,4,2823,PREDICTION,src/tracking/advanced_tracker.py:kalman_homography,
R,PREDICTION,SUBPIXEL,0
L,7,2823,PREDICTION,src/tracking/advanced_tracker.py:id_merge,
R,PREDICTION,PREDICTION,1
L,8,2823,PREDICTION,src/tracking/advanced_tracker.py:kalman_homography,
R,CLAMP,CLAMP,0
A,2823
S,1,2826,PREDICTION,src/tracking/advanced_tracker.py:kalman_homography,
S,6,2826,PREDICTION,src/tracking/advanced_tracker.py:kalman_homography,
S,8,2826,PREDICTION,src/tracking/advanced_tracker.py:kalman_homography,
S,4,2826,PREDICTION,src/tracking/advanced_tracker.py:flow_gapfill_batched,
L,1,2826,PREDICTION,src/tracking/advanced_tracker.py:kalman_homography,
R,CLAMP,CLAMP,0
L,4,2826,PREDICTION,src/tracking/advanced_tracker.py:flow_gapfill_batched,
R,PREDICTION,PREDICTION,1
L,6,2826,PREDICTION,src/tracking/advanced_tracker.py:kalman_homography,
R,PREDICTION,PREDICTION,1
L,8,2826,PREDICTION,src/tracking/advanced_tracker.py:kalman_homography,
R,CLAMP,CLAMP,0
A,2826
S,3,2829,DETECTION,src/tracking/advanced_tracker.py:_activate_slot,2829_-1_-15_1021_546
S,1,2829,PREDICTION,src/tracking/advanced_tracker.py:kalman_homography,
S,6,2829,PREDICTION,src/tracking/advanced_tracker.py:kalman_homography,
S,8,2829,PREDICTION,src/tracking/advanced_tracker.py:kalman_homography,
D,1,2829
S,3,2829,PREDICTION,src/tracking/advanced_tracker.py:id_merge,
L,3,2829,PREDICTION,src/tracking/advanced_tracker.py:id_merge,
R,CLAMP,CLAMP,0
L,6,2829,PREDICTION,src/tracking/advanced_tracker.py:kalman_homography,
R,PREDICTION,PREDICTION,1
L,8,2829,PREDICTION,src/tracking/advanced_tracker.py:kalman_homography,
R,CLAMP,CLAMP,0
A,2829
S,9,2832,DETECTION,src/tracking/advanced_tracker.py:_activate_slot,2832_313_531_847_938
S,1,2832,PREDICTION,src/tracking/advanced_tracker.py:kalman_homography,
S,6,2832,PREDICTION,src/tracking/advanced_tracker.py:kalman_homography,
S,8,2832,PREDICTION,src/tracking/advanced_tracker.py:kalman_homography,
S,3,2832,PREDICTION,src/tracking/advanced_tracker.py:flow_gapfill_batched,
D,1,2832
S,3,2832,PREDICTION,src/tracking/advanced_tracker.py:id_merge,
D,6,2832
S,9,2832,PREDICTION,src/tracking/advanced_tracker.py:id_merge,
L,3,2832,PREDICTION,src/tracking/advanced_tracker.py:id_merge,
R,CLAMP,CLAMP,0
L,8,2832,PREDICTION,src/tracking/advanced_tracker.py:kalman_homography,
R,CLAMP,CLAMP,0
L,9,2832,PREDICTION,src/tracking/advanced_tracker.py:id_merge,
R,PREDICTION,PREDICTION,1
A,2832
S,2,2835,DETECTION,src/tracking/advanced_tracker.py:_activate_slot,2835_292_734_853_1143
S,1,2835,PREDICTION,src/tracking/advanced_tracker.py:kalman_homography,
S,8,2835,PREDICTION,src/tracking/advanced_tracker.py:kalman_homography,
S,9,2835,PREDICTION,src/tracking/advanced_tracker.py:kalman_homography,
S,6,2835,PREDICTION,src/tracking/advanced_tracker.py:flow_gapfill_batched,
D,6,2835
S,9,2835,PREDICTION,src/tracking/advanced_tracker.py:id_merge,
L,1,2835,PREDICTION,src/tracking/advanced_tracker.py:kalman_homography,
R,CLAMP,CLAMP,0
L,2,2835,DETECTION,src/tracking/advanced_tracker.py:_activate_slot,2835_292_734_853_1143
R,DETECTION,DETECTION,1
L,8,2835,PREDICTION,src/tracking/advanced_tracker.py:kalman_homography,
R,CLAMP,CLAMP,0
L,9,2835,PREDICTION,src/tracking/advanced_tracker.py:id_merge,
R,PREDICTION,PREDICTION,1
A,2835
S,6,2838,DETECTION,src/tracking/advanced_tracker.py:_activate_slot,2838_397_750_876_1557
S,2,2838,PREDICTION,src/tracking/advanced_tracker.py:kalman_homography,
S,8,2838,PREDICTION,src/tracking/advanced_tracker.py:kalman_homography,
S,9,2838,PREDICTION,src/tracking/advanced_tracker.py:kalman_homography,
S,1,2838,PREDICTION,src/tracking/advanced_tracker.py:flow_gapfill_batched,
D,9,2838
S,6,2838,PREDICTION,src/tracking/advanced_tracker.py:id_merge,
L,1,2838,PREDICTION,src/tracking/advanced_tracker.py:flow_gapfill_batched,
R,CLAMP,CLAMP,0
L,2,2838,PREDICTION,src/tracking/advanced_tracker.py:kalman_homography,
R,PREDICTION,PREDICTION,1
L,6,2838,PREDICTION,src/tracking/advanced_tracker.py:id_merge,
R,PREDICTION,PREDICTION,1
L,8,2838,PREDICTION,src/tracking/advanced_tracker.py:kalman_homography,
R,CLAMP,CLAMP,0
A,2838
S,6,2841,DETECTION,src/tracking/advanced_tracker.py:_activate_slot,2841_461_1035_1035_1581
S,2,2841,PREDICTION,src/tracking/advanced_tracker.py:kalman_homography,
S,9,2841,PREDICTION,src/tracking/advanced_tracker.py:kalman_homography,
S,8,2841,PREDICTION,src/tracking/advanced_tracker.py:flow_gapfill_batched,
D,9,2841
S,6,2841,PREDICTION,src/tracking/advanced_tracker.py:id_merge,
L,2,2841,PREDICTION,src/tracking/advanced_tracker.py:kalman_homography,
R,PREDICTION,PREDICTION,1
L,6,2841,PREDICTION,src/tracking/advanced_tracker.py:id_merge,
R,PREDICTION,PREDICTION,1
L,8,2841,PREDICTION,src/tracking/advanced_tracker.py:flow_gapfill_batched,
R,CLAMP,CLAMP,0
A,2841
S,9,2844,DETECTION,src/tracking/advanced_tracker.py:_activate_slot,2844_192_724_849_1176
S,2,2844,PREDICTION,src/tracking/advanced_tracker.py:kalman_homography,
S,7,2844,PREDICTION,src/tracking/advanced_tracker.py:flow_gapfill_batched,
D,7,2844
S,9,2844,PREDICTION,src/tracking/advanced_tracker.py:id_merge,
L,2,2844,PREDICTION,src/tracking/advanced_tracker.py:kalman_homography,
R,PREDICTION,PREDICTION,1
L,9,2844,PREDICTION,src/tracking/advanced_tracker.py:id_merge,
R,PREDICTION,PREDICTION,1
A,2844
S,6,2847,DETECTION,src/tracking/advanced_tracker.py:_activate_slot,2847_462_1018_1035_1507
S,9,2847,DETECTION,src/tracking/advanced_tracker.py:_activate_slot,2847_175_720_853_1156
S,2,2847,PREDICTION,src/tracking/advanced_tracker.py:kalman_homography,
S,7,2847,PREDICTION,src/tracking/advanced_tracker.py:flow_gapfill_batched,
D,7,2847
S,6,2847,PREDICTION,src/tracking/advanced_tracker.py:id_merge,
D,6,2847
S,9,2847,PREDICTION,src/tracking/advanced_tracker.py:id_merge,
L,2,2847,PREDICTION,src/tracking/advanced_tracker.py:kalman_homography,
R,PREDICTION,PREDICTION,1
L,9,2847,PREDICTION,src/tracking/advanced_tracker.py:id_merge,
R,PREDICTION,PREDICTION,1
A,2847
S,9,2850,DETECTION,src/tracking/advanced_tracker.py:_activate_slot,2850_146_696_854_1485
S,2,2850,PREDICTION,src/tracking/advanced_tracker.py:kalman_homography,
S,6,2850,PREDICTION,src/tracking/advanced_tracker.py:flow_gapfill_batched,
D,6,2850
S,9,2850,PREDICTION,src/tracking/advanced_tracker.py:id_merge,
L,2,2850,PREDICTION,src/tracking/advanced_tracker.py:kalman_homography,
R,PREDICTION,PREDICTION,1
L,9,2850,PREDICTION,src/tracking/advanced_tracker.py:id_merge,
R,PREDICTION,PREDICTION,1
A,2850
