S,0,3370,DETECTION,src/tracking/advanced_tracker.py:_activate_slot,3370_283_494_709_732
S,1,3370,DETECTION,src/tracking/advanced_tracker.py:_activate_slot,3370_310_349_726_526
L,0,3370,DETECTION,src/tracking/advanced_tracker.py:_activate_slot,3370_283_494_709_732
R,DETECTION,DETECTION,1
L,1,3370,DETECTION,src/tracking/advanced_tracker.py:_activate_slot,3370_310_349_726_526
R,DETECTION,DETECTION,1
A,3370
S,0,3373,DETECTION,src/tracking/advanced_tracker.py:_activate_slot,3373_333_534_768_727
S,1,3373,PREDICTION,src/tracking/advanced_tracker.py:kalman_homography,
L,0,3373,DETECTION,src/tracking/advanced_tracker.py:_activate_slot,3373_333_534_768_727
R,DETECTION,DETECTION,1
L,1,3373,PREDICTION,src/tracking/advanced_tracker.py:kalman_homography,
R,PREDICTION,PREDICTION,1
A,3373
S,2,3376,DETECTION,src/tracking/advanced_tracker.py:_activate_slot,3376_167_284_376_442
S,5,3376,DETECTION,src/tracking/advanced_tracker.py:_activate_slot,3376_240_385_806_745
S,0,3376,PREDICTION,src/tracking/advanced_tracker.py:kalman_homography,
S,1,3376,PREDICTION,src/tracking/advanced_tracker.py:kalman_homography,
L,0,3376,PREDICTION,src/tracking/advanced_tracker.py:kalman_homography,
R,PREDICTION,PREDICTION,1
L,1,3376,PREDICTION,src/tracking/advanced_tracker.py:kalman_homography,
R,PREDICTION,SUBPIXEL,0
L,2,3376,DETECTION,src/tracking/advanced_tracker.py:_activate_slot,3376_167_284_376_442
R,DETECTION,DETECTION,1
L,5,3376,DETECTION,src/tracking/advanced_tracker.py:_activate_slot,3376_240_385_806_745
R,DETECTION,DETECTION,1
A,3376
S,0,3379,PREDICTION,src/tracking/advanced_tracker.py:kalman_homography,
S,1,3379,PREDICTION,src/tracking/advanced_tracker.py:kalman_homography,
S,2,3379,PREDICTION,src/tracking/advanced_tracker.py:kalman_homography,
S,5,3379,PREDICTION,src/tracking/advanced_tracker.py:kalman_homography,
L,0,3379,PREDICTION,src/tracking/advanced_tracker.py:kalman_homography,
R,PREDICTION,PREDICTION,1
L,1,3379,PREDICTION,src/tracking/advanced_tracker.py:kalman_homography,
R,PREDICTION,SUBPIXEL,0
L,2,3379,PREDICTION,src/tracking/advanced_tracker.py:kalman_homography,
R,PREDICTION,PREDICTION,1
L,5,3379,PREDICTION,src/tracking/advanced_tracker.py:kalman_homography,
R,PREDICTION,PREDICTION,1
A,3379
S,6,3382,DETECTION,src/tracking/advanced_tracker.py:_activate_slot,3382_196_-15_437_193
S,1,3382,PREDICTION,src/tracking/advanced_tracker.py:kalman_homography,
S,2,3382,PREDICTION,src/tracking/advanced_tracker.py:kalman_homography,
S,5,3382,PREDICTION,src/tracking/advanced_tracker.py:kalman_homography,
L,1,3382,PREDICTION,src/tracking/advanced_tracker.py:kalman_homography,
R,PREDICTION,SUBPIXEL,0
L,2,3382,PREDICTION,src/tracking/advanced_tracker.py:kalman_homography,
R,PREDICTION,SUBPIXEL,0
L,5,3382,PREDICTION,src/tracking/advanced_tracker.py:kalman_homography,
R,PREDICTION,SUBPIXEL,0
L,6,3382,DETECTION,src/tracking/advanced_tracker.py:_activate_slot,3382_196_-15_437_193
R,DETECTION,DETECTION,1
A,3382
S,1,3385,PREDICTION,src/tracking/advanced_tracker.py:kalman_homography,
S,2,3385,PREDICTION,src/tracking/advanced_tracker.py:kalman_homography,
S,5,3385,PREDICTION,src/tracking/advanced_tracker.py:kalman_homography,
S,6,3385,PREDICTION,src/tracking/advanced_tracker.py:kalman_homography,
L,1,3385,PREDICTION,src/tracking/advanced_tracker.py:kalman_homography,
R,PREDICTION,SUBPIXEL,0
L,2,3385,PREDICTION,src/tracking/advanced_tracker.py:kalman_homography,
R,PREDICTION,SUBPIXEL,0
L,5,3385,PREDICTION,src/tracking/advanced_tracker.py:kalman_homography,
R,PREDICTION,SUBPIXEL,0
L,6,3385,PREDICTION,src/tracking/advanced_tracker.py:kalman_homography,
R,PREDICTION,PREDICTION,1
A,3385
S,6,3388,DETECTION,src/tracking/advanced_tracker.py:_activate_slot,3388_268_-15_492_182
S,1,3388,PREDICTION,src/tracking/advanced_tracker.py:kalman_homography,
S,2,3388,PREDICTION,src/tracking/advanced_tracker.py:kalman_homography,
S,5,3388,PREDICTION,src/tracking/advanced_tracker.py:kalman_homography,
D,5,3388
S,6,3388,PREDICTION,src/tracking/advanced_tracker.py:id_merge,
L,1,3388,PREDICTION,src/tracking/advanced_tracker.py:kalman_homography,
R,PREDICTION,SUBPIXEL,0
L,2,3388,PREDICTION,src/tracking/advanced_tracker.py:kalman_homography,
R,PREDICTION,SUBPIXEL,0
L,6,3388,PREDICTION,src/tracking/advanced_tracker.py:id_merge,
R,PREDICTION,PREDICTION,1
A,3388
S,1,3391,PREDICTION,src/tracking/advanced_tracker.py:kalman_homography,
S,2,3391,PREDICTION,src/tracking/advanced_tracker.py:kalman_homography,
S,5,3391,PREDICTION,src/tracking/advanced_tracker.py:kalman_homography,
S,6,3391,PREDICTION,src/tracking/advanced_tracker.py:kalman_homography,
D,5,3391
S,6,3391,PREDICTION,src/tracking/advanced_tracker.py:id_merge,
L,1,3391,PREDICTION,src/tracking/advanced_tracker.py:kalman_homography,
R,PREDICTION,SUBPIXEL,0
L,2,3391,PREDICTION,src/tracking/advanced_tracker.py:kalman_homography,
R,PREDICTION,SUBPIXEL,0
L,6,3391,PREDICTION,src/tracking/advanced_tracker.py:id_merge,
R,PREDICTION,PREDICTION,1
A,3391
S,5,3394,CLAMP,src/tracking/advanced_tracker.py:_activate_slot,3394_355_501_720_666
S,2,3394,PREDICTION,src/tracking/advanced_tracker.py:kalman_homography,
S,6,3394,PREDICTION,src/tracking/advanced_tracker.py:kalman_homography,
S,1,3394,PREDICTION,src/tracking/advanced_tracker.py:flow_gapfill_batched,
D,6,3394
S,5,3394,PREDICTION,src/tracking/advanced_tracker.py:id_merge,
L,1,3394,PREDICTION,src/tracking/advanced_tracker.py:flow_gapfill_batched,
R,PREDICTION,PREDICTION,1
L,2,3394,PREDICTION,src/tracking/advanced_tracker.py:kalman_homography,
R,PREDICTION,SUBPIXEL,0
L,5,3394,PREDICTION,src/tracking/advanced_tracker.py:id_merge,
R,PREDICTION,SUBPIXEL,0
A,3394
S,2,3397,DETECTION,src/tracking/advanced_tracker.py:_activate_slot,3397_191_306_408_472
S,5,3397,CLAMP,src/tracking/advanced_tracker.py:_activate_slot,3397_360_510_734_688
S,3,3397,DETECTION,src/tracking/advanced_tracker.py:_activate_slot,3397_332_409_519_577
S,6,3397,PREDICTION,src/tracking/advanced_tracker.py:kalman_homography,
D,2,3397
S,3,3397,PREDICTION,src/tracking/advanced_tracker.py:id_merge,
L,3,3397,PREDICTION,src/tracking/advanced_tracker.py:id_merge,
R,PREDICTION,PREDICTION,1
L,5,3397,CLAMP,src/tracking/advanced_tracker.py:_activate_slot,3397_360_510_734_688
R,CLAMP,CLAMP,0
L,6,3397,PREDICTION,src/tracking/advanced_tracker.py:kalman_homography,
R,PREDICTION,PREDICTION,1
A,3397
S,3,3400,DETECTION,src/tracking/advanced_tracker.py:_activate_slot,3400_352_376_553_544
S,2,3400,PREDICTION,src/tracking/advanced_tracker.py:kalman_homography,
S,5,3400,PREDICTION,src/tracking/advanced_tracker.py:kalman_homography,
S,6,3400,PREDICTION,src/tracking/advanced_tracker.py:kalman_homography,
D,2,3400
S,3,3400,PREDICTION,src/tracking/advanced_tracker.py:id_merge,
L,3,3400,PREDICTION,src/tracking/advanced_tracker.py:id_merge,
R,PREDICTION,PREDICTION,1
L,5,3400,PREDICTION,src/tracking/advanced_tracker.py:kalman_homography,
R,CLAMP,CLAMP,0
L,6,3400,PREDICTION,src/tracking/advanced_tracker.py:kalman_homography,
R,PREDICTION,PREDICTION,1
A,3400
S,0,3403,CLAMP,src/tracking/advanced_tracker.py:_activate_slot,3403_499_507_867_780
S,2,3403,DETECTION,src/tracking/advanced_tracker.py:_activate_slot,3403_227_258_445_405
S,3,3403,DETECTION,src/tracking/advanced_tracker.py:_activate_slot,3403_373_339_550_506
S,7,3403,DETECTION,src/tracking/advanced_tracker.py:_activate_slot,3403_208_-15_461_93
S,5,3403,PREDICTION,src/tracking/advanced_tracker.py:kalman_homography,
S,6,3403,PREDICTION,src/tracking/advanced_tracker.py:flow_gapfill_batched,
D,2,3403
S,3,3403,PREDICTION,src/tracking/advanced_tracker.py:id_merge,
D,6,3403
S,7,3403,PREDICTION,src/tracking/advanced_tracker.py:id_merge,
L,0,3403,CLAMP,src/tracking/advanced_tracker.py:_activate_slot,3403_499_507_867_780
R,CLAMP,CLAMP,0
L,3,3403,PREDICTION,src/tracking/advanced_tracker.py:id_merge,
R,PREDICTION,PREDICTION,1
L,5,3403,PREDICTION,src/tracking/advanced_tracker.py:kalman_homography,
R,CLAMP,CLAMP,0
L,7,3403,PREDICTION,src/tracking/advanced_tracker.py:id_merge,
R,PREDICTION,PREDICTION,1
A,3403
S,7,3406,DETECTION,src/tracking/advanced_tracker.py:_activate_slot,3406_276_-15_573_124
S,8,3406,DETECTION,src/tracking/advanced_tracker.py:_activate_slot,3406_223_224_460_368
S,2,3406,PREDICTION,src/tracking/advanced_tracker.py:kalman_homography,
S,3,3406,PREDICTION,src/tracking/advanced_tracker.py:kalman_homography,
S,5,3406,PREDICTION,src/tracking/advanced_tracker.py:kalman_homography,
S,0,3406,PREDICTION,src/tracking/advanced_tracker.py:flow_gapfill_batched,
S,6,3406,PREDICTION,src/tracking/advanced_tracker.py:flow_gapfill_batched,
D,2,3406
S,3,3406,PREDICTION,src/tracking/advanced_tracker.py:id_merge,
L,0,3406,PREDICTION,src/tracking/advanced_tracker.py:flow_gapfill_batched,
R,CLAMP,CLAMP,0
L,3,3406,PREDICTION,src/tracking/advanced_tracker.py:id_merge,
R,PREDICTION,PREDICTION,1
L,5,3406,PREDICTION,src/tracking/advanced_tracker.py:kalman_homography,
R,CLAMP,CLAMP,0
L,6,3406,PREDICTION,src/tracking/advanced_tracker.py:flow_gapfill_batched,
R,PREDICTION,PREDICTION,1
L,7,3406,DETECTION,src/tracking/advanced_tracker.py:_activate_slot,3406_276_-15_573_124
R,DETECTION,DETECTION,1
L,8,3406,DETECTION,src/tracking/advanced_tracker.py:_activate_slot,3406_223_224_460_368
R,DETECTION,DETECTION,1
A,3406
S,10,3409,DETECTION,src/tracking/advanced_tracker.py:_activate_slot,3409_221_434_511_560
S,2,3409,PREDICTION,src/tracking/advanced_tracker.py:kalman_homography,
S,3,3409,PREDICTION,src/tracking/advanced_tracker.py:kalman_homography,
S,5,3409,PREDICTION,src/tracking/advanced_tracker.py:kalman_homography,
S,8,3409,PREDICTION,src/tracking/advanced_tracker.py:kalman_homography,
S,6,3409,PREDICTION,src/tracking/advanced_tracker.py:flow_gapfill_batched,
S,7,3409,PREDICTION,src/tracking/advanced_tracker.py:flow_gapfill_batched,
D,2,3409
S,3,3409,PREDICTION,src/tracking/advanced_tracker.py:id_merge,
D,6,3409
S,7,3409,PREDICTION,src/tracking/advanced_tracker.py:id_merge,
L,3,3409,PREDICTION,src/tracking/advanced_tracker.py:id_merge,
R,PREDICTION,PREDICTION,1
L,5,3409,PREDICTION,src/tracking/advanced_tracker.py:kalman_homography,
R,CLAMP,CLAMP,0
L,7,3409,PREDICTION,src/tracking/advanced_tracker.py:id_merge,
R,PREDICTION,PREDICTION,1
L,8,3409,PREDICTION,src/tracking/advanced_tracker.py:kalman_homography,
R,PREDICTION,PREDICTION,1
A,3409
S,3,3412,DETECTION,src/tracking/advanced_tracker.py:_activate_slot,3412_393_216_584_385
S,10,3412,DETECTION,src/tracking/advanced_tracker.py:_activate_slot,3412_235_391_525_517
S,4,3412,DETECTION,src/tracking/advanced_tracker.py:_activate_slot,3412_247_117_476_274
S,2,3412,PREDICTION,src/tracking/advanced_tracker.py:kalman_homography,
S,5,3412,PREDICTION,src/tracking/advanced_tracker.py:kalman_homography,
S,8,3412,PREDICTION,src/tracking/advanced_tracker.py:kalman_homography,
D,2,3412
S,3,3412,PREDICTION,src/tracking/advanced_tracker.py:id_merge,
D,3,3412
S,4,3412,PREDICTION,src/tracking/advanced_tracker.py:id_merge,
L,4,3412,PREDICTION,src/tracking/advanced_tracker.py:id_merge,
R,PREDICTION,PREDICTION,1
L,5,3412,PREDICTION,src/tracking/advanced_tracker.py:kalman_homography,
R,CLAMP,CLAMP,0
L,8,3412,PREDICTION,src/tracking/advanced_tracker.py:kalman_homography,
R,PREDICTION,SUBPIXEL,0
A,3412
S,0,3415,DETECTION,src/tracking/advanced_tracker.py:_activate_slot,3415_534_528_849_688
S,10,3415,DETECTION,src/tracking/advanced_tracker.py:_activate_slot,3415_240_353_535_480
S,2,3415,PREDICTION,src/tracking/advanced_tracker.py:kalman_homography,
S,3,3415,PREDICTION,src/tracking/advanced_tracker.py:kalman_homography,
S,4,3415,PREDICTION,src/tracking/advanced_tracker.py:kalman_homography,
S,5,3415,PREDICTION,src/tracking/advanced_tracker.py:kalman_homography,
S,8,3415,PREDICTION,src/tracking/advanced_tracker.py:kalman_homography,
S,7,3415,PREDICTION,src/tracking/advanced_tracker.py:flow_gapfill_batched,
D,2,3415
S,4,3415,PREDICTION,src/tracking/advanced_tracker.py:id_merge,
L,0,3415,DETECTION,src/tracking/advanced_tracker.py:_activate_slot,3415_534_528_849_688
R,CLAMP,CLAMP,0
L,3,3415,PREDICTION,src/tracking/advanced_tracker.py:kalman_homography,
R,PREDICTION,PREDICTION,1
L,4,3415,PREDICTION,src/tracking/advanced_tracker.py:id_merge,
R,PREDICTION,PREDICTION,1
L,5,3415,PREDICTION,src/tracking/advanced_tracker.py:kalman_homography,
R,CLAMP,CLAMP,0
L,7,3415,PREDICTION,src/tracking/advanced_tracker.py:flow_gapfill_batched,
R,PREDICTION,PREDICTION,1
L,8,3415,PREDICTION,src/tracking/advanced_tracker.py:kalman_homography,
R,PREDICTION,SUBPIXEL,0
A,3415
S,0,3418,CLAMP,src/tracking/advanced_tracker.py:_activate_slot,3418_432_550_774_660
S,10,3418,DETECTION,src/tracking/advanced_tracker.py:_activate_slot,3418_237_323_542_450
S,2,3418,PREDICTION,src/tracking/advanced_tracker.py:kalman_homography,
S,3,3418,PREDICTION,src/tracking/advanced_tracker.py:kalman_homography,
S,4,3418,PREDICTION,src/tracking/advanced_tracker.py:kalman_homography,
S,5,3418,PREDICTION,src/tracking/advanced_tracker.py:kalman_homography,
S,8,3418,PREDICTION,src/tracking/advanced_tracker.py:kalman_homography,
S,7,3418,PREDICTION,src/tracking/advanced_tracker.py:flow_gapfill_batched,
D,3,3418
S,0,3418,PREDICTION,src/tracking/advanced_tracker.py:id_merge,
D,2,3418
S,4,3418,PREDICTION,src/tracking/advanced_tracker.py:id_merge,
L,0,3418,PREDICTION,src/tracking/advanced_tracker.py:id_merge,
R,CLAMP,CLAMP,0
L,4,3418,PREDICTION,src/tracking/advanced_tracker.py:id_merge,
R,PREDICTION,SUBPIXEL,0
L,5,3418,PREDICTION,src/tracking/advanced_tracker.py:kalman_homography,
R,CLAMP,CLAMP,0
L,7,3418,PREDICTION,src/tracking/advanced_tracker.py:flow_gapfill_batched,
R,PREDICTION,PREDICTION,1
L,8,3418,PREDICTION,src/tracking/advanced_tracker.py:kalman_homography,
R,PREDICTION,SUBPIXEL,0
A,3418
S,10,3421,DETECTION,src/tracking/advanced_tracker.py:_activate_slot,3421_246_282_546_409
S,1,3421,DETECTION,src/tracking/advanced_tracker.py:_activate_slot,3421_267_6_500_167
S,0,3421,PREDICTION,src/tracking/advanced_tracker.py:kalman_homography,
S,2,3421,PREDICTION,src/tracking/advanced_tracker.py:kalman_homography,
S,3,3421,PREDICTION,src/tracking/advanced_tracker.py:kalman_homography,
S,4,3421,PREDICTION,src/tracking/advanced_tracker.py:kalman_homography,
S,8,3421,PREDICTION,src/tracking/advanced_tracker.py:kalman_homography,
D,2,3421
S,1,3421,PREDICTION,src/tracking/advanced_tracker.py:id_merge,
L,0,3421,PREDICTION,src/tracking/advanced_tracker.py:kalman_homography,
R,CLAMP,CLAMP,0
L,1,3421,PREDICTION,src/tracking/advanced_tracker.py:id_merge,
R,PREDICTION,PREDICTION,1
L,3,3421,PREDICTION,src/tracking/advanced_tracker.py:kalman_homography,
R,PREDICTION,PREDICTION,1
L,4,3421,PREDICTION,src/tracking/advanced_tracker.py:kalman_homography,
R,PREDICTION,SUBPIXEL,0
L,8,3421,PREDICTION,src/tracking/advanced_tracker.py:kalman_homography,
R,PREDICTION,SUBPIXEL,0
A,3421
S,1,3424,DETECTION,src/tracking/advanced_tracker.py:_activate_slot,3424_266_-15_596_117
S,2,3424,DETECTION,src/tracking/advanced_tracker.py:_activate_slot,3424_399_141_586_292
S,10,3424,DETECTION,src/tracking/advanced_tracker.py:_activate_slot,3424_257_234_551_360
S,0,3424,PREDICTION,src/tracking/advanced_tracker.py:kalman_homography,
S,3,3424,PREDICTION,src/tracking/advanced_tracker.py:kalman_homography,
S,4,3424,PREDICTION,src/tracking/advanced_tracker.py:kalman_homography,
S,8,3424,PREDICTION,src/tracking/advanced_tracker.py:kalman_homography,
S,7,3424,PREDICTION,src/tracking/advanced_tracker.py:flow_gapfill_batched,
D,3,3424
S,1,3424,PREDICTION,src/tracking/advanced_tracker.py:id_merge,
L,0,3424,PREDICTION,src/tracking/advanced_tracker.py:kalman_homography,
R,CLAMP,CLAMP,0
L,1,3424,PREDICTION,src/tracking/advanced_tracker.py:id_merge,
R,PREDICTION,PREDICTION,1
L,2,3424,DETECTION,src/tracking/advanced_tracker.py:_activate_slot,3424_399_141_586_292
R,CLAMP,CLAMP,0
L,4,3424,PREDICTION,src/tracking/advanced_tracker.py:kalman_homography,
R,PREDICTION,SUBPIXEL,0
L,7,3424,PREDICTION,src/tracking/advanced_tracker.py:flow_gapfill_batched,
R,PREDICTION,PREDICTION,1
L,8,3424,PREDICTION,src/tracking/advanced_tracker.py:kalman_homography,
R,PREDICTION,SUBPIXEL,0
A,3424
S,10,3427,DETECTION,src/tracking/advanced_tracker.py:_activate_slot,3427_258_185_571_312
S,0,3427,PREDICTION,src/tracking/advanced_tracker.py:kalman_homography,
S,2,3427,PREDICTION,src/tracking/advanced_tracker.py:kalman_homography,
S,4,3427,PREDICTION,src/tracking/advanced_tracker.py:kalman_homography,
S,8,3427,PREDICTION,src/tracking/advanced_tracker.py:kalman_homography,
S,1,3427,PREDICTION,src/tracking/advanced_tracker.py:flow_gapfill_batched,
S,3,3427,PREDICTION,src/tracking/advanced_tracker.py:flow_gapfill_batched,
S,7,3427,PREDICTION,src/tracking/advanced_tracker.py:flow_gapfill_batched,
D,1,3427
S,2,3427,PREDICTION,src/tracking/advanced_tracker.py:id_merge,
D,3,3427
S,4,3427,PREDICTION,src/tracking/advanced_tracker.py:id_merge,
L,0,3427,PREDICTION,src/tracking/advanced_tracker.py:kalman_homography,
R,CLAMP,CLAMP,0
L,2,3427,PREDICTION,src/tracking/advanced_tracker.py:id_merge,
R,CLAMP,CLAMP,0
L,4,3427,PREDICTION,src/tracking/advanced_tracker.py:id_merge,
R,PREDICTION,SUBPIXEL,0
L,7,3427,PREDICTION,src/tracking/advanced_tracker.py:flow_gapfill_batched,
R,PREDICTION,PREDICTION,1
L,8,3427,PREDICTION,src/tracking/advanced_tracker.py:kalman_homography,
R,PREDICTION,SUBPIXEL,0
A,3427
S,2,3430,DETECTION,src/tracking/advanced_tracker.py:_activate_slot,3430_420_59_588_217
S,10,3430,DETECTION,src/tracking/advanced_tracker.py:_activate_slot,3430_282_161_579_290
S,9,3430,DETECTION,src/tracking/advanced_tracker.py:_activate_slot,3430_231_301_393_453
S,0,3430,PREDICTION,src/tracking/advanced_tracker.py:kalman_homography,
S,4,3430,PREDICTION,src/tracking/advanced_tracker.py:kalman_homography,
S,3,3430,PREDICTION,src/tracking/advanced_tracker.py:flow_gapfill_batched,
S,7,3430,PREDICTION,src/tracking/advanced_tracker.py:flow_gapfill_batched,
S,8,3430,PREDICTION,src/tracking/advanced_tracker.py:flow_gapfill_batched,
D,3,3430
S,2,3430,PREDICTION,src/tracking/advanced_tracker.py:id_merge,
L,0,3430,PREDICTION,src/tracking/advanced_tracker.py:kalman_homography,
R,CLAMP,CLAMP,0
L,2,3430,PREDICTION,src/tracking/advanced_tracker.py:id_merge,
R,CLAMP,CLAMP,0
L,4,3430,PREDICTION,src/tracking/advanced_tracker.py:kalman_homography,
R,PREDICTION,SUBPIXEL,0
L,7,3430,PREDICTION,src/tracking/advanced_tracker.py:flow_gapfill_batched,
R,PREDICTION,PREDICTION,1
L,8,3430,PREDICTION,src/tracking/advanced_tracker.py:flow_gapfill_batched,
R,PREDICTION,PREDICTION,1
L,9,3430,DETECTION,src/tracking/advanced_tracker.py:_activate_slot,3430_231_301_393_453
R,DETECTION,DETECTION,1
A,3430
S,0,3433,DETECTION,src/tracking/advanced_tracker.py:_activate_slot,3433_282_438_693_593
S,2,3433,DETECTION,src/tracking/advanced_tracker.py:_activate_slot,3433_438_70_630_226
S,9,3433,DETECTION,src/tracking/advanced_tracker.py:_activate_slot,3433_241_317_420_470
S,10,3433,DETECTION,src/tracking/advanced_tracker.py:_activate_slot,3433_290_176_602_306
S,4,3433,PREDICTION,src/tracking/advanced_tracker.py:kalman_homography,
S,1,3433,PREDICTION,src/tracking/advanced_tracker.py:flow_gapfill_batched,
D,1,3433
S,2,3433,PREDICTION,src/tracking/advanced_tracker.py:id_merge,
L,0,3433,DETECTION,src/tracking/advanced_tracker.py:_activate_slot,3433_282_438_693_593
R,CLAMP,CLAMP,0
L,2,3433,PREDICTION,src/tracking/advanced_tracker.py:id_merge,
R,CLAMP,CLAMP,0
L,4,3433,PREDICTION,src/tracking/advanced_tracker.py:kalman_homography,
R,PREDICTION,SUBPIXEL,0
L,9,3433,DETECTION,src/tracking/advanced_tracker.py:_activate_slot,3433_241_317_420_470
R,DETECTION,DETECTION,1
A,3433
S,0,3436,DETECTION,src/tracking/advanced_tracker.py:_activate_slot,3436_344_387_606_532
S,10,3436,DETECTION,src/tracking/advanced_tracker.py:_activate_slot,3436_327_235_631_368
S,9,3436,PREDICTION,src/tracking/advanced_tracker.py:kalman_homography,
S,1,3436,PREDICTION,src/tracking/advanced_tracker.py:flow_gapfill_batched,
S,3,3436,PREDICTION,src/tracking/advanced_tracker.py:flow_gapfill_batched,
S,4,3436,PREDICTION,src/tracking/advanced_tracker.py:flow_gapfill_batched,
D,3,3436
S,1,3436,PREDICTION,src/tracking/advanced_tracker.py:id_merge,
L,0,3436,DETECTION,src/tracking/advanced_tracker.py:_activate_slot,3436_344_387_606_532
R,CLAMP,CLAMP,0
L,1,3436,PREDICTION,src/tracking/advanced_tracker.py:id_merge,
R,PREDICTION,PREDICTION,1
L,4,3436,PREDICTION,src/tracking/advanced_tracker.py:flow_gapfill_batched,
R,PREDICTION,PREDICTION,1
L,9,3436,PREDICTION,src/tracking/advanced_tracker.py:kalman_homography,
R,PREDICTION,PREDICTION,1
A,3436
S,10,3439,DETECTION,src/tracking/advanced_tracker.py:_activate_slot,3439_346_322_667_453
S,0,3439,PREDICTION,src/tracking/advanced_tracker.py:kalman_homography,
S,9,3439,PREDICTION,src/tracking/advanced_tracker.py:kalman_homography,
S,1,3439,PREDICTION,src/tracking/advanced_tracker.py:flow_gapfill_batched,
S,2,3439,PREDICTION,src/tracking/advanced_tracker.py:flow_gapfill_batched,
D,1,3439
S,2,3439,PREDICTION,src/tracking/advanced_tracker.py:id_merge,
L,0,3439,PREDICTION,src/tracking/advanced_tracker.py:kalman_homography,
R,CLAMP,CLAMP,0
L,2,3439,PREDICTION,src/tracking/advanced_tracker.py:id_merge,
R,CLAMP,CLAMP,0
L,9,3439,PREDICTION,src/tracking/advanced_tracker.py:kalman_homography,
R,PREDICTION,PREDICTION,1
A,3439
S,10,3442,DETECTION,src/tracking/advanced_tracker.py:_activate_slot,3442_381_402_699_533
S,0,3442,PREDICTION,src/tracking/advanced_tracker.py:kalman_homography,
S,9,3442,PREDICTION,src/tracking/advanced_tracker.py:kalman_homography,
S,1,3442,PREDICTION,src/tracking/advanced_tracker.py:flow_gapfill_batched,
S,2,3442,PREDICTION,src/tracking/advanced_tracker.py:flow_gapfill_batched,
D,2,3442
S,0,3442,PREDICTION,src/tracking/advanced_tracker.py:id_merge,
L,0,3442,PREDICTION,src/tracking/advanced_tracker.py:id_merge,
R,CLAMP,CLAMP,0
L,1,3442,PREDICTION,src/tracking/advanced_tracker.py:flow_gapfill_batched,
R,PREDICTION,PREDICTION,1
L,9,3442,PREDICTION,src/tracking/advanced_tracker.py:kalman_homography,
R,PREDICTION,PREDICTION,1
A,3442
S,10,3445,DETECTION,src/tracking/advanced_tracker.py:_activate_slot,3445_401_474_713_606
S,6,3445,DETECTION,src/tracking/advanced_tracker.py:_activate_slot,3445_411_183_624_330
S,0,3445,PREDICTION,src/tracking/advanced_tracker.py:kalman_homography,
S,9,3445,PREDICTION,src/tracking/advanced_tracker.py:kalman_homography,
S,1,3445,PREDICTION,src/tracking/advanced_tracker.py:flow_gapfill_batched,
S,2,3445,PREDICTION,src/tracking/advanced_tracker.py:flow_gapfill_batched,
L,0,3445,PREDICTION,src/tracking/advanced_tracker.py:kalman_homography,
R,CLAMP,CLAMP,0
L,1,3445,PREDICTION,src/tracking/advanced_tracker.py:flow_gapfill_batched,
R,PREDICTION,PREDICTION,1
L,2,3445,PREDICTION,src/tracking/advanced_tracker.py:flow_gapfill_batched,
R,PREDICTION,PREDICTION,1
L,6,3445,DETECTION,src/tracking/advanced_tracker.py:_activate_slot,3445_411_183_624_330
R,DETECTION,DETECTION,1
L,9,3445,PREDICTION,src/tracking/advanced_tracker.py:kalman_homography,
R,PREDICTION,PREDICTION,1
A,3445
S,6,3448,DETECTION,src/tracking/advanced_tracker.py:_activate_slot,3448_432_232_659_381
S,10,3448,DETECTION,src/tracking/advanced_tracker.py:_activate_slot,3448_390_523_726_657
S,0,3448,PREDICTION,src/tracking/advanced_tracker.py:kalman_homography,
S,9,3448,PREDICTION,src/tracking/advanced_tracker.py:kalman_homography,
S,1,3448,PREDICTION,src/tracking/advanced_tracker.py:flow_gapfill_batched,
S,2,3448,PREDICTION,src/tracking/advanced_tracker.py:flow_gapfill_batched,
L,0,3448,PREDICTION,src/tracking/advanced_tracker.py:kalman_homography,
R,CLAMP,CLAMP,0
L,1,3448,PREDICTION,src/tracking/advanced_tracker.py:flow_gapfill_batched,
R,PREDICTION,PREDICTION,1
L,2,3448,PREDICTION,src/tracking/advanced_tracker.py:flow_gapfill_batched,
R,PREDICTION,PREDICTION,1
L,6,3448,DETECTION,src/tracking/advanced_tracker.py:_activate_slot,3448_432_232_659_381
R,DETECTION,DETECTION,1
L,9,3448,PREDICTION,src/tracking/advanced_tracker.py:kalman_homography,
R,PREDICTION,PREDICTION,1
A,3448
S,6,3451,DETECTION,src/tracking/advanced_tracker.py:_activate_slot,3451_413_281_677_438
S,10,3451,DETECTION,src/tracking/advanced_tracker.py:_activate_slot,3451_388_570_729_704
S,0,3451,PREDICTION,src/tracking/advanced_tracker.py:kalman_homography,
S,9,3451,PREDICTION,src/tracking/advanced_tracker.py:kalman_homography,
L,0,3451,PREDICTION,src/tracking/advanced_tracker.py:kalman_homography,
R,CLAMP,CLAMP,0
L,6,3451,DETECTION,src/tracking/advanced_tracker.py:_activate_slot,3451_413_281_677_438
R,DETECTION,DETECTION,1
L,9,3451,PREDICTION,src/tracking/advanced_tracker.py:kalman_homography,
R,PREDICTION,PREDICTION,1
A,3451
S,6,3454,DETECTION,src/tracking/advanced_tracker.py:_activate_slot,3454_425_321_678_478
S,7,3454,DETECTION,src/tracking/advanced_tracker.py:_activate_slot,3454_322_405_644_598
S,5,3454,DETECTION,src/tracking/advanced_tracker.py:_activate_slot,3454_558_498_751_663
S,0,3454,PREDICTION,src/tracking/advanced_tracker.py:kalman_homography,
S,9,3454,PREDICTION,src/tracking/advanced_tracker.py:kalman_homography,
S,10,3454,PREDICTION,src/tracking/advanced_tracker.py:flow_gapfill_batched,
D,5,3454
S,7,3454,PREDICTION,src/tracking/advanced_tracker.py:id_merge,
D,9,3454
S,7,3454,PREDICTION,src/tracking/advanced_tracker.py:id_merge,
L,0,3454,PREDICTION,src/tracking/advanced_tracker.py:kalman_homography,
R,CLAMP,CLAMP,0
L,6,3454,DETECTION,src/tracking/advanced_tracker.py:_activate_slot,3454_425_321_678_478
R,DETECTION,DETECTION,1
L,7,3454,PREDICTION,src/tracking/advanced_tracker.py:id_merge,
R,CLAMP,CLAMP,0
A,3454
S,6,3457,DETECTION,src/tracking/advanced_tracker.py:_activate_slot,3457_414_336_675_501
S,5,3457,DETECTION,src/tracking/advanced_tracker.py:_activate_slot,3457_557_522_752_691
S,4,3457,DETECTION,src/tracking/advanced_tracker.py:_activate_slot,3457_439_221_633_366
S,0,3457,PREDICTION,src/tracking/advanced_tracker.py:kalman_homography,
S,7,3457,PREDICTION,src/tracking/advanced_tracker.py:kalman_homography,
S,2,3457,PREDICTION,src/tracking/advanced_tracker.py:flow_gapfill_batched,
S,10,3457,PREDICTION,src/tracking/advanced_tracker.py:flow_gapfill_batched,
L,0,3457,PREDICTION,src/tracking/advanced_tracker.py:kalman_homography,
R,CLAMP,CLAMP,0
L,2,3457,PREDICTION,src/tracking/advanced_tracker.py:flow_gapfill_batched,
R,PREDICTION,PREDICTION,1
L,4,3457,DETECTION,src/tracking/advanced_tracker.py:_activate_slot,3457_439_221_633_366
R,DETECTION,DETECTION,1
L,5,3457,DETECTION,src/tracking/advanced_tracker.py:_activate_slot,3457_557_522_752_691
R,CLAMP,CLAMP,0
L,6,3457,DETECTION,src/tracking/advanced_tracker.py:_activate_slot,3457_414_336_675_501
R,DETECTION,DETECTION,1
L,7,3457,PREDICTION,src/tracking/advanced_tracker.py:kalman_homography,
R,CLAMP,CLAMP,0
A,3457
S,6,3460,DETECTION,src/tracking/advanced_tracker.py:_activate_slot,3460_420_355_672_517
S,4,3460,PREDICTION,src/tracking/advanced_tracker.py:kalman_homography,
S,5,3460,PREDICTION,src/tracking/advanced_tracker.py:kalman_homography,
S,7,3460,PREDICTION,src/tracking/advanced_tracker.py:kalman_homography,
S,0,3460,PREDICTION,src/tracking/advanced_tracker.py:flow_gapfill_batched,
S,10,3460,PREDICTION,src/tracking/advanced_tracker.py:flow_gapfill_batched,
L,0,3460,PREDICTION,src/tracking/advanced_tracker.py:flow_gapfill_batched,
R,CLAMP,CLAMP,0
L,4,3460,PREDICTION,src/tracking/advanced_tracker.py:kalman_homography,
R,PREDICTION,PREDICTION,1
L,5,3460,PREDICTION,src/tracking/advanced_tracker.py:kalman_homography,
R,CLAMP,CLAMP,0
L,6,3460,DETECTION,src/tracking/advanced_tracker.py:_activate_slot,3460_420_355_672_517
R,DETECTION,DETECTION,1
L,7,3460,PREDICTION,src/tracking/advanced_tracker.py:kalman_homography,
R,CLAMP,CLAMP,0
A,3460
S,4,3463,DETECTION,src/tracking/advanced_tracker.py:_activate_slot,3463_414_249_666_401
S,6,3463,DETECTION,src/tracking/advanced_tracker.py:_activate_slot,3463_408_367_602_514
S,5,3463,PREDICTION,src/tracking/advanced_tracker.py:kalman_homography,
S,7,3463,PREDICTION,src/tracking/advanced_tracker.py:kalman_homography,
S,10,3463,PREDICTION,src/tracking/advanced_tracker.py:flow_gapfill_batched,
D,7,3463
S,6,3463,PREDICTION,src/tracking/advanced_tracker.py:id_merge,
L,4,3463,DETECTION,src/tracking/advanced_tracker.py:_activate_slot,3463_414_249_666_401
R,DETECTION,DETECTION,1
L,5,3463,PREDICTION,src/tracking/advanced_tracker.py:kalman_homography,
R,CLAMP,CLAMP,0
L,6,3463,PREDICTION,src/tracking/advanced_tracker.py:id_merge,
R,PREDICTION,PREDICTION,1
A,3463
S,4,3466,PREDICTION,src/tracking/advanced_tracker.py:kalman_homography,
S,5,3466,PREDICTION,src/tracking/advanced_tracker.py:kalman_homography,
S,6,3466,PREDICTION,src/tracking/advanced_tracker.py:kalman_homography,
S,7,3466,PREDICTION,src/tracking/advanced_tracker.py:kalman_homography,
S,10,3466,PREDICTION,src/tracking/advanced_tracker.py:flow_gapfill_batched,
D,7,3466
S,6,3466,PREDICTION,src/tracking/advanced_tracker.py:id_merge,
L,4,3466,PREDICTION,src/tracking/advanced_tracker.py:kalman_homography,
R,PREDICTION,PREDICTION,1
L,5,3466,PREDICTION,src/tracking/advanced_tracker.py:kalman_homography,
R,CLAMP,CLAMP,0
L,6,3466,PREDICTION,src/tracking/advanced_tracker.py:id_merge,
R,PREDICTION,PREDICTION,1
A,3466
S,3,3469,DETECTION,src/tracking/advanced_tracker.py:_activate_slot,3469_418_124_627_271
S,1,3469,DETECTION,src/tracking/advanced_tracker.py:_activate_slot,3469_350_60_523_201
S,4,3469,PREDICTION,src/tracking/advanced_tracker.py:kalman_homography,
S,5,3469,PREDICTION,src/tracking/advanced_tracker.py:kalman_homography,
S,6,3469,PREDICTION,src/tracking/advanced_tracker.py:kalman_homography,
S,7,3469,PREDICTION,src/tracking/advanced_tracker.py:kalman_homography,
S,10,3469,PREDICTION,src/tracking/advanced_tracker.py:flow_gapfill_batched,
D,4,3469
S,1,3469,PREDICTION,src/tracking/advanced_tracker.py:id_merge,
D,7,3469
S,6,3469,PREDICTION,src/tracking/advanced_tracker.py:id_merge,
L,1,3469,PREDICTION,src/tracking/advanced_tracker.py:id_merge,
R,PREDICTION,PREDICTION,1
L,3,3469,DETECTION,src/tracking/advanced_tracker.py:_activate_slot,3469_418_124_627_271
R,DETECTION,DETECTION,1
L,5,3469,PREDICTION,src/tracking/advanced_tracker.py:kalman_homography,
R,CLAMP,CLAMP,0
L,6,3469,PREDICTION,src/tracking/advanced_tracker.py:id_merge,
R,PREDICTION,PREDICTION,1
A,3469
S,5,3472,DETECTION,src/tracking/advanced_tracker.py:_activate_slot,3472_481_584_679_752
S,1,3472,PREDICTION,src/tracking/advanced_tracker.py:kalman_homography,
S,3,3472,PREDICTION,src/tracking/advanced_tracker.py:kalman_homography,
S,4,3472,PREDICTION,src/tracking/advanced_tracker.py:kalman_homography,
S,6,3472,PREDICTION,src/tracking/advanced_tracker.py:kalman_homography,
S,7,3472,PREDICTION,src/tracking/advanced_tracker.py:kalman_homography,
S,10,3472,PREDICTION,src/tracking/advanced_tracker.py:flow_gapfill_batched,
D,4,3472
S,1,3472,PREDICTION,src/tracking/advanced_tracker.py:id_merge,
D,7,3472
S,6,3472,PREDICTION,src/tracking/advanced_tracker.py:id_merge,
L,1,3472,PREDICTION,src/tracking/advanced_tracker.py:id_merge,
R,PREDICTION,PREDICTION,1
L,3,3472,PREDICTION,src/tracking/advanced_tracker.py:kalman_homography,
R,PREDICTION,PREDICTION,1
L,5,3472,DETECTION,src/tracking/advanced_tracker.py:_activate_slot,3472_481_584_679_752
R,CLAMP,CLAMP,0
L,6,3472,PREDICTION,src/tracking/advanced_tracker.py:id_merge,
R,PREDICTION,PREDICTION,1
A,3472
S,1,3475,DETECTION,src/tracking/advanced_tracker.py:_activate_slot,3475_282_71_553_222
S,5,3475,DETECTION,src/tracking/advanced_tracker.py:_activate_slot,3475_446_587_664_762
S,8,3475,DETECTION,src/tracking/advanced_tracker.py:_activate_slot,3475_391_-15_590_115
S,3,3475,PREDICTION,src/tracking/advanced_tracker.py:kalman_homography,
S,4,3475,PREDICTION,src/tracking/advanced_tracker.py:kalman_homography,
S,6,3475,PREDICTION,src/tracking/advanced_tracker.py:kalman_homography,
S,7,3475,PREDICTION,src/tracking/advanced_tracker.py:kalman_homography,
D,4,3475
S,1,3475,PREDICTION,src/tracking/advanced_tracker.py:id_merge,
L,1,3475,PREDICTION,src/tracking/advanced_tracker.py:id_merge,
R,PREDICTION,PREDICTION,1
L,3,3475,PREDICTION,src/tracking/advanced_tracker.py:kalman_homography,
R,PREDICTION,SUBPIXEL,0
L,5,3475,DETECTION,src/tracking/advanced_tracker.py:_activate_slot,3475_446_587_664_762
R,CLAMP,CLAMP,0
L,6,3475,PREDICTION,src/tracking/advanced_tracker.py:kalman_homography,
R,PREDICTION,PREDICTION,1
L,7,3475,PREDICTION,src/tracking/advanced_tracker.py:kalman_homography,
R,CLAMP,CLAMP,0
L,8,3475,DETECTION,src/tracking/advanced_tracker.py:_activate_slot,3475_391_-15_590_115
R,CLAMP,CLAMP,0
A,3475
S,9,3478,DETECTION,src/tracking/advanced_tracker.py:_activate_slot,3478_283_413_547_578
S,2,3478,DETECTION,src/tracking/advanced_tracker.py:_activate_slot,3478_436_503_712_710
S,1,3478,PREDICTION,src/tracking/advanced_tracker.py:kalman_homography,
S,3,3478,PREDICTION,src/tracking/advanced_tracker.py:kalman_homography,
S,4,3478,PREDICTION,src/tracking/advanced_tracker.py:kalman_homography,
S,6,3478,PREDICTION,src/tracking/advanced_tracker.py:kalman_homography,
S,7,3478,PREDICTION,src/tracking/advanced_tracker.py:flow_gapfill_batched,
S,8,3478,PREDICTION,src/tracking/advanced_tracker.py:flow_gapfill_batched,
D,4,3478
S,1,3478,PREDICTION,src/tracking/advanced_tracker.py:id_merge,
D,6,3478
S,9,3478,PREDICTION,src/tracking/advanced_tracker.py:id_merge,
D,7,3478
S,9,3478,PREDICTION,src/tracking/advanced_tracker.py:id_merge,
L,1,3478,PREDICTION,src/tracking/advanced_tracker.py:id_merge,
R,PREDICTION,PREDICTION,1
L,2,3478,DETECTION,src/tracking/advanced_tracker.py:_activate_slot,3478_436_503_712_710
R,DETECTION,DETECTION,1
L,3,3478,PREDICTION,src/tracking/advanced_tracker.py:kalman_homography,
R,PREDICTION,SUBPIXEL,0
L,8,3478,PREDICTION,src/tracking/advanced_tracker.py:flow_gapfill_batched,
R,CLAMP,CLAMP,0
L,9,3478,PREDICTION,src/tracking/advanced_tracker.py:id_merge,
R,PREDICTION,PREDICTION,1
A,3478
S,2,3481,DETECTION,src/tracking/advanced_tracker.py:_activate_slot,3481_413_510_672_720
S,9,3481,DETECTION,src/tracking/advanced_tracker.py:_activate_slot,3481_249_421_537_588
S,0,3481,DETECTION,src/tracking/advanced_tracker.py:_activate_slot,3481_250_-14_477_134
S,1,3481,PREDICTION,src/tracking/advanced_tracker.py:kalman_homography,
S,3,3481,PREDICTION,src/tracking/advanced_tracker.py:kalman_homography,
S,4,3481,PREDICTION,src/tracking/advanced_tracker.py:kalman_homography,
S,6,3481,PREDICTION,src/tracking/advanced_tracker.py:kalman_homography,
S,8,3481,PREDICTION,src/tracking/advanced_tracker.py:flow_gapfill_batched,
D,1,3481
S,0,3481,PREDICTION,src/tracking/advanced_tracker.py:id_merge,
D,4,3481
S,0,3481,PREDICTION,src/tracking/advanced_tracker.py:id_merge,
D,6,3481
S,9,3481,PREDICTION,src/tracking/advanced_tracker.py:id_merge,
L,0,3481,PREDICTION,src/tracking/advanced_tracker.py:id_merge,
R,CLAMP,CLAMP,0
L,2,3481,DETECTION,src/tracking/advanced_tracker.py:_activate_slot,3481_413_510_672_720
R,DETECTION,DETECTION,1
L,3,3481,PREDICTION,src/tracking/advanced_tracker.py:kalman_homography,
R,PREDICTION,SUBPIXEL,0
L,8,3481,PREDICTION,src/tracking/advanced_tracker.py:flow_gapfill_batched,
R,CLAMP,CLAMP,0
L,9,3481,PREDICTION,src/tracking/advanced_tracker.py:id_merge,
R,PREDICTION,PREDICTION,1
A,3481
S,0,3484,DETECTION,src/tracking/advanced_tracker.py:_activate_slot,3484_229_-14_438_137
S,2,3484,DETECTION,src/tracking/advanced_tracker.py:_activate_slot,3484_396_514_615_727
S,9,3484,DETECTION,src/tracking/advanced_tracker.py:_activate_slot,3484_210_90_524_247
S,1,3484,PREDICTION,src/tracking/advanced_tracker.py:kalman_homography,
S,3,3484,PREDICTION,src/tracking/advanced_tracker.py:kalman_homography,
S,4,3484,PREDICTION,src/tracking/advanced_tracker.py:kalman_homography,
S,6,3484,PREDICTION,src/tracking/advanced_tracker.py:kalman_homography,
S,5,3484,PREDICTION,src/tracking/advanced_tracker.py:flow_gapfill_batched,
S,8,3484,PREDICTION,src/tracking/advanced_tracker.py:flow_gapfill_batched,
D,1,3484
S,0,3484,PREDICTION,src/tracking/advanced_tracker.py:id_merge,
D,4,3484
S,0,3484,PREDICTION,src/tracking/advanced_tracker.py:id_merge,
L,0,3484,PREDICTION,src/tracking/advanced_tracker.py:id_merge,
R,CLAMP,CLAMP,0
L,2,3484,DETECTION,src/tracking/advanced_tracker.py:_activate_slot,3484_396_514_615_727
R,DETECTION,DETECTION,1
L,3,3484,PREDICTION,src/tracking/advanced_tracker.py:kalman_homography,
R,PREDICTION,SUBPIXEL,0
L,5,3484,PREDICTION,src/tracking/advanced_tracker.py:flow_gapfill_batched,
R,CLAMP,CLAMP,0
L,6,3484,PREDICTION,src/tracking/advanced_tracker.py:kalman_homography,
R,PREDICTION,PREDICTION,1
L,8,3484,PREDICTION,src/tracking/advanced_tracker.py:flow_gapfill_batched,
R,CLAMP,CLAMP,0
L,9,3484,DETECTION,src/tracking/advanced_tracker.py:_activate_slot,3484_210_90_524_247
R,CLAMP,CLAMP,0
A,3484
S,6,3487,DETECTION,src/tracking/advanced_tracker.py:_activate_slot,3487_215_450_519_619
S,9,3487,DETECTION,src/tracking/advanced_tracker.py:_activate_slot,3487_201_100_500_253
S,0,3487,PREDICTION,src/tracking/advanced_tracker.py:kalman_homography,
S,1,3487,PREDICTION,src/tracking/advanced_tracker.py:kalman_homography,
S,2,3487,PREDICTION,src/tracking/advanced_tracker.py:kalman_homography,
S,3,3487,PREDICTION,src/tracking/advanced_tracker.py:kalman_homography,
S,5,3487,PREDICTION,src/tracking/advanced_tracker.py:flow_gapfill_batched,
S,8,3487,PREDICTION,src/tracking/advanced_tracker.py:flow_gapfill_batched,
D,1,3487
S,0,3487,PREDICTION,src/tracking/advanced_tracker.py:id_merge,
L,0,3487,PREDICTION,src/tracking/advanced_tracker.py:id_merge,
R,CLAMP,CLAMP,0
L,2,3487,PREDICTION,src/tracking/advanced_tracker.py:kalman_homography,
R,PREDICTION,PREDICTION,1
L,3,3487,PREDICTION,src/tracking/advanced_tracker.py:kalman_homography,
R,PREDICTION,SUBPIXEL,0
L,5,3487,PREDICTION,src/tracking/advanced_tracker.py:flow_gapfill_batched,
R,CLAMP,CLAMP,0
L,6,3487,DETECTION,src/tracking/advanced_tracker.py:_activate_slot,3487_215_450_519_619
R,DETECTION,DETECTION,1
L,8,3487,PREDICTION,src/tracking/advanced_tracker.py:flow_gapfill_batched,
R,PREDICTION,PREDICTION,1
L,9,3487,DETECTION,src/tracking/advanced_tracker.py:_activate_slot,3487_201_100_500_253
R,CLAMP,CLAMP,0
A,3487
S,2,3490,DETECTION,src/tracking/advanced_tracker.py:_activate_slot,3490_380_458_667_747
S,6,3490,DETECTION,src/tracking/advanced_tracker.py:_activate_slot,3490_203_455_529_638
S,9,3490,DETECTION,src/tracking/advanced_tracker.py:_activate_slot,3490_191_104_498_256
S,0,3490,PREDICTION,src/tracking/advanced_tracker.py:kalman_homography,
S,1,3490,PREDICTION,src/tracking/advanced_tracker.py:kalman_homography,
S,3,3490,PREDICTION,src/tracking/advanced_tracker.py:kalman_homography,
S,5,3490,PREDICTION,src/tracking/advanced_tracker.py:flow_gapfill_batched,
S,8,3490,PREDICTION,src/tracking/advanced_tracker.py:flow_gapfill_batched,
D,1,3490
S,0,3490,PREDICTION,src/tracking/advanced_tracker.py:id_merge,
L,0,3490,PREDICTION,src/tracking/advanced_tracker.py:id_merge,
R,CLAMP,CLAMP,0
L,2,3490,DETECTION,src/tracking/advanced_tracker.py:_activate_slot,3490_380_458_667_747
R,DETECTION,DETECTION,1
L,3,3490,PREDICTION,src/tracking/advanced_tracker.py:kalman_homography,
R,PREDICTION,SUBPIXEL,0
L,5,3490,PREDICTION,src/tracking/advanced_tracker.py:flow_gapfill_batched,
R,CLAMP,CLAMP,0
L,6,3490,DETECTION,src/tracking/advanced_tracker.py:_activate_slot,3490_203_455_529_638
R,DETECTION,DETECTION,1
L,8,3490,PREDICTION,src/tracking/advanced_tracker.py:flow_gapfill_batched,
R,PREDICTION,PREDICTION,1
L,9,3490,DETECTION,src/tracking/advanced_tracker.py:_activate_slot,3490_191_104_498_256
R,CLAMP,CLAMP,0
A,3490
S,2,3493,DETECTION,src/tracking/advanced_tracker.py:_activate_slot,3493_365_458_666_731
S,6,3493,DETECTION,src/tracking/advanced_tracker.py:_activate_slot,3493_205_464_533_651
S,0,3493,PREDICTION,src/tracking/advanced_tracker.py:kalman_homography,
S,1,3493,PREDICTION,src/tracking/advanced_tracker.py:kalman_homography,
S,9,3493,PREDICTION,src/tracking/advanced_tracker.py:kalman_homography,
S,3,3493,PREDICTION,src/tracking/advanced_tracker.py:flow_gapfill_batched,
S,5,3493,PREDICTION,src/tracking/advanced_tracker.py:flow_gapfill_batched,
S,8,3493,PREDICTION,src/tracking/advanced_tracker.py:flow_gapfill_batched,
D,1,3493
S,0,3493,PREDICTION,src/tracking/advanced_tracker.py:id_merge,
D,8,3493
S,9,3493,PREDICTION,src/tracking/advanced_tracker.py:id_merge,
L,0,3493,PREDICTION,src/tracking/advanced_tracker.py:id_merge,
R,CLAMP,CLAMP,0
L,2,3493,DETECTION,src/tracking/advanced_tracker.py:_activate_slot,3493_365_458_666_731
R,DETECTION,DETECTION,1
L,3,3493,PREDICTION,src/tracking/advanced_tracker.py:flow_gapfill_batched,
R,PREDICTION,PREDICTION,1
L,5,3493,PREDICTION,src/tracking/advanced_tracker.py:flow_gapfill_batched,
R,CLAMP,CLAMP,0
L,6,3493,DETECTION,src/tracking/advanced_tracker.py:_activate_slot,3493_205_464_533_651
R,DETECTION,DETECTION,1
L,9,3493,PREDICTION,src/tracking/advanced_tracker.py:id_merge,
R,CLAMP,CLAMP,0
A,3493
S,2,3496,DETECTION,src/tracking/advanced_tracker.py:_activate_slot,3496_350_453_667_747
S,6,3496,DETECTION,src/tracking/advanced_tracker.py:_activate_slot,3496_196_466_541_669
S,0,3496,PREDICTION,src/tracking/advanced_tracker.py:kalman_homography,
S,1,3496,PREDICTION,src/tracking/advanced_tracker.py:kalman_homography,
S,9,3496,PREDICTION,src/tracking/advanced_tracker.py:kalman_homography,
S,5,3496,PREDICTION,src/tracking/advanced_tracker.py:flow_gapfill_batched,
S,8,3496,PREDICTION,src/tracking/advanced_tracker.py:flow_gapfill_batched,
D,1,3496
S,0,3496,PREDICTION,src/tracking/advanced_tracker.py:id_merge,
D,8,3496
S,9,3496,PREDICTION,src/tracking/advanced_tracker.py:id_merge,
L,0,3496,PREDICTION,src/tracking/advanced_tracker.py:id_merge,
R,CLAMP,CLAMP,0
L,2,3496,DETECTION,src/tracking/advanced_tracker.py:_activate_slot,3496_350_453_667_747
R,DETECTION,DETECTION,1
L,5,3496,PREDICTION,src/tracking/advanced_tracker.py:flow_gapfill_batched,
R,CLAMP,CLAMP,0
L,6,3496,DETECTION,src/tracking/advanced_tracker.py:_activate_slot,3496_196_466_541_669
R,DETECTION,DETECTION,1
L,9,3496,PREDICTION,src/tracking/advanced_tracker.py:id_merge,
R,CLAMP,CLAMP,0
A,3496
S,2,3499,DETECTION,src/tracking/advanced_tracker.py:_activate_slot,3499_392_456_666_753
S,6,3499,CLAMP,src/tracking/advanced_tracker.py:_activate_slot,3499_250_172_588_332
S,7,3499,DETECTION,src/tracking/advanced_tracker.py:_activate_slot,3499_182_466_535_676
S,0,3499,PREDICTION,src/tracking/advanced_tracker.py:kalman_homography,
S,1,3499,PREDICTION,src/tracking/advanced_tracker.py:flow_gapfill_batched,
S,5,3499,PREDICTION,src/tracking/advanced_tracker.py:flow_gapfill_batched,
S,8,3499,PREDICTION,src/tracking/advanced_tracker.py:flow_gapfill_batched,
S,9,3499,PREDICTION,src/tracking/advanced_tracker.py:flow_gapfill_batched,
D,6,3499
S,7,3499,PREDICTION,src/tracking/advanced_tracker.py:id_merge,
D,8,3499
S,9,3499,PREDICTION,src/tracking/advanced_tracker.py:id_merge,
L,0,3499,PREDICTION,src/tracking/advanced_tracker.py:kalman_homography,
R,CLAMP,CLAMP,0
L,1,3499,PREDICTION,src/tracking/advanced_tracker.py:flow_gapfill_batched,
R,PREDICTION,PREDICTION,1
L,2,3499,DETECTION,src/tracking/advanced_tracker.py:_activate_slot,3499_392_456_666_753
R,DETECTION,DETECTION,1
L,5,3499,PREDICTION,src/tracking/advanced_tracker.py:flow_gapfill_batched,
R,CLAMP,CLAMP,0
L,7,3499,PREDICTION,src/tracking/advanced_tracker.py:id_merge,
R,CLAMP,CLAMP,0
L,9,3499,PREDICTION,src/tracking/advanced_tracker.py:id_merge,
R,CLAMP,CLAMP,0
A,3499
S,0,3502,PREDICTION,src/tracking/advanced_tracker.py:kalman_homography,
S,2,3502,PREDICTION,src/tracking/advanced_tracker.py:kalman_homography,
S,6,3502,PREDICTION,src/tracking/advanced_tracker.py:kalman_homography,
S,7,3502,PREDICTION,src/tracking/advanced_tracker.py:kalman_homography,
S,9,3502,PREDICTION,src/tracking/advanced_tracker.py:flow_gapfill_batched,
D,9,3502
S,6,3502,PREDICTION,src/tracking/advanced_tracker.py:id_merge,
L,0,3502,PREDICTION,src/tracking/advanced_tracker.py:kalman_homography,
R,CLAMP,CLAMP,0
L,2,3502,PREDICTION,src/tracking/advanced_tracker.py:kalman_homography,
R,PREDICTION,PREDICTION,1
L,6,3502,PREDICTION,src/tracking/advanced_tracker.py:id_merge,
R,CLAMP,CLAMP,0
L,7,3502,PREDICTION,src/tracking/advanced_tracker.py:kalman_homography,
R,CLAMP,CLAMP,0
A,3502
S,0,3505,PREDICTION,src/tracking/advanced_tracker.py:kalman_homography,
S,2,3505,PREDICTION,src/tracking/advanced_tracker.py:kalman_homography,
S,6,3505,PREDICTION,src/tracking/advanced_tracker.py:kalman_homography,
S,7,3505,PREDICTION,src/tracking/advanced_tracker.py:kalman_homography,
L,0,3505,PREDICTION,src/tracking/advanced_tracker.py:kalman_homography,
R,CLAMP,CLAMP,0
L,2,3505,PREDICTION,src/tracking/advanced_tracker.py:kalman_homography,
R,PREDICTION,PREDICTION,1
L,6,3505,PREDICTION,src/tracking/advanced_tracker.py:kalman_homography,
R,CLAMP,CLAMP,0
L,7,3505,PREDICTION,src/tracking/advanced_tracker.py:kalman_homography,
R,CLAMP,CLAMP,0
A,3505
S,2,3508,PREDICTION,src/tracking/advanced_tracker.py:kalman_homography,
S,7,3508,PREDICTION,src/tracking/advanced_tracker.py:kalman_homography,
L,2,3508,PREDICTION,src/tracking/advanced_tracker.py:kalman_homography,
R,PREDICTION,SUBPIXEL,0
L,7,3508,PREDICTION,src/tracking/advanced_tracker.py:kalman_homography,
R,CLAMP,CLAMP,0
A,3508
S,2,3511,PREDICTION,src/tracking/advanced_tracker.py:kalman_homography,
S,7,3511,PREDICTION,src/tracking/advanced_tracker.py:kalman_homography,
S,6,3511,PREDICTION,src/tracking/advanced_tracker.py:flow_gapfill_batched,
L,2,3511,PREDICTION,src/tracking/advanced_tracker.py:kalman_homography,
R,PREDICTION,SUBPIXEL,0
L,6,3511,PREDICTION,src/tracking/advanced_tracker.py:flow_gapfill_batched,
R,CLAMP,CLAMP,0
L,7,3511,PREDICTION,src/tracking/advanced_tracker.py:kalman_homography,
R,CLAMP,CLAMP,0
A,3511
S,2,3514,PREDICTION,src/tracking/advanced_tracker.py:kalman_homography,
S,7,3514,PREDICTION,src/tracking/advanced_tracker.py:kalman_homography,
L,2,3514,PREDICTION,src/tracking/advanced_tracker.py:kalman_homography,
R,PREDICTION,PREDICTION,1
L,7,3514,PREDICTION,src/tracking/advanced_tracker.py:kalman_homography,
R,CLAMP,CLAMP,0
A,3514
S,2,3517,PREDICTION,src/tracking/advanced_tracker.py:kalman_homography,
S,7,3517,PREDICTION,src/tracking/advanced_tracker.py:kalman_homography,
L,2,3517,PREDICTION,src/tracking/advanced_tracker.py:kalman_homography,
R,PREDICTION,PREDICTION,1
L,7,3517,PREDICTION,src/tracking/advanced_tracker.py:kalman_homography,
R,CLAMP,CLAMP,0
A,3517
S,2,3520,PREDICTION,src/tracking/advanced_tracker.py:kalman_homography,
S,7,3520,PREDICTION,src/tracking/advanced_tracker.py:kalman_homography,
S,6,3520,PREDICTION,src/tracking/advanced_tracker.py:flow_gapfill_batched,
L,2,3520,PREDICTION,src/tracking/advanced_tracker.py:kalman_homography,
R,PREDICTION,PREDICTION,1
L,6,3520,PREDICTION,src/tracking/advanced_tracker.py:flow_gapfill_batched,
R,CLAMP,CLAMP,0
L,7,3520,PREDICTION,src/tracking/advanced_tracker.py:kalman_homography,
R,CLAMP,CLAMP,0
A,3520
S,6,3523,PREDICTION,src/tracking/advanced_tracker.py:flow_gapfill_batched,
L,6,3523,PREDICTION,src/tracking/advanced_tracker.py:flow_gapfill_batched,
R,CLAMP,CLAMP,0
A,3523
A,3526
A,3529
A,3532
A,3535
A,3538
A,3541
A,3544
A,3547
A,3640
A,3643
A,3646
S,5,3649,DETECTION,src/tracking/advanced_tracker.py:_activate_slot,3649_226_391_730_631
L,5,3649,DETECTION,src/tracking/advanced_tracker.py:_activate_slot,3649_226_391_730_631
R,CLAMP,CLAMP,0
A,3649
S,0,3652,DETECTION,src/tracking/advanced_tracker.py:_activate_slot,3652_61_27_196_171
S,5,3652,DETECTION,src/tracking/advanced_tracker.py:_activate_slot,3652_258_355_738_595
L,0,3652,DETECTION,src/tracking/advanced_tracker.py:_activate_slot,3652_61_27_196_171
R,CLAMP,CLAMP,0
L,5,3652,DETECTION,src/tracking/advanced_tracker.py:_activate_slot,3652_258_355_738_595
R,DETECTION,DETECTION,1
A,3652
S,5,3655,DETECTION,src/tracking/advanced_tracker.py:_activate_slot,3655_256_329_745_565
S,6,3655,DETECTION,src/tracking/advanced_tracker.py:_activate_slot,3655_88_7_222_147
S,8,3655,DETECTION,src/tracking/advanced_tracker.py:_activate_slot,3655_4_-15_203_126
S,0,3655,PREDICTION,src/tracking/advanced_tracker.py:kalman_homography,
D,6,3655
S,8,3655,PREDICTION,src/tracking/advanced_tracker.py:id_merge,
L,0,3655,PREDICTION,src/tracking/advanced_tracker.py:kalman_homography,
R,CLAMP,CLAMP,0
L,5,3655,DETECTION,src/tracking/advanced_tracker.py:_activate_slot,3655_256_329_745_565
R,DETECTION,DETECTION,1
L,8,3655,PREDICTION,src/tracking/advanced_tracker.py:id_merge,
R,PREDICTION,PREDICTION,1
A,3655
S,0,3658,DETECTION,src/tracking/advanced_tracker.py:_activate_slot,3658_95_87_247_238
S,5,3658,DETECTION,src/tracking/advanced_tracker.py:_activate_slot,3658_254_313_750_526
S,6,3658,DETECTION,src/tracking/advanced_tracker.py:_activate_slot,3658_109_-15_249_126
S,8,3658,PREDICTION,src/tracking/advanced_tracker.py:kalman_homography,
D,8,3658
S,6,3658,PREDICTION,src/tracking/advanced_tracker.py:id_merge,
L,0,3658,DETECTION,src/tracking/advanced_tracker.py:_activate_slot,3658_95_87_247_238
R,CLAMP,CLAMP,0
L,5,3658,DETECTION,src/tracking/advanced_tracker.py:_activate_slot,3658_254_313_750_526
R,DETECTION,DETECTION,1
L,6,3658,PREDICTION,src/tracking/advanced_tracker.py:id_merge,
R,CLAMP,CLAMP,0
A,3658
S,0,3661,DETECTION,src/tracking/advanced_tracker.py:_activate_slot,3661_131_63_280_212
S,6,3661,DETECTION,src/tracking/advanced_tracker.py:_activate_slot,3661_145_-15_279_101
S,8,3661,PREDICTION,src/tracking/advanced_tracker.py:kalman_homography,
S,5,3661,PREDICTION,src/tracking/advanced_tracker.py:flow_gapfill_batched,
D,8,3661
S,6,3661,PREDICTION,src/tracking/advanced_tracker.py:id_merge,
L,0,3661,DETECTION,src/tracking/advanced_tracker.py:_activate_slot,3661_131_63_280_212
R,CLAMP,CLAMP,0
L,5,3661,PREDICTION,src/tracking/advanced_tracker.py:flow_gapfill_batched,
R,PREDICTION,PREDICTION,1
L,6,3661,PREDICTION,src/tracking/advanced_tracker.py:id_merge,
R,CLAMP,CLAMP,0
A,3661
S,0,3664,DETECTION,src/tracking/advanced_tracker.py:_activate_slot,3664_163_46_316_193
S,1,3664,DETECTION,src/tracking/advanced_tracker.py:_activate_slot,3664_155_-15_315_91
S,6,3664,DETECTION,src/tracking/advanced_tracker.py:_activate_slot,3664_152_184_309_364
S,8,3664,PREDICTION,src/tracking/advanced_tracker.py:kalman_homography,
D,0,3664
S,1,3664,PREDICTION,src/tracking/advanced_tracker.py:id_merge,
L,1,3664,PREDICTION,src/tracking/advanced_tracker.py:id_merge,
R,PREDICTION,PREDICTION,1
L,6,3664,DETECTION,src/tracking/advanced_tracker.py:_activate_slot,3664_152_184_309_364
R,CLAMP,CLAMP,0
L,8,3664,PREDICTION,src/tracking/advanced_tracker.py:kalman_homography,
R,PREDICTION,PREDICTION,1
A,3664
S,0,3667,DETECTION,src/tracking/advanced_tracker.py:_activate_slot,3667_192_26_338_172
S,1,3667,DETECTION,src/tracking/advanced_tracker.py:_activate_slot,3667_193_-15_340_76
S,6,3667,DETECTION,src/tracking/advanced_tracker.py:_activate_slot,3667_183_174_333_341
S,10,3667,DETECTION,src/tracking/advanced_tracker.py:_activate_slot,3667_112_89_325_222
S,8,3667,PREDICTION,src/tracking/advanced_tracker.py:kalman_homography,
D,0,3667
S,1,3667,PREDICTION,src/tracking/advanced_tracker.py:id_merge,
L,1,3667,PREDICTION,src/tracking/advanced_tracker.py:id_merge,
R,PREDICTION,PREDICTION,1
L,6,3667,DETECTION,src/tracking/advanced_tracker.py:_activate_slot,3667_183_174_333_341
R,CLAMP,CLAMP,0
L,8,3667,PREDICTION,src/tracking/advanced_tracker.py:kalman_homography,
R,PREDICTION,SUBPIXEL,0
A,3667
S,0,3670,DETECTION,src/tracking/advanced_tracker.py:_activate_slot,3670_215_17_364_164
S,6,3670,DETECTION,src/tracking/advanced_tracker.py:_activate_slot,3670_203_160_358_330
S,1,3670,PREDICTION,src/tracking/advanced_tracker.py:kalman_homography,
S,8,3670,PREDICTION,src/tracking/advanced_tracker.py:kalman_homography,
S,10,3670,PREDICTION,src/tracking/advanced_tracker.py:kalman_homography,
S,5,3670,PREDICTION,src/tracking/advanced_tracker.py:flow_gapfill_batched,
D,1,3670
S,0,3670,PREDICTION,src/tracking/advanced_tracker.py:id_merge,
D,8,3670
S,6,3670,PREDICTION,src/tracking/advanced_tracker.py:id_merge,
L,0,3670,PREDICTION,src/tracking/advanced_tracker.py:id_merge,
R,CLAMP,CLAMP,0
L,5,3670,PREDICTION,src/tracking/advanced_tracker.py:flow_gapfill_batched,
R,PREDICTION,PREDICTION,1
L,6,3670,PREDICTION,src/tracking/advanced_tracker.py:id_merge,
R,CLAMP,CLAMP,0
A,3670
S,0,3673,DETECTION,src/tracking/advanced_tracker.py:_activate_slot,3673_228_14_378_158
S,5,3673,DETECTION,src/tracking/advanced_tracker.py:_activate_slot,3673_424_303_790_687
S,6,3673,DETECTION,src/tracking/advanced_tracker.py:_activate_slot,3673_217_153_369_324
S,9,3673,DETECTION,src/tracking/advanced_tracker.py:_activate_slot,3673_152_169_289_296
S,1,3673,PREDICTION,src/tracking/advanced_tracker.py:kalman_homography,
S,8,3673,PREDICTION,src/tracking/advanced_tracker.py:kalman_homography,
S,10,3673,PREDICTION,src/tracking/advanced_tracker.py:kalman_homography,
D,1,3673
S,0,3673,PREDICTION,src/tracking/advanced_tracker.py:id_merge,
D,8,3673
S,6,3673,PREDICTION,src/tracking/advanced_tracker.py:id_merge,
D,6,3673
S,9,3673,PREDICTION,src/tracking/advanced_tracker.py:id_merge,
L,0,3673,PREDICTION,src/tracking/advanced_tracker.py:id_merge,
R,CLAMP,CLAMP,0
L,5,3673,DETECTION,src/tracking/advanced_tracker.py:_activate_slot,3673_424_303_790_687
R,DETECTION,DETECTION,1
L,9,3673,PREDICTION,src/tracking/advanced_tracker.py:id_merge,
R,PREDICTION,PREDICTION,1
A,3673
S,0,3676,DETECTION,src/tracking/advanced_tracker.py:_activate_slot,3676_244_8_390_158
S,5,3676,DETECTION,src/tracking/advanced_tracker.py:_activate_slot,3676_417_305_783_628
S,6,3676,DETECTION,src/tracking/advanced_tracker.py:_activate_slot,3676_232_151_382_320
S,9,3676,DETECTION,src/tracking/advanced_tracker.py:_activate_slot,3676_171_163_314_291
S,7,3676,DETECTION,src/tracking/advanced_tracker.py:_activate_slot,3676_169_74_375_203
S,1,3676,PREDICTION,src/tracking/advanced_tracker.py:kalman_homography,
S,8,3676,PREDICTION,src/tracking/advanced_tracker.py:kalman_homography,
S,10,3676,PREDICTION,src/tracking/advanced_tracker.py:kalman_homography,
D,1,3676
S,0,3676,PREDICTION,src/tracking/advanced_tracker.py:id_merge,
D,6,3676
S,7,3676,PREDICTION,src/tracking/advanced_tracker.py:id_merge,
D,8,3676
S,7,3676,PREDICTION,src/tracking/advanced_tracker.py:id_merge,
L,0,3676,PREDICTION,src/tracking/advanced_tracker.py:id_merge,
R,CLAMP,CLAMP,0
L,5,3676,DETECTION,src/tracking/advanced_tracker.py:_activate_slot,3676_417_305_783_628
R,DETECTION,DETECTION,1
L,7,3676,PREDICTION,src/tracking/advanced_tracker.py:id_merge,
R,PREDICTION,PREDICTION,1
L,9,3676,DETECTION,src/tracking/advanced_tracker.py:_activate_slot,3676_171_163_314_291
R,DETECTION,DETECTION,1
A,3676
S,0,3679,DETECTION,src/tracking/advanced_tracker.py:_activate_slot,3679_257_11_403_150
S,5,3679,DETECTION,src/tracking/advanced_tracker.py:_activate_slot,3679_429_342_790_604
S,6,3679,DETECTION,src/tracking/advanced_tracker.py:_activate_slot,3679_248_145_393_313
S,1,3679,PREDICTION,src/tracking/advanced_tracker.py:kalman_homography,
S,7,3679,PREDICTION,src/tracking/advanced_tracker.py:kalman_homography,
S,9,3679,PREDICTION,src/tracking/advanced_tracker.py:kalman_homography,
S,10,3679,PREDICTION,src/tracking/advanced_tracker.py:kalman_homography,
S,8,3679,PREDICTION,src/tracking/advanced_tracker.py:flow_gapfill_batched,
D,1,3679
S,0,3679,PREDICTION,src/tracking/advanced_tracker.py:id_merge,
D,7,3679
S,6,3679,PREDICTION,src/tracking/advanced_tracker.py:id_merge,
D,8,3679
S,6,3679,PREDICTION,src/tracking/advanced_tracker.py:id_merge,
D,9,3679
S,6,3679,PREDICTION,src/tracking/advanced_tracker.py:id_merge,
L,0,3679,PREDICTION,src/tracking/advanced_tracker.py:id_merge,
R,CLAMP,CLAMP,0
L,5,3679,DETECTION,src/tracking/advanced_tracker.py:_activate_slot,3679_429_342_790_604
R,DETECTION,DETECTION,1
L,6,3679,PREDICTION,src/tracking/advanced_tracker.py:id_merge,
R,CLAMP,CLAMP,0
A,3679
S,0,3682,DETECTION,src/tracking/advanced_tracker.py:_activate_slot,3682_271_5_413_145
S,5,3682,DETECTION,src/tracking/advanced_tracker.py:_activate_slot,3682_453_410_800_644
S,6,3682,DETECTION,src/tracking/advanced_tracker.py:_activate_slot,3682_257_145_403_307
S,7,3682,DETECTION,src/tracking/advanced_tracker.py:_activate_slot,3682_190_61_383_197
S,1,3682,PREDICTION,src/tracking/advanced_tracker.py:kalman_homography,
S,9,3682,PREDICTION,src/tracking/advanced_tracker.py:kalman_homography,
S,10,3682,PREDICTION,src/tracking/advanced_tracker.py:kalman_homography,
D,1,3682
S,0,3682,PREDICTION,src/tracking/advanced_tracker.py:id_merge,
D,6,3682
S,7,3682,PREDICTION,src/tracking/advanced_tracker.py:id_merge,
L,0,3682,PREDICTION,src/tracking/advanced_tracker.py:id_merge,
R,CLAMP,CLAMP,0
L,5,3682,DETECTION,src/tracking/advanced_tracker.py:_activate_slot,3682_453_410_800_644
R,DETECTION,DETECTION,1
L,7,3682,PREDICTION,src/tracking/advanced_tracker.py:id_merge,
R,PREDICTION,PREDICTION,1
L,9,3682,PREDICTION,src/tracking/advanced_tracker.py:kalman_homography,
R,PREDICTION,PREDICTION,1
A,3682
S,0,3685,DETECTION,src/tracking/advanced_tracker.py:_activate_slot,3685_277_-5_421_141
S,5,3685,DETECTION,src/tracking/advanced_tracker.py:_activate_slot,3685_468_450_803_687
S,6,3685,DETECTION,src/tracking/advanced_tracker.py:_activate_slot,3685_267_139_415_298
S,1,3685,PREDICTION,src/tracking/advanced_tracker.py:kalman_homography,
S,7,3685,PREDICTION,src/tracking/advanced_tracker.py:kalman_homography,
S,9,3685,PREDICTION,src/tracking/advanced_tracker.py:kalman_homography,
S,10,3685,PREDICTION,src/tracking/advanced_tracker.py:kalman_homography,
D,1,3685
S,0,3685,PREDICTION,src/tracking/advanced_tracker.py:id_merge,
D,7,3685
S,5,3685,PREDICTION,src/tracking/advanced_tracker.py:id_merge,
D,9,3685
S,6,3685,PREDICTION,src/tracking/advanced_tracker.py:id_merge,
L,0,3685,PREDICTION,src/tracking/advanced_tracker.py:id_merge,
R,CLAMP,CLAMP,0
L,5,3685,PREDICTION,src/tracking/advanced_tracker.py:id_merge,
R,PREDICTION,PREDICTION,1
L,6,3685,PREDICTION,src/tracking/advanced_tracker.py:id_merge,
R,CLAMP,CLAMP,0
A,3685
S,5,3688,DETECTION,src/tracking/advanced_tracker.py:_activate_slot,3688_465_458_814_738
S,6,3688,DETECTION,src/tracking/advanced_tracker.py:_activate_slot,3688_281_134_426_295
S,9,3688,DETECTION,src/tracking/advanced_tracker.py:_activate_slot,3688_216_141_363_274
S,0,3688,PREDICTION,src/tracking/advanced_tracker.py:kalman_homography,
S,1,3688,PREDICTION,src/tracking/advanced_tracker.py:kalman_homography,
S,7,3688,PREDICTION,src/tracking/advanced_tracker.py:kalman_homography,
S,10,3688,PREDICTION,src/tracking/advanced_tracker.py:kalman_homography,
D,1,3688
S,0,3688,PREDICTION,src/tracking/advanced_tracker.py:id_merge,
D,5,3688
S,6,3688,PREDICTION,src/tracking/advanced_tracker.py:id_merge,
D,7,3688
S,6,3688,PREDICTION,src/tracking/advanced_tracker.py:id_merge,
D,6,3688
S,9,3688,PREDICTION,src/tracking/advanced_tracker.py:id_merge,
L,0,3688,PREDICTION,src/tracking/advanced_tracker.py:id_merge,
R,CLAMP,CLAMP,0
L,9,3688,PREDICTION,src/tracking/advanced_tracker.py:id_merge,
R,PREDICTION,PREDICTION,1
A,3688
S,6,3691,DETECTION,src/tracking/advanced_tracker.py:_activate_slot,3691_283_129_431_287
S,3,3691,DETECTION,src/tracking/advanced_tracker.py:_activate_slot,3691_208_303_384_424
S,0,3691,PREDICTION,src/tracking/advanced_tracker.py:kalman_homography,
S,5,3691,PREDICTION,src/tracking/advanced_tracker.py:kalman_homography,
S,7,3691,PREDICTION,src/tracking/advanced_tracker.py:kalman_homography,
S,9,3691,PREDICTION,src/tracking/advanced_tracker.py:kalman_homography,
S,1,3691,PREDICTION,src/tracking/advanced_tracker.py:flow_gapfill_batched,
S,10,3691,PREDICTION,src/tracking/advanced_tracker.py:flow_gapfill_batched,
D,1,3691
S,0,3691,PREDICTION,src/tracking/advanced_tracker.py:id_merge,
D,7,3691
S,6,3691,PREDICTION,src/tracking/advanced_tracker.py:id_merge,
D,9,3691
S,6,3691,PREDICTION,src/tracking/advanced_tracker.py:id_merge,
L,0,3691,PREDICTION,src/tracking/advanced_tracker.py:id_merge,
R,CLAMP,CLAMP,0
L,3,3691,DETECTION,src/tracking/advanced_tracker.py:_activate_slot,3691_208_303_384_424
R,CLAMP,CLAMP,0
L,5,3691,PREDICTION,src/tracking/advanced_tracker.py:kalman_homography,
R,CLAMP,CLAMP,0
L,6,3691,PREDICTION,src/tracking/advanced_tracker.py:id_merge,
R,CLAMP,CLAMP,0
A,3691
S,3,3694,DETECTION,src/tracking/advanced_tracker.py:_activate_slot,3694_218_289_390_412
S,0,3694,DETECTION,src/tracking/advanced_tracker.py:_activate_slot,3694_307_-15_451_123
S,6,3694,DETECTION,src/tracking/advanced_tracker.py:_activate_slot,3694_294_116_438_275
S,7,3694,PREDICTION,src/tracking/advanced_tracker.py:kalman_homography,
S,9,3694,PREDICTION,src/tracking/advanced_tracker.py:kalman_homography,
D,7,3694
S,6,3694,PREDICTION,src/tracking/advanced_tracker.py:id_merge,
D,9,3694
S,6,3694,PREDICTION,src/tracking/advanced_tracker.py:id_merge,
L,0,3694,DETECTION,src/tracking/advanced_tracker.py:_activate_slot,3694_307_-15_451_123
R,CLAMP,CLAMP,0
L,3,3694,DETECTION,src/tracking/advanced_tracker.py:_activate_slot,3694_218_289_390_412
R,CLAMP,CLAMP,0
L,6,3694,PREDICTION,src/tracking/advanced_tracker.py:id_merge,
R,CLAMP,CLAMP,0
A,3694
S,3,3697,DETECTION,src/tracking/advanced_tracker.py:_activate_slot,3697_226_285_399_401
S,0,3697,DETECTION,src/tracking/advanced_tracker.py:_activate_slot,3697_315_-15_458_115
S,6,3697,DETECTION,src/tracking/advanced_tracker.py:_activate_slot,3697_307_109_449_270
S,7,3697,PREDICTION,src/tracking/advanced_tracker.py:kalman_homography,
S,9,3697,PREDICTION,src/tracking/advanced_tracker.py:kalman_homography,
D,7,3697
S,6,3697,PREDICTION,src/tracking/advanced_tracker.py:id_merge,
D,9,3697
S,6,3697,PREDICTION,src/tracking/advanced_tracker.py:id_merge,
L,0,3697,DETECTION,src/tracking/advanced_tracker.py:_activate_slot,3697_315_-15_458_115
R,CLAMP,CLAMP,0
L,3,3697,DETECTION,src/tracking/advanced_tracker.py:_activate_slot,3697_226_285_399_401
R,CLAMP,CLAMP,0
L,6,3697,PREDICTION,src/tracking/advanced_tracker.py:id_merge,
R,CLAMP,CLAMP,0
A,3697
S,0,3700,DETECTION,src/tracking/advanced_tracker.py:_activate_slot,3700_316_-15_452_101
S,6,3700,DETECTION,src/tracking/advanced_tracker.py:_activate_slot,3700_302_102_445_258
S,3,3700,PREDICTION,src/tracking/advanced_tracker.py:kalman_homography,
S,7,3700,PREDICTION,src/tracking/advanced_tracker.py:kalman_homography,
S,9,3700,PREDICTION,src/tracking/advanced_tracker.py:kalman_homography,
D,7,3700
S,6,3700,PREDICTION,src/tracking/advanced_tracker.py:id_merge,
D,9,3700
S,6,3700,PREDICTION,src/tracking/advanced_tracker.py:id_merge,
L,0,3700,DETECTION,src/tracking/advanced_tracker.py:_activate_slot,3700_316_-15_452_101
R,CLAMP,CLAMP,0
L,3,3700,PREDICTION,src/tracking/advanced_tracker.py:kalman_homography,
R,CLAMP,CLAMP,0
L,6,3700,PREDICTION,src/tracking/advanced_tracker.py:id_merge,
R,CLAMP,CLAMP,0
A,3700
S,0,3703,DETECTION,src/tracking/advanced_tracker.py:_activate_slot,3703_303_-15_441_93
S,3,3703,DETECTION,src/tracking/advanced_tracker.py:_activate_slot,3703_217_258_388_376
S,6,3703,DETECTION,src/tracking/advanced_tracker.py:_activate_slot,3703_295_83_437_245
S,7,3703,PREDICTION,src/tracking/advanced_tracker.py:kalman_homography,
S,9,3703,PREDICTION,src/tracking/advanced_tracker.py:kalman_homography,
D,7,3703
S,6,3703,PREDICTION,src/tracking/advanced_tracker.py:id_merge,
D,9,3703
S,6,3703,PREDICTION,src/tracking/advanced_tracker.py:id_merge,
L,0,3703,DETECTION,src/tracking/advanced_tracker.py:_activate_slot,3703_303_-15_441_93
R,CLAMP,CLAMP,0
L,3,3703,DETECTION,src/tracking/advanced_tracker.py:_activate_slot,3703_217_258_388_376
R,CLAMP,CLAMP,0
L,6,3703,PREDICTION,src/tracking/advanced_tracker.py:id_merge,
R,CLAMP,CLAMP,0
A,3703
S,3,3706,DETECTION,src/tracking/advanced_tracker.py:_activate_slot,3706_190_249_359_367
S,6,3706,DETECTION,src/tracking/advanced_tracker.py:_activate_slot,3706_262_68_411_236
S,0,3706,PREDICTION,src/tracking/advanced_tracker.py:kalman_homography,
S,9,3706,PREDICTION,src/tracking/advanced_tracker.py:kalman_homography,
S,7,3706,PREDICTION,src/tracking/advanced_tracker.py:flow_gapfill_batched,
D,7,3706
S,6,3706,PREDICTION,src/tracking/advanced_tracker.py:id_merge,
D,9,3706
S,6,3706,PREDICTION,src/tracking/advanced_tracker.py:id_merge,
L,0,3706,PREDICTION,src/tracking/advanced_tracker.py:kalman_homography,
R,CLAMP,CLAMP,0
L,3,3706,DETECTION,src/tracking/advanced_tracker.py:_activate_slot,3706_190_249_359_367
R,CLAMP,CLAMP,0
L,6,3706,PREDICTION,src/tracking/advanced_tracker.py:id_merge,
R,CLAMP,CLAMP,0
A,3706
S,3,3709,DETECTION,src/tracking/advanced_tracker.py:_activate_slot,3709_171_238_341_355
S,2,3709,DETECTION,src/tracking/advanced_tracker.py:_activate_slot,3709_250_57_394_221
S,0,3709,PREDICTION,src/tracking/advanced_tracker.py:kalman_homography,
S,6,3709,PREDICTION,src/tracking/advanced_tracker.py:kalman_homography,
S,9,3709,PREDICTION,src/tracking/advanced_tracker.py:kalman_homography,
D,9,3709
S,6,3709,PREDICTION,src/tracking/advanced_tracker.py:id_merge,
L,0,3709,PREDICTION,src/tracking/advanced_tracker.py:kalman_homography,
R,CLAMP,CLAMP,0
L,2,3709,DETECTION,src/tracking/advanced_tracker.py:_activate_slot,3709_250_57_394_221
R,CLAMP,CLAMP,0
L,3,3709,DETECTION,src/tracking/advanced_tracker.py:_activate_slot,3709_171_238_341_355
R,CLAMP,CLAMP,0
L,6,3709,PREDICTION,src/tracking/advanced_tracker.py:id_merge,
R,CLAMP,CLAMP,0
A,3709
S,2,3712,DETECTION,src/tracking/advanced_tracker.py:_activate_slot,3712_222_47_370_201
S,0,3712,PREDICTION,src/tracking/advanced_tracker.py:kalman_homography,
S,3,3712,PREDICTION,src/tracking/advanced_tracker.py:kalman_homography,
S,6,3712,PREDICTION,src/tracking/advanced_tracker.py:kalman_homography,
S,9,3712,PREDICTION,src/tracking/advanced_tracker.py:flow_gapfill_batched,
L,0,3712,PREDICTION,src/tracking/advanced_tracker.py:kalman_homography,
R,CLAMP,CLAMP,0
L,2,3712,DETECTION,src/tracking/advanced_tracker.py:_activate_slot,3712_222_47_370_201
R,CLAMP,CLAMP,0
L,3,3712,PREDICTION,src/tracking/advanced_tracker.py:kalman_homography,
R,CLAMP,CLAMP,0
L,6,3712,PREDICTION,src/tracking/advanced_tracker.py:kalman_homography,
R,CLAMP,CLAMP,0
L,9,3712,PREDICTION,src/tracking/advanced_tracker.py:flow_gapfill_batched,
R,PREDICTION,PREDICTION,1
A,3712
S,2,3715,DETECTION,src/tracking/advanced_tracker.py:_activate_slot,3715_210_22_359_184
S,3,3715,DETECTION,src/tracking/advanced_tracker.py:_activate_slot,3715_137_202_306_319
S,0,3715,PREDICTION,src/tracking/advanced_tracker.py:kalman_homography,
S,6,3715,PREDICTION,src/tracking/advanced_tracker.py:kalman_homography,
L,0,3715,PREDICTION,src/tracking/advanced_tracker.py:kalman_homography,
R,CLAMP,CLAMP,0
L,2,3715,DETECTION,src/tracking/advanced_tracker.py:_activate_slot,3715_210_22_359_184
R,CLAMP,CLAMP,0
L,3,3715,DETECTION,src/tracking/advanced_tracker.py:_activate_slot,3715_137_202_306_319
R,CLAMP,CLAMP,0
L,6,3715,PREDICTION,src/tracking/advanced_tracker.py:kalman_homography,
R,CLAMP,CLAMP,0
A,3715
S,2,3718,DETECTION,src/tracking/advanced_tracker.py:_activate_slot,3718_207_7_344_164
S,0,3718,PREDICTION,src/tracking/advanced_tracker.py:kalman_homography,
S,3,3718,PREDICTION,src/tracking/advanced_tracker.py:kalman_homography,
S,6,3718,PREDICTION,src/tracking/advanced_tracker.py:kalman_homography,
L,0,3718,PREDICTION,src/tracking/advanced_tracker.py:kalman_homography,
R,CLAMP,CLAMP,0
L,2,3718,DETECTION,src/tracking/advanced_tracker.py:_activate_slot,3718_207_7_344_164
R,CLAMP,CLAMP,0
L,3,3718,PREDICTION,src/tracking/advanced_tracker.py:kalman_homography,
R,CLAMP,CLAMP,0
L,6,3718,PREDICTION,src/tracking/advanced_tracker.py:kalman_homography,
R,CLAMP,CLAMP,0
A,3718
S,2,3721,DETECTION,src/tracking/advanced_tracker.py:_activate_slot,3721_207_-15_348_136
S,3,3721,DETECTION,src/tracking/advanced_tracker.py:_activate_slot,3721_131_154_299_274
S,0,3721,PREDICTION,src/tracking/advanced_tracker.py:kalman_homography,
S,6,3721,PREDICTION,src/tracking/advanced_tracker.py:kalman_homography,
L,0,3721,PREDICTION,src/tracking/advanced_tracker.py:kalman_homography,
R,CLAMP,CLAMP,0
L,2,3721,DETECTION,src/tracking/advanced_tracker.py:_activate_slot,3721_207_-15_348_136
R,CLAMP,CLAMP,0
L,3,3721,DETECTION,src/tracking/advanced_tracker.py:_activate_slot,3721_131_154_299_274
R,CLAMP,CLAMP,0
L,6,3721,PREDICTION,src/tracking/advanced_tracker.py:kalman_homography,
R,CLAMP,CLAMP,0
A,3721
S,2,3724,DETECTION,src/tracking/advanced_tracker.py:_activate_slot,3724_200_-15_347_89
S,8,3724,DETECTION,src/tracking/advanced_tracker.py:_activate_slot,3724_132_101_299_223
S,0,3724,PREDICTION,src/tracking/advanced_tracker.py:kalman_homography,
S,3,3724,PREDICTION,src/tracking/advanced_tracker.py:kalman_homography,
S,6,3724,PREDICTION,src/tracking/advanced_tracker.py:kalman_homography,
L,0,3724,PREDICTION,src/tracking/advanced_tracker.py:kalman_homography,
R,CLAMP,CLAMP,0
L,2,3724,DETECTION,src/tracking/advanced_tracker.py:_activate_slot,3724_200_-15_347_89
R,CLAMP,CLAMP,0
L,3,3724,PREDICTION,src/tracking/advanced_tracker.py:kalman_homography,
R,CLAMP,CLAMP,0
L,6,3724,PREDICTION,src/tracking/advanced_tracker.py:kalman_homography,
R,CLAMP,CLAMP,0
L,8,3724,DETECTION,src/tracking/advanced_tracker.py:_activate_slot,3724_132_101_299_223
R,DETECTION,DETECTION,1
A,3724
S,1,3727,DETECTION,src/tracking/advanced_tracker.py:_activate_slot,3727_130_31_298_152
S,2,3727,PREDICTION,src/tracking/advanced_tracker.py:kalman_homography,
S,3,3727,PREDICTION,src/tracking/advanced_tracker.py:kalman_homography,
S,6,3727,PREDICTION,src/tracking/advanced_tracker.py:kalman_homography,
S,8,3727,PREDICTION,src/tracking/advanced_tracker.py:kalman_homography,
S,0,3727,PREDICTION,src/tracking/advanced_tracker.py:flow_gapfill_batched,
D,0,3727
S,2,3727,PREDICTION,src/tracking/advanced_tracker.py:id_merge,
D,3,3727
S,1,3727,PREDICTION,src/tracking/advanced_tracker.py:id_merge,
L,1,3727,PREDICTION,src/tracking/advanced_tracker.py:id_merge,
R,PREDICTION,PREDICTION,1
L,2,3727,PREDICTION,src/tracking/advanced_tracker.py:id_merge,
R,CLAMP,CLAMP,0
L,6,3727,PREDICTION,src/tracking/advanced_tracker.py:kalman_homography,
R,CLAMP,CLAMP,0
L,8,3727,PREDICTION,src/tracking/advanced_tracker.py:kalman_homography,
R,PREDICTION,PREDICTION,1
A,3727
S,1,3730,DETECTION,src/tracking/advanced_tracker.py:_activate_slot,3730_110_-15_304_92
S,7,3730,DETECTION,src/tracking/advanced_tracker.py:_activate_slot,3730_137_214_335_339
S,3,3730,PREDICTION,src/tracking/advanced_tracker.py:kalman_homography,
S,8,3730,PREDICTION,src/tracking/advanced_tracker.py:kalman_homography,
S,2,3730,PREDICTION,src/tracking/advanced_tracker.py:flow_gapfill_batched,
S,6,3730,PREDICTION,src/tracking/advanced_tracker.py:flow_gapfill_batched,
D,2,3730
S,1,3730,PREDICTION,src/tracking/advanced_tracker.py:id_merge,
D,6,3730
S,8,3730,PREDICTION,src/tracking/advanced_tracker.py:id_merge,
L,1,3730,PREDICTION,src/tracking/advanced_tracker.py:id_merge,
R,PREDICTION,PREDICTION,1
L,3,3730,PREDICTION,src/tracking/advanced_tracker.py:kalman_homography,
R,CLAMP,CLAMP,0
L,7,3730,DETECTION,src/tracking/advanced_tracker.py:_activate_slot,3730_137_214_335_339
R,DETECTION,DETECTION,1
L,8,3730,PREDICTION,src/tracking/advanced_tracker.py:id_merge,
R,PREDICTION,SUBPIXEL,0
A,3730
S,4,3733,DETECTION,src/tracking/advanced_tracker.py:_activate_slot,3733_136_152_333_274
S,1,3733,PREDICTION,src/tracking/advanced_tracker.py:kalman_homography,
S,3,3733,PREDICTION,src/tracking/advanced_tracker.py:kalman_homography,
S,7,3733,PREDICTION,src/tracking/advanced_tracker.py:kalman_homography,
S,8,3733,PREDICTION,src/tracking/advanced_tracker.py:kalman_homography,
S,2,3733,PREDICTION,src/tracking/advanced_tracker.py:flow_gapfill_batched,
D,2,3733
S,1,3733,PREDICTION,src/tracking/advanced_tracker.py:id_merge,
D,3,3733
S,4,3733,PREDICTION,src/tracking/advanced_tracker.py:id_merge,
D,8,3733
S,7,3733,PREDICTION,src/tracking/advanced_tracker.py:id_merge,
L,1,3733,PREDICTION,src/tracking/advanced_tracker.py:id_merge,
R,PREDICTION,PREDICTION,1
L,4,3733,PREDICTION,src/tracking/advanced_tracker.py:id_merge,
R,CLAMP,CLAMP,0
L,7,3733,PREDICTION,src/tracking/advanced_tracker.py:id_merge,
R,PREDICTION,PREDICTION,1
A,3733
S,7,3736,DETECTION,src/tracking/advanced_tracker.py:_activate_slot,3736_189_492_538_615
S,8,3736,DETECTION,src/tracking/advanced_tracker.py:_activate_slot,3736_137_87_298_212
S,3,3736,PREDICTION,src/tracking/advanced_tracker.py:kalman_homography,
S,4,3736,PREDICTION,src/tracking/advanced_tracker.py:kalman_homography,
S,1,3736,PREDICTION,src/tracking/advanced_tracker.py:flow_gapfill_batched,
D,3,3736
S,1,3736,PREDICTION,src/tracking/advanced_tracker.py:id_merge,
L,1,3736,PREDICTION,src/tracking/advanced_tracker.py:id_merge,
R,PREDICTION,PREDICTION,1
L,4,3736,PREDICTION,src/tracking/advanced_tracker.py:kalman_homography,
R,CLAMP,CLAMP,0
L,7,3736,DETECTION,src/tracking/advanced_tracker.py:_activate_slot,3736_189_492_538_615
R,CLAMP,CLAMP,0
L,8,3736,DETECTION,src/tracking/advanced_tracker.py:_activate_slot,3736_137_87_298_212
R,DETECTION,DETECTION,1
A,3736
S,7,3739,DETECTION,src/tracking/advanced_tracker.py:_activate_slot,3739_185_429_538_552
S,6,3739,DETECTION,src/tracking/advanced_tracker.py:_activate_slot,3739_136_25_327_145
S,3,3739,PREDICTION,src/tracking/advanced_tracker.py:kalman_homography,
S,4,3739,PREDICTION,src/tracking/advanced_tracker.py:kalman_homography,
S,8,3739,PREDICTION,src/tracking/advanced_tracker.py:kalman_homography,
S,1,3739,PREDICTION,src/tracking/advanced_tracker.py:flow_gapfill_batched,
S,2,3739,PREDICTION,src/tracking/advanced_tracker.py:flow_gapfill_batched,
D,2,3739
S,1,3739,PREDICTION,src/tracking/advanced_tracker.py:id_merge,
D,3,3739
S,1,3739,PREDICTION,src/tracking/advanced_tracker.py:id_merge,
D,1,3739
S,4,3739,PREDICTION,src/tracking/advanced_tracker.py:id_merge,
D,8,3739
S,6,3739,PREDICTION,src/tracking/advanced_tracker.py:id_merge,
L,4,3739,PREDICTION,src/tracking/advanced_tracker.py:id_merge,
R,CLAMP,CLAMP,0
L,6,3739,PREDICTION,src/tracking/advanced_tracker.py:id_merge,
R,CLAMP,CLAMP,0
L,7,3739,DETECTION,src/tracking/advanced_tracker.py:_activate_slot,3739_185_429_538_552
R,DETECTION,DETECTION,1
A,3739
S,7,3742,DETECTION,src/tracking/advanced_tracker.py:_activate_slot,3742_195_360_537_495
S,6,3742,DETECTION,src/tracking/advanced_tracker.py:_activate_slot,3742_134_-15_331_85
S,3,3742,PREDICTION,src/tracking/advanced_tracker.py:kalman_homography,
S,4,3742,PREDICTION,src/tracking/advanced_tracker.py:kalman_homography,
S,8,3742,PREDICTION,src/tracking/advanced_tracker.py:kalman_homography,
S,1,3742,PREDICTION,src/tracking/advanced_tracker.py:flow_gapfill_batched,
S,2,3742,PREDICTION,src/tracking/advanced_tracker.py:flow_gapfill_batched,
D,2,3742
S,1,3742,PREDICTION,src/tracking/advanced_tracker.py:id_merge,
D,3,3742
S,1,3742,PREDICTION,src/tracking/advanced_tracker.py:id_merge,
D,1,3742
S,4,3742,PREDICTION,src/tracking/advanced_tracker.py:id_merge,
L,4,3742,PREDICTION,src/tracking/advanced_tracker.py:id_merge,
R,CLAMP,CLAMP,0
L,6,3742,DETECTION,src/tracking/advanced_tracker.py:_activate_slot,3742_134_-15_331_85
R,CLAMP,CLAMP,0
L,7,3742,DETECTION,src/tracking/advanced_tracker.py:_activate_slot,3742_195_360_537_495
R,DETECTION,DETECTION,1
L,8,3742,PREDICTION,src/tracking/advanced_tracker.py:kalman_homography,
R,PREDICTION,PREDICTION,1
A,3742
S,7,3745,DETECTION,src/tracking/advanced_tracker.py:_activate_slot,3745_190_326_538_450
S,4,3745,PREDICTION,src/tracking/advanced_tracker.py:kalman_homography,
S,6,3745,PREDICTION,src/tracking/advanced_tracker.py:kalman_homography,
S,8,3745,PREDICTION,src/tracking/advanced_tracker.py:kalman_homography,
S,1,3745,PREDICTION,src/tracking/advanced_tracker.py:flow_gapfill_batched,
S,2,3745,PREDICTION,src/tracking/advanced_tracker.py:flow_gapfill_batched,
S,3,3745,PREDICTION,src/tracking/advanced_tracker.py:flow_gapfill_batched,
D,2,3745
S,1,3745,PREDICTION,src/tracking/advanced_tracker.py:id_merge,
D,3,3745
S,1,3745,PREDICTION,src/tracking/advanced_tracker.py:id_merge,
D,1,3745
S,4,3745,PREDICTION,src/tracking/advanced_tracker.py:id_merge,
D,8,3745
S,7,3745,PREDICTION,src/tracking/advanced_tracker.py:id_merge,
L,4,3745,PREDICTION,src/tracking/advanced_tracker.py:id_merge,
R,CLAMP,CLAMP,0
L,6,3745,PREDICTION,src/tracking/advanced_tracker.py:kalman_homography,
R,CLAMP,CLAMP,0
L,7,3745,PREDICTION,src/tracking/advanced_tracker.py:id_merge,
R,PREDICTION,PREDICTION,1
A,3745
S,7,3748,DETECTION,src/tracking/advanced_tracker.py:_activate_slot,3748_190_290_540_418
S,4,3748,PREDICTION,src/tracking/advanced_tracker.py:kalman_homography,
S,8,3748,PREDICTION,src/tracking/advanced_tracker.py:kalman_homography,
S,1,3748,PREDICTION,src/tracking/advanced_tracker.py:flow_gapfill_batched,
S,2,3748,PREDICTION,src/tracking/advanced_tracker.py:flow_gapfill_batched,
D,2,3748
S,1,3748,PREDICTION,src/tracking/advanced_tracker.py:id_merge,
D,1,3748
S,4,3748,PREDICTION,src/tracking/advanced_tracker.py:id_merge,
D,8,3748
S,7,3748,PREDICTION,src/tracking/advanced_tracker.py:id_merge,
L,4,3748,PREDICTION,src/tracking/advanced_tracker.py:id_merge,
R,CLAMP,CLAMP,0
L,7,3748,PREDICTION,src/tracking/advanced_tracker.py:id_merge,
R,PREDICTION,PREDICTION,1
A,3748
S,4,3751,DETECTION,src/tracking/advanced_tracker.py:_activate_slot,3751_209_145_328_272
S,7,3751,DETECTION,src/tracking/advanced_tracker.py:_activate_slot,3751_187_258_540_392
S,8,3751,PREDICTION,src/tracking/advanced_tracker.py:kalman_homography,
S,1,3751,PREDICTION,src/tracking/advanced_tracker.py:flow_gapfill_batched,
D,1,3751
S,4,3751,PREDICTION,src/tracking/advanced_tracker.py:id_merge,
D,8,3751
S,7,3751,PREDICTION,src/tracking/advanced_tracker.py:id_merge,
L,4,3751,PREDICTION,src/tracking/advanced_tracker.py:id_merge,
R,CLAMP,CLAMP,0
L,7,3751,PREDICTION,src/tracking/advanced_tracker.py:id_merge,
R,PREDICTION,PREDICTION,1
A,3751
S,7,3754,DETECTION,src/tracking/advanced_tracker.py:_activate_slot,3754_183_238_540_368
S,4,3754,PREDICTION,src/tracking/advanced_tracker.py:kalman_homography,
S,8,3754,PREDICTION,src/tracking/advanced_tracker.py:kalman_homography,
S,1,3754,PREDICTION,src/tracking/advanced_tracker.py:flow_gapfill_batched,
S,6,3754,PREDICTION,src/tracking/advanced_tracker.py:flow_gapfill_batched,
D,1,3754
S,4,3754,PREDICTION,src/tracking/advanced_tracker.py:id_merge,
D,6,3754
S,7,3754,PREDICTION,src/tracking/advanced_tracker.py:id_merge,
D,8,3754
S,7,3754,PREDICTION,src/tracking/advanced_tracker.py:id_merge,
L,4,3754,PREDICTION,src/tracking/advanced_tracker.py:id_merge,
R,CLAMP,CLAMP,0
L,7,3754,PREDICTION,src/tracking/advanced_tracker.py:id_merge,
R,PREDICTION,PREDICTION,1
A,3754
S,7,3757,DETECTION,src/tracking/advanced_tracker.py:_activate_slot,3757_182_213_541_347
S,4,3757,PREDICTION,src/tracking/advanced_tracker.py:kalman_homography,
S,8,3757,PREDICTION,src/tracking/advanced_tracker.py:kalman_homography,
S,6,3757,PREDICTION,src/tracking/advanced_tracker.py:flow_gapfill_batched,
D,6,3757
S,7,3757,PREDICTION,src/tracking/advanced_tracker.py:id_merge,
D,8,3757
S,7,3757,PREDICTION,src/tracking/advanced_tracker.py:id_merge,
L,4,3757,PREDICTION,src/tracking/advanced_tracker.py:kalman_homography,
R,CLAMP,CLAMP,0
L,7,3757,PREDICTION,src/tracking/advanced_tracker.py:id_merge,
R,PREDICTION,PREDICTION,1
A,3757
