S,0,6963,DETECTION,src/tracking/advanced_tracker.py:_activate_slot,6963_301_504_525_625
S,1,6963,DETECTION,src/tracking/advanced_tracker.py:_activate_slot,6963_298_572_492_687
S,2,6963,DETECTION,src/tracking/advanced_tracker.py:_activate_slot,6963_243_838_402_916
L,0,6963,DETECTION,src/tracking/advanced_tracker.py:_activate_slot,6963_301_504_525_625
R,DETECTION,DETECTION,1
L,1,6963,DETECTION,src/tracking/advanced_tracker.py:_activate_slot,6963_298_572_492_687
R,DETECTION,DETECTION,1
L,2,6963,DETECTION,src/tracking/advanced_tracker.py:_activate_slot,6963_243_838_402_916
R,DETECTION,DETECTION,1
A,6963
S,3,6969,DETECTION,src/tracking/advanced_tracker.py:_activate_slot,6969_233_843_404_937
S,4,6969,DETECTION,src/tracking/advanced_tracker.py:_activate_slot,6969_296_582_491_693
S,0,6969,PREDICTION,src/tracking/advanced_tracker.py:kalman_homography,
S,1,6969,PREDICTION,src/tracking/advanced_tracker.py:kalman_homography,
S,2,6969,PREDICTION,src/tracking/advanced_tracker.py:kalman_homography,
D,1,6969
S,4,6969,PREDICTION,src/tracking/advanced_tracker.py:id_merge,
D,2,6969
S,3,6969,PREDICTION,src/tracking/advanced_tracker.py:id_merge,
L,0,6969,PREDICTION,src/tracking/advanced_tracker.py:kalman_homography,
R,PREDICTION,PREDICTION,1
L,3,6969,PREDICTION,src/tracking/advanced_tracker.py:id_merge,
R,PREDICTION,PREDICTION,1
L,4,6969,PREDICTION,src/tracking/advanced_tracker.py:id_merge,
R,PREDICTION,PREDICTION,1
A,6969
S,5,6975,DETECTION,src/tracking/advanced_tracker.py:_activate_slot,6975_234_878_402_962
S,0,6975,PREDICTION,src/tracking/advanced_tracker.py:kalman_homography,
S,1,6975,PREDICTION,src/tracking/advanced_tracker.py:kalman_homography,
S,2,6975,PREDICTION,src/tracking/advanced_tracker.py:kalman_homography,
S,3,6975,PREDICTION,src/tracking/advanced_tracker.py:kalman_homography,
S,4,6975,PREDICTION,src/tracking/advanced_tracker.py:kalman_homography,
D,1,6975
S,4,6975,PREDICTION,src/tracking/advanced_tracker.py:id_merge,
D,2,6975
S,3,6975,PREDICTION,src/tracking/advanced_tracker.py:id_merge,
L,0,6975,PREDICTION,src/tracking/advanced_tracker.py:kalman_homography,
R,PREDICTION,SUBPIXEL,0
L,3,6975,PREDICTION,src/tracking/advanced_tracker.py:id_merge,
R,PREDICTION,PREDICTION,1
L,4,6975,PREDICTION,src/tracking/advanced_tracker.py:id_merge,
R,PREDICTION,PREDICTION,1
L,5,6975,DETECTION,src/tracking/advanced_tracker.py:_activate_slot,6975_234_878_402_962
R,DETECTION,DETECTION,1
A,6975
S,6,6981,DETECTION,src/tracking/advanced_tracker.py:_activate_slot,6981_230_899_403_986
S,0,6981,PREDICTION,src/tracking/advanced_tracker.py:kalman_homography,
S,1,6981,PREDICTION,src/tracking/advanced_tracker.py:kalman_homography,
S,2,6981,PREDICTION,src/tracking/advanced_tracker.py:kalman_homography,
S,3,6981,PREDICTION,src/tracking/advanced_tracker.py:kalman_homography,
S,4,6981,PREDICTION,src/tracking/advanced_tracker.py:kalman_homography,
S,5,6981,PREDICTION,src/tracking/advanced_tracker.py:kalman_homography,
D,1,6981
S,4,6981,PREDICTION,src/tracking/advanced_tracker.py:id_merge,
D,2,6981
S,3,6981,PREDICTION,src/tracking/advanced_tracker.py:id_merge,
D,5,6981
S,6,6981,PREDICTION,src/tracking/advanced_tracker.py:id_merge,
L,0,6981,PREDICTION,src/tracking/advanced_tracker.py:kalman_homography,
R,PREDICTION,SUBPIXEL,0
L,3,6981,PREDICTION,src/tracking/advanced_tracker.py:id_merge,
R,PREDICTION,SUBPIXEL,0
L,4,6981,PREDICTION,src/tracking/advanced_tracker.py:id_merge,
R,PREDICTION,SUBPIXEL,0
L,6,6981,PREDICTION,src/tracking/advanced_tracker.py:id_merge,
R,PREDICTION,PREDICTION,1
A,6981
S,7,6987,DETECTION,src/tracking/advanced_tracker.py:_activate_slot,6987_246_916_397_1002
S,0,6987,PREDICTION,src/tracking/advanced_tracker.py:kalman_homography,
S,1,6987,PREDICTION,src/tracking/advanced_tracker.py:kalman_homography,
S,2,6987,PREDICTION,src/tracking/advanced_tracker.py:kalman_homography,
S,3,6987,PREDICTION,src/tracking/advanced_tracker.py:kalman_homography,
S,4,6987,PREDICTION,src/tracking/advanced_tracker.py:kalman_homography,
S,5,6987,PREDICTION,src/tracking/advanced_tracker.py:kalman_homography,
S,6,6987,PREDICTION,src/tracking/advanced_tracker.py:kalman_homography,
D,1,6987
S,4,6987,PREDICTION,src/tracking/advanced_tracker.py:id_merge,
D,2,6987
S,3,6987,PREDICTION,src/tracking/advanced_tracker.py:id_merge,
D,5,6987
S,6,6987,PREDICTION,src/tracking/advanced_tracker.py:id_merge,
D,6,6987
S,7,6987,PREDICTION,src/tracking/advanced_tracker.py:id_merge,
L,0,6987,PREDICTION,src/tracking/advanced_tracker.py:kalman_homography,
R,PREDICTION,SUBPIXEL,0
L,3,6987,PREDICTION,src/tracking/advanced_tracker.py:id_merge,
R,PREDICTION,SUBPIXEL,0
L,4,6987,PREDICTION,src/tracking/advanced_tracker.py:id_merge,
R,PREDICTION,SUBPIXEL,0
L,7,6987,PREDICTION,src/tracking/advanced_tracker.py:id_merge,
R,PREDICTION,PREDICTION,1
A,6987
S,7,6993,DETECTION,src/tracking/advanced_tracker.py:_activate_slot,6993_263_935_401_1022
S,0,6993,PREDICTION,src/tracking/advanced_tracker.py:kalman_homography,
S,1,6993,PREDICTION,src/tracking/advanced_tracker.py:kalman_homography,
S,2,6993,PREDICTION,src/tracking/advanced_tracker.py:kalman_homography,
S,3,6993,PREDICTION,src/tracking/advanced_tracker.py:kalman_homography,
S,4,6993,PREDICTION,src/tracking/advanced_tracker.py:kalman_homography,
S,5,6993,PREDICTION,src/tracking/advanced_tracker.py:kalman_homography,
S,6,6993,PREDICTION,src/tracking/advanced_tracker.py:kalman_homography,
D,1,6993
S,4,6993,PREDICTION,src/tracking/advanced_tracker.py:id_merge,
D,2,6993
S,3,6993,PREDICTION,src/tracking/advanced_tracker.py:id_merge,
D,5,6993
S,6,6993,PREDICTION,src/tracking/advanced_tracker.py:id_merge,
D,6,6993
S,7,6993,PREDICTION,src/tracking/advanced_tracker.py:id_merge,
L,0,6993,PREDICTION,src/tracking/advanced_tracker.py:kalman_homography,
R,PREDICTION,SUBPIXEL,0
L,3,6993,PREDICTION,src/tracking/advanced_tracker.py:id_merge,
R,PREDICTION,SUBPIXEL,0
L,4,6993,PREDICTION,src/tracking/advanced_tracker.py:id_merge,
R,PREDICTION,SUBPIXEL,0
L,7,6993,PREDICTION,src/tracking/advanced_tracker.py:id_merge,
R,PREDICTION,PREDICTION,1
A,6993
S,0,6999,PREDICTION,src/tracking/advanced_tracker.py:kalman_homography,
S,1,6999,PREDICTION,src/tracking/advanced_tracker.py:kalman_homography,
S,2,6999,PREDICTION,src/tracking/advanced_tracker.py:kalman_homography,
S,3,6999,PREDICTION,src/tracking/advanced_tracker.py:kalman_homography,
S,4,6999,PREDICTION,src/tracking/advanced_tracker.py:kalman_homography,
S,5,6999,PREDICTION,src/tracking/advanced_tracker.py:kalman_homography,
S,6,6999,PREDICTION,src/tracking/advanced_tracker.py:kalman_homography,
S,7,6999,PREDICTION,src/tracking/advanced_tracker.py:flow_gapfill_batched,
D,1,6999
S,4,6999,PREDICTION,src/tracking/advanced_tracker.py:id_merge,
D,2,6999
S,3,6999,PREDICTION,src/tracking/advanced_tracker.py:id_merge,
D,5,6999
S,6,6999,PREDICTION,src/tracking/advanced_tracker.py:id_merge,
L,0,6999,PREDICTION,src/tracking/advanced_tracker.py:kalman_homography,
R,PREDICTION,SUBPIXEL,0
L,3,6999,PREDICTION,src/tracking/advanced_tracker.py:id_merge,
R,PREDICTION,SUBPIXEL,0
L,4,6999,PREDICTION,src/tracking/advanced_tracker.py:id_merge,
R,PREDICTION,SUBPIXEL,0
L,6,6999,PREDICTION,src/tracking/advanced_tracker.py:id_merge,
R,PREDICTION,PREDICTION,1
L,7,6999,PREDICTION,src/tracking/advanced_tracker.py:flow_gapfill_batched,
R,PREDICTION,PREDICTION,1
A,6999
S,0,7005,PREDICTION,src/tracking/advanced_tracker.py:kalman_homography,
S,1,7005,PREDICTION,src/tracking/advanced_tracker.py:kalman_homography,
S,2,7005,PREDICTION,src/tracking/advanced_tracker.py:kalman_homography,
S,3,7005,PREDICTION,src/tracking/advanced_tracker.py:kalman_homography,
S,4,7005,PREDICTION,src/tracking/advanced_tracker.py:kalman_homography,
S,5,7005,PREDICTION,src/tracking/advanced_tracker.py:kalman_homography,
S,6,7005,PREDICTION,src/tracking/advanced_tracker.py:kalman_homography,
S,7,7005,PREDICTION,src/tracking/advanced_tracker.py:flow_gapfill_batched,
D,1,7005
S,4,7005,PREDICTION,src/tracking/advanced_tracker.py:id_merge,
D,2,7005
S,3,7005,PREDICTION,src/tracking/advanced_tracker.py:id_merge,
D,5,7005
S,6,7005,PREDICTION,src/tracking/advanced_tracker.py:id_merge,
L,0,7005,PREDICTION,src/tracking/advanced_tracker.py:kalman_homography,
R,PREDICTION,SUBPIXEL,0
L,3,7005,PREDICTION,src/tracking/advanced_tracker.py:id_merge,
R,PREDICTION,SUBPIXEL,0
L,4,7005,PREDICTION,src/tracking/advanced_tracker.py:id_merge,
R,PREDICTION,SUBPIXEL,0
L,6,7005,PREDICTION,src/tracking/advanced_tracker.py:id_merge,
R,PREDICTION,SUBPIXEL,0
L,7,7005,PREDICTION,src/tracking/advanced_tracker.py:flow_gapfill_batched,
R,PREDICTION,PREDICTION,1
A,7005
S,3,7011,PREDICTION,src/tracking/advanced_tracker.py:kalman_homography,
S,4,7011,PREDICTION,src/tracking/advanced_tracker.py:kalman_homography,
S,5,7011,PREDICTION,src/tracking/advanced_tracker.py:kalman_homography,
S,6,7011,PREDICTION,src/tracking/advanced_tracker.py:kalman_homography,
S,0,7011,PREDICTION,src/tracking/advanced_tracker.py:flow_gapfill_batched,
S,1,7011,PREDICTION,src/tracking/advanced_tracker.py:flow_gapfill_batched,
S,2,7011,PREDICTION,src/tracking/advanced_tracker.py:flow_gapfill_batched,
D,1,7011
S,4,7011,PREDICTION,src/tracking/advanced_tracker.py:id_merge,
D,5,7011
S,6,7011,PREDICTION,src/tracking/advanced_tracker.py:id_merge,
L,0,7011,PREDICTION,src/tracking/advanced_tracker.py:flow_gapfill_batched,
R,PREDICTION,PREDICTION,1
L,2,7011,PREDICTION,src/tracking/advanced_tracker.py:flow_gapfill_batched,
R,PREDICTION,PREDICTION,1
L,3,7011,PREDICTION,src/tracking/advanced_tracker.py:kalman_homography,
R,PREDICTION,SUBPIXEL,0
L,4,7011,PREDICTION,src/tracking/advanced_tracker.py:id_merge,
R,PREDICTION,SUBPIXEL,0
L,6,7011,PREDICTION,src/tracking/advanced_tracker.py:id_merge,
R,PREDICTION,SUBPIXEL,0
A,7011
S,5,7017,PREDICTION,src/tracking/advanced_tracker.py:kalman_homography,
S,6,7017,PREDICTION,src/tracking/advanced_tracker.py:kalman_homography,
S,3,7017,PREDICTION,src/tracking/advanced_tracker.py:flow_gapfill_batched,
S,4,7017,PREDICTION,src/tracking/advanced_tracker.py:flow_gapfill_batched,
S,7,7017,PREDICTION,src/tracking/advanced_tracker.py:flow_gapfill_batched,
D,5,7017
S,6,7017,PREDICTION,src/tracking/advanced_tracker.py:id_merge,
L,3,7017,PREDICTION,src/tracking/advanced_tracker.py:flow_gapfill_batched,
R,PREDICTION,PREDICTION,1
L,4,7017,PREDICTION,src/tracking/advanced_tracker.py:flow_gapfill_batched,
R,PREDICTION,PREDICTION,1
L,6,7017,PREDICTION,src/tracking/advanced_tracker.py:id_merge,
R,PREDICTION,SUBPIXEL,0
L,7,7017,PREDICTION,src/tracking/advanced_tracker.py:flow_gapfill_batched,
R,PREDICTION,PREDICTION,1
A,7017
S,6,7023,PREDICTION,src/tracking/advanced_tracker.py:kalman_homography,
S,5,7023,PREDICTION,src/tracking/advanced_tracker.py:flow_gapfill_batched,
L,5,7023,PREDICTION,src/tracking/advanced_tracker.py:flow_gapfill_batched,
R,PREDICTION,PREDICTION,1
L,6,7023,PREDICTION,src/tracking/advanced_tracker.py:kalman_homography,
R,PREDICTION,SUBPIXEL,0
A,7023
S,6,7029,PREDICTION,src/tracking/advanced_tracker.py:flow_gapfill_batched,
L,6,7029,PREDICTION,src/tracking/advanced_tracker.py:flow_gapfill_batched,
R,PREDICTION,PREDICTION,1
A,7029
S,7,7035,PREDICTION,src/tracking/advanced_tracker.py:flow_gapfill_batched,
L,7,7035,PREDICTION,src/tracking/advanced_tracker.py:flow_gapfill_batched,
R,PREDICTION,PREDICTION,1
A,7035
A,7041
S,0,7047,DETECTION,src/tracking/advanced_tracker.py:_activate_slot,7047_283_517_492_644
L,0,7047,DETECTION,src/tracking/advanced_tracker.py:_activate_slot,7047_283_517_492_644
R,DETECTION,DETECTION,1
A,7047
S,1,7053,DETECTION,src/tracking/advanced_tracker.py:_activate_slot,7053_266_604_456_733
S,2,7053,DETECTION,src/tracking/advanced_tracker.py:_activate_slot,7053_241_799_408_884
S,0,7053,PREDICTION,src/tracking/advanced_tracker.py:kalman_homography,
L,0,7053,PREDICTION,src/tracking/advanced_tracker.py:kalman_homography,
R,PREDICTION,PREDICTION,1
L,1,7053,DETECTION,src/tracking/advanced_tracker.py:_activate_slot,7053_266_604_456_733
R,DETECTION,DETECTION,1
L,2,7053,DETECTION,src/tracking/advanced_tracker.py:_activate_slot,7053_241_799_408_884
R,DETECTION,DETECTION,1
A,7053
S,2,7059,DETECTION,src/tracking/advanced_tracker.py:_activate_slot,7059_240_801_411_886
S,0,7059,PREDICTION,src/tracking/advanced_tracker.py:kalman_homography,
S,1,7059,PREDICTION,src/tracking/advanced_tracker.py:kalman_homography,
L,0,7059,PREDICTION,src/tracking/advanced_tracker.py:kalman_homography,
R,PREDICTION,PREDICTION,1
L,1,7059,PREDICTION,src/tracking/advanced_tracker.py:kalman_homography,
R,PREDICTION,PREDICTION,1
L,2,7059,DETECTION,src/tracking/advanced_tracker.py:_activate_slot,7059_240_801_411_886
R,DETECTION,DETECTION,1
A,7059
S,2,7065,DETECTION,src/tracking/advanced_tracker.py:_activate_slot,7065_241_802_414_888
S,0,7065,PREDICTION,src/tracking/advanced_tracker.py:kalman_homography,
S,1,7065,PREDICTION,src/tracking/advanced_tracker.py:kalman_homography,
L,0,7065,PREDICTION,src/tracking/advanced_tracker.py:kalman_homography,
R,PREDICTION,PREDICTION,1
L,1,7065,PREDICTION,src/tracking/advanced_tracker.py:kalman_homography,
R,PREDICTION,SUBPIXEL,0
L,2,7065,DETECTION,src/tracking/advanced_tracker.py:_activate_slot,7065_241_802_414_888
R,DETECTION,DETECTION,1
A,7065
S,2,7071,DETECTION,src/tracking/advanced_tracker.py:_activate_slot,7071_243_802_413_890
S,3,7071,DETECTION,src/tracking/advanced_tracker.py:_activate_slot,7071_290_468_503_594
S,0,7071,PREDICTION,src/tracking/advanced_tracker.py:kalman_homography,
S,1,7071,PREDICTION,src/tracking/advanced_tracker.py:kalman_homography,
D,0,7071
S,3,7071,PREDICTION,src/tracking/advanced_tracker.py:id_merge,
L,1,7071,PREDICTION,src/tracking/advanced_tracker.py:kalman_homography,
R,PREDICTION,SUBPIXEL,0
L,2,7071,DETECTION,src/tracking/advanced_tracker.py:_activate_slot,7071_243_802_413_890
R,DETECTION,DETECTION,1
L,3,7071,PREDICTION,src/tracking/advanced_tracker.py:id_merge,
R,CLAMP,CLAMP,0
A,7071
S,2,7077,DETECTION,src/tracking/advanced_tracker.py:_activate_slot,7077_246_804_417_892
S,0,7077,PREDICTION,src/tracking/advanced_tracker.py:kalman_homography,
S,1,7077,PREDICTION,src/tracking/advanced_tracker.py:kalman_homography,
S,3,7077,PREDICTION,src/tracking/advanced_tracker.py:kalman_homography,
L,0,7077,PREDICTION,src/tracking/advanced_tracker.py:kalman_homography,
R,PREDICTION,PREDICTION,1
L,1,7077,PREDICTION,src/tracking/advanced_tracker.py:kalman_homography,
R,PREDICTION,SUBPIXEL,0
L,2,7077,DETECTION,src/tracking/advanced_tracker.py:_activate_slot,7077_246_804_417_892
R,DETECTION,DETECTION,1
L,3,7077,PREDICTION,src/tracking/advanced_tracker.py:kalman_homography,
R,CLAMP,CLAMP,0
A,7077
S,2,7083,DETECTION,src/tracking/advanced_tracker.py:_activate_slot,7083_248_804_424_894
S,0,7083,PREDICTION,src/tracking/advanced_tracker.py:kalman_homography,
S,1,7083,PREDICTION,src/tracking/advanced_tracker.py:kalman_homography,
S,3,7083,PREDICTION,src/tracking/advanced_tracker.py:kalman_homography,
L,0,7083,PREDICTION,src/tracking/advanced_tracker.py:kalman_homography,
R,PREDICTION,PREDICTION,1
L,1,7083,PREDICTION,src/tracking/advanced_tracker.py:kalman_homography,
R,PREDICTION,SUBPIXEL,0
L,2,7083,DETECTION,src/tracking/advanced_tracker.py:_activate_slot,7083_248_804_424_894
R,DETECTION,DETECTION,1
L,3,7083,PREDICTION,src/tracking/advanced_tracker.py:kalman_homography,
R,CLAMP,CLAMP,0
A,7083
S,2,7089,DETECTION,src/tracking/advanced_tracker.py:_activate_slot,7089_249_807_430_904
S,0,7089,PREDICTION,src/tracking/advanced_tracker.py:kalman_homography,
S,1,7089,PREDICTION,src/tracking/advanced_tracker.py:kalman_homography,
S,3,7089,PREDICTION,src/tracking/advanced_tracker.py:kalman_homography,
L,0,7089,PREDICTION,src/tracking/advanced_tracker.py:kalman_homography,
R,PREDICTION,PREDICTION,1
L,1,7089,PREDICTION,src/tracking/advanced_tracker.py:kalman_homography,
R,PREDICTION,SUBPIXEL,0
L,2,7089,DETECTION,src/tracking/advanced_tracker.py:_activate_slot,7089_249_807_430_904
R,DETECTION,DETECTION,1
L,3,7089,PREDICTION,src/tracking/advanced_tracker.py:kalman_homography,
R,CLAMP,CLAMP,0
A,7089
S,2,7095,DETECTION,src/tracking/advanced_tracker.py:_activate_slot,7095_253_810_430_902
S,4,7095,DETECTION,src/tracking/advanced_tracker.py:_activate_slot,7095_291_439_524_531
S,1,7095,PREDICTION,src/tracking/advanced_tracker.py:kalman_homography,
S,3,7095,PREDICTION,src/tracking/advanced_tracker.py:kalman_homography,
S,0,7095,PREDICTION,src/tracking/advanced_tracker.py:flow_gapfill_batched,
D,3,7095
S,4,7095,PREDICTION,src/tracking/advanced_tracker.py:id_merge,
L,0,7095,PREDICTION,src/tracking/advanced_tracker.py:flow_gapfill_batched,
R,PREDICTION,PREDICTION,1
L,1,7095,PREDICTION,src/tracking/advanced_tracker.py:kalman_homography,
R,PREDICTION,SUBPIXEL,0
L,2,7095,DETECTION,src/tracking/advanced_tracker.py:_activate_slot,7095_253_810_430_902
R,DETECTION,DETECTION,1
L,4,7095,PREDICTION,src/tracking/advanced_tracker.py:id_merge,
R,CLAMP,CLAMP,0
A,7095
S,2,7101,DETECTION,src/tracking/advanced_tracker.py:_activate_slot,7101_252_808_431_900
S,3,7101,PREDICTION,src/tracking/advanced_tracker.py:kalman_homography,
S,4,7101,PREDICTION,src/tracking/advanced_tracker.py:kalman_homography,
S,1,7101,PREDICTION,src/tracking/advanced_tracker.py:flow_gapfill_batched,
L,1,7101,PREDICTION,src/tracking/advanced_tracker.py:flow_gapfill_batched,
R,PREDICTION,PREDICTION,1
L,2,7101,DETECTION,src/tracking/advanced_tracker.py:_activate_slot,7101_252_808_431_900
R,DETECTION,DETECTION,1
L,3,7101,PREDICTION,src/tracking/advanced_tracker.py:kalman_homography,
R,CLAMP,CLAMP,0
L,4,7101,PREDICTION,src/tracking/advanced_tracker.py:kalman_homography,
R,CLAMP,CLAMP,0
A,7101
S,2,7107,DETECTION,src/tracking/advanced_tracker.py:_activate_slot,7107_251_809_432_899
S,3,7107,PREDICTION,src/tracking/advanced_tracker.py:kalman_homography,
S,4,7107,PREDICTION,src/tracking/advanced_tracker.py:kalman_homography,
L,2,7107,DETECTION,src/tracking/advanced_tracker.py:_activate_slot,7107_251_809_432_899
R,DETECTION,DETECTION,1
L,3,7107,PREDICTION,src/tracking/advanced_tracker.py:kalman_homography,
R,CLAMP,CLAMP,0
L,4,7107,PREDICTION,src/tracking/advanced_tracker.py:kalman_homography,
R,CLAMP,CLAMP,0
A,7107
S,2,7113,DETECTION,src/tracking/advanced_tracker.py:_activate_slot,7113_251_807_432_899
S,3,7113,PREDICTION,src/tracking/advanced_tracker.py:kalman_homography,
S,4,7113,PREDICTION,src/tracking/advanced_tracker.py:kalman_homography,
L,2,7113,DETECTION,src/tracking/advanced_tracker.py:_activate_slot,7113_251_807_432_899
R,DETECTION,DETECTION,1
L,3,7113,PREDICTION,src/tracking/advanced_tracker.py:kalman_homography,
R,CLAMP,CLAMP,0
L,4,7113,PREDICTION,src/tracking/advanced_tracker.py:kalman_homography,
R,CLAMP,CLAMP,0
A,7113
S,2,7119,DETECTION,src/tracking/advanced_tracker.py:_activate_slot,7119_250_806_432_896
S,4,7119,PREDICTION,src/tracking/advanced_tracker.py:kalman_homography,
L,2,7119,DETECTION,src/tracking/advanced_tracker.py:_activate_slot,7119_250_806_432_896
R,DETECTION,DETECTION,1
L,4,7119,PREDICTION,src/tracking/advanced_tracker.py:kalman_homography,
R,CLAMP,CLAMP,0
A,7119
S,2,7125,DETECTION,src/tracking/advanced_tracker.py:_activate_slot,7125_250_805_431_895
S,4,7125,PREDICTION,src/tracking/advanced_tracker.py:kalman_homography,
L,2,7125,DETECTION,src/tracking/advanced_tracker.py:_activate_slot,7125_250_805_431_895
R,DETECTION,DETECTION,1
L,4,7125,PREDICTION,src/tracking/advanced_tracker.py:kalman_homography,
R,CLAMP,CLAMP,0
A,7125
S,2,7131,DETECTION,src/tracking/advanced_tracker.py:_activate_slot,7131_254_805_434_893
S,4,7131,PREDICTION,src/tracking/advanced_tracker.py:kalman_homography,
L,2,7131,DETECTION,src/tracking/advanced_tracker.py:_activate_slot,7131_254_805_434_893
R,DETECTION,DETECTION,1
L,4,7131,PREDICTION,src/tracking/advanced_tracker.py:kalman_homography,
R,CLAMP,CLAMP,0
A,7131
S,2,7137,DETECTION,src/tracking/advanced_tracker.py:_activate_slot,7137_259_793_440_891
S,4,7137,PREDICTION,src/tracking/advanced_tracker.py:kalman_homography,
L,2,7137,DETECTION,src/tracking/advanced_tracker.py:_activate_slot,7137_259_793_440_891
R,DETECTION,DETECTION,1
L,4,7137,PREDICTION,src/tracking/advanced_tracker.py:kalman_homography,
R,CLAMP,CLAMP,0
A,7137
S,0,7143,DETECTION,src/tracking/advanced_tracker.py:_activate_slot,7143_180_366_360_500
S,1,7143,CLAMP,src/tracking/advanced_tracker.py:_activate_slot,7143_325_940_558_1050
S,2,7143,CLAMP,src/tracking/advanced_tracker.py:_activate_slot,7143_256_802_433_886
S,5,7143,DETECTION,src/tracking/advanced_tracker.py:_activate_slot,7143_84_321_245_406
S,6,7143,DETECTION,src/tracking/advanced_tracker.py:_activate_slot,7143_213_1114_432_1258
S,4,7143,PREDICTION,src/tracking/advanced_tracker.py:flow_gapfill_batched,
L,0,7143,DETECTION,src/tracking/advanced_tracker.py:_activate_slot,7143_180_366_360_500
R,CLAMP,CLAMP,0
L,1,7143,CLAMP,src/tracking/advanced_tracker.py:_activate_slot,7143_325_940_558_1050
R,CLAMP,CLAMP,0
L,2,7143,CLAMP,src/tracking/advanced_tracker.py:_activate_slot,7143_256_802_433_886
R,CLAMP,CLAMP,0
L,4,7143,PREDICTION,src/tracking/advanced_tracker.py:flow_gapfill_batched,
R,CLAMP,CLAMP,0
L,5,7143,DETECTION,src/tracking/advanced_tracker.py:_activate_slot,7143_84_321_245_406
R,CLAMP,CLAMP,0
L,6,7143,DETECTION,src/tracking/advanced_tracker.py:_activate_slot,7143_213_1114_432_1258
R,CLAMP,CLAMP,0
A,7143
S,1,7149,CLAMP,src/tracking/advanced_tracker.py:_activate_slot,7149_89_631_274_709
S,2,7149,CLAMP,src/tracking/advanced_tracker.py:_activate_slot,7149_248_796_426_876
S,5,7149,DETECTION,src/tracking/advanced_tracker.py:_activate_slot,7149_87_319_238_397
S,6,7149,DETECTION,src/tracking/advanced_tracker.py:_activate_slot,7149_231_1097_439_1257
S,0,7149,PREDICTION,src/tracking/advanced_tracker.py:kalman_homography,
L,0,7149,PREDICTION,src/tracking/advanced_tracker.py:kalman_homography,
R,CLAMP,CLAMP,0
L,1,7149,CLAMP,src/tracking/advanced_tracker.py:_activate_slot,7149_89_631_274_709
R,CLAMP,CLAMP,0
L,2,7149,CLAMP,src/tracking/advanced_tracker.py:_activate_slot,7149_248_796_426_876
R,CLAMP,CLAMP,0
L,5,7149,DETECTION,src/tracking/advanced_tracker.py:_activate_slot,7149_87_319_238_397
R,CLAMP,CLAMP,0
L,6,7149,DETECTION,src/tracking/advanced_tracker.py:_activate_slot,7149_231_1097_439_1257
R,CLAMP,CLAMP,0
A,7149
S,1,7155,CLAMP,src/tracking/advanced_tracker.py:_activate_slot,7155_343_912_564_1029
S,2,7155,CLAMP,src/tracking/advanced_tracker.py:_activate_slot,7155_244_779_424_866
S,5,7155,DETECTION,src/tracking/advanced_tracker.py:_activate_slot,7155_84_309_242_399
S,7,7155,DETECTION,src/tracking/advanced_tracker.py:_activate_slot,7155_215_1087_443_1249
S,8,7155,DETECTION,src/tracking/advanced_tracker.py:_activate_slot,7155_585_1008_674_1104
S,0,7155,PREDICTION,src/tracking/advanced_tracker.py:kalman_homography,
S,6,7155,PREDICTION,src/tracking/advanced_tracker.py:kalman_homography,
D,6,7155
S,7,7155,PREDICTION,src/tracking/advanced_tracker.py:id_merge,
L,0,7155,PREDICTION,src/tracking/advanced_tracker.py:kalman_homography,
R,CLAMP,CLAMP,0
L,1,7155,CLAMP,src/tracking/advanced_tracker.py:_activate_slot,7155_343_912_564_1029
R,CLAMP,CLAMP,0
L,2,7155,CLAMP,src/tracking/advanced_tracker.py:_activate_slot,7155_244_779_424_866
R,CLAMP,CLAMP,0
L,5,7155,DETECTION,src/tracking/advanced_tracker.py:_activate_slot,7155_84_309_242_399
R,CLAMP,CLAMP,0
L,7,7155,PREDICTION,src/tracking/advanced_tracker.py:id_merge,
R,CLAMP,CLAMP,0
L,8,7155,DETECTION,src/tracking/advanced_tracker.py:_activate_slot,7155_585_1008_674_1104
R,DETECTION,DETECTION,1
A,7155
S,1,7161,CLAMP,src/tracking/advanced_tracker.py:_activate_slot,7161_346_899_562_991
S,2,7161,CLAMP,src/tracking/advanced_tracker.py:_activate_slot,7161_145_614_279_692
S,0,7161,DETECTION,src/tracking/advanced_tracker.py:_activate_slot,7161_190_377_376_477
S,5,7161,DETECTION,src/tracking/advanced_tracker.py:_activate_slot,7161_244_760_398_862
S,7,7161,DETECTION,src/tracking/advanced_tracker.py:_activate_slot,7161_216_1080_441_1248
S,8,7161,DETECTION,src/tracking/advanced_tracker.py:_activate_slot,7161_585_1002_674_1097
S,3,7161,DETECTION,src/tracking/advanced_tracker.py:_activate_slot,7161_304_304_511_398
S,9,7161,DETECTION,src/tracking/advanced_tracker.py:_activate_slot,7161_85_306_243_387
S,6,7161,PREDICTION,src/tracking/advanced_tracker.py:kalman_homography,
D,0,7161
S,3,7161,PREDICTION,src/tracking/advanced_tracker.py:id_merge,
D,6,7161
S,7,7161,PREDICTION,src/tracking/advanced_tracker.py:id_merge,
L,1,7161,CLAMP,src/tracking/advanced_tracker.py:_activate_slot,7161_346_899_562_991
R,CLAMP,CLAMP,0
L,2,7161,CLAMP,src/tracking/advanced_tracker.py:_activate_slot,7161_145_614_279_692
R,CLAMP,CLAMP,0
L,3,7161,PREDICTION,src/tracking/advanced_tracker.py:id_merge,
R,CLAMP,CLAMP,0
L,5,7161,DETECTION,src/tracking/advanced_tracker.py:_activate_slot,7161_244_760_398_862
R,CLAMP,CLAMP,0
L,7,7161,PREDICTION,src/tracking/advanced_tracker.py:id_merge,
R,CLAMP,CLAMP,0
L,8,7161,DETECTION,src/tracking/advanced_tracker.py:_activate_slot,7161_585_1002_674_1097
R,DETECTION,DETECTION,1
L,9,7161,DETECTION,src/tracking/advanced_tracker.py:_activate_slot,7161_85_306_243_387
R,DETECTION,DETECTION,1
A,7161
S,2,7167,CLAMP,src/tracking/advanced_tracker.py:_activate_slot,7167_137_607_283_687
S,9,7167,DETECTION,src/tracking/advanced_tracker.py:_activate_slot,7167_82_295_244_386
S,6,7167,DETECTION,src/tracking/advanced_tracker.py:_activate_slot,7167_263_1069_444_1151
S,0,7167,PREDICTION,src/tracking/advanced_tracker.py:kalman_homography,
S,1,7167,PREDICTION,src/tracking/advanced_tracker.py:kalman_homography,
S,3,7167,PREDICTION,src/tracking/advanced_tracker.py:kalman_homography,
S,5,7167,PREDICTION,src/tracking/advanced_tracker.py:kalman_homography,
S,7,7167,PREDICTION,src/tracking/advanced_tracker.py:kalman_homography,
S,8,7167,PREDICTION,src/tracking/advanced_tracker.py:flow_gapfill_batched,
D,0,7167
S,3,7167,PREDICTION,src/tracking/advanced_tracker.py:id_merge,
D,7,7167
S,6,7167,PREDICTION,src/tracking/advanced_tracker.py:id_merge,
L,1,7167,PREDICTION,src/tracking/advanced_tracker.py:kalman_homography,
R,CLAMP,CLAMP,0
L,2,7167,CLAMP,src/tracking/advanced_tracker.py:_activate_slot,7167_137_607_283_687
R,CLAMP,CLAMP,0
L,3,7167,PREDICTION,src/tracking/advanced_tracker.py:id_merge,
R,CLAMP,CLAMP,0
L,5,7167,PREDICTION,src/tracking/advanced_tracker.py:kalman_homography,
R,CLAMP,CLAMP,0
L,6,7167,PREDICTION,src/tracking/advanced_tracker.py:id_merge,
R,CLAMP,CLAMP,0
L,8,7167,PREDICTION,src/tracking/advanced_tracker.py:flow_gapfill_batched,
R,PREDICTION,PREDICTION,1
L,9,7167,DETECTION,src/tracking/advanced_tracker.py:_activate_slot,7167_82_295_244_386
R,DETECTION,DETECTION,1
A,7167
S,2,7173,CLAMP,src/tracking/advanced_tracker.py:_activate_slot,7173_227_748_378_818
S,6,7173,DETECTION,src/tracking/advanced_tracker.py:_activate_slot,7173_272_1063_449_1145
S,8,7173,DETECTION,src/tracking/advanced_tracker.py:_activate_slot,7173_585_996_674_1090
S,9,7173,DETECTION,src/tracking/advanced_tracker.py:_activate_slot,7173_77_290_244_380
S,0,7173,PREDICTION,src/tracking/advanced_tracker.py:kalman_homography,
S,1,7173,PREDICTION,src/tracking/advanced_tracker.py:kalman_homography,
S,3,7173,PREDICTION,src/tracking/advanced_tracker.py:kalman_homography,
S,5,7173,PREDICTION,src/tracking/advanced_tracker.py:kalman_homography,
S,7,7173,PREDICTION,src/tracking/advanced_tracker.py:kalman_homography,
D,0,7173
S,3,7173,PREDICTION,src/tracking/advanced_tracker.py:id_merge,
D,5,7173
S,6,7173,PREDICTION,src/tracking/advanced_tracker.py:id_merge,
D,7,7173
S,6,7173,PREDICTION,src/tracking/advanced_tracker.py:id_merge,
L,1,7173,PREDICTION,src/tracking/advanced_tracker.py:kalman_homography,
R,CLAMP,CLAMP,0
L,2,7173,CLAMP,src/tracking/advanced_tracker.py:_activate_slot,7173_227_748_378_818
R,CLAMP,CLAMP,0
L,3,7173,PREDICTION,src/tracking/advanced_tracker.py:id_merge,
R,CLAMP,CLAMP,0
L,6,7173,PREDICTION,src/tracking/advanced_tracker.py:id_merge,
R,CLAMP,CLAMP,0
L,8,7173,DETECTION,src/tracking/advanced_tracker.py:_activate_slot,7173_585_996_674_1090
R,DETECTION,DETECTION,1
L,9,7173,DETECTION,src/tracking/advanced_tracker.py:_activate_slot,7173_77_290_244_380
R,DETECTION,DETECTION,1
A,7173
S,2,7179,CLAMP,src/tracking/advanced_tracker.py:_activate_slot,7179_219_723_368_809
S,8,7179,DETECTION,src/tracking/advanced_tracker.py:_activate_slot,7179_585_992_674_1083
S,9,7179,DETECTION,src/tracking/advanced_tracker.py:_activate_slot,7179_87_287_229_368
S,0,7179,PREDICTION,src/tracking/advanced_tracker.py:kalman_homography,
S,3,7179,PREDICTION,src/tracking/advanced_tracker.py:kalman_homography,
S,6,7179,PREDICTION,src/tracking/advanced_tracker.py:kalman_homography,
S,7,7179,PREDICTION,src/tracking/advanced_tracker.py:kalman_homography,
S,1,7179,PREDICTION,src/tracking/advanced_tracker.py:flow_gapfill_batched,
S,5,7179,PREDICTION,src/tracking/advanced_tracker.py:flow_gapfill_batched,
D,0,7179
S,3,7179,PREDICTION,src/tracking/advanced_tracker.py:id_merge,
D,7,7179
S,6,7179,PREDICTION,src/tracking/advanced_tracker.py:id_merge,
L,1,7179,PREDICTION,src/tracking/advanced_tracker.py:flow_gapfill_batched,
R,CLAMP,CLAMP,0
L,2,7179,CLAMP,src/tracking/advanced_tracker.py:_activate_slot,7179_219_723_368_809
R,CLAMP,CLAMP,0
L,3,7179,PREDICTION,src/tracking/advanced_tracker.py:id_merge,
R,CLAMP,CLAMP,0
L,5,7179,PREDICTION,src/tracking/advanced_tracker.py:flow_gapfill_batched,
R,CLAMP,CLAMP,0
L,6,7179,PREDICTION,src/tracking/advanced_tracker.py:id_merge,
R,CLAMP,CLAMP,0
L,8,7179,DETECTION,src/tracking/advanced_tracker.py:_activate_slot,7179_585_992_674_1083
R,DETECTION,DETECTION,1
L,9,7179,DETECTION,src/tracking/advanced_tracker.py:_activate_slot,7179_87_287_229_368
R,DETECTION,DETECTION,1
A,7179
S,2,7185,CLAMP,src/tracking/advanced_tracker.py:_activate_slot,7185_223_706_363_802
S,4,7185,DETECTION,src/tracking/advanced_tracker.py:_activate_slot,7185_367_826_563_933
S,9,7185,DETECTION,src/tracking/advanced_tracker.py:_activate_slot,7185_181_364_357_444
S,0,7185,PREDICTION,src/tracking/advanced_tracker.py:kalman_homography,
S,3,7185,PREDICTION,src/tracking/advanced_tracker.py:kalman_homography,
S,6,7185,PREDICTION,src/tracking/advanced_tracker.py:kalman_homography,
S,7,7185,PREDICTION,src/tracking/advanced_tracker.py:kalman_homography,
S,1,7185,PREDICTION,src/tracking/advanced_tracker.py:flow_gapfill_batched,
S,5,7185,PREDICTION,src/tracking/advanced_tracker.py:flow_gapfill_batched,
D,0,7185
S,3,7185,PREDICTION,src/tracking/advanced_tracker.py:id_merge,
D,1,7185
S,4,7185,PREDICTION,src/tracking/advanced_tracker.py:id_merge,
D,7,7185
S,6,7185,PREDICTION,src/tracking/advanced_tracker.py:id_merge,
L,2,7185,CLAMP,src/tracking/advanced_tracker.py:_activate_slot,7185_223_706_363_802
R,CLAMP,CLAMP,0
L,3,7185,PREDICTION,src/tracking/advanced_tracker.py:id_merge,
R,CLAMP,CLAMP,0
L,4,7185,PREDICTION,src/tracking/advanced_tracker.py:id_merge,
R,CLAMP,CLAMP,0
L,5,7185,PREDICTION,src/tracking/advanced_tracker.py:flow_gapfill_batched,
R,CLAMP,CLAMP,0
L,6,7185,PREDICTION,src/tracking/advanced_tracker.py:id_merge,
R,CLAMP,CLAMP,0
L,9,7185,DETECTION,src/tracking/advanced_tracker.py:_activate_slot,7185_181_364_357_444
R,DETECTION,DETECTION,1
A,7185
S,2,7191,CLAMP,src/tracking/advanced_tracker.py:_activate_slot,7191_213_700_357_790
S,3,7191,DETECTION,src/tracking/advanced_tracker.py:_activate_slot,7191_248_568_435_670
S,4,7191,DETECTION,src/tracking/advanced_tracker.py:_activate_slot,7191_173_606_337_694
S,0,7191,PREDICTION,src/tracking/advanced_tracker.py:kalman_homography,
S,6,7191,PREDICTION,src/tracking/advanced_tracker.py:kalman_homography,
S,7,7191,PREDICTION,src/tracking/advanced_tracker.py:kalman_homography,
S,9,7191,PREDICTION,src/tracking/advanced_tracker.py:kalman_homography,
S,1,7191,PREDICTION,src/tracking/advanced_tracker.py:flow_gapfill_batched,
S,5,7191,PREDICTION,src/tracking/advanced_tracker.py:flow_gapfill_batched,
S,8,7191,PREDICTION,src/tracking/advanced_tracker.py:flow_gapfill_batched,
D,3,7191
S,4,7191,PREDICTION,src/tracking/advanced_tracker.py:id_merge,
D,7,7191
S,6,7191,PREDICTION,src/tracking/advanced_tracker.py:id_merge,
L,0,7191,PREDICTION,src/tracking/advanced_tracker.py:kalman_homography,
R,CLAMP,CLAMP,0
L,1,7191,PREDICTION,src/tracking/advanced_tracker.py:flow_gapfill_batched,
R,CLAMP,CLAMP,0
L,2,7191,CLAMP,src/tracking/advanced_tracker.py:_activate_slot,7191_213_700_357_790
R,CLAMP,CLAMP,0
L,4,7191,PREDICTION,src/tracking/advanced_tracker.py:id_merge,
R,CLAMP,CLAMP,0
L,5,7191,PREDICTION,src/tracking/advanced_tracker.py:flow_gapfill_batched,
R,CLAMP,CLAMP,0
L,6,7191,PREDICTION,src/tracking/advanced_tracker.py:id_merge,
R,CLAMP,CLAMP,0
L,8,7191,PREDICTION,src/tracking/advanced_tracker.py:flow_gapfill_batched,
R,PREDICTION,PREDICTION,1
L,9,7191,PREDICTION,src/tracking/advanced_tracker.py:kalman_homography,
R,PREDICTION,PREDICTION,1
A,7191
S,2,7197,CLAMP,src/tracking/advanced_tracker.py:_activate_slot,7197_197_703_356_787
S,3,7197,DETECTION,src/tracking/advanced_tracker.py:_activate_slot,7197_255_569_429_699
S,4,7197,DETECTION,src/tracking/advanced_tracker.py:_activate_slot,7197_197_476_376_631
S,5,7197,DETECTION,src/tracking/advanced_tracker.py:_activate_slot,7197_183_337_360_421
S,0,7197,PREDICTION,src/tracking/advanced_tracker.py:kalman_homography,
S,6,7197,PREDICTION,src/tracking/advanced_tracker.py:kalman_homography,
S,7,7197,PREDICTION,src/tracking/advanced_tracker.py:kalman_homography,
S,9,7197,PREDICTION,src/tracking/advanced_tracker.py:kalman_homography,
S,1,7197,PREDICTION,src/tracking/advanced_tracker.py:flow_gapfill_batched,
S,8,7197,PREDICTION,src/tracking/advanced_tracker.py:flow_gapfill_batched,
D,0,7197
S,4,7197,PREDICTION,src/tracking/advanced_tracker.py:id_merge,
D,3,7197
S,4,7197,PREDICTION,src/tracking/advanced_tracker.py:id_merge,
D,9,7197
S,5,7197,PREDICTION,src/tracking/advanced_tracker.py:id_merge,
D,7,7197
S,6,7197,PREDICTION,src/tracking/advanced_tracker.py:id_merge,
L,1,7197,PREDICTION,src/tracking/advanced_tracker.py:flow_gapfill_batched,
R,CLAMP,CLAMP,0
L,2,7197,CLAMP,src/tracking/advanced_tracker.py:_activate_slot,7197_197_703_356_787
R,CLAMP,CLAMP,0
L,4,7197,PREDICTION,src/tracking/advanced_tracker.py:id_merge,
R,CLAMP,CLAMP,0
L,5,7197,PREDICTION,src/tracking/advanced_tracker.py:id_merge,
R,CLAMP,CLAMP,0
L,6,7197,PREDICTION,src/tracking/advanced_tracker.py:id_merge,
R,CLAMP,CLAMP,0
L,8,7197,PREDICTION,src/tracking/advanced_tracker.py:flow_gapfill_batched,
R,PREDICTION,PREDICTION,1
A,7197
S,2,7203,CLAMP,src/tracking/advanced_tracker.py:_activate_slot,7203_303_172_532_293
S,0,7203,PREDICTION,src/tracking/advanced_tracker.py:kalman_homography,
S,3,7203,PREDICTION,src/tracking/advanced_tracker.py:kalman_homography,
S,4,7203,PREDICTION,src/tracking/advanced_tracker.py:kalman_homography,
S,5,7203,PREDICTION,src/tracking/advanced_tracker.py:kalman_homography,
S,6,7203,PREDICTION,src/tracking/advanced_tracker.py:kalman_homography,
S,7,7203,PREDICTION,src/tracking/advanced_tracker.py:kalman_homography,
S,9,7203,PREDICTION,src/tracking/advanced_tracker.py:kalman_homography,
S,1,7203,PREDICTION,src/tracking/advanced_tracker.py:flow_gapfill_batched,
D,0,7203
S,4,7203,PREDICTION,src/tracking/advanced_tracker.py:id_merge,
L,1,7203,PREDICTION,src/tracking/advanced_tracker.py:flow_gapfill_batched,
R,CLAMP,CLAMP,0
L,2,7203,CLAMP,src/tracking/advanced_tracker.py:_activate_slot,7203_303_172_532_293
R,CLAMP,CLAMP,0
L,3,7203,PREDICTION,src/tracking/advanced_tracker.py:kalman_homography,
R,CLAMP,CLAMP,0
L,4,7203,PREDICTION,src/tracking/advanced_tracker.py:id_merge,
R,CLAMP,CLAMP,0
L,5,7203,PREDICTION,src/tracking/advanced_tracker.py:kalman_homography,
R,CLAMP,CLAMP,0
L,6,7203,PREDICTION,src/tracking/advanced_tracker.py:kalman_homography,
R,CLAMP,CLAMP,0
L,7,7203,PREDICTION,src/tracking/advanced_tracker.py:kalman_homography,
R,CLAMP,CLAMP,0
L,9,7203,PREDICTION,src/tracking/advanced_tracker.py:kalman_homography,
R,PREDICTION,PREDICTION,1
A,7203
S,2,7209,CLAMP,src/tracking/advanced_tracker.py:_activate_slot,7209_301_149_538_246
S,4,7209,DETECTION,src/tracking/advanced_tracker.py:_activate_slot,7209_474_251_568_345
S,7,7209,DETECTION,src/tracking/advanced_tracker.py:_activate_slot,7209_254_1045_455_1127
S,3,7209,PREDICTION,src/tracking/advanced_tracker.py:kalman_homography,
S,6,7209,PREDICTION,src/tracking/advanced_tracker.py:kalman_homography,
S,9,7209,PREDICTION,src/tracking/advanced_tracker.py:kalman_homography,
S,0,7209,PREDICTION,src/tracking/advanced_tracker.py:flow_gapfill_batched,
S,1,7209,PREDICTION,src/tracking/advanced_tracker.py:flow_gapfill_batched,
S,5,7209,PREDICTION,src/tracking/advanced_tracker.py:flow_gapfill_batched,
D,6,7209
S,7,7209,PREDICTION,src/tracking/advanced_tracker.py:id_merge,
L,0,7209,PREDICTION,src/tracking/advanced_tracker.py:flow_gapfill_batched,
R,CLAMP,CLAMP,0
L,1,7209,PREDICTION,src/tracking/advanced_tracker.py:flow_gapfill_batched,
R,CLAMP,CLAMP,0
L,2,7209,CLAMP,src/tracking/advanced_tracker.py:_activate_slot,7209_301_149_538_246
R,CLAMP,CLAMP,0
L,3,7209,PREDICTION,src/tracking/advanced_tracker.py:kalman_homography,
R,CLAMP,CLAMP,0
L,4,7209,DETECTION,src/tracking/advanced_tracker.py:_activate_slot,7209_474_251_568_345
R,CLAMP,CLAMP,0
L,5,7209,PREDICTION,src/tracking/advanced_tracker.py:flow_gapfill_batched,
R,CLAMP,CLAMP,0
L,7,7209,PREDICTION,src/tracking/advanced_tracker.py:id_merge,
R,CLAMP,CLAMP,0
L,9,7209,PREDICTION,src/tracking/advanced_tracker.py:kalman_homography,
R,PREDICTION,PREDICTION,1
A,7209
S,2,7215,CLAMP,src/tracking/advanced_tracker.py:_activate_slot,7215_138_559_379_647
S,4,7215,DETECTION,src/tracking/advanced_tracker.py:_activate_slot,7215_307_117_542_219
S,3,7215,PREDICTION,src/tracking/advanced_tracker.py:kalman_homography,
S,6,7215,PREDICTION,src/tracking/advanced_tracker.py:kalman_homography,
S,7,7215,PREDICTION,src/tracking/advanced_tracker.py:kalman_homography,
S,9,7215,PREDICTION,src/tracking/advanced_tracker.py:kalman_homography,
S,5,7215,PREDICTION,src/tracking/advanced_tracker.py:flow_gapfill_batched,
D,6,7215
S,7,7215,PREDICTION,src/tracking/advanced_tracker.py:id_merge,
L,2,7215,CLAMP,src/tracking/advanced_tracker.py:_activate_slot,7215_138_559_379_647
R,CLAMP,CLAMP,0
L,3,7215,PREDICTION,src/tracking/advanced_tracker.py:kalman_homography,
R,CLAMP,CLAMP,0
L,4,7215,DETECTION,src/tracking/advanced_tracker.py:_activate_slot,7215_307_117_542_219
R,CLAMP,CLAMP,0
L,5,7215,PREDICTION,src/tracking/advanced_tracker.py:flow_gapfill_batched,
R,CLAMP,CLAMP,0
L,7,7215,PREDICTION,src/tracking/advanced_tracker.py:id_merge,
R,CLAMP,CLAMP,0
L,9,7215,PREDICTION,src/tracking/advanced_tracker.py:kalman_homography,
R,PREDICTION,PREDICTION,1
A,7215
S,2,7221,CLAMP,src/tracking/advanced_tracker.py:_activate_slot,7221_88_494_252_563
S,3,7221,DETECTION,src/tracking/advanced_tracker.py:_activate_slot,7221_142_555_378_658
S,8,7221,DETECTION,src/tracking/advanced_tracker.py:_activate_slot,7221_234_668_434_756
S,7,7221,DETECTION,src/tracking/advanced_tracker.py:_activate_slot,7221_272_1038_457_1120
S,9,7221,PREDICTION,src/tracking/advanced_tracker.py:kalman_homography,
S,4,7221,PREDICTION,src/tracking/advanced_tracker.py:flow_gapfill_batched,
S,5,7221,PREDICTION,src/tracking/advanced_tracker.py:flow_gapfill_batched,
S,6,7221,PREDICTION,src/tracking/advanced_tracker.py:flow_gapfill_batched,
D,6,7221
S,7,7221,PREDICTION,src/tracking/advanced_tracker.py:id_merge,
L,2,7221,CLAMP,src/tracking/advanced_tracker.py:_activate_slot,7221_88_494_252_563
R,CLAMP,CLAMP,0
L,3,7221,DETECTION,src/tracking/advanced_tracker.py:_activate_slot,7221_142_555_378_658
R,CLAMP,CLAMP,0
L,4,7221,PREDICTION,src/tracking/advanced_tracker.py:flow_gapfill_batched,
R,CLAMP,CLAMP,0
L,5,7221,PREDICTION,src/tracking/advanced_tracker.py:flow_gapfill_batched,
R,CLAMP,CLAMP,0
L,7,7221,PREDICTION,src/tracking/advanced_tracker.py:id_merge,
R,CLAMP,CLAMP,0
L,8,7221,DETECTION,src/tracking/advanced_tracker.py:_activate_slot,7221_234_668_434_756
R,CLAMP,CLAMP,0
L,9,7221,PREDICTION,src/tracking/advanced_tracker.py:kalman_homography,
R,PREDICTION,PREDICTION,1
A,7221
S,2,7227,CLAMP,src/tracking/advanced_tracker.py:_activate_slot,7227_97_476_255_547
S,3,7227,DETECTION,src/tracking/advanced_tracker.py:_activate_slot,7227_141_543_313_624
S,7,7227,DETECTION,src/tracking/advanced_tracker.py:_activate_slot,7227_273_1034_459_1118
S,8,7227,PREDICTION,src/tracking/advanced_tracker.py:kalman_homography,
S,9,7227,PREDICTION,src/tracking/advanced_tracker.py:kalman_homography,
S,4,7227,PREDICTION,src/tracking/advanced_tracker.py:flow_gapfill_batched,
S,5,7227,PREDICTION,src/tracking/advanced_tracker.py:flow_gapfill_batched,
L,2,7227,CLAMP,src/tracking/advanced_tracker.py:_activate_slot,7227_97_476_255_547
R,CLAMP,CLAMP,0
L,3,7227,DETECTION,src/tracking/advanced_tracker.py:_activate_slot,7227_141_543_313_624
R,CLAMP,CLAMP,0
L,4,7227,PREDICTION,src/tracking/advanced_tracker.py:flow_gapfill_batched,
R,CLAMP,CLAMP,0
L,5,7227,PREDICTION,src/tracking/advanced_tracker.py:flow_gapfill_batched,
R,CLAMP,CLAMP,0
L,7,7227,DETECTION,src/tracking/advanced_tracker.py:_activate_slot,7227_273_1034_459_1118
R,CLAMP,CLAMP,0
L,8,7227,PREDICTION,src/tracking/advanced_tracker.py:kalman_homography,
R,CLAMP,CLAMP,0
L,9,7227,PREDICTION,src/tracking/advanced_tracker.py:kalman_homography,
R,PREDICTION,PREDICTION,1
A,7227
S,2,7233,CLAMP,src/tracking/advanced_tracker.py:_activate_slot,7233_98_453_257_540
S,3,7233,PREDICTION,src/tracking/advanced_tracker.py:kalman_homography,
S,7,7233,PREDICTION,src/tracking/advanced_tracker.py:kalman_homography,
S,8,7233,PREDICTION,src/tracking/advanced_tracker.py:kalman_homography,
S,4,7233,PREDICTION,src/tracking/advanced_tracker.py:flow_gapfill_batched,
S,5,7233,PREDICTION,src/tracking/advanced_tracker.py:flow_gapfill_batched,
S,9,7233,PREDICTION,src/tracking/advanced_tracker.py:flow_gapfill_batched,
D,9,7233
S,5,7233,PREDICTION,src/tracking/advanced_tracker.py:id_merge,
L,2,7233,CLAMP,src/tracking/advanced_tracker.py:_activate_slot,7233_98_453_257_540
R,CLAMP,CLAMP,0
L,3,7233,PREDICTION,src/tracking/advanced_tracker.py:kalman_homography,
R,CLAMP,CLAMP,0
L,4,7233,PREDICTION,src/tracking/advanced_tracker.py:flow_gapfill_batched,
R,CLAMP,CLAMP,0
L,5,7233,PREDICTION,src/tracking/advanced_tracker.py:id_merge,
R,CLAMP,CLAMP,0
L,7,7233,PREDICTION,src/tracking/advanced_tracker.py:kalman_homography,
R,CLAMP,CLAMP,0
L,8,7233,PREDICTION,src/tracking/advanced_tracker.py:kalman_homography,
R,CLAMP,CLAMP,0
A,7233
S,2,7239,CLAMP,src/tracking/advanced_tracker.py:_activate_slot,7239_97_432_262_528
S,7,7239,DETECTION,src/tracking/advanced_tracker.py:_activate_slot,7239_189_689_452_839
S,3,7239,PREDICTION,src/tracking/advanced_tracker.py:kalman_homography,
S,8,7239,PREDICTION,src/tracking/advanced_tracker.py:kalman_homography,
S,4,7239,PREDICTION,src/tracking/advanced_tracker.py:flow_gapfill_batched,
S,5,7239,PREDICTION,src/tracking/advanced_tracker.py:flow_gapfill_batched,
L,2,7239,CLAMP,src/tracking/advanced_tracker.py:_activate_slot,7239_97_432_262_528
R,CLAMP,CLAMP,0
L,3,7239,PREDICTION,src/tracking/advanced_tracker.py:kalman_homography,
R,CLAMP,CLAMP,0
L,4,7239,PREDICTION,src/tracking/advanced_tracker.py:flow_gapfill_batched,
R,CLAMP,CLAMP,0
L,5,7239,PREDICTION,src/tracking/advanced_tracker.py:flow_gapfill_batched,
R,CLAMP,CLAMP,0
L,7,7239,DETECTION,src/tracking/advanced_tracker.py:_activate_slot,7239_189_689_452_839
R,CLAMP,CLAMP,0
L,8,7239,PREDICTION,src/tracking/advanced_tracker.py:kalman_homography,
R,CLAMP,CLAMP,0
A,7239
S,2,7245,CLAMP,src/tracking/advanced_tracker.py:_activate_slot,7245_102_421_266_512
S,7,7245,DETECTION,src/tracking/advanced_tracker.py:_activate_slot,7245_187_687_348_765
S,3,7245,PREDICTION,src/tracking/advanced_tracker.py:kalman_homography,
S,8,7245,PREDICTION,src/tracking/advanced_tracker.py:kalman_homography,
S,5,7245,PREDICTION,src/tracking/advanced_tracker.py:flow_gapfill_batched,
L,2,7245,CLAMP,src/tracking/advanced_tracker.py:_activate_slot,7245_102_421_266_512
R,CLAMP,CLAMP,0
L,3,7245,PREDICTION,src/tracking/advanced_tracker.py:kalman_homography,
R,CLAMP,CLAMP,0
L,5,7245,PREDICTION,src/tracking/advanced_tracker.py:flow_gapfill_batched,
R,CLAMP,CLAMP,0
L,7,7245,DETECTION,src/tracking/advanced_tracker.py:_activate_slot,7245_187_687_348_765
R,CLAMP,CLAMP,0
L,8,7245,PREDICTION,src/tracking/advanced_tracker.py:kalman_homography,
R,CLAMP,CLAMP,0
A,7245
S,2,7251,CLAMP,src/tracking/advanced_tracker.py:_activate_slot,7251_565_1153_672_1275
S,0,7251,DETECTION,src/tracking/advanced_tracker.py:_activate_slot,7251_403_657_567_783
S,1,7251,DETECTION,src/tracking/advanced_tracker.py:_activate_slot,7251_197_202_396_291
S,3,7251,PREDICTION,src/tracking/advanced_tracker.py:kalman_homography,
S,7,7251,PREDICTION,src/tracking/advanced_tracker.py:kalman_homography,
S,8,7251,PREDICTION,src/tracking/advanced_tracker.py:kalman_homography,
S,4,7251,PREDICTION,src/tracking/advanced_tracker.py:flow_gapfill_batched,
D,4,7251
S,1,7251,PREDICTION,src/tracking/advanced_tracker.py:id_merge,
L,0,7251,DETECTION,src/tracking/advanced_tracker.py:_activate_slot,7251_403_657_567_783
R,CLAMP,CLAMP,0
L,1,7251,PREDICTION,src/tracking/advanced_tracker.py:id_merge,
R,CLAMP,CLAMP,0
L,2,7251,CLAMP,src/tracking/advanced_tracker.py:_activate_slot,7251_565_1153_672_1275
R,CLAMP,CLAMP,0
L,3,7251,PREDICTION,src/tracking/advanced_tracker.py:kalman_homography,
R,CLAMP,CLAMP,0
L,7,7251,PREDICTION,src/tracking/advanced_tracker.py:kalman_homography,
R,CLAMP,CLAMP,0
L,8,7251,PREDICTION,src/tracking/advanced_tracker.py:kalman_homography,
R,CLAMP,CLAMP,0
A,7251
S,0,7257,PREDICTION,src/tracking/advanced_tracker.py:kalman_homography,
S,1,7257,PREDICTION,src/tracking/advanced_tracker.py:kalman_homography,
S,3,7257,PREDICTION,src/tracking/advanced_tracker.py:kalman_homography,
S,7,7257,PREDICTION,src/tracking/advanced_tracker.py:kalman_homography,
S,8,7257,PREDICTION,src/tracking/advanced_tracker.py:kalman_homography,
S,4,7257,PREDICTION,src/tracking/advanced_tracker.py:flow_gapfill_batched,
D,4,7257
S,1,7257,PREDICTION,src/tracking/advanced_tracker.py:id_merge,
L,0,7257,PREDICTION,src/tracking/advanced_tracker.py:kalman_homography,
R,CLAMP,CLAMP,0
L,1,7257,PREDICTION,src/tracking/advanced_tracker.py:id_merge,
R,CLAMP,CLAMP,0
L,3,7257,PREDICTION,src/tracking/advanced_tracker.py:kalman_homography,
R,CLAMP,CLAMP,0
L,7,7257,PREDICTION,src/tracking/advanced_tracker.py:kalman_homography,
R,CLAMP,CLAMP,0
L,8,7257,PREDICTION,src/tracking/advanced_tracker.py:kalman_homography,
R,CLAMP,CLAMP,0
A,7257
S,6,7263,DETECTION,src/tracking/advanced_tracker.py:_activate_slot,7263_254_750_472_852
S,0,7263,PREDICTION,src/tracking/advanced_tracker.py:kalman_homography,
S,1,7263,PREDICTION,src/tracking/advanced_tracker.py:kalman_homography,
S,3,7263,PREDICTION,src/tracking/advanced_tracker.py:kalman_homography,
S,7,7263,PREDICTION,src/tracking/advanced_tracker.py:kalman_homography,
S,8,7263,PREDICTION,src/tracking/advanced_tracker.py:kalman_homography,
S,4,7263,PREDICTION,src/tracking/advanced_tracker.py:flow_gapfill_batched,
D,4,7263
S,1,7263,PREDICTION,src/tracking/advanced_tracker.py:id_merge,
L,0,7263,PREDICTION,src/tracking/advanced_tracker.py:kalman_homography,
R,CLAMP,CLAMP,0
L,1,7263,PREDICTION,src/tracking/advanced_tracker.py:id_merge,
R,CLAMP,CLAMP,0
L,3,7263,PREDICTION,src/tracking/advanced_tracker.py:kalman_homography,
R,CLAMP,CLAMP,0
L,6,7263,DETECTION,src/tracking/advanced_tracker.py:_activate_slot,7263_254_750_472_852
R,CLAMP,CLAMP,0
L,7,7263,PREDICTION,src/tracking/advanced_tracker.py:kalman_homography,
R,CLAMP,CLAMP,0
L,8,7263,PREDICTION,src/tracking/advanced_tracker.py:kalman_homography,
R,CLAMP,CLAMP,0
A,7263
S,6,7269,DETECTION,src/tracking/advanced_tracker.py:_activate_slot,7269_232_731_481_861
S,7,7269,DETECTION,src/tracking/advanced_tracker.py:_activate_slot,7269_102_296_235_384
S,0,7269,PREDICTION,src/tracking/advanced_tracker.py:kalman_homography,
S,1,7269,PREDICTION,src/tracking/advanced_tracker.py:kalman_homography,
S,3,7269,PREDICTION,src/tracking/advanced_tracker.py:kalman_homography,
S,2,7269,PREDICTION,src/tracking/advanced_tracker.py:flow_gapfill_batched,
S,8,7269,PREDICTION,src/tracking/advanced_tracker.py:flow_gapfill_batched,
L,0,7269,PREDICTION,src/tracking/advanced_tracker.py:kalman_homography,
R,CLAMP,CLAMP,0
L,1,7269,PREDICTION,src/tracking/advanced_tracker.py:kalman_homography,
R,CLAMP,CLAMP,0
L,2,7269,PREDICTION,src/tracking/advanced_tracker.py:flow_gapfill_batched,
R,CLAMP,CLAMP,0
L,3,7269,PREDICTION,src/tracking/advanced_tracker.py:kalman_homography,
R,CLAMP,CLAMP,0
L,6,7269,DETECTION,src/tracking/advanced_tracker.py:_activate_slot,7269_232_731_481_861
R,CLAMP,CLAMP,0
L,7,7269,DETECTION,src/tracking/advanced_tracker.py:_activate_slot,7269_102_296_235_384
R,CLAMP,CLAMP,0
L,8,7269,PREDICTION,src/tracking/advanced_tracker.py:flow_gapfill_batched,
R,CLAMP,CLAMP,0
A,7269
S,9,7275,DETECTION,src/tracking/advanced_tracker.py:_activate_slot,7275_192_826_384_926
S,0,7275,PREDICTION,src/tracking/advanced_tracker.py:kalman_homography,
S,1,7275,PREDICTION,src/tracking/advanced_tracker.py:kalman_homography,
S,6,7275,PREDICTION,src/tracking/advanced_tracker.py:kalman_homography,
S,2,7275,PREDICTION,src/tracking/advanced_tracker.py:flow_gapfill_batched,
S,3,7275,PREDICTION,src/tracking/advanced_tracker.py:flow_gapfill_batched,
S,7,7275,PREDICTION,src/tracking/advanced_tracker.py:flow_gapfill_batched,
D,6,7275
S,9,7275,PREDICTION,src/tracking/advanced_tracker.py:id_merge,
L,0,7275,PREDICTION,src/tracking/advanced_tracker.py:kalman_homography,
R,CLAMP,CLAMP,0
L,1,7275,PREDICTION,src/tracking/advanced_tracker.py:kalman_homography,
R,CLAMP,CLAMP,0
L,2,7275,PREDICTION,src/tracking/advanced_tracker.py:flow_gapfill_batched,
R,CLAMP,CLAMP,0
L,3,7275,PREDICTION,src/tracking/advanced_tracker.py:flow_gapfill_batched,
R,CLAMP,CLAMP,0
L,7,7275,PREDICTION,src/tracking/advanced_tracker.py:flow_gapfill_batched,
R,CLAMP,CLAMP,0
L,9,7275,PREDICTION,src/tracking/advanced_tracker.py:id_merge,
R,PREDICTION,PREDICTION,1
A,7275
S,0,7281,PREDICTION,src/tracking/advanced_tracker.py:kalman_homography,
S,1,7281,PREDICTION,src/tracking/advanced_tracker.py:kalman_homography,
S,6,7281,PREDICTION,src/tracking/advanced_tracker.py:kalman_homography,
S,9,7281,PREDICTION,src/tracking/advanced_tracker.py:kalman_homography,
S,2,7281,PREDICTION,src/tracking/advanced_tracker.py:flow_gapfill_batched,
S,7,7281,PREDICTION,src/tracking/advanced_tracker.py:flow_gapfill_batched,
D,6,7281
S,9,7281,PREDICTION,src/tracking/advanced_tracker.py:id_merge,
L,0,7281,PREDICTION,src/tracking/advanced_tracker.py:kalman_homography,
R,CLAMP,CLAMP,0
L,1,7281,PREDICTION,src/tracking/advanced_tracker.py:kalman_homography,
R,CLAMP,CLAMP,0
L,2,7281,PREDICTION,src/tracking/advanced_tracker.py:flow_gapfill_batched,
R,CLAMP,CLAMP,0
L,7,7281,PREDICTION,src/tracking/advanced_tracker.py:flow_gapfill_batched,
R,CLAMP,CLAMP,0
L,9,7281,PREDICTION,src/tracking/advanced_tracker.py:id_merge,
R,PREDICTION,PREDICTION,1
A,7281
S,6,7287,DETECTION,src/tracking/advanced_tracker.py:_activate_slot,7287_248_765_478_870
S,9,7287,DETECTION,src/tracking/advanced_tracker.py:_activate_slot,7287_171_842_377_928
S,5,7287,DETECTION,src/tracking/advanced_tracker.py:_activate_slot,7287_147_665_364_790
S,0,7287,PREDICTION,src/tracking/advanced_tracker.py:kalman_homography,
S,1,7287,PREDICTION,src/tracking/advanced_tracker.py:kalman_homography,
S,2,7287,PREDICTION,src/tracking/advanced_tracker.py:flow_gapfill_batched,
S,7,7287,PREDICTION,src/tracking/advanced_tracker.py:flow_gapfill_batched,
D,6,7287
S,9,7287,PREDICTION,src/tracking/advanced_tracker.py:id_merge,
L,0,7287,PREDICTION,src/tracking/advanced_tracker.py:kalman_homography,
R,CLAMP,CLAMP,0
L,1,7287,PREDICTION,src/tracking/advanced_tracker.py:kalman_homography,
R,CLAMP,CLAMP,0
L,2,7287,PREDICTION,src/tracking/advanced_tracker.py:flow_gapfill_batched,
R,CLAMP,CLAMP,0
L,5,7287,DETECTION,src/tracking/advanced_tracker.py:_activate_slot,7287_147_665_364_790
R,CLAMP,CLAMP,0
L,7,7287,PREDICTION,src/tracking/advanced_tracker.py:flow_gapfill_batched,
R,CLAMP,CLAMP,0
L,9,7287,PREDICTION,src/tracking/advanced_tracker.py:id_merge,
R,PREDICTION,PREDICTION,1
A,7287
S,6,7293,DETECTION,src/tracking/advanced_tracker.py:_activate_slot,7293_247_772_473_876
S,9,7293,DETECTION,src/tracking/advanced_tracker.py:_activate_slot,7293_166_844_365_926
S,0,7293,PREDICTION,src/tracking/advanced_tracker.py:kalman_homography,
S,1,7293,PREDICTION,src/tracking/advanced_tracker.py:kalman_homography,
S,5,7293,PREDICTION,src/tracking/advanced_tracker.py:kalman_homography,
S,2,7293,PREDICTION,src/tracking/advanced_tracker.py:flow_gapfill_batched,
S,7,7293,PREDICTION,src/tracking/advanced_tracker.py:flow_gapfill_batched,
D,6,7293
S,9,7293,PREDICTION,src/tracking/advanced_tracker.py:id_merge,
L,0,7293,PREDICTION,src/tracking/advanced_tracker.py:kalman_homography,
R,CLAMP,CLAMP,0
L,1,7293,PREDICTION,src/tracking/advanced_tracker.py:kalman_homography,
R,CLAMP,CLAMP,0
L,2,7293,PREDICTION,src/tracking/advanced_tracker.py:flow_gapfill_batched,
R,CLAMP,CLAMP,0
L,5,7293,PREDICTION,src/tracking/advanced_tracker.py:kalman_homography,
R,CLAMP,CLAMP,0
L,7,7293,PREDICTION,src/tracking/advanced_tracker.py:flow_gapfill_batched,
R,CLAMP,CLAMP,0
L,9,7293,PREDICTION,src/tracking/advanced_tracker.py:id_merge,
R,PREDICTION,PREDICTION,1
A,7293
S,6,7299,DETECTION,src/tracking/advanced_tracker.py:_activate_slot,7299_264_793_470_880
S,9,7299,DETECTION,src/tracking/advanced_tracker.py:_activate_slot,7299_159_819_365_929
S,5,7299,DETECTION,src/tracking/advanced_tracker.py:_activate_slot,7299_196_719_382_837
S,0,7299,PREDICTION,src/tracking/advanced_tracker.py:flow_gapfill_batched,
S,1,7299,PREDICTION,src/tracking/advanced_tracker.py:flow_gapfill_batched,
S,2,7299,PREDICTION,src/tracking/advanced_tracker.py:flow_gapfill_batched,
S,7,7299,PREDICTION,src/tracking/advanced_tracker.py:flow_gapfill_batched,
D,5,7299
S,6,7299,PREDICTION,src/tracking/advanced_tracker.py:id_merge,
D,6,7299
S,9,7299,PREDICTION,src/tracking/advanced_tracker.py:id_merge,
L,0,7299,PREDICTION,src/tracking/advanced_tracker.py:flow_gapfill_batched,
R,CLAMP,CLAMP,0
L,1,7299,PREDICTION,src/tracking/advanced_tracker.py:flow_gapfill_batched,
R,CLAMP,CLAMP,0
L,2,7299,PREDICTION,src/tracking/advanced_tracker.py:flow_gapfill_batched,
R,CLAMP,CLAMP,0
L,7,7299,PREDICTION,src/tracking/advanced_tracker.py:flow_gapfill_batched,
R,CLAMP,CLAMP,0
L,9,7299,PREDICTION,src/tracking/advanced_tracker.py:id_merge,
R,PREDICTION,PREDICTION,1
A,7299
S,9,7305,DETECTION,src/tracking/advanced_tracker.py:_activate_slot,7305_159_832_356_921
S,4,7305,DETECTION,src/tracking/advanced_tracker.py:_activate_slot,7305_359_405_567_539
S,5,7305,PREDICTION,src/tracking/advanced_tracker.py:kalman_homography,
S,6,7305,PREDICTION,src/tracking/advanced_tracker.py:kalman_homography,
S,7,7305,PREDICTION,src/tracking/advanced_tracker.py:flow_gapfill_batched,
D,5,7305
S,6,7305,PREDICTION,src/tracking/advanced_tracker.py:id_merge,
D,6,7305
S,9,7305,PREDICTION,src/tracking/advanced_tracker.py:id_merge,
L,4,7305,DETECTION,src/tracking/advanced_tracker.py:_activate_slot,7305_359_405_567_539
R,CLAMP,CLAMP,0
L,7,7305,PREDICTION,src/tracking/advanced_tracker.py:flow_gapfill_batched,
R,CLAMP,CLAMP,0
L,9,7305,PREDICTION,src/tracking/advanced_tracker.py:id_merge,
R,PREDICTION,PREDICTION,1
A,7305
S,9,7311,DETECTION,src/tracking/advanced_tracker.py:_activate_slot,7311_142_637_315_745
S,8,7311,DETECTION,src/tracking/advanced_tracker.py:_activate_slot,7311_252_797_468_881
S,4,7311,PREDICTION,src/tracking/advanced_tracker.py:kalman_homography,
S,5,7311,PREDICTION,src/tracking/advanced_tracker.py:kalman_homography,
S,6,7311,PREDICTION,src/tracking/advanced_tracker.py:kalman_homography,
S,7,7311,PREDICTION,src/tracking/advanced_tracker.py:flow_gapfill_batched,
D,5,7311
S,6,7311,PREDICTION,src/tracking/advanced_tracker.py:id_merge,
D,6,7311
S,8,7311,PREDICTION,src/tracking/advanced_tracker.py:id_merge,
L,4,7311,PREDICTION,src/tracking/advanced_tracker.py:kalman_homography,
R,CLAMP,CLAMP,0
L,7,7311,PREDICTION,src/tracking/advanced_tracker.py:flow_gapfill_batched,
R,CLAMP,CLAMP,0
L,8,7311,PREDICTION,src/tracking/advanced_tracker.py:id_merge,
R,PREDICTION,PREDICTION,1
L,9,7311,DETECTION,src/tracking/advanced_tracker.py:_activate_slot,7311_142_637_315_745
R,DETECTION,DETECTION,1
A,7311
S,8,7317,DETECTION,src/tracking/advanced_tracker.py:_activate_slot,7317_245_797_467_885
S,3,7317,DETECTION,src/tracking/advanced_tracker.py:_activate_slot,7317_346_340_565_486
S,4,7317,PREDICTION,src/tracking/advanced_tracker.py:kalman_homography,
S,5,7317,PREDICTION,src/tracking/advanced_tracker.py:kalman_homography,
S,6,7317,PREDICTION,src/tracking/advanced_tracker.py:kalman_homography,
S,9,7317,PREDICTION,src/tracking/advanced_tracker.py:kalman_homography,
S,7,7317,PREDICTION,src/tracking/advanced_tracker.py:flow_gapfill_batched,
D,4,7317
S,3,7317,PREDICTION,src/tracking/advanced_tracker.py:id_merge,
D,5,7317
S,6,7317,PREDICTION,src/tracking/advanced_tracker.py:id_merge,
D,6,7317
S,8,7317,PREDICTION,src/tracking/advanced_tracker.py:id_merge,
L,3,7317,PREDICTION,src/tracking/advanced_tracker.py:id_merge,
R,CLAMP,CLAMP,0
L,7,7317,PREDICTION,src/tracking/advanced_tracker.py:flow_gapfill_batched,
R,CLAMP,CLAMP,0
L,8,7317,PREDICTION,src/tracking/advanced_tracker.py:id_merge,
R,PREDICTION,PREDICTION,1
L,9,7317,PREDICTION,src/tracking/advanced_tracker.py:kalman_homography,
R,PREDICTION,PREDICTION,1
A,7317
S,8,7323,DETECTION,src/tracking/advanced_tracker.py:_activate_slot,7323_559_1145_674_1283
S,5,7323,DETECTION,src/tracking/advanced_tracker.py:_activate_slot,7323_191_794_470_901
S,3,7323,PREDICTION,src/tracking/advanced_tracker.py:kalman_homography,
S,4,7323,PREDICTION,src/tracking/advanced_tracker.py:kalman_homography,
S,6,7323,PREDICTION,src/tracking/advanced_tracker.py:kalman_homography,
S,9,7323,PREDICTION,src/tracking/advanced_tracker.py:kalman_homography,
D,4,7323
S,3,7323,PREDICTION,src/tracking/advanced_tracker.py:id_merge,
D,6,7323
S,5,7323,PREDICTION,src/tracking/advanced_tracker.py:id_merge,
L,3,7323,PREDICTION,src/tracking/advanced_tracker.py:id_merge,
R,CLAMP,CLAMP,0
L,5,7323,PREDICTION,src/tracking/advanced_tracker.py:id_merge,
R,CLAMP,CLAMP,0
L,8,7323,DETECTION,src/tracking/advanced_tracker.py:_activate_slot,7323_559_1145_674_1283
R,CLAMP,CLAMP,0
L,9,7323,PREDICTION,src/tracking/advanced_tracker.py:kalman_homography,
R,PREDICTION,PREDICTION,1
A,7323
S,3,7329,PREDICTION,src/tracking/advanced_tracker.py:kalman_homography,
S,4,7329,PREDICTION,src/tracking/advanced_tracker.py:kalman_homography,
S,5,7329,PREDICTION,src/tracking/advanced_tracker.py:kalman_homography,
S,6,7329,PREDICTION,src/tracking/advanced_tracker.py:kalman_homography,
S,9,7329,PREDICTION,src/tracking/advanced_tracker.py:kalman_homography,
S,8,7329,PREDICTION,src/tracking/advanced_tracker.py:flow_gapfill_batched,
D,4,7329
S,3,7329,PREDICTION,src/tracking/advanced_tracker.py:id_merge,
D,6,7329
S,5,7329,PREDICTION,src/tracking/advanced_tracker.py:id_merge,
L,3,7329,PREDICTION,src/tracking/advanced_tracker.py:id_merge,
R,CLAMP,CLAMP,0
L,5,7329,PREDICTION,src/tracking/advanced_tracker.py:id_merge,
R,CLAMP,CLAMP,0
L,8,7329,PREDICTION,src/tracking/advanced_tracker.py:flow_gapfill_batched,
R,CLAMP,CLAMP,0
L,9,7329,PREDICTION,src/tracking/advanced_tracker.py:kalman_homography,
R,PREDICTION,PREDICTION,1
A,7329
S,3,7335,PREDICTION,src/tracking/advanced_tracker.py:kalman_homography,
S,4,7335,PREDICTION,src/tracking/advanced_tracker.py:kalman_homography,
S,5,7335,PREDICTION,src/tracking/advanced_tracker.py:kalman_homography,
S,6,7335,PREDICTION,src/tracking/advanced_tracker.py:kalman_homography,
S,9,7335,PREDICTION,src/tracking/advanced_tracker.py:kalman_homography,
D,4,7335
S,3,7335,PREDICTION,src/tracking/advanced_tracker.py:id_merge,
D,6,7335
S,5,7335,PREDICTION,src/tracking/advanced_tracker.py:id_merge,
L,3,7335,PREDICTION,src/tracking/advanced_tracker.py:id_merge,
R,CLAMP,CLAMP,0
L,5,7335,PREDICTION,src/tracking/advanced_tracker.py:id_merge,
R,CLAMP,CLAMP,0
L,9,7335,PREDICTION,src/tracking/advanced_tracker.py:kalman_homography,
R,PREDICTION,PREDICTION,1
A,7335
S,0,7341,DETECTION,src/tracking/advanced_tracker.py:_activate_slot,7341_339_275_568_391
S,1,7341,DETECTION,src/tracking/advanced_tracker.py:_activate_slot,7341_159_240_379_334
S,2,7341,DETECTION,src/tracking/advanced_tracker.py:_activate_slot,7341_184_720_376_808
S,3,7341,PREDICTION,src/tracking/advanced_tracker.py:kalman_homography,
S,4,7341,PREDICTION,src/tracking/advanced_tracker.py:kalman_homography,
S,5,7341,PREDICTION,src/tracking/advanced_tracker.py:kalman_homography,
S,6,7341,PREDICTION,src/tracking/advanced_tracker.py:kalman_homography,
S,9,7341,PREDICTION,src/tracking/advanced_tracker.py:kalman_homography,
S,8,7341,PREDICTION,src/tracking/advanced_tracker.py:flow_gapfill_batched,
D,3,7341
S,0,7341,PREDICTION,src/tracking/advanced_tracker.py:id_merge,
D,6,7341
S,5,7341,PREDICTION,src/tracking/advanced_tracker.py:id_merge,
L,0,7341,PREDICTION,src/tracking/advanced_tracker.py:id_merge,
R,CLAMP,CLAMP,0
L,1,7341,DETECTION,src/tracking/advanced_tracker.py:_activate_slot,7341_159_240_379_334
R,CLAMP,CLAMP,0
L,2,7341,DETECTION,src/tracking/advanced_tracker.py:_activate_slot,7341_184_720_376_808
R,CLAMP,CLAMP,0
L,4,7341,PREDICTION,src/tracking/advanced_tracker.py:kalman_homography,
R,CLAMP,CLAMP,0
L,5,7341,PREDICTION,src/tracking/advanced_tracker.py:id_merge,
R,CLAMP,CLAMP,0
L,8,7341,PREDICTION,src/tracking/advanced_tracker.py:flow_gapfill_batched,
R,CLAMP,CLAMP,0
L,9,7341,PREDICTION,src/tracking/advanced_tracker.py:kalman_homography,
R,PREDICTION,PREDICTION,1
A,7341
S,2,7347,DETECTION,src/tracking/advanced_tracker.py:_activate_slot,7347_177_718_376_804
S,0,7347,PREDICTION,src/tracking/advanced_tracker.py:kalman_homography,
S,1,7347,PREDICTION,src/tracking/advanced_tracker.py:kalman_homography,
S,3,7347,PREDICTION,src/tracking/advanced_tracker.py:kalman_homography,
S,4,7347,PREDICTION,src/tracking/advanced_tracker.py:kalman_homography,
S,5,7347,PREDICTION,src/tracking/advanced_tracker.py:kalman_homography,
S,9,7347,PREDICTION,src/tracking/advanced_tracker.py:kalman_homography,
S,6,7347,PREDICTION,src/tracking/advanced_tracker.py:flow_gapfill_batched,
S,8,7347,PREDICTION,src/tracking/advanced_tracker.py:flow_gapfill_batched,
D,3,7347
S,0,7347,PREDICTION,src/tracking/advanced_tracker.py:id_merge,
D,6,7347
S,5,7347,PREDICTION,src/tracking/advanced_tracker.py:id_merge,
L,0,7347,PREDICTION,src/tracking/advanced_tracker.py:id_merge,
R,CLAMP,CLAMP,0
L,1,7347,PREDICTION,src/tracking/advanced_tracker.py:kalman_homography,
R,CLAMP,CLAMP,0
L,2,7347,DETECTION,src/tracking/advanced_tracker.py:_activate_slot,7347_177_718_376_804
R,CLAMP,CLAMP,0
L,4,7347,PREDICTION,src/tracking/advanced_tracker.py:kalman_homography,
R,CLAMP,CLAMP,0
L,5,7347,PREDICTION,src/tracking/advanced_tracker.py:id_merge,
R,CLAMP,CLAMP,0
L,8,7347,PREDICTION,src/tracking/advanced_tracker.py:flow_gapfill_batched,
R,CLAMP,CLAMP,0
L,9,7347,PREDICTION,src/tracking/advanced_tracker.py:kalman_homography,
R,PREDICTION,PREDICTION,1
A,7347
S,2,7353,DETECTION,src/tracking/advanced_tracker.py:_activate_slot,7353_179_717_379_803
S,0,7353,PREDICTION,src/tracking/advanced_tracker.py:kalman_homography,
S,1,7353,PREDICTION,src/tracking/advanced_tracker.py:kalman_homography,
S,3,7353,PREDICTION,src/tracking/advanced_tracker.py:kalman_homography,
S,5,7353,PREDICTION,src/tracking/advanced_tracker.py:kalman_homography,
S,8,7353,PREDICTION,src/tracking/advanced_tracker.py:flow_gapfill_batched,
S,9,7353,PREDICTION,src/tracking/advanced_tracker.py:flow_gapfill_batched,
D,3,7353
S,0,7353,PREDICTION,src/tracking/advanced_tracker.py:id_merge,
L,0,7353,PREDICTION,src/tracking/advanced_tracker.py:id_merge,
R,CLAMP,CLAMP,0
L,1,7353,PREDICTION,src/tracking/advanced_tracker.py:kalman_homography,
R,CLAMP,CLAMP,0
L,2,7353,DETECTION,src/tracking/advanced_tracker.py:_activate_slot,7353_179_717_379_803
R,CLAMP,CLAMP,0
L,5,7353,PREDICTION,src/tracking/advanced_tracker.py:kalman_homography,
R,CLAMP,CLAMP,0
L,8,7353,PREDICTION,src/tracking/advanced_tracker.py:flow_gapfill_batched,
R,CLAMP,CLAMP,0
L,9,7353,PREDICTION,src/tracking/advanced_tracker.py:flow_gapfill_batched,
R,CLAMP,CLAMP,0
A,7353
S,2,7359,DETECTION,src/tracking/advanced_tracker.py:_activate_slot,7359_172_714_380_798
S,7,7359,DETECTION,src/tracking/advanced_tracker.py:_activate_slot,7359_162_785_473_905
S,0,7359,PREDICTION,src/tracking/advanced_tracker.py:kalman_homography,
S,1,7359,PREDICTION,src/tracking/advanced_tracker.py:kalman_homography,
S,3,7359,PREDICTION,src/tracking/advanced_tracker.py:kalman_homography,
S,5,7359,PREDICTION,src/tracking/advanced_tracker.py:kalman_homography,
S,8,7359,PREDICTION,src/tracking/advanced_tracker.py:flow_gapfill_batched,
S,9,7359,PREDICTION,src/tracking/advanced_tracker.py:flow_gapfill_batched,
D,3,7359
S,0,7359,PREDICTION,src/tracking/advanced_tracker.py:id_merge,
L,0,7359,PREDICTION,src/tracking/advanced_tracker.py:id_merge,
R,CLAMP,CLAMP,0
L,1,7359,PREDICTION,src/tracking/advanced_tracker.py:kalman_homography,
R,CLAMP,CLAMP,0
L,2,7359,DETECTION,src/tracking/advanced_tracker.py:_activate_slot,7359_172_714_380_798
R,CLAMP,CLAMP,0
L,5,7359,PREDICTION,src/tracking/advanced_tracker.py:kalman_homography,
R,CLAMP,CLAMP,0
L,7,7359,DETECTION,src/tracking/advanced_tracker.py:_activate_slot,7359_162_785_473_905
R,CLAMP,CLAMP,0
L,8,7359,PREDICTION,src/tracking/advanced_tracker.py:flow_gapfill_batched,
R,CLAMP,CLAMP,0
L,9,7359,PREDICTION,src/tracking/advanced_tracker.py:flow_gapfill_batched,
R,CLAMP,CLAMP,0
A,7359
S,2,7365,DETECTION,src/tracking/advanced_tracker.py:_activate_slot,7365_175_716_379_797
S,0,7365,PREDICTION,src/tracking/advanced_tracker.py:kalman_homography,
S,1,7365,PREDICTION,src/tracking/advanced_tracker.py:kalman_homography,
S,5,7365,PREDICTION,src/tracking/advanced_tracker.py:kalman_homography,
S,7,7365,PREDICTION,src/tracking/advanced_tracker.py:kalman_homography,
S,3,7365,PREDICTION,src/tracking/advanced_tracker.py:flow_gapfill_batched,
D,3,7365
S,0,7365,PREDICTION,src/tracking/advanced_tracker.py:id_merge,
L,0,7365,PREDICTION,src/tracking/advanced_tracker.py:id_merge,
R,CLAMP,CLAMP,0
L,1,7365,PREDICTION,src/tracking/advanced_tracker.py:kalman_homography,
R,CLAMP,CLAMP,0
L,2,7365,DETECTION,src/tracking/advanced_tracker.py:_activate_slot,7365_175_716_379_797
R,CLAMP,CLAMP,0
L,5,7365,PREDICTION,src/tracking/advanced_tracker.py:kalman_homography,
R,CLAMP,CLAMP,0
L,7,7365,PREDICTION,src/tracking/advanced_tracker.py:kalman_homography,
R,CLAMP,CLAMP,0
A,7365
S,2,7371,DETECTION,src/tracking/advanced_tracker.py:_activate_slot,7371_179_718_380_799
S,0,7371,PREDICTION,src/tracking/advanced_tracker.py:kalman_homography,
S,1,7371,PREDICTION,src/tracking/advanced_tracker.py:kalman_homography,
S,7,7371,PREDICTION,src/tracking/advanced_tracker.py:kalman_homography,
S,5,7371,PREDICTION,src/tracking/advanced_tracker.py:flow_gapfill_batched,
S,8,7371,PREDICTION,src/tracking/advanced_tracker.py:flow_gapfill_batched,
D,5,7371
S,7,7371,PREDICTION,src/tracking/advanced_tracker.py:id_merge,
L,0,7371,PREDICTION,src/tracking/advanced_tracker.py:kalman_homography,
R,CLAMP,CLAMP,0
L,1,7371,PREDICTION,src/tracking/advanced_tracker.py:kalman_homography,
R,CLAMP,CLAMP,0
L,2,7371,DETECTION,src/tracking/advanced_tracker.py:_activate_slot,7371_179_718_380_799
R,CLAMP,CLAMP,0
L,7,7371,PREDICTION,src/tracking/advanced_tracker.py:id_merge,
R,CLAMP,CLAMP,0
L,8,7371,PREDICTION,src/tracking/advanced_tracker.py:flow_gapfill_batched,
R,CLAMP,CLAMP,0
A,7371
S,7,7377,DETECTION,src/tracking/advanced_tracker.py:_activate_slot,7377_244_777_471_884
S,0,7377,PREDICTION,src/tracking/advanced_tracker.py:kalman_homography,
S,1,7377,PREDICTION,src/tracking/advanced_tracker.py:kalman_homography,
S,2,7377,PREDICTION,src/tracking/advanced_tracker.py:kalman_homography,
L,0,7377,PREDICTION,src/tracking/advanced_tracker.py:kalman_homography,
R,CLAMP,CLAMP,0
L,1,7377,PREDICTION,src/tracking/advanced_tracker.py:kalman_homography,
R,CLAMP,CLAMP,0
L,2,7377,PREDICTION,src/tracking/advanced_tracker.py:kalman_homography,
R,CLAMP,CLAMP,0
L,7,7377,DETECTION,src/tracking/advanced_tracker.py:_activate_slot,7377_244_777_471_884
R,CLAMP,CLAMP,0
A,7377
S,1,7383,DETECTION,src/tracking/advanced_tracker.py:_activate_slot,7383_127_208_384_335
S,7,7383,DETECTION,src/tracking/advanced_tracker.py:_activate_slot,7383_252_784_471_880
S,10,7383,DETECTION,src/tracking/advanced_tracker.py:_activate_slot,7383_88_295_222_379
S,0,7383,PREDICTION,src/tracking/advanced_tracker.py:kalman_homography,
S,2,7383,PREDICTION,src/tracking/advanced_tracker.py:kalman_homography,
L,0,7383,PREDICTION,src/tracking/advanced_tracker.py:kalman_homography,
R,CLAMP,CLAMP,0
L,1,7383,DETECTION,src/tracking/advanced_tracker.py:_activate_slot,7383_127_208_384_335
R,CLAMP,CLAMP,0
L,2,7383,PREDICTION,src/tracking/advanced_tracker.py:kalman_homography,
R,CLAMP,CLAMP,0
L,7,7383,DETECTION,src/tracking/advanced_tracker.py:_activate_slot,7383_252_784_471_880
R,CLAMP,CLAMP,0
A,7383
S,7,7389,DETECTION,src/tracking/advanced_tracker.py:_activate_slot,7389_161_785_473_881
S,6,7389,DETECTION,src/tracking/advanced_tracker.py:_activate_slot,7389_278_833_491_941
S,1,7389,PREDICTION,src/tracking/advanced_tracker.py:kalman_homography,
S,2,7389,PREDICTION,src/tracking/advanced_tracker.py:kalman_homography,
S,10,7389,PREDICTION,src/tracking/advanced_tracker.py:kalman_homography,
S,0,7389,PREDICTION,src/tracking/advanced_tracker.py:flow_gapfill_batched,
D,6,7389
S,7,7389,PREDICTION,src/tracking/advanced_tracker.py:id_merge,
L,0,7389,PREDICTION,src/tracking/advanced_tracker.py:flow_gapfill_batched,
R,CLAMP,CLAMP,0
L,1,7389,PREDICTION,src/tracking/advanced_tracker.py:kalman_homography,
R,CLAMP,CLAMP,0
L,2,7389,PREDICTION,src/tracking/advanced_tracker.py:kalman_homography,
R,CLAMP,CLAMP,0
L,7,7389,PREDICTION,src/tracking/advanced_tracker.py:id_merge,
R,CLAMP,CLAMP,0
A,7389
S,1,7395,DETECTION,src/tracking/advanced_tracker.py:_activate_slot,7395_139_188_324_297
S,7,7395,DETECTION,src/tracking/advanced_tracker.py:_activate_slot,7395_167_782_471_875
S,4,7395,DETECTION,src/tracking/advanced_tracker.py:_activate_slot,7395_189_253_385_365
S,2,7395,PREDICTION,src/tracking/advanced_tracker.py:kalman_homography,
S,6,7395,PREDICTION,src/tracking/advanced_tracker.py:kalman_homography,
S,10,7395,PREDICTION,src/tracking/advanced_tracker.py:kalman_homography,
D,1,7395
S,4,7395,PREDICTION,src/tracking/advanced_tracker.py:id_merge,
D,6,7395
S,7,7395,PREDICTION,src/tracking/advanced_tracker.py:id_merge,
L,2,7395,PREDICTION,src/tracking/advanced_tracker.py:kalman_homography,
R,CLAMP,CLAMP,0
L,4,7395,PREDICTION,src/tracking/advanced_tracker.py:id_merge,
R,CLAMP,CLAMP,0
L,7,7395,PREDICTION,src/tracking/advanced_tracker.py:id_merge,
R,CLAMP,CLAMP,0
A,7395
S,4,7401,DETECTION,src/tracking/advanced_tracker.py:_activate_slot,7401_190_257_390_369
S,9,7401,DETECTION,src/tracking/advanced_tracker.py:_activate_slot,7401_170_782_498_910
S,1,7401,PREDICTION,src/tracking/advanced_tracker.py:kalman_homography,
S,2,7401,PREDICTION,src/tracking/advanced_tracker.py:kalman_homography,
S,6,7401,PREDICTION,src/tracking/advanced_tracker.py:kalman_homography,
S,7,7401,PREDICTION,src/tracking/advanced_tracker.py:kalman_homography,
S,10,7401,PREDICTION,src/tracking/advanced_tracker.py:kalman_homography,
D,1,7401
S,4,7401,PREDICTION,src/tracking/advanced_tracker.py:id_merge,
D,6,7401
S,7,7401,PREDICTION,src/tracking/advanced_tracker.py:id_merge,
D,7,7401
S,9,7401,PREDICTION,src/tracking/advanced_tracker.py:id_merge,
L,2,7401,PREDICTION,src/tracking/advanced_tracker.py:kalman_homography,
R,CLAMP,CLAMP,0
L,4,7401,PREDICTION,src/tracking/advanced_tracker.py:id_merge,
R,CLAMP,CLAMP,0
L,9,7401,PREDICTION,src/tracking/advanced_tracker.py:id_merge,
R,CLAMP,CLAMP,0
A,7401
S,4,7407,DETECTION,src/tracking/advanced_tracker.py:_activate_slot,7407_189_271_389_377
S,9,7407,DETECTION,src/tracking/advanced_tracker.py:_activate_slot,7407_166_777_498_913
S,3,7407,DETECTION,src/tracking/advanced_tracker.py:_activate_slot,7407_480_280_673_375
S,2,7407,PREDICTION,src/tracking/advanced_tracker.py:kalman_homography,
S,6,7407,PREDICTION,src/tracking/advanced_tracker.py:kalman_homography,
S,7,7407,PREDICTION,src/tracking/advanced_tracker.py:kalman_homography,
S,10,7407,PREDICTION,src/tracking/advanced_tracker.py:kalman_homography,
S,1,7407,PREDICTION,src/tracking/advanced_tracker.py:flow_gapfill_batched,
D,1,7407
S,4,7407,PREDICTION,src/tracking/advanced_tracker.py:id_merge,
D,6,7407
S,7,7407,PREDICTION,src/tracking/advanced_tracker.py:id_merge,
D,7,7407
S,9,7407,PREDICTION,src/tracking/advanced_tracker.py:id_merge,
L,2,7407,PREDICTION,src/tracking/advanced_tracker.py:kalman_homography,
R,CLAMP,CLAMP,0
L,3,7407,DETECTION,src/tracking/advanced_tracker.py:_activate_slot,7407_480_280_673_375
R,CLAMP,CLAMP,0
L,4,7407,PREDICTION,src/tracking/advanced_tracker.py:id_merge,
R,CLAMP,CLAMP,0
L,9,7407,PREDICTION,src/tracking/advanced_tracker.py:id_merge,
R,CLAMP,CLAMP,0
A,7407
S,5,7413,DETECTION,src/tracking/advanced_tracker.py:_activate_slot,7413_18_592_195_664
S,2,7413,PREDICTION,src/tracking/advanced_tracker.py:kalman_homography,
S,4,7413,PREDICTION,src/tracking/advanced_tracker.py:kalman_homography,
S,6,7413,PREDICTION,src/tracking/advanced_tracker.py:kalman_homography,
S,7,7413,PREDICTION,src/tracking/advanced_tracker.py:kalman_homography,
S,9,7413,PREDICTION,src/tracking/advanced_tracker.py:kalman_homography,
S,10,7413,PREDICTION,src/tracking/advanced_tracker.py:kalman_homography,
S,1,7413,PREDICTION,src/tracking/advanced_tracker.py:flow_gapfill_batched,
S,3,7413,PREDICTION,src/tracking/advanced_tracker.py:flow_gapfill_batched,
D,1,7413
S,4,7413,PREDICTION,src/tracking/advanced_tracker.py:id_merge,
D,6,7413
S,7,7413,PREDICTION,src/tracking/advanced_tracker.py:id_merge,
D,7,7413
S,9,7413,PREDICTION,src/tracking/advanced_tracker.py:id_merge,
L,2,7413,PREDICTION,src/tracking/advanced_tracker.py:kalman_homography,
R,CLAMP,CLAMP,0
L,3,7413,PREDICTION,src/tracking/advanced_tracker.py:flow_gapfill_batched,
R,CLAMP,CLAMP,0
L,4,7413,PREDICTION,src/tracking/advanced_tracker.py:id_merge,
R,CLAMP,CLAMP,0
L,5,7413,DETECTION,src/tracking/advanced_tracker.py:_activate_slot,7413_18_592_195_664
R,CLAMP,CLAMP,0
L,9,7413,PREDICTION,src/tracking/advanced_tracker.py:id_merge,
R,CLAMP,CLAMP,0
A,7413
S,8,7419,DETECTION,src/tracking/advanced_tracker.py:_activate_slot,7419_570_1209_674_1295
S,4,7419,PREDICTION,src/tracking/advanced_tracker.py:kalman_homography,
S,5,7419,PREDICTION,src/tracking/advanced_tracker.py:kalman_homography,
S,6,7419,PREDICTION,src/tracking/advanced_tracker.py:kalman_homography,
S,7,7419,PREDICTION,src/tracking/advanced_tracker.py:kalman_homography,
S,9,7419,PREDICTION,src/tracking/advanced_tracker.py:kalman_homography,
S,10,7419,PREDICTION,src/tracking/advanced_tracker.py:kalman_homography,
S,1,7419,PREDICTION,src/tracking/advanced_tracker.py:flow_gapfill_batched,
S,2,7419,PREDICTION,src/tracking/advanced_tracker.py:flow_gapfill_batched,
S,3,7419,PREDICTION,src/tracking/advanced_tracker.py:flow_gapfill_batched,
D,6,7419
S,7,7419,PREDICTION,src/tracking/advanced_tracker.py:id_merge,
D,7,7419
S,9,7419,PREDICTION,src/tracking/advanced_tracker.py:id_merge,
L,1,7419,PREDICTION,src/tracking/advanced_tracker.py:flow_gapfill_batched,
R,CLAMP,CLAMP,0
L,2,7419,PREDICTION,src/tracking/advanced_tracker.py:flow_gapfill_batched,
R,CLAMP,CLAMP,0
L,3,7419,PREDICTION,src/tracking/advanced_tracker.py:flow_gapfill_batched,
R,CLAMP,CLAMP,0
L,4,7419,PREDICTION,src/tracking/advanced_tracker.py:kalman_homography,
R,CLAMP,CLAMP,0
L,5,7419,PREDICTION,src/tracking/advanced_tracker.py:kalman_homography,
R,CLAMP,CLAMP,0
L,8,7419,DETECTION,src/tracking/advanced_tracker.py:_activate_slot,7419_570_1209_674_1295
R,CLAMP,CLAMP,0
L,9,7419,PREDICTION,src/tracking/advanced_tracker.py:id_merge,
R,CLAMP,CLAMP,0
A,7419
S,9,7425,DETECTION,src/tracking/advanced_tracker.py:_activate_slot,7425_569_1205_674_1295
S,4,7425,PREDICTION,src/tracking/advanced_tracker.py:kalman_homography,
S,5,7425,PREDICTION,src/tracking/advanced_tracker.py:kalman_homography,
S,6,7425,PREDICTION,src/tracking/advanced_tracker.py:kalman_homography,
S,7,7425,PREDICTION,src/tracking/advanced_tracker.py:kalman_homography,
S,10,7425,PREDICTION,src/tracking/advanced_tracker.py:kalman_homography,
S,1,7425,PREDICTION,src/tracking/advanced_tracker.py:flow_gapfill_batched,
S,3,7425,PREDICTION,src/tracking/advanced_tracker.py:flow_gapfill_batched,
S,8,7425,PREDICTION,src/tracking/advanced_tracker.py:flow_gapfill_batched,
D,6,7425
S,7,7425,PREDICTION,src/tracking/advanced_tracker.py:id_merge,
D,8,7425
S,9,7425,PREDICTION,src/tracking/advanced_tracker.py:id_merge,
L,1,7425,PREDICTION,src/tracking/advanced_tracker.py:flow_gapfill_batched,
R,CLAMP,CLAMP,0
L,3,7425,PREDICTION,src/tracking/advanced_tracker.py:flow_gapfill_batched,
R,CLAMP,CLAMP,0
L,4,7425,PREDICTION,src/tracking/advanced_tracker.py:kalman_homography,
R,CLAMP,CLAMP,0
L,5,7425,PREDICTION,src/tracking/advanced_tracker.py:kalman_homography,
R,CLAMP,CLAMP,0
L,7,7425,PREDICTION,src/tracking/advanced_tracker.py:id_merge,
R,CLAMP,CLAMP,0
L,9,7425,PREDICTION,src/tracking/advanced_tracker.py:id_merge,
R,CLAMP,CLAMP,0
A,7425
S,9,7431,DETECTION,src/tracking/advanced_tracker.py:_activate_slot,7431_568_1205_673_1295
S,0,7431,DETECTION,src/tracking/advanced_tracker.py:_activate_slot,7431_169_719_492_841
S,4,7431,PREDICTION,src/tracking/advanced_tracker.py:kalman_homography,
S,5,7431,PREDICTION,src/tracking/advanced_tracker.py:kalman_homography,
S,6,7431,PREDICTION,src/tracking/advanced_tracker.py:kalman_homography,
S,7,7431,PREDICTION,src/tracking/advanced_tracker.py:kalman_homography,
S,1,7431,PREDICTION,src/tracking/advanced_tracker.py:flow_gapfill_batched,
S,8,7431,PREDICTION,src/tracking/advanced_tracker.py:flow_gapfill_batched,
S,10,7431,PREDICTION,src/tracking/advanced_tracker.py:flow_gapfill_batched,
D,6,7431
S,7,7431,PREDICTION,src/tracking/advanced_tracker.py:id_merge,
D,8,7431
S,9,7431,PREDICTION,src/tracking/advanced_tracker.py:id_merge,
L,0,7431,DETECTION,src/tracking/advanced_tracker.py:_activate_slot,7431_169_719_492_841
R,CLAMP,CLAMP,0
L,1,7431,PREDICTION,src/tracking/advanced_tracker.py:flow_gapfill_batched,
R,CLAMP,CLAMP,0
L,4,7431,PREDICTION,src/tracking/advanced_tracker.py:kalman_homography,
R,CLAMP,CLAMP,0
L,5,7431,PREDICTION,src/tracking/advanced_tracker.py:kalman_homography,
R,CLAMP,CLAMP,0
L,7,7431,PREDICTION,src/tracking/advanced_tracker.py:id_merge,
R,CLAMP,CLAMP,0
L,9,7431,PREDICTION,src/tracking/advanced_tracker.py:id_merge,
R,CLAMP,CLAMP,0
A,7431
S,9,7437,DETECTION,src/tracking/advanced_tracker.py:_activate_slot,7437_568_1203_673_1293
S,0,7437,PREDICTION,src/tracking/advanced_tracker.py:kalman_homography,
S,4,7437,PREDICTION,src/tracking/advanced_tracker.py:kalman_homography,
S,5,7437,PREDICTION,src/tracking/advanced_tracker.py:kalman_homography,
S,7,7437,PREDICTION,src/tracking/advanced_tracker.py:kalman_homography,
S,1,7437,PREDICTION,src/tracking/advanced_tracker.py:flow_gapfill_batched,
S,8,7437,PREDICTION,src/tracking/advanced_tracker.py:flow_gapfill_batched,
D,8,7437
S,9,7437,PREDICTION,src/tracking/advanced_tracker.py:id_merge,
L,0,7437,PREDICTION,src/tracking/advanced_tracker.py:kalman_homography,
R,CLAMP,CLAMP,0
L,1,7437,PREDICTION,src/tracking/advanced_tracker.py:flow_gapfill_batched,
R,CLAMP,CLAMP,0
L,4,7437,PREDICTION,src/tracking/advanced_tracker.py:kalman_homography,
R,CLAMP,CLAMP,0
L,5,7437,PREDICTION,src/tracking/advanced_tracker.py:kalman_homography,
R,CLAMP,CLAMP,0
L,7,7437,PREDICTION,src/tracking/advanced_tracker.py:kalman_homography,
R,CLAMP,CLAMP,0
L,9,7437,PREDICTION,src/tracking/advanced_tracker.py:id_merge,
R,CLAMP,CLAMP,0
A,7437
S,9,7443,DETECTION,src/tracking/advanced_tracker.py:_activate_slot,7443_568_1201_673_1295
S,5,7443,DETECTION,src/tracking/advanced_tracker.py:_activate_slot,7443_14_594_184_663
S,0,7443,PREDICTION,src/tracking/advanced_tracker.py:kalman_homography,
S,4,7443,PREDICTION,src/tracking/advanced_tracker.py:kalman_homography,
S,1,7443,PREDICTION,src/tracking/advanced_tracker.py:flow_gapfill_batched,
S,7,7443,PREDICTION,src/tracking/advanced_tracker.py:flow_gapfill_batched,
S,8,7443,PREDICTION,src/tracking/advanced_tracker.py:flow_gapfill_batched,
D,8,7443
S,9,7443,PREDICTION,src/tracking/advanced_tracker.py:id_merge,
L,0,7443,PREDICTION,src/tracking/advanced_tracker.py:kalman_homography,
R,CLAMP,CLAMP,0
L,1,7443,PREDICTION,src/tracking/advanced_tracker.py:flow_gapfill_batched,
R,CLAMP,CLAMP,0
L,4,7443,PREDICTION,src/tracking/advanced_tracker.py:kalman_homography,
R,CLAMP,CLAMP,0
L,5,7443,DETECTION,src/tracking/advanced_tracker.py:_activate_slot,7443_14_594_184_663
R,CLAMP,CLAMP,0
L,7,7443,PREDICTION,src/tracking/advanced_tracker.py:flow_gapfill_batched,
R,CLAMP,CLAMP,0
L,9,7443,PREDICTION,src/tracking/advanced_tracker.py:id_merge,
R,CLAMP,CLAMP,0
A,7443
S,9,7449,DETECTION,src/tracking/advanced_tracker.py:_activate_slot,7449_272_694_489_794
S,8,7449,DETECTION,src/tracking/advanced_tracker.py:_activate_slot,7449_567_1201_673_1295
S,0,7449,PREDICTION,src/tracking/advanced_tracker.py:kalman_homography,
S,4,7449,PREDICTION,src/tracking/advanced_tracker.py:kalman_homography,
S,5,7449,PREDICTION,src/tracking/advanced_tracker.py:kalman_homography,
S,3,7449,PREDICTION,src/tracking/advanced_tracker.py:flow_gapfill_batched,
L,0,7449,PREDICTION,src/tracking/advanced_tracker.py:kalman_homography,
R,CLAMP,CLAMP,0
L,3,7449,PREDICTION,src/tracking/advanced_tracker.py:flow_gapfill_batched,
R,CLAMP,CLAMP,0
L,4,7449,PREDICTION,src/tracking/advanced_tracker.py:kalman_homography,
R,CLAMP,CLAMP,0
L,5,7449,PREDICTION,src/tracking/advanced_tracker.py:kalman_homography,
R,CLAMP,CLAMP,0
L,8,7449,DETECTION,src/tracking/advanced_tracker.py:_activate_slot,7449_567_1201_673_1295
R,CLAMP,CLAMP,0
L,9,7449,DETECTION,src/tracking/advanced_tracker.py:_activate_slot,7449_272_694_489_794
R,CLAMP,CLAMP,0
A,7449
S,8,7455,DETECTION,src/tracking/advanced_tracker.py:_activate_slot,7455_566_1203_673_1295
S,5,7455,DETECTION,src/tracking/advanced_tracker.py:_activate_slot,7455_15_595_185_663
S,0,7455,PREDICTION,src/tracking/advanced_tracker.py:kalman_homography,
S,9,7455,PREDICTION,src/tracking/advanced_tracker.py:kalman_homography,
S,3,7455,PREDICTION,src/tracking/advanced_tracker.py:flow_gapfill_batched,
L,0,7455,PREDICTION,src/tracking/advanced_tracker.py:kalman_homography,
R,CLAMP,CLAMP,0
L,3,7455,PREDICTION,src/tracking/advanced_tracker.py:flow_gapfill_batched,
R,CLAMP,CLAMP,0
L,5,7455,DETECTION,src/tracking/advanced_tracker.py:_activate_slot,7455_15_595_185_663
R,CLAMP,CLAMP,0
L,8,7455,DETECTION,src/tracking/advanced_tracker.py:_activate_slot,7455_566_1203_673_1295
R,CLAMP,CLAMP,0
L,9,7455,PREDICTION,src/tracking/advanced_tracker.py:kalman_homography,
R,CLAMP,CLAMP,0
A,7455
S,8,7461,DETECTION,src/tracking/advanced_tracker.py:_activate_slot,7461_566_1205_673_1295
S,2,7461,DETECTION,src/tracking/advanced_tracker.py:_activate_slot,7461_182_388_382_497
S,0,7461,PREDICTION,src/tracking/advanced_tracker.py:kalman_homography,
S,5,7461,PREDICTION,src/tracking/advanced_tracker.py:kalman_homography,
S,9,7461,PREDICTION,src/tracking/advanced_tracker.py:kalman_homography,
L,0,7461,PREDICTION,src/tracking/advanced_tracker.py:kalman_homography,
R,CLAMP,CLAMP,0
L,2,7461,DETECTION,src/tracking/advanced_tracker.py:_activate_slot,7461_182_388_382_497
R,CLAMP,CLAMP,0
L,5,7461,PREDICTION,src/tracking/advanced_tracker.py:kalman_homography,
R,CLAMP,CLAMP,0
L,8,7461,DETECTION,src/tracking/advanced_tracker.py:_activate_slot,7461_566_1205_673_1295
R,CLAMP,CLAMP,0
L,9,7461,PREDICTION,src/tracking/advanced_tracker.py:kalman_homography,
R,PREDICTION,PREDICTION,1
A,7461
S,5,7467,DETECTION,src/tracking/advanced_tracker.py:_activate_slot,7467_115_682_666_1001
S,0,7467,PREDICTION,src/tracking/advanced_tracker.py:kalman_homography,
S,2,7467,PREDICTION,src/tracking/advanced_tracker.py:kalman_homography,
S,9,7467,PREDICTION,src/tracking/advanced_tracker.py:kalman_homography,
L,0,7467,PREDICTION,src/tracking/advanced_tracker.py:kalman_homography,
R,CLAMP,CLAMP,0
L,2,7467,PREDICTION,src/tracking/advanced_tracker.py:kalman_homography,
R,CLAMP,CLAMP,0
L,5,7467,DETECTION,src/tracking/advanced_tracker.py:_activate_slot,7467_115_682_666_1001
R,CLAMP,CLAMP,0
L,9,7467,PREDICTION,src/tracking/advanced_tracker.py:kalman_homography,
R,PREDICTION,PREDICTION,1
A,7467
S,8,7473,DETECTION,src/tracking/advanced_tracker.py:_activate_slot,7473_91_433_668_729
S,0,7473,PREDICTION,src/tracking/advanced_tracker.py:kalman_homography,
S,2,7473,PREDICTION,src/tracking/advanced_tracker.py:kalman_homography,
S,9,7473,PREDICTION,src/tracking/advanced_tracker.py:flow_gapfill_batched,
L,0,7473,PREDICTION,src/tracking/advanced_tracker.py:kalman_homography,
R,CLAMP,CLAMP,0
L,2,7473,PREDICTION,src/tracking/advanced_tracker.py:kalman_homography,
R,CLAMP,CLAMP,0
L,8,7473,DETECTION,src/tracking/advanced_tracker.py:_activate_slot,7473_91_433_668_729
R,DETECTION,DETECTION,1
L,9,7473,PREDICTION,src/tracking/advanced_tracker.py:flow_gapfill_batched,
R,CLAMP,CLAMP,0
A,7473
S,6,7479,DETECTION,src/tracking/advanced_tracker.py:_activate_slot,7479_114_677_666_1001
S,2,7479,PREDICTION,src/tracking/advanced_tracker.py:kalman_homography,
S,8,7479,PREDICTION,src/tracking/advanced_tracker.py:kalman_homography,
S,0,7479,PREDICTION,src/tracking/advanced_tracker.py:flow_gapfill_batched,
S,5,7479,PREDICTION,src/tracking/advanced_tracker.py:flow_gapfill_batched,
D,5,7479
S,6,7479,PREDICTION,src/tracking/advanced_tracker.py:id_merge,
L,0,7479,PREDICTION,src/tracking/advanced_tracker.py:flow_gapfill_batched,
R,CLAMP,CLAMP,0
L,2,7479,PREDICTION,src/tracking/advanced_tracker.py:kalman_homography,
R,CLAMP,CLAMP,0
L,6,7479,PREDICTION,src/tracking/advanced_tracker.py:id_merge,
R,CLAMP,CLAMP,0
L,8,7479,PREDICTION,src/tracking/advanced_tracker.py:kalman_homography,
R,PREDICTION,PREDICTION,1
A,7479
S,1,7485,DETECTION,src/tracking/advanced_tracker.py:_activate_slot,7485_245_143_672_528
S,7,7485,DETECTION,src/tracking/advanced_tracker.py:_activate_slot,7485_81_454_669_723
S,10,7485,DETECTION,src/tracking/advanced_tracker.py:_activate_slot,7485_523_957_673_1207
S,2,7485,PREDICTION,src/tracking/advanced_tracker.py:kalman_homography,
S,8,7485,PREDICTION,src/tracking/advanced_tracker.py:kalman_homography,
S,5,7485,PREDICTION,src/tracking/advanced_tracker.py:flow_gapfill_batched,
S,6,7485,PREDICTION,src/tracking/advanced_tracker.py:flow_gapfill_batched,
D,5,7485
S,6,7485,PREDICTION,src/tracking/advanced_tracker.py:id_merge,
L,1,7485,DETECTION,src/tracking/advanced_tracker.py:_activate_slot,7485_245_143_672_528
R,CLAMP,CLAMP,0
L,2,7485,PREDICTION,src/tracking/advanced_tracker.py:kalman_homography,
R,CLAMP,CLAMP,0
L,6,7485,PREDICTION,src/tracking/advanced_tracker.py:id_merge,
R,CLAMP,CLAMP,0
L,7,7485,DETECTION,src/tracking/advanced_tracker.py:_activate_slot,7485_81_454_669_723
R,CLAMP,CLAMP,0
L,8,7485,PREDICTION,src/tracking/advanced_tracker.py:kalman_homography,
R,PREDICTION,PREDICTION,1
A,7485
S,3,7491,DETECTION,src/tracking/advanced_tracker.py:_activate_slot,7491_243_148_670_525
S,2,7491,PREDICTION,src/tracking/advanced_tracker.py:kalman_homography,
L,2,7491,PREDICTION,src/tracking/advanced_tracker.py:kalman_homography,
R,CLAMP,CLAMP,0
L,3,7491,DETECTION,src/tracking/advanced_tracker.py:_activate_slot,7491_243_148_670_525
R,CLAMP,CLAMP,0
A,7491
S,3,7497,DETECTION,src/tracking/advanced_tracker.py:_activate_slot,7497_348_382_671_523
S,7,7497,DETECTION,src/tracking/advanced_tracker.py:_activate_slot,7497_82_452_666_722
S,4,7497,DETECTION,src/tracking/advanced_tracker.py:_activate_slot,7497_117_679_669_917
S,2,7497,PREDICTION,src/tracking/advanced_tracker.py:kalman_homography,
S,5,7497,PREDICTION,src/tracking/advanced_tracker.py:flow_gapfill_batched,
S,8,7497,PREDICTION,src/tracking/advanced_tracker.py:flow_gapfill_batched,
D,8,7497
S,7,7497,PREDICTION,src/tracking/advanced_tracker.py:id_merge,
L,2,7497,PREDICTION,src/tracking/advanced_tracker.py:kalman_homography,
R,CLAMP,CLAMP,0
L,3,7497,DETECTION,src/tracking/advanced_tracker.py:_activate_slot,7497_348_382_671_523
R,CLAMP,CLAMP,0
L,4,7497,DETECTION,src/tracking/advanced_tracker.py:_activate_slot,7497_117_679_669_917
R,CLAMP,CLAMP,0
L,5,7497,PREDICTION,src/tracking/advanced_tracker.py:flow_gapfill_batched,
R,CLAMP,CLAMP,0
L,7,7497,PREDICTION,src/tracking/advanced_tracker.py:id_merge,
R,CLAMP,CLAMP,0
A,7497
S,7,7503,DETECTION,src/tracking/advanced_tracker.py:_activate_slot,7503_83_448_671_721
S,2,7503,PREDICTION,src/tracking/advanced_tracker.py:kalman_homography,
S,4,7503,PREDICTION,src/tracking/advanced_tracker.py:flow_gapfill_batched,
S,5,7503,PREDICTION,src/tracking/advanced_tracker.py:flow_gapfill_batched,
D,5,7503
S,7,7503,PREDICTION,src/tracking/advanced_tracker.py:id_merge,
L,2,7503,PREDICTION,src/tracking/advanced_tracker.py:kalman_homography,
R,CLAMP,CLAMP,0
L,4,7503,PREDICTION,src/tracking/advanced_tracker.py:flow_gapfill_batched,
R,CLAMP,CLAMP,0
L,7,7503,PREDICTION,src/tracking/advanced_tracker.py:id_merge,
R,CLAMP,CLAMP,0
A,7503
S,7,7509,DETECTION,src/tracking/advanced_tracker.py:_activate_slot,7509_84_440_669_720
S,2,7509,PREDICTION,src/tracking/advanced_tracker.py:flow_gapfill_batched,
S,3,7509,PREDICTION,src/tracking/advanced_tracker.py:flow_gapfill_batched,
S,4,7509,PREDICTION,src/tracking/advanced_tracker.py:flow_gapfill_batched,
S,5,7509,PREDICTION,src/tracking/advanced_tracker.py:flow_gapfill_batched,
D,5,7509
S,7,7509,PREDICTION,src/tracking/advanced_tracker.py:id_merge,
L,2,7509,PREDICTION,src/tracking/advanced_tracker.py:flow_gapfill_batched,
R,CLAMP,CLAMP,0
L,3,7509,PREDICTION,src/tracking/advanced_tracker.py:flow_gapfill_batched,
R,CLAMP,CLAMP,0
L,4,7509,PREDICTION,src/tracking/advanced_tracker.py:flow_gapfill_batched,
R,CLAMP,CLAMP,0
L,7,7509,PREDICTION,src/tracking/advanced_tracker.py:id_merge,
R,CLAMP,CLAMP,0
A,7509
S,7,7515,DETECTION,src/tracking/advanced_tracker.py:_activate_slot,7515_84_428_669_720
S,3,7515,PREDICTION,src/tracking/advanced_tracker.py:flow_gapfill_batched,
S,4,7515,PREDICTION,src/tracking/advanced_tracker.py:flow_gapfill_batched,
S,5,7515,PREDICTION,src/tracking/advanced_tracker.py:flow_gapfill_batched,
S,6,7515,PREDICTION,src/tracking/advanced_tracker.py:flow_gapfill_batched,
S,8,7515,PREDICTION,src/tracking/advanced_tracker.py:flow_gapfill_batched,
D,5,7515
S,7,7515,PREDICTION,src/tracking/advanced_tracker.py:id_merge,
D,8,7515
S,7,7515,PREDICTION,src/tracking/advanced_tracker.py:id_merge,
L,3,7515,PREDICTION,src/tracking/advanced_tracker.py:flow_gapfill_batched,
R,CLAMP,CLAMP,0
L,4,7515,PREDICTION,src/tracking/advanced_tracker.py:flow_gapfill_batched,
R,CLAMP,CLAMP,0
L,6,7515,PREDICTION,src/tracking/advanced_tracker.py:flow_gapfill_batched,
R,CLAMP,CLAMP,0
L,7,7515,PREDICTION,src/tracking/advanced_tracker.py:id_merge,
R,CLAMP,CLAMP,0
A,7515
S,7,7521,DETECTION,src/tracking/advanced_tracker.py:_activate_slot,7521_82_406_670_708
S,0,7521,DETECTION,src/tracking/advanced_tracker.py:_activate_slot,7521_148_680_671_920
S,3,7521,PREDICTION,src/tracking/advanced_tracker.py:flow_gapfill_batched,
S,6,7521,PREDICTION,src/tracking/advanced_tracker.py:flow_gapfill_batched,
S,8,7521,PREDICTION,src/tracking/advanced_tracker.py:flow_gapfill_batched,
D,8,7521
S,7,7521,PREDICTION,src/tracking/advanced_tracker.py:id_merge,
L,0,7521,DETECTION,src/tracking/advanced_tracker.py:_activate_slot,7521_148_680_671_920
R,CLAMP,CLAMP,0
L,3,7521,PREDICTION,src/tracking/advanced_tracker.py:flow_gapfill_batched,
R,CLAMP,CLAMP,0
L,6,7521,PREDICTION,src/tracking/advanced_tracker.py:flow_gapfill_batched,
R,CLAMP,CLAMP,0
L,7,7521,PREDICTION,src/tracking/advanced_tracker.py:id_merge,
R,CLAMP,CLAMP,0
A,7521
S,0,7527,PREDICTION,src/tracking/advanced_tracker.py:flow_gapfill_batched,
S,3,7527,PREDICTION,src/tracking/advanced_tracker.py:flow_gapfill_batched,
S,4,7527,PREDICTION,src/tracking/advanced_tracker.py:flow_gapfill_batched,
D,4,7527
S,0,7527,PREDICTION,src/tracking/advanced_tracker.py:id_merge,
L,0,7527,PREDICTION,src/tracking/advanced_tracker.py:id_merge,
R,CLAMP,CLAMP,0
L,3,7527,PREDICTION,src/tracking/advanced_tracker.py:flow_gapfill_batched,
R,CLAMP,CLAMP,0
A,7527
S,3,7533,PREDICTION,src/tracking/advanced_tracker.py:flow_gapfill_batched,
S,10,7533,PREDICTION,src/tracking/advanced_tracker.py:flow_gapfill_batched,
L,3,7533,PREDICTION,src/tracking/advanced_tracker.py:flow_gapfill_batched,
R,CLAMP,CLAMP,0
A,7533
S,7,7539,DETECTION,src/tracking/advanced_tracker.py:_activate_slot,7539_75_378_670_685
S,9,7539,DETECTION,src/tracking/advanced_tracker.py:_activate_slot,7539_131_640_669_1044
S,0,7539,PREDICTION,src/tracking/advanced_tracker.py:flow_gapfill_batched,
S,3,7539,PREDICTION,src/tracking/advanced_tracker.py:flow_gapfill_batched,
S,4,7539,PREDICTION,src/tracking/advanced_tracker.py:flow_gapfill_batched,
D,4,7539
S,0,7539,PREDICTION,src/tracking/advanced_tracker.py:id_merge,
L,0,7539,PREDICTION,src/tracking/advanced_tracker.py:id_merge,
R,CLAMP,CLAMP,0
L,3,7539,PREDICTION,src/tracking/advanced_tracker.py:flow_gapfill_batched,
R,CLAMP,CLAMP,0
L,7,7539,DETECTION,src/tracking/advanced_tracker.py:_activate_slot,7539_75_378_670_685
R,CLAMP,CLAMP,0
L,9,7539,DETECTION,src/tracking/advanced_tracker.py:_activate_slot,7539_131_640_669_1044
R,CLAMP,CLAMP,0
A,7539
S,7,7545,DETECTION,src/tracking/advanced_tracker.py:_activate_slot,7545_74_375_671_681
S,0,7545,PREDICTION,src/tracking/advanced_tracker.py:flow_gapfill_batched,
S,3,7545,PREDICTION,src/tracking/advanced_tracker.py:flow_gapfill_batched,
L,0,7545,PREDICTION,src/tracking/advanced_tracker.py:flow_gapfill_batched,
R,CLAMP,CLAMP,0
L,3,7545,PREDICTION,src/tracking/advanced_tracker.py:flow_gapfill_batched,
R,CLAMP,CLAMP,0
L,7,7545,DETECTION,src/tracking/advanced_tracker.py:_activate_slot,7545_74_375_671_681
R,CLAMP,CLAMP,0
A,7545
S,2,7551,DETECTION,src/tracking/advanced_tracker.py:_activate_slot,7551_209_126_668_440
S,7,7551,PREDICTION,src/tracking/advanced_tracker.py:flow_gapfill_batched,
S,9,7551,PREDICTION,src/tracking/advanced_tracker.py:flow_gapfill_batched,
L,2,7551,DETECTION,src/tracking/advanced_tracker.py:_activate_slot,7551_209_126_668_440
R,CLAMP,CLAMP,0
L,7,7551,PREDICTION,src/tracking/advanced_tracker.py:flow_gapfill_batched,
R,CLAMP,CLAMP,0
L,9,7551,PREDICTION,src/tracking/advanced_tracker.py:flow_gapfill_batched,
R,CLAMP,CLAMP,0
A,7551
S,5,7557,DETECTION,src/tracking/advanced_tracker.py:_activate_slot,7557_75_371_668_692
S,0,7557,PREDICTION,src/tracking/advanced_tracker.py:flow_gapfill_batched,
S,2,7557,PREDICTION,src/tracking/advanced_tracker.py:flow_gapfill_batched,
S,7,7557,PREDICTION,src/tracking/advanced_tracker.py:flow_gapfill_batched,
S,9,7557,PREDICTION,src/tracking/advanced_tracker.py:flow_gapfill_batched,
D,7,7557
S,5,7557,PREDICTION,src/tracking/advanced_tracker.py:id_merge,
L,0,7557,PREDICTION,src/tracking/advanced_tracker.py:flow_gapfill_batched,
R,CLAMP,CLAMP,0
L,2,7557,PREDICTION,src/tracking/advanced_tracker.py:flow_gapfill_batched,
R,CLAMP,CLAMP,0
L,5,7557,PREDICTION,src/tracking/advanced_tracker.py:id_merge,
R,CLAMP,CLAMP,0
L,9,7557,PREDICTION,src/tracking/advanced_tracker.py:flow_gapfill_batched,
R,CLAMP,CLAMP,0
A,7557
