S,0,1392,DETECTION,src/tracking/advanced_tracker.py:_activate_slot,1392_279_311_533_412
S,1,1392,DETECTION,src/tracking/advanced_tracker.py:_activate_slot,1392_140_408_348_488
L,0,1392,DETECTION,src/tracking/advanced_tracker.py:_activate_slot,1392_279_311_533_412
R,DETECTION,DETECTION,1
L,1,1392,DETECTION,src/tracking/advanced_tracker.py:_activate_slot,1392_140_408_348_488
R,DETECTION,DETECTION,1
A,1392
S,0,1398,DETECTION,src/tracking/advanced_tracker.py:_activate_slot,1398_280_305_534_413
S,1,1398,DETECTION,src/tracking/advanced_tracker.py:_activate_slot,1398_140_408_348_489
L,0,1398,DETECTION,src/tracking/advanced_tracker.py:_activate_slot,1398_280_305_534_413
R,DETECTION,DETECTION,1
L,1,1398,DETECTION,src/tracking/advanced_tracker.py:_activate_slot,1398_140_408_348_489
R,DETECTION,SUBPIXEL,0
A,1398
S,0,1404,DETECTION,src/tracking/advanced_tracker.py:_activate_slot,1404_280_302_534_413
S,5,1404,DETECTION,src/tracking/advanced_tracker.py:_activate_slot,1404_140_408_348_497
S,1,1404,PREDICTION,src/tracking/advanced_tracker.py:kalman_homography,
L,0,1404,DETECTION,src/tracking/advanced_tracker.py:_activate_slot,1404_280_302_534_413
R,DETECTION,DETECTION,1
L,1,1404,PREDICTION,src/tracking/advanced_tracker.py:kalman_homography,
R,PREDICTION,PREDICTION,1
L,5,1404,DETECTION,src/tracking/advanced_tracker.py:_activate_slot,1404_140_408_348_497
R,DETECTION,DETECTION,1
A,1404
S,5,1410,DETECTION,src/tracking/advanced_tracker.py:_activate_slot,1410_139_405_348_490
S,6,1410,DETECTION,src/tracking/advanced_tracker.py:_activate_slot,1410_284_302_534_413
S,0,1410,PREDICTION,src/tracking/advanced_tracker.py:kalman_homography,
S,1,1410,PREDICTION,src/tracking/advanced_tracker.py:kalman_homography,
L,0,1410,PREDICTION,src/tracking/advanced_tracker.py:kalman_homography,
R,PREDICTION,PREDICTION,1
L,1,1410,PREDICTION,src/tracking/advanced_tracker.py:kalman_homography,
R,PREDICTION,SUBPIXEL,0
L,5,1410,DETECTION,src/tracking/advanced_tracker.py:_activate_slot,1410_139_405_348_490
R,DETECTION,DETECTION,1
L,6,1410,DETECTION,src/tracking/advanced_tracker.py:_activate_slot,1410_284_302_534_413
R,DETECTION,DETECTION,1
A,1410
S,5,1416,DETECTION,src/tracking/advanced_tracker.py:_activate_slot,1416_139_405_348_488
S,6,1416,DETECTION,src/tracking/advanced_tracker.py:_activate_slot,1416_282_304_534_409
S,0,1416,PREDICTION,src/tracking/advanced_tracker.py:kalman_homography,
S,1,1416,PREDICTION,src/tracking/advanced_tracker.py:kalman_homography,
L,0,1416,PREDICTION,src/tracking/advanced_tracker.py:kalman_homography,
R,PREDICTION,PREDICTION,1
L,1,1416,PREDICTION,src/tracking/advanced_tracker.py:kalman_homography,
R,PREDICTION,PREDICTION,1
L,5,1416,DETECTION,src/tracking/advanced_tracker.py:_activate_slot,1416_139_405_348_488
R,DETECTION,DETECTION,1
L,6,1416,DETECTION,src/tracking/advanced_tracker.py:_activate_slot,1416_282_304_534_409
R,DETECTION,DETECTION,1
A,1416
S,5,1422,DETECTION,src/tracking/advanced_tracker.py:_activate_slot,1422_139_404_345_487
S,6,1422,DETECTION,src/tracking/advanced_tracker.py:_activate_slot,1422_284_306_534_409
S,0,1422,PREDICTION,src/tracking/advanced_tracker.py:kalman_homography,
S,1,1422,PREDICTION,src/tracking/advanced_tracker.py:kalman_homography,
L,0,1422,PREDICTION,src/tracking/advanced_tracker.py:kalman_homography,
R,PREDICTION,PREDICTION,1
L,1,1422,PREDICTION,src/tracking/advanced_tracker.py:kalman_homography,
R,PREDICTION,SUBPIXEL,0
L,5,1422,DETECTION,src/tracking/advanced_tracker.py:_activate_slot,1422_139_404_345_487
R,DETECTION,DETECTION,1
L,6,1422,DETECTION,src/tracking/advanced_tracker.py:_activate_slot,1422_284_306_534_409
R,DETECTION,DETECTION,1
A,1422
S,5,1428,DETECTION,src/tracking/advanced_tracker.py:_activate_slot,1428_138_394_344_489
S,6,1428,DETECTION,src/tracking/advanced_tracker.py:_activate_slot,1428_284_304_537_407
S,0,1428,PREDICTION,src/tracking/advanced_tracker.py:kalman_homography,
S,1,1428,PREDICTION,src/tracking/advanced_tracker.py:kalman_homography,
L,0,1428,PREDICTION,src/tracking/advanced_tracker.py:kalman_homography,
R,PREDICTION,PREDICTION,1
L,1,1428,PREDICTION,src/tracking/advanced_tracker.py:kalman_homography,
R,PREDICTION,SUBPIXEL,0
L,5,1428,DETECTION,src/tracking/advanced_tracker.py:_activate_slot,1428_138_394_344_489
R,DETECTION,DETECTION,1
L,6,1428,DETECTION,src/tracking/advanced_tracker.py:_activate_slot,1428_284_304_537_407
R,DETECTION,DETECTION,1
A,1428
S,5,1434,DETECTION,src/tracking/advanced_tracker.py:_activate_slot,1434_138_391_345_486
S,6,1434,DETECTION,src/tracking/advanced_tracker.py:_activate_slot,1434_284_302_535_406
S,0,1434,PREDICTION,src/tracking/advanced_tracker.py:kalman_homography,
S,1,1434,PREDICTION,src/tracking/advanced_tracker.py:kalman_homography,
L,0,1434,PREDICTION,src/tracking/advanced_tracker.py:kalman_homography,
R,PREDICTION,PREDICTION,1
L,1,1434,PREDICTION,src/tracking/advanced_tracker.py:kalman_homography,
R,PREDICTION,SUBPIXEL,0
L,5,1434,DETECTION,src/tracking/advanced_tracker.py:_activate_slot,1434_138_391_345_486
R,DETECTION,DETECTION,1
L,6,1434,DETECTION,src/tracking/advanced_tracker.py:_activate_slot,1434_284_302_535_406
R,DETECTION,DETECTION,1
A,1434
S,5,1440,DETECTION,src/tracking/advanced_tracker.py:_activate_slot,1440_139_386_346_488
S,6,1440,DETECTION,src/tracking/advanced_tracker.py:_activate_slot,1440_285_298_535_404
S,0,1440,PREDICTION,src/tracking/advanced_tracker.py:kalman_homography,
S,1,1440,PREDICTION,src/tracking/advanced_tracker.py:kalman_homography,
L,0,1440,PREDICTION,src/tracking/advanced_tracker.py:kalman_homography,
R,PREDICTION,PREDICTION,1
L,1,1440,PREDICTION,src/tracking/advanced_tracker.py:kalman_homography,
R,PREDICTION,PREDICTION,1
L,5,1440,DETECTION,src/tracking/advanced_tracker.py:_activate_slot,1440_139_386_346_488
R,DETECTION,DETECTION,1
L,6,1440,DETECTION,src/tracking/advanced_tracker.py:_activate_slot,1440_285_298_535_404
R,DETECTION,DETECTION,1
A,1440
S,5,1446,DETECTION,src/tracking/advanced_tracker.py:_activate_slot,1446_138_388_346_496
S,6,1446,DETECTION,src/tracking/advanced_tracker.py:_activate_slot,1446_286_294_537_401
S,0,1446,PREDICTION,src/tracking/advanced_tracker.py:kalman_homography,
S,1,1446,PREDICTION,src/tracking/advanced_tracker.py:flow_gapfill_batched,
L,0,1446,PREDICTION,src/tracking/advanced_tracker.py:kalman_homography,
R,PREDICTION,PREDICTION,1
L,1,1446,PREDICTION,src/tracking/advanced_tracker.py:flow_gapfill_batched,
R,CLAMP,CLAMP,0
L,5,1446,DETECTION,src/tracking/advanced_tracker.py:_activate_slot,1446_138_388_346_496
R,DETECTION,DETECTION,1
L,6,1446,DETECTION,src/tracking/advanced_tracker.py:_activate_slot,1446_286_294_537_401
R,DETECTION,DETECTION,1
A,1446
S,5,1452,DETECTION,src/tracking/advanced_tracker.py:_activate_slot,1452_137_390_346_492
S,6,1452,DETECTION,src/tracking/advanced_tracker.py:_activate_slot,1452_282_292_536_398
S,0,1452,PREDICTION,src/tracking/advanced_tracker.py:flow_gapfill_batched,
L,0,1452,PREDICTION,src/tracking/advanced_tracker.py:flow_gapfill_batched,
R,PREDICTION,PREDICTION,1
L,5,1452,DETECTION,src/tracking/advanced_tracker.py:_activate_slot,1452_137_390_346_492
R,DETECTION,DETECTION,1
L,6,1452,DETECTION,src/tracking/advanced_tracker.py:_activate_slot,1452_282_292_536_398
R,DETECTION,DETECTION,1
A,1452
S,5,1458,DETECTION,src/tracking/advanced_tracker.py:_activate_slot,1458_138_383_348_483
S,6,1458,DETECTION,src/tracking/advanced_tracker.py:_activate_slot,1458_265_287_535_394
L,5,1458,DETECTION,src/tracking/advanced_tracker.py:_activate_slot,1458_138_383_348_483
R,DETECTION,DETECTION,1
L,6,1458,DETECTION,src/tracking/advanced_tracker.py:_activate_slot,1458_265_287_535_394
R,DETECTION,DETECTION,1
A,1458
S,5,1464,DETECTION,src/tracking/advanced_tracker.py:_activate_slot,1464_141_374_348_481
S,6,1464,DETECTION,src/tracking/advanced_tracker.py:_activate_slot,1464_266_284_533_393
L,5,1464,DETECTION,src/tracking/advanced_tracker.py:_activate_slot,1464_141_374_348_481
R,DETECTION,DETECTION,1
L,6,1464,DETECTION,src/tracking/advanced_tracker.py:_activate_slot,1464_266_284_533_393
R,DETECTION,DETECTION,1
A,1464
S,5,1470,DETECTION,src/tracking/advanced_tracker.py:_activate_slot,1470_143_375_347_477
S,6,1470,DETECTION,src/tracking/advanced_tracker.py:_activate_slot,1470_267_283_531_392
L,5,1470,DETECTION,src/tracking/advanced_tracker.py:_activate_slot,1470_143_375_347_477
R,DETECTION,DETECTION,1
L,6,1470,DETECTION,src/tracking/advanced_tracker.py:_activate_slot,1470_267_283_531_392
R,DETECTION,DETECTION,1
A,1470
S,5,1476,DETECTION,src/tracking/advanced_tracker.py:_activate_slot,1476_143_376_348_472
S,6,1476,DETECTION,src/tracking/advanced_tracker.py:_activate_slot,1476_267_282_531_393
L,5,1476,DETECTION,src/tracking/advanced_tracker.py:_activate_slot,1476_143_376_348_472
R,DETECTION,DETECTION,1
L,6,1476,DETECTION,src/tracking/advanced_tracker.py:_activate_slot,1476_267_282_531_393
R,DETECTION,SUBPIXEL,0
A,1476
S,5,1482,DETECTION,src/tracking/advanced_tracker.py:_activate_slot,1482_143_377_348_473
S,6,1482,DETECTION,src/tracking/advanced_tracker.py:_activate_slot,1482_273_281_532_391
L,5,1482,DETECTION,src/tracking/advanced_tracker.py:_activate_slot,1482_143_377_348_473
R,DETECTION,DETECTION,1
L,6,1482,DETECTION,src/tracking/advanced_tracker.py:_activate_slot,1482_273_281_532_391
R,DETECTION,DETECTION,1
A,1482
S,5,1488,DETECTION,src/tracking/advanced_tracker.py:_activate_slot,1488_143_376_347_474
S,6,1488,DETECTION,src/tracking/advanced_tracker.py:_activate_slot,1488_275_281_532_390
L,5,1488,DETECTION,src/tracking/advanced_tracker.py:_activate_slot,1488_143_376_347_474
R,DETECTION,DETECTION,1
L,6,1488,DETECTION,src/tracking/advanced_tracker.py:_activate_slot,1488_275_281_532_390
R,DETECTION,DETECTION,1
A,1488
S,5,1494,DETECTION,src/tracking/advanced_tracker.py:_activate_slot,1494_142_374_349_474
S,6,1494,DETECTION,src/tracking/advanced_tracker.py:_activate_slot,1494_273_281_532_387
L,5,1494,DETECTION,src/tracking/advanced_tracker.py:_activate_slot,1494_142_374_349_474
R,DETECTION,DETECTION,1
L,6,1494,DETECTION,src/tracking/advanced_tracker.py:_activate_slot,1494_273_281_532_387
R,DETECTION,DETECTION,1
A,1494
S,5,1500,DETECTION,src/tracking/advanced_tracker.py:_activate_slot,1500_142_373_348_474
S,6,1500,DETECTION,src/tracking/advanced_tracker.py:_activate_slot,1500_276_281_531_389
L,5,1500,DETECTION,src/tracking/advanced_tracker.py:_activate_slot,1500_142_373_348_474
R,DETECTION,DETECTION,1
L,6,1500,DETECTION,src/tracking/advanced_tracker.py:_activate_slot,1500_276_281_531_389
R,DETECTION,DETECTION,1
A,1500
S,0,1506,DETECTION,src/tracking/advanced_tracker.py:_activate_slot,1506_273_281_532_388
S,5,1506,DETECTION,src/tracking/advanced_tracker.py:_activate_slot,1506_143_374_349_473
S,6,1506,PREDICTION,src/tracking/advanced_tracker.py:kalman_homography,
L,0,1506,DETECTION,src/tracking/advanced_tracker.py:_activate_slot,1506_273_281_532_388
R,CLAMP,CLAMP,0
L,5,1506,DETECTION,src/tracking/advanced_tracker.py:_activate_slot,1506_143_374_349_473
R,DETECTION,DETECTION,1
L,6,1506,PREDICTION,src/tracking/advanced_tracker.py:kalman_homography,
R,PREDICTION,PREDICTION,1
A,1506
S,0,1512,DETECTION,src/tracking/advanced_tracker.py:_activate_slot,1512_272_281_532_390
S,5,1512,DETECTION,src/tracking/advanced_tracker.py:_activate_slot,1512_144_371_351_476
S,6,1512,PREDICTION,src/tracking/advanced_tracker.py:kalman_homography,
L,0,1512,DETECTION,src/tracking/advanced_tracker.py:_activate_slot,1512_272_281_532_390
R,CLAMP,CLAMP,0
L,5,1512,DETECTION,src/tracking/advanced_tracker.py:_activate_slot,1512_144_371_351_476
R,DETECTION,DETECTION,1
L,6,1512,PREDICTION,src/tracking/advanced_tracker.py:kalman_homography,
R,PREDICTION,PREDICTION,1
A,1512
S,0,1518,DETECTION,src/tracking/advanced_tracker.py:_activate_slot,1518_269_281_532_392
S,5,1518,DETECTION,src/tracking/advanced_tracker.py:_activate_slot,1518_143_369_350_475
S,6,1518,PREDICTION,src/tracking/advanced_tracker.py:kalman_homography,
L,0,1518,DETECTION,src/tracking/advanced_tracker.py:_activate_slot,1518_269_281_532_392
R,CLAMP,CLAMP,0
L,5,1518,DETECTION,src/tracking/advanced_tracker.py:_activate_slot,1518_143_369_350_475
R,DETECTION,DETECTION,1
L,6,1518,PREDICTION,src/tracking/advanced_tracker.py:kalman_homography,
R,PREDICTION,SUBPIXEL,0
A,1518
S,5,1524,DETECTION,src/tracking/advanced_tracker.py:_activate_slot,1524_144_371_353_469
S,6,1524,DETECTION,src/tracking/advanced_tracker.py:_activate_slot,1524_269_281_530_391
S,0,1524,PREDICTION,src/tracking/advanced_tracker.py:kalman_homography,
L,0,1524,PREDICTION,src/tracking/advanced_tracker.py:kalman_homography,
R,PREDICTION,PREDICTION,1
L,5,1524,DETECTION,src/tracking/advanced_tracker.py:_activate_slot,1524_144_371_353_469
R,DETECTION,DETECTION,1
L,6,1524,DETECTION,src/tracking/advanced_tracker.py:_activate_slot,1524_269_281_530_391
R,DETECTION,DETECTION,1
A,1524
S,0,1530,DETECTION,src/tracking/advanced_tracker.py:_activate_slot,1530_270_281_529_392
S,5,1530,DETECTION,src/tracking/advanced_tracker.py:_activate_slot,1530_146_373_355_469
S,6,1530,PREDICTION,src/tracking/advanced_tracker.py:kalman_homography,
L,0,1530,DETECTION,src/tracking/advanced_tracker.py:_activate_slot,1530_270_281_529_392
R,DETECTION,DETECTION,1
L,5,1530,DETECTION,src/tracking/advanced_tracker.py:_activate_slot,1530_146_373_355_469
R,DETECTION,DETECTION,1
L,6,1530,PREDICTION,src/tracking/advanced_tracker.py:kalman_homography,
R,PREDICTION,PREDICTION,1
A,1530
S,5,1536,DETECTION,src/tracking/advanced_tracker.py:_activate_slot,1536_148_373_360_473
S,6,1536,DETECTION,src/tracking/advanced_tracker.py:_activate_slot,1536_268_283_529_394
S,0,1536,PREDICTION,src/tracking/advanced_tracker.py:kalman_homography,
L,0,1536,PREDICTION,src/tracking/advanced_tracker.py:kalman_homography,
R,PREDICTION,PREDICTION,1
L,5,1536,DETECTION,src/tracking/advanced_tracker.py:_activate_slot,1536_148_373_360_473
R,DETECTION,DETECTION,1
L,6,1536,DETECTION,src/tracking/advanced_tracker.py:_activate_slot,1536_268_283_529_394
R,DETECTION,DETECTION,1
A,1536
S,5,1542,DETECTION,src/tracking/advanced_tracker.py:_activate_slot,1542_153_372_364_480
S,6,1542,DETECTION,src/tracking/advanced_tracker.py:_activate_slot,1542_268_286_530_395
S,0,1542,PREDICTION,src/tracking/advanced_tracker.py:kalman_homography,
L,0,1542,PREDICTION,src/tracking/advanced_tracker.py:kalman_homography,
R,PREDICTION,PREDICTION,1
L,5,1542,DETECTION,src/tracking/advanced_tracker.py:_activate_slot,1542_153_372_364_480
R,DETECTION,DETECTION,1
L,6,1542,DETECTION,src/tracking/advanced_tracker.py:_activate_slot,1542_268_286_530_395
R,DETECTION,DETECTION,1
A,1542
S,0,1548,DETECTION,src/tracking/advanced_tracker.py:_activate_slot,1548_264_290_526_396
S,5,1548,DETECTION,src/tracking/advanced_tracker.py:_activate_slot,1548_155_382_356_482
S,6,1548,PREDICTION,src/tracking/advanced_tracker.py:kalman_homography,
L,0,1548,DETECTION,src/tracking/advanced_tracker.py:_activate_slot,1548_264_290_526_396
R,DETECTION,DETECTION,1
L,5,1548,DETECTION,src/tracking/advanced_tracker.py:_activate_slot,1548_155_382_356_482
R,DETECTION,DETECTION,1
L,6,1548,PREDICTION,src/tracking/advanced_tracker.py:kalman_homography,
R,PREDICTION,PREDICTION,1
A,1548
S,0,1554,DETECTION,src/tracking/advanced_tracker.py:_activate_slot,1554_263_294_525_395
S,5,1554,DETECTION,src/tracking/advanced_tracker.py:_activate_slot,1554_157_383_362_484
S,6,1554,PREDICTION,src/tracking/advanced_tracker.py:kalman_homography,
L,0,1554,DETECTION,src/tracking/advanced_tracker.py:_activate_slot,1554_263_294_525_395
R,DETECTION,DETECTION,1
L,5,1554,DETECTION,src/tracking/advanced_tracker.py:_activate_slot,1554_157_383_362_484
R,DETECTION,DETECTION,1
L,6,1554,PREDICTION,src/tracking/advanced_tracker.py:kalman_homography,
R,PREDICTION,PREDICTION,1
A,1554
S,5,1560,DETECTION,src/tracking/advanced_tracker.py:_activate_slot,1560_157_386_364_479
S,6,1560,DETECTION,src/tracking/advanced_tracker.py:_activate_slot,1560_263_297_526_398
S,0,1560,PREDICTION,src/tracking/advanced_tracker.py:kalman_homography,
L,0,1560,PREDICTION,src/tracking/advanced_tracker.py:kalman_homography,
R,PREDICTION,PREDICTION,1
L,5,1560,DETECTION,src/tracking/advanced_tracker.py:_activate_slot,1560_157_386_364_479
R,DETECTION,DETECTION,1
L,6,1560,DETECTION,src/tracking/advanced_tracker.py:_activate_slot,1560_263_297_526_398
R,DETECTION,DETECTION,1
A,1560
S,5,1566,DETECTION,src/tracking/advanced_tracker.py:_activate_slot,1566_157_385_367_482
S,6,1566,DETECTION,src/tracking/advanced_tracker.py:_activate_slot,1566_276_301_525_402
S,0,1566,PREDICTION,src/tracking/advanced_tracker.py:kalman_homography,
L,0,1566,PREDICTION,src/tracking/advanced_tracker.py:kalman_homography,
R,PREDICTION,PREDICTION,1
L,5,1566,DETECTION,src/tracking/advanced_tracker.py:_activate_slot,1566_157_385_367_482
R,DETECTION,DETECTION,1
L,6,1566,DETECTION,src/tracking/advanced_tracker.py:_activate_slot,1566_276_301_525_402
R,DETECTION,DETECTION,1
A,1566
S,5,1572,DETECTION,src/tracking/advanced_tracker.py:_activate_slot,1572_167_389_369_485
S,6,1572,DETECTION,src/tracking/advanced_tracker.py:_activate_slot,1572_264_304_524_406
S,0,1572,PREDICTION,src/tracking/advanced_tracker.py:kalman_homography,
L,0,1572,PREDICTION,src/tracking/advanced_tracker.py:kalman_homography,
R,PREDICTION,PREDICTION,1
L,5,1572,DETECTION,src/tracking/advanced_tracker.py:_activate_slot,1572_167_389_369_485
R,DETECTION,DETECTION,1
L,6,1572,DETECTION,src/tracking/advanced_tracker.py:_activate_slot,1572_264_304_524_406
R,DETECTION,DETECTION,1
A,1572
S,5,1578,DETECTION,src/tracking/advanced_tracker.py:_activate_slot,1578_169_384_385_486
S,6,1578,DETECTION,src/tracking/advanced_tracker.py:_activate_slot,1578_280_307_520_411
S,0,1578,PREDICTION,src/tracking/advanced_tracker.py:kalman_homography,
L,0,1578,PREDICTION,src/tracking/advanced_tracker.py:kalman_homography,
R,PREDICTION,PREDICTION,1
L,5,1578,DETECTION,src/tracking/advanced_tracker.py:_activate_slot,1578_169_384_385_486
R,DETECTION,DETECTION,1
L,6,1578,DETECTION,src/tracking/advanced_tracker.py:_activate_slot,1578_280_307_520_411
R,DETECTION,DETECTION,1
A,1578
S,5,1584,DETECTION,src/tracking/advanced_tracker.py:_activate_slot,1584_172_391_393_486
S,6,1584,DETECTION,src/tracking/advanced_tracker.py:_activate_slot,1584_263_310_518_416
S,0,1584,PREDICTION,src/tracking/advanced_tracker.py:kalman_homography,
L,0,1584,PREDICTION,src/tracking/advanced_tracker.py:kalman_homography,
R,PREDICTION,PREDICTION,1
L,5,1584,DETECTION,src/tracking/advanced_tracker.py:_activate_slot,1584_172_391_393_486
R,DETECTION,DETECTION,1
L,6,1584,DETECTION,src/tracking/advanced_tracker.py:_activate_slot,1584_263_310_518_416
R,DETECTION,DETECTION,1
A,1584
S,5,1590,DETECTION,src/tracking/advanced_tracker.py:_activate_slot,1590_170_394_390_488
S,6,1590,DETECTION,src/tracking/advanced_tracker.py:_activate_slot,1590_260_313_518_423
S,0,1590,PREDICTION,src/tracking/advanced_tracker.py:kalman_homography,
L,0,1590,PREDICTION,src/tracking/advanced_tracker.py:kalman_homography,
R,PREDICTION,PREDICTION,1
L,5,1590,DETECTION,src/tracking/advanced_tracker.py:_activate_slot,1590_170_394_390_488
R,DETECTION,DETECTION,1
L,6,1590,DETECTION,src/tracking/advanced_tracker.py:_activate_slot,1590_260_313_518_423
R,DETECTION,DETECTION,1
A,1590
S,5,1596,DETECTION,src/tracking/advanced_tracker.py:_activate_slot,1596_172_397_389_490
S,6,1596,DETECTION,src/tracking/advanced_tracker.py:_activate_slot,1596_261_314_518_422
S,0,1596,PREDICTION,src/tracking/advanced_tracker.py:kalman_homography,
L,0,1596,PREDICTION,src/tracking/advanced_tracker.py:kalman_homography,
R,PREDICTION,PREDICTION,1
L,5,1596,DETECTION,src/tracking/advanced_tracker.py:_activate_slot,1596_172_397_389_490
R,DETECTION,DETECTION,1
L,6,1596,DETECTION,src/tracking/advanced_tracker.py:_activate_slot,1596_261_314_518_422
R,DETECTION,SUBPIXEL,0
A,1596
S,5,1602,DETECTION,src/tracking/advanced_tracker.py:_activate_slot,1602_177_399_399_491
S,6,1602,DETECTION,src/tracking/advanced_tracker.py:_activate_slot,1602_262_313_519_419
S,0,1602,PREDICTION,src/tracking/advanced_tracker.py:flow_gapfill_batched,
L,0,1602,PREDICTION,src/tracking/advanced_tracker.py:flow_gapfill_batched,
R,CLAMP,CLAMP,0
L,5,1602,DETECTION,src/tracking/advanced_tracker.py:_activate_slot,1602_177_399_399_491
R,DETECTION,DETECTION,1
L,6,1602,DETECTION,src/tracking/advanced_tracker.py:_activate_slot,1602_262_313_519_419
R,DETECTION,DETECTION,1
A,1602
S,5,1608,DETECTION,src/tracking/advanced_tracker.py:_activate_slot,1608_191_402_403_495
S,6,1608,DETECTION,src/tracking/advanced_tracker.py:_activate_slot,1608_263_313_518_421
L,5,1608,DETECTION,src/tracking/advanced_tracker.py:_activate_slot,1608_191_402_403_495
R,DETECTION,DETECTION,1
L,6,1608,DETECTION,src/tracking/advanced_tracker.py:_activate_slot,1608_263_313_518_421
R,DETECTION,DETECTION,1
A,1608
S,5,1614,DETECTION,src/tracking/advanced_tracker.py:_activate_slot,1614_191_403_414_497
S,6,1614,DETECTION,src/tracking/advanced_tracker.py:_activate_slot,1614_270_312_519_420
L,5,1614,DETECTION,src/tracking/advanced_tracker.py:_activate_slot,1614_191_403_414_497
R,DETECTION,DETECTION,1
L,6,1614,DETECTION,src/tracking/advanced_tracker.py:_activate_slot,1614_270_312_519_420
R,DETECTION,DETECTION,1
A,1614
S,5,1620,DETECTION,src/tracking/advanced_tracker.py:_activate_slot,1620_193_398_414_499
S,6,1620,DETECTION,src/tracking/advanced_tracker.py:_activate_slot,1620_269_310_518_447
L,5,1620,DETECTION,src/tracking/advanced_tracker.py:_activate_slot,1620_193_398_414_499
R,DETECTION,DETECTION,1
L,6,1620,DETECTION,src/tracking/advanced_tracker.py:_activate_slot,1620_269_310_518_447
R,DETECTION,DETECTION,1
A,1620
S,5,1626,DETECTION,src/tracking/advanced_tracker.py:_activate_slot,1626_192_407_417_501
S,6,1626,DETECTION,src/tracking/advanced_tracker.py:_activate_slot,1626_262_310_518_445
L,5,1626,DETECTION,src/tracking/advanced_tracker.py:_activate_slot,1626_192_407_417_501
R,DETECTION,DETECTION,1
L,6,1626,DETECTION,src/tracking/advanced_tracker.py:_activate_slot,1626_262_310_518_445
R,DETECTION,DETECTION,1
A,1626
S,5,1632,DETECTION,src/tracking/advanced_tracker.py:_activate_slot,1632_191_418_420_515
S,6,1632,DETECTION,src/tracking/advanced_tracker.py:_activate_slot,1632_261_307_520_450
S,7,1632,DETECTION,src/tracking/advanced_tracker.py:_activate_slot,1632_152_496_331_589
L,5,1632,DETECTION,src/tracking/advanced_tracker.py:_activate_slot,1632_191_418_420_515
R,DETECTION,DETECTION,1
L,6,1632,DETECTION,src/tracking/advanced_tracker.py:_activate_slot,1632_261_307_520_450
R,DETECTION,DETECTION,1
L,7,1632,DETECTION,src/tracking/advanced_tracker.py:_activate_slot,1632_152_496_331_589
R,DETECTION,DETECTION,1
A,1632
S,5,1638,DETECTION,src/tracking/advanced_tracker.py:_activate_slot,1638_198_425_431_512
S,6,1638,DETECTION,src/tracking/advanced_tracker.py:_activate_slot,1638_266_305_518_419
S,7,1638,PREDICTION,src/tracking/advanced_tracker.py:flow_gapfill_batched,
L,5,1638,DETECTION,src/tracking/advanced_tracker.py:_activate_slot,1638_198_425_431_512
R,DETECTION,DETECTION,1
L,6,1638,DETECTION,src/tracking/advanced_tracker.py:_activate_slot,1638_266_305_518_419
R,DETECTION,DETECTION,1
L,7,1638,PREDICTION,src/tracking/advanced_tracker.py:flow_gapfill_batched,
R,PREDICTION,PREDICTION,1
A,1638
S,5,1644,DETECTION,src/tracking/advanced_tracker.py:_activate_slot,1644_208_418_435_528
S,7,1644,CLAMP,src/tracking/advanced_tracker.py:_activate_slot,1644_262_301_519_414
S,1,1644,DETECTION,src/tracking/advanced_tracker.py:_activate_slot,1644_208_421_430_505
S,6,1644,PREDICTION,src/tracking/advanced_tracker.py:kalman_homography,
L,1,1644,DETECTION,src/tracking/advanced_tracker.py:_activate_slot,1644_208_421_430_505
R,CLAMP,CLAMP,0
L,5,1644,DETECTION,src/tracking/advanced_tracker.py:_activate_slot,1644_208_418_435_528
R,DETECTION,DETECTION,1
L,6,1644,PREDICTION,src/tracking/advanced_tracker.py:kalman_homography,
R,PREDICTION,PREDICTION,1
L,7,1644,CLAMP,src/tracking/advanced_tracker.py:_activate_slot,1644_262_301_519_414
R,CLAMP,CLAMP,0
A,1644
S,5,1650,DETECTION,src/tracking/advanced_tracker.py:_activate_slot,1650_210_415_435_527
S,7,1650,CLAMP,src/tracking/advanced_tracker.py:_activate_slot,1650_271_302_518_407
S,8,1650,DETECTION,src/tracking/advanced_tracker.py:_activate_slot,1650_209_419_430_506
S,1,1650,PREDICTION,src/tracking/advanced_tracker.py:kalman_homography,
S,6,1650,PREDICTION,src/tracking/advanced_tracker.py:kalman_homography,
D,5,1650
S,8,1650,PREDICTION,src/tracking/advanced_tracker.py:id_merge,
L,1,1650,PREDICTION,src/tracking/advanced_tracker.py:kalman_homography,
R,CLAMP,CLAMP,0
L,6,1650,PREDICTION,src/tracking/advanced_tracker.py:kalman_homography,
R,PREDICTION,PREDICTION,1
L,7,1650,CLAMP,src/tracking/advanced_tracker.py:_activate_slot,1650_271_302_518_407
R,CLAMP,CLAMP,0
L,8,1650,PREDICTION,src/tracking/advanced_tracker.py:id_merge,
R,PREDICTION,PREDICTION,1
A,1650
S,5,1656,DETECTION,src/tracking/advanced_tracker.py:_activate_slot,1656_213_417_437_518
S,6,1656,DETECTION,src/tracking/advanced_tracker.py:_activate_slot,1656_267_295_522_400
S,9,1656,DETECTION,src/tracking/advanced_tracker.py:_activate_slot,1656_158_496_322_588
S,1,1656,PREDICTION,src/tracking/advanced_tracker.py:kalman_homography,
S,8,1656,PREDICTION,src/tracking/advanced_tracker.py:kalman_homography,
S,7,1656,PREDICTION,src/tracking/advanced_tracker.py:flow_gapfill_batched,
D,8,1656
S,5,1656,PREDICTION,src/tracking/advanced_tracker.py:id_merge,
D,7,1656
S,6,1656,PREDICTION,src/tracking/advanced_tracker.py:id_merge,
L,1,1656,PREDICTION,src/tracking/advanced_tracker.py:kalman_homography,
R,CLAMP,CLAMP,0
L,5,1656,PREDICTION,src/tracking/advanced_tracker.py:id_merge,
R,PREDICTION,PREDICTION,1
L,6,1656,PREDICTION,src/tracking/advanced_tracker.py:id_merge,
R,CLAMP,CLAMP,0
L,9,1656,DETECTION,src/tracking/advanced_tracker.py:_activate_slot,1656_158_496_322_588
R,DETECTION,DETECTION,1
A,1656
S,7,1662,CLAMP,src/tracking/advanced_tracker.py:_activate_slot,1662_265_289_521_401
S,8,1662,DETECTION,src/tracking/advanced_tracker.py:_activate_slot,1662_215_425_436_519
S,9,1662,DETECTION,src/tracking/advanced_tracker.py:_activate_slot,1662_160_493_318_586
S,1,1662,PREDICTION,src/tracking/advanced_tracker.py:kalman_homography,
S,6,1662,PREDICTION,src/tracking/advanced_tracker.py:kalman_homography,
S,5,1662,PREDICTION,src/tracking/advanced_tracker.py:flow_gapfill_batched,
D,5,1662
S,8,1662,PREDICTION,src/tracking/advanced_tracker.py:id_merge,
D,7,1662
S,9,1662,PREDICTION,src/tracking/advanced_tracker.py:id_merge,
L,1,1662,PREDICTION,src/tracking/advanced_tracker.py:kalman_homography,
R,CLAMP,CLAMP,0
L,6,1662,PREDICTION,src/tracking/advanced_tracker.py:kalman_homography,
R,PREDICTION,PREDICTION,1
L,8,1662,PREDICTION,src/tracking/advanced_tracker.py:id_merge,
R,PREDICTION,PREDICTION,1
L,9,1662,PREDICTION,src/tracking/advanced_tracker.py:id_merge,
R,PREDICTION,PREDICTION,1
A,1662
S,6,1668,DETECTION,src/tracking/advanced_tracker.py:_activate_slot,1668_268_285_522_402
S,8,1668,DETECTION,src/tracking/advanced_tracker.py:_activate_slot,1668_216_425_436_521
S,9,1668,DETECTION,src/tracking/advanced_tracker.py:_activate_slot,1668_162_490_319_584
S,1,1668,PREDICTION,src/tracking/advanced_tracker.py:kalman_homography,
S,7,1668,PREDICTION,src/tracking/advanced_tracker.py:kalman_homography,
S,5,1668,PREDICTION,src/tracking/advanced_tracker.py:flow_gapfill_batched,
D,5,1668
S,8,1668,PREDICTION,src/tracking/advanced_tracker.py:id_merge,
L,1,1668,PREDICTION,src/tracking/advanced_tracker.py:kalman_homography,
R,CLAMP,CLAMP,0
L,6,1668,DETECTION,src/tracking/advanced_tracker.py:_activate_slot,1668_268_285_522_402
R,DETECTION,DETECTION,1
L,7,1668,PREDICTION,src/tracking/advanced_tracker.py:kalman_homography,
R,CLAMP,CLAMP,0
L,8,1668,PREDICTION,src/tracking/advanced_tracker.py:id_merge,
R,PREDICTION,PREDICTION,1
L,9,1668,DETECTION,src/tracking/advanced_tracker.py:_activate_slot,1668_162_490_319_584
R,DETECTION,DETECTION,1
A,1668
S,7,1674,DETECTION,src/tracking/advanced_tracker.py:_activate_slot,1674_265_282_521_403
S,9,1674,DETECTION,src/tracking/advanced_tracker.py:_activate_slot,1674_164_489_318_580
S,1,1674,PREDICTION,src/tracking/advanced_tracker.py:kalman_homography,
S,6,1674,PREDICTION,src/tracking/advanced_tracker.py:kalman_homography,
S,5,1674,PREDICTION,src/tracking/advanced_tracker.py:flow_gapfill_batched,
S,8,1674,PREDICTION,src/tracking/advanced_tracker.py:flow_gapfill_batched,
D,5,1674
S,8,1674,PREDICTION,src/tracking/advanced_tracker.py:id_merge,
L,1,1674,PREDICTION,src/tracking/advanced_tracker.py:kalman_homography,
R,CLAMP,CLAMP,0
L,6,1674,PREDICTION,src/tracking/advanced_tracker.py:kalman_homography,
R,PREDICTION,PREDICTION,1
L,7,1674,DETECTION,src/tracking/advanced_tracker.py:_activate_slot,1674_265_282_521_403
R,CLAMP,CLAMP,0
L,8,1674,PREDICTION,src/tracking/advanced_tracker.py:id_merge,
R,PREDICTION,PREDICTION,1
L,9,1674,DETECTION,src/tracking/advanced_tracker.py:_activate_slot,1674_164_489_318_580
R,DETECTION,DETECTION,1
A,1674
S,7,1680,DETECTION,src/tracking/advanced_tracker.py:_activate_slot,1680_268_283_521_401
S,9,1680,DETECTION,src/tracking/advanced_tracker.py:_activate_slot,1680_160_487_315_576
S,1,1680,PREDICTION,src/tracking/advanced_tracker.py:kalman_homography,
S,6,1680,PREDICTION,src/tracking/advanced_tracker.py:kalman_homography,
S,5,1680,PREDICTION,src/tracking/advanced_tracker.py:flow_gapfill_batched,
S,8,1680,PREDICTION,src/tracking/advanced_tracker.py:flow_gapfill_batched,
D,5,1680
S,8,1680,PREDICTION,src/tracking/advanced_tracker.py:id_merge,
D,6,1680
S,7,1680,PREDICTION,src/tracking/advanced_tracker.py:id_merge,
L,1,1680,PREDICTION,src/tracking/advanced_tracker.py:kalman_homography,
R,CLAMP,CLAMP,0
L,7,1680,PREDICTION,src/tracking/advanced_tracker.py:id_merge,
R,CLAMP,CLAMP,0
L,8,1680,PREDICTION,src/tracking/advanced_tracker.py:id_merge,
R,PREDICTION,PREDICTION,1
L,9,1680,DETECTION,src/tracking/advanced_tracker.py:_activate_slot,1680_160_487_315_576
R,DETECTION,DETECTION,1
A,1680
S,7,1686,DETECTION,src/tracking/advanced_tracker.py:_activate_slot,1686_264_285_520_398
S,1,1686,PREDICTION,src/tracking/advanced_tracker.py:kalman_homography,
S,6,1686,PREDICTION,src/tracking/advanced_tracker.py:kalman_homography,
S,9,1686,PREDICTION,src/tracking/advanced_tracker.py:kalman_homography,
S,5,1686,PREDICTION,src/tracking/advanced_tracker.py:flow_gapfill_batched,
S,8,1686,PREDICTION,src/tracking/advanced_tracker.py:flow_gapfill_batched,
D,5,1686
S,8,1686,PREDICTION,src/tracking/advanced_tracker.py:id_merge,
D,6,1686
S,7,1686,PREDICTION,src/tracking/advanced_tracker.py:id_merge,
L,1,1686,PREDICTION,src/tracking/advanced_tracker.py:kalman_homography,
R,CLAMP,CLAMP,0
L,7,1686,PREDICTION,src/tracking/advanced_tracker.py:id_merge,
R,CLAMP,CLAMP,0
L,8,1686,PREDICTION,src/tracking/advanced_tracker.py:id_merge,
R,PREDICTION,SUBPIXEL,0
L,9,1686,PREDICTION,src/tracking/advanced_tracker.py:kalman_homography,
R,PREDICTION,PREDICTION,1
A,1686
S,7,1692,DETECTION,src/tracking/advanced_tracker.py:_activate_slot,1692_264_285_524_392
S,9,1692,DETECTION,src/tracking/advanced_tracker.py:_activate_slot,1692_155_476_316_569
S,1,1692,PREDICTION,src/tracking/advanced_tracker.py:flow_gapfill_batched,
S,5,1692,PREDICTION,src/tracking/advanced_tracker.py:flow_gapfill_batched,
S,6,1692,PREDICTION,src/tracking/advanced_tracker.py:flow_gapfill_batched,
S,8,1692,PREDICTION,src/tracking/advanced_tracker.py:flow_gapfill_batched,
D,5,1692
S,8,1692,PREDICTION,src/tracking/advanced_tracker.py:id_merge,
D,6,1692
S,7,1692,PREDICTION,src/tracking/advanced_tracker.py:id_merge,
L,1,1692,PREDICTION,src/tracking/advanced_tracker.py:flow_gapfill_batched,
R,CLAMP,CLAMP,0
L,7,1692,PREDICTION,src/tracking/advanced_tracker.py:id_merge,
R,CLAMP,CLAMP,0
L,8,1692,PREDICTION,src/tracking/advanced_tracker.py:id_merge,
R,PREDICTION,PREDICTION,1
L,9,1692,DETECTION,src/tracking/advanced_tracker.py:_activate_slot,1692_155_476_316_569
R,DETECTION,DETECTION,1
A,1692
S,1,1698,DETECTION,src/tracking/advanced_tracker.py:_activate_slot,1698_268_287_526_390
S,7,1698,PREDICTION,src/tracking/advanced_tracker.py:kalman_homography,
S,9,1698,PREDICTION,src/tracking/advanced_tracker.py:kalman_homography,
S,5,1698,PREDICTION,src/tracking/advanced_tracker.py:flow_gapfill_batched,
S,6,1698,PREDICTION,src/tracking/advanced_tracker.py:flow_gapfill_batched,
S,8,1698,PREDICTION,src/tracking/advanced_tracker.py:flow_gapfill_batched,
D,5,1698
S,8,1698,PREDICTION,src/tracking/advanced_tracker.py:id_merge,
D,6,1698
S,7,1698,PREDICTION,src/tracking/advanced_tracker.py:id_merge,
L,1,1698,DETECTION,src/tracking/advanced_tracker.py:_activate_slot,1698_268_287_526_390
R,CLAMP,CLAMP,0
L,7,1698,PREDICTION,src/tracking/advanced_tracker.py:id_merge,
R,CLAMP,CLAMP,0
L,8,1698,PREDICTION,src/tracking/advanced_tracker.py:id_merge,
R,PREDICTION,PREDICTION,1
L,9,1698,PREDICTION,src/tracking/advanced_tracker.py:kalman_homography,
R,PREDICTION,PREDICTION,1
A,1698
S,6,1704,DETECTION,src/tracking/advanced_tracker.py:_activate_slot,1704_269_289_527_391
S,7,1704,PREDICTION,src/tracking/advanced_tracker.py:kalman_homography,
S,9,1704,PREDICTION,src/tracking/advanced_tracker.py:kalman_homography,
S,1,1704,PREDICTION,src/tracking/advanced_tracker.py:flow_gapfill_batched,
D,7,1704
S,6,1704,PREDICTION,src/tracking/advanced_tracker.py:id_merge,
L,1,1704,PREDICTION,src/tracking/advanced_tracker.py:flow_gapfill_batched,
R,CLAMP,CLAMP,0
L,6,1704,PREDICTION,src/tracking/advanced_tracker.py:id_merge,
R,PREDICTION,PREDICTION,1
L,9,1704,PREDICTION,src/tracking/advanced_tracker.py:kalman_homography,
R,PREDICTION,PREDICTION,1
A,1704
S,7,1710,DETECTION,src/tracking/advanced_tracker.py:_activate_slot,1710_269_292_533_390
S,6,1710,PREDICTION,src/tracking/advanced_tracker.py:kalman_homography,
S,9,1710,PREDICTION,src/tracking/advanced_tracker.py:kalman_homography,
S,1,1710,PREDICTION,src/tracking/advanced_tracker.py:flow_gapfill_batched,
D,6,1710
S,7,1710,PREDICTION,src/tracking/advanced_tracker.py:id_merge,
L,1,1710,PREDICTION,src/tracking/advanced_tracker.py:flow_gapfill_batched,
R,CLAMP,CLAMP,0
L,7,1710,PREDICTION,src/tracking/advanced_tracker.py:id_merge,
R,CLAMP,CLAMP,0
L,9,1710,PREDICTION,src/tracking/advanced_tracker.py:kalman_homography,
R,PREDICTION,PREDICTION,1
A,1710
S,7,1716,DETECTION,src/tracking/advanced_tracker.py:_activate_slot,1716_264_296_533_393
S,6,1716,PREDICTION,src/tracking/advanced_tracker.py:kalman_homography,
S,9,1716,PREDICTION,src/tracking/advanced_tracker.py:kalman_homography,
S,1,1716,PREDICTION,src/tracking/advanced_tracker.py:flow_gapfill_batched,
D,6,1716
S,7,1716,PREDICTION,src/tracking/advanced_tracker.py:id_merge,
L,1,1716,PREDICTION,src/tracking/advanced_tracker.py:flow_gapfill_batched,
R,CLAMP,CLAMP,0
L,7,1716,PREDICTION,src/tracking/advanced_tracker.py:id_merge,
R,CLAMP,CLAMP,0
L,9,1716,PREDICTION,src/tracking/advanced_tracker.py:kalman_homography,
R,PREDICTION,PREDICTION,1
A,1716
S,7,1722,DETECTION,src/tracking/advanced_tracker.py:_activate_slot,1722_267_299_534_396
S,6,1722,PREDICTION,src/tracking/advanced_tracker.py:kalman_homography,
S,9,1722,PREDICTION,src/tracking/advanced_tracker.py:kalman_homography,
S,1,1722,PREDICTION,src/tracking/advanced_tracker.py:flow_gapfill_batched,
D,6,1722
S,7,1722,PREDICTION,src/tracking/advanced_tracker.py:id_merge,
L,1,1722,PREDICTION,src/tracking/advanced_tracker.py:flow_gapfill_batched,
R,CLAMP,CLAMP,0
L,7,1722,PREDICTION,src/tracking/advanced_tracker.py:id_merge,
R,CLAMP,CLAMP,0
L,9,1722,PREDICTION,src/tracking/advanced_tracker.py:kalman_homography,
R,PREDICTION,PREDICTION,1
A,1722
S,7,1728,DETECTION,src/tracking/advanced_tracker.py:_activate_slot,1728_276_301_534_400
S,6,1728,PREDICTION,src/tracking/advanced_tracker.py:kalman_homography,
S,9,1728,PREDICTION,src/tracking/advanced_tracker.py:kalman_homography,
S,1,1728,PREDICTION,src/tracking/advanced_tracker.py:flow_gapfill_batched,
L,1,1728,PREDICTION,src/tracking/advanced_tracker.py:flow_gapfill_batched,
R,CLAMP,CLAMP,0
L,6,1728,PREDICTION,src/tracking/advanced_tracker.py:kalman_homography,
R,PREDICTION,PREDICTION,1
L,7,1728,DETECTION,src/tracking/advanced_tracker.py:_activate_slot,1728_276_301_534_400
R,CLAMP,CLAMP,0
L,9,1728,PREDICTION,src/tracking/advanced_tracker.py:kalman_homography,
R,PREDICTION,PREDICTION,1
A,1728
S,7,1734,DETECTION,src/tracking/advanced_tracker.py:_activate_slot,1734_279_304_535_406
S,6,1734,PREDICTION,src/tracking/advanced_tracker.py:kalman_homography,
S,9,1734,PREDICTION,src/tracking/advanced_tracker.py:kalman_homography,
S,1,1734,PREDICTION,src/tracking/advanced_tracker.py:flow_gapfill_batched,
L,1,1734,PREDICTION,src/tracking/advanced_tracker.py:flow_gapfill_batched,
R,CLAMP,CLAMP,0
L,6,1734,PREDICTION,src/tracking/advanced_tracker.py:kalman_homography,
R,PREDICTION,SUBPIXEL,0
L,7,1734,DETECTION,src/tracking/advanced_tracker.py:_activate_slot,1734_279_304_535_406
R,CLAMP,CLAMP,0
L,9,1734,PREDICTION,src/tracking/advanced_tracker.py:kalman_homography,
R,PREDICTION,PREDICTION,1
A,1734
S,7,1740,DETECTION,src/tracking/advanced_tracker.py:_activate_slot,1740_277_304_535_407
S,6,1740,PREDICTION,src/tracking/advanced_tracker.py:kalman_homography,
S,1,1740,PREDICTION,src/tracking/advanced_tracker.py:flow_gapfill_batched,
S,9,1740,PREDICTION,src/tracking/advanced_tracker.py:flow_gapfill_batched,
L,1,1740,PREDICTION,src/tracking/advanced_tracker.py:flow_gapfill_batched,
R,CLAMP,CLAMP,0
L,6,1740,PREDICTION,src/tracking/advanced_tracker.py:kalman_homography,
R,PREDICTION,PREDICTION,1
L,7,1740,DETECTION,src/tracking/advanced_tracker.py:_activate_slot,1740_277_304_535_407
R,CLAMP,CLAMP,0
L,9,1740,PREDICTION,src/tracking/advanced_tracker.py:flow_gapfill_batched,
R,PREDICTION,PREDICTION,1
A,1740
S,7,1746,DETECTION,src/tracking/advanced_tracker.py:_activate_slot,1746_279_305_536_408
S,9,1746,DETECTION,src/tracking/advanced_tracker.py:_activate_slot,1746_153_489_318_579
S,6,1746,PREDICTION,src/tracking/advanced_tracker.py:kalman_homography,
S,1,1746,PREDICTION,src/tracking/advanced_tracker.py:flow_gapfill_batched,
L,1,1746,PREDICTION,src/tracking/advanced_tracker.py:flow_gapfill_batched,
R,CLAMP,CLAMP,0
L,6,1746,PREDICTION,src/tracking/advanced_tracker.py:kalman_homography,
R,PREDICTION,SUBPIXEL,0
L,7,1746,DETECTION,src/tracking/advanced_tracker.py:_activate_slot,1746_279_305_536_408
R,CLAMP,CLAMP,0
L,9,1746,DETECTION,src/tracking/advanced_tracker.py:_activate_slot,1746_153_489_318_579
R,DETECTION,DETECTION,1
A,1746
S,7,1752,DETECTION,src/tracking/advanced_tracker.py:_activate_slot,1752_278_306_536_408
S,9,1752,PREDICTION,src/tracking/advanced_tracker.py:kalman_homography,
S,6,1752,PREDICTION,src/tracking/advanced_tracker.py:flow_gapfill_batched,
L,6,1752,PREDICTION,src/tracking/advanced_tracker.py:flow_gapfill_batched,
R,PREDICTION,PREDICTION,1
L,7,1752,DETECTION,src/tracking/advanced_tracker.py:_activate_slot,1752_278_306_536_408
R,CLAMP,CLAMP,0
L,9,1752,PREDICTION,src/tracking/advanced_tracker.py:kalman_homography,
R,PREDICTION,PREDICTION,1
A,1752
S,7,1758,DETECTION,src/tracking/advanced_tracker.py:_activate_slot,1758_279_309_536_407
S,9,1758,PREDICTION,src/tracking/advanced_tracker.py:kalman_homography,
L,7,1758,DETECTION,src/tracking/advanced_tracker.py:_activate_slot,1758_279_309_536_407
R,CLAMP,CLAMP,0
L,9,1758,PREDICTION,src/tracking/advanced_tracker.py:kalman_homography,
R,PREDICTION,PREDICTION,1
A,1758
S,1,1764,DETECTION,src/tracking/advanced_tracker.py:_activate_slot,1764_280_312_537_405
S,7,1764,PREDICTION,src/tracking/advanced_tracker.py:kalman_homography,
S,9,1764,PREDICTION,src/tracking/advanced_tracker.py:kalman_homography,
L,1,1764,DETECTION,src/tracking/advanced_tracker.py:_activate_slot,1764_280_312_537_405
R,CLAMP,CLAMP,0
L,7,1764,PREDICTION,src/tracking/advanced_tracker.py:kalman_homography,
R,CLAMP,CLAMP,0
L,9,1764,PREDICTION,src/tracking/advanced_tracker.py:kalman_homography,
R,PREDICTION,PREDICTION,1
A,1764
S,7,1770,DETECTION,src/tracking/advanced_tracker.py:_activate_slot,1770_281_312_536_405
S,1,1770,PREDICTION,src/tracking/advanced_tracker.py:kalman_homography,
S,9,1770,PREDICTION,src/tracking/advanced_tracker.py:flow_gapfill_batched,
L,1,1770,PREDICTION,src/tracking/advanced_tracker.py:kalman_homography,
R,CLAMP,CLAMP,0
L,7,1770,DETECTION,src/tracking/advanced_tracker.py:_activate_slot,1770_281_312_536_405
R,CLAMP,CLAMP,0
L,9,1770,PREDICTION,src/tracking/advanced_tracker.py:flow_gapfill_batched,
R,PREDICTION,PREDICTION,1
A,1770
S,6,1776,DETECTION,src/tracking/advanced_tracker.py:_activate_slot,1776_279_304_532_401
S,7,1776,DETECTION,src/tracking/advanced_tracker.py:_activate_slot,1776_145_496_330_590
S,1,1776,PREDICTION,src/tracking/advanced_tracker.py:kalman_homography,
S,9,1776,PREDICTION,src/tracking/advanced_tracker.py:flow_gapfill_batched,
L,1,1776,PREDICTION,src/tracking/advanced_tracker.py:kalman_homography,
R,CLAMP,CLAMP,0
L,6,1776,DETECTION,src/tracking/advanced_tracker.py:_activate_slot,1776_279_304_532_401
R,CLAMP,CLAMP,0
L,7,1776,DETECTION,src/tracking/advanced_tracker.py:_activate_slot,1776_145_496_330_590
R,DETECTION,DETECTION,1
L,9,1776,PREDICTION,src/tracking/advanced_tracker.py:flow_gapfill_batched,
R,PREDICTION,PREDICTION,1
A,1776
S,6,1782,DETECTION,src/tracking/advanced_tracker.py:_activate_slot,1782_278_297_535_400
S,9,1782,DETECTION,src/tracking/advanced_tracker.py:_activate_slot,1782_146_496_317_592
S,1,1782,PREDICTION,src/tracking/advanced_tracker.py:kalman_homography,
S,7,1782,PREDICTION,src/tracking/advanced_tracker.py:flow_gapfill_batched,
D,7,1782
S,9,1782,PREDICTION,src/tracking/advanced_tracker.py:id_merge,
L,1,1782,PREDICTION,src/tracking/advanced_tracker.py:kalman_homography,
R,CLAMP,CLAMP,0
L,6,1782,DETECTION,src/tracking/advanced_tracker.py:_activate_slot,1782_278_297_535_400
R,DETECTION,DETECTION,1
L,9,1782,PREDICTION,src/tracking/advanced_tracker.py:id_merge,
R,PREDICTION,PREDICTION,1
A,1782
S,7,1788,CLAMP,src/tracking/advanced_tracker.py:_activate_slot,1788_281_302_536_399
S,9,1788,DETECTION,src/tracking/advanced_tracker.py:_activate_slot,1788_146_498_314_588
S,1,1788,PREDICTION,src/tracking/advanced_tracker.py:kalman_homography,
S,6,1788,PREDICTION,src/tracking/advanced_tracker.py:kalman_homography,
D,7,1788
S,9,1788,PREDICTION,src/tracking/advanced_tracker.py:id_merge,
L,1,1788,PREDICTION,src/tracking/advanced_tracker.py:kalman_homography,
R,CLAMP,CLAMP,0
L,6,1788,PREDICTION,src/tracking/advanced_tracker.py:kalman_homography,
R,PREDICTION,PREDICTION,1
L,9,1788,PREDICTION,src/tracking/advanced_tracker.py:id_merge,
R,PREDICTION,PREDICTION,1
A,1788
S,7,1794,CLAMP,src/tracking/advanced_tracker.py:_activate_slot,1794_279_304_536_401
S,9,1794,DETECTION,src/tracking/advanced_tracker.py:_activate_slot,1794_143_497_314_586
S,1,1794,PREDICTION,src/tracking/advanced_tracker.py:kalman_homography,
S,6,1794,PREDICTION,src/tracking/advanced_tracker.py:kalman_homography,
L,1,1794,PREDICTION,src/tracking/advanced_tracker.py:kalman_homography,
R,CLAMP,CLAMP,0
L,6,1794,PREDICTION,src/tracking/advanced_tracker.py:kalman_homography,
R,PREDICTION,PREDICTION,1
L,7,1794,CLAMP,src/tracking/advanced_tracker.py:_activate_slot,1794_279_304_536_401
R,CLAMP,CLAMP,0
L,9,1794,DETECTION,src/tracking/advanced_tracker.py:_activate_slot,1794_143_497_314_586
R,DETECTION,DETECTION,1
A,1794
S,6,1800,DETECTION,src/tracking/advanced_tracker.py:_activate_slot,1800_279_304_536_403
S,9,1800,DETECTION,src/tracking/advanced_tracker.py:_activate_slot,1800_141_499_318_585
S,1,1800,PREDICTION,src/tracking/advanced_tracker.py:kalman_homography,
S,7,1800,PREDICTION,src/tracking/advanced_tracker.py:kalman_homography,
L,1,1800,PREDICTION,src/tracking/advanced_tracker.py:kalman_homography,
R,CLAMP,CLAMP,0
L,6,1800,DETECTION,src/tracking/advanced_tracker.py:_activate_slot,1800_279_304_536_403
R,DETECTION,DETECTION,1
L,7,1800,PREDICTION,src/tracking/advanced_tracker.py:kalman_homography,
R,CLAMP,CLAMP,0
L,9,1800,DETECTION,src/tracking/advanced_tracker.py:_activate_slot,1800_141_499_318_585
R,DETECTION,DETECTION,1
A,1800
S,7,1806,DETECTION,src/tracking/advanced_tracker.py:_activate_slot,1806_278_304_534_406
S,9,1806,DETECTION,src/tracking/advanced_tracker.py:_activate_slot,1806_141_498_330_584
S,1,1806,PREDICTION,src/tracking/advanced_tracker.py:kalman_homography,
S,6,1806,PREDICTION,src/tracking/advanced_tracker.py:kalman_homography,
L,1,1806,PREDICTION,src/tracking/advanced_tracker.py:kalman_homography,
R,CLAMP,CLAMP,0
L,6,1806,PREDICTION,src/tracking/advanced_tracker.py:kalman_homography,
R,PREDICTION,PREDICTION,1
L,7,1806,DETECTION,src/tracking/advanced_tracker.py:_activate_slot,1806_278_304_534_406
R,CLAMP,CLAMP,0
L,9,1806,DETECTION,src/tracking/advanced_tracker.py:_activate_slot,1806_141_498_330_584
R,DETECTION,DETECTION,1
A,1806
S,7,1812,DETECTION,src/tracking/advanced_tracker.py:_activate_slot,1812_273_301_535_407
S,9,1812,DETECTION,src/tracking/advanced_tracker.py:_activate_slot,1812_141_495_332_585
S,6,1812,PREDICTION,src/tracking/advanced_tracker.py:kalman_homography,
S,1,1812,PREDICTION,src/tracking/advanced_tracker.py:flow_gapfill_batched,
L,1,1812,PREDICTION,src/tracking/advanced_tracker.py:flow_gapfill_batched,
R,CLAMP,CLAMP,0
L,6,1812,PREDICTION,src/tracking/advanced_tracker.py:kalman_homography,
R,PREDICTION,PREDICTION,1
L,7,1812,DETECTION,src/tracking/advanced_tracker.py:_activate_slot,1812_273_301_535_407
R,CLAMP,CLAMP,0
L,9,1812,DETECTION,src/tracking/advanced_tracker.py:_activate_slot,1812_141_495_332_585
R,DETECTION,DETECTION,1
A,1812
S,1,1818,DETECTION,src/tracking/advanced_tracker.py:_activate_slot,1818_266_299_534_406
S,9,1818,DETECTION,src/tracking/advanced_tracker.py:_activate_slot,1818_140_493_327_589
S,6,1818,PREDICTION,src/tracking/advanced_tracker.py:kalman_homography,
S,7,1818,PREDICTION,src/tracking/advanced_tracker.py:kalman_homography,
L,1,1818,DETECTION,src/tracking/advanced_tracker.py:_activate_slot,1818_266_299_534_406
R,CLAMP,CLAMP,0
L,6,1818,PREDICTION,src/tracking/advanced_tracker.py:kalman_homography,
R,PREDICTION,PREDICTION,1
L,7,1818,PREDICTION,src/tracking/advanced_tracker.py:kalman_homography,
R,CLAMP,CLAMP,0
L,9,1818,DETECTION,src/tracking/advanced_tracker.py:_activate_slot,1818_140_493_327_589
R,DETECTION,DETECTION,1
A,1818
S,1,1824,DETECTION,src/tracking/advanced_tracker.py:_activate_slot,1824_266_294_533_405
S,6,1824,PREDICTION,src/tracking/advanced_tracker.py:kalman_homography,
S,7,1824,PREDICTION,src/tracking/advanced_tracker.py:kalman_homography,
S,9,1824,PREDICTION,src/tracking/advanced_tracker.py:flow_gapfill_batched,
L,1,1824,DETECTION,src/tracking/advanced_tracker.py:_activate_slot,1824_266_294_533_405
R,CLAMP,CLAMP,0
L,6,1824,PREDICTION,src/tracking/advanced_tracker.py:kalman_homography,
R,PREDICTION,PREDICTION,1
L,7,1824,PREDICTION,src/tracking/advanced_tracker.py:kalman_homography,
R,CLAMP,CLAMP,0
L,9,1824,PREDICTION,src/tracking/advanced_tracker.py:flow_gapfill_batched,
R,PREDICTION,PREDICTION,1
A,1824
S,7,1830,DETECTION,src/tracking/advanced_tracker.py:_activate_slot,1830_265_293_535_402
S,1,1830,PREDICTION,src/tracking/advanced_tracker.py:kalman_homography,
S,6,1830,PREDICTION,src/tracking/advanced_tracker.py:kalman_homography,
L,1,1830,PREDICTION,src/tracking/advanced_tracker.py:kalman_homography,
R,CLAMP,CLAMP,0
L,6,1830,PREDICTION,src/tracking/advanced_tracker.py:kalman_homography,
R,PREDICTION,PREDICTION,1
L,7,1830,DETECTION,src/tracking/advanced_tracker.py:_activate_slot,1830_265_293_535_402
R,CLAMP,CLAMP,0
A,1830
S,7,1836,DETECTION,src/tracking/advanced_tracker.py:_activate_slot,1836_266_293_533_398
S,1,1836,PREDICTION,src/tracking/advanced_tracker.py:kalman_homography,
S,6,1836,PREDICTION,src/tracking/advanced_tracker.py:kalman_homography,
S,9,1836,PREDICTION,src/tracking/advanced_tracker.py:flow_gapfill_batched,
L,1,1836,PREDICTION,src/tracking/advanced_tracker.py:kalman_homography,
R,CLAMP,CLAMP,0
L,6,1836,PREDICTION,src/tracking/advanced_tracker.py:kalman_homography,
R,PREDICTION,PREDICTION,1
L,7,1836,DETECTION,src/tracking/advanced_tracker.py:_activate_slot,1836_266_293_533_398
R,CLAMP,CLAMP,0
L,9,1836,PREDICTION,src/tracking/advanced_tracker.py:flow_gapfill_batched,
R,PREDICTION,SUBPIXEL,0
A,1836
S,1,1842,DETECTION,src/tracking/advanced_tracker.py:_activate_slot,1842_267_294_533_395
S,6,1842,PREDICTION,src/tracking/advanced_tracker.py:kalman_homography,
S,7,1842,PREDICTION,src/tracking/advanced_tracker.py:kalman_homography,
S,9,1842,PREDICTION,src/tracking/advanced_tracker.py:flow_gapfill_batched,
L,1,1842,DETECTION,src/tracking/advanced_tracker.py:_activate_slot,1842_267_294_533_395
R,CLAMP,CLAMP,0
L,6,1842,PREDICTION,src/tracking/advanced_tracker.py:kalman_homography,
R,PREDICTION,PREDICTION,1
L,7,1842,PREDICTION,src/tracking/advanced_tracker.py:kalman_homography,
R,CLAMP,CLAMP,0
L,9,1842,PREDICTION,src/tracking/advanced_tracker.py:flow_gapfill_batched,
R,PREDICTION,PREDICTION,1
A,1842
S,7,1848,DETECTION,src/tracking/advanced_tracker.py:_activate_slot,1848_270_296_534_394
S,1,1848,PREDICTION,src/tracking/advanced_tracker.py:kalman_homography,
S,6,1848,PREDICTION,src/tracking/advanced_tracker.py:flow_gapfill_batched,
S,9,1848,PREDICTION,src/tracking/advanced_tracker.py:flow_gapfill_batched,
L,1,1848,PREDICTION,src/tracking/advanced_tracker.py:kalman_homography,
R,CLAMP,CLAMP,0
L,6,1848,PREDICTION,src/tracking/advanced_tracker.py:flow_gapfill_batched,
R,PREDICTION,PREDICTION,1
L,7,1848,DETECTION,src/tracking/advanced_tracker.py:_activate_slot,1848_270_296_534_394
R,CLAMP,CLAMP,0
L,9,1848,PREDICTION,src/tracking/advanced_tracker.py:flow_gapfill_batched,
R,PREDICTION,SUBPIXEL,0
A,1848
S,1,1854,DETECTION,src/tracking/advanced_tracker.py:_activate_slot,1854_275_299_536_397
S,7,1854,PREDICTION,src/tracking/advanced_tracker.py:kalman_homography,
S,9,1854,PREDICTION,src/tracking/advanced_tracker.py:flow_gapfill_batched,
L,1,1854,DETECTION,src/tracking/advanced_tracker.py:_activate_slot,1854_275_299_536_397
R,CLAMP,CLAMP,0
L,7,1854,PREDICTION,src/tracking/advanced_tracker.py:kalman_homography,
R,CLAMP,CLAMP,0
L,9,1854,PREDICTION,src/tracking/advanced_tracker.py:flow_gapfill_batched,
R,PREDICTION,PREDICTION,1
A,1854
S,1,1860,DETECTION,src/tracking/advanced_tracker.py:_activate_slot,1860_282_301_537_400
S,7,1860,PREDICTION,src/tracking/advanced_tracker.py:kalman_homography,
S,9,1860,PREDICTION,src/tracking/advanced_tracker.py:flow_gapfill_batched,
L,1,1860,DETECTION,src/tracking/advanced_tracker.py:_activate_slot,1860_282_301_537_400
R,CLAMP,CLAMP,0
L,7,1860,PREDICTION,src/tracking/advanced_tracker.py:kalman_homography,
R,CLAMP,CLAMP,0
L,9,1860,PREDICTION,src/tracking/advanced_tracker.py:flow_gapfill_batched,
R,PREDICTION,PREDICTION,1
A,1860
S,7,1866,DETECTION,src/tracking/advanced_tracker.py:_activate_slot,1866_284_304_536_401
S,1,1866,PREDICTION,src/tracking/advanced_tracker.py:kalman_homography,
S,9,1866,PREDICTION,src/tracking/advanced_tracker.py:flow_gapfill_batched,
L,1,1866,PREDICTION,src/tracking/advanced_tracker.py:kalman_homography,
R,CLAMP,CLAMP,0
L,7,1866,DETECTION,src/tracking/advanced_tracker.py:_activate_slot,1866_284_304_536_401
R,CLAMP,CLAMP,0
L,9,1866,PREDICTION,src/tracking/advanced_tracker.py:flow_gapfill_batched,
R,PREDICTION,PREDICTION,1
A,1866
S,1,1872,DETECTION,src/tracking/advanced_tracker.py:_activate_slot,1872_289_308_536_401
S,7,1872,PREDICTION,src/tracking/advanced_tracker.py:kalman_homography,
L,1,1872,DETECTION,src/tracking/advanced_tracker.py:_activate_slot,1872_289_308_536_401
R,CLAMP,CLAMP,0
L,7,1872,PREDICTION,src/tracking/advanced_tracker.py:kalman_homography,
R,CLAMP,CLAMP,0
A,1872
S,1,1878,DETECTION,src/tracking/advanced_tracker.py:_activate_slot,1878_283_310_536_404
S,7,1878,PREDICTION,src/tracking/advanced_tracker.py:kalman_homography,
L,1,1878,DETECTION,src/tracking/advanced_tracker.py:_activate_slot,1878_283_310_536_404
R,CLAMP,CLAMP,0
L,7,1878,PREDICTION,src/tracking/advanced_tracker.py:kalman_homography,
R,CLAMP,CLAMP,0
A,1878
S,7,1884,DETECTION,src/tracking/advanced_tracker.py:_activate_slot,1884_281_311_535_407
S,1,1884,PREDICTION,src/tracking/advanced_tracker.py:kalman_homography,
L,1,1884,PREDICTION,src/tracking/advanced_tracker.py:kalman_homography,
R,CLAMP,CLAMP,0
L,7,1884,DETECTION,src/tracking/advanced_tracker.py:_activate_slot,1884_281_311_535_407
R,CLAMP,CLAMP,0
A,1884
S,7,1890,DETECTION,src/tracking/advanced_tracker.py:_activate_slot,1890_279_311_535_407
S,1,1890,PREDICTION,src/tracking/advanced_tracker.py:kalman_homography,
L,1,1890,PREDICTION,src/tracking/advanced_tracker.py:kalman_homography,
R,CLAMP,CLAMP,0
L,7,1890,DETECTION,src/tracking/advanced_tracker.py:_activate_slot,1890_279_311_535_407
R,CLAMP,CLAMP,0
A,1890
S,7,1896,DETECTION,src/tracking/advanced_tracker.py:_activate_slot,1896_275_310_536_408
S,1,1896,PREDICTION,src/tracking/advanced_tracker.py:kalman_homography,
L,1,1896,PREDICTION,src/tracking/advanced_tracker.py:kalman_homography,
R,CLAMP,CLAMP,0
L,7,1896,DETECTION,src/tracking/advanced_tracker.py:_activate_slot,1896_275_310_536_408
R,CLAMP,CLAMP,0
A,1896
S,7,1902,DETECTION,src/tracking/advanced_tracker.py:_activate_slot,1902_276_308_534_410
S,1,1902,PREDICTION,src/tracking/advanced_tracker.py:kalman_homography,
L,1,1902,PREDICTION,src/tracking/advanced_tracker.py:kalman_homography,
R,CLAMP,CLAMP,0
L,7,1902,DETECTION,src/tracking/advanced_tracker.py:_activate_slot,1902_276_308_534_410
R,CLAMP,CLAMP,0
A,1902
S,7,1908,DETECTION,src/tracking/advanced_tracker.py:_activate_slot,1908_275_308_536_408
S,1,1908,PREDICTION,src/tracking/advanced_tracker.py:kalman_homography,
L,1,1908,PREDICTION,src/tracking/advanced_tracker.py:kalman_homography,
R,CLAMP,CLAMP,0
L,7,1908,DETECTION,src/tracking/advanced_tracker.py:_activate_slot,1908_275_308_536_408
R,CLAMP,CLAMP,0
A,1908
S,7,1914,DETECTION,src/tracking/advanced_tracker.py:_activate_slot,1914_274_306_536_405
S,1,1914,PREDICTION,src/tracking/advanced_tracker.py:kalman_homography,
L,1,1914,PREDICTION,src/tracking/advanced_tracker.py:kalman_homography,
R,CLAMP,CLAMP,0
L,7,1914,DETECTION,src/tracking/advanced_tracker.py:_activate_slot,1914_274_306_536_405
R,CLAMP,CLAMP,0
A,1914
S,7,1920,DETECTION,src/tracking/advanced_tracker.py:_activate_slot,1920_277_299_534_402
S,1,1920,PREDICTION,src/tracking/advanced_tracker.py:kalman_homography,
L,1,1920,PREDICTION,src/tracking/advanced_tracker.py:kalman_homography,
R,CLAMP,CLAMP,0
L,7,1920,DETECTION,src/tracking/advanced_tracker.py:_activate_slot,1920_277_299_534_402
R,CLAMP,CLAMP,0
A,1920
S,7,1926,DETECTION,src/tracking/advanced_tracker.py:_activate_slot,1926_285_296_536_401
S,1,1926,PREDICTION,src/tracking/advanced_tracker.py:flow_gapfill_batched,
L,1,1926,PREDICTION,src/tracking/advanced_tracker.py:flow_gapfill_batched,
R,CLAMP,CLAMP,0
L,7,1926,DETECTION,src/tracking/advanced_tracker.py:_activate_slot,1926_285_296_536_401
R,CLAMP,CLAMP,0
A,1926
S,7,1932,DETECTION,src/tracking/advanced_tracker.py:_activate_slot,1932_277_295_534_402
L,7,1932,DETECTION,src/tracking/advanced_tracker.py:_activate_slot,1932_277_295_534_402
R,CLAMP,CLAMP,0
A,1932
S,1,1938,DETECTION,src/tracking/advanced_tracker.py:_activate_slot,1938_280_296_536_403
S,7,1938,PREDICTION,src/tracking/advanced_tracker.py:kalman_homography,
L,1,1938,DETECTION,src/tracking/advanced_tracker.py:_activate_slot,1938_280_296_536_403
R,CLAMP,CLAMP,0
L,7,1938,PREDICTION,src/tracking/advanced_tracker.py:kalman_homography,
R,CLAMP,CLAMP,0
A,1938
S,1,1944,DETECTION,src/tracking/advanced_tracker.py:_activate_slot,1944_286_299_535_402
S,7,1944,PREDICTION,src/tracking/advanced_tracker.py:kalman_homography,
L,1,1944,DETECTION,src/tracking/advanced_tracker.py:_activate_slot,1944_286_299_535_402
R,CLAMP,CLAMP,0
L,7,1944,PREDICTION,src/tracking/advanced_tracker.py:kalman_homography,
R,CLAMP,CLAMP,0
A,1944
S,7,1950,DETECTION,src/tracking/advanced_tracker.py:_activate_slot,1950_289_301_533_399
S,1,1950,PREDICTION,src/tracking/advanced_tracker.py:kalman_homography,
L,1,1950,PREDICTION,src/tracking/advanced_tracker.py:kalman_homography,
R,CLAMP,CLAMP,0
L,7,1950,DETECTION,src/tracking/advanced_tracker.py:_activate_slot,1950_289_301_533_399
R,CLAMP,CLAMP,0
A,1950
S,1,1956,DETECTION,src/tracking/advanced_tracker.py:_activate_slot,1956_293_301_534_400
S,7,1956,PREDICTION,src/tracking/advanced_tracker.py:kalman_homography,
L,1,1956,DETECTION,src/tracking/advanced_tracker.py:_activate_slot,1956_293_301_534_400
R,CLAMP,CLAMP,0
L,7,1956,PREDICTION,src/tracking/advanced_tracker.py:kalman_homography,
R,CLAMP,CLAMP,0
A,1956
S,7,1962,DETECTION,src/tracking/advanced_tracker.py:_activate_slot,1962_296_302_533_400
S,1,1962,PREDICTION,src/tracking/advanced_tracker.py:kalman_homography,
L,1,1962,PREDICTION,src/tracking/advanced_tracker.py:kalman_homography,
R,CLAMP,CLAMP,0
L,7,1962,DETECTION,src/tracking/advanced_tracker.py:_activate_slot,1962_296_302_533_400
R,CLAMP,CLAMP,0
A,1962
S,7,1968,DETECTION,src/tracking/advanced_tracker.py:_activate_slot,1968_298_303_533_402
S,1,1968,PREDICTION,src/tracking/advanced_tracker.py:kalman_homography,
L,1,1968,PREDICTION,src/tracking/advanced_tracker.py:kalman_homography,
R,CLAMP,CLAMP,0
L,7,1968,DETECTION,src/tracking/advanced_tracker.py:_activate_slot,1968_298_303_533_402
R,CLAMP,CLAMP,0
A,1968
S,7,1974,DETECTION,src/tracking/advanced_tracker.py:_activate_slot,1974_298_305_532_402
S,1,1974,PREDICTION,src/tracking/advanced_tracker.py:kalman_homography,
L,1,1974,PREDICTION,src/tracking/advanced_tracker.py:kalman_homography,
R,CLAMP,CLAMP,0
L,7,1974,DETECTION,src/tracking/advanced_tracker.py:_activate_slot,1974_298_305_532_402
R,CLAMP,CLAMP,0
A,1974
S,7,1980,DETECTION,src/tracking/advanced_tracker.py:_activate_slot,1980_299_305_533_402
S,1,1980,PREDICTION,src/tracking/advanced_tracker.py:kalman_homography,
L,1,1980,PREDICTION,src/tracking/advanced_tracker.py:kalman_homography,
R,CLAMP,CLAMP,0
L,7,1980,DETECTION,src/tracking/advanced_tracker.py:_activate_slot,1980_299_305_533_402
R,CLAMP,CLAMP,0
A,1980
S,1,1986,DETECTION,src/tracking/advanced_tracker.py:_activate_slot,1986_297_307_532_403
S,7,1986,PREDICTION,src/tracking/advanced_tracker.py:kalman_homography,
L,1,1986,DETECTION,src/tracking/advanced_tracker.py:_activate_slot,1986_297_307_532_403
R,CLAMP,CLAMP,0
L,7,1986,PREDICTION,src/tracking/advanced_tracker.py:kalman_homography,
R,CLAMP,CLAMP,0
A,1986
