A,3714
S,0,3720,DETECTION,src/tracking/advanced_tracker.py:_activate_slot,3720_573_1217_675_1295
S,1,3720,DETECTION,src/tracking/advanced_tracker.py:_activate_slot,3720_583_1059_675_1165
S,2,3720,DETECTION,src/tracking/advanced_tracker.py:_activate_slot,3720_586_1004_675_1091
L,0,3720,DETECTION,src/tracking/advanced_tracker.py:_activate_slot,3720_573_1217_675_1295
R,DETECTION,DETECTION,1
L,1,3720,DETECTION,src/tracking/advanced_tracker.py:_activate_slot,3720_583_1059_675_1165
R,DETECTION,DETECTION,1
L,2,3720,DETECTION,src/tracking/advanced_tracker.py:_activate_slot,3720_586_1004_675_1091
R,DETECTION,DETECTION,1
A,3720
S,5,3726,DETECTION,src/tracking/advanced_tracker.py:_activate_slot,3726_593_997_674_1079
S,2,3726,PREDICTION,src/tracking/advanced_tracker.py:flow_gapfill_batched,
L,2,3726,PREDICTION,src/tracking/advanced_tracker.py:flow_gapfill_batched,
R,PREDICTION,PREDICTION,1
L,5,3726,DETECTION,src/tracking/advanced_tracker.py:_activate_slot,3726_593_997_674_1079
R,DETECTION,DETECTION,1
A,3726
A,3732
A,3738
A,3744
A,3750
S,6,3756,DETECTION,src/tracking/advanced_tracker.py:_activate_slot,3756_597_1193_675_1291
S,2,3756,PREDICTION,src/tracking/advanced_tracker.py:flow_gapfill_batched,
S,5,3756,PREDICTION,src/tracking/advanced_tracker.py:flow_gapfill_batched,
D,5,3756
S,6,3756,PREDICTION,src/tracking/advanced_tracker.py:id_merge,
L,2,3756,PREDICTION,src/tracking/advanced_tracker.py:flow_gapfill_batched,
R,CLAMP,CLAMP,0
L,6,3756,PREDICTION,src/tracking/advanced_tracker.py:id_merge,
R,PREDICTION,PREDICTION,1
A,3756
S,2,3762,PREDICTION,src/tracking/advanced_tracker.py:flow_gapfill_batched,
S,5,3762,PREDICTION,src/tracking/advanced_tracker.py:flow_gapfill_batched,
L,2,3762,PREDICTION,src/tracking/advanced_tracker.py:flow_gapfill_batched,
R,PREDICTION,PREDICTION,1
L,5,3762,PREDICTION,src/tracking/advanced_tracker.py:flow_gapfill_batched,
R,PREDICTION,PREDICTION,1
A,3762
A,3768
A,3774
S,7,3780,DETECTION,src/tracking/advanced_tracker.py:_activate_slot,3780_295_1061_559_1177
L,7,3780,DETECTION,src/tracking/advanced_tracker.py:_activate_slot,3780_295_1061_559_1177
R,DETECTION,DETECTION,1
A,3780
S,7,3786,DETECTION,src/tracking/advanced_tracker.py:_activate_slot,3786_297_1065_557_1183
L,7,3786,DETECTION,src/tracking/advanced_tracker.py:_activate_slot,3786_297_1065_557_1183
R,DETECTION,DETECTION,1
A,3786
S,7,3792,DETECTION,src/tracking/advanced_tracker.py:_activate_slot,3792_299_1067_560_1189
L,7,3792,DETECTION,src/tracking/advanced_tracker.py:_activate_slot,3792_299_1067_560_1189
R,DETECTION,DETECTION,1
A,3792
S,7,3798,DETECTION,src/tracking/advanced_tracker.py:_activate_slot,3798_298_1069_566_1193
L,7,3798,DETECTION,src/tracking/advanced_tracker.py:_activate_slot,3798_298_1069_566_1193
R,DETECTION,DETECTION,1
A,3798
S,7,3804,DETECTION,src/tracking/advanced_tracker.py:_activate_slot,3804_292_1057_564_1199
L,7,3804,DETECTION,src/tracking/advanced_tracker.py:_activate_slot,3804_292_1057_564_1199
R,DETECTION,DETECTION,1
A,3804
S,7,3810,DETECTION,src/tracking/advanced_tracker.py:_activate_slot,3810_287_1056_564_1206
L,7,3810,DETECTION,src/tracking/advanced_tracker.py:_activate_slot,3810_287_1056_564_1206
R,DETECTION,DETECTION,1
A,3810
S,7,3816,DETECTION,src/tracking/advanced_tracker.py:_activate_slot,3816_284_1067_566_1213
L,7,3816,DETECTION,src/tracking/advanced_tracker.py:_activate_slot,3816_284_1067_566_1213
R,DETECTION,DETECTION,1
A,3816
S,7,3822,DETECTION,src/tracking/advanced_tracker.py:_activate_slot,3822_312_1061_566_1195
L,7,3822,DETECTION,src/tracking/advanced_tracker.py:_activate_slot,3822_312_1061_566_1195
R,DETECTION,DETECTION,1
A,3822
S,7,3828,DETECTION,src/tracking/advanced_tracker.py:_activate_slot,3828_312_1060_568_1174
L,7,3828,DETECTION,src/tracking/advanced_tracker.py:_activate_slot,3828_312_1060_568_1174
R,DETECTION,DETECTION,1
A,3828
S,0,3834,DETECTION,src/tracking/advanced_tracker.py:_activate_slot,3834_370_1181_544_1295
S,7,3834,DETECTION,src/tracking/advanced_tracker.py:_activate_slot,3834_315_1049_569_1161
L,0,3834,DETECTION,src/tracking/advanced_tracker.py:_activate_slot,3834_370_1181_544_1295
R,CLAMP,CLAMP,0
L,7,3834,DETECTION,src/tracking/advanced_tracker.py:_activate_slot,3834_315_1049_569_1161
R,DETECTION,DETECTION,1
A,3834
S,7,3840,DETECTION,src/tracking/advanced_tracker.py:_activate_slot,3840_317_1029_568_1163
S,0,3840,PREDICTION,src/tracking/advanced_tracker.py:kalman_homography,
L,0,3840,PREDICTION,src/tracking/advanced_tracker.py:kalman_homography,
R,CLAMP,CLAMP,0
L,7,3840,DETECTION,src/tracking/advanced_tracker.py:_activate_slot,3840_317_1029_568_1163
R,DETECTION,DETECTION,1
A,3840
S,7,3846,DETECTION,src/tracking/advanced_tracker.py:_activate_slot,3846_323_1001_569_1171
S,0,3846,PREDICTION,src/tracking/advanced_tracker.py:kalman_homography,
L,0,3846,PREDICTION,src/tracking/advanced_tracker.py:kalman_homography,
R,CLAMP,CLAMP,0
L,7,3846,DETECTION,src/tracking/advanced_tracker.py:_activate_slot,3846_323_1001_569_1171
R,DETECTION,DETECTION,1
A,3846
S,7,3852,DETECTION,src/tracking/advanced_tracker.py:_activate_slot,3852_328_1004_569_1172
S,0,3852,PREDICTION,src/tracking/advanced_tracker.py:kalman_homography,
L,0,3852,PREDICTION,src/tracking/advanced_tracker.py:kalman_homography,
R,CLAMP,CLAMP,0
L,7,3852,DETECTION,src/tracking/advanced_tracker.py:_activate_slot,3852_328_1004_569_1172
R,DETECTION,DETECTION,1
A,3852
S,7,3858,DETECTION,src/tracking/advanced_tracker.py:_activate_slot,3858_317_1002_570_1162
S,0,3858,PREDICTION,src/tracking/advanced_tracker.py:kalman_homography,
L,0,3858,PREDICTION,src/tracking/advanced_tracker.py:kalman_homography,
R,CLAMP,CLAMP,0
L,7,3858,DETECTION,src/tracking/advanced_tracker.py:_activate_slot,3858_317_1002_570_1162
R,DETECTION,DETECTION,1
A,3858
S,7,3864,DETECTION,src/tracking/advanced_tracker.py:_activate_slot,3864_67_979_566_1147
S,0,3864,PREDICTION,src/tracking/advanced_tracker.py:kalman_homography,
L,0,3864,PREDICTION,src/tracking/advanced_tracker.py:kalman_homography,
R,CLAMP,CLAMP,0
L,7,3864,DETECTION,src/tracking/advanced_tracker.py:_activate_slot,3864_67_979_566_1147
R,DETECTION,DETECTION,1
A,3864
S,0,3870,PREDICTION,src/tracking/advanced_tracker.py:kalman_homography,
S,7,3870,PREDICTION,src/tracking/advanced_tracker.py:flow_gapfill_batched,
L,0,3870,PREDICTION,src/tracking/advanced_tracker.py:kalman_homography,
R,CLAMP,CLAMP,0
L,7,3870,PREDICTION,src/tracking/advanced_tracker.py:flow_gapfill_batched,
R,PREDICTION,PREDICTION,1
A,3870
S,0,3876,PREDICTION,src/tracking/advanced_tracker.py:kalman_homography,
L,0,3876,PREDICTION,src/tracking/advanced_tracker.py:kalman_homography,
R,CLAMP,CLAMP,0
A,3876
S,1,3882,DETECTION,src/tracking/advanced_tracker.py:_activate_slot,3882_313_913_570_1093
L,1,3882,DETECTION,src/tracking/advanced_tracker.py:_activate_slot,3882_313_913_570_1093
R,CLAMP,CLAMP,0
A,3882
S,1,3888,DETECTION,src/tracking/advanced_tracker.py:_activate_slot,3888_314_906_574_1070
S,7,3888,PREDICTION,src/tracking/advanced_tracker.py:flow_gapfill_batched,
L,1,3888,DETECTION,src/tracking/advanced_tracker.py:_activate_slot,3888_314_906_574_1070
R,CLAMP,CLAMP,0
L,7,3888,PREDICTION,src/tracking/advanced_tracker.py:flow_gapfill_batched,
R,PREDICTION,PREDICTION,1
A,3888
S,1,3894,PREDICTION,src/tracking/advanced_tracker.py:kalman_homography,
L,1,3894,PREDICTION,src/tracking/advanced_tracker.py:kalman_homography,
R,CLAMP,CLAMP,0
A,3894
S,1,3900,PREDICTION,src/tracking/advanced_tracker.py:kalman_homography,
S,7,3900,PREDICTION,src/tracking/advanced_tracker.py:flow_gapfill_batched,
L,1,3900,PREDICTION,src/tracking/advanced_tracker.py:kalman_homography,
R,CLAMP,CLAMP,0
L,7,3900,PREDICTION,src/tracking/advanced_tracker.py:flow_gapfill_batched,
R,PREDICTION,PREDICTION,1
A,3900
S,1,3906,PREDICTION,src/tracking/advanced_tracker.py:kalman_homography,
S,7,3906,PREDICTION,src/tracking/advanced_tracker.py:flow_gapfill_batched,
L,1,3906,PREDICTION,src/tracking/advanced_tracker.py:kalman_homography,
R,CLAMP,CLAMP,0
L,7,3906,PREDICTION,src/tracking/advanced_tracker.py:flow_gapfill_batched,
R,PREDICTION,PREDICTION,1
A,3906
S,1,3912,PREDICTION,src/tracking/advanced_tracker.py:kalman_homography,
S,7,3912,PREDICTION,src/tracking/advanced_tracker.py:flow_gapfill_batched,
L,1,3912,PREDICTION,src/tracking/advanced_tracker.py:kalman_homography,
R,CLAMP,CLAMP,0
L,7,3912,PREDICTION,src/tracking/advanced_tracker.py:flow_gapfill_batched,
R,PREDICTION,PREDICTION,1
A,3912
S,1,3918,PREDICTION,src/tracking/advanced_tracker.py:kalman_homography,
L,1,3918,PREDICTION,src/tracking/advanced_tracker.py:kalman_homography,
R,CLAMP,CLAMP,0
A,3918
S,2,3924,DETECTION,src/tracking/advanced_tracker.py:_activate_slot,3924_211_-15_487_63
S,3,3924,DETECTION,src/tracking/advanced_tracker.py:_activate_slot,3924_209_-15_485_45
S,1,3924,PREDICTION,src/tracking/advanced_tracker.py:kalman_homography,
D,2,3924
S,3,3924,PREDICTION,src/tracking/advanced_tracker.py:id_merge,
L,1,3924,PREDICTION,src/tracking/advanced_tracker.py:kalman_homography,
R,CLAMP,CLAMP,0
L,3,3924,PREDICTION,src/tracking/advanced_tracker.py:id_merge,
R,PREDICTION,PREDICTION,1
A,3924
S,2,3930,DETECTION,src/tracking/advanced_tracker.py:_activate_slot,3930_207_-15_480_93
S,1,3930,PREDICTION,src/tracking/advanced_tracker.py:kalman_homography,
S,3,3930,PREDICTION,src/tracking/advanced_tracker.py:kalman_homography,
L,1,3930,PREDICTION,src/tracking/advanced_tracker.py:kalman_homography,
R,CLAMP,CLAMP,0
L,2,3930,DETECTION,src/tracking/advanced_tracker.py:_activate_slot,3930_207_-15_480_93
R,DETECTION,DETECTION,1
L,3,3930,PREDICTION,src/tracking/advanced_tracker.py:kalman_homography,
R,PREDICTION,PREDICTION,1
A,3930
S,2,3936,DETECTION,src/tracking/advanced_tracker.py:_activate_slot,3936_207_-15_475_129
S,3,3936,PREDICTION,src/tracking/advanced_tracker.py:kalman_homography,
S,1,3936,PREDICTION,src/tracking/advanced_tracker.py:flow_gapfill_batched,
L,1,3936,PREDICTION,src/tracking/advanced_tracker.py:flow_gapfill_batched,
R,CLAMP,CLAMP,0
L,2,3936,DETECTION,src/tracking/advanced_tracker.py:_activate_slot,3936_207_-15_475_129
R,DETECTION,DETECTION,1
L,3,3936,PREDICTION,src/tracking/advanced_tracker.py:kalman_homography,
R,PREDICTION,SUBPIXEL,0
A,3936
S,2,3942,DETECTION,src/tracking/advanced_tracker.py:_activate_slot,3942_206_-15_470_139
S,3,3942,PREDICTION,src/tracking/advanced_tracker.py:kalman_homography,
L,2,3942,DETECTION,src/tracking/advanced_tracker.py:_activate_slot,3942_206_-15_470_139
R,DETECTION,DETECTION,1
L,3,3942,PREDICTION,src/tracking/advanced_tracker.py:kalman_homography,
R,PREDICTION,SUBPIXEL,0
A,3942
S,2,3948,PREDICTION,src/tracking/advanced_tracker.py:kalman_homography,
S,3,3948,PREDICTION,src/tracking/advanced_tracker.py:kalman_homography,
L,2,3948,PREDICTION,src/tracking/advanced_tracker.py:kalman_homography,
R,PREDICTION,PREDICTION,1
L,3,3948,PREDICTION,src/tracking/advanced_tracker.py:kalman_homography,
R,PREDICTION,SUBPIXEL,0
A,3948
S,2,3954,PREDICTION,src/tracking/advanced_tracker.py:kalman_homography,
S,3,3954,PREDICTION,src/tracking/advanced_tracker.py:kalman_homography,
L,2,3954,PREDICTION,src/tracking/advanced_tracker.py:kalman_homography,
R,PREDICTION,PREDICTION,1
L,3,3954,PREDICTION,src/tracking/advanced_tracker.py:kalman_homography,
R,PREDICTION,SUBPIXEL,0
A,3954
S,2,3960,PREDICTION,src/tracking/advanced_tracker.py:kalman_homography,
S,3,3960,PREDICTION,src/tracking/advanced_tracker.py:kalman_homography,
L,2,3960,PREDICTION,src/tracking/advanced_tracker.py:kalman_homography,
R,PREDICTION,PREDICTION,1
L,3,3960,PREDICTION,src/tracking/advanced_tracker.py:kalman_homography,
R,PREDICTION,SUBPIXEL,0
A,3960
S,3,3966,PREDICTION,src/tracking/advanced_tracker.py:kalman_homography,
L,3,3966,PREDICTION,src/tracking/advanced_tracker.py:kalman_homography,
R,PREDICTION,SUBPIXEL,0
A,3966
S,2,3972,PREDICTION,src/tracking/advanced_tracker.py:flow_gapfill_batched,
S,3,3972,PREDICTION,src/tracking/advanced_tracker.py:flow_gapfill_batched,
L,2,3972,PREDICTION,src/tracking/advanced_tracker.py:flow_gapfill_batched,
R,PREDICTION,PREDICTION,1
L,3,3972,PREDICTION,src/tracking/advanced_tracker.py:flow_gapfill_batched,
R,PREDICTION,PREDICTION,1
A,3972
A,3978
S,2,3984,PREDICTION,src/tracking/advanced_tracker.py:flow_gapfill_batched,
L,2,3984,PREDICTION,src/tracking/advanced_tracker.py:flow_gapfill_batched,
R,PREDICTION,PREDICTION,1
A,3984
S,2,3990,PREDICTION,src/tracking/advanced_tracker.py:flow_gapfill_batched,
L,2,3990,PREDICTION,src/tracking/advanced_tracker.py:flow_gapfill_batched,
R,PREDICTION,PREDICTION,1
A,3990
A,3996
A,4002
A,4008
A,4014
A,4020
A,4026
A,4032
A,4038
A,4044
A,4050
A,4056
A,4062
A,4068
A,4074
S,5,4080,DETECTION,src/tracking/advanced_tracker.py:_activate_slot,4080_59_633_464_772
S,6,4080,DETECTION,src/tracking/advanced_tracker.py:_activate_slot,4080_193_884_379_999
S,7,4080,DETECTION,src/tracking/advanced_tracker.py:_activate_slot,4080_104_422_526_697
S,8,4080,DETECTION,src/tracking/advanced_tracker.py:_activate_slot,4080_201_1101_378_1187
S,9,4080,DETECTION,src/tracking/advanced_tracker.py:_activate_slot,4080_103_534_517_692
D,7,4080
S,9,4080,PREDICTION,src/tracking/advanced_tracker.py:id_merge,
L,5,4080,DETECTION,src/tracking/advanced_tracker.py:_activate_slot,4080_59_633_464_772
R,CLAMP,CLAMP,0
L,6,4080,DETECTION,src/tracking/advanced_tracker.py:_activate_slot,4080_193_884_379_999
R,CLAMP,CLAMP,0
L,8,4080,DETECTION,src/tracking/advanced_tracker.py:_activate_slot,4080_201_1101_378_1187
R,DETECTION,DETECTION,1
L,9,4080,PREDICTION,src/tracking/advanced_tracker.py:id_merge,
R,PREDICTION,PREDICTION,1
A,4080
S,0,4086,DETECTION,src/tracking/advanced_tracker.py:_activate_slot,4086_277_1213_672_1295
S,1,4086,DETECTION,src/tracking/advanced_tracker.py:_activate_slot,4086_284_1231_673_1295
S,5,4086,DETECTION,src/tracking/advanced_tracker.py:_activate_slot,4086_67_632_496_780
S,6,4086,DETECTION,src/tracking/advanced_tracker.py:_activate_slot,4086_199_891_387_1004
S,7,4086,DETECTION,src/tracking/advanced_tracker.py:_activate_slot,4086_99_450_535_724
S,8,4086,DETECTION,src/tracking/advanced_tracker.py:_activate_slot,4086_205_1122_393_1202
S,2,4086,DETECTION,src/tracking/advanced_tracker.py:_activate_slot,4086_251_1241_674_1295
S,9,4086,PREDICTION,src/tracking/advanced_tracker.py:kalman_homography,
D,0,4086
S,1,4086,PREDICTION,src/tracking/advanced_tracker.py:id_merge,
D,1,4086
S,2,4086,PREDICTION,src/tracking/advanced_tracker.py:id_merge,
D,9,4086
S,7,4086,PREDICTION,src/tracking/advanced_tracker.py:id_merge,
L,2,4086,PREDICTION,src/tracking/advanced_tracker.py:id_merge,
R,CLAMP,CLAMP,0
L,5,4086,DETECTION,src/tracking/advanced_tracker.py:_activate_slot,4086_67_632_496_780
R,CLAMP,CLAMP,0
L,6,4086,DETECTION,src/tracking/advanced_tracker.py:_activate_slot,4086_199_891_387_1004
R,CLAMP,CLAMP,0
L,7,4086,PREDICTION,src/tracking/advanced_tracker.py:id_merge,
R,CLAMP,CLAMP,0
L,8,4086,DETECTION,src/tracking/advanced_tracker.py:_activate_slot,4086_205_1122_393_1202
R,DETECTION,DETECTION,1
A,4086
S,5,4092,DETECTION,src/tracking/advanced_tracker.py:_activate_slot,4092_71_635_509_784
S,6,4092,DETECTION,src/tracking/advanced_tracker.py:_activate_slot,4092_200_896_395_1010
S,8,4092,DETECTION,src/tracking/advanced_tracker.py:_activate_slot,4092_210_1132_375_1212
S,9,4092,DETECTION,src/tracking/advanced_tracker.py:_activate_slot,4092_97_499_543_691
S,7,4092,PREDICTION,src/tracking/advanced_tracker.py:kalman_homography,
S,0,4092,PREDICTION,src/tracking/advanced_tracker.py:flow_gapfill_batched,
S,1,4092,PREDICTION,src/tracking/advanced_tracker.py:flow_gapfill_batched,
D,0,4092
S,1,4092,PREDICTION,src/tracking/advanced_tracker.py:id_merge,
D,7,4092
S,9,4092,PREDICTION,src/tracking/advanced_tracker.py:id_merge,
L,1,4092,PREDICTION,src/tracking/advanced_tracker.py:id_merge,
R,CLAMP,CLAMP,0
L,5,4092,DETECTION,src/tracking/advanced_tracker.py:_activate_slot,4092_71_635_509_784
R,CLAMP,CLAMP,0
L,6,4092,DETECTION,src/tracking/advanced_tracker.py:_activate_slot,4092_200_896_395_1010
R,CLAMP,CLAMP,0
L,8,4092,DETECTION,src/tracking/advanced_tracker.py:_activate_slot,4092_210_1132_375_1212
R,DETECTION,DETECTION,1
L,9,4092,PREDICTION,src/tracking/advanced_tracker.py:id_merge,
R,PREDICTION,PREDICTION,1
A,4092
S,3,4098,DETECTION,src/tracking/advanced_tracker.py:_activate_slot,4098_100_517_543_685
S,5,4098,DETECTION,src/tracking/advanced_tracker.py:_activate_slot,4098_73_636_524_794
S,6,4098,DETECTION,src/tracking/advanced_tracker.py:_activate_slot,4098_201_904_398_1002
S,9,4098,DETECTION,src/tracking/advanced_tracker.py:_activate_slot,4098_9_1157_670_1295
S,7,4098,DETECTION,src/tracking/advanced_tracker.py:_activate_slot,4098_115_439_454_593
S,8,4098,PREDICTION,src/tracking/advanced_tracker.py:kalman_homography,
S,1,4098,PREDICTION,src/tracking/advanced_tracker.py:flow_gapfill_batched,
L,1,4098,PREDICTION,src/tracking/advanced_tracker.py:flow_gapfill_batched,
R,CLAMP,CLAMP,0
L,3,4098,DETECTION,src/tracking/advanced_tracker.py:_activate_slot,4098_100_517_543_685
R,CLAMP,CLAMP,0
L,5,4098,DETECTION,src/tracking/advanced_tracker.py:_activate_slot,4098_73_636_524_794
R,CLAMP,CLAMP,0
L,6,4098,DETECTION,src/tracking/advanced_tracker.py:_activate_slot,4098_201_904_398_1002
R,CLAMP,CLAMP,0
L,7,4098,DETECTION,src/tracking/advanced_tracker.py:_activate_slot,4098_115_439_454_593
R,CLAMP,CLAMP,0
L,8,4098,PREDICTION,src/tracking/advanced_tracker.py:kalman_homography,
R,PREDICTION,PREDICTION,1
L,9,4098,DETECTION,src/tracking/advanced_tracker.py:_activate_slot,4098_9_1157_670_1295
R,CLAMP,CLAMP,0
A,4098
S,3,4104,DETECTION,src/tracking/advanced_tracker.py:_activate_slot,4104_76_641_521_799
S,5,4104,DETECTION,src/tracking/advanced_tracker.py:_activate_slot,4104_202_913_400_1001
S,7,4104,DETECTION,src/tracking/advanced_tracker.py:_activate_slot,4104_103_533_549_701
S,6,4104,PREDICTION,src/tracking/advanced_tracker.py:kalman_homography,
S,8,4104,PREDICTION,src/tracking/advanced_tracker.py:kalman_homography,
D,6,4104
S,5,4104,PREDICTION,src/tracking/advanced_tracker.py:id_merge,
L,3,4104,DETECTION,src/tracking/advanced_tracker.py:_activate_slot,4104_76_641_521_799
R,CLAMP,CLAMP,0
L,5,4104,PREDICTION,src/tracking/advanced_tracker.py:id_merge,
R,CLAMP,CLAMP,0
L,7,4104,DETECTION,src/tracking/advanced_tracker.py:_activate_slot,4104_103_533_549_701
R,CLAMP,CLAMP,0
L,8,4104,PREDICTION,src/tracking/advanced_tracker.py:kalman_homography,
R,PREDICTION,PREDICTION,1
A,4104
S,3,4110,DETECTION,src/tracking/advanced_tracker.py:_activate_slot,4110_76_642_524_810
S,5,4110,DETECTION,src/tracking/advanced_tracker.py:_activate_slot,4110_201_915_407_1003
S,7,4110,DETECTION,src/tracking/advanced_tracker.py:_activate_slot,4110_106_530_548_704
S,6,4110,PREDICTION,src/tracking/advanced_tracker.py:kalman_homography,
S,8,4110,PREDICTION,src/tracking/advanced_tracker.py:kalman_homography,
D,6,4110
S,5,4110,PREDICTION,src/tracking/advanced_tracker.py:id_merge,
L,3,4110,DETECTION,src/tracking/advanced_tracker.py:_activate_slot,4110_76_642_524_810
R,CLAMP,CLAMP,0
L,5,4110,PREDICTION,src/tracking/advanced_tracker.py:id_merge,
R,CLAMP,CLAMP,0
L,7,4110,DETECTION,src/tracking/advanced_tracker.py:_activate_slot,4110_106_530_548_704
R,CLAMP,CLAMP,0
L,8,4110,PREDICTION,src/tracking/advanced_tracker.py:kalman_homography,
R,PREDICTION,PREDICTION,1
A,4110
S,3,4116,DETECTION,src/tracking/advanced_tracker.py:_activate_slot,4116_81_648_521_829
S,4,4116,DETECTION,src/tracking/advanced_tracker.py:_activate_slot,4116_109_537_553_695
S,5,4116,DETECTION,src/tracking/advanced_tracker.py:_activate_slot,4116_0_1069_668_1295
S,6,4116,DETECTION,src/tracking/advanced_tracker.py:_activate_slot,4116_206_913_408_997
S,7,4116,DETECTION,src/tracking/advanced_tracker.py:_activate_slot,4116_108_451_464_608
S,8,4116,PREDICTION,src/tracking/advanced_tracker.py:kalman_homography,
S,1,4116,PREDICTION,src/tracking/advanced_tracker.py:flow_gapfill_batched,
L,1,4116,PREDICTION,src/tracking/advanced_tracker.py:flow_gapfill_batched,
R,CLAMP,CLAMP,0
L,3,4116,DETECTION,src/tracking/advanced_tracker.py:_activate_slot,4116_81_648_521_829
R,CLAMP,CLAMP,0
L,4,4116,DETECTION,src/tracking/advanced_tracker.py:_activate_slot,4116_109_537_553_695
R,DETECTION,DETECTION,1
L,5,4116,DETECTION,src/tracking/advanced_tracker.py:_activate_slot,4116_0_1069_668_1295
R,CLAMP,CLAMP,0
L,6,4116,DETECTION,src/tracking/advanced_tracker.py:_activate_slot,4116_206_913_408_997
R,CLAMP,CLAMP,0
L,7,4116,DETECTION,src/tracking/advanced_tracker.py:_activate_slot,4116_108_451_464_608
R,CLAMP,CLAMP,0
L,8,4116,PREDICTION,src/tracking/advanced_tracker.py:kalman_homography,
R,PREDICTION,PREDICTION,1
A,4116
S,5,4122,DETECTION,src/tracking/advanced_tracker.py:_activate_slot,4122_20_1041_669_1295
S,6,4122,DETECTION,src/tracking/advanced_tracker.py:_activate_slot,4122_208_913_410_999
S,7,4122,DETECTION,src/tracking/advanced_tracker.py:_activate_slot,4122_108_455_463_609
S,3,4122,PREDICTION,src/tracking/advanced_tracker.py:kalman_homography,
S,4,4122,PREDICTION,src/tracking/advanced_tracker.py:kalman_homography,
S,8,4122,PREDICTION,src/tracking/advanced_tracker.py:kalman_homography,
S,0,4122,PREDICTION,src/tracking/advanced_tracker.py:flow_gapfill_batched,
S,1,4122,PREDICTION,src/tracking/advanced_tracker.py:flow_gapfill_batched,
S,9,4122,PREDICTION,src/tracking/advanced_tracker.py:flow_gapfill_batched,
D,9,4122
S,5,4122,PREDICTION,src/tracking/advanced_tracker.py:id_merge,
L,0,4122,PREDICTION,src/tracking/advanced_tracker.py:flow_gapfill_batched,
R,CLAMP,CLAMP,0
L,1,4122,PREDICTION,src/tracking/advanced_tracker.py:flow_gapfill_batched,
R,CLAMP,CLAMP,0
L,3,4122,PREDICTION,src/tracking/advanced_tracker.py:kalman_homography,
R,CLAMP,CLAMP,0
L,4,4122,PREDICTION,src/tracking/advanced_tracker.py:kalman_homography,
R,PREDICTION,PREDICTION,1
L,5,4122,PREDICTION,src/tracking/advanced_tracker.py:id_merge,
R,CLAMP,CLAMP,0
L,6,4122,DETECTION,src/tracking/advanced_tracker.py:_activate_slot,4122_208_913_410_999
R,CLAMP,CLAMP,0
L,7,4122,DETECTION,src/tracking/advanced_tracker.py:_activate_slot,4122_108_455_463_609
R,CLAMP,CLAMP,0
L,8,4122,PREDICTION,src/tracking/advanced_tracker.py:kalman_homography,
R,PREDICTION,PREDICTION,1
A,4122
S,4,4128,DETECTION,src/tracking/advanced_tracker.py:_activate_slot,4128_107_464_465_608
S,5,4128,DETECTION,src/tracking/advanced_tracker.py:_activate_slot,4128_28_1023_668_1293
S,6,4128,DETECTION,src/tracking/advanced_tracker.py:_activate_slot,4128_212_914_417_994
S,7,4128,DETECTION,src/tracking/advanced_tracker.py:_activate_slot,4128_118_543_574_691
S,3,4128,PREDICTION,src/tracking/advanced_tracker.py:kalman_homography,
S,8,4128,PREDICTION,src/tracking/advanced_tracker.py:kalman_homography,
S,9,4128,PREDICTION,src/tracking/advanced_tracker.py:flow_gapfill_batched,
D,9,4128
S,5,4128,PREDICTION,src/tracking/advanced_tracker.py:id_merge,
L,3,4128,PREDICTION,src/tracking/advanced_tracker.py:kalman_homography,
R,CLAMP,CLAMP,0
L,4,4128,DETECTION,src/tracking/advanced_tracker.py:_activate_slot,4128_107_464_465_608
R,DETECTION,DETECTION,1
L,5,4128,PREDICTION,src/tracking/advanced_tracker.py:id_merge,
R,CLAMP,CLAMP,0
L,6,4128,DETECTION,src/tracking/advanced_tracker.py:_activate_slot,4128_212_914_417_994
R,CLAMP,CLAMP,0
L,7,4128,DETECTION,src/tracking/advanced_tracker.py:_activate_slot,4128_118_543_574_691
R,CLAMP,CLAMP,0
L,8,4128,PREDICTION,src/tracking/advanced_tracker.py:kalman_homography,
R,PREDICTION,PREDICTION,1
A,4128
S,4,4134,DETECTION,src/tracking/advanced_tracker.py:_activate_slot,4134_119_540_558_696
S,5,4134,DETECTION,src/tracking/advanced_tracker.py:_activate_slot,4134_35_1001_655_1293
S,6,4134,DETECTION,src/tracking/advanced_tracker.py:_activate_slot,4134_211_914_417_994
S,7,4134,DETECTION,src/tracking/advanced_tracker.py:_activate_slot,4134_104_460_473_598
S,3,4134,PREDICTION,src/tracking/advanced_tracker.py:kalman_homography,
S,8,4134,PREDICTION,src/tracking/advanced_tracker.py:kalman_homography,
S,0,4134,PREDICTION,src/tracking/advanced_tracker.py:flow_gapfill_batched,
L,0,4134,PREDICTION,src/tracking/advanced_tracker.py:flow_gapfill_batched,
R,CLAMP,CLAMP,0
L,3,4134,PREDICTION,src/tracking/advanced_tracker.py:kalman_homography,
R,CLAMP,CLAMP,0
L,4,4134,DETECTION,src/tracking/advanced_tracker.py:_activate_slot,4134_119_540_558_696
R,DETECTION,DETECTION,1
L,5,4134,DETECTION,src/tracking/advanced_tracker.py:_activate_slot,4134_35_1001_655_1293
R,CLAMP,CLAMP,0
L,6,4134,DETECTION,src/tracking/advanced_tracker.py:_activate_slot,4134_211_914_417_994
R,CLAMP,CLAMP,0
L,7,4134,DETECTION,src/tracking/advanced_tracker.py:_activate_slot,4134_104_460_473_598
R,CLAMP,CLAMP,0
L,8,4134,PREDICTION,src/tracking/advanced_tracker.py:kalman_homography,
R,PREDICTION,PREDICTION,1
A,4134
S,4,4140,DETECTION,src/tracking/advanced_tracker.py:_activate_slot,4140_180_639_462_755
S,5,4140,DETECTION,src/tracking/advanced_tracker.py:_activate_slot,4140_45_978_668_1269
S,6,4140,DETECTION,src/tracking/advanced_tracker.py:_activate_slot,4140_210_912_417_995
S,7,4140,DETECTION,src/tracking/advanced_tracker.py:_activate_slot,4140_120_532_546_702
S,8,4140,DETECTION,src/tracking/advanced_tracker.py:_activate_slot,4140_221_1205_403_1295
S,3,4140,PREDICTION,src/tracking/advanced_tracker.py:kalman_homography,
L,3,4140,PREDICTION,src/tracking/advanced_tracker.py:kalman_homography,
R,CLAMP,CLAMP,0
L,4,4140,DETECTION,src/tracking/advanced_tracker.py:_activate_slot,4140_180_639_462_755
R,DETECTION,DETECTION,1
L,5,4140,DETECTION,src/tracking/advanced_tracker.py:_activate_slot,4140_45_978_668_1269
R,CLAMP,CLAMP,0
L,6,4140,DETECTION,src/tracking/advanced_tracker.py:_activate_slot,4140_210_912_417_995
R,CLAMP,CLAMP,0
L,7,4140,DETECTION,src/tracking/advanced_tracker.py:_activate_slot,4140_120_532_546_702
R,CLAMP,CLAMP,0
L,8,4140,DETECTION,src/tracking/advanced_tracker.py:_activate_slot,4140_221_1205_403_1295
R,DETECTION,DETECTION,1
A,4140
S,4,4146,DETECTION,src/tracking/advanced_tracker.py:_activate_slot,4146_151_691_417_779
S,5,4146,DETECTION,src/tracking/advanced_tracker.py:_activate_slot,4146_52_967_667_1257
S,6,4146,DETECTION,src/tracking/advanced_tracker.py:_activate_slot,4146_208_911_419_997
S,7,4146,DETECTION,src/tracking/advanced_tracker.py:_activate_slot,4146_117_530_536_702
S,8,4146,DETECTION,src/tracking/advanced_tracker.py:_activate_slot,4146_221_1213_406_1295
S,3,4146,PREDICTION,src/tracking/advanced_tracker.py:kalman_homography,
L,3,4146,PREDICTION,src/tracking/advanced_tracker.py:kalman_homography,
R,CLAMP,CLAMP,0
L,4,4146,DETECTION,src/tracking/advanced_tracker.py:_activate_slot,4146_151_691_417_779
R,DETECTION,DETECTION,1
L,5,4146,DETECTION,src/tracking/advanced_tracker.py:_activate_slot,4146_52_967_667_1257
R,CLAMP,CLAMP,0
L,6,4146,DETECTION,src/tracking/advanced_tracker.py:_activate_slot,4146_208_911_419_997
R,CLAMP,CLAMP,0
L,7,4146,DETECTION,src/tracking/advanced_tracker.py:_activate_slot,4146_117_530_536_702
R,CLAMP,CLAMP,0
L,8,4146,DETECTION,src/tracking/advanced_tracker.py:_activate_slot,4146_221_1213_406_1295
R,DETECTION,DETECTION,1
A,4146
S,5,4152,DETECTION,src/tracking/advanced_tracker.py:_activate_slot,4152_57_931_671_1267
S,6,4152,DETECTION,src/tracking/advanced_tracker.py:_activate_slot,4152_207_909_417_1000
S,8,4152,DETECTION,src/tracking/advanced_tracker.py:_activate_slot,4152_228_1221_397_1295
S,3,4152,PREDICTION,src/tracking/advanced_tracker.py:kalman_homography,
S,4,4152,PREDICTION,src/tracking/advanced_tracker.py:kalman_homography,
S,7,4152,PREDICTION,src/tracking/advanced_tracker.py:kalman_homography,
D,3,4152
S,4,4152,PREDICTION,src/tracking/advanced_tracker.py:id_merge,
L,4,4152,PREDICTION,src/tracking/advanced_tracker.py:id_merge,
R,PREDICTION,PREDICTION,1
L,5,4152,DETECTION,src/tracking/advanced_tracker.py:_activate_slot,4152_57_931_671_1267
R,CLAMP,CLAMP,0
L,6,4152,DETECTION,src/tracking/advanced_tracker.py:_activate_slot,4152_207_909_417_1000
R,CLAMP,CLAMP,0
L,7,4152,PREDICTION,src/tracking/advanced_tracker.py:kalman_homography,
R,CLAMP,CLAMP,0
L,8,4152,DETECTION,src/tracking/advanced_tracker.py:_activate_slot,4152_228_1221_397_1295
R,DETECTION,DETECTION,1
A,4152
S,5,4158,DETECTION,src/tracking/advanced_tracker.py:_activate_slot,4158_64_929_668_1251
S,6,4158,DETECTION,src/tracking/advanced_tracker.py:_activate_slot,4158_205_908_421_1000
S,7,4158,DETECTION,src/tracking/advanced_tracker.py:_activate_slot,4158_113_512_532_702
S,3,4158,PREDICTION,src/tracking/advanced_tracker.py:kalman_homography,
S,4,4158,PREDICTION,src/tracking/advanced_tracker.py:kalman_homography,
S,8,4158,PREDICTION,src/tracking/advanced_tracker.py:kalman_homography,
D,3,4158
S,4,4158,PREDICTION,src/tracking/advanced_tracker.py:id_merge,
L,4,4158,PREDICTION,src/tracking/advanced_tracker.py:id_merge,
R,PREDICTION,PREDICTION,1
L,5,4158,DETECTION,src/tracking/advanced_tracker.py:_activate_slot,4158_64_929_668_1251
R,CLAMP,CLAMP,0
L,6,4158,DETECTION,src/tracking/advanced_tracker.py:_activate_slot,4158_205_908_421_1000
R,CLAMP,CLAMP,0
L,7,4158,DETECTION,src/tracking/advanced_tracker.py:_activate_slot,4158_113_512_532_702
R,CLAMP,CLAMP,0
L,8,4158,PREDICTION,src/tracking/advanced_tracker.py:kalman_homography,
R,PREDICTION,PREDICTION,1
A,4158
S,5,4164,DETECTION,src/tracking/advanced_tracker.py:_activate_slot,4164_68_945_662_1221
S,6,4164,DETECTION,src/tracking/advanced_tracker.py:_activate_slot,4164_209_915_423_1003
S,4,4164,PREDICTION,src/tracking/advanced_tracker.py:kalman_homography,
S,7,4164,PREDICTION,src/tracking/advanced_tracker.py:kalman_homography,
S,8,4164,PREDICTION,src/tracking/advanced_tracker.py:kalman_homography,
S,3,4164,PREDICTION,src/tracking/advanced_tracker.py:flow_gapfill_batched,
L,3,4164,PREDICTION,src/tracking/advanced_tracker.py:flow_gapfill_batched,
R,CLAMP,CLAMP,0
L,4,4164,PREDICTION,src/tracking/advanced_tracker.py:kalman_homography,
R,PREDICTION,PREDICTION,1
L,5,4164,DETECTION,src/tracking/advanced_tracker.py:_activate_slot,4164_68_945_662_1221
R,CLAMP,CLAMP,0
L,6,4164,DETECTION,src/tracking/advanced_tracker.py:_activate_slot,4164_209_915_423_1003
R,CLAMP,CLAMP,0
L,7,4164,PREDICTION,src/tracking/advanced_tracker.py:kalman_homography,
R,CLAMP,CLAMP,0
L,8,4164,PREDICTION,src/tracking/advanced_tracker.py:kalman_homography,
R,PREDICTION,PREDICTION,1
A,4164
S,5,4170,DETECTION,src/tracking/advanced_tracker.py:_activate_slot,4170_72_926_674_1193
S,7,4170,DETECTION,src/tracking/advanced_tracker.py:_activate_slot,4170_115_488_528_681
S,4,4170,PREDICTION,src/tracking/advanced_tracker.py:kalman_homography,
S,6,4170,PREDICTION,src/tracking/advanced_tracker.py:kalman_homography,
S,8,4170,PREDICTION,src/tracking/advanced_tracker.py:kalman_homography,
L,4,4170,PREDICTION,src/tracking/advanced_tracker.py:kalman_homography,
R,PREDICTION,PREDICTION,1
L,5,4170,DETECTION,src/tracking/advanced_tracker.py:_activate_slot,4170_72_926_674_1193
R,CLAMP,CLAMP,0
L,6,4170,PREDICTION,src/tracking/advanced_tracker.py:kalman_homography,
R,CLAMP,CLAMP,0
L,7,4170,DETECTION,src/tracking/advanced_tracker.py:_activate_slot,4170_115_488_528_681
R,CLAMP,CLAMP,0
L,8,4170,PREDICTION,src/tracking/advanced_tracker.py:kalman_homography,
R,PREDICTION,PREDICTION,1
A,4170
S,5,4176,DETECTION,src/tracking/advanced_tracker.py:_activate_slot,4176_74_908_662_1172
S,7,4176,DETECTION,src/tracking/advanced_tracker.py:_activate_slot,4176_112_473_506_591
S,0,4176,DETECTION,src/tracking/advanced_tracker.py:_activate_slot,4176_114_523_536_681
S,1,4176,DETECTION,src/tracking/advanced_tracker.py:_activate_slot,4176_159_638_459_756
S,4,4176,PREDICTION,src/tracking/advanced_tracker.py:kalman_homography,
S,6,4176,PREDICTION,src/tracking/advanced_tracker.py:kalman_homography,
S,8,4176,PREDICTION,src/tracking/advanced_tracker.py:flow_gapfill_batched,
L,0,4176,DETECTION,src/tracking/advanced_tracker.py:_activate_slot,4176_114_523_536_681
R,CLAMP,CLAMP,0
L,1,4176,DETECTION,src/tracking/advanced_tracker.py:_activate_slot,4176_159_638_459_756
R,CLAMP,CLAMP,0
L,4,4176,PREDICTION,src/tracking/advanced_tracker.py:kalman_homography,
R,PREDICTION,PREDICTION,1
L,5,4176,DETECTION,src/tracking/advanced_tracker.py:_activate_slot,4176_74_908_662_1172
R,CLAMP,CLAMP,0
L,6,4176,PREDICTION,src/tracking/advanced_tracker.py:kalman_homography,
R,CLAMP,CLAMP,0
L,7,4176,DETECTION,src/tracking/advanced_tracker.py:_activate_slot,4176_112_473_506_591
R,CLAMP,CLAMP,0
L,8,4176,PREDICTION,src/tracking/advanced_tracker.py:flow_gapfill_batched,
R,PREDICTION,PREDICTION,1
A,4176
S,0,4182,DETECTION,src/tracking/advanced_tracker.py:_activate_slot,4182_115_520_535_676
S,1,4182,DETECTION,src/tracking/advanced_tracker.py:_activate_slot,4182_160_636_462_746
S,5,4182,DETECTION,src/tracking/advanced_tracker.py:_activate_slot,4182_79_896_675_1154
S,2,4182,DETECTION,src/tracking/advanced_tracker.py:_activate_slot,4182_176_664_460_761
S,4,4182,PREDICTION,src/tracking/advanced_tracker.py:kalman_homography,
S,6,4182,PREDICTION,src/tracking/advanced_tracker.py:kalman_homography,
S,7,4182,PREDICTION,src/tracking/advanced_tracker.py:flow_gapfill_batched,
S,8,4182,PREDICTION,src/tracking/advanced_tracker.py:flow_gapfill_batched,
D,1,4182
S,2,4182,PREDICTION,src/tracking/advanced_tracker.py:id_merge,
L,0,4182,DETECTION,src/tracking/advanced_tracker.py:_activate_slot,4182_115_520_535_676
R,CLAMP,CLAMP,0
L,2,4182,PREDICTION,src/tracking/advanced_tracker.py:id_merge,
R,CLAMP,CLAMP,0
L,4,4182,PREDICTION,src/tracking/advanced_tracker.py:kalman_homography,
R,PREDICTION,PREDICTION,1
L,5,4182,DETECTION,src/tracking/advanced_tracker.py:_activate_slot,4182_79_896_675_1154
R,CLAMP,CLAMP,0
L,6,4182,PREDICTION,src/tracking/advanced_tracker.py:kalman_homography,
R,CLAMP,CLAMP,0
L,7,4182,PREDICTION,src/tracking/advanced_tracker.py:flow_gapfill_batched,
R,CLAMP,CLAMP,0
L,8,4182,PREDICTION,src/tracking/advanced_tracker.py:flow_gapfill_batched,
R,PREDICTION,PREDICTION,1
A,4182
S,0,4188,DETECTION,src/tracking/advanced_tracker.py:_activate_slot,4188_119_516_543_677
S,1,4188,DETECTION,src/tracking/advanced_tracker.py:_activate_slot,4188_159_634_459_724
S,2,4188,DETECTION,src/tracking/advanced_tracker.py:_activate_slot,4188_177_664_469_774
S,5,4188,DETECTION,src/tracking/advanced_tracker.py:_activate_slot,4188_77_893_656_1139
S,9,4188,DETECTION,src/tracking/advanced_tracker.py:_activate_slot,4188_89_793_535_957
S,4,4188,PREDICTION,src/tracking/advanced_tracker.py:kalman_homography,
S,6,4188,PREDICTION,src/tracking/advanced_tracker.py:kalman_homography,
S,7,4188,PREDICTION,src/tracking/advanced_tracker.py:flow_gapfill_batched,
S,8,4188,PREDICTION,src/tracking/advanced_tracker.py:flow_gapfill_batched,
D,1,4188
S,2,4188,PREDICTION,src/tracking/advanced_tracker.py:id_merge,
L,0,4188,DETECTION,src/tracking/advanced_tracker.py:_activate_slot,4188_119_516_543_677
R,CLAMP,CLAMP,0
L,2,4188,PREDICTION,src/tracking/advanced_tracker.py:id_merge,
R,CLAMP,CLAMP,0
L,4,4188,PREDICTION,src/tracking/advanced_tracker.py:kalman_homography,
R,PREDICTION,PREDICTION,1
L,5,4188,DETECTION,src/tracking/advanced_tracker.py:_activate_slot,4188_77_893_656_1139
R,CLAMP,CLAMP,0
L,6,4188,PREDICTION,src/tracking/advanced_tracker.py:kalman_homography,
R,CLAMP,CLAMP,0
L,7,4188,PREDICTION,src/tracking/advanced_tracker.py:flow_gapfill_batched,
R,CLAMP,CLAMP,0
L,8,4188,PREDICTION,src/tracking/advanced_tracker.py:flow_gapfill_batched,
R,PREDICTION,PREDICTION,1
L,9,4188,DETECTION,src/tracking/advanced_tracker.py:_activate_slot,4188_89_793_535_957
R,CLAMP,CLAMP,0
A,4188
S,5,4194,DETECTION,src/tracking/advanced_tracker.py:_activate_slot,4194_81_894_662_1136
S,7,4194,DETECTION,src/tracking/advanced_tracker.py:_activate_slot,4194_116_516_530_672
S,9,4194,DETECTION,src/tracking/advanced_tracker.py:_activate_slot,4194_89_784_543_960
S,0,4194,PREDICTION,src/tracking/advanced_tracker.py:kalman_homography,
S,1,4194,PREDICTION,src/tracking/advanced_tracker.py:kalman_homography,
S,2,4194,PREDICTION,src/tracking/advanced_tracker.py:kalman_homography,
S,6,4194,PREDICTION,src/tracking/advanced_tracker.py:kalman_homography,
S,4,4194,PREDICTION,src/tracking/advanced_tracker.py:flow_gapfill_batched,
S,8,4194,PREDICTION,src/tracking/advanced_tracker.py:flow_gapfill_batched,
D,1,4194
S,2,4194,PREDICTION,src/tracking/advanced_tracker.py:id_merge,
D,4,4194
S,2,4194,PREDICTION,src/tracking/advanced_tracker.py:id_merge,
L,0,4194,PREDICTION,src/tracking/advanced_tracker.py:kalman_homography,
R,CLAMP,CLAMP,0
L,2,4194,PREDICTION,src/tracking/advanced_tracker.py:id_merge,
R,CLAMP,CLAMP,0
L,5,4194,DETECTION,src/tracking/advanced_tracker.py:_activate_slot,4194_81_894_662_1136
R,CLAMP,CLAMP,0
L,6,4194,PREDICTION,src/tracking/advanced_tracker.py:kalman_homography,
R,CLAMP,CLAMP,0
L,7,4194,DETECTION,src/tracking/advanced_tracker.py:_activate_slot,4194_116_516_530_672
R,CLAMP,CLAMP,0
L,8,4194,PREDICTION,src/tracking/advanced_tracker.py:flow_gapfill_batched,
R,PREDICTION,PREDICTION,1
L,9,4194,DETECTION,src/tracking/advanced_tracker.py:_activate_slot,4194_89_784_543_960
R,CLAMP,CLAMP,0
A,4194
S,5,4200,DETECTION,src/tracking/advanced_tracker.py:_activate_slot,4200_100_866_667_1294
S,7,4200,DETECTION,src/tracking/advanced_tracker.py:_activate_slot,4200_51_390_577_721
S,9,4200,DETECTION,src/tracking/advanced_tracker.py:_activate_slot,4200_-14_632_498_999
S,0,4200,PREDICTION,src/tracking/advanced_tracker.py:kalman_homography,
S,1,4200,PREDICTION,src/tracking/advanced_tracker.py:kalman_homography,
S,2,4200,PREDICTION,src/tracking/advanced_tracker.py:kalman_homography,
S,6,4200,PREDICTION,src/tracking/advanced_tracker.py:kalman_homography,
D,1,4200
S,2,4200,PREDICTION,src/tracking/advanced_tracker.py:id_merge,
L,0,4200,PREDICTION,src/tracking/advanced_tracker.py:kalman_homography,
R,CLAMP,CLAMP,0
L,2,4200,PREDICTION,src/tracking/advanced_tracker.py:id_merge,
R,CLAMP,CLAMP,0
L,5,4200,DETECTION,src/tracking/advanced_tracker.py:_activate_slot,4200_100_866_667_1294
R,CLAMP,CLAMP,0
L,6,4200,PREDICTION,src/tracking/advanced_tracker.py:kalman_homography,
R,CLAMP,CLAMP,0
L,7,4200,DETECTION,src/tracking/advanced_tracker.py:_activate_slot,4200_51_390_577_721
R,CLAMP,CLAMP,0
L,9,4200,DETECTION,src/tracking/advanced_tracker.py:_activate_slot,4200_-14_632_498_999
R,DETECTION,DETECTION,1
A,4200
S,2,4206,DETECTION,src/tracking/advanced_tracker.py:_activate_slot,4206_-14_645_387_1011
S,5,4206,DETECTION,src/tracking/advanced_tracker.py:_activate_slot,4206_85_896_666_1292
S,7,4206,DETECTION,src/tracking/advanced_tracker.py:_activate_slot,4206_-14_337_502_774
S,3,4206,DETECTION,src/tracking/advanced_tracker.py:_activate_slot,4206_167_682_668_960
S,0,4206,PREDICTION,src/tracking/advanced_tracker.py:kalman_homography,
S,1,4206,PREDICTION,src/tracking/advanced_tracker.py:kalman_homography,
S,6,4206,PREDICTION,src/tracking/advanced_tracker.py:kalman_homography,
S,9,4206,PREDICTION,src/tracking/advanced_tracker.py:kalman_homography,
D,0,4206
S,1,4206,PREDICTION,src/tracking/advanced_tracker.py:id_merge,
L,1,4206,PREDICTION,src/tracking/advanced_tracker.py:id_merge,
R,CLAMP,CLAMP,0
L,2,4206,DETECTION,src/tracking/advanced_tracker.py:_activate_slot,4206_-14_645_387_1011
R,CLAMP,CLAMP,0
L,3,4206,DETECTION,src/tracking/advanced_tracker.py:_activate_slot,4206_167_682_668_960
R,CLAMP,CLAMP,0
L,5,4206,DETECTION,src/tracking/advanced_tracker.py:_activate_slot,4206_85_896_666_1292
R,CLAMP,CLAMP,0
L,6,4206,PREDICTION,src/tracking/advanced_tracker.py:kalman_homography,
R,CLAMP,CLAMP,0
L,7,4206,DETECTION,src/tracking/advanced_tracker.py:_activate_slot,4206_-14_337_502_774
R,CLAMP,CLAMP,0
L,9,4206,PREDICTION,src/tracking/advanced_tracker.py:kalman_homography,
R,PREDICTION,PREDICTION,1
A,4206
S,3,4212,DETECTION,src/tracking/advanced_tracker.py:_activate_slot,4212_163_750_669_996
S,5,4212,DETECTION,src/tracking/advanced_tracker.py:_activate_slot,4212_74_954_666_1294
S,0,4212,PREDICTION,src/tracking/advanced_tracker.py:kalman_homography,
S,1,4212,PREDICTION,src/tracking/advanced_tracker.py:kalman_homography,
S,2,4212,PREDICTION,src/tracking/advanced_tracker.py:kalman_homography,
S,7,4212,PREDICTION,src/tracking/advanced_tracker.py:kalman_homography,
S,9,4212,PREDICTION,src/tracking/advanced_tracker.py:kalman_homography,
S,6,4212,PREDICTION,src/tracking/advanced_tracker.py:flow_gapfill_batched,
D,0,4212
S,1,4212,PREDICTION,src/tracking/advanced_tracker.py:id_merge,
L,1,4212,PREDICTION,src/tracking/advanced_tracker.py:id_merge,
R,CLAMP,CLAMP,0
L,2,4212,PREDICTION,src/tracking/advanced_tracker.py:kalman_homography,
R,CLAMP,CLAMP,0
L,3,4212,DETECTION,src/tracking/advanced_tracker.py:_activate_slot,4212_163_750_669_996
R,CLAMP,CLAMP,0
L,5,4212,DETECTION,src/tracking/advanced_tracker.py:_activate_slot,4212_74_954_666_1294
R,CLAMP,CLAMP,0
L,6,4212,PREDICTION,src/tracking/advanced_tracker.py:flow_gapfill_batched,
R,CLAMP,CLAMP,0
L,7,4212,PREDICTION,src/tracking/advanced_tracker.py:kalman_homography,
R,CLAMP,CLAMP,0
L,9,4212,PREDICTION,src/tracking/advanced_tracker.py:kalman_homography,
R,PREDICTION,PREDICTION,1
A,4212
S,3,4218,DETECTION,src/tracking/advanced_tracker.py:_activate_slot,4218_154_726_669_1048
S,2,4218,DETECTION,src/tracking/advanced_tracker.py:_activate_slot,4218_96_667_448_1039
S,5,4218,DETECTION,src/tracking/advanced_tracker.py:_activate_slot,4218_65_1004_667_1294
S,7,4218,DETECTION,src/tracking/advanced_tracker.py:_activate_slot,4218_-12_320_548_830
S,0,4218,PREDICTION,src/tracking/advanced_tracker.py:kalman_homography,
S,1,4218,PREDICTION,src/tracking/advanced_tracker.py:kalman_homography,
S,9,4218,PREDICTION,src/tracking/advanced_tracker.py:kalman_homography,
D,0,4218
S,1,4218,PREDICTION,src/tracking/advanced_tracker.py:id_merge,
L,1,4218,PREDICTION,src/tracking/advanced_tracker.py:id_merge,
R,CLAMP,CLAMP,0
L,2,4218,DETECTION,src/tracking/advanced_tracker.py:_activate_slot,4218_96_667_448_1039
R,CLAMP,CLAMP,0
L,3,4218,DETECTION,src/tracking/advanced_tracker.py:_activate_slot,4218_154_726_669_1048
R,CLAMP,CLAMP,0
L,5,4218,DETECTION,src/tracking/advanced_tracker.py:_activate_slot,4218_65_1004_667_1294
R,CLAMP,CLAMP,0
L,7,4218,DETECTION,src/tracking/advanced_tracker.py:_activate_slot,4218_-12_320_548_830
R,CLAMP,CLAMP,0
L,9,4218,PREDICTION,src/tracking/advanced_tracker.py:kalman_homography,
R,PREDICTION,PREDICTION,1
A,4218
S,2,4224,DETECTION,src/tracking/advanced_tracker.py:_activate_slot,4224_-12_674_488_1030
S,3,4224,DETECTION,src/tracking/advanced_tracker.py:_activate_slot,4224_143_732_668_1090
S,0,4224,DETECTION,src/tracking/advanced_tracker.py:_activate_slot,4224_-12_507_589_850
S,5,4224,DETECTION,src/tracking/advanced_tracker.py:_activate_slot,4224_54_1063_667_1295
S,1,4224,PREDICTION,src/tracking/advanced_tracker.py:kalman_homography,
S,7,4224,PREDICTION,src/tracking/advanced_tracker.py:kalman_homography,
S,9,4224,PREDICTION,src/tracking/advanced_tracker.py:kalman_homography,
L,0,4224,DETECTION,src/tracking/advanced_tracker.py:_activate_slot,4224_-12_507_589_850
R,CLAMP,CLAMP,0
L,1,4224,PREDICTION,src/tracking/advanced_tracker.py:kalman_homography,
R,CLAMP,CLAMP,0
L,2,4224,DETECTION,src/tracking/advanced_tracker.py:_activate_slot,4224_-12_674_488_1030
R,CLAMP,CLAMP,0
L,3,4224,DETECTION,src/tracking/advanced_tracker.py:_activate_slot,4224_143_732_668_1090
R,CLAMP,CLAMP,0
L,5,4224,DETECTION,src/tracking/advanced_tracker.py:_activate_slot,4224_54_1063_667_1295
R,CLAMP,CLAMP,0
L,7,4224,PREDICTION,src/tracking/advanced_tracker.py:kalman_homography,
R,CLAMP,CLAMP,0
L,9,4224,PREDICTION,src/tracking/advanced_tracker.py:kalman_homography,
R,PREDICTION,PREDICTION,1
A,4224
S,3,4230,DETECTION,src/tracking/advanced_tracker.py:_activate_slot,4230_136_676_668_1147
S,0,4230,DETECTION,src/tracking/advanced_tracker.py:_activate_slot,4230_-11_586_570_857
S,5,4230,DETECTION,src/tracking/advanced_tracker.py:_activate_slot,4230_53_1137_667_1295
S,1,4230,PREDICTION,src/tracking/advanced_tracker.py:kalman_homography,
S,2,4230,PREDICTION,src/tracking/advanced_tracker.py:kalman_homography,
S,7,4230,PREDICTION,src/tracking/advanced_tracker.py:kalman_homography,
S,9,4230,PREDICTION,src/tracking/advanced_tracker.py:kalman_homography,
L,0,4230,DETECTION,src/tracking/advanced_tracker.py:_activate_slot,4230_-11_586_570_857
R,CLAMP,CLAMP,0
L,1,4230,PREDICTION,src/tracking/advanced_tracker.py:kalman_homography,
R,CLAMP,CLAMP,0
L,2,4230,PREDICTION,src/tracking/advanced_tracker.py:kalman_homography,
R,CLAMP,CLAMP,0
L,3,4230,DETECTION,src/tracking/advanced_tracker.py:_activate_slot,4230_136_676_668_1147
R,CLAMP,CLAMP,0
L,5,4230,DETECTION,src/tracking/advanced_tracker.py:_activate_slot,4230_53_1137_667_1295
R,CLAMP,CLAMP,0
L,7,4230,PREDICTION,src/tracking/advanced_tracker.py:kalman_homography,
R,CLAMP,CLAMP,0
L,9,4230,PREDICTION,src/tracking/advanced_tracker.py:kalman_homography,
R,PREDICTION,PREDICTION,1
A,4230
S,0,4236,DETECTION,src/tracking/advanced_tracker.py:_activate_slot,4236_-13_597_585_857
S,2,4236,DETECTION,src/tracking/advanced_tracker.py:_activate_slot,4236_-12_760_582_1225
S,3,4236,DETECTION,src/tracking/advanced_tracker.py:_activate_slot,4236_-13_618_633_1226
S,5,4236,DETECTION,src/tracking/advanced_tracker.py:_activate_slot,4236_81_1177_664_1295
S,4,4236,DETECTION,src/tracking/advanced_tracker.py:_activate_slot,4236_128_951_668_1193
S,7,4236,PREDICTION,src/tracking/advanced_tracker.py:kalman_homography,
S,9,4236,PREDICTION,src/tracking/advanced_tracker.py:kalman_homography,
D,2,4236
S,3,4236,PREDICTION,src/tracking/advanced_tracker.py:id_merge,
L,0,4236,DETECTION,src/tracking/advanced_tracker.py:_activate_slot,4236_-13_597_585_857
R,CLAMP,CLAMP,0
L,3,4236,PREDICTION,src/tracking/advanced_tracker.py:id_merge,
R,CLAMP,CLAMP,0
L,4,4236,DETECTION,src/tracking/advanced_tracker.py:_activate_slot,4236_128_951_668_1193
R,DETECTION,DETECTION,1
L,5,4236,DETECTION,src/tracking/advanced_tracker.py:_activate_slot,4236_81_1177_664_1295
R,CLAMP,CLAMP,0
L,7,4236,PREDICTION,src/tracking/advanced_tracker.py:kalman_homography,
R,CLAMP,CLAMP,0
L,9,4236,PREDICTION,src/tracking/advanced_tracker.py:kalman_homography,
R,PREDICTION,PREDICTION,1
A,4236
S,0,4242,DETECTION,src/tracking/advanced_tracker.py:_activate_slot,4242_-15_607_574_879
S,2,4242,DETECTION,src/tracking/advanced_tracker.py:_activate_slot,4242_44_1209_666_1295
S,3,4242,DETECTION,src/tracking/advanced_tracker.py:_activate_slot,4242_-13_573_665_1183
S,4,4242,DETECTION,src/tracking/advanced_tracker.py:_activate_slot,4242_128_1007_668_1293
S,5,4242,DETECTION,src/tracking/advanced_tracker.py:_activate_slot,4242_67_1213_509_1295
S,7,4242,PREDICTION,src/tracking/advanced_tracker.py:kalman_homography,
S,9,4242,PREDICTION,src/tracking/advanced_tracker.py:kalman_homography,
D,2,4242
S,4,4242,PREDICTION,src/tracking/advanced_tracker.py:id_merge,
L,0,4242,DETECTION,src/tracking/advanced_tracker.py:_activate_slot,4242_-15_607_574_879
R,CLAMP,CLAMP,0
L,3,4242,DETECTION,src/tracking/advanced_tracker.py:_activate_slot,4242_-13_573_665_1183
R,CLAMP,CLAMP,0
L,4,4242,PREDICTION,src/tracking/advanced_tracker.py:id_merge,
R,PREDICTION,PREDICTION,1
L,5,4242,DETECTION,src/tracking/advanced_tracker.py:_activate_slot,4242_67_1213_509_1295
R,CLAMP,CLAMP,0
L,7,4242,PREDICTION,src/tracking/advanced_tracker.py:kalman_homography,
R,CLAMP,CLAMP,0
L,9,4242,PREDICTION,src/tracking/advanced_tracker.py:kalman_homography,
R,PREDICTION,PREDICTION,1
A,4242
S,2,4248,DETECTION,src/tracking/advanced_tracker.py:_activate_slot,4248_31_342_667_778
S,3,4248,DETECTION,src/tracking/advanced_tracker.py:_activate_slot,4248_-13_634_661_1182
S,4,4248,DETECTION,src/tracking/advanced_tracker.py:_activate_slot,4248_121_1052_669_1294
S,0,4248,DETECTION,src/tracking/advanced_tracker.py:_activate_slot,4248_-14_630_560_888
S,5,4248,DETECTION,src/tracking/advanced_tracker.py:_activate_slot,4248_165_1237_675_1295
S,8,4248,DETECTION,src/tracking/advanced_tracker.py:_activate_slot,4248_172_1237_504_1295
S,7,4248,PREDICTION,src/tracking/advanced_tracker.py:kalman_homography,
S,9,4248,PREDICTION,src/tracking/advanced_tracker.py:flow_gapfill_batched,
L,0,4248,DETECTION,src/tracking/advanced_tracker.py:_activate_slot,4248_-14_630_560_888
R,CLAMP,CLAMP,0
L,2,4248,DETECTION,src/tracking/advanced_tracker.py:_activate_slot,4248_31_342_667_778
R,CLAMP,CLAMP,0
L,3,4248,DETECTION,src/tracking/advanced_tracker.py:_activate_slot,4248_-13_634_661_1182
R,CLAMP,CLAMP,0
L,4,4248,DETECTION,src/tracking/advanced_tracker.py:_activate_slot,4248_121_1052_669_1294
R,DETECTION,DETECTION,1
L,5,4248,DETECTION,src/tracking/advanced_tracker.py:_activate_slot,4248_165_1237_675_1295
R,CLAMP,CLAMP,0
L,7,4248,PREDICTION,src/tracking/advanced_tracker.py:kalman_homography,
R,CLAMP,CLAMP,0
L,8,4248,DETECTION,src/tracking/advanced_tracker.py:_activate_slot,4248_172_1237_504_1295
R,DETECTION,DETECTION,1
L,9,4248,PREDICTION,src/tracking/advanced_tracker.py:flow_gapfill_batched,
R,CLAMP,CLAMP,0
A,4248
S,0,4254,DETECTION,src/tracking/advanced_tracker.py:_activate_slot,4254_-13_639_574_863
S,2,4254,DETECTION,src/tracking/advanced_tracker.py:_activate_slot,4254_36_371_665_790
S,3,4254,DETECTION,src/tracking/advanced_tracker.py:_activate_slot,4254_-13_644_665_1215
S,4,4254,DETECTION,src/tracking/advanced_tracker.py:_activate_slot,4254_132_1107_666_1293
S,7,4254,PREDICTION,src/tracking/advanced_tracker.py:kalman_homography,
S,8,4254,PREDICTION,src/tracking/advanced_tracker.py:kalman_homography,
L,0,4254,DETECTION,src/tracking/advanced_tracker.py:_activate_slot,4254_-13_639_574_863
R,CLAMP,CLAMP,0
L,2,4254,DETECTION,src/tracking/advanced_tracker.py:_activate_slot,4254_36_371_665_790
R,CLAMP,CLAMP,0
L,3,4254,DETECTION,src/tracking/advanced_tracker.py:_activate_slot,4254_-13_644_665_1215
R,CLAMP,CLAMP,0
L,4,4254,DETECTION,src/tracking/advanced_tracker.py:_activate_slot,4254_132_1107_666_1293
R,DETECTION,DETECTION,1
L,7,4254,PREDICTION,src/tracking/advanced_tracker.py:kalman_homography,
R,CLAMP,CLAMP,0
L,8,4254,PREDICTION,src/tracking/advanced_tracker.py:kalman_homography,
R,PREDICTION,PREDICTION,1
A,4254
S,2,4260,DETECTION,src/tracking/advanced_tracker.py:_activate_slot,4260_38_381_666_780
S,4,4260,DETECTION,src/tracking/advanced_tracker.py:_activate_slot,4260_218_1141_668_1295
S,7,4260,DETECTION,src/tracking/advanced_tracker.py:_activate_slot,4260_-8_620_667_1223
S,6,4260,DETECTION,src/tracking/advanced_tracker.py:_activate_slot,4260_39_377_238_646
S,0,4260,PREDICTION,src/tracking/advanced_tracker.py:kalman_homography,
S,3,4260,PREDICTION,src/tracking/advanced_tracker.py:kalman_homography,
S,8,4260,PREDICTION,src/tracking/advanced_tracker.py:kalman_homography,
L,0,4260,PREDICTION,src/tracking/advanced_tracker.py:kalman_homography,
R,CLAMP,CLAMP,0
L,2,4260,DETECTION,src/tracking/advanced_tracker.py:_activate_slot,4260_38_381_666_780
R,CLAMP,CLAMP,0
L,3,4260,PREDICTION,src/tracking/advanced_tracker.py:kalman_homography,
R,CLAMP,CLAMP,0
L,4,4260,DETECTION,src/tracking/advanced_tracker.py:_activate_slot,4260_218_1141_668_1295
R,DETECTION,DETECTION,1
L,6,4260,DETECTION,src/tracking/advanced_tracker.py:_activate_slot,4260_39_377_238_646
R,CLAMP,CLAMP,0
L,7,4260,DETECTION,src/tracking/advanced_tracker.py:_activate_slot,4260_-8_620_667_1223
R,CLAMP,CLAMP,0
L,8,4260,PREDICTION,src/tracking/advanced_tracker.py:kalman_homography,
R,PREDICTION,SUBPIXEL,0
A,4260
S,2,4266,DETECTION,src/tracking/advanced_tracker.py:_activate_slot,4266_50_454_666_769
S,3,4266,DETECTION,src/tracking/advanced_tracker.py:_activate_slot,4266_-10_641_666_1214
S,4,4266,DETECTION,src/tracking/advanced_tracker.py:_activate_slot,4266_152_1189_668_1295
S,0,4266,PREDICTION,src/tracking/advanced_tracker.py:kalman_homography,
S,6,4266,PREDICTION,src/tracking/advanced_tracker.py:kalman_homography,
S,8,4266,PREDICTION,src/tracking/advanced_tracker.py:kalman_homography,
L,0,4266,PREDICTION,src/tracking/advanced_tracker.py:kalman_homography,
R,CLAMP,CLAMP,0
L,2,4266,DETECTION,src/tracking/advanced_tracker.py:_activate_slot,4266_50_454_666_769
R,CLAMP,CLAMP,0
L,3,4266,DETECTION,src/tracking/advanced_tracker.py:_activate_slot,4266_-10_641_666_1214
R,CLAMP,CLAMP,0
L,4,4266,DETECTION,src/tracking/advanced_tracker.py:_activate_slot,4266_152_1189_668_1295
R,DETECTION,DETECTION,1
L,6,4266,PREDICTION,src/tracking/advanced_tracker.py:kalman_homography,
R,CLAMP,CLAMP,0
L,8,4266,PREDICTION,src/tracking/advanced_tracker.py:kalman_homography,
R,PREDICTION,SUBPIXEL,0
A,4266
S,2,4272,DETECTION,src/tracking/advanced_tracker.py:_activate_slot,4272_52_436_666_771
S,4,4272,DETECTION,src/tracking/advanced_tracker.py:_activate_slot,4272_197_1203_668_1295
S,0,4272,DETECTION,src/tracking/advanced_tracker.py:_activate_slot,4272_18_675_659_936
S,8,4272,DETECTION,src/tracking/advanced_tracker.py:_activate_slot,4272_-13_669_667_1208
S,6,4272,DETECTION,src/tracking/advanced_tracker.py:_activate_slot,4272_48_373_244_649
S,3,4272,PREDICTION,src/tracking/advanced_tracker.py:flow_gapfill_batched,
L,0,4272,DETECTION,src/tracking/advanced_tracker.py:_activate_slot,4272_18_675_659_936
R,CLAMP,CLAMP,0
L,2,4272,DETECTION,src/tracking/advanced_tracker.py:_activate_slot,4272_52_436_666_771
R,CLAMP,CLAMP,0
L,3,4272,PREDICTION,src/tracking/advanced_tracker.py:flow_gapfill_batched,
R,CLAMP,CLAMP,0
L,4,4272,DETECTION,src/tracking/advanced_tracker.py:_activate_slot,4272_197_1203_668_1295
R,DETECTION,DETECTION,1
L,6,4272,DETECTION,src/tracking/advanced_tracker.py:_activate_slot,4272_48_373_244_649
R,CLAMP,CLAMP,0
L,8,4272,DETECTION,src/tracking/advanced_tracker.py:_activate_slot,4272_-13_669_667_1208
R,CLAMP,CLAMP,0
A,4272
S,2,4278,DETECTION,src/tracking/advanced_tracker.py:_activate_slot,4278_54_432_667_762
S,3,4278,DETECTION,src/tracking/advanced_tracker.py:_activate_slot,4278_-6_657_666_1202
S,4,4278,DETECTION,src/tracking/advanced_tracker.py:_activate_slot,4278_239_1217_672_1295
S,0,4278,DETECTION,src/tracking/advanced_tracker.py:_activate_slot,4278_24_666_665_922
S,1,4278,DETECTION,src/tracking/advanced_tracker.py:_activate_slot,4278_54_372_248_659
S,6,4278,PREDICTION,src/tracking/advanced_tracker.py:kalman_homography,
S,8,4278,PREDICTION,src/tracking/advanced_tracker.py:kalman_homography,
S,7,4278,PREDICTION,src/tracking/advanced_tracker.py:flow_gapfill_batched,
D,7,4278
S,8,4278,PREDICTION,src/tracking/advanced_tracker.py:id_merge,
L,0,4278,DETECTION,src/tracking/advanced_tracker.py:_activate_slot,4278_24_666_665_922
R,CLAMP,CLAMP,0
L,1,4278,DETECTION,src/tracking/advanced_tracker.py:_activate_slot,4278_54_372_248_659
R,CLAMP,CLAMP,0
L,2,4278,DETECTION,src/tracking/advanced_tracker.py:_activate_slot,4278_54_432_667_762
R,CLAMP,CLAMP,0
L,3,4278,DETECTION,src/tracking/advanced_tracker.py:_activate_slot,4278_-6_657_666_1202
R,CLAMP,CLAMP,0
L,4,4278,DETECTION,src/tracking/advanced_tracker.py:_activate_slot,4278_239_1217_672_1295
R,DETECTION,DETECTION,1
L,6,4278,PREDICTION,src/tracking/advanced_tracker.py:kalman_homography,
R,CLAMP,CLAMP,0
L,8,4278,PREDICTION,src/tracking/advanced_tracker.py:id_merge,
R,CLAMP,CLAMP,0
A,4278
S,0,4284,DETECTION,src/tracking/advanced_tracker.py:_activate_slot,4284_28_668_670_908
S,2,4284,DETECTION,src/tracking/advanced_tracker.py:_activate_slot,4284_53_413_665_787
S,3,4284,DETECTION,src/tracking/advanced_tracker.py:_activate_slot,4284_-11_660_665_1198
S,1,4284,DETECTION,src/tracking/advanced_tracker.py:_activate_slot,4284_58_370_257_654
S,6,4284,PREDICTION,src/tracking/advanced_tracker.py:kalman_homography,
S,8,4284,PREDICTION,src/tracking/advanced_tracker.py:kalman_homography,
S,7,4284,PREDICTION,src/tracking/advanced_tracker.py:flow_gapfill_batched,
L,0,4284,DETECTION,src/tracking/advanced_tracker.py:_activate_slot,4284_28_668_670_908
R,CLAMP,CLAMP,0
L,1,4284,DETECTION,src/tracking/advanced_tracker.py:_activate_slot,4284_58_370_257_654
R,CLAMP,CLAMP,0
L,2,4284,DETECTION,src/tracking/advanced_tracker.py:_activate_slot,4284_53_413_665_787
R,CLAMP,CLAMP,0
L,3,4284,DETECTION,src/tracking/advanced_tracker.py:_activate_slot,4284_-11_660_665_1198
R,CLAMP,CLAMP,0
L,6,4284,PREDICTION,src/tracking/advanced_tracker.py:kalman_homography,
R,CLAMP,CLAMP,0
L,7,4284,PREDICTION,src/tracking/advanced_tracker.py:flow_gapfill_batched,
R,CLAMP,CLAMP,0
L,8,4284,PREDICTION,src/tracking/advanced_tracker.py:kalman_homography,
R,CLAMP,CLAMP,0
A,4284
S,0,4290,DETECTION,src/tracking/advanced_tracker.py:_activate_slot,4290_29_677_669_913
S,1,4290,DETECTION,src/tracking/advanced_tracker.py:_activate_slot,4290_3_369_267_766
S,2,4290,DETECTION,src/tracking/advanced_tracker.py:_activate_slot,4290_54_373_668_793
S,8,4290,DETECTION,src/tracking/advanced_tracker.py:_activate_slot,4290_-15_749_666_1197
S,10,4290,DETECTION,src/tracking/advanced_tracker.py:_activate_slot,4290_8_626_258_770
S,6,4290,PREDICTION,src/tracking/advanced_tracker.py:kalman_homography,
L,0,4290,DETECTION,src/tracking/advanced_tracker.py:_activate_slot,4290_29_677_669_913
R,CLAMP,CLAMP,0
L,1,4290,DETECTION,src/tracking/advanced_tracker.py:_activate_slot,4290_3_369_267_766
R,CLAMP,CLAMP,0
L,2,4290,DETECTION,src/tracking/advanced_tracker.py:_activate_slot,4290_54_373_668_793
R,CLAMP,CLAMP,0
L,6,4290,PREDICTION,src/tracking/advanced_tracker.py:kalman_homography,
R,CLAMP,CLAMP,0
L,8,4290,DETECTION,src/tracking/advanced_tracker.py:_activate_slot,4290_-15_749_666_1197
R,CLAMP,CLAMP,0
A,4290
S,0,4296,DETECTION,src/tracking/advanced_tracker.py:_activate_slot,4296_34_671_667_911
S,2,4296,DETECTION,src/tracking/advanced_tracker.py:_activate_slot,4296_51_368_668_776
S,3,4296,DETECTION,src/tracking/advanced_tracker.py:_activate_slot,4296_-15_687_665_1199
S,10,4296,DETECTION,src/tracking/advanced_tracker.py:_activate_slot,4296_14_625_257_765
S,1,4296,PREDICTION,src/tracking/advanced_tracker.py:kalman_homography,
S,6,4296,PREDICTION,src/tracking/advanced_tracker.py:kalman_homography,
S,5,4296,PREDICTION,src/tracking/advanced_tracker.py:flow_gapfill_batched,
S,7,4296,PREDICTION,src/tracking/advanced_tracker.py:flow_gapfill_batched,
S,8,4296,PREDICTION,src/tracking/advanced_tracker.py:flow_gapfill_batched,
L,0,4296,DETECTION,src/tracking/advanced_tracker.py:_activate_slot,4296_34_671_667_911
R,CLAMP,CLAMP,0
L,1,4296,PREDICTION,src/tracking/advanced_tracker.py:kalman_homography,
R,CLAMP,CLAMP,0
L,2,4296,DETECTION,src/tracking/advanced_tracker.py:_activate_slot,4296_51_368_668_776
R,CLAMP,CLAMP,0
L,3,4296,DETECTION,src/tracking/advanced_tracker.py:_activate_slot,4296_-15_687_665_1199
R,CLAMP,CLAMP,0
L,5,4296,PREDICTION,src/tracking/advanced_tracker.py:flow_gapfill_batched,
R,CLAMP,CLAMP,0
L,6,4296,PREDICTION,src/tracking/advanced_tracker.py:kalman_homography,
R,CLAMP,CLAMP,0
L,7,4296,PREDICTION,src/tracking/advanced_tracker.py:flow_gapfill_batched,
R,CLAMP,CLAMP,0
L,8,4296,PREDICTION,src/tracking/advanced_tracker.py:flow_gapfill_batched,
R,CLAMP,CLAMP,0
A,4296
S,0,4302,DETECTION,src/tracking/advanced_tracker.py:_activate_slot,4302_34_671_651_913
S,1,4302,DETECTION,src/tracking/advanced_tracker.py:_activate_slot,4302_20_363_265_767
S,8,4302,DETECTION,src/tracking/advanced_tracker.py:_activate_slot,4302_-14_662_666_1206
S,9,4302,DETECTION,src/tracking/advanced_tracker.py:_activate_slot,4302_40_369_665_756
S,6,4302,PREDICTION,src/tracking/advanced_tracker.py:kalman_homography,
S,10,4302,PREDICTION,src/tracking/advanced_tracker.py:kalman_homography,
S,2,4302,PREDICTION,src/tracking/advanced_tracker.py:flow_gapfill_batched,
S,3,4302,PREDICTION,src/tracking/advanced_tracker.py:flow_gapfill_batched,
S,7,4302,PREDICTION,src/tracking/advanced_tracker.py:flow_gapfill_batched,
L,0,4302,DETECTION,src/tracking/advanced_tracker.py:_activate_slot,4302_34_671_651_913
R,CLAMP,CLAMP,0
L,1,4302,DETECTION,src/tracking/advanced_tracker.py:_activate_slot,4302_20_363_265_767
R,CLAMP,CLAMP,0
L,2,4302,PREDICTION,src/tracking/advanced_tracker.py:flow_gapfill_batched,
R,CLAMP,CLAMP,0
L,3,4302,PREDICTION,src/tracking/advanced_tracker.py:flow_gapfill_batched,
R,CLAMP,CLAMP,0
L,6,4302,PREDICTION,src/tracking/advanced_tracker.py:kalman_homography,
R,CLAMP,CLAMP,0
L,7,4302,PREDICTION,src/tracking/advanced_tracker.py:flow_gapfill_batched,
R,CLAMP,CLAMP,0
L,8,4302,DETECTION,src/tracking/advanced_tracker.py:_activate_slot,4302_-14_662_666_1206
R,CLAMP,CLAMP,0
L,9,4302,DETECTION,src/tracking/advanced_tracker.py:_activate_slot,4302_40_369_665_756
R,CLAMP,CLAMP,0
A,4302
S,1,4308,DETECTION,src/tracking/advanced_tracker.py:_activate_slot,4308_17_360_271_766
S,3,4308,DETECTION,src/tracking/advanced_tracker.py:_activate_slot,4308_-5_653_666_1223
S,0,4308,DETECTION,src/tracking/advanced_tracker.py:_activate_slot,4308_33_663_626_927
S,9,4308,DETECTION,src/tracking/advanced_tracker.py:_activate_slot,4308_38_365_668_754
S,6,4308,PREDICTION,src/tracking/advanced_tracker.py:kalman_homography,
S,10,4308,PREDICTION,src/tracking/advanced_tracker.py:kalman_homography,
S,7,4308,PREDICTION,src/tracking/advanced_tracker.py:flow_gapfill_batched,
L,0,4308,DETECTION,src/tracking/advanced_tracker.py:_activate_slot,4308_33_663_626_927
R,CLAMP,CLAMP,0
L,1,4308,DETECTION,src/tracking/advanced_tracker.py:_activate_slot,4308_17_360_271_766
R,CLAMP,CLAMP,0
L,3,4308,DETECTION,src/tracking/advanced_tracker.py:_activate_slot,4308_-5_653_666_1223
R,CLAMP,CLAMP,0
L,6,4308,PREDICTION,src/tracking/advanced_tracker.py:kalman_homography,
R,CLAMP,CLAMP,0
L,7,4308,PREDICTION,src/tracking/advanced_tracker.py:flow_gapfill_batched,
R,CLAMP,CLAMP,0
L,9,4308,DETECTION,src/tracking/advanced_tracker.py:_activate_slot,4308_38_365_668_754
R,CLAMP,CLAMP,0
A,4308
