S,0,5337,DETECTION,src/tracking/advanced_tracker.py:_activate_slot,5337_173_522_362_606
S,1,5337,DETECTION,src/tracking/advanced_tracker.py:_activate_slot,5337_566_254_674_365
S,5,5337,DETECTION,src/tracking/advanced_tracker.py:_activate_slot,5337_193_68_398_184
S,2,5337,DETECTION,src/tracking/advanced_tracker.py:_activate_slot,5337_169_785_335_857
S,3,5337,DETECTION,src/tracking/advanced_tracker.py:_activate_slot,5337_302_770_513_853
S,6,5337,DETECTION,src/tracking/advanced_tracker.py:_activate_slot,5337_67_462_223_544
S,7,5337,DETECTION,src/tracking/advanced_tracker.py:_activate_slot,5337_516_-15_671_65
L,0,5337,DETECTION,src/tracking/advanced_tracker.py:_activate_slot,5337_173_522_362_606
R,DETECTION,DETECTION,1
L,1,5337,DETECTION,src/tracking/advanced_tracker.py:_activate_slot,5337_566_254_674_365
R,DETECTION,DETECTION,1
L,2,5337,DETECTION,src/tracking/advanced_tracker.py:_activate_slot,5337_169_785_335_857
R,DETECTION,DETECTION,1
L,3,5337,DETECTION,src/tracking/advanced_tracker.py:_activate_slot,5337_302_770_513_853
R,DETECTION,DETECTION,1
L,5,5337,DETECTION,src/tracking/advanced_tracker.py:_activate_slot,5337_193_68_398_184
R,DETECTION,DETECTION,1
L,6,5337,DETECTION,src/tracking/advanced_tracker.py:_activate_slot,5337_67_462_223_544
R,DETECTION,DETECTION,1
L,7,5337,DETECTION,src/tracking/advanced_tracker.py:_activate_slot,5337_516_-15_671_65
R,DETECTION,DETECTION,1
A,5337
S,1,5343,DETECTION,src/tracking/advanced_tracker.py:_activate_slot,5343_567_253_674_363
S,4,5343,DETECTION,src/tracking/advanced_tracker.py:_activate_slot,5343_174_537_356_617
S,2,5343,DETECTION,src/tracking/advanced_tracker.py:_activate_slot,5343_164_781_335_855
S,3,5343,DETECTION,src/tracking/advanced_tracker.py:_activate_slot,5343_297_762_505_842
S,5,5343,DETECTION,src/tracking/advanced_tracker.py:_activate_slot,5343_197_78_401_206
S,6,5343,DETECTION,src/tracking/advanced_tracker.py:_activate_slot,5343_66_464_222_547
S,7,5343,DETECTION,src/tracking/advanced_tracker.py:_activate_slot,5343_516_-15_670_65
S,8,5343,DETECTION,src/tracking/advanced_tracker.py:_activate_slot,5343_96_179_232_255
S,10,5343,DETECTION,src/tracking/advanced_tracker.py:_activate_slot,5343_211_1117_425_1219
S,0,5343,PREDICTION,src/tracking/advanced_tracker.py:kalman_homography,
D,0,5343
S,4,5343,PREDICTION,src/tracking/advanced_tracker.py:id_merge,
L,1,5343,DETECTION,src/tracking/advanced_tracker.py:_activate_slot,5343_567_253_674_363
R,DETECTION,DETECTION,1
L,2,5343,DETECTION,src/tracking/advanced_tracker.py:_activate_slot,5343_164_781_335_855
R,DETECTION,DETECTION,1
L,3,5343,DETECTION,src/tracking/advanced_tracker.py:_activate_slot,5343_297_762_505_842
R,CLAMP,CLAMP,0
L,4,5343,PREDICTION,src/tracking/advanced_tracker.py:id_merge,
R,PREDICTION,PREDICTION,1
L,5,5343,DETECTION,src/tracking/advanced_tracker.py:_activate_slot,5343_197_78_401_206
R,DETECTION,DETECTION,1
L,6,5343,DETECTION,src/tracking/advanced_tracker.py:_activate_slot,5343_66_464_222_547
R,DETECTION,DETECTION,1
L,7,5343,DETECTION,src/tracking/advanced_tracker.py:_activate_slot,5343_516_-15_670_65
R,DETECTION,DETECTION,1
L,8,5343,DETECTION,src/tracking/advanced_tracker.py:_activate_slot,5343_96_179_232_255
R,DETECTION,DETECTION,1
A,5343
S,1,5349,DETECTION,src/tracking/advanced_tracker.py:_activate_slot,5349_566_253_674_362
S,2,5349,CLAMP,src/tracking/advanced_tracker.py:_activate_slot,5349_299_737_535_837
S,6,5349,DETECTION,src/tracking/advanced_tracker.py:_activate_slot,5349_196_104_370_219
S,7,5349,DETECTION,src/tracking/advanced_tracker.py:_activate_slot,5349_515_-15_670_64
S,10,5349,DETECTION,src/tracking/advanced_tracker.py:_activate_slot,5349_208_1116_424_1218
S,9,5349,DETECTION,src/tracking/advanced_tracker.py:_activate_slot,5349_81_244_237_315
S,0,5349,PREDICTION,src/tracking/advanced_tracker.py:kalman_homography,
S,3,5349,PREDICTION,src/tracking/advanced_tracker.py:kalman_homography,
S,4,5349,PREDICTION,src/tracking/advanced_tracker.py:kalman_homography,
S,5,5349,PREDICTION,src/tracking/advanced_tracker.py:kalman_homography,
S,8,5349,PREDICTION,src/tracking/advanced_tracker.py:kalman_homography,
D,0,5349
S,4,5349,PREDICTION,src/tracking/advanced_tracker.py:id_merge,
D,5,5349
S,6,5349,PREDICTION,src/tracking/advanced_tracker.py:id_merge,
D,8,5349
S,9,5349,PREDICTION,src/tracking/advanced_tracker.py:id_merge,
L,1,5349,DETECTION,src/tracking/advanced_tracker.py:_activate_slot,5349_566_253_674_362
R,DETECTION,DETECTION,1
L,2,5349,CLAMP,src/tracking/advanced_tracker.py:_activate_slot,5349_299_737_535_837
R,CLAMP,CLAMP,0
L,3,5349,PREDICTION,src/tracking/advanced_tracker.py:kalman_homography,
R,PREDICTION,PREDICTION,1
L,4,5349,PREDICTION,src/tracking/advanced_tracker.py:id_merge,
R,PREDICTION,PREDICTION,1
L,6,5349,PREDICTION,src/tracking/advanced_tracker.py:id_merge,
R,PREDICTION,PREDICTION,1
L,7,5349,DETECTION,src/tracking/advanced_tracker.py:_activate_slot,5349_515_-15_670_64
R,DETECTION,SUBPIXEL,0
L,9,5349,PREDICTION,src/tracking/advanced_tracker.py:id_merge,
R,PREDICTION,PREDICTION,1
A,5349
S,1,5355,DETECTION,src/tracking/advanced_tracker.py:_activate_slot,5355_568_253_673_361
S,7,5355,DETECTION,src/tracking/advanced_tracker.py:_activate_slot,5355_202_118_394_221
S,9,5355,DETECTION,src/tracking/advanced_tracker.py:_activate_slot,5355_79_248_237_317
S,0,5355,PREDICTION,src/tracking/advanced_tracker.py:kalman_homography,
S,3,5355,PREDICTION,src/tracking/advanced_tracker.py:kalman_homography,
S,4,5355,PREDICTION,src/tracking/advanced_tracker.py:kalman_homography,
S,5,5355,PREDICTION,src/tracking/advanced_tracker.py:kalman_homography,
S,8,5355,PREDICTION,src/tracking/advanced_tracker.py:kalman_homography,
S,10,5355,PREDICTION,src/tracking/advanced_tracker.py:kalman_homography,
S,2,5355,PREDICTION,src/tracking/advanced_tracker.py:flow_gapfill_batched,
S,6,5355,PREDICTION,src/tracking/advanced_tracker.py:flow_gapfill_batched,
D,0,5355
S,4,5355,PREDICTION,src/tracking/advanced_tracker.py:id_merge,
D,5,5355
S,6,5355,PREDICTION,src/tracking/advanced_tracker.py:id_merge,
D,6,5355
S,7,5355,PREDICTION,src/tracking/advanced_tracker.py:id_merge,
D,8,5355
S,9,5355,PREDICTION,src/tracking/advanced_tracker.py:id_merge,
L,1,5355,DETECTION,src/tracking/advanced_tracker.py:_activate_slot,5355_568_253_673_361
R,DETECTION,DETECTION,1
L,2,5355,PREDICTION,src/tracking/advanced_tracker.py:flow_gapfill_batched,
R,CLAMP,CLAMP,0
L,3,5355,PREDICTION,src/tracking/advanced_tracker.py:kalman_homography,
R,PREDICTION,PREDICTION,1
L,4,5355,PREDICTION,src/tracking/advanced_tracker.py:id_merge,
R,PREDICTION,SUBPIXEL,0
L,7,5355,PREDICTION,src/tracking/advanced_tracker.py:id_merge,
R,PREDICTION,PREDICTION,1
L,9,5355,PREDICTION,src/tracking/advanced_tracker.py:id_merge,
R,PREDICTION,PREDICTION,1
A,5355
S,1,5361,DETECTION,src/tracking/advanced_tracker.py:_activate_slot,5361_173_558_365_660
S,3,5361,DETECTION,src/tracking/advanced_tracker.py:_activate_slot,5361_320_712_503_811
S,5,5361,DETECTION,src/tracking/advanced_tracker.py:_activate_slot,5361_195_119_393_225
S,0,5361,PREDICTION,src/tracking/advanced_tracker.py:kalman_homography,
S,4,5361,PREDICTION,src/tracking/advanced_tracker.py:kalman_homography,
S,7,5361,PREDICTION,src/tracking/advanced_tracker.py:kalman_homography,
S,8,5361,PREDICTION,src/tracking/advanced_tracker.py:kalman_homography,
S,9,5361,PREDICTION,src/tracking/advanced_tracker.py:kalman_homography,
S,10,5361,PREDICTION,src/tracking/advanced_tracker.py:kalman_homography,
S,2,5361,PREDICTION,src/tracking/advanced_tracker.py:flow_gapfill_batched,
S,6,5361,PREDICTION,src/tracking/advanced_tracker.py:flow_gapfill_batched,
D,0,5361
S,1,5361,PREDICTION,src/tracking/advanced_tracker.py:id_merge,
D,4,5361
S,1,5361,PREDICTION,src/tracking/advanced_tracker.py:id_merge,
D,6,5361
S,5,5361,PREDICTION,src/tracking/advanced_tracker.py:id_merge,
D,7,5361
S,5,5361,PREDICTION,src/tracking/advanced_tracker.py:id_merge,
D,8,5361
S,9,5361,PREDICTION,src/tracking/advanced_tracker.py:id_merge,
L,1,5361,PREDICTION,src/tracking/advanced_tracker.py:id_merge,
R,CLAMP,CLAMP,0
L,2,5361,PREDICTION,src/tracking/advanced_tracker.py:flow_gapfill_batched,
R,CLAMP,CLAMP,0
L,3,5361,DETECTION,src/tracking/advanced_tracker.py:_activate_slot,5361_320_712_503_811
R,CLAMP,CLAMP,0
L,5,5361,PREDICTION,src/tracking/advanced_tracker.py:id_merge,
R,PREDICTION,PREDICTION,1
L,9,5361,PREDICTION,src/tracking/advanced_tracker.py:id_merge,
R,PREDICTION,PREDICTION,1
A,5361
S,4,5367,DETECTION,src/tracking/advanced_tracker.py:_activate_slot,5367_175_562_368_664
S,9,5367,DETECTION,src/tracking/advanced_tracker.py:_activate_slot,5367_80_251_237_329
S,0,5367,PREDICTION,src/tracking/advanced_tracker.py:kalman_homography,
S,1,5367,PREDICTION,src/tracking/advanced_tracker.py:kalman_homography,
S,3,5367,PREDICTION,src/tracking/advanced_tracker.py:kalman_homography,
S,5,5367,PREDICTION,src/tracking/advanced_tracker.py:kalman_homography,
S,7,5367,PREDICTION,src/tracking/advanced_tracker.py:kalman_homography,
S,8,5367,PREDICTION,src/tracking/advanced_tracker.py:kalman_homography,
S,10,5367,PREDICTION,src/tracking/advanced_tracker.py:kalman_homography,
S,2,5367,PREDICTION,src/tracking/advanced_tracker.py:flow_gapfill_batched,
S,6,5367,PREDICTION,src/tracking/advanced_tracker.py:flow_gapfill_batched,
D,0,5367
S,4,5367,PREDICTION,src/tracking/advanced_tracker.py:id_merge,
D,6,5367
S,5,5367,PREDICTION,src/tracking/advanced_tracker.py:id_merge,
D,8,5367
S,7,5367,PREDICTION,src/tracking/advanced_tracker.py:id_merge,
D,7,5367
S,9,5367,PREDICTION,src/tracking/advanced_tracker.py:id_merge,
L,1,5367,PREDICTION,src/tracking/advanced_tracker.py:kalman_homography,
R,CLAMP,CLAMP,0
L,2,5367,PREDICTION,src/tracking/advanced_tracker.py:flow_gapfill_batched,
R,CLAMP,CLAMP,0
L,3,5367,PREDICTION,src/tracking/advanced_tracker.py:kalman_homography,
R,CLAMP,CLAMP,0
L,4,5367,PREDICTION,src/tracking/advanced_tracker.py:id_merge,
R,PREDICTION,PREDICTION,1
L,5,5367,PREDICTION,src/tracking/advanced_tracker.py:id_merge,
R,PREDICTION,PREDICTION,1
L,9,5367,PREDICTION,src/tracking/advanced_tracker.py:id_merge,
R,PREDICTION,PREDICTION,1
A,5367
S,10,5373,DETECTION,src/tracking/advanced_tracker.py:_activate_slot,5373_588_193_674_289
S,0,5373,PREDICTION,src/tracking/advanced_tracker.py:kalman_homography,
S,3,5373,PREDICTION,src/tracking/advanced_tracker.py:kalman_homography,
S,4,5373,PREDICTION,src/tracking/advanced_tracker.py:kalman_homography,
S,5,5373,PREDICTION,src/tracking/advanced_tracker.py:kalman_homography,
S,7,5373,PREDICTION,src/tracking/advanced_tracker.py:kalman_homography,
S,8,5373,PREDICTION,src/tracking/advanced_tracker.py:kalman_homography,
S,9,5373,PREDICTION,src/tracking/advanced_tracker.py:kalman_homography,
S,1,5373,PREDICTION,src/tracking/advanced_tracker.py:flow_gapfill_batched,
S,2,5373,PREDICTION,src/tracking/advanced_tracker.py:flow_gapfill_batched,
S,6,5373,PREDICTION,src/tracking/advanced_tracker.py:flow_gapfill_batched,
D,0,5373
S,1,5373,PREDICTION,src/tracking/advanced_tracker.py:id_merge,
D,1,5373
S,4,5373,PREDICTION,src/tracking/advanced_tracker.py:id_merge,
D,6,5373
S,5,5373,PREDICTION,src/tracking/advanced_tracker.py:id_merge,
D,8,5373
S,9,5373,PREDICTION,src/tracking/advanced_tracker.py:id_merge,
L,2,5373,PREDICTION,src/tracking/advanced_tracker.py:flow_gapfill_batched,
R,CLAMP,CLAMP,0
L,3,5373,PREDICTION,src/tracking/advanced_tracker.py:kalman_homography,
R,CLAMP,CLAMP,0
L,4,5373,PREDICTION,src/tracking/advanced_tracker.py:id_merge,
R,PREDICTION,PREDICTION,1
L,5,5373,PREDICTION,src/tracking/advanced_tracker.py:id_merge,
R,PREDICTION,PREDICTION,1
L,7,5373,PREDICTION,src/tracking/advanced_tracker.py:kalman_homography,
R,CLAMP,CLAMP,0
L,9,5373,PREDICTION,src/tracking/advanced_tracker.py:id_merge,
R,PREDICTION,PREDICTION,1
A,5373
S,0,5379,PREDICTION,src/tracking/advanced_tracker.py:kalman_homography,
S,3,5379,PREDICTION,src/tracking/advanced_tracker.py:kalman_homography,
S,4,5379,PREDICTION,src/tracking/advanced_tracker.py:kalman_homography,
S,5,5379,PREDICTION,src/tracking/advanced_tracker.py:kalman_homography,
S,8,5379,PREDICTION,src/tracking/advanced_tracker.py:kalman_homography,
S,9,5379,PREDICTION,src/tracking/advanced_tracker.py:kalman_homography,
S,1,5379,PREDICTION,src/tracking/advanced_tracker.py:flow_gapfill_batched,
S,2,5379,PREDICTION,src/tracking/advanced_tracker.py:flow_gapfill_batched,
S,6,5379,PREDICTION,src/tracking/advanced_tracker.py:flow_gapfill_batched,
S,7,5379,PREDICTION,src/tracking/advanced_tracker.py:flow_gapfill_batched,
S,10,5379,PREDICTION,src/tracking/advanced_tracker.py:flow_gapfill_batched,
D,0,5379
S,1,5379,PREDICTION,src/tracking/advanced_tracker.py:id_merge,
D,1,5379
S,4,5379,PREDICTION,src/tracking/advanced_tracker.py:id_merge,
D,6,5379
S,5,5379,PREDICTION,src/tracking/advanced_tracker.py:id_merge,
D,7,5379
S,5,5379,PREDICTION,src/tracking/advanced_tracker.py:id_merge,
D,8,5379
S,9,5379,PREDICTION,src/tracking/advanced_tracker.py:id_merge,
L,2,5379,PREDICTION,src/tracking/advanced_tracker.py:flow_gapfill_batched,
R,CLAMP,CLAMP,0
L,3,5379,PREDICTION,src/tracking/advanced_tracker.py:kalman_homography,
R,CLAMP,CLAMP,0
L,4,5379,PREDICTION,src/tracking/advanced_tracker.py:id_merge,
R,PREDICTION,PREDICTION,1
L,5,5379,PREDICTION,src/tracking/advanced_tracker.py:id_merge,
R,PREDICTION,PREDICTION,1
L,9,5379,PREDICTION,src/tracking/advanced_tracker.py:id_merge,
R,PREDICTION,PREDICTION,1
A,5379
S,9,5385,DETECTION,src/tracking/advanced_tracker.py:_activate_slot,5385_84_268_240_340
S,3,5385,PREDICTION,src/tracking/advanced_tracker.py:kalman_homography,
S,4,5385,PREDICTION,src/tracking/advanced_tracker.py:kalman_homography,
S,5,5385,PREDICTION,src/tracking/advanced_tracker.py:kalman_homography,
S,8,5385,PREDICTION,src/tracking/advanced_tracker.py:kalman_homography,
S,1,5385,PREDICTION,src/tracking/advanced_tracker.py:flow_gapfill_batched,
S,2,5385,PREDICTION,src/tracking/advanced_tracker.py:flow_gapfill_batched,
S,6,5385,PREDICTION,src/tracking/advanced_tracker.py:flow_gapfill_batched,
S,7,5385,PREDICTION,src/tracking/advanced_tracker.py:flow_gapfill_batched,
S,10,5385,PREDICTION,src/tracking/advanced_tracker.py:flow_gapfill_batched,
D,1,5385
S,4,5385,PREDICTION,src/tracking/advanced_tracker.py:id_merge,
D,6,5385
S,5,5385,PREDICTION,src/tracking/advanced_tracker.py:id_merge,
D,7,5385
S,5,5385,PREDICTION,src/tracking/advanced_tracker.py:id_merge,
D,8,5385
S,9,5385,PREDICTION,src/tracking/advanced_tracker.py:id_merge,
L,2,5385,PREDICTION,src/tracking/advanced_tracker.py:flow_gapfill_batched,
R,CLAMP,CLAMP,0
L,3,5385,PREDICTION,src/tracking/advanced_tracker.py:kalman_homography,
R,CLAMP,CLAMP,0
L,4,5385,PREDICTION,src/tracking/advanced_tracker.py:id_merge,
R,PREDICTION,PREDICTION,1
L,5,5385,PREDICTION,src/tracking/advanced_tracker.py:id_merge,
R,PREDICTION,PREDICTION,1
L,9,5385,PREDICTION,src/tracking/advanced_tracker.py:id_merge,
R,PREDICTION,PREDICTION,1
A,5385
S,9,5391,DETECTION,src/tracking/advanced_tracker.py:_activate_slot,5391_164_582_369_671
S,5,5391,DETECTION,src/tracking/advanced_tracker.py:_activate_slot,5391_203_211_379_308
S,8,5391,DETECTION,src/tracking/advanced_tracker.py:_activate_slot,5391_89_181_233_257
S,3,5391,PREDICTION,src/tracking/advanced_tracker.py:kalman_homography,
S,4,5391,PREDICTION,src/tracking/advanced_tracker.py:kalman_homography,
S,1,5391,PREDICTION,src/tracking/advanced_tracker.py:flow_gapfill_batched,
S,2,5391,PREDICTION,src/tracking/advanced_tracker.py:flow_gapfill_batched,
S,6,5391,PREDICTION,src/tracking/advanced_tracker.py:flow_gapfill_batched,
S,7,5391,PREDICTION,src/tracking/advanced_tracker.py:flow_gapfill_batched,
S,10,5391,PREDICTION,src/tracking/advanced_tracker.py:flow_gapfill_batched,
D,1,5391
S,4,5391,PREDICTION,src/tracking/advanced_tracker.py:id_merge,
D,6,5391
S,5,5391,PREDICTION,src/tracking/advanced_tracker.py:id_merge,
D,7,5391
S,5,5391,PREDICTION,src/tracking/advanced_tracker.py:id_merge,
D,5,5391
S,9,5391,PREDICTION,src/tracking/advanced_tracker.py:id_merge,
L,2,5391,PREDICTION,src/tracking/advanced_tracker.py:flow_gapfill_batched,
R,CLAMP,CLAMP,0
L,3,5391,PREDICTION,src/tracking/advanced_tracker.py:kalman_homography,
R,CLAMP,CLAMP,0
L,4,5391,PREDICTION,src/tracking/advanced_tracker.py:id_merge,
R,PREDICTION,PREDICTION,1
L,8,5391,DETECTION,src/tracking/advanced_tracker.py:_activate_slot,5391_89_181_233_257
R,DETECTION,SUBPIXEL,0
L,9,5391,PREDICTION,src/tracking/advanced_tracker.py:id_merge,
R,PREDICTION,PREDICTION,1
A,5391
S,9,5397,DETECTION,src/tracking/advanced_tracker.py:_activate_slot,5397_162_582_367_669
S,3,5397,PREDICTION,src/tracking/advanced_tracker.py:kalman_homography,
S,4,5397,PREDICTION,src/tracking/advanced_tracker.py:kalman_homography,
S,5,5397,PREDICTION,src/tracking/advanced_tracker.py:kalman_homography,
S,8,5397,PREDICTION,src/tracking/advanced_tracker.py:kalman_homography,
S,1,5397,PREDICTION,src/tracking/advanced_tracker.py:flow_gapfill_batched,
S,2,5397,PREDICTION,src/tracking/advanced_tracker.py:flow_gapfill_batched,
S,6,5397,PREDICTION,src/tracking/advanced_tracker.py:flow_gapfill_batched,
S,7,5397,PREDICTION,src/tracking/advanced_tracker.py:flow_gapfill_batched,
S,10,5397,PREDICTION,src/tracking/advanced_tracker.py:flow_gapfill_batched,
D,1,5397
S,4,5397,PREDICTION,src/tracking/advanced_tracker.py:id_merge,
D,6,5397
S,5,5397,PREDICTION,src/tracking/advanced_tracker.py:id_merge,
D,7,5397
S,5,5397,PREDICTION,src/tracking/advanced_tracker.py:id_merge,
L,2,5397,PREDICTION,src/tracking/advanced_tracker.py:flow_gapfill_batched,
R,CLAMP,CLAMP,0
L,3,5397,PREDICTION,src/tracking/advanced_tracker.py:kalman_homography,
R,CLAMP,CLAMP,0
L,4,5397,PREDICTION,src/tracking/advanced_tracker.py:id_merge,
R,PREDICTION,PREDICTION,1
L,5,5397,PREDICTION,src/tracking/advanced_tracker.py:id_merge,
R,PREDICTION,PREDICTION,1
L,8,5397,PREDICTION,src/tracking/advanced_tracker.py:kalman_homography,
R,PREDICTION,PREDICTION,1
L,9,5397,DETECTION,src/tracking/advanced_tracker.py:_activate_slot,5397_162_582_367_669
R,DETECTION,DETECTION,1
A,5397
S,3,5403,PREDICTION,src/tracking/advanced_tracker.py:kalman_homography,
S,4,5403,PREDICTION,src/tracking/advanced_tracker.py:kalman_homography,
S,5,5403,PREDICTION,src/tracking/advanced_tracker.py:kalman_homography,
S,8,5403,PREDICTION,src/tracking/advanced_tracker.py:kalman_homography,
S,9,5403,PREDICTION,src/tracking/advanced_tracker.py:kalman_homography,
S,1,5403,PREDICTION,src/tracking/advanced_tracker.py:flow_gapfill_batched,
S,7,5403,PREDICTION,src/tracking/advanced_tracker.py:flow_gapfill_batched,
D,1,5403
S,4,5403,PREDICTION,src/tracking/advanced_tracker.py:id_merge,
D,7,5403
S,5,5403,PREDICTION,src/tracking/advanced_tracker.py:id_merge,
L,3,5403,PREDICTION,src/tracking/advanced_tracker.py:kalman_homography,
R,CLAMP,CLAMP,0
L,4,5403,PREDICTION,src/tracking/advanced_tracker.py:id_merge,
R,PREDICTION,PREDICTION,1
L,5,5403,PREDICTION,src/tracking/advanced_tracker.py:id_merge,
R,PREDICTION,PREDICTION,1
L,8,5403,PREDICTION,src/tracking/advanced_tracker.py:kalman_homography,
R,PREDICTION,PREDICTION,1
L,9,5403,PREDICTION,src/tracking/advanced_tracker.py:kalman_homography,
R,PREDICTION,PREDICTION,1
A,5403
S,4,5409,PREDICTION,src/tracking/advanced_tracker.py:kalman_homography,
S,5,5409,PREDICTION,src/tracking/advanced_tracker.py:kalman_homography,
S,8,5409,PREDICTION,src/tracking/advanced_tracker.py:kalman_homography,
S,9,5409,PREDICTION,src/tracking/advanced_tracker.py:kalman_homography,
S,1,5409,PREDICTION,src/tracking/advanced_tracker.py:flow_gapfill_batched,
S,3,5409,PREDICTION,src/tracking/advanced_tracker.py:flow_gapfill_batched,
D,1,5409
S,4,5409,PREDICTION,src/tracking/advanced_tracker.py:id_merge,
L,3,5409,PREDICTION,src/tracking/advanced_tracker.py:flow_gapfill_batched,
R,CLAMP,CLAMP,0
L,4,5409,PREDICTION,src/tracking/advanced_tracker.py:id_merge,
R,PREDICTION,PREDICTION,1
L,5,5409,PREDICTION,src/tracking/advanced_tracker.py:kalman_homography,
R,PREDICTION,PREDICTION,1
L,8,5409,PREDICTION,src/tracking/advanced_tracker.py:kalman_homography,
R,PREDICTION,SUBPIXEL,0
L,9,5409,PREDICTION,src/tracking/advanced_tracker.py:kalman_homography,
R,CLAMP,CLAMP,0
A,5409
S,5,5415,PREDICTION,src/tracking/advanced_tracker.py:kalman_homography,
S,8,5415,PREDICTION,src/tracking/advanced_tracker.py:kalman_homography,
S,4,5415,PREDICTION,src/tracking/advanced_tracker.py:flow_gapfill_batched,
S,9,5415,PREDICTION,src/tracking/advanced_tracker.py:flow_gapfill_batched,
L,4,5415,PREDICTION,src/tracking/advanced_tracker.py:flow_gapfill_batched,
R,PREDICTION,PREDICTION,1
L,5,5415,PREDICTION,src/tracking/advanced_tracker.py:kalman_homography,
R,PREDICTION,PREDICTION,1
L,8,5415,PREDICTION,src/tracking/advanced_tracker.py:kalman_homography,
R,PREDICTION,SUBPIXEL,0
L,9,5415,PREDICTION,src/tracking/advanced_tracker.py:flow_gapfill_batched,
R,PREDICTION,PREDICTION,1
A,5415
S,5,5421,DETECTION,src/tracking/advanced_tracker.py:_activate_slot,5421_202_281_374_368
S,8,5421,PREDICTION,src/tracking/advanced_tracker.py:kalman_homography,
S,9,5421,PREDICTION,src/tracking/advanced_tracker.py:kalman_homography,
L,5,5421,DETECTION,src/tracking/advanced_tracker.py:_activate_slot,5421_202_281_374_368
R,DETECTION,DETECTION,1
L,8,5421,PREDICTION,src/tracking/advanced_tracker.py:kalman_homography,
R,PREDICTION,PREDICTION,1
L,9,5421,PREDICTION,src/tracking/advanced_tracker.py:kalman_homography,
R,CLAMP,CLAMP,0
A,5421
S,8,5427,DETECTION,src/tracking/advanced_tracker.py:_activate_slot,5427_564_251_674_361
S,0,5427,DETECTION,src/tracking/advanced_tracker.py:_activate_slot,5427_165_765_379_850
S,5,5427,PREDICTION,src/tracking/advanced_tracker.py:kalman_homography,
S,9,5427,PREDICTION,src/tracking/advanced_tracker.py:kalman_homography,
L,0,5427,DETECTION,src/tracking/advanced_tracker.py:_activate_slot,5427_165_765_379_850
R,CLAMP,CLAMP,0
L,5,5427,PREDICTION,src/tracking/advanced_tracker.py:kalman_homography,
R,PREDICTION,PREDICTION,1
L,8,5427,DETECTION,src/tracking/advanced_tracker.py:_activate_slot,5427_564_251_674_361
R,CLAMP,CLAMP,0
L,9,5427,PREDICTION,src/tracking/advanced_tracker.py:kalman_homography,
R,CLAMP,CLAMP,0
A,5427
S,0,5433,DETECTION,src/tracking/advanced_tracker.py:_activate_slot,5433_166_762_378_850
S,5,5433,DETECTION,src/tracking/advanced_tracker.py:_activate_slot,5433_204_293_368_393
S,9,5433,PREDICTION,src/tracking/advanced_tracker.py:kalman_homography,
S,8,5433,PREDICTION,src/tracking/advanced_tracker.py:flow_gapfill_batched,
L,0,5433,DETECTION,src/tracking/advanced_tracker.py:_activate_slot,5433_166_762_378_850
R,CLAMP,CLAMP,0
L,5,5433,DETECTION,src/tracking/advanced_tracker.py:_activate_slot,5433_204_293_368_393
R,DETECTION,DETECTION,1
L,8,5433,PREDICTION,src/tracking/advanced_tracker.py:flow_gapfill_batched,
R,CLAMP,CLAMP,0
L,9,5433,PREDICTION,src/tracking/advanced_tracker.py:kalman_homography,
R,CLAMP,CLAMP,0
A,5433
S,0,5439,DETECTION,src/tracking/advanced_tracker.py:_activate_slot,5439_165_763_377_847
S,4,5439,DETECTION,src/tracking/advanced_tracker.py:_activate_slot,5439_244_673_441_749
S,5,5439,DETECTION,src/tracking/advanced_tracker.py:_activate_slot,5439_203_296_379_406
S,2,5439,DETECTION,src/tracking/advanced_tracker.py:_activate_slot,5439_291_-15_533_94
S,6,5439,DETECTION,src/tracking/advanced_tracker.py:_activate_slot,5439_564_252_674_364
S,8,5439,PREDICTION,src/tracking/advanced_tracker.py:flow_gapfill_batched,
S,9,5439,PREDICTION,src/tracking/advanced_tracker.py:flow_gapfill_batched,
D,9,5439
S,5,5439,PREDICTION,src/tracking/advanced_tracker.py:id_merge,
D,8,5439
S,6,5439,PREDICTION,src/tracking/advanced_tracker.py:id_merge,
L,0,5439,DETECTION,src/tracking/advanced_tracker.py:_activate_slot,5439_165_763_377_847
R,CLAMP,CLAMP,0
L,2,5439,DETECTION,src/tracking/advanced_tracker.py:_activate_slot,5439_291_-15_533_94
R,CLAMP,CLAMP,0
L,4,5439,DETECTION,src/tracking/advanced_tracker.py:_activate_slot,5439_244_673_441_749
R,DETECTION,DETECTION,1
L,5,5439,PREDICTION,src/tracking/advanced_tracker.py:id_merge,
R,PREDICTION,PREDICTION,1
L,6,5439,PREDICTION,src/tracking/advanced_tracker.py:id_merge,
R,CLAMP,CLAMP,0
A,5439
S,0,5445,DETECTION,src/tracking/advanced_tracker.py:_activate_slot,5445_162_765_376_849
S,2,5445,DETECTION,src/tracking/advanced_tracker.py:_activate_slot,5445_288_-15_536_105
S,4,5445,DETECTION,src/tracking/advanced_tracker.py:_activate_slot,5445_242_653_451_751
S,6,5445,DETECTION,src/tracking/advanced_tracker.py:_activate_slot,5445_565_254_674_365
S,7,5445,DETECTION,src/tracking/advanced_tracker.py:_activate_slot,5445_532_-15_672_63
S,5,5445,PREDICTION,src/tracking/advanced_tracker.py:kalman_homography,
S,8,5445,PREDICTION,src/tracking/advanced_tracker.py:flow_gapfill_batched,
D,8,5445
S,6,5445,PREDICTION,src/tracking/advanced_tracker.py:id_merge,
L,0,5445,DETECTION,src/tracking/advanced_tracker.py:_activate_slot,5445_162_765_376_849
R,CLAMP,CLAMP,0
L,2,5445,DETECTION,src/tracking/advanced_tracker.py:_activate_slot,5445_288_-15_536_105
R,CLAMP,CLAMP,0
L,4,5445,DETECTION,src/tracking/advanced_tracker.py:_activate_slot,5445_242_653_451_751
R,DETECTION,DETECTION,1
L,5,5445,PREDICTION,src/tracking/advanced_tracker.py:kalman_homography,
R,PREDICTION,PREDICTION,1
L,6,5445,PREDICTION,src/tracking/advanced_tracker.py:id_merge,
R,CLAMP,CLAMP,0
L,7,5445,DETECTION,src/tracking/advanced_tracker.py:_activate_slot,5445_532_-15_672_63
R,DETECTION,DETECTION,1
A,5445
S,0,5451,DETECTION,src/tracking/advanced_tracker.py:_activate_slot,5451_163_763_378_849
S,2,5451,DETECTION,src/tracking/advanced_tracker.py:_activate_slot,5451_361_-15_535_49
S,4,5451,DETECTION,src/tracking/advanced_tracker.py:_activate_slot,5451_239_654_447_748
S,6,5451,DETECTION,src/tracking/advanced_tracker.py:_activate_slot,5451_565_257_674_365
S,1,5451,DETECTION,src/tracking/advanced_tracker.py:_activate_slot,5451_280_-5_513_120
S,3,5451,DETECTION,src/tracking/advanced_tracker.py:_activate_slot,5451_176_346_373_447
S,5,5451,PREDICTION,src/tracking/advanced_tracker.py:kalman_homography,
S,7,5451,PREDICTION,src/tracking/advanced_tracker.py:flow_gapfill_batched,
S,8,5451,PREDICTION,src/tracking/advanced_tracker.py:flow_gapfill_batched,
D,1,5451
S,2,5451,PREDICTION,src/tracking/advanced_tracker.py:id_merge,
D,8,5451
S,6,5451,PREDICTION,src/tracking/advanced_tracker.py:id_merge,
L,0,5451,DETECTION,src/tracking/advanced_tracker.py:_activate_slot,5451_163_763_378_849
R,CLAMP,CLAMP,0
L,2,5451,PREDICTION,src/tracking/advanced_tracker.py:id_merge,
R,CLAMP,CLAMP,0
L,3,5451,DETECTION,src/tracking/advanced_tracker.py:_activate_slot,5451_176_346_373_447
R,CLAMP,CLAMP,0
L,4,5451,DETECTION,src/tracking/advanced_tracker.py:_activate_slot,5451_239_654_447_748
R,DETECTION,DETECTION,1
L,5,5451,PREDICTION,src/tracking/advanced_tracker.py:kalman_homography,
R,PREDICTION,PREDICTION,1
L,6,5451,PREDICTION,src/tracking/advanced_tracker.py:id_merge,
R,CLAMP,CLAMP,0
L,7,5451,PREDICTION,src/tracking/advanced_tracker.py:flow_gapfill_batched,
R,PREDICTION,SUBPIXEL,0
A,5451
S,0,5457,DETECTION,src/tracking/advanced_tracker.py:_activate_slot,5457_163_760_378_846
S,1,5457,DETECTION,src/tracking/advanced_tracker.py:_activate_slot,5457_280_20_512_132
S,2,5457,DETECTION,src/tracking/advanced_tracker.py:_activate_slot,5457_365_-15_556_56
S,5,5457,DETECTION,src/tracking/advanced_tracker.py:_activate_slot,5457_182_369_365_456
S,6,5457,DETECTION,src/tracking/advanced_tracker.py:_activate_slot,5457_564_258_674_365
S,3,5457,PREDICTION,src/tracking/advanced_tracker.py:kalman_homography,
S,4,5457,PREDICTION,src/tracking/advanced_tracker.py:kalman_homography,
S,7,5457,PREDICTION,src/tracking/advanced_tracker.py:flow_gapfill_batched,
S,8,5457,PREDICTION,src/tracking/advanced_tracker.py:flow_gapfill_batched,
D,1,5457
S,2,5457,PREDICTION,src/tracking/advanced_tracker.py:id_merge,
D,8,5457
S,6,5457,PREDICTION,src/tracking/advanced_tracker.py:id_merge,
L,0,5457,DETECTION,src/tracking/advanced_tracker.py:_activate_slot,5457_163_760_378_846
R,CLAMP,CLAMP,0
L,2,5457,PREDICTION,src/tracking/advanced_tracker.py:id_merge,
R,CLAMP,CLAMP,0
L,3,5457,PREDICTION,src/tracking/advanced_tracker.py:kalman_homography,
R,CLAMP,CLAMP,0
L,4,5457,PREDICTION,src/tracking/advanced_tracker.py:kalman_homography,
R,PREDICTION,PREDICTION,1
L,5,5457,DETECTION,src/tracking/advanced_tracker.py:_activate_slot,5457_182_369_365_456
R,DETECTION,DETECTION,1
L,6,5457,PREDICTION,src/tracking/advanced_tracker.py:id_merge,
R,CLAMP,CLAMP,0
L,7,5457,PREDICTION,src/tracking/advanced_tracker.py:flow_gapfill_batched,
R,PREDICTION,SUBPIXEL,0
A,5457
S,0,5463,DETECTION,src/tracking/advanced_tracker.py:_activate_slot,5463_160_754_378_841
S,1,5463,DETECTION,src/tracking/advanced_tracker.py:_activate_slot,5463_274_43_489_144
S,2,5463,DETECTION,src/tracking/advanced_tracker.py:_activate_slot,5463_363_-12_572_86
S,3,5463,DETECTION,src/tracking/advanced_tracker.py:_activate_slot,5463_177_369_352_468
S,6,5463,DETECTION,src/tracking/advanced_tracker.py:_activate_slot,5463_565_256_673_365
S,4,5463,PREDICTION,src/tracking/advanced_tracker.py:kalman_homography,
S,5,5463,PREDICTION,src/tracking/advanced_tracker.py:kalman_homography,
S,8,5463,PREDICTION,src/tracking/advanced_tracker.py:flow_gapfill_batched,
D,1,5463
S,2,5463,PREDICTION,src/tracking/advanced_tracker.py:id_merge,
D,8,5463
S,6,5463,PREDICTION,src/tracking/advanced_tracker.py:id_merge,
L,0,5463,DETECTION,src/tracking/advanced_tracker.py:_activate_slot,5463_160_754_378_841
R,CLAMP,CLAMP,0
L,2,5463,PREDICTION,src/tracking/advanced_tracker.py:id_merge,
R,CLAMP,CLAMP,0
L,3,5463,DETECTION,src/tracking/advanced_tracker.py:_activate_slot,5463_177_369_352_468
R,CLAMP,CLAMP,0
L,4,5463,PREDICTION,src/tracking/advanced_tracker.py:kalman_homography,
R,PREDICTION,PREDICTION,1
L,5,5463,PREDICTION,src/tracking/advanced_tracker.py:kalman_homography,
R,PREDICTION,PREDICTION,1
L,6,5463,PREDICTION,src/tracking/advanced_tracker.py:id_merge,
R,CLAMP,CLAMP,0
A,5463
S,0,5469,DETECTION,src/tracking/advanced_tracker.py:_activate_slot,5469_160_750_376_843
S,1,5469,DETECTION,src/tracking/advanced_tracker.py:_activate_slot,5469_273_59_502_158
S,6,5469,DETECTION,src/tracking/advanced_tracker.py:_activate_slot,5469_565_257_673_365
S,7,5469,DETECTION,src/tracking/advanced_tracker.py:_activate_slot,5469_536_-15_672_68
S,2,5469,PREDICTION,src/tracking/advanced_tracker.py:kalman_homography,
S,3,5469,PREDICTION,src/tracking/advanced_tracker.py:kalman_homography,
S,4,5469,PREDICTION,src/tracking/advanced_tracker.py:kalman_homography,
S,5,5469,PREDICTION,src/tracking/advanced_tracker.py:kalman_homography,
S,8,5469,PREDICTION,src/tracking/advanced_tracker.py:flow_gapfill_batched,
D,2,5469
S,1,5469,PREDICTION,src/tracking/advanced_tracker.py:id_merge,
D,8,5469
S,6,5469,PREDICTION,src/tracking/advanced_tracker.py:id_merge,
L,0,5469,DETECTION,src/tracking/advanced_tracker.py:_activate_slot,5469_160_750_376_843
R,CLAMP,CLAMP,0
L,1,5469,PREDICTION,src/tracking/advanced_tracker.py:id_merge,
R,PREDICTION,PREDICTION,1
L,3,5469,PREDICTION,src/tracking/advanced_tracker.py:kalman_homography,
R,CLAMP,CLAMP,0
L,4,5469,PREDICTION,src/tracking/advanced_tracker.py:kalman_homography,
R,PREDICTION,PREDICTION,1
L,5,5469,PREDICTION,src/tracking/advanced_tracker.py:kalman_homography,
R,PREDICTION,PREDICTION,1
L,6,5469,PREDICTION,src/tracking/advanced_tracker.py:id_merge,
R,CLAMP,CLAMP,0
L,7,5469,DETECTION,src/tracking/advanced_tracker.py:_activate_slot,5469_536_-15_672_68
R,DETECTION,DETECTION,1
A,5469
S,0,5475,DETECTION,src/tracking/advanced_tracker.py:_activate_slot,5475_353_27_577_116
S,1,5475,DETECTION,src/tracking/advanced_tracker.py:_activate_slot,5475_275_72_500_200
S,6,5475,DETECTION,src/tracking/advanced_tracker.py:_activate_slot,5475_171_514_477_614
S,5,5475,DETECTION,src/tracking/advanced_tracker.py:_activate_slot,5475_176_402_393_493
S,7,5475,DETECTION,src/tracking/advanced_tracker.py:_activate_slot,5475_536_-15_674_68
S,2,5475,PREDICTION,src/tracking/advanced_tracker.py:kalman_homography,
S,3,5475,PREDICTION,src/tracking/advanced_tracker.py:kalman_homography,
S,4,5475,PREDICTION,src/tracking/advanced_tracker.py:kalman_homography,
S,8,5475,PREDICTION,src/tracking/advanced_tracker.py:flow_gapfill_batched,
D,0,5475
S,1,5475,PREDICTION,src/tracking/advanced_tracker.py:id_merge,
D,2,5475
S,1,5475,PREDICTION,src/tracking/advanced_tracker.py:id_merge,
D,6,5475
S,7,5475,PREDICTION,src/tracking/advanced_tracker.py:id_merge,
L,1,5475,PREDICTION,src/tracking/advanced_tracker.py:id_merge,
R,PREDICTION,PREDICTION,1
L,3,5475,PREDICTION,src/tracking/advanced_tracker.py:kalman_homography,
R,CLAMP,CLAMP,0
L,4,5475,PREDICTION,src/tracking/advanced_tracker.py:kalman_homography,
R,PREDICTION,PREDICTION,1
L,5,5475,DETECTION,src/tracking/advanced_tracker.py:_activate_slot,5475_176_402_393_493
R,DETECTION,DETECTION,1
L,7,5475,PREDICTION,src/tracking/advanced_tracker.py:id_merge,
R,PREDICTION,PREDICTION,1
L,8,5475,PREDICTION,src/tracking/advanced_tracker.py:flow_gapfill_batched,
R,CLAMP,CLAMP,0
A,5475
S,1,5481,DETECTION,src/tracking/advanced_tracker.py:_activate_slot,5481_274_91_493_206
S,4,5481,DETECTION,src/tracking/advanced_tracker.py:_activate_slot,5481_235_644_441_732
S,10,5481,DETECTION,src/tracking/advanced_tracker.py:_activate_slot,5481_587_550_675_652
S,2,5481,PREDICTION,src/tracking/advanced_tracker.py:kalman_homography,
S,3,5481,PREDICTION,src/tracking/advanced_tracker.py:kalman_homography,
S,5,5481,PREDICTION,src/tracking/advanced_tracker.py:kalman_homography,
S,6,5481,PREDICTION,src/tracking/advanced_tracker.py:kalman_homography,
S,0,5481,PREDICTION,src/tracking/advanced_tracker.py:flow_gapfill_batched,
D,0,5481
S,1,5481,PREDICTION,src/tracking/advanced_tracker.py:id_merge,
D,5,5481
S,6,5481,PREDICTION,src/tracking/advanced_tracker.py:id_merge,
L,1,5481,PREDICTION,src/tracking/advanced_tracker.py:id_merge,
R,PREDICTION,PREDICTION,1
L,2,5481,PREDICTION,src/tracking/advanced_tracker.py:kalman_homography,
R,CLAMP,CLAMP,0
L,3,5481,PREDICTION,src/tracking/advanced_tracker.py:kalman_homography,
R,CLAMP,CLAMP,0
L,4,5481,DETECTION,src/tracking/advanced_tracker.py:_activate_slot,5481_235_644_441_732
R,DETECTION,DETECTION,1
L,6,5481,PREDICTION,src/tracking/advanced_tracker.py:id_merge,
R,PREDICTION,PREDICTION,1
A,5481
S,1,5487,DETECTION,src/tracking/advanced_tracker.py:_activate_slot,5487_269_107_492_212
S,4,5487,DETECTION,src/tracking/advanced_tracker.py:_activate_slot,5487_225_636_429_716
S,7,5487,DETECTION,src/tracking/advanced_tracker.py:_activate_slot,5487_170_674_419_756
S,5,5487,DETECTION,src/tracking/advanced_tracker.py:_activate_slot,5487_177_441_364_526
S,10,5487,DETECTION,src/tracking/advanced_tracker.py:_activate_slot,5487_584_548_674_650
S,9,5487,DETECTION,src/tracking/advanced_tracker.py:_activate_slot,5487_564_257_674_365
S,2,5487,PREDICTION,src/tracking/advanced_tracker.py:kalman_homography,
S,3,5487,PREDICTION,src/tracking/advanced_tracker.py:kalman_homography,
S,6,5487,PREDICTION,src/tracking/advanced_tracker.py:kalman_homography,
S,0,5487,PREDICTION,src/tracking/advanced_tracker.py:flow_gapfill_batched,
D,0,5487
S,1,5487,PREDICTION,src/tracking/advanced_tracker.py:id_merge,
L,1,5487,PREDICTION,src/tracking/advanced_tracker.py:id_merge,
R,PREDICTION,PREDICTION,1
L,2,5487,PREDICTION,src/tracking/advanced_tracker.py:kalman_homography,
R,CLAMP,CLAMP,0
L,3,5487,PREDICTION,src/tracking/advanced_tracker.py:kalman_homography,
R,CLAMP,CLAMP,0
L,4,5487,DETECTION,src/tracking/advanced_tracker.py:_activate_slot,5487_225_636_429_716
R,DETECTION,DETECTION,1
L,5,5487,DETECTION,src/tracking/advanced_tracker.py:_activate_slot,5487_177_441_364_526
R,DETECTION,DETECTION,1
L,6,5487,PREDICTION,src/tracking/advanced_tracker.py:kalman_homography,
R,CLAMP,CLAMP,0
L,7,5487,DETECTION,src/tracking/advanced_tracker.py:_activate_slot,5487_170_674_419_756
R,DETECTION,DETECTION,1
L,9,5487,DETECTION,src/tracking/advanced_tracker.py:_activate_slot,5487_564_257_674_365
R,CLAMP,CLAMP,0
A,5487
S,0,5493,DETECTION,src/tracking/advanced_tracker.py:_activate_slot,5493_581_546_674_650
S,1,5493,DETECTION,src/tracking/advanced_tracker.py:_activate_slot,5493_262_124_490_229
S,4,5493,DETECTION,src/tracking/advanced_tracker.py:_activate_slot,5493_230_639_422_713
S,9,5493,DETECTION,src/tracking/advanced_tracker.py:_activate_slot,5493_564_259_674_365
S,2,5493,PREDICTION,src/tracking/advanced_tracker.py:kalman_homography,
S,3,5493,PREDICTION,src/tracking/advanced_tracker.py:kalman_homography,
S,5,5493,PREDICTION,src/tracking/advanced_tracker.py:kalman_homography,
S,6,5493,PREDICTION,src/tracking/advanced_tracker.py:flow_gapfill_batched,
S,7,5493,PREDICTION,src/tracking/advanced_tracker.py:flow_gapfill_batched,
L,0,5493,DETECTION,src/tracking/advanced_tracker.py:_activate_slot,5493_581_546_674_650
R,CLAMP,CLAMP,0
L,1,5493,DETECTION,src/tracking/advanced_tracker.py:_activate_slot,5493_262_124_490_229
R,DETECTION,DETECTION,1
L,2,5493,PREDICTION,src/tracking/advanced_tracker.py:kalman_homography,
R,CLAMP,CLAMP,0
L,3,5493,PREDICTION,src/tracking/advanced_tracker.py:kalman_homography,
R,CLAMP,CLAMP,0
L,4,5493,DETECTION,src/tracking/advanced_tracker.py:_activate_slot,5493_230_639_422_713
R,DETECTION,DETECTION,1
L,5,5493,PREDICTION,src/tracking/advanced_tracker.py:kalman_homography,
R,PREDICTION,PREDICTION,1
L,6,5493,PREDICTION,src/tracking/advanced_tracker.py:flow_gapfill_batched,
R,PREDICTION,PREDICTION,1
L,7,5493,PREDICTION,src/tracking/advanced_tracker.py:flow_gapfill_batched,
R,PREDICTION,PREDICTION,1
L,9,5493,DETECTION,src/tracking/advanced_tracker.py:_activate_slot,5493_564_259_674_365
R,CLAMP,CLAMP,0
A,5493
S,0,5499,DETECTION,src/tracking/advanced_tracker.py:_activate_slot,5499_581_546_673_650
S,1,5499,DETECTION,src/tracking/advanced_tracker.py:_activate_slot,5499_256_133_488_243
S,4,5499,DETECTION,src/tracking/advanced_tracker.py:_activate_slot,5499_212_-15_415_103
S,9,5499,DETECTION,src/tracking/advanced_tracker.py:_activate_slot,5499_174_672_392_754
S,5,5499,DETECTION,src/tracking/advanced_tracker.py:_activate_slot,5499_174_471_372_591
S,3,5499,PREDICTION,src/tracking/advanced_tracker.py:kalman_homography,
S,2,5499,PREDICTION,src/tracking/advanced_tracker.py:flow_gapfill_batched,
S,6,5499,PREDICTION,src/tracking/advanced_tracker.py:flow_gapfill_batched,
S,7,5499,PREDICTION,src/tracking/advanced_tracker.py:flow_gapfill_batched,
S,10,5499,PREDICTION,src/tracking/advanced_tracker.py:flow_gapfill_batched,
D,2,5499
S,1,5499,PREDICTION,src/tracking/advanced_tracker.py:id_merge,
D,1,5499
S,4,5499,PREDICTION,src/tracking/advanced_tracker.py:id_merge,
D,7,5499
S,5,5499,PREDICTION,src/tracking/advanced_tracker.py:id_merge,
L,0,5499,DETECTION,src/tracking/advanced_tracker.py:_activate_slot,5499_581_546_673_650
R,CLAMP,CLAMP,0
L,3,5499,PREDICTION,src/tracking/advanced_tracker.py:kalman_homography,
R,CLAMP,CLAMP,0
L,4,5499,PREDICTION,src/tracking/advanced_tracker.py:id_merge,
R,PREDICTION,PREDICTION,1
L,5,5499,PREDICTION,src/tracking/advanced_tracker.py:id_merge,
R,PREDICTION,PREDICTION,1
L,6,5499,PREDICTION,src/tracking/advanced_tracker.py:flow_gapfill_batched,
R,PREDICTION,PREDICTION,1
L,9,5499,DETECTION,src/tracking/advanced_tracker.py:_activate_slot,5499_174_672_392_754
R,DETECTION,DETECTION,1
A,5499
S,0,5505,DETECTION,src/tracking/advanced_tracker.py:_activate_slot,5505_164_753_378_844
S,1,5505,DETECTION,src/tracking/advanced_tracker.py:_activate_slot,5505_255_138_475_259
S,5,5505,DETECTION,src/tracking/advanced_tracker.py:_activate_slot,5505_584_549_674_651
S,3,5505,PREDICTION,src/tracking/advanced_tracker.py:kalman_homography,
S,2,5505,PREDICTION,src/tracking/advanced_tracker.py:flow_gapfill_batched,
S,4,5505,PREDICTION,src/tracking/advanced_tracker.py:flow_gapfill_batched,
S,6,5505,PREDICTION,src/tracking/advanced_tracker.py:flow_gapfill_batched,
S,7,5505,PREDICTION,src/tracking/advanced_tracker.py:flow_gapfill_batched,
S,9,5505,PREDICTION,src/tracking/advanced_tracker.py:flow_gapfill_batched,
S,10,5505,PREDICTION,src/tracking/advanced_tracker.py:flow_gapfill_batched,
D,2,5505
S,1,5505,PREDICTION,src/tracking/advanced_tracker.py:id_merge,
D,4,5505
S,1,5505,PREDICTION,src/tracking/advanced_tracker.py:id_merge,
D,7,5505
S,9,5505,PREDICTION,src/tracking/advanced_tracker.py:id_merge,
L,0,5505,DETECTION,src/tracking/advanced_tracker.py:_activate_slot,5505_164_753_378_844
R,CLAMP,CLAMP,0
L,1,5505,PREDICTION,src/tracking/advanced_tracker.py:id_merge,
R,PREDICTION,PREDICTION,1
L,3,5505,PREDICTION,src/tracking/advanced_tracker.py:kalman_homography,
R,CLAMP,CLAMP,0
L,5,5505,DETECTION,src/tracking/advanced_tracker.py:_activate_slot,5505_584_549_674_651
R,CLAMP,CLAMP,0
L,6,5505,PREDICTION,src/tracking/advanced_tracker.py:flow_gapfill_batched,
R,PREDICTION,PREDICTION,1
L,9,5505,PREDICTION,src/tracking/advanced_tracker.py:id_merge,
R,PREDICTION,PREDICTION,1
A,5505
S,1,5511,DETECTION,src/tracking/advanced_tracker.py:_activate_slot,5511_254_148_469_274
S,5,5511,DETECTION,src/tracking/advanced_tracker.py:_activate_slot,5511_165_489_368_579
S,0,5511,PREDICTION,src/tracking/advanced_tracker.py:flow_gapfill_batched,
S,2,5511,PREDICTION,src/tracking/advanced_tracker.py:flow_gapfill_batched,
S,3,5511,PREDICTION,src/tracking/advanced_tracker.py:flow_gapfill_batched,
S,4,5511,PREDICTION,src/tracking/advanced_tracker.py:flow_gapfill_batched,
S,6,5511,PREDICTION,src/tracking/advanced_tracker.py:flow_gapfill_batched,
S,7,5511,PREDICTION,src/tracking/advanced_tracker.py:flow_gapfill_batched,
S,9,5511,PREDICTION,src/tracking/advanced_tracker.py:flow_gapfill_batched,
D,2,5511
S,1,5511,PREDICTION,src/tracking/advanced_tracker.py:id_merge,
D,4,5511
S,1,5511,PREDICTION,src/tracking/advanced_tracker.py:id_merge,
D,7,5511
S,5,5511,PREDICTION,src/tracking/advanced_tracker.py:id_merge,
L,0,5511,PREDICTION,src/tracking/advanced_tracker.py:flow_gapfill_batched,
R,CLAMP,CLAMP,0
L,1,5511,PREDICTION,src/tracking/advanced_tracker.py:id_merge,
R,PREDICTION,PREDICTION,1
L,3,5511,PREDICTION,src/tracking/advanced_tracker.py:flow_gapfill_batched,
R,CLAMP,CLAMP,0
L,5,5511,PREDICTION,src/tracking/advanced_tracker.py:id_merge,
R,PREDICTION,PREDICTION,1
L,6,5511,PREDICTION,src/tracking/advanced_tracker.py:flow_gapfill_batched,
R,PREDICTION,PREDICTION,1
L,9,5511,PREDICTION,src/tracking/advanced_tracker.py:flow_gapfill_batched,
R,PREDICTION,PREDICTION,1
A,5511
S,1,5517,DETECTION,src/tracking/advanced_tracker.py:_activate_slot,5517_248_160_468_285
S,8,5517,DETECTION,src/tracking/advanced_tracker.py:_activate_slot,5517_175_664_388_742
S,5,5517,PREDICTION,src/tracking/advanced_tracker.py:kalman_homography,
S,0,5517,PREDICTION,src/tracking/advanced_tracker.py:flow_gapfill_batched,
S,4,5517,PREDICTION,src/tracking/advanced_tracker.py:flow_gapfill_batched,
S,6,5517,PREDICTION,src/tracking/advanced_tracker.py:flow_gapfill_batched,
S,7,5517,PREDICTION,src/tracking/advanced_tracker.py:flow_gapfill_batched,
S,9,5517,PREDICTION,src/tracking/advanced_tracker.py:flow_gapfill_batched,
S,10,5517,PREDICTION,src/tracking/advanced_tracker.py:flow_gapfill_batched,
D,4,5517
S,1,5517,PREDICTION,src/tracking/advanced_tracker.py:id_merge,
D,6,5517
S,5,5517,PREDICTION,src/tracking/advanced_tracker.py:id_merge,
D,7,5517
S,5,5517,PREDICTION,src/tracking/advanced_tracker.py:id_merge,
D,9,5517
S,8,5517,PREDICTION,src/tracking/advanced_tracker.py:id_merge,
L,0,5517,PREDICTION,src/tracking/advanced_tracker.py:flow_gapfill_batched,
R,CLAMP,CLAMP,0
L,1,5517,PREDICTION,src/tracking/advanced_tracker.py:id_merge,
R,PREDICTION,PREDICTION,1
L,5,5517,PREDICTION,src/tracking/advanced_tracker.py:id_merge,
R,PREDICTION,PREDICTION,1
L,8,5517,PREDICTION,src/tracking/advanced_tracker.py:id_merge,
R,PREDICTION,PREDICTION,1
A,5517
S,1,5523,DETECTION,src/tracking/advanced_tracker.py:_activate_slot,5523_241_186_465_296
S,8,5523,DETECTION,src/tracking/advanced_tracker.py:_activate_slot,5523_175_659_387_741
S,5,5523,PREDICTION,src/tracking/advanced_tracker.py:kalman_homography,
S,0,5523,PREDICTION,src/tracking/advanced_tracker.py:flow_gapfill_batched,
S,6,5523,PREDICTION,src/tracking/advanced_tracker.py:flow_gapfill_batched,
S,7,5523,PREDICTION,src/tracking/advanced_tracker.py:flow_gapfill_batched,
S,9,5523,PREDICTION,src/tracking/advanced_tracker.py:flow_gapfill_batched,
S,10,5523,PREDICTION,src/tracking/advanced_tracker.py:flow_gapfill_batched,
D,6,5523
S,5,5523,PREDICTION,src/tracking/advanced_tracker.py:id_merge,
D,7,5523
S,5,5523,PREDICTION,src/tracking/advanced_tracker.py:id_merge,
D,9,5523
S,8,5523,PREDICTION,src/tracking/advanced_tracker.py:id_merge,
L,0,5523,PREDICTION,src/tracking/advanced_tracker.py:flow_gapfill_batched,
R,CLAMP,CLAMP,0
L,1,5523,DETECTION,src/tracking/advanced_tracker.py:_activate_slot,5523_241_186_465_296
R,DETECTION,DETECTION,1
L,5,5523,PREDICTION,src/tracking/advanced_tracker.py:id_merge,
R,PREDICTION,PREDICTION,1
L,8,5523,PREDICTION,src/tracking/advanced_tracker.py:id_merge,
R,PREDICTION,PREDICTION,1
A,5523
S,1,5529,DETECTION,src/tracking/advanced_tracker.py:_activate_slot,5529_236_204_465_309
S,8,5529,DETECTION,src/tracking/advanced_tracker.py:_activate_slot,5529_175_659_395_739
S,5,5529,PREDICTION,src/tracking/advanced_tracker.py:kalman_homography,
S,0,5529,PREDICTION,src/tracking/advanced_tracker.py:flow_gapfill_batched,
S,4,5529,PREDICTION,src/tracking/advanced_tracker.py:flow_gapfill_batched,
S,7,5529,PREDICTION,src/tracking/advanced_tracker.py:flow_gapfill_batched,
S,9,5529,PREDICTION,src/tracking/advanced_tracker.py:flow_gapfill_batched,
S,10,5529,PREDICTION,src/tracking/advanced_tracker.py:flow_gapfill_batched,
D,4,5529
S,1,5529,PREDICTION,src/tracking/advanced_tracker.py:id_merge,
D,7,5529
S,5,5529,PREDICTION,src/tracking/advanced_tracker.py:id_merge,
D,5,5529
S,8,5529,PREDICTION,src/tracking/advanced_tracker.py:id_merge,
D,9,5529
S,8,5529,PREDICTION,src/tracking/advanced_tracker.py:id_merge,
L,0,5529,PREDICTION,src/tracking/advanced_tracker.py:flow_gapfill_batched,
R,PREDICTION,PREDICTION,1
L,1,5529,PREDICTION,src/tracking/advanced_tracker.py:id_merge,
R,PREDICTION,PREDICTION,1
L,8,5529,PREDICTION,src/tracking/advanced_tracker.py:id_merge,
R,PREDICTION,PREDICTION,1
A,5529
S,1,5535,DETECTION,src/tracking/advanced_tracker.py:_activate_slot,5535_234_218_458_329
S,8,5535,DETECTION,src/tracking/advanced_tracker.py:_activate_slot,5535_186_-5_386_100
S,5,5535,PREDICTION,src/tracking/advanced_tracker.py:kalman_homography,
S,0,5535,PREDICTION,src/tracking/advanced_tracker.py:flow_gapfill_batched,
S,4,5535,PREDICTION,src/tracking/advanced_tracker.py:flow_gapfill_batched,
S,7,5535,PREDICTION,src/tracking/advanced_tracker.py:flow_gapfill_batched,
S,9,5535,PREDICTION,src/tracking/advanced_tracker.py:flow_gapfill_batched,
S,10,5535,PREDICTION,src/tracking/advanced_tracker.py:flow_gapfill_batched,
D,4,5535
S,1,5535,PREDICTION,src/tracking/advanced_tracker.py:id_merge,
D,7,5535
S,5,5535,PREDICTION,src/tracking/advanced_tracker.py:id_merge,
D,5,5535
S,8,5535,PREDICTION,src/tracking/advanced_tracker.py:id_merge,
L,0,5535,PREDICTION,src/tracking/advanced_tracker.py:flow_gapfill_batched,
R,PREDICTION,PREDICTION,1
L,1,5535,PREDICTION,src/tracking/advanced_tracker.py:id_merge,
R,PREDICTION,PREDICTION,1
L,8,5535,PREDICTION,src/tracking/advanced_tracker.py:id_merge,
R,PREDICTION,PREDICTION,1
L,9,5535,PREDICTION,src/tracking/advanced_tracker.py:flow_gapfill_batched,
R,PREDICTION,PREDICTION,1
A,5535
S,1,5541,DETECTION,src/tracking/advanced_tracker.py:_activate_slot,5541_235_232_450_346
S,2,5541,DETECTION,src/tracking/advanced_tracker.py:_activate_slot,5541_198_68_412_205
S,3,5541,DETECTION,src/tracking/advanced_tracker.py:_activate_slot,5541_316_186_528_275
S,10,5541,DETECTION,src/tracking/advanced_tracker.py:_activate_slot,5541_591_569_675_657
S,5,5541,PREDICTION,src/tracking/advanced_tracker.py:kalman_homography,
S,0,5541,PREDICTION,src/tracking/advanced_tracker.py:flow_gapfill_batched,
S,4,5541,PREDICTION,src/tracking/advanced_tracker.py:flow_gapfill_batched,
S,8,5541,PREDICTION,src/tracking/advanced_tracker.py:flow_gapfill_batched,
S,9,5541,PREDICTION,src/tracking/advanced_tracker.py:flow_gapfill_batched,
D,1,5541
S,2,5541,PREDICTION,src/tracking/advanced_tracker.py:id_merge,
D,4,5541
S,2,5541,PREDICTION,src/tracking/advanced_tracker.py:id_merge,
D,5,5541
S,8,5541,PREDICTION,src/tracking/advanced_tracker.py:id_merge,
L,0,5541,PREDICTION,src/tracking/advanced_tracker.py:flow_gapfill_batched,
R,PREDICTION,PREDICTION,1
L,2,5541,PREDICTION,src/tracking/advanced_tracker.py:id_merge,
R,CLAMP,CLAMP,0
L,3,5541,DETECTION,src/tracking/advanced_tracker.py:_activate_slot,5541_316_186_528_275
R,CLAMP,CLAMP,0
L,8,5541,PREDICTION,src/tracking/advanced_tracker.py:id_merge,
R,PREDICTION,PREDICTION,1
L,9,5541,PREDICTION,src/tracking/advanced_tracker.py:flow_gapfill_batched,
R,PREDICTION,SUBPIXEL,0
A,5541
S,1,5547,DETECTION,src/tracking/advanced_tracker.py:_activate_slot,5547_231_248_450_346
S,2,5547,DETECTION,src/tracking/advanced_tracker.py:_activate_slot,5547_200_112_393_204
S,3,5547,DETECTION,src/tracking/advanced_tracker.py:_activate_slot,5547_173_452_373_556
S,10,5547,DETECTION,src/tracking/advanced_tracker.py:_activate_slot,5547_590_568_675_659
S,5,5547,PREDICTION,src/tracking/advanced_tracker.py:kalman_homography,
S,0,5547,PREDICTION,src/tracking/advanced_tracker.py:flow_gapfill_batched,
S,4,5547,PREDICTION,src/tracking/advanced_tracker.py:flow_gapfill_batched,
S,8,5547,PREDICTION,src/tracking/advanced_tracker.py:flow_gapfill_batched,
S,9,5547,PREDICTION,src/tracking/advanced_tracker.py:flow_gapfill_batched,
D,1,5547
S,2,5547,PREDICTION,src/tracking/advanced_tracker.py:id_merge,
D,2,5547
S,3,5547,PREDICTION,src/tracking/advanced_tracker.py:id_merge,
D,4,5547
S,3,5547,PREDICTION,src/tracking/advanced_tracker.py:id_merge,
L,0,5547,PREDICTION,src/tracking/advanced_tracker.py:flow_gapfill_batched,
R,PREDICTION,PREDICTION,1
L,3,5547,PREDICTION,src/tracking/advanced_tracker.py:id_merge,
R,CLAMP,CLAMP,0
L,5,5547,PREDICTION,src/tracking/advanced_tracker.py:kalman_homography,
R,PREDICTION,PREDICTION,1
L,8,5547,PREDICTION,src/tracking/advanced_tracker.py:flow_gapfill_batched,
R,PREDICTION,PREDICTION,1
L,9,5547,PREDICTION,src/tracking/advanced_tracker.py:flow_gapfill_batched,
R,PREDICTION,PREDICTION,1
A,5547
S,1,5553,DETECTION,src/tracking/advanced_tracker.py:_activate_slot,5553_227_257_448_351
S,4,5553,DETECTION,src/tracking/advanced_tracker.py:_activate_slot,5553_314_198_510_326
S,2,5553,PREDICTION,src/tracking/advanced_tracker.py:kalman_homography,
S,3,5553,PREDICTION,src/tracking/advanced_tracker.py:kalman_homography,
S,5,5553,PREDICTION,src/tracking/advanced_tracker.py:kalman_homography,
S,0,5553,PREDICTION,src/tracking/advanced_tracker.py:flow_gapfill_batched,
S,8,5553,PREDICTION,src/tracking/advanced_tracker.py:flow_gapfill_batched,
D,2,5553
S,1,5553,PREDICTION,src/tracking/advanced_tracker.py:id_merge,
D,1,5553
S,4,5553,PREDICTION,src/tracking/advanced_tracker.py:id_merge,
L,0,5553,PREDICTION,src/tracking/advanced_tracker.py:flow_gapfill_batched,
R,PREDICTION,PREDICTION,1
L,3,5553,PREDICTION,src/tracking/advanced_tracker.py:kalman_homography,
R,CLAMP,CLAMP,0
L,4,5553,PREDICTION,src/tracking/advanced_tracker.py:id_merge,
R,PREDICTION,PREDICTION,1
L,5,5553,PREDICTION,src/tracking/advanced_tracker.py:kalman_homography,
R,PREDICTION,PREDICTION,1
L,8,5553,PREDICTION,src/tracking/advanced_tracker.py:flow_gapfill_batched,
R,PREDICTION,PREDICTION,1
A,5553
S,4,5559,DETECTION,src/tracking/advanced_tracker.py:_activate_slot,5559_5_162_662_820
S,1,5559,PREDICTION,src/tracking/advanced_tracker.py:kalman_homography,
S,2,5559,PREDICTION,src/tracking/advanced_tracker.py:kalman_homography,
S,3,5559,PREDICTION,src/tracking/advanced_tracker.py:kalman_homography,
S,5,5559,PREDICTION,src/tracking/advanced_tracker.py:flow_gapfill_batched,
D,2,5559
S,1,5559,PREDICTION,src/tracking/advanced_tracker.py:id_merge,
L,1,5559,PREDICTION,src/tracking/advanced_tracker.py:id_merge,
R,PREDICTION,PREDICTION,1
L,3,5559,PREDICTION,src/tracking/advanced_tracker.py:kalman_homography,
R,CLAMP,CLAMP,0
L,4,5559,DETECTION,src/tracking/advanced_tracker.py:_activate_slot,5559_5_162_662_820
R,CLAMP,CLAMP,0
L,5,5559,PREDICTION,src/tracking/advanced_tracker.py:flow_gapfill_batched,
R,PREDICTION,PREDICTION,1
A,5559
S,1,5565,DETECTION,src/tracking/advanced_tracker.py:_activate_slot,5565_6_126_665_790
S,6,5565,DETECTION,src/tracking/advanced_tracker.py:_activate_slot,5565_-13_-15_284_109
S,2,5565,PREDICTION,src/tracking/advanced_tracker.py:kalman_homography,
S,4,5565,PREDICTION,src/tracking/advanced_tracker.py:kalman_homography,
S,3,5565,PREDICTION,src/tracking/advanced_tracker.py:flow_gapfill_batched,
S,8,5565,PREDICTION,src/tracking/advanced_tracker.py:flow_gapfill_batched,
D,4,5565
S,1,5565,PREDICTION,src/tracking/advanced_tracker.py:id_merge,
D,2,5565
S,3,5565,PREDICTION,src/tracking/advanced_tracker.py:id_merge,
D,8,5565
S,6,5565,PREDICTION,src/tracking/advanced_tracker.py:id_merge,
L,1,5565,PREDICTION,src/tracking/advanced_tracker.py:id_merge,
R,CLAMP,CLAMP,0
L,3,5565,PREDICTION,src/tracking/advanced_tracker.py:id_merge,
R,CLAMP,CLAMP,0
L,6,5565,PREDICTION,src/tracking/advanced_tracker.py:id_merge,
R,PREDICTION,PREDICTION,1
A,5565
S,6,5571,DETECTION,src/tracking/advanced_tracker.py:_activate_slot,5571_-13_41_269_161
S,10,5571,CLAMP,src/tracking/advanced_tracker.py:_activate_slot,5571_-13_526_249_731
S,1,5571,PREDICTION,src/tracking/advanced_tracker.py:kalman_homography,
S,2,5571,PREDICTION,src/tracking/advanced_tracker.py:kalman_homography,
S,4,5571,PREDICTION,src/tracking/advanced_tracker.py:kalman_homography,
S,3,5571,PREDICTION,src/tracking/advanced_tracker.py:flow_gapfill_batched,
D,2,5571
S,3,5571,PREDICTION,src/tracking/advanced_tracker.py:id_merge,
L,1,5571,PREDICTION,src/tracking/advanced_tracker.py:kalman_homography,
R,CLAMP,CLAMP,0
L,3,5571,PREDICTION,src/tracking/advanced_tracker.py:id_merge,
R,CLAMP,CLAMP,0
L,4,5571,PREDICTION,src/tracking/advanced_tracker.py:kalman_homography,
R,CLAMP,CLAMP,0
L,6,5571,DETECTION,src/tracking/advanced_tracker.py:_activate_slot,5571_-13_41_269_161
R,DETECTION,DETECTION,1
A,5571
S,1,5577,PREDICTION,src/tracking/advanced_tracker.py:kalman_homography,
S,2,5577,PREDICTION,src/tracking/advanced_tracker.py:kalman_homography,
S,6,5577,PREDICTION,src/tracking/advanced_tracker.py:kalman_homography,
S,3,5577,PREDICTION,src/tracking/advanced_tracker.py:flow_gapfill_batched,
S,10,5577,PREDICTION,src/tracking/advanced_tracker.py:flow_gapfill_batched,
D,2,5577
S,3,5577,PREDICTION,src/tracking/advanced_tracker.py:id_merge,
L,1,5577,PREDICTION,src/tracking/advanced_tracker.py:kalman_homography,
R,CLAMP,CLAMP,0
L,3,5577,PREDICTION,src/tracking/advanced_tracker.py:id_merge,
R,CLAMP,CLAMP,0
L,6,5577,PREDICTION,src/tracking/advanced_tracker.py:kalman_homography,
R,PREDICTION,PREDICTION,1
A,5577
S,1,5583,PREDICTION,src/tracking/advanced_tracker.py:kalman_homography,
S,2,5583,PREDICTION,src/tracking/advanced_tracker.py:kalman_homography,
S,6,5583,PREDICTION,src/tracking/advanced_tracker.py:kalman_homography,
S,3,5583,PREDICTION,src/tracking/advanced_tracker.py:flow_gapfill_batched,
S,10,5583,PREDICTION,src/tracking/advanced_tracker.py:flow_gapfill_batched,
L,1,5583,PREDICTION,src/tracking/advanced_tracker.py:kalman_homography,
R,CLAMP,CLAMP,0
L,2,5583,PREDICTION,src/tracking/advanced_tracker.py:kalman_homography,
R,CLAMP,CLAMP,0
L,3,5583,PREDICTION,src/tracking/advanced_tracker.py:flow_gapfill_batched,
R,CLAMP,CLAMP,0
L,6,5583,PREDICTION,src/tracking/advanced_tracker.py:kalman_homography,
R,PREDICTION,PREDICTION,1
A,5583
S,1,5589,PREDICTION,src/tracking/advanced_tracker.py:kalman_homography,
S,2,5589,PREDICTION,src/tracking/advanced_tracker.py:kalman_homography,
S,4,5589,PREDICTION,src/tracking/advanced_tracker.py:kalman_homography,
S,6,5589,PREDICTION,src/tracking/advanced_tracker.py:kalman_homography,
S,3,5589,PREDICTION,src/tracking/advanced_tracker.py:flow_gapfill_batched,
L,1,5589,PREDICTION,src/tracking/advanced_tracker.py:kalman_homography,
R,CLAMP,CLAMP,0
L,2,5589,PREDICTION,src/tracking/advanced_tracker.py:kalman_homography,
R,CLAMP,CLAMP,0
L,3,5589,PREDICTION,src/tracking/advanced_tracker.py:flow_gapfill_batched,
R,CLAMP,CLAMP,0
L,4,5589,PREDICTION,src/tracking/advanced_tracker.py:kalman_homography,
R,CLAMP,CLAMP,0
L,6,5589,PREDICTION,src/tracking/advanced_tracker.py:kalman_homography,
R,PREDICTION,PREDICTION,1
A,5589
S,0,5595,DETECTION,src/tracking/advanced_tracker.py:_activate_slot,5595_24_128_668_785
S,1,5595,PREDICTION,src/tracking/advanced_tracker.py:kalman_homography,
S,4,5595,PREDICTION,src/tracking/advanced_tracker.py:kalman_homography,
S,6,5595,PREDICTION,src/tracking/advanced_tracker.py:kalman_homography,
S,2,5595,PREDICTION,src/tracking/advanced_tracker.py:flow_gapfill_batched,
S,3,5595,PREDICTION,src/tracking/advanced_tracker.py:flow_gapfill_batched,
D,2,5595
S,3,5595,PREDICTION,src/tracking/advanced_tracker.py:id_merge,
L,0,5595,DETECTION,src/tracking/advanced_tracker.py:_activate_slot,5595_24_128_668_785
R,CLAMP,CLAMP,0
L,1,5595,PREDICTION,src/tracking/advanced_tracker.py:kalman_homography,
R,CLAMP,CLAMP,0
L,3,5595,PREDICTION,src/tracking/advanced_tracker.py:id_merge,
R,CLAMP,CLAMP,0
L,4,5595,PREDICTION,src/tracking/advanced_tracker.py:kalman_homography,
R,PREDICTION,PREDICTION,1
L,6,5595,PREDICTION,src/tracking/advanced_tracker.py:kalman_homography,
R,PREDICTION,PREDICTION,1
A,5595
S,0,5601,DETECTION,src/tracking/advanced_tracker.py:_activate_slot,5601_36_141_668_759
S,5,5601,DETECTION,src/tracking/advanced_tracker.py:_activate_slot,5601_-13_-15_280_174
S,1,5601,PREDICTION,src/tracking/advanced_tracker.py:kalman_homography,
S,6,5601,PREDICTION,src/tracking/advanced_tracker.py:kalman_homography,
S,4,5601,PREDICTION,src/tracking/advanced_tracker.py:flow_gapfill_batched,
D,4,5601
S,0,5601,PREDICTION,src/tracking/advanced_tracker.py:id_merge,
D,6,5601
S,5,5601,PREDICTION,src/tracking/advanced_tracker.py:id_merge,
L,0,5601,PREDICTION,src/tracking/advanced_tracker.py:id_merge,
R,CLAMP,CLAMP,0
L,1,5601,PREDICTION,src/tracking/advanced_tracker.py:kalman_homography,
R,CLAMP,CLAMP,0
L,5,5601,PREDICTION,src/tracking/advanced_tracker.py:id_merge,
R,PREDICTION,PREDICTION,1
A,5601
S,0,5607,DETECTION,src/tracking/advanced_tracker.py:_activate_slot,5607_49_132_669_735
S,5,5607,PREDICTION,src/tracking/advanced_tracker.py:kalman_homography,
S,6,5607,PREDICTION,src/tracking/advanced_tracker.py:kalman_homography,
S,1,5607,PREDICTION,src/tracking/advanced_tracker.py:flow_gapfill_batched,
D,1,5607
S,0,5607,PREDICTION,src/tracking/advanced_tracker.py:id_merge,
D,6,5607
S,5,5607,PREDICTION,src/tracking/advanced_tracker.py:id_merge,
L,0,5607,PREDICTION,src/tracking/advanced_tracker.py:id_merge,
R,CLAMP,CLAMP,0
L,5,5607,PREDICTION,src/tracking/advanced_tracker.py:id_merge,
R,PREDICTION,PREDICTION,1
A,5607
S,5,5613,PREDICTION,src/tracking/advanced_tracker.py:kalman_homography,
S,6,5613,PREDICTION,src/tracking/advanced_tracker.py:kalman_homography,
S,0,5613,PREDICTION,src/tracking/advanced_tracker.py:flow_gapfill_batched,
S,1,5613,PREDICTION,src/tracking/advanced_tracker.py:flow_gapfill_batched,
D,1,5613
S,0,5613,PREDICTION,src/tracking/advanced_tracker.py:id_merge,
D,6,5613
S,5,5613,PREDICTION,src/tracking/advanced_tracker.py:id_merge,
L,0,5613,PREDICTION,src/tracking/advanced_tracker.py:id_merge,
R,CLAMP,CLAMP,0
L,5,5613,PREDICTION,src/tracking/advanced_tracker.py:id_merge,
R,PREDICTION,SUBPIXEL,0
A,5613
S,6,5619,DETECTION,src/tracking/advanced_tracker.py:_activate_slot,5619_-12_155_263_368
S,5,5619,PREDICTION,src/tracking/advanced_tracker.py:kalman_homography,
S,0,5619,PREDICTION,src/tracking/advanced_tracker.py:flow_gapfill_batched,
D,5,5619
S,6,5619,PREDICTION,src/tracking/advanced_tracker.py:id_merge,
L,0,5619,PREDICTION,src/tracking/advanced_tracker.py:flow_gapfill_batched,
R,CLAMP,CLAMP,0
L,6,5619,PREDICTION,src/tracking/advanced_tracker.py:id_merge,
R,PREDICTION,PREDICTION,1
A,5619
S,6,5625,DETECTION,src/tracking/advanced_tracker.py:_activate_slot,5625_-13_217_260_429
S,5,5625,PREDICTION,src/tracking/advanced_tracker.py:kalman_homography,
D,5,5625
S,6,5625,PREDICTION,src/tracking/advanced_tracker.py:id_merge,
L,6,5625,PREDICTION,src/tracking/advanced_tracker.py:id_merge,
R,PREDICTION,PREDICTION,1
A,5625
S,0,5631,DETECTION,src/tracking/advanced_tracker.py:_activate_slot,5631_12_282_661_807
S,5,5631,PREDICTION,src/tracking/advanced_tracker.py:kalman_homography,
S,6,5631,PREDICTION,src/tracking/advanced_tracker.py:kalman_homography,
D,5,5631
S,6,5631,PREDICTION,src/tracking/advanced_tracker.py:id_merge,
L,0,5631,DETECTION,src/tracking/advanced_tracker.py:_activate_slot,5631_12_282_661_807
R,CLAMP,CLAMP,0
L,6,5631,PREDICTION,src/tracking/advanced_tracker.py:id_merge,
R,PREDICTION,PREDICTION,1
A,5631
S,0,5637,DETECTION,src/tracking/advanced_tracker.py:_activate_slot,5637_26_337_669_1063
S,2,5637,DETECTION,src/tracking/advanced_tracker.py:_activate_slot,5637_-14_353_177_507
S,3,5637,DETECTION,src/tracking/advanced_tracker.py:_activate_slot,5637_107_-15_667_331
S,5,5637,PREDICTION,src/tracking/advanced_tracker.py:kalman_homography,
S,6,5637,PREDICTION,src/tracking/advanced_tracker.py:kalman_homography,
D,5,5637
S,6,5637,PREDICTION,src/tracking/advanced_tracker.py:id_merge,
L,0,5637,DETECTION,src/tracking/advanced_tracker.py:_activate_slot,5637_26_337_669_1063
R,CLAMP,CLAMP,0
L,2,5637,DETECTION,src/tracking/advanced_tracker.py:_activate_slot,5637_-14_353_177_507
R,CLAMP,CLAMP,0
L,3,5637,DETECTION,src/tracking/advanced_tracker.py:_activate_slot,5637_107_-15_667_331
R,CLAMP,CLAMP,0
L,6,5637,PREDICTION,src/tracking/advanced_tracker.py:id_merge,
R,PREDICTION,PREDICTION,1
A,5637
S,3,5643,DETECTION,src/tracking/advanced_tracker.py:_activate_slot,5643_89_-15_667_351
S,7,5643,DETECTION,src/tracking/advanced_tracker.py:_activate_slot,5643_-13_423_173_563
S,2,5643,PREDICTION,src/tracking/advanced_tracker.py:kalman_homography,
S,5,5643,PREDICTION,src/tracking/advanced_tracker.py:kalman_homography,
S,6,5643,PREDICTION,src/tracking/advanced_tracker.py:kalman_homography,
D,5,5643
S,6,5643,PREDICTION,src/tracking/advanced_tracker.py:id_merge,
L,2,5643,PREDICTION,src/tracking/advanced_tracker.py:kalman_homography,
R,CLAMP,CLAMP,0
L,3,5643,DETECTION,src/tracking/advanced_tracker.py:_activate_slot,5643_89_-15_667_351
R,CLAMP,CLAMP,0
L,6,5643,PREDICTION,src/tracking/advanced_tracker.py:id_merge,
R,PREDICTION,PREDICTION,1
L,7,5643,DETECTION,src/tracking/advanced_tracker.py:_activate_slot,5643_-13_423_173_563
R,CLAMP,CLAMP,0
A,5643
S,7,5649,DETECTION,src/tracking/advanced_tracker.py:_activate_slot,5649_-15_473_155_614
S,4,5649,DETECTION,src/tracking/advanced_tracker.py:_activate_slot,5649_51_101_667_411
S,2,5649,PREDICTION,src/tracking/advanced_tracker.py:kalman_homography,
S,6,5649,PREDICTION,src/tracking/advanced_tracker.py:kalman_homography,
L,2,5649,PREDICTION,src/tracking/advanced_tracker.py:kalman_homography,
R,CLAMP,CLAMP,0
L,4,5649,DETECTION,src/tracking/advanced_tracker.py:_activate_slot,5649_51_101_667_411
R,CLAMP,CLAMP,0
L,6,5649,PREDICTION,src/tracking/advanced_tracker.py:kalman_homography,
R,PREDICTION,PREDICTION,1
L,7,5649,DETECTION,src/tracking/advanced_tracker.py:_activate_slot,5649_-15_473_155_614
R,CLAMP,CLAMP,0
A,5649
S,8,5655,DETECTION,src/tracking/advanced_tracker.py:_activate_slot,5655_21_237_664_542
S,7,5655,DETECTION,src/tracking/advanced_tracker.py:_activate_slot,5655_-15_521_131_669
S,1,5655,DETECTION,src/tracking/advanced_tracker.py:_activate_slot,5655_-11_-15_668_237
S,2,5655,PREDICTION,src/tracking/advanced_tracker.py:kalman_homography,
S,3,5655,PREDICTION,src/tracking/advanced_tracker.py:kalman_homography,
S,6,5655,PREDICTION,src/tracking/advanced_tracker.py:kalman_homography,
S,4,5655,PREDICTION,src/tracking/advanced_tracker.py:flow_gapfill_batched,
D,3,5655
S,1,5655,PREDICTION,src/tracking/advanced_tracker.py:id_merge,
D,4,5655
S,1,5655,PREDICTION,src/tracking/advanced_tracker.py:id_merge,
L,1,5655,PREDICTION,src/tracking/advanced_tracker.py:id_merge,
R,PREDICTION,PREDICTION,1
L,2,5655,PREDICTION,src/tracking/advanced_tracker.py:kalman_homography,
R,CLAMP,CLAMP,0
L,6,5655,PREDICTION,src/tracking/advanced_tracker.py:kalman_homography,
R,PREDICTION,PREDICTION,1
L,7,5655,DETECTION,src/tracking/advanced_tracker.py:_activate_slot,5655_-15_521_131_669
R,CLAMP,CLAMP,0
L,8,5655,DETECTION,src/tracking/advanced_tracker.py:_activate_slot,5655_21_237_664_542
R,CLAMP,CLAMP,0
A,5655
S,9,5661,DETECTION,src/tracking/advanced_tracker.py:_activate_slot,5661_-10_-15_669_351
S,10,5661,DETECTION,src/tracking/advanced_tracker.py:_activate_slot,5661_-13_1104_248_1294
S,2,5661,PREDICTION,src/tracking/advanced_tracker.py:kalman_homography,
S,3,5661,PREDICTION,src/tracking/advanced_tracker.py:kalman_homography,
S,6,5661,PREDICTION,src/tracking/advanced_tracker.py:kalman_homography,
S,7,5661,PREDICTION,src/tracking/advanced_tracker.py:kalman_homography,
S,8,5661,PREDICTION,src/tracking/advanced_tracker.py:flow_gapfill_batched,
D,8,5661
S,9,5661,PREDICTION,src/tracking/advanced_tracker.py:id_merge,
L,2,5661,PREDICTION,src/tracking/advanced_tracker.py:kalman_homography,
R,CLAMP,CLAMP,0
L,3,5661,PREDICTION,src/tracking/advanced_tracker.py:kalman_homography,
R,CLAMP,CLAMP,0
L,6,5661,PREDICTION,src/tracking/advanced_tracker.py:kalman_homography,
R,PREDICTION,PREDICTION,1
L,7,5661,PREDICTION,src/tracking/advanced_tracker.py:kalman_homography,
R,CLAMP,CLAMP,0
L,9,5661,PREDICTION,src/tracking/advanced_tracker.py:id_merge,
R,CLAMP,CLAMP,0
A,5661
S,10,5667,DETECTION,src/tracking/advanced_tracker.py:_activate_slot,5667_-12_1077_242_1295
S,2,5667,PREDICTION,src/tracking/advanced_tracker.py:kalman_homography,
S,3,5667,PREDICTION,src/tracking/advanced_tracker.py:kalman_homography,
S,6,5667,PREDICTION,src/tracking/advanced_tracker.py:kalman_homography,
S,0,5667,PREDICTION,src/tracking/advanced_tracker.py:flow_gapfill_batched,
S,7,5667,PREDICTION,src/tracking/advanced_tracker.py:flow_gapfill_batched,
L,0,5667,PREDICTION,src/tracking/advanced_tracker.py:flow_gapfill_batched,
R,CLAMP,CLAMP,0
L,2,5667,PREDICTION,src/tracking/advanced_tracker.py:kalman_homography,
R,CLAMP,CLAMP,0
L,3,5667,PREDICTION,src/tracking/advanced_tracker.py:kalman_homography,
R,CLAMP,CLAMP,0
L,6,5667,PREDICTION,src/tracking/advanced_tracker.py:kalman_homography,
R,PREDICTION,PREDICTION,1
L,7,5667,PREDICTION,src/tracking/advanced_tracker.py:flow_gapfill_batched,
R,CLAMP,CLAMP,0
A,5667
S,2,5673,PREDICTION,src/tracking/advanced_tracker.py:kalman_homography,
S,3,5673,PREDICTION,src/tracking/advanced_tracker.py:kalman_homography,
S,10,5673,PREDICTION,src/tracking/advanced_tracker.py:kalman_homography,
S,6,5673,PREDICTION,src/tracking/advanced_tracker.py:flow_gapfill_batched,
S,7,5673,PREDICTION,src/tracking/advanced_tracker.py:flow_gapfill_batched,
S,8,5673,PREDICTION,src/tracking/advanced_tracker.py:flow_gapfill_batched,
L,2,5673,PREDICTION,src/tracking/advanced_tracker.py:kalman_homography,
R,CLAMP,CLAMP,0
L,3,5673,PREDICTION,src/tracking/advanced_tracker.py:kalman_homography,
R,CLAMP,CLAMP,0
L,6,5673,PREDICTION,src/tracking/advanced_tracker.py:flow_gapfill_batched,
R,PREDICTION,PREDICTION,1
L,7,5673,PREDICTION,src/tracking/advanced_tracker.py:flow_gapfill_batched,
R,CLAMP,CLAMP,0
L,8,5673,PREDICTION,src/tracking/advanced_tracker.py:flow_gapfill_batched,
R,PREDICTION,PREDICTION,1
A,5673
S,2,5679,PREDICTION,src/tracking/advanced_tracker.py:kalman_homography,
S,3,5679,PREDICTION,src/tracking/advanced_tracker.py:kalman_homography,
S,10,5679,PREDICTION,src/tracking/advanced_tracker.py:kalman_homography,
L,2,5679,PREDICTION,src/tracking/advanced_tracker.py:kalman_homography,
R,CLAMP,CLAMP,0
L,3,5679,PREDICTION,src/tracking/advanced_tracker.py:kalman_homography,
R,CLAMP,CLAMP,0
A,5679
S,3,5685,PREDICTION,src/tracking/advanced_tracker.py:kalman_homography,
S,10,5685,PREDICTION,src/tracking/advanced_tracker.py:kalman_homography,
S,1,5685,PREDICTION,src/tracking/advanced_tracker.py:flow_gapfill_batched,
S,4,5685,PREDICTION,src/tracking/advanced_tracker.py:flow_gapfill_batched,
S,7,5685,PREDICTION,src/tracking/advanced_tracker.py:flow_gapfill_batched,
S,8,5685,PREDICTION,src/tracking/advanced_tracker.py:flow_gapfill_batched,
D,3,5685
S,1,5685,PREDICTION,src/tracking/advanced_tracker.py:id_merge,
D,4,5685
S,1,5685,PREDICTION,src/tracking/advanced_tracker.py:id_merge,
L,1,5685,PREDICTION,src/tracking/advanced_tracker.py:id_merge,
R,PREDICTION,PREDICTION,1
L,7,5685,PREDICTION,src/tracking/advanced_tracker.py:flow_gapfill_batched,
R,CLAMP,CLAMP,0
L,8,5685,PREDICTION,src/tracking/advanced_tracker.py:flow_gapfill_batched,
R,PREDICTION,PREDICTION,1
A,5685
S,5,5691,DETECTION,src/tracking/advanced_tracker.py:_activate_slot,5691_403_205_670_387
S,10,5691,PREDICTION,src/tracking/advanced_tracker.py:kalman_homography,
S,1,5691,PREDICTION,src/tracking/advanced_tracker.py:flow_gapfill_batched,
S,3,5691,PREDICTION,src/tracking/advanced_tracker.py:flow_gapfill_batched,
S,4,5691,PREDICTION,src/tracking/advanced_tracker.py:flow_gapfill_batched,
S,7,5691,PREDICTION,src/tracking/advanced_tracker.py:flow_gapfill_batched,
S,8,5691,PREDICTION,src/tracking/advanced_tracker.py:flow_gapfill_batched,
S,9,5691,PREDICTION,src/tracking/advanced_tracker.py:flow_gapfill_batched,
D,3,5691
S,1,5691,PREDICTION,src/tracking/advanced_tracker.py:id_merge,
D,4,5691
S,1,5691,PREDICTION,src/tracking/advanced_tracker.py:id_merge,
D,9,5691
S,5,5691,PREDICTION,src/tracking/advanced_tracker.py:id_merge,
L,1,5691,PREDICTION,src/tracking/advanced_tracker.py:id_merge,
R,PREDICTION,PREDICTION,1
L,5,5691,PREDICTION,src/tracking/advanced_tracker.py:id_merge,
R,CLAMP,CLAMP,0
L,7,5691,PREDICTION,src/tracking/advanced_tracker.py:flow_gapfill_batched,
R,CLAMP,CLAMP,0
L,8,5691,PREDICTION,src/tracking/advanced_tracker.py:flow_gapfill_batched,
R,PREDICTION,PREDICTION,1
A,5691
S,10,5697,PREDICTION,src/tracking/advanced_tracker.py:kalman_homography,
S,1,5697,PREDICTION,src/tracking/advanced_tracker.py:flow_gapfill_batched,
S,4,5697,PREDICTION,src/tracking/advanced_tracker.py:flow_gapfill_batched,
S,7,5697,PREDICTION,src/tracking/advanced_tracker.py:flow_gapfill_batched,
S,8,5697,PREDICTION,src/tracking/advanced_tracker.py:flow_gapfill_batched,
S,9,5697,PREDICTION,src/tracking/advanced_tracker.py:flow_gapfill_batched,
D,4,5697
S,1,5697,PREDICTION,src/tracking/advanced_tracker.py:id_merge,
L,1,5697,PREDICTION,src/tracking/advanced_tracker.py:id_merge,
R,PREDICTION,PREDICTION,1
L,7,5697,PREDICTION,src/tracking/advanced_tracker.py:flow_gapfill_batched,
R,CLAMP,CLAMP,0
L,8,5697,PREDICTION,src/tracking/advanced_tracker.py:flow_gapfill_batched,
R,PREDICTION,PREDICTION,1
L,9,5697,PREDICTION,src/tracking/advanced_tracker.py:flow_gapfill_batched,
R,CLAMP,CLAMP,0
A,5697
S,10,5703,PREDICTION,src/tracking/advanced_tracker.py:kalman_homography,
S,7,5703,PREDICTION,src/tracking/advanced_tracker.py:flow_gapfill_batched,
S,8,5703,PREDICTION,src/tracking/advanced_tracker.py:flow_gapfill_batched,
L,7,5703,PREDICTION,src/tracking/advanced_tracker.py:flow_gapfill_batched,
R,CLAMP,CLAMP,0
L,8,5703,PREDICTION,src/tracking/advanced_tracker.py:flow_gapfill_batched,
R,PREDICTION,PREDICTION,1
A,5703
S,10,5709,PREDICTION,src/tracking/advanced_tracker.py:kalman_homography,
A,5709
S,5,5715,PREDICTION,src/tracking/advanced_tracker.py:flow_gapfill_batched,
S,10,5715,PREDICTION,src/tracking/advanced_tracker.py:flow_gapfill_batched,
L,5,5715,PREDICTION,src/tracking/advanced_tracker.py:flow_gapfill_batched,
R,PREDICTION,PREDICTION,1
A,5715
S,5,5721,PREDICTION,src/tracking/advanced_tracker.py:flow_gapfill_batched,
L,5,5721,PREDICTION,src/tracking/advanced_tracker.py:flow_gapfill_batched,
R,PREDICTION,PREDICTION,1
A,5721
S,0,5727,DETECTION,src/tracking/advanced_tracker.py:_activate_slot,5727_408_154_673_338
S,2,5727,DETECTION,src/tracking/advanced_tracker.py:_activate_slot,5727_559_-15_674_88
S,5,5727,PREDICTION,src/tracking/advanced_tracker.py:flow_gapfill_batched,
D,0,5727
S,2,5727,PREDICTION,src/tracking/advanced_tracker.py:id_merge,
L,2,5727,PREDICTION,src/tracking/advanced_tracker.py:id_merge,
R,CLAMP,CLAMP,0
L,5,5727,PREDICTION,src/tracking/advanced_tracker.py:flow_gapfill_batched,
R,PREDICTION,PREDICTION,1
A,5727
S,2,5733,DETECTION,src/tracking/advanced_tracker.py:_activate_slot,5733_555_-3_675_99
S,3,5733,DETECTION,src/tracking/advanced_tracker.py:_activate_slot,5733_358_1048_673_1294
S,5,5733,PREDICTION,src/tracking/advanced_tracker.py:flow_gapfill_batched,
L,2,5733,DETECTION,src/tracking/advanced_tracker.py:_activate_slot,5733_555_-3_675_99
R,CLAMP,CLAMP,0
L,3,5733,DETECTION,src/tracking/advanced_tracker.py:_activate_slot,5733_358_1048_673_1294
R,CLAMP,CLAMP,0
L,5,5733,PREDICTION,src/tracking/advanced_tracker.py:flow_gapfill_batched,
R,PREDICTION,PREDICTION,1
A,5733
S,2,5739,DETECTION,src/tracking/advanced_tracker.py:_activate_slot,5739_555_8_675_109
S,4,5739,DETECTION,src/tracking/advanced_tracker.py:_activate_slot,5739_339_1069_671_1295
S,5,5739,PREDICTION,src/tracking/advanced_tracker.py:flow_gapfill_batched,
L,2,5739,DETECTION,src/tracking/advanced_tracker.py:_activate_slot,5739_555_8_675_109
R,CLAMP,CLAMP,0
L,4,5739,DETECTION,src/tracking/advanced_tracker.py:_activate_slot,5739_339_1069_671_1295
R,CLAMP,CLAMP,0
L,5,5739,PREDICTION,src/tracking/advanced_tracker.py:flow_gapfill_batched,
R,PREDICTION,PREDICTION,1
A,5739
S,2,5745,DETECTION,src/tracking/advanced_tracker.py:_activate_slot,5745_557_17_675_124
S,4,5745,DETECTION,src/tracking/advanced_tracker.py:_activate_slot,5745_342_1076_671_1294
S,1,5745,DETECTION,src/tracking/advanced_tracker.py:_activate_slot,5745_420_82_671_252
S,3,5745,PREDICTION,src/tracking/advanced_tracker.py:flow_gapfill_batched,
D,1,5745
S,2,5745,PREDICTION,src/tracking/advanced_tracker.py:id_merge,
D,3,5745
S,4,5745,PREDICTION,src/tracking/advanced_tracker.py:id_merge,
L,2,5745,PREDICTION,src/tracking/advanced_tracker.py:id_merge,
R,CLAMP,CLAMP,0
L,4,5745,PREDICTION,src/tracking/advanced_tracker.py:id_merge,
R,CLAMP,CLAMP,0
A,5745
S,2,5751,DETECTION,src/tracking/advanced_tracker.py:_activate_slot,5751_569_256_675_375
S,4,5751,DETECTION,src/tracking/advanced_tracker.py:_activate_slot,5751_360_1098_672_1294
L,2,5751,DETECTION,src/tracking/advanced_tracker.py:_activate_slot,5751_569_256_675_375
R,CLAMP,CLAMP,0
L,4,5751,DETECTION,src/tracking/advanced_tracker.py:_activate_slot,5751_360_1098_672_1294
R,CLAMP,CLAMP,0
A,5751
S,2,5757,DETECTION,src/tracking/advanced_tracker.py:_activate_slot,5757_579_352_673_429
L,2,5757,DETECTION,src/tracking/advanced_tracker.py:_activate_slot,5757_579_352_673_429
R,CLAMP,CLAMP,0
A,5757
A,5763
S,0,5769,PREDICTION,src/tracking/advanced_tracker.py:flow_gapfill_batched,
S,1,5769,PREDICTION,src/tracking/advanced_tracker.py:flow_gapfill_batched,
S,2,5769,PREDICTION,src/tracking/advanced_tracker.py:flow_gapfill_batched,
D,0,5769
S,1,5769,PREDICTION,src/tracking/advanced_tracker.py:id_merge,
L,1,5769,PREDICTION,src/tracking/advanced_tracker.py:id_merge,
R,PREDICTION,SUBPIXEL,0
L,2,5769,PREDICTION,src/tracking/advanced_tracker.py:flow_gapfill_batched,
R,CLAMP,CLAMP,0
A,5769
S,6,5775,DETECTION,src/tracking/advanced_tracker.py:_activate_slot,5775_552_278_672_350
S,0,5775,PREDICTION,src/tracking/advanced_tracker.py:flow_gapfill_batched,
S,2,5775,PREDICTION,src/tracking/advanced_tracker.py:flow_gapfill_batched,
S,3,5775,PREDICTION,src/tracking/advanced_tracker.py:flow_gapfill_batched,
D,0,5775
S,2,5775,PREDICTION,src/tracking/advanced_tracker.py:id_merge,
L,2,5775,PREDICTION,src/tracking/advanced_tracker.py:id_merge,
R,CLAMP,CLAMP,0
L,3,5775,PREDICTION,src/tracking/advanced_tracker.py:flow_gapfill_batched,
R,CLAMP,CLAMP,0
L,6,5775,DETECTION,src/tracking/advanced_tracker.py:_activate_slot,5775_552_278_672_350
R,CLAMP,CLAMP,0
A,5775
S,2,5781,PREDICTION,src/tracking/advanced_tracker.py:flow_gapfill_batched,
S,3,5781,PREDICTION,src/tracking/advanced_tracker.py:flow_gapfill_batched,
L,2,5781,PREDICTION,src/tracking/advanced_tracker.py:flow_gapfill_batched,
R,CLAMP,CLAMP,0
L,3,5781,PREDICTION,src/tracking/advanced_tracker.py:flow_gapfill_batched,
R,CLAMP,CLAMP,0
A,5781
S,1,5787,PREDICTION,src/tracking/advanced_tracker.py:flow_gapfill_batched,
S,2,5787,PREDICTION,src/tracking/advanced_tracker.py:flow_gapfill_batched,
S,4,5787,PREDICTION,src/tracking/advanced_tracker.py:flow_gapfill_batched,
D,1,5787
S,2,5787,PREDICTION,src/tracking/advanced_tracker.py:id_merge,
L,2,5787,PREDICTION,src/tracking/advanced_tracker.py:id_merge,
R,CLAMP,CLAMP,0
L,4,5787,PREDICTION,src/tracking/advanced_tracker.py:flow_gapfill_batched,
R,CLAMP,CLAMP,0
A,5787
S,1,5793,PREDICTION,src/tracking/advanced_tracker.py:flow_gapfill_batched,
S,2,5793,PREDICTION,src/tracking/advanced_tracker.py:flow_gapfill_batched,
S,4,5793,PREDICTION,src/tracking/advanced_tracker.py:flow_gapfill_batched,
D,1,5793
S,2,5793,PREDICTION,src/tracking/advanced_tracker.py:id_merge,
L,2,5793,PREDICTION,src/tracking/advanced_tracker.py:id_merge,
R,CLAMP,CLAMP,0
L,4,5793,PREDICTION,src/tracking/advanced_tracker.py:flow_gapfill_batched,
R,CLAMP,CLAMP,0
A,5793
S,1,5799,DETECTION,src/tracking/advanced_tracker.py:_activate_slot,5799_536_84_674_195
S,2,5799,PREDICTION,src/tracking/advanced_tracker.py:flow_gapfill_batched,
S,4,5799,PREDICTION,src/tracking/advanced_tracker.py:flow_gapfill_batched,
L,1,5799,DETECTION,src/tracking/advanced_tracker.py:_activate_slot,5799_536_84_674_195
R,DETECTION,DETECTION,1
L,2,5799,PREDICTION,src/tracking/advanced_tracker.py:flow_gapfill_batched,
R,CLAMP,CLAMP,0
L,4,5799,PREDICTION,src/tracking/advanced_tracker.py:flow_gapfill_batched,
R,CLAMP,CLAMP,0
A,5799
S,1,5805,DETECTION,src/tracking/advanced_tracker.py:_activate_slot,5805_536_107_674_204
S,2,5805,PREDICTION,src/tracking/advanced_tracker.py:flow_gapfill_batched,
S,6,5805,PREDICTION,src/tracking/advanced_tracker.py:flow_gapfill_batched,
L,1,5805,DETECTION,src/tracking/advanced_tracker.py:_activate_slot,5805_536_107_674_204
R,DETECTION,DETECTION,1
L,2,5805,PREDICTION,src/tracking/advanced_tracker.py:flow_gapfill_batched,
R,CLAMP,CLAMP,0
L,6,5805,PREDICTION,src/tracking/advanced_tracker.py:flow_gapfill_batched,
R,CLAMP,CLAMP,0
A,5805
S,1,5811,DETECTION,src/tracking/advanced_tracker.py:_activate_slot,5811_539_83_675_183
S,5,5811,DETECTION,src/tracking/advanced_tracker.py:_activate_slot,5811_3_1110_666_1294
S,6,5811,PREDICTION,src/tracking/advanced_tracker.py:flow_gapfill_batched,
L,1,5811,DETECTION,src/tracking/advanced_tracker.py:_activate_slot,5811_539_83_675_183
R,DETECTION,DETECTION,1
L,5,5811,DETECTION,src/tracking/advanced_tracker.py:_activate_slot,5811_3_1110_666_1294
R,CLAMP,CLAMP,0
L,6,5811,PREDICTION,src/tracking/advanced_tracker.py:flow_gapfill_batched,
R,CLAMP,CLAMP,0
A,5811
S,1,5817,DETECTION,src/tracking/advanced_tracker.py:_activate_slot,5817_542_54_675_213
S,7,5817,DETECTION,src/tracking/advanced_tracker.py:_activate_slot,5817_-14_1006_665_1294
S,0,5817,DETECTION,src/tracking/advanced_tracker.py:_activate_slot,5817_0_362_664_905
S,8,5817,DETECTION,src/tracking/advanced_tracker.py:_activate_slot,5817_547_100_674_215
S,5,5817,PREDICTION,src/tracking/advanced_tracker.py:flow_gapfill_batched,
S,6,5817,PREDICTION,src/tracking/advanced_tracker.py:flow_gapfill_batched,
D,5,5817
S,7,5817,PREDICTION,src/tracking/advanced_tracker.py:id_merge,
D,6,5817
S,8,5817,PREDICTION,src/tracking/advanced_tracker.py:id_merge,
L,0,5817,DETECTION,src/tracking/advanced_tracker.py:_activate_slot,5817_0_362_664_905
R,CLAMP,CLAMP,0
L,1,5817,DETECTION,src/tracking/advanced_tracker.py:_activate_slot,5817_542_54_675_213
R,DETECTION,SUBPIXEL,0
L,7,5817,PREDICTION,src/tracking/advanced_tracker.py:id_merge,
R,CLAMP,CLAMP,0
L,8,5817,PREDICTION,src/tracking/advanced_tracker.py:id_merge,
R,PREDICTION,PREDICTION,1
A,5817
S,0,5823,DETECTION,src/tracking/advanced_tracker.py:_activate_slot,5823_-2_360_668_916
S,1,5823,DETECTION,src/tracking/advanced_tracker.py:_activate_slot,5823_545_86_675_243
S,3,5823,DETECTION,src/tracking/advanced_tracker.py:_activate_slot,5823_79_354_532_552
S,6,5823,PREDICTION,src/tracking/advanced_tracker.py:flow_gapfill_batched,
D,1,5823
S,3,5823,PREDICTION,src/tracking/advanced_tracker.py:id_merge,
L,0,5823,DETECTION,src/tracking/advanced_tracker.py:_activate_slot,5823_-2_360_668_916
R,CLAMP,CLAMP,0
L,3,5823,PREDICTION,src/tracking/advanced_tracker.py:id_merge,
R,CLAMP,CLAMP,0
L,6,5823,PREDICTION,src/tracking/advanced_tracker.py:flow_gapfill_batched,
R,CLAMP,CLAMP,0
A,5823
S,0,5829,DETECTION,src/tracking/advanced_tracker.py:_activate_slot,5829_-3_358_669_832
S,3,5829,DETECTION,src/tracking/advanced_tracker.py:_activate_slot,5829_86_353_544_552
S,1,5829,DETECTION,src/tracking/advanced_tracker.py:_activate_slot,5829_550_115_671_213
S,9,5829,DETECTION,src/tracking/advanced_tracker.py:_activate_slot,5829_558_168_674_272
S,5,5829,PREDICTION,src/tracking/advanced_tracker.py:flow_gapfill_batched,
S,8,5829,PREDICTION,src/tracking/advanced_tracker.py:flow_gapfill_batched,
D,1,5829
S,3,5829,PREDICTION,src/tracking/advanced_tracker.py:id_merge,
D,8,5829
S,9,5829,PREDICTION,src/tracking/advanced_tracker.py:id_merge,
L,0,5829,DETECTION,src/tracking/advanced_tracker.py:_activate_slot,5829_-3_358_669_832
R,CLAMP,CLAMP,0
L,3,5829,PREDICTION,src/tracking/advanced_tracker.py:id_merge,
R,CLAMP,CLAMP,0
L,5,5829,PREDICTION,src/tracking/advanced_tracker.py:flow_gapfill_batched,
R,CLAMP,CLAMP,0
L,9,5829,PREDICTION,src/tracking/advanced_tracker.py:id_merge,
R,CLAMP,CLAMP,0
A,5829
S,1,5835,DETECTION,src/tracking/advanced_tracker.py:_activate_slot,5835_549_136_675_275
S,3,5835,DETECTION,src/tracking/advanced_tracker.py:_activate_slot,5835_86_345_543_556
D,1,5835
S,3,5835,PREDICTION,src/tracking/advanced_tracker.py:id_merge,
L,3,5835,PREDICTION,src/tracking/advanced_tracker.py:id_merge,
R,CLAMP,CLAMP,0
A,5835
S,1,5841,DETECTION,src/tracking/advanced_tracker.py:_activate_slot,5841_558_158_675_289
S,3,5841,DETECTION,src/tracking/advanced_tracker.py:_activate_slot,5841_88_341_515_556
S,0,5841,PREDICTION,src/tracking/advanced_tracker.py:flow_gapfill_batched,
L,0,5841,PREDICTION,src/tracking/advanced_tracker.py:flow_gapfill_batched,
R,CLAMP,CLAMP,0
L,1,5841,DETECTION,src/tracking/advanced_tracker.py:_activate_slot,5841_558_158_675_289
R,DETECTION,DETECTION,1
L,3,5841,DETECTION,src/tracking/advanced_tracker.py:_activate_slot,5841_88_341_515_556
R,CLAMP,CLAMP,0
A,5841
S,1,5847,DETECTION,src/tracking/advanced_tracker.py:_activate_slot,5847_572_187_674_308
S,3,5847,PREDICTION,src/tracking/advanced_tracker.py:kalman_homography,
S,9,5847,PREDICTION,src/tracking/advanced_tracker.py:flow_gapfill_batched,
D,3,5847
S,1,5847,PREDICTION,src/tracking/advanced_tracker.py:id_merge,
L,1,5847,PREDICTION,src/tracking/advanced_tracker.py:id_merge,
R,PREDICTION,PREDICTION,1
L,9,5847,PREDICTION,src/tracking/advanced_tracker.py:flow_gapfill_batched,
R,CLAMP,CLAMP,0
A,5847
S,2,5853,DETECTION,src/tracking/advanced_tracker.py:_activate_slot,5853_-14_166_660_1252
S,4,5853,DETECTION,src/tracking/advanced_tracker.py:_activate_slot,5853_582_300_674_400
S,3,5853,PREDICTION,src/tracking/advanced_tracker.py:kalman_homography,
S,1,5853,PREDICTION,src/tracking/advanced_tracker.py:flow_gapfill_batched,
D,1,5853
S,4,5853,PREDICTION,src/tracking/advanced_tracker.py:id_merge,
L,2,5853,DETECTION,src/tracking/advanced_tracker.py:_activate_slot,5853_-14_166_660_1252
R,CLAMP,CLAMP,0
L,3,5853,PREDICTION,src/tracking/advanced_tracker.py:kalman_homography,
R,CLAMP,CLAMP,0
L,4,5853,PREDICTION,src/tracking/advanced_tracker.py:id_merge,
R,CLAMP,CLAMP,0
A,5853
S,3,5859,PREDICTION,src/tracking/advanced_tracker.py:kalman_homography,
S,1,5859,PREDICTION,src/tracking/advanced_tracker.py:flow_gapfill_batched,
S,2,5859,PREDICTION,src/tracking/advanced_tracker.py:flow_gapfill_batched,
S,9,5859,PREDICTION,src/tracking/advanced_tracker.py:flow_gapfill_batched,
D,3,5859
S,1,5859,PREDICTION,src/tracking/advanced_tracker.py:id_merge,
L,1,5859,PREDICTION,src/tracking/advanced_tracker.py:id_merge,
R,PREDICTION,PREDICTION,1
L,2,5859,PREDICTION,src/tracking/advanced_tracker.py:flow_gapfill_batched,
R,CLAMP,CLAMP,0
L,9,5859,PREDICTION,src/tracking/advanced_tracker.py:flow_gapfill_batched,
R,CLAMP,CLAMP,0
A,5859
S,3,5865,PREDICTION,src/tracking/advanced_tracker.py:kalman_homography,
S,0,5865,PREDICTION,src/tracking/advanced_tracker.py:flow_gapfill_batched,
L,0,5865,PREDICTION,src/tracking/advanced_tracker.py:flow_gapfill_batched,
R,CLAMP,CLAMP,0
L,3,5865,PREDICTION,src/tracking/advanced_tracker.py:kalman_homography,
R,CLAMP,CLAMP,0
A,5865
S,6,5871,DETECTION,src/tracking/advanced_tracker.py:_activate_slot,5871_-13_-1_675_999
S,3,5871,PREDICTION,src/tracking/advanced_tracker.py:kalman_homography,
S,0,5871,PREDICTION,src/tracking/advanced_tracker.py:flow_gapfill_batched,
S,1,5871,PREDICTION,src/tracking/advanced_tracker.py:flow_gapfill_batched,
S,2,5871,PREDICTION,src/tracking/advanced_tracker.py:flow_gapfill_batched,
S,4,5871,PREDICTION,src/tracking/advanced_tracker.py:flow_gapfill_batched,
S,9,5871,PREDICTION,src/tracking/advanced_tracker.py:flow_gapfill_batched,
D,3,5871
S,1,5871,PREDICTION,src/tracking/advanced_tracker.py:id_merge,
D,1,5871
S,4,5871,PREDICTION,src/tracking/advanced_tracker.py:id_merge,
L,0,5871,PREDICTION,src/tracking/advanced_tracker.py:flow_gapfill_batched,
R,CLAMP,CLAMP,0
L,2,5871,PREDICTION,src/tracking/advanced_tracker.py:flow_gapfill_batched,
R,CLAMP,CLAMP,0
L,4,5871,PREDICTION,src/tracking/advanced_tracker.py:id_merge,
R,CLAMP,CLAMP,0
L,6,5871,DETECTION,src/tracking/advanced_tracker.py:_activate_slot,5871_-13_-1_675_999
R,CLAMP,CLAMP,0
L,9,5871,PREDICTION,src/tracking/advanced_tracker.py:flow_gapfill_batched,
R,PREDICTION,PREDICTION,1
A,5871
S,3,5877,PREDICTION,src/tracking/advanced_tracker.py:kalman_homography,
S,1,5877,PREDICTION,src/tracking/advanced_tracker.py:flow_gapfill_batched,
S,4,5877,PREDICTION,src/tracking/advanced_tracker.py:flow_gapfill_batched,
D,3,5877
S,1,5877,PREDICTION,src/tracking/advanced_tracker.py:id_merge,
D,1,5877
S,4,5877,PREDICTION,src/tracking/advanced_tracker.py:id_merge,
L,4,5877,PREDICTION,src/tracking/advanced_tracker.py:id_merge,
R,CLAMP,CLAMP,0
A,5877
S,3,5883,DETECTION,src/tracking/advanced_tracker.py:_activate_slot,5883_111_384_668_651
S,1,5883,PREDICTION,src/tracking/advanced_tracker.py:flow_gapfill_batched,
L,1,5883,PREDICTION,src/tracking/advanced_tracker.py:flow_gapfill_batched,
R,PREDICTION,PREDICTION,1
L,3,5883,DETECTION,src/tracking/advanced_tracker.py:_activate_slot,5883_111_384_668_651
R,CLAMP,CLAMP,0
A,5883
S,3,5889,PREDICTION,src/tracking/advanced_tracker.py:flow_gapfill_batched,
L,3,5889,PREDICTION,src/tracking/advanced_tracker.py:flow_gapfill_batched,
R,CLAMP,CLAMP,0
A,5889
S,3,5895,DETECTION,src/tracking/advanced_tracker.py:_activate_slot,5895_147_322_544_933
L,3,5895,DETECTION,src/tracking/advanced_tracker.py:_activate_slot,5895_147_322_544_933
R,CLAMP,CLAMP,0
A,5895
S,3,5901,PREDICTION,src/tracking/advanced_tracker.py:kalman_homography,
S,2,5901,PREDICTION,src/tracking/advanced_tracker.py:flow_gapfill_batched,
L,2,5901,PREDICTION,src/tracking/advanced_tracker.py:flow_gapfill_batched,
R,CLAMP,CLAMP,0
L,3,5901,PREDICTION,src/tracking/advanced_tracker.py:kalman_homography,
R,CLAMP,CLAMP,0
A,5901
S,3,5907,PREDICTION,src/tracking/advanced_tracker.py:kalman_homography,
S,6,5907,PREDICTION,src/tracking/advanced_tracker.py:flow_gapfill_batched,
L,3,5907,PREDICTION,src/tracking/advanced_tracker.py:kalman_homography,
R,CLAMP,CLAMP,0
L,6,5907,PREDICTION,src/tracking/advanced_tracker.py:flow_gapfill_batched,
R,CLAMP,CLAMP,0
A,5907
S,3,5913,PREDICTION,src/tracking/advanced_tracker.py:kalman_homography,
S,6,5913,PREDICTION,src/tracking/advanced_tracker.py:flow_gapfill_batched,
L,3,5913,PREDICTION,src/tracking/advanced_tracker.py:kalman_homography,
R,PREDICTION,PREDICTION,1
L,6,5913,PREDICTION,src/tracking/advanced_tracker.py:flow_gapfill_batched,
R,CLAMP,CLAMP,0
A,5913
S,0,5919,DETECTION,src/tracking/advanced_tracker.py:_activate_slot,5919_115_401_668_846
S,3,5919,PREDICTION,src/tracking/advanced_tracker.py:kalman_homography,
S,6,5919,PREDICTION,src/tracking/advanced_tracker.py:flow_gapfill_batched,
L,0,5919,DETECTION,src/tracking/advanced_tracker.py:_activate_slot,5919_115_401_668_846
R,CLAMP,CLAMP,0
L,3,5919,PREDICTION,src/tracking/advanced_tracker.py:kalman_homography,
R,CLAMP,CLAMP,0
L,6,5919,PREDICTION,src/tracking/advanced_tracker.py:flow_gapfill_batched,
R,CLAMP,CLAMP,0
A,5919
S,5,5925,DETECTION,src/tracking/advanced_tracker.py:_activate_slot,5925_386_-15_670_94
S,0,5925,PREDICTION,src/tracking/advanced_tracker.py:flow_gapfill_batched,
S,3,5925,PREDICTION,src/tracking/advanced_tracker.py:flow_gapfill_batched,
L,0,5925,PREDICTION,src/tracking/advanced_tracker.py:flow_gapfill_batched,
R,CLAMP,CLAMP,0
L,3,5925,PREDICTION,src/tracking/advanced_tracker.py:flow_gapfill_batched,
R,CLAMP,CLAMP,0
L,5,5925,DETECTION,src/tracking/advanced_tracker.py:_activate_slot,5925_386_-15_670_94
R,DETECTION,DETECTION,1
A,5925
S,7,5931,DETECTION,src/tracking/advanced_tracker.py:_activate_slot,5931_402_-15_663_114
S,0,5931,PREDICTION,src/tracking/advanced_tracker.py:flow_gapfill_batched,
S,3,5931,PREDICTION,src/tracking/advanced_tracker.py:flow_gapfill_batched,
S,5,5931,PREDICTION,src/tracking/advanced_tracker.py:flow_gapfill_batched,
D,5,5931
S,7,5931,PREDICTION,src/tracking/advanced_tracker.py:id_merge,
L,0,5931,PREDICTION,src/tracking/advanced_tracker.py:flow_gapfill_batched,
R,CLAMP,CLAMP,0
L,3,5931,PREDICTION,src/tracking/advanced_tracker.py:flow_gapfill_batched,
R,CLAMP,CLAMP,0
L,7,5931,PREDICTION,src/tracking/advanced_tracker.py:id_merge,
R,PREDICTION,PREDICTION,1
A,5931
