S,0,4642,DETECTION,src/tracking/advanced_tracker.py:_activate_slot,4642_-13_530_545_768
S,1,4642,DETECTION,src/tracking/advanced_tracker.py:_activate_slot,4642_-12_654_549_914
D,0,4642
S,1,4642,PREDICTION,src/tracking/advanced_tracker.py:id_merge,
L,1,4642,PREDICTION,src/tracking/advanced_tracker.py:id_merge,
R,PREDICTION,PREDICTION,1
A,4642
S,0,4648,DETECTION,src/tracking/advanced_tracker.py:_activate_slot,4648_-13_501_545_748
S,1,4648,DETECTION,src/tracking/advanced_tracker.py:_activate_slot,4648_-11_637_549_905
D,0,4648
S,1,4648,PREDICTION,src/tracking/advanced_tracker.py:id_merge,
L,1,4648,PREDICTION,src/tracking/advanced_tracker.py:id_merge,
R,PREDICTION,PREDICTION,1
A,4648
S,0,4654,DETECTION,src/tracking/advanced_tracker.py:_activate_slot,4654_-13_469_546_732
S,2,4654,DETECTION,src/tracking/advanced_tracker.py:_activate_slot,4654_-13_804_541_1022
S,1,4654,PREDICTION,src/tracking/advanced_tracker.py:kalman_homography,
D,1,4654
S,0,4654,PREDICTION,src/tracking/advanced_tracker.py:id_merge,
L,0,4654,PREDICTION,src/tracking/advanced_tracker.py:id_merge,
R,PREDICTION,PREDICTION,1
L,2,4654,DETECTION,src/tracking/advanced_tracker.py:_activate_slot,4654_-13_804_541_1022
R,DETECTION,DETECTION,1
A,4654
S,0,4660,DETECTION,src/tracking/advanced_tracker.py:_activate_slot,4660_-13_447_545_713
S,1,4660,DETECTION,src/tracking/advanced_tracker.py:_activate_slot,4660_-13_617_549_881
S,2,4660,PREDICTION,src/tracking/advanced_tracker.py:kalman_homography,
D,2,4660
S,1,4660,PREDICTION,src/tracking/advanced_tracker.py:id_merge,
L,0,4660,DETECTION,src/tracking/advanced_tracker.py:_activate_slot,4660_-13_447_545_713
R,DETECTION,DETECTION,1
L,1,4660,PREDICTION,src/tracking/advanced_tracker.py:id_merge,
R,PREDICTION,PREDICTION,1
A,4660
S,0,4666,DETECTION,src/tracking/advanced_tracker.py:_activate_slot,4666_-13_429_547_689
S,1,4666,DETECTION,src/tracking/advanced_tracker.py:_activate_slot,4666_-13_608_547_860
S,2,4666,DETECTION,src/tracking/advanced_tracker.py:_activate_slot,4666_-11_775_583_997
D,1,4666
S,2,4666,PREDICTION,src/tracking/advanced_tracker.py:id_merge,
L,0,4666,DETECTION,src/tracking/advanced_tracker.py:_activate_slot,4666_-13_429_547_689
R,DETECTION,DETECTION,1
L,2,4666,PREDICTION,src/tracking/advanced_tracker.py:id_merge,
R,PREDICTION,PREDICTION,1
A,4666
S,0,4672,DETECTION,src/tracking/advanced_tracker.py:_activate_slot,4672_-13_421_548_676
S,1,4672,DETECTION,src/tracking/advanced_tracker.py:_activate_slot,4672_-13_594_550_838
S,2,4672,DETECTION,src/tracking/advanced_tracker.py:_activate_slot,4672_-12_726_548_980
D,1,4672
S,2,4672,PREDICTION,src/tracking/advanced_tracker.py:id_merge,
L,0,4672,DETECTION,src/tracking/advanced_tracker.py:_activate_slot,4672_-13_421_548_676
R,CLAMP,CLAMP,0
L,2,4672,PREDICTION,src/tracking/advanced_tracker.py:id_merge,
R,PREDICTION,PREDICTION,1
A,4672
S,1,4678,DETECTION,src/tracking/advanced_tracker.py:_activate_slot,4678_-13_577_549_815
S,2,4678,DETECTION,src/tracking/advanced_tracker.py:_activate_slot,4678_-13_704_561_974
D,1,4678
S,2,4678,PREDICTION,src/tracking/advanced_tracker.py:id_merge,
L,2,4678,PREDICTION,src/tracking/advanced_tracker.py:id_merge,
R,PREDICTION,PREDICTION,1
A,4678
S,1,4684,DETECTION,src/tracking/advanced_tracker.py:_activate_slot,4684_-12_556_550_792
S,2,4684,DETECTION,src/tracking/advanced_tracker.py:_activate_slot,4684_-14_696_532_968
S,0,4684,PREDICTION,src/tracking/advanced_tracker.py:flow_gapfill_batched,
D,1,4684
S,2,4684,PREDICTION,src/tracking/advanced_tracker.py:id_merge,
L,0,4684,PREDICTION,src/tracking/advanced_tracker.py:flow_gapfill_batched,
R,PREDICTION,PREDICTION,1
L,2,4684,PREDICTION,src/tracking/advanced_tracker.py:id_merge,
R,PREDICTION,PREDICTION,1
A,4684
S,1,4690,PREDICTION,src/tracking/advanced_tracker.py:kalman_homography,
S,2,4690,PREDICTION,src/tracking/advanced_tracker.py:kalman_homography,
S,0,4690,PREDICTION,src/tracking/advanced_tracker.py:flow_gapfill_batched,
L,0,4690,PREDICTION,src/tracking/advanced_tracker.py:flow_gapfill_batched,
R,PREDICTION,SUBPIXEL,0
L,1,4690,PREDICTION,src/tracking/advanced_tracker.py:kalman_homography,
R,CLAMP,CLAMP,0
L,2,4690,PREDICTION,src/tracking/advanced_tracker.py:kalman_homography,
R,PREDICTION,PREDICTION,1
A,4690
S,3,4696,DETECTION,src/tracking/advanced_tracker.py:_activate_slot,4696_104_1126_624_1294
S,2,4696,PREDICTION,src/tracking/advanced_tracker.py:kalman_homography,
S,1,4696,PREDICTION,src/tracking/advanced_tracker.py:flow_gapfill_batched,
D,1,4696
S,2,4696,PREDICTION,src/tracking/advanced_tracker.py:id_merge,
D,2,4696
S,3,4696,PREDICTION,src/tracking/advanced_tracker.py:id_merge,
L,3,4696,PREDICTION,src/tracking/advanced_tracker.py:id_merge,
R,PREDICTION,PREDICTION,1
A,4696
S,2,4702,PREDICTION,src/tracking/advanced_tracker.py:kalman_homography,
S,3,4702,PREDICTION,src/tracking/advanced_tracker.py:kalman_homography,
L,2,4702,PREDICTION,src/tracking/advanced_tracker.py:kalman_homography,
R,PREDICTION,PREDICTION,1
L,3,4702,PREDICTION,src/tracking/advanced_tracker.py:kalman_homography,
R,PREDICTION,PREDICTION,1
A,4702
S,2,4708,PREDICTION,src/tracking/advanced_tracker.py:kalman_homography,
S,3,4708,PREDICTION,src/tracking/advanced_tracker.py:kalman_homography,
S,0,4708,PREDICTION,src/tracking/advanced_tracker.py:flow_gapfill_batched,
S,1,4708,PREDICTION,src/tracking/advanced_tracker.py:flow_gapfill_batched,
D,1,4708
S,2,4708,PREDICTION,src/tracking/advanced_tracker.py:id_merge,
L,0,4708,PREDICTION,src/tracking/advanced_tracker.py:flow_gapfill_batched,
R,PREDICTION,PREDICTION,1
L,2,4708,PREDICTION,src/tracking/advanced_tracker.py:id_merge,
R,PREDICTION,PREDICTION,1
L,3,4708,PREDICTION,src/tracking/advanced_tracker.py:kalman_homography,
R,PREDICTION,SUBPIXEL,0
A,4708
S,2,4714,PREDICTION,src/tracking/advanced_tracker.py:kalman_homography,
S,3,4714,PREDICTION,src/tracking/advanced_tracker.py:kalman_homography,
S,0,4714,PREDICTION,src/tracking/advanced_tracker.py:flow_gapfill_batched,
S,1,4714,PREDICTION,src/tracking/advanced_tracker.py:flow_gapfill_batched,
D,1,4714
S,2,4714,PREDICTION,src/tracking/advanced_tracker.py:id_merge,
L,0,4714,PREDICTION,src/tracking/advanced_tracker.py:flow_gapfill_batched,
R,PREDICTION,PREDICTION,1
L,2,4714,PREDICTION,src/tracking/advanced_tracker.py:id_merge,
R,PREDICTION,PREDICTION,1
L,3,4714,PREDICTION,src/tracking/advanced_tracker.py:kalman_homography,
R,PREDICTION,SUBPIXEL,0
A,4714
S,4,4720,DETECTION,src/tracking/advanced_tracker.py:_activate_slot,4720_97_1207_546_1295
S,2,4720,PREDICTION,src/tracking/advanced_tracker.py:kalman_homography,
S,3,4720,PREDICTION,src/tracking/advanced_tracker.py:kalman_homography,
S,0,4720,PREDICTION,src/tracking/advanced_tracker.py:flow_gapfill_batched,
S,1,4720,PREDICTION,src/tracking/advanced_tracker.py:flow_gapfill_batched,
D,1,4720
S,2,4720,PREDICTION,src/tracking/advanced_tracker.py:id_merge,
D,2,4720
S,4,4720,PREDICTION,src/tracking/advanced_tracker.py:id_merge,
L,0,4720,PREDICTION,src/tracking/advanced_tracker.py:flow_gapfill_batched,
R,PREDICTION,SUBPIXEL,0
L,3,4720,PREDICTION,src/tracking/advanced_tracker.py:kalman_homography,
R,PREDICTION,SUBPIXEL,0
L,4,4720,PREDICTION,src/tracking/advanced_tracker.py:id_merge,
R,PREDICTION,PREDICTION,1
A,4720
S,2,4726,PREDICTION,src/tracking/advanced_tracker.py:kalman_homography,
S,3,4726,PREDICTION,src/tracking/advanced_tracker.py:kalman_homography,
S,4,4726,PREDICTION,src/tracking/advanced_tracker.py:kalman_homography,
D,2,4726
S,4,4726,PREDICTION,src/tracking/advanced_tracker.py:id_merge,
L,3,4726,PREDICTION,src/tracking/advanced_tracker.py:kalman_homography,
R,PREDICTION,SUBPIXEL,0
L,4,4726,PREDICTION,src/tracking/advanced_tracker.py:id_merge,
R,PREDICTION,PREDICTION,1
A,4726
S,3,4732,PREDICTION,src/tracking/advanced_tracker.py:kalman_homography,
S,4,4732,PREDICTION,src/tracking/advanced_tracker.py:kalman_homography,
S,2,4732,PREDICTION,src/tracking/advanced_tracker.py:flow_gapfill_batched,
D,2,4732
S,4,4732,PREDICTION,src/tracking/advanced_tracker.py:id_merge,
L,3,4732,PREDICTION,src/tracking/advanced_tracker.py:kalman_homography,
R,PREDICTION,SUBPIXEL,0
L,4,4732,PREDICTION,src/tracking/advanced_tracker.py:id_merge,
R,PREDICTION,SUBPIXEL,0
A,4732
S,3,4738,PREDICTION,src/tracking/advanced_tracker.py:kalman_homography,
S,4,4738,PREDICTION,src/tracking/advanced_tracker.py:kalman_homography,
L,3,4738,PREDICTION,src/tracking/advanced_tracker.py:kalman_homography,
R,PREDICTION,SUBPIXEL,0
L,4,4738,PREDICTION,src/tracking/advanced_tracker.py:kalman_homography,
R,PREDICTION,SUBPIXEL,0
A,4738
S,4,4744,PREDICTION,src/tracking/advanced_tracker.py:kalman_homography,
L,4,4744,PREDICTION,src/tracking/advanced_tracker.py:kalman_homography,
R,PREDICTION,SUBPIXEL,0
A,4744
S,4,4750,PREDICTION,src/tracking/advanced_tracker.py:kalman_homography,
L,4,4750,PREDICTION,src/tracking/advanced_tracker.py:kalman_homography,
R,PREDICTION,SUBPIXEL,0
A,4750
S,4,4756,PREDICTION,src/tracking/advanced_tracker.py:kalman_homography,
L,4,4756,PREDICTION,src/tracking/advanced_tracker.py:kalman_homography,
R,PREDICTION,SUBPIXEL,0
A,4756
S,4,4762,PREDICTION,src/tracking/advanced_tracker.py:kalman_homography,
L,4,4762,PREDICTION,src/tracking/advanced_tracker.py:kalman_homography,
R,PREDICTION,SUBPIXEL,0
A,4762
A,4768
A,4774
A,4780
A,4786
A,4792
A,4798
A,4804
A,4810
A,4816
A,4822
S,0,4828,DETECTION,src/tracking/advanced_tracker.py:_activate_slot,4828_176_764_549_1010
L,0,4828,DETECTION,src/tracking/advanced_tracker.py:_activate_slot,4828_176_764_549_1010
R,CLAMP,CLAMP,0
A,4828
S,1,4834,DETECTION,src/tracking/advanced_tracker.py:_activate_slot,4834_178_661_548_899
S,0,4834,PREDICTION,src/tracking/advanced_tracker.py:kalman_homography,
D,0,4834
S,1,4834,PREDICTION,src/tracking/advanced_tracker.py:id_merge,
L,1,4834,PREDICTION,src/tracking/advanced_tracker.py:id_merge,
R,PREDICTION,PREDICTION,1
A,4834
S,2,4840,DETECTION,src/tracking/advanced_tracker.py:_activate_slot,4840_171_570_547_801
S,3,4840,DETECTION,src/tracking/advanced_tracker.py:_activate_slot,4840_334_145_501_309
S,0,4840,PREDICTION,src/tracking/advanced_tracker.py:kalman_homography,
S,1,4840,PREDICTION,src/tracking/advanced_tracker.py:kalman_homography,
D,0,4840
S,1,4840,PREDICTION,src/tracking/advanced_tracker.py:id_merge,
D,1,4840
S,2,4840,PREDICTION,src/tracking/advanced_tracker.py:id_merge,
L,2,4840,PREDICTION,src/tracking/advanced_tracker.py:id_merge,
R,PREDICTION,PREDICTION,1
L,3,4840,DETECTION,src/tracking/advanced_tracker.py:_activate_slot,4840_334_145_501_309
R,CLAMP,CLAMP,0
A,4840
S,0,4846,PREDICTION,src/tracking/advanced_tracker.py:kalman_homography,
S,1,4846,PREDICTION,src/tracking/advanced_tracker.py:kalman_homography,
S,2,4846,PREDICTION,src/tracking/advanced_tracker.py:kalman_homography,
S,3,4846,PREDICTION,src/tracking/advanced_tracker.py:flow_gapfill_batched,
D,0,4846
S,1,4846,PREDICTION,src/tracking/advanced_tracker.py:id_merge,
L,1,4846,PREDICTION,src/tracking/advanced_tracker.py:id_merge,
R,PREDICTION,PREDICTION,1
L,2,4846,PREDICTION,src/tracking/advanced_tracker.py:kalman_homography,
R,PREDICTION,PREDICTION,1
L,3,4846,PREDICTION,src/tracking/advanced_tracker.py:flow_gapfill_batched,
R,CLAMP,CLAMP,0
A,4846
S,4,4852,DETECTION,src/tracking/advanced_tracker.py:_activate_slot,4852_165_445_550_670
S,3,4852,DETECTION,src/tracking/advanced_tracker.py:_activate_slot,4852_304_133_487_286
S,0,4852,PREDICTION,src/tracking/advanced_tracker.py:kalman_homography,
S,1,4852,PREDICTION,src/tracking/advanced_tracker.py:kalman_homography,
S,2,4852,PREDICTION,src/tracking/advanced_tracker.py:kalman_homography,
D,0,4852
S,1,4852,PREDICTION,src/tracking/advanced_tracker.py:id_merge,
L,1,4852,PREDICTION,src/tracking/advanced_tracker.py:id_merge,
R,PREDICTION,SUBPIXEL,0
L,2,4852,PREDICTION,src/tracking/advanced_tracker.py:kalman_homography,
R,PREDICTION,SUBPIXEL,0
L,3,4852,DETECTION,src/tracking/advanced_tracker.py:_activate_slot,4852_304_133_487_286
R,CLAMP,CLAMP,0
L,4,4852,DETECTION,src/tracking/advanced_tracker.py:_activate_slot,4852_165_445_550_670
R,CLAMP,CLAMP,0
A,4852
S,3,4858,DETECTION,src/tracking/advanced_tracker.py:_activate_slot,4858_297_81_486_240
S,0,4858,PREDICTION,src/tracking/advanced_tracker.py:kalman_homography,
S,1,4858,PREDICTION,src/tracking/advanced_tracker.py:kalman_homography,
S,2,4858,PREDICTION,src/tracking/advanced_tracker.py:kalman_homography,
D,0,4858
S,1,4858,PREDICTION,src/tracking/advanced_tracker.py:id_merge,
L,1,4858,PREDICTION,src/tracking/advanced_tracker.py:id_merge,
R,PREDICTION,SUBPIXEL,0
L,2,4858,PREDICTION,src/tracking/advanced_tracker.py:kalman_homography,
R,PREDICTION,SUBPIXEL,0
L,3,4858,DETECTION,src/tracking/advanced_tracker.py:_activate_slot,4858_297_81_486_240
R,CLAMP,CLAMP,0
A,4858
S,3,4864,DETECTION,src/tracking/advanced_tracker.py:_activate_slot,4864_295_45_484_211
S,0,4864,PREDICTION,src/tracking/advanced_tracker.py:kalman_homography,
S,1,4864,PREDICTION,src/tracking/advanced_tracker.py:kalman_homography,
S,2,4864,PREDICTION,src/tracking/advanced_tracker.py:kalman_homography,
S,4,4864,PREDICTION,src/tracking/advanced_tracker.py:flow_gapfill_batched,
D,0,4864
S,1,4864,PREDICTION,src/tracking/advanced_tracker.py:id_merge,
D,1,4864
S,4,4864,PREDICTION,src/tracking/advanced_tracker.py:id_merge,
L,2,4864,PREDICTION,src/tracking/advanced_tracker.py:kalman_homography,
R,PREDICTION,SUBPIXEL,0
L,3,4864,DETECTION,src/tracking/advanced_tracker.py:_activate_slot,4864_295_45_484_211
R,CLAMP,CLAMP,0
L,4,4864,PREDICTION,src/tracking/advanced_tracker.py:id_merge,
R,PREDICTION,PREDICTION,1
A,4864
S,0,4870,PREDICTION,src/tracking/advanced_tracker.py:kalman_homography,
S,1,4870,PREDICTION,src/tracking/advanced_tracker.py:kalman_homography,
S,2,4870,PREDICTION,src/tracking/advanced_tracker.py:kalman_homography,
S,4,4870,PREDICTION,src/tracking/advanced_tracker.py:flow_gapfill_batched,
D,0,4870
S,1,4870,PREDICTION,src/tracking/advanced_tracker.py:id_merge,
D,1,4870
S,4,4870,PREDICTION,src/tracking/advanced_tracker.py:id_merge,
L,2,4870,PREDICTION,src/tracking/advanced_tracker.py:kalman_homography,
R,PREDICTION,SUBPIXEL,0
L,4,4870,PREDICTION,src/tracking/advanced_tracker.py:id_merge,
R,PREDICTION,PREDICTION,1
A,4870
S,1,4876,PREDICTION,src/tracking/advanced_tracker.py:kalman_homography,
S,2,4876,PREDICTION,src/tracking/advanced_tracker.py:kalman_homography,
S,0,4876,PREDICTION,src/tracking/advanced_tracker.py:flow_gapfill_batched,
S,4,4876,PREDICTION,src/tracking/advanced_tracker.py:flow_gapfill_batched,
D,0,4876
S,1,4876,PREDICTION,src/tracking/advanced_tracker.py:id_merge,
D,1,4876
S,4,4876,PREDICTION,src/tracking/advanced_tracker.py:id_merge,
L,2,4876,PREDICTION,src/tracking/advanced_tracker.py:kalman_homography,
R,PREDICTION,SUBPIXEL,0
L,4,4876,PREDICTION,src/tracking/advanced_tracker.py:id_merge,
R,PREDICTION,PREDICTION,1
A,4876
S,2,4882,PREDICTION,src/tracking/advanced_tracker.py:kalman_homography,
S,1,4882,PREDICTION,src/tracking/advanced_tracker.py:flow_gapfill_batched,
S,3,4882,PREDICTION,src/tracking/advanced_tracker.py:flow_gapfill_batched,
S,4,4882,PREDICTION,src/tracking/advanced_tracker.py:flow_gapfill_batched,
D,1,4882
S,4,4882,PREDICTION,src/tracking/advanced_tracker.py:id_merge,
L,2,4882,PREDICTION,src/tracking/advanced_tracker.py:kalman_homography,
R,PREDICTION,SUBPIXEL,0
L,3,4882,PREDICTION,src/tracking/advanced_tracker.py:flow_gapfill_batched,
R,CLAMP,CLAMP,0
L,4,4882,PREDICTION,src/tracking/advanced_tracker.py:id_merge,
R,PREDICTION,PREDICTION,1
A,4882
S,2,4888,PREDICTION,src/tracking/advanced_tracker.py:flow_gapfill_batched,
S,4,4888,PREDICTION,src/tracking/advanced_tracker.py:flow_gapfill_batched,
D,2,4888
S,4,4888,PREDICTION,src/tracking/advanced_tracker.py:id_merge,
L,4,4888,PREDICTION,src/tracking/advanced_tracker.py:id_merge,
R,PREDICTION,PREDICTION,1
A,4888
S,3,4894,PREDICTION,src/tracking/advanced_tracker.py:flow_gapfill_batched,
S,4,4894,PREDICTION,src/tracking/advanced_tracker.py:flow_gapfill_batched,
L,3,4894,PREDICTION,src/tracking/advanced_tracker.py:flow_gapfill_batched,
R,CLAMP,CLAMP,0
L,4,4894,PREDICTION,src/tracking/advanced_tracker.py:flow_gapfill_batched,
R,PREDICTION,PREDICTION,1
A,4894
S,4,4900,PREDICTION,src/tracking/advanced_tracker.py:flow_gapfill_batched,
L,4,4900,PREDICTION,src/tracking/advanced_tracker.py:flow_gapfill_batched,
R,PREDICTION,PREDICTION,1
A,4900
S,1,4906,DETECTION,src/tracking/advanced_tracker.py:_activate_slot,4906_100_643_534_979
L,1,4906,DETECTION,src/tracking/advanced_tracker.py:_activate_slot,4906_100_643_534_979
R,DETECTION,DETECTION,1
A,4906
S,1,4912,PREDICTION,src/tracking/advanced_tracker.py:kalman_homography,
L,1,4912,PREDICTION,src/tracking/advanced_tracker.py:kalman_homography,
R,PREDICTION,PREDICTION,1
A,4912
S,0,4918,DETECTION,src/tracking/advanced_tracker.py:_activate_slot,4918_63_539_541_913
S,1,4918,PREDICTION,src/tracking/advanced_tracker.py:kalman_homography,
D,1,4918
S,0,4918,PREDICTION,src/tracking/advanced_tracker.py:id_merge,
L,0,4918,PREDICTION,src/tracking/advanced_tracker.py:id_merge,
R,CLAMP,CLAMP,0
A,4918
S,0,4924,DETECTION,src/tracking/advanced_tracker.py:_activate_slot,4924_44_508_549_885
S,1,4924,PREDICTION,src/tracking/advanced_tracker.py:kalman_homography,
D,1,4924
S,0,4924,PREDICTION,src/tracking/advanced_tracker.py:id_merge,
L,0,4924,PREDICTION,src/tracking/advanced_tracker.py:id_merge,
R,CLAMP,CLAMP,0
A,4924
S,2,4930,DETECTION,src/tracking/advanced_tracker.py:_activate_slot,4930_64_682_546_902
S,0,4930,PREDICTION,src/tracking/advanced_tracker.py:kalman_homography,
S,1,4930,PREDICTION,src/tracking/advanced_tracker.py:kalman_homography,
D,1,4930
S,2,4930,PREDICTION,src/tracking/advanced_tracker.py:id_merge,
L,0,4930,PREDICTION,src/tracking/advanced_tracker.py:kalman_homography,
R,CLAMP,CLAMP,0
L,2,4930,PREDICTION,src/tracking/advanced_tracker.py:id_merge,
R,PREDICTION,PREDICTION,1
A,4930
S,0,4936,PREDICTION,src/tracking/advanced_tracker.py:kalman_homography,
S,1,4936,PREDICTION,src/tracking/advanced_tracker.py:kalman_homography,
S,2,4936,PREDICTION,src/tracking/advanced_tracker.py:kalman_homography,
D,0,4936
S,2,4936,PREDICTION,src/tracking/advanced_tracker.py:id_merge,
D,1,4936
S,2,4936,PREDICTION,src/tracking/advanced_tracker.py:id_merge,
L,2,4936,PREDICTION,src/tracking/advanced_tracker.py:id_merge,
R,PREDICTION,PREDICTION,1
A,4936
S,0,4942,PREDICTION,src/tracking/advanced_tracker.py:kalman_homography,
S,1,4942,PREDICTION,src/tracking/advanced_tracker.py:kalman_homography,
S,2,4942,PREDICTION,src/tracking/advanced_tracker.py:kalman_homography,
D,0,4942
S,2,4942,PREDICTION,src/tracking/advanced_tracker.py:id_merge,
D,1,4942
S,2,4942,PREDICTION,src/tracking/advanced_tracker.py:id_merge,
L,2,4942,PREDICTION,src/tracking/advanced_tracker.py:id_merge,
R,PREDICTION,SUBPIXEL,0
A,4942
S,4,4948,DETECTION,src/tracking/advanced_tracker.py:_activate_slot,4948_48_389_553_762
S,0,4948,PREDICTION,src/tracking/advanced_tracker.py:kalman_homography,
S,1,4948,PREDICTION,src/tracking/advanced_tracker.py:kalman_homography,
S,2,4948,PREDICTION,src/tracking/advanced_tracker.py:kalman_homography,
D,0,4948
S,2,4948,PREDICTION,src/tracking/advanced_tracker.py:id_merge,
D,1,4948
S,2,4948,PREDICTION,src/tracking/advanced_tracker.py:id_merge,
L,2,4948,PREDICTION,src/tracking/advanced_tracker.py:id_merge,
R,PREDICTION,SUBPIXEL,0
L,4,4948,DETECTION,src/tracking/advanced_tracker.py:_activate_slot,4948_48_389_553_762
R,CLAMP,CLAMP,0
A,4948
S,3,4954,DETECTION,src/tracking/advanced_tracker.py:_activate_slot,4954_36_1099_557_1293
S,0,4954,PREDICTION,src/tracking/advanced_tracker.py:kalman_homography,
S,2,4954,PREDICTION,src/tracking/advanced_tracker.py:kalman_homography,
S,4,4954,PREDICTION,src/tracking/advanced_tracker.py:flow_gapfill_batched,
D,0,4954
S,2,4954,PREDICTION,src/tracking/advanced_tracker.py:id_merge,
D,2,4954
S,3,4954,PREDICTION,src/tracking/advanced_tracker.py:id_merge,
L,3,4954,PREDICTION,src/tracking/advanced_tracker.py:id_merge,
R,CLAMP,CLAMP,0
L,4,4954,PREDICTION,src/tracking/advanced_tracker.py:flow_gapfill_batched,
R,CLAMP,CLAMP,0
A,4954
S,3,4960,DETECTION,src/tracking/advanced_tracker.py:_activate_slot,4960_32_1082_589_1272
S,0,4960,PREDICTION,src/tracking/advanced_tracker.py:kalman_homography,
S,2,4960,PREDICTION,src/tracking/advanced_tracker.py:kalman_homography,
S,4,4960,PREDICTION,src/tracking/advanced_tracker.py:flow_gapfill_batched,
D,0,4960
S,2,4960,PREDICTION,src/tracking/advanced_tracker.py:id_merge,
D,2,4960
S,3,4960,PREDICTION,src/tracking/advanced_tracker.py:id_merge,
D,4,4960
S,3,4960,PREDICTION,src/tracking/advanced_tracker.py:id_merge,
L,3,4960,PREDICTION,src/tracking/advanced_tracker.py:id_merge,
R,CLAMP,CLAMP,0
A,4960
S,4,4966,DETECTION,src/tracking/advanced_tracker.py:_activate_slot,4966_81_451_550_763
S,0,4966,PREDICTION,src/tracking/advanced_tracker.py:kalman_homography,
S,2,4966,PREDICTION,src/tracking/advanced_tracker.py:kalman_homography,
S,3,4966,PREDICTION,src/tracking/advanced_tracker.py:kalman_homography,
D,0,4966
S,2,4966,PREDICTION,src/tracking/advanced_tracker.py:id_merge,
D,2,4966
S,3,4966,PREDICTION,src/tracking/advanced_tracker.py:id_merge,
L,3,4966,PREDICTION,src/tracking/advanced_tracker.py:id_merge,
R,CLAMP,CLAMP,0
L,4,4966,DETECTION,src/tracking/advanced_tracker.py:_activate_slot,4966_81_451_550_763
R,DETECTION,DETECTION,1
A,4966
S,2,4972,PREDICTION,src/tracking/advanced_tracker.py:kalman_homography,
S,3,4972,PREDICTION,src/tracking/advanced_tracker.py:kalman_homography,
S,0,4972,PREDICTION,src/tracking/advanced_tracker.py:flow_gapfill_batched,
S,4,4972,PREDICTION,src/tracking/advanced_tracker.py:flow_gapfill_batched,
D,0,4972
S,2,4972,PREDICTION,src/tracking/advanced_tracker.py:id_merge,
D,2,4972
S,3,4972,PREDICTION,src/tracking/advanced_tracker.py:id_merge,
D,3,4972
S,4,4972,PREDICTION,src/tracking/advanced_tracker.py:id_merge,
L,4,4972,PREDICTION,src/tracking/advanced_tracker.py:id_merge,
R,PREDICTION,PREDICTION,1
A,4972
S,3,4978,PREDICTION,src/tracking/advanced_tracker.py:kalman_homography,
S,2,4978,PREDICTION,src/tracking/advanced_tracker.py:flow_gapfill_batched,
S,4,4978,PREDICTION,src/tracking/advanced_tracker.py:flow_gapfill_batched,
D,2,4978
S,4,4978,PREDICTION,src/tracking/advanced_tracker.py:id_merge,
L,3,4978,PREDICTION,src/tracking/advanced_tracker.py:kalman_homography,
R,PREDICTION,PREDICTION,1
L,4,4978,PREDICTION,src/tracking/advanced_tracker.py:id_merge,
R,PREDICTION,SUBPIXEL,0
A,4978
S,3,4984,PREDICTION,src/tracking/advanced_tracker.py:kalman_homography,
S,4,4984,PREDICTION,src/tracking/advanced_tracker.py:flow_gapfill_batched,
L,3,4984,PREDICTION,src/tracking/advanced_tracker.py:kalman_homography,
R,PREDICTION,PREDICTION,1
L,4,4984,PREDICTION,src/tracking/advanced_tracker.py:flow_gapfill_batched,
R,PREDICTION,PREDICTION,1
A,4984
S,4,4990,PREDICTION,src/tracking/advanced_tracker.py:flow_gapfill_batched,
L,4,4990,PREDICTION,src/tracking/advanced_tracker.py:flow_gapfill_batched,
R,PREDICTION,PREDICTION,1
A,4990
S,1,4996,DETECTION,src/tracking/advanced_tracker.py:_activate_slot,4996_131_605_512_840
S,3,4996,PREDICTION,src/tracking/advanced_tracker.py:flow_gapfill_batched,
S,4,4996,PREDICTION,src/tracking/advanced_tracker.py:flow_gapfill_batched,
D,3,4996
S,1,4996,PREDICTION,src/tracking/advanced_tracker.py:id_merge,
D,4,4996
S,1,4996,PREDICTION,src/tracking/advanced_tracker.py:id_merge,
L,1,4996,PREDICTION,src/tracking/advanced_tracker.py:id_merge,
R,PREDICTION,PREDICTION,1
A,4996
S,1,5002,DETECTION,src/tracking/advanced_tracker.py:_activate_slot,5002_132_620_512_852
S,3,5002,PREDICTION,src/tracking/advanced_tracker.py:flow_gapfill_batched,
S,4,5002,PREDICTION,src/tracking/advanced_tracker.py:flow_gapfill_batched,
D,4,5002
S,1,5002,PREDICTION,src/tracking/advanced_tracker.py:id_merge,
L,1,5002,PREDICTION,src/tracking/advanced_tracker.py:id_merge,
R,PREDICTION,PREDICTION,1
L,3,5002,PREDICTION,src/tracking/advanced_tracker.py:flow_gapfill_batched,
R,PREDICTION,PREDICTION,1
A,5002
S,1,5008,PREDICTION,src/tracking/advanced_tracker.py:kalman_homography,
S,4,5008,PREDICTION,src/tracking/advanced_tracker.py:flow_gapfill_batched,
D,4,5008
S,1,5008,PREDICTION,src/tracking/advanced_tracker.py:id_merge,
L,1,5008,PREDICTION,src/tracking/advanced_tracker.py:id_merge,
R,PREDICTION,PREDICTION,1
A,5008
S,1,5014,PREDICTION,src/tracking/advanced_tracker.py:kalman_homography,
L,1,5014,PREDICTION,src/tracking/advanced_tracker.py:kalman_homography,
R,PREDICTION,PREDICTION,1
A,5014
S,1,5020,PREDICTION,src/tracking/advanced_tracker.py:flow_gapfill_render,
L,1,5020,PREDICTION,src/tracking/advanced_tracker.py:flow_gapfill_render,
R,PREDICTION,PREDICTION,1
A,5020
A,5026
A,5032
A,5038
A,5044
A,5050
S,0,5056,DETECTION,src/tracking/advanced_tracker.py:_activate_slot,5056_407_1094_542_1222
S,2,5056,DETECTION,src/tracking/advanced_tracker.py:_activate_slot,5056_432_1185_556_1295
S,3,5056,DETECTION,src/tracking/advanced_tracker.py:_activate_slot,5056_414_998_538_1129
D,0,5056
S,2,5056,PREDICTION,src/tracking/advanced_tracker.py:id_merge,
D,2,5056
S,3,5056,PREDICTION,src/tracking/advanced_tracker.py:id_merge,
L,3,5056,PREDICTION,src/tracking/advanced_tracker.py:id_merge,
R,PREDICTION,PREDICTION,1
A,5056
S,0,5062,DETECTION,src/tracking/advanced_tracker.py:_activate_slot,5062_407_1094_542_1222
S,2,5062,DETECTION,src/tracking/advanced_tracker.py:_activate_slot,5062_432_1185_556_1295
S,3,5062,DETECTION,src/tracking/advanced_tracker.py:_activate_slot,5062_414_998_538_1129
D,0,5062
S,2,5062,PREDICTION,src/tracking/advanced_tracker.py:id_merge,
D,2,5062
S,3,5062,PREDICTION,src/tracking/advanced_tracker.py:id_merge,
L,3,5062,PREDICTION,src/tracking/advanced_tracker.py:id_merge,
R,PREDICTION,SUBPIXEL,0
A,5062
S,0,5068,DETECTION,src/tracking/advanced_tracker.py:_activate_slot,5068_407_1095_544_1225
S,2,5068,DETECTION,src/tracking/advanced_tracker.py:_activate_slot,5068_432_1184_557_1294
S,3,5068,DETECTION,src/tracking/advanced_tracker.py:_activate_slot,5068_416_1004_539_1130
D,0,5068
S,2,5068,PREDICTION,src/tracking/advanced_tracker.py:id_merge,
D,2,5068
S,3,5068,PREDICTION,src/tracking/advanced_tracker.py:id_merge,
L,3,5068,PREDICTION,src/tracking/advanced_tracker.py:id_merge,
R,PREDICTION,PREDICTION,1
A,5068
S,0,5074,DETECTION,src/tracking/advanced_tracker.py:_activate_slot,5074_407_1095_544_1225
S,2,5074,DETECTION,src/tracking/advanced_tracker.py:_activate_slot,5074_433_1185_557_1295
S,3,5074,DETECTION,src/tracking/advanced_tracker.py:_activate_slot,5074_416_1005_539_1131
D,0,5074
S,2,5074,PREDICTION,src/tracking/advanced_tracker.py:id_merge,
D,2,5074
S,3,5074,PREDICTION,src/tracking/advanced_tracker.py:id_merge,
L,3,5074,PREDICTION,src/tracking/advanced_tracker.py:id_merge,
R,PREDICTION,SUBPIXEL,0
A,5074
S,0,5080,DETECTION,src/tracking/advanced_tracker.py:_activate_slot,5080_407_1095_542_1225
S,2,5080,DETECTION,src/tracking/advanced_tracker.py:_activate_slot,5080_432_1184_557_1294
S,3,5080,DETECTION,src/tracking/advanced_tracker.py:_activate_slot,5080_416_1001_540_1131
D,0,5080
S,2,5080,PREDICTION,src/tracking/advanced_tracker.py:id_merge,
D,2,5080
S,3,5080,PREDICTION,src/tracking/advanced_tracker.py:id_merge,
L,3,5080,PREDICTION,src/tracking/advanced_tracker.py:id_merge,
R,PREDICTION,SUBPIXEL,0
A,5080
S,0,5086,DETECTION,src/tracking/advanced_tracker.py:_activate_slot,5086_406_1093_540_1223
S,2,5086,DETECTION,src/tracking/advanced_tracker.py:_activate_slot,5086_431_1182_554_1294
S,3,5086,DETECTION,src/tracking/advanced_tracker.py:_activate_slot,5086_415_995_536_1129
D,0,5086
S,2,5086,PREDICTION,src/tracking/advanced_tracker.py:id_merge,
D,2,5086
S,3,5086,PREDICTION,src/tracking/advanced_tracker.py:id_merge,
L,3,5086,PREDICTION,src/tracking/advanced_tracker.py:id_merge,
R,PREDICTION,PREDICTION,1
A,5086
S,0,5092,DETECTION,src/tracking/advanced_tracker.py:_activate_slot,5092_404_1089_535_1221
S,2,5092,DETECTION,src/tracking/advanced_tracker.py:_activate_slot,5092_426_1181_552_1295
S,3,5092,DETECTION,src/tracking/advanced_tracker.py:_activate_slot,5092_412_999_530_1127
D,0,5092
S,2,5092,PREDICTION,src/tracking/advanced_tracker.py:id_merge,
D,2,5092
S,3,5092,PREDICTION,src/tracking/advanced_tracker.py:id_merge,
L,3,5092,PREDICTION,src/tracking/advanced_tracker.py:id_merge,
R,PREDICTION,PREDICTION,1
A,5092
S,0,5098,DETECTION,src/tracking/advanced_tracker.py:_activate_slot,5098_402_1085_533_1219
S,2,5098,DETECTION,src/tracking/advanced_tracker.py:_activate_slot,5098_422_1179_548_1293
S,3,5098,DETECTION,src/tracking/advanced_tracker.py:_activate_slot,5098_412_1003_529_1125
D,0,5098
S,2,5098,PREDICTION,src/tracking/advanced_tracker.py:id_merge,
D,2,5098
S,3,5098,PREDICTION,src/tracking/advanced_tracker.py:id_merge,
L,3,5098,PREDICTION,src/tracking/advanced_tracker.py:id_merge,
R,PREDICTION,SUBPIXEL,0
A,5098
S,0,5104,DETECTION,src/tracking/advanced_tracker.py:_activate_slot,5104_397_1086_532_1216
S,2,5104,DETECTION,src/tracking/advanced_tracker.py:_activate_slot,5104_420_1177_547_1295
S,3,5104,DETECTION,src/tracking/advanced_tracker.py:_activate_slot,5104_410_988_527_1124
D,0,5104
S,2,5104,PREDICTION,src/tracking/advanced_tracker.py:id_merge,
D,2,5104
S,3,5104,PREDICTION,src/tracking/advanced_tracker.py:id_merge,
L,3,5104,PREDICTION,src/tracking/advanced_tracker.py:id_merge,
R,PREDICTION,PREDICTION,1
A,5104
S,2,5110,DETECTION,src/tracking/advanced_tracker.py:_activate_slot,5110_414_1175_538_1293
S,0,5110,PREDICTION,src/tracking/advanced_tracker.py:kalman_homography,
S,3,5110,PREDICTION,src/tracking/advanced_tracker.py:kalman_homography,
D,0,5110
S,2,5110,PREDICTION,src/tracking/advanced_tracker.py:id_merge,
D,3,5110
S,2,5110,PREDICTION,src/tracking/advanced_tracker.py:id_merge,
L,2,5110,PREDICTION,src/tracking/advanced_tracker.py:id_merge,
R,PREDICTION,PREDICTION,1
A,5110
S,2,5116,DETECTION,src/tracking/advanced_tracker.py:_activate_slot,5116_410_1171_536_1293
S,0,5116,PREDICTION,src/tracking/advanced_tracker.py:kalman_homography,
S,3,5116,PREDICTION,src/tracking/advanced_tracker.py:kalman_homography,
D,0,5116
S,2,5116,PREDICTION,src/tracking/advanced_tracker.py:id_merge,
D,3,5116
S,2,5116,PREDICTION,src/tracking/advanced_tracker.py:id_merge,
L,2,5116,PREDICTION,src/tracking/advanced_tracker.py:id_merge,
R,PREDICTION,PREDICTION,1
A,5116
S,0,5122,PREDICTION,src/tracking/advanced_tracker.py:kalman_homography,
S,2,5122,PREDICTION,src/tracking/advanced_tracker.py:kalman_homography,
S,3,5122,PREDICTION,src/tracking/advanced_tracker.py:kalman_homography,
D,0,5122
S,2,5122,PREDICTION,src/tracking/advanced_tracker.py:id_merge,
D,3,5122
S,2,5122,PREDICTION,src/tracking/advanced_tracker.py:id_merge,
L,2,5122,PREDICTION,src/tracking/advanced_tracker.py:id_merge,
R,PREDICTION,PREDICTION,1
A,5122
S,0,5128,PREDICTION,src/tracking/advanced_tracker.py:kalman_homography,
S,2,5128,PREDICTION,src/tracking/advanced_tracker.py:kalman_homography,
S,3,5128,PREDICTION,src/tracking/advanced_tracker.py:kalman_homography,
D,0,5128
S,2,5128,PREDICTION,src/tracking/advanced_tracker.py:id_merge,
D,3,5128
S,2,5128,PREDICTION,src/tracking/advanced_tracker.py:id_merge,
L,2,5128,PREDICTION,src/tracking/advanced_tracker.py:id_merge,
R,PREDICTION,PREDICTION,1
A,5128
S,0,5134,PREDICTION,src/tracking/advanced_tracker.py:kalman_homography,
S,2,5134,PREDICTION,src/tracking/advanced_tracker.py:kalman_homography,
S,3,5134,PREDICTION,src/tracking/advanced_tracker.py:kalman_homography,
D,0,5134
S,2,5134,PREDICTION,src/tracking/advanced_tracker.py:id_merge,
D,3,5134
S,2,5134,PREDICTION,src/tracking/advanced_tracker.py:id_merge,
L,2,5134,PREDICTION,src/tracking/advanced_tracker.py:id_merge,
R,PREDICTION,PREDICTION,1
A,5134
S,0,5140,PREDICTION,src/tracking/advanced_tracker.py:kalman_homography,
S,3,5140,PREDICTION,src/tracking/advanced_tracker.py:kalman_homography,
D,0,5140
S,3,5140,PREDICTION,src/tracking/advanced_tracker.py:id_merge,
L,3,5140,PREDICTION,src/tracking/advanced_tracker.py:id_merge,
R,PREDICTION,PREDICTION,1
A,5140
S,3,5146,PREDICTION,src/tracking/advanced_tracker.py:kalman_homography,
L,3,5146,PREDICTION,src/tracking/advanced_tracker.py:kalman_homography,
R,PREDICTION,SUBPIXEL,0
A,5146
A,5152
A,5158
A,5164
A,5170
A,5176
A,5182
A,5188
A,5194
A,5200
A,5206
A,5212
A,5218
A,5224
A,5230
S,0,5236,DETECTION,src/tracking/advanced_tracker.py:_activate_slot,5236_420_1177_546_1295
S,1,5236,DETECTION,src/tracking/advanced_tracker.py:_activate_slot,5236_397_1086_532_1218
S,2,5236,DETECTION,src/tracking/advanced_tracker.py:_activate_slot,5236_409_988_527_1124
D,0,5236
S,1,5236,PREDICTION,src/tracking/advanced_tracker.py:id_merge,
D,1,5236
S,2,5236,PREDICTION,src/tracking/advanced_tracker.py:id_merge,
L,2,5236,PREDICTION,src/tracking/advanced_tracker.py:id_merge,
R,PREDICTION,PREDICTION,1
A,5236
