S,0,930,DETECTION,src/tracking/advanced_tracker.py:_activate_slot,930_270_851_538_971
L,0,930,DETECTION,src/tracking/advanced_tracker.py:_activate_slot,930_270_851_538_971
R,DETECTION,DETECTION,1
A,930
S,0,936,DETECTION,src/tracking/advanced_tracker.py:_activate_slot,936_270_851_539_970
L,0,936,DETECTION,src/tracking/advanced_tracker.py:_activate_slot,936_270_851_539_970
R,DETECTION,DETECTION,1
A,936
S,5,942,DETECTION,src/tracking/advanced_tracker.py:_activate_slot,942_270_851_539_969
S,0,942,PREDICTION,src/tracking/advanced_tracker.py:kalman_homography,
L,0,942,PREDICTION,src/tracking/advanced_tracker.py:kalman_homography,
R,PREDICTION,PREDICTION,1
L,5,942,DETECTION,src/tracking/advanced_tracker.py:_activate_slot,942_270_851_539_969
R,DETECTION,DETECTION,1
A,942
S,5,948,DETECTION,src/tracking/advanced_tracker.py:_activate_slot,948_270_850_539_968
S,0,948,PREDICTION,src/tracking/advanced_tracker.py:kalman_homography,
L,0,948,PREDICTION,src/tracking/advanced_tracker.py:kalman_homography,
R,PREDICTION,SUBPIXEL,0
L,5,948,DETECTION,src/tracking/advanced_tracker.py:_activate_slot,948_270_850_539_968
R,DETECTION,DETECTION,1
A,948
S,0,954,DETECTION,src/tracking/advanced_tracker.py:_activate_slot,954_270_850_539_968
S,5,954,PREDICTION,src/tracking/advanced_tracker.py:kalman_homography,
L,0,954,DETECTION,src/tracking/advanced_tracker.py:_activate_slot,954_270_850_539_968
R,DETECTION,DETECTION,1
L,5,954,PREDICTION,src/tracking/advanced_tracker.py:kalman_homography,
R,CLAMP,CLAMP,0
A,954
S,0,960,DETECTION,src/tracking/advanced_tracker.py:_activate_slot,960_270_850_539_970
S,5,960,PREDICTION,src/tracking/advanced_tracker.py:kalman_homography,
L,0,960,DETECTION,src/tracking/advanced_tracker.py:_activate_slot,960_270_850_539_970
R,DETECTION,DETECTION,1
L,5,960,PREDICTION,src/tracking/advanced_tracker.py:kalman_homography,
R,CLAMP,CLAMP,0
A,960
S,0,966,DETECTION,src/tracking/advanced_tracker.py:_activate_slot,966_270_850_540_970
S,5,966,PREDICTION,src/tracking/advanced_tracker.py:kalman_homography,
L,0,966,DETECTION,src/tracking/advanced_tracker.py:_activate_slot,966_270_850_540_970
R,DETECTION,DETECTION,1
L,5,966,PREDICTION,src/tracking/advanced_tracker.py:kalman_homography,
R,CLAMP,CLAMP,0
A,966
S,0,972,DETECTION,src/tracking/advanced_tracker.py:_activate_slot,972_270_850_541_968
S,5,972,PREDICTION,src/tracking/advanced_tracker.py:kalman_homography,
L,0,972,DETECTION,src/tracking/advanced_tracker.py:_activate_slot,972_270_850_541_968
R,DETECTION,DETECTION,1
L,5,972,PREDICTION,src/tracking/advanced_tracker.py:kalman_homography,
R,CLAMP,CLAMP,0
A,972
S,0,978,DETECTION,src/tracking/advanced_tracker.py:_activate_slot,978_271_850_543_967
S,5,978,PREDICTION,src/tracking/advanced_tracker.py:kalman_homography,
L,0,978,DETECTION,src/tracking/advanced_tracker.py:_activate_slot,978_271_850_543_967
R,DETECTION,DETECTION,1
L,5,978,PREDICTION,src/tracking/advanced_tracker.py:kalman_homography,
R,CLAMP,CLAMP,0
A,978
S,0,984,DETECTION,src/tracking/advanced_tracker.py:_activate_slot,984_271_851_543_967
S,5,984,PREDICTION,src/tracking/advanced_tracker.py:kalman_homography,
L,0,984,DETECTION,src/tracking/advanced_tracker.py:_activate_slot,984_271_851_543_967
R,DETECTION,DETECTION,1
L,5,984,PREDICTION,src/tracking/advanced_tracker.py:kalman_homography,
R,CLAMP,CLAMP,0
A,984
S,0,990,DETECTION,src/tracking/advanced_tracker.py:_activate_slot,990_271_851_543_967
S,5,990,PREDICTION,src/tracking/advanced_tracker.py:kalman_homography,
L,0,990,DETECTION,src/tracking/advanced_tracker.py:_activate_slot,990_271_851_543_967
R,DETECTION,SUBPIXEL,0
L,5,990,PREDICTION,src/tracking/advanced_tracker.py:kalman_homography,
R,CLAMP,CLAMP,0
A,990
S,0,996,DETECTION,src/tracking/advanced_tracker.py:_activate_slot,996_271_851_543_967
S,5,996,PREDICTION,src/tracking/advanced_tracker.py:flow_gapfill_batched,
L,0,996,DETECTION,src/tracking/advanced_tracker.py:_activate_slot,996_271_851_543_967
R,DETECTION,SUBPIXEL,0
L,5,996,PREDICTION,src/tracking/advanced_tracker.py:flow_gapfill_batched,
R,PREDICTION,PREDICTION,1
A,996
S,0,1002,DETECTION,src/tracking/advanced_tracker.py:_activate_slot,1002_270_851_542_967
L,0,1002,DETECTION,src/tracking/advanced_tracker.py:_activate_slot,1002_270_851_542_967
R,DETECTION,DETECTION,1
A,1002
S,0,1008,DETECTION,src/tracking/advanced_tracker.py:_activate_slot,1008_270_852_540_968
L,0,1008,DETECTION,src/tracking/advanced_tracker.py:_activate_slot,1008_270_852_540_968
R,DETECTION,DETECTION,1
A,1008
S,0,1014,DETECTION,src/tracking/advanced_tracker.py:_activate_slot,1014_270_852_539_967
L,0,1014,DETECTION,src/tracking/advanced_tracker.py:_activate_slot,1014_270_852_539_967
R,DETECTION,DETECTION,1
A,1014
S,0,1020,DETECTION,src/tracking/advanced_tracker.py:_activate_slot,1020_271_852_539_968
L,0,1020,DETECTION,src/tracking/advanced_tracker.py:_activate_slot,1020_271_852_539_968
R,DETECTION,DETECTION,1
A,1020
S,0,1026,DETECTION,src/tracking/advanced_tracker.py:_activate_slot,1026_271_849_533_968
L,0,1026,DETECTION,src/tracking/advanced_tracker.py:_activate_slot,1026_271_849_533_968
R,DETECTION,DETECTION,1
A,1026
S,0,1032,DETECTION,src/tracking/advanced_tracker.py:_activate_slot,1032_275_824_541_970
L,0,1032,DETECTION,src/tracking/advanced_tracker.py:_activate_slot,1032_275_824_541_970
R,CLAMP,CLAMP,0
A,1032
S,0,1038,PREDICTION,src/tracking/advanced_tracker.py:kalman_homography,
L,0,1038,PREDICTION,src/tracking/advanced_tracker.py:kalman_homography,
R,CLAMP,CLAMP,0
A,1038
S,0,1044,PREDICTION,src/tracking/advanced_tracker.py:flow_gapfill_batched,
L,0,1044,PREDICTION,src/tracking/advanced_tracker.py:flow_gapfill_batched,
R,CLAMP,CLAMP,0
A,1044
A,1050
S,0,1056,PREDICTION,src/tracking/advanced_tracker.py:flow_gapfill_batched,
L,0,1056,PREDICTION,src/tracking/advanced_tracker.py:flow_gapfill_batched,
R,CLAMP,CLAMP,0
A,1056
S,0,1062,PREDICTION,src/tracking/advanced_tracker.py:flow_gapfill_batched,
L,0,1062,PREDICTION,src/tracking/advanced_tracker.py:flow_gapfill_batched,
R,CLAMP,CLAMP,0
A,1062
S,0,1068,PREDICTION,src/tracking/advanced_tracker.py:flow_gapfill_batched,
L,0,1068,PREDICTION,src/tracking/advanced_tracker.py:flow_gapfill_batched,
R,CLAMP,CLAMP,0
A,1068
S,0,1074,PREDICTION,src/tracking/advanced_tracker.py:flow_gapfill_batched,
L,0,1074,PREDICTION,src/tracking/advanced_tracker.py:flow_gapfill_batched,
R,CLAMP,CLAMP,0
A,1074
S,0,1080,PREDICTION,src/tracking/advanced_tracker.py:flow_gapfill_batched,
L,0,1080,PREDICTION,src/tracking/advanced_tracker.py:flow_gapfill_batched,
R,CLAMP,CLAMP,0
A,1080
A,1086
A,1092
S,5,1098,DETECTION,src/tracking/advanced_tracker.py:_activate_slot,1098_-12_742_154_830
L,5,1098,DETECTION,src/tracking/advanced_tracker.py:_activate_slot,1098_-12_742_154_830
R,CLAMP,CLAMP,0
A,1098
S,5,1104,PREDICTION,src/tracking/advanced_tracker.py:kalman_homography,
L,5,1104,PREDICTION,src/tracking/advanced_tracker.py:kalman_homography,
R,CLAMP,CLAMP,0
A,1104
S,1,1110,DETECTION,src/tracking/advanced_tracker.py:_activate_slot,1110_143_456_368_580
S,2,1110,DETECTION,src/tracking/advanced_tracker.py:_activate_slot,1110_225_678_485_802
S,3,1110,DETECTION,src/tracking/advanced_tracker.py:_activate_slot,1110_137_546_291_728
S,4,1110,DETECTION,src/tracking/advanced_tracker.py:_activate_slot,1110_246_610_540_772
S,6,1110,DETECTION,src/tracking/advanced_tracker.py:_activate_slot,1110_-11_882_269_999
S,7,1110,DETECTION,src/tracking/advanced_tracker.py:_activate_slot,1110_159_1229_464_1295
S,10,1110,DETECTION,src/tracking/advanced_tracker.py:_activate_slot,1110_-2_334_211_426
S,5,1110,PREDICTION,src/tracking/advanced_tracker.py:kalman_homography,
D,2,1110
S,4,1110,PREDICTION,src/tracking/advanced_tracker.py:id_merge,
L,1,1110,DETECTION,src/tracking/advanced_tracker.py:_activate_slot,1110_143_456_368_580
R,DETECTION,DETECTION,1
L,3,1110,DETECTION,src/tracking/advanced_tracker.py:_activate_slot,1110_137_546_291_728
R,DETECTION,DETECTION,1
L,4,1110,PREDICTION,src/tracking/advanced_tracker.py:id_merge,
R,PREDICTION,PREDICTION,1
L,5,1110,PREDICTION,src/tracking/advanced_tracker.py:kalman_homography,
R,CLAMP,CLAMP,0
L,6,1110,DETECTION,src/tracking/advanced_tracker.py:_activate_slot,1110_-11_882_269_999
R,DETECTION,DETECTION,1
L,7,1110,DETECTION,src/tracking/advanced_tracker.py:_activate_slot,1110_159_1229_464_1295
R,DETECTION,DETECTION,1
A,1110
S,6,1116,DETECTION,src/tracking/advanced_tracker.py:_activate_slot,1116_-10_882_270_1000
S,7,1116,DETECTION,src/tracking/advanced_tracker.py:_activate_slot,1116_159_1229_464_1295
S,10,1116,DETECTION,src/tracking/advanced_tracker.py:_activate_slot,1116_-1_334_212_425
S,8,1116,DETECTION,src/tracking/advanced_tracker.py:_activate_slot,1116_161_1153_320_1291
S,1,1116,PREDICTION,src/tracking/advanced_tracker.py:kalman_homography,
S,2,1116,PREDICTION,src/tracking/advanced_tracker.py:kalman_homography,
S,3,1116,PREDICTION,src/tracking/advanced_tracker.py:kalman_homography,
S,4,1116,PREDICTION,src/tracking/advanced_tracker.py:kalman_homography,
S,5,1116,PREDICTION,src/tracking/advanced_tracker.py:kalman_homography,
D,2,1116
S,4,1116,PREDICTION,src/tracking/advanced_tracker.py:id_merge,
L,1,1116,PREDICTION,src/tracking/advanced_tracker.py:kalman_homography,
R,PREDICTION,PREDICTION,1
L,3,1116,PREDICTION,src/tracking/advanced_tracker.py:kalman_homography,
R,PREDICTION,PREDICTION,1
L,4,1116,PREDICTION,src/tracking/advanced_tracker.py:id_merge,
R,PREDICTION,PREDICTION,1
L,5,1116,PREDICTION,src/tracking/advanced_tracker.py:kalman_homography,
R,CLAMP,CLAMP,0
L,6,1116,DETECTION,src/tracking/advanced_tracker.py:_activate_slot,1116_-10_882_270_1000
R,DETECTION,DETECTION,1
L,7,1116,DETECTION,src/tracking/advanced_tracker.py:_activate_slot,1116_159_1229_464_1295
R,DETECTION,SUBPIXEL,0
L,8,1116,DETECTION,src/tracking/advanced_tracker.py:_activate_slot,1116_161_1153_320_1291
R,DETECTION,DETECTION,1
A,1116
S,6,1122,DETECTION,src/tracking/advanced_tracker.py:_activate_slot,1122_-12_882_269_1000
S,7,1122,DETECTION,src/tracking/advanced_tracker.py:_activate_slot,1122_160_1227_465_1295
S,9,1122,DETECTION,src/tracking/advanced_tracker.py:_activate_slot,1122_145_438_369_532
S,8,1122,DETECTION,src/tracking/advanced_tracker.py:_activate_slot,1122_161_1137_320_1291
S,10,1122,DETECTION,src/tracking/advanced_tracker.py:_activate_slot,1122_-3_337_210_426
S,0,1122,DETECTION,src/tracking/advanced_tracker.py:_activate_slot,1122_239_550_507_659
S,1,1122,PREDICTION,src/tracking/advanced_tracker.py:kalman_homography,
S,2,1122,PREDICTION,src/tracking/advanced_tracker.py:kalman_homography,
S,3,1122,PREDICTION,src/tracking/advanced_tracker.py:kalman_homography,
S,4,1122,PREDICTION,src/tracking/advanced_tracker.py:kalman_homography,
S,5,1122,PREDICTION,src/tracking/advanced_tracker.py:kalman_homography,
D,2,1122
S,4,1122,PREDICTION,src/tracking/advanced_tracker.py:id_merge,
L,0,1122,DETECTION,src/tracking/advanced_tracker.py:_activate_slot,1122_239_550_507_659
R,CLAMP,CLAMP,0
L,1,1122,PREDICTION,src/tracking/advanced_tracker.py:kalman_homography,
R,PREDICTION,SUBPIXEL,0
L,3,1122,PREDICTION,src/tracking/advanced_tracker.py:kalman_homography,
R,PREDICTION,SUBPIXEL,0
L,4,1122,PREDICTION,src/tracking/advanced_tracker.py:id_merge,
R,PREDICTION,SUBPIXEL,0
L,5,1122,PREDICTION,src/tracking/advanced_tracker.py:kalman_homography,
R,CLAMP,CLAMP,0
L,6,1122,DETECTION,src/tracking/advanced_tracker.py:_activate_slot,1122_-12_882_269_1000
R,DETECTION,DETECTION,1
L,7,1122,DETECTION,src/tracking/advanced_tracker.py:_activate_slot,1122_160_1227_465_1295
R,DETECTION,DETECTION,1
L,8,1122,DETECTION,src/tracking/advanced_tracker.py:_activate_slot,1122_161_1137_320_1291
R,DETECTION,DETECTION,1
L,9,1122,DETECTION,src/tracking/advanced_tracker.py:_activate_slot,1122_145_438_369_532
R,DETECTION,DETECTION,1
A,1122
S,0,1128,DETECTION,src/tracking/advanced_tracker.py:_activate_slot,1128_234_547_506_659
S,1,1128,DETECTION,src/tracking/advanced_tracker.py:_activate_slot,1128_148_405_426_522
S,6,1128,DETECTION,src/tracking/advanced_tracker.py:_activate_slot,1128_-5_883_269_999
S,7,1128,DETECTION,src/tracking/advanced_tracker.py:_activate_slot,1128_161_1229_465_1295
S,8,1128,DETECTION,src/tracking/advanced_tracker.py:_activate_slot,1128_161_1151_319_1293
S,10,1128,DETECTION,src/tracking/advanced_tracker.py:_activate_slot,1128_-2_338_211_426
S,2,1128,PREDICTION,src/tracking/advanced_tracker.py:kalman_homography,
S,3,1128,PREDICTION,src/tracking/advanced_tracker.py:kalman_homography,
S,4,1128,PREDICTION,src/tracking/advanced_tracker.py:kalman_homography,
S,5,1128,PREDICTION,src/tracking/advanced_tracker.py:kalman_homography,
S,9,1128,PREDICTION,src/tracking/advanced_tracker.py:kalman_homography,
D,2,1128
S,4,1128,PREDICTION,src/tracking/advanced_tracker.py:id_merge,
L,0,1128,DETECTION,src/tracking/advanced_tracker.py:_activate_slot,1128_234_547_506_659
R,CLAMP,CLAMP,0
L,1,1128,DETECTION,src/tracking/advanced_tracker.py:_activate_slot,1128_148_405_426_522
R,DETECTION,DETECTION,1
L,3,1128,PREDICTION,src/tracking/advanced_tracker.py:kalman_homography,
R,PREDICTION,SUBPIXEL,0
L,4,1128,PREDICTION,src/tracking/advanced_tracker.py:id_merge,
R,PREDICTION,SUBPIXEL,0
L,5,1128,PREDICTION,src/tracking/advanced_tracker.py:kalman_homography,
R,CLAMP,CLAMP,0
L,6,1128,DETECTION,src/tracking/advanced_tracker.py:_activate_slot,1128_-5_883_269_999
R,DETECTION,SUBPIXEL,0
L,7,1128,DETECTION,src/tracking/advanced_tracker.py:_activate_slot,1128_161_1229_465_1295
R,DETECTION,DETECTION,1
L,8,1128,DETECTION,src/tracking/advanced_tracker.py:_activate_slot,1128_161_1151_319_1293
R,DETECTION,DETECTION,1
L,9,1128,PREDICTION,src/tracking/advanced_tracker.py:kalman_homography,
R,PREDICTION,PREDICTION,1
A,1128
S,0,1134,DETECTION,src/tracking/advanced_tracker.py:_activate_slot,1134_146_574_336_676
S,1,1134,DETECTION,src/tracking/advanced_tracker.py:_activate_slot,1134_156_401_348_490
S,6,1134,DETECTION,src/tracking/advanced_tracker.py:_activate_slot,1134_6_883_269_999
S,7,1134,DETECTION,src/tracking/advanced_tracker.py:_activate_slot,1134_225_547_508_659
S,8,1134,DETECTION,src/tracking/advanced_tracker.py:_activate_slot,1134_158_1155_318_1293
S,10,1134,DETECTION,src/tracking/advanced_tracker.py:_activate_slot,1134_0_339_210_427
S,2,1134,PREDICTION,src/tracking/advanced_tracker.py:kalman_homography,
S,3,1134,PREDICTION,src/tracking/advanced_tracker.py:kalman_homography,
S,4,1134,PREDICTION,src/tracking/advanced_tracker.py:kalman_homography,
S,5,1134,PREDICTION,src/tracking/advanced_tracker.py:kalman_homography,
S,9,1134,PREDICTION,src/tracking/advanced_tracker.py:kalman_homography,
D,3,1134
S,0,1134,PREDICTION,src/tracking/advanced_tracker.py:id_merge,
D,2,1134
S,4,1134,PREDICTION,src/tracking/advanced_tracker.py:id_merge,
L,0,1134,PREDICTION,src/tracking/advanced_tracker.py:id_merge,
R,CLAMP,CLAMP,0
L,1,1134,DETECTION,src/tracking/advanced_tracker.py:_activate_slot,1134_156_401_348_490
R,DETECTION,DETECTION,1
L,4,1134,PREDICTION,src/tracking/advanced_tracker.py:id_merge,
R,PREDICTION,SUBPIXEL,0
L,5,1134,PREDICTION,src/tracking/advanced_tracker.py:kalman_homography,
R,CLAMP,CLAMP,0
L,6,1134,DETECTION,src/tracking/advanced_tracker.py:_activate_slot,1134_6_883_269_999
R,DETECTION,SUBPIXEL,0
L,7,1134,DETECTION,src/tracking/advanced_tracker.py:_activate_slot,1134_225_547_508_659
R,CLAMP,CLAMP,0
L,8,1134,DETECTION,src/tracking/advanced_tracker.py:_activate_slot,1134_158_1155_318_1293
R,DETECTION,DETECTION,1
L,9,1134,PREDICTION,src/tracking/advanced_tracker.py:kalman_homography,
R,PREDICTION,SUBPIXEL,0
A,1134
S,7,1140,DETECTION,src/tracking/advanced_tracker.py:_activate_slot,1140_155_364_373_502
S,8,1140,DETECTION,src/tracking/advanced_tracker.py:_activate_slot,1140_11_883_268_999
S,10,1140,DETECTION,src/tracking/advanced_tracker.py:_activate_slot,1140_-1_336_211_428
S,0,1140,PREDICTION,src/tracking/advanced_tracker.py:kalman_homography,
S,1,1140,PREDICTION,src/tracking/advanced_tracker.py:kalman_homography,
S,2,1140,PREDICTION,src/tracking/advanced_tracker.py:kalman_homography,
S,3,1140,PREDICTION,src/tracking/advanced_tracker.py:kalman_homography,
S,4,1140,PREDICTION,src/tracking/advanced_tracker.py:kalman_homography,
S,5,1140,PREDICTION,src/tracking/advanced_tracker.py:kalman_homography,
S,6,1140,PREDICTION,src/tracking/advanced_tracker.py:kalman_homography,
S,9,1140,PREDICTION,src/tracking/advanced_tracker.py:kalman_homography,
D,3,1140
S,0,1140,PREDICTION,src/tracking/advanced_tracker.py:id_merge,
D,2,1140
S,4,1140,PREDICTION,src/tracking/advanced_tracker.py:id_merge,
D,6,1140
S,8,1140,PREDICTION,src/tracking/advanced_tracker.py:id_merge,
D,9,1140
S,7,1140,PREDICTION,src/tracking/advanced_tracker.py:id_merge,
L,0,1140,PREDICTION,src/tracking/advanced_tracker.py:id_merge,
R,CLAMP,CLAMP,0
L,1,1140,PREDICTION,src/tracking/advanced_tracker.py:kalman_homography,
R,PREDICTION,PREDICTION,1
L,4,1140,PREDICTION,src/tracking/advanced_tracker.py:id_merge,
R,PREDICTION,SUBPIXEL,0
L,5,1140,PREDICTION,src/tracking/advanced_tracker.py:kalman_homography,
R,CLAMP,CLAMP,0
L,7,1140,PREDICTION,src/tracking/advanced_tracker.py:id_merge,
R,CLAMP,CLAMP,0
L,8,1140,PREDICTION,src/tracking/advanced_tracker.py:id_merge,
R,CLAMP,CLAMP,0
A,1140
S,8,1146,DETECTION,src/tracking/advanced_tracker.py:_activate_slot,1146_14_885_266_993
S,10,1146,DETECTION,src/tracking/advanced_tracker.py:_activate_slot,1146_2_339_189_427
S,0,1146,PREDICTION,src/tracking/advanced_tracker.py:kalman_homography,
S,1,1146,PREDICTION,src/tracking/advanced_tracker.py:kalman_homography,
S,2,1146,PREDICTION,src/tracking/advanced_tracker.py:kalman_homography,
S,3,1146,PREDICTION,src/tracking/advanced_tracker.py:kalman_homography,
S,4,1146,PREDICTION,src/tracking/advanced_tracker.py:kalman_homography,
S,6,1146,PREDICTION,src/tracking/advanced_tracker.py:kalman_homography,
S,9,1146,PREDICTION,src/tracking/advanced_tracker.py:kalman_homography,
S,5,1146,PREDICTION,src/tracking/advanced_tracker.py:flow_gapfill_batched,
S,7,1146,PREDICTION,src/tracking/advanced_tracker.py:flow_gapfill_batched,
D,3,1146
S,0,1146,PREDICTION,src/tracking/advanced_tracker.py:id_merge,
D,2,1146
S,4,1146,PREDICTION,src/tracking/advanced_tracker.py:id_merge,
D,6,1146
S,8,1146,PREDICTION,src/tracking/advanced_tracker.py:id_merge,
D,9,1146
S,7,1146,PREDICTION,src/tracking/advanced_tracker.py:id_merge,
L,0,1146,PREDICTION,src/tracking/advanced_tracker.py:id_merge,
R,CLAMP,CLAMP,0
L,1,1146,PREDICTION,src/tracking/advanced_tracker.py:kalman_homography,
R,PREDICTION,PREDICTION,1
L,4,1146,PREDICTION,src/tracking/advanced_tracker.py:id_merge,
R,PREDICTION,SUBPIXEL,0
L,5,1146,PREDICTION,src/tracking/advanced_tracker.py:flow_gapfill_batched,
R,CLAMP,CLAMP,0
L,7,1146,PREDICTION,src/tracking/advanced_tracker.py:id_merge,
R,CLAMP,CLAMP,0
L,8,1146,PREDICTION,src/tracking/advanced_tracker.py:id_merge,
R,CLAMP,CLAMP,0
A,1146
S,8,1152,DETECTION,src/tracking/advanced_tracker.py:_activate_slot,1152_154_1229_457_1295
S,5,1152,DETECTION,src/tracking/advanced_tracker.py:_activate_slot,1152_-15_746_152_831
S,10,1152,DETECTION,src/tracking/advanced_tracker.py:_activate_slot,1152_-5_339_190_431
S,0,1152,PREDICTION,src/tracking/advanced_tracker.py:kalman_homography,
S,1,1152,PREDICTION,src/tracking/advanced_tracker.py:kalman_homography,
S,2,1152,PREDICTION,src/tracking/advanced_tracker.py:kalman_homography,
S,3,1152,PREDICTION,src/tracking/advanced_tracker.py:kalman_homography,
S,4,1152,PREDICTION,src/tracking/advanced_tracker.py:kalman_homography,
S,6,1152,PREDICTION,src/tracking/advanced_tracker.py:kalman_homography,
S,9,1152,PREDICTION,src/tracking/advanced_tracker.py:kalman_homography,
S,7,1152,PREDICTION,src/tracking/advanced_tracker.py:flow_gapfill_batched,
D,2,1152
S,4,1152,PREDICTION,src/tracking/advanced_tracker.py:id_merge,
D,9,1152
S,7,1152,PREDICTION,src/tracking/advanced_tracker.py:id_merge,
L,0,1152,PREDICTION,src/tracking/advanced_tracker.py:kalman_homography,
R,CLAMP,CLAMP,0
L,1,1152,PREDICTION,src/tracking/advanced_tracker.py:kalman_homography,
R,PREDICTION,PREDICTION,1
L,3,1152,PREDICTION,src/tracking/advanced_tracker.py:kalman_homography,
R,PREDICTION,SUBPIXEL,0
L,4,1152,PREDICTION,src/tracking/advanced_tracker.py:id_merge,
R,PREDICTION,SUBPIXEL,0
L,5,1152,DETECTION,src/tracking/advanced_tracker.py:_activate_slot,1152_-15_746_152_831
R,CLAMP,CLAMP,0
L,6,1152,PREDICTION,src/tracking/advanced_tracker.py:kalman_homography,
R,PREDICTION,PREDICTION,1
L,7,1152,PREDICTION,src/tracking/advanced_tracker.py:id_merge,
R,CLAMP,CLAMP,0
L,8,1152,DETECTION,src/tracking/advanced_tracker.py:_activate_slot,1152_154_1229_457_1295
R,DETECTION,DETECTION,1
A,1152
S,5,1158,DETECTION,src/tracking/advanced_tracker.py:_activate_slot,1158_39_883_265_993
S,10,1158,DETECTION,src/tracking/advanced_tracker.py:_activate_slot,1158_-3_342_201_433
S,1,1158,PREDICTION,src/tracking/advanced_tracker.py:kalman_homography,
S,6,1158,PREDICTION,src/tracking/advanced_tracker.py:kalman_homography,
S,8,1158,PREDICTION,src/tracking/advanced_tracker.py:kalman_homography,
S,9,1158,PREDICTION,src/tracking/advanced_tracker.py:kalman_homography,
S,0,1158,PREDICTION,src/tracking/advanced_tracker.py:flow_gapfill_batched,
S,3,1158,PREDICTION,src/tracking/advanced_tracker.py:flow_gapfill_batched,
S,4,1158,PREDICTION,src/tracking/advanced_tracker.py:flow_gapfill_batched,
S,7,1158,PREDICTION,src/tracking/advanced_tracker.py:flow_gapfill_batched,
D,3,1158
S,0,1158,PREDICTION,src/tracking/advanced_tracker.py:id_merge,
D,6,1158
S,5,1158,PREDICTION,src/tracking/advanced_tracker.py:id_merge,
D,9,1158
S,7,1158,PREDICTION,src/tracking/advanced_tracker.py:id_merge,
L,0,1158,PREDICTION,src/tracking/advanced_tracker.py:id_merge,
R,CLAMP,CLAMP,0
L,1,1158,PREDICTION,src/tracking/advanced_tracker.py:kalman_homography,
R,PREDICTION,PREDICTION,1
L,4,1158,PREDICTION,src/tracking/advanced_tracker.py:flow_gapfill_batched,
R,PREDICTION,PREDICTION,1
L,5,1158,PREDICTION,src/tracking/advanced_tracker.py:id_merge,
R,CLAMP,CLAMP,0
L,7,1158,PREDICTION,src/tracking/advanced_tracker.py:id_merge,
R,CLAMP,CLAMP,0
L,8,1158,PREDICTION,src/tracking/advanced_tracker.py:kalman_homography,
R,PREDICTION,PREDICTION,1
A,1158
S,5,1164,DETECTION,src/tracking/advanced_tracker.py:_activate_slot,1164_157_1155_309_1289
S,10,1164,DETECTION,src/tracking/advanced_tracker.py:_activate_slot,1164_-2_350_201_436
S,1,1164,PREDICTION,src/tracking/advanced_tracker.py:kalman_homography,
S,6,1164,PREDICTION,src/tracking/advanced_tracker.py:kalman_homography,
S,8,1164,PREDICTION,src/tracking/advanced_tracker.py:kalman_homography,
S,9,1164,PREDICTION,src/tracking/advanced_tracker.py:kalman_homography,
S,0,1164,PREDICTION,src/tracking/advanced_tracker.py:flow_gapfill_batched,
S,7,1164,PREDICTION,src/tracking/advanced_tracker.py:flow_gapfill_batched,
D,9,1164
S,7,1164,PREDICTION,src/tracking/advanced_tracker.py:id_merge,
L,0,1164,PREDICTION,src/tracking/advanced_tracker.py:flow_gapfill_batched,
R,CLAMP,CLAMP,0
L,1,1164,PREDICTION,src/tracking/advanced_tracker.py:kalman_homography,
R,PREDICTION,PREDICTION,1
L,5,1164,DETECTION,src/tracking/advanced_tracker.py:_activate_slot,1164_157_1155_309_1289
R,CLAMP,CLAMP,0
L,6,1164,PREDICTION,src/tracking/advanced_tracker.py:kalman_homography,
R,PREDICTION,PREDICTION,1
L,7,1164,PREDICTION,src/tracking/advanced_tracker.py:id_merge,
R,CLAMP,CLAMP,0
L,8,1164,PREDICTION,src/tracking/advanced_tracker.py:kalman_homography,
R,PREDICTION,PREDICTION,1
A,1164
S,10,1170,DETECTION,src/tracking/advanced_tracker.py:_activate_slot,1170_-8_356_202_446
S,1,1170,PREDICTION,src/tracking/advanced_tracker.py:kalman_homography,
S,6,1170,PREDICTION,src/tracking/advanced_tracker.py:kalman_homography,
S,0,1170,PREDICTION,src/tracking/advanced_tracker.py:flow_gapfill_batched,
S,5,1170,PREDICTION,src/tracking/advanced_tracker.py:flow_gapfill_batched,
S,7,1170,PREDICTION,src/tracking/advanced_tracker.py:flow_gapfill_batched,
S,8,1170,PREDICTION,src/tracking/advanced_tracker.py:flow_gapfill_batched,
S,9,1170,PREDICTION,src/tracking/advanced_tracker.py:flow_gapfill_batched,
D,9,1170
S,7,1170,PREDICTION,src/tracking/advanced_tracker.py:id_merge,
L,0,1170,PREDICTION,src/tracking/advanced_tracker.py:flow_gapfill_batched,
R,CLAMP,CLAMP,0
L,1,1170,PREDICTION,src/tracking/advanced_tracker.py:kalman_homography,
R,PREDICTION,PREDICTION,1
L,5,1170,PREDICTION,src/tracking/advanced_tracker.py:flow_gapfill_batched,
R,CLAMP,CLAMP,0
L,6,1170,PREDICTION,src/tracking/advanced_tracker.py:kalman_homography,
R,PREDICTION,PREDICTION,1
L,7,1170,PREDICTION,src/tracking/advanced_tracker.py:id_merge,
R,CLAMP,CLAMP,0
L,8,1170,PREDICTION,src/tracking/advanced_tracker.py:flow_gapfill_batched,
R,PREDICTION,PREDICTION,1
A,1170
S,10,1176,DETECTION,src/tracking/advanced_tracker.py:_activate_slot,1176_-6_365_194_452
S,1,1176,PREDICTION,src/tracking/advanced_tracker.py:kalman_homography,
S,6,1176,PREDICTION,src/tracking/advanced_tracker.py:kalman_homography,
S,0,1176,PREDICTION,src/tracking/advanced_tracker.py:flow_gapfill_batched,
S,5,1176,PREDICTION,src/tracking/advanced_tracker.py:flow_gapfill_batched,
S,7,1176,PREDICTION,src/tracking/advanced_tracker.py:flow_gapfill_batched,
S,8,1176,PREDICTION,src/tracking/advanced_tracker.py:flow_gapfill_batched,
L,0,1176,PREDICTION,src/tracking/advanced_tracker.py:flow_gapfill_batched,
R,CLAMP,CLAMP,0
L,1,1176,PREDICTION,src/tracking/advanced_tracker.py:kalman_homography,
R,PREDICTION,PREDICTION,1
L,5,1176,PREDICTION,src/tracking/advanced_tracker.py:flow_gapfill_batched,
R,CLAMP,CLAMP,0
L,6,1176,PREDICTION,src/tracking/advanced_tracker.py:kalman_homography,
R,PREDICTION,PREDICTION,1
L,7,1176,PREDICTION,src/tracking/advanced_tracker.py:flow_gapfill_batched,
R,CLAMP,CLAMP,0
L,8,1176,PREDICTION,src/tracking/advanced_tracker.py:flow_gapfill_batched,
R,PREDICTION,PREDICTION,1
A,1176
S,10,1182,DETECTION,src/tracking/advanced_tracker.py:_activate_slot,1182_-9_377_194_465
S,0,1182,PREDICTION,src/tracking/advanced_tracker.py:flow_gapfill_batched,
S,1,1182,PREDICTION,src/tracking/advanced_tracker.py:flow_gapfill_batched,
S,5,1182,PREDICTION,src/tracking/advanced_tracker.py:flow_gapfill_batched,
S,6,1182,PREDICTION,src/tracking/advanced_tracker.py:flow_gapfill_batched,
S,7,1182,PREDICTION,src/tracking/advanced_tracker.py:flow_gapfill_batched,
S,8,1182,PREDICTION,src/tracking/advanced_tracker.py:flow_gapfill_batched,
L,0,1182,PREDICTION,src/tracking/advanced_tracker.py:flow_gapfill_batched,
R,CLAMP,CLAMP,0
L,1,1182,PREDICTION,src/tracking/advanced_tracker.py:flow_gapfill_batched,
R,PREDICTION,PREDICTION,1
L,5,1182,PREDICTION,src/tracking/advanced_tracker.py:flow_gapfill_batched,
R,CLAMP,CLAMP,0
L,6,1182,PREDICTION,src/tracking/advanced_tracker.py:flow_gapfill_batched,
R,PREDICTION,PREDICTION,1
L,7,1182,PREDICTION,src/tracking/advanced_tracker.py:flow_gapfill_batched,
R,CLAMP,CLAMP,0
L,8,1182,PREDICTION,src/tracking/advanced_tracker.py:flow_gapfill_batched,
R,PREDICTION,PREDICTION,1
A,1182
S,10,1188,DETECTION,src/tracking/advanced_tracker.py:_activate_slot,1188_-10_395_192_482
S,5,1188,PREDICTION,src/tracking/advanced_tracker.py:flow_gapfill_batched,
S,7,1188,PREDICTION,src/tracking/advanced_tracker.py:flow_gapfill_batched,
S,8,1188,PREDICTION,src/tracking/advanced_tracker.py:flow_gapfill_batched,
L,5,1188,PREDICTION,src/tracking/advanced_tracker.py:flow_gapfill_batched,
R,CLAMP,CLAMP,0
L,7,1188,PREDICTION,src/tracking/advanced_tracker.py:flow_gapfill_batched,
R,CLAMP,CLAMP,0
L,8,1188,PREDICTION,src/tracking/advanced_tracker.py:flow_gapfill_batched,
R,PREDICTION,PREDICTION,1
A,1188
S,10,1194,DETECTION,src/tracking/advanced_tracker.py:_activate_slot,1194_-10_407_188_495
S,5,1194,PREDICTION,src/tracking/advanced_tracker.py:flow_gapfill_batched,
L,5,1194,PREDICTION,src/tracking/advanced_tracker.py:flow_gapfill_batched,
R,CLAMP,CLAMP,0
A,1194
S,10,1200,DETECTION,src/tracking/advanced_tracker.py:_activate_slot,1200_88_1116_210_1230
S,2,1200,DETECTION,src/tracking/advanced_tracker.py:_activate_slot,1200_187_372_556_574
S,3,1200,DETECTION,src/tracking/advanced_tracker.py:_activate_slot,1200_190_464_437_599
S,4,1200,DETECTION,src/tracking/advanced_tracker.py:_activate_slot,1200_-6_857_250_1014
S,5,1200,PREDICTION,src/tracking/advanced_tracker.py:flow_gapfill_batched,
S,8,1200,PREDICTION,src/tracking/advanced_tracker.py:flow_gapfill_batched,
L,2,1200,DETECTION,src/tracking/advanced_tracker.py:_activate_slot,1200_187_372_556_574
R,DETECTION,DETECTION,1
L,3,1200,DETECTION,src/tracking/advanced_tracker.py:_activate_slot,1200_190_464_437_599
R,DETECTION,DETECTION,1
L,4,1200,DETECTION,src/tracking/advanced_tracker.py:_activate_slot,1200_-6_857_250_1014
R,CLAMP,CLAMP,0
L,5,1200,PREDICTION,src/tracking/advanced_tracker.py:flow_gapfill_batched,
R,CLAMP,CLAMP,0
L,8,1200,PREDICTION,src/tracking/advanced_tracker.py:flow_gapfill_batched,
R,PREDICTION,PREDICTION,1
A,1200
S,6,1206,DETECTION,src/tracking/advanced_tracker.py:_activate_slot,1206_-11_862_247_1026
S,2,1206,PREDICTION,src/tracking/advanced_tracker.py:kalman_homography,
S,3,1206,PREDICTION,src/tracking/advanced_tracker.py:kalman_homography,
S,4,1206,PREDICTION,src/tracking/advanced_tracker.py:kalman_homography,
S,10,1206,PREDICTION,src/tracking/advanced_tracker.py:kalman_homography,
S,5,1206,PREDICTION,src/tracking/advanced_tracker.py:flow_gapfill_batched,
L,2,1206,PREDICTION,src/tracking/advanced_tracker.py:kalman_homography,
R,PREDICTION,PREDICTION,1
L,3,1206,PREDICTION,src/tracking/advanced_tracker.py:kalman_homography,
R,PREDICTION,PREDICTION,1
L,4,1206,PREDICTION,src/tracking/advanced_tracker.py:kalman_homography,
R,CLAMP,CLAMP,0
L,5,1206,PREDICTION,src/tracking/advanced_tracker.py:flow_gapfill_batched,
R,CLAMP,CLAMP,0
L,6,1206,DETECTION,src/tracking/advanced_tracker.py:_activate_slot,1206_-11_862_247_1026
R,DETECTION,DETECTION,1
A,1206
S,2,1212,PREDICTION,src/tracking/advanced_tracker.py:kalman_homography,
S,3,1212,PREDICTION,src/tracking/advanced_tracker.py:kalman_homography,
S,4,1212,PREDICTION,src/tracking/advanced_tracker.py:kalman_homography,
S,6,1212,PREDICTION,src/tracking/advanced_tracker.py:kalman_homography,
S,5,1212,PREDICTION,src/tracking/advanced_tracker.py:flow_gapfill_batched,
S,10,1212,PREDICTION,src/tracking/advanced_tracker.py:flow_gapfill_batched,
L,2,1212,PREDICTION,src/tracking/advanced_tracker.py:kalman_homography,
R,PREDICTION,SUBPIXEL,0
L,3,1212,PREDICTION,src/tracking/advanced_tracker.py:kalman_homography,
R,PREDICTION,SUBPIXEL,0
L,4,1212,PREDICTION,src/tracking/advanced_tracker.py:kalman_homography,
R,CLAMP,CLAMP,0
L,5,1212,PREDICTION,src/tracking/advanced_tracker.py:flow_gapfill_batched,
R,CLAMP,CLAMP,0
L,6,1212,PREDICTION,src/tracking/advanced_tracker.py:kalman_homography,
R,PREDICTION,PREDICTION,1
A,1212
S,2,1218,DETECTION,src/tracking/advanced_tracker.py:_activate_slot,1218_161_402_379_538
S,3,1218,PREDICTION,src/tracking/advanced_tracker.py:kalman_homography,
S,4,1218,PREDICTION,src/tracking/advanced_tracker.py:kalman_homography,
S,6,1218,PREDICTION,src/tracking/advanced_tracker.py:kalman_homography,
S,10,1218,PREDICTION,src/tracking/advanced_tracker.py:flow_gapfill_batched,
D,3,1218
S,2,1218,PREDICTION,src/tracking/advanced_tracker.py:id_merge,
L,2,1218,PREDICTION,src/tracking/advanced_tracker.py:id_merge,
R,PREDICTION,PREDICTION,1
L,4,1218,PREDICTION,src/tracking/advanced_tracker.py:kalman_homography,
R,CLAMP,CLAMP,0
L,6,1218,PREDICTION,src/tracking/advanced_tracker.py:kalman_homography,
R,PREDICTION,PREDICTION,1
A,1218
S,9,1224,DETECTION,src/tracking/advanced_tracker.py:_activate_slot,1224_227_926_468_1082
S,0,1224,DETECTION,src/tracking/advanced_tracker.py:_activate_slot,1224_146_702_367_862
S,1,1224,DETECTION,src/tracking/advanced_tracker.py:_activate_slot,1224_145_282_380_391
S,2,1224,PREDICTION,src/tracking/advanced_tracker.py:kalman_homography,
S,3,1224,PREDICTION,src/tracking/advanced_tracker.py:kalman_homography,
S,4,1224,PREDICTION,src/tracking/advanced_tracker.py:kalman_homography,
S,6,1224,PREDICTION,src/tracking/advanced_tracker.py:kalman_homography,
S,10,1224,PREDICTION,src/tracking/advanced_tracker.py:flow_gapfill_batched,
D,3,1224
S,2,1224,PREDICTION,src/tracking/advanced_tracker.py:id_merge,
L,0,1224,DETECTION,src/tracking/advanced_tracker.py:_activate_slot,1224_146_702_367_862
R,CLAMP,CLAMP,0
L,1,1224,DETECTION,src/tracking/advanced_tracker.py:_activate_slot,1224_145_282_380_391
R,DETECTION,DETECTION,1
L,2,1224,PREDICTION,src/tracking/advanced_tracker.py:id_merge,
R,PREDICTION,PREDICTION,1
L,4,1224,PREDICTION,src/tracking/advanced_tracker.py:kalman_homography,
R,CLAMP,CLAMP,0
L,6,1224,PREDICTION,src/tracking/advanced_tracker.py:kalman_homography,
R,PREDICTION,PREDICTION,1
L,9,1224,DETECTION,src/tracking/advanced_tracker.py:_activate_slot,1224_227_926_468_1082
R,CLAMP,CLAMP,0
A,1224
S,7,1230,DETECTION,src/tracking/advanced_tracker.py:_activate_slot,1230_243_949_468_1111
S,0,1230,PREDICTION,src/tracking/advanced_tracker.py:kalman_homography,
S,1,1230,PREDICTION,src/tracking/advanced_tracker.py:kalman_homography,
S,2,1230,PREDICTION,src/tracking/advanced_tracker.py:kalman_homography,
S,3,1230,PREDICTION,src/tracking/advanced_tracker.py:kalman_homography,
S,4,1230,PREDICTION,src/tracking/advanced_tracker.py:kalman_homography,
S,6,1230,PREDICTION,src/tracking/advanced_tracker.py:kalman_homography,
S,9,1230,PREDICTION,src/tracking/advanced_tracker.py:kalman_homography,
S,10,1230,PREDICTION,src/tracking/advanced_tracker.py:flow_gapfill_batched,
D,3,1230
S,2,1230,PREDICTION,src/tracking/advanced_tracker.py:id_merge,
D,9,1230
S,7,1230,PREDICTION,src/tracking/advanced_tracker.py:id_merge,
L,0,1230,PREDICTION,src/tracking/advanced_tracker.py:kalman_homography,
R,CLAMP,CLAMP,0
L,1,1230,PREDICTION,src/tracking/advanced_tracker.py:kalman_homography,
R,PREDICTION,PREDICTION,1
L,2,1230,PREDICTION,src/tracking/advanced_tracker.py:id_merge,
R,PREDICTION,PREDICTION,1
L,4,1230,PREDICTION,src/tracking/advanced_tracker.py:kalman_homography,
R,CLAMP,CLAMP,0
L,6,1230,PREDICTION,src/tracking/advanced_tracker.py:kalman_homography,
R,PREDICTION,PREDICTION,1
L,7,1230,PREDICTION,src/tracking/advanced_tracker.py:id_merge,
R,CLAMP,CLAMP,0
A,1230
S,0,1236,PREDICTION,src/tracking/advanced_tracker.py:kalman_homography,
S,1,1236,PREDICTION,src/tracking/advanced_tracker.py:kalman_homography,
S,2,1236,PREDICTION,src/tracking/advanced_tracker.py:kalman_homography,
S,3,1236,PREDICTION,src/tracking/advanced_tracker.py:kalman_homography,
S,4,1236,PREDICTION,src/tracking/advanced_tracker.py:kalman_homography,
S,6,1236,PREDICTION,src/tracking/advanced_tracker.py:kalman_homography,
S,7,1236,PREDICTION,src/tracking/advanced_tracker.py:kalman_homography,
S,9,1236,PREDICTION,src/tracking/advanced_tracker.py:kalman_homography,
S,10,1236,PREDICTION,src/tracking/advanced_tracker.py:flow_gapfill_batched,
D,3,1236
S,2,1236,PREDICTION,src/tracking/advanced_tracker.py:id_merge,
D,9,1236
S,7,1236,PREDICTION,src/tracking/advanced_tracker.py:id_merge,
L,0,1236,PREDICTION,src/tracking/advanced_tracker.py:kalman_homography,
R,CLAMP,CLAMP,0
L,1,1236,PREDICTION,src/tracking/advanced_tracker.py:kalman_homography,
R,PREDICTION,SUBPIXEL,0
L,2,1236,PREDICTION,src/tracking/advanced_tracker.py:id_merge,
R,PREDICTION,PREDICTION,1
L,4,1236,PREDICTION,src/tracking/advanced_tracker.py:kalman_homography,
R,CLAMP,CLAMP,0
L,6,1236,PREDICTION,src/tracking/advanced_tracker.py:kalman_homography,
R,PREDICTION,PREDICTION,1
L,7,1236,PREDICTION,src/tracking/advanced_tracker.py:id_merge,
R,CLAMP,CLAMP,0
A,1236
S,8,1242,DETECTION,src/tracking/advanced_tracker.py:_activate_slot,1242_276_999_449_1147
S,0,1242,PREDICTION,src/tracking/advanced_tracker.py:kalman_homography,
S,1,1242,PREDICTION,src/tracking/advanced_tracker.py:kalman_homography,
S,2,1242,PREDICTION,src/tracking/advanced_tracker.py:kalman_homography,
S,3,1242,PREDICTION,src/tracking/advanced_tracker.py:kalman_homography,
S,4,1242,PREDICTION,src/tracking/advanced_tracker.py:kalman_homography,
S,6,1242,PREDICTION,src/tracking/advanced_tracker.py:kalman_homography,
S,7,1242,PREDICTION,src/tracking/advanced_tracker.py:kalman_homography,
S,9,1242,PREDICTION,src/tracking/advanced_tracker.py:kalman_homography,
S,10,1242,PREDICTION,src/tracking/advanced_tracker.py:flow_gapfill_batched,
D,7,1242
S,8,1242,PREDICTION,src/tracking/advanced_tracker.py:id_merge,
L,0,1242,PREDICTION,src/tracking/advanced_tracker.py:kalman_homography,
R,CLAMP,CLAMP,0
L,1,1242,PREDICTION,src/tracking/advanced_tracker.py:kalman_homography,
R,PREDICTION,SUBPIXEL,0
L,2,1242,PREDICTION,src/tracking/advanced_tracker.py:kalman_homography,
R,PREDICTION,PREDICTION,1
L,3,1242,PREDICTION,src/tracking/advanced_tracker.py:kalman_homography,
R,PREDICTION,SUBPIXEL,0
L,4,1242,PREDICTION,src/tracking/advanced_tracker.py:kalman_homography,
R,CLAMP,CLAMP,0
L,6,1242,PREDICTION,src/tracking/advanced_tracker.py:kalman_homography,
R,PREDICTION,PREDICTION,1
L,8,1242,PREDICTION,src/tracking/advanced_tracker.py:id_merge,
R,CLAMP,CLAMP,0
L,9,1242,PREDICTION,src/tracking/advanced_tracker.py:kalman_homography,
R,CLAMP,CLAMP,0
A,1242
S,0,1248,PREDICTION,src/tracking/advanced_tracker.py:kalman_homography,
S,1,1248,PREDICTION,src/tracking/advanced_tracker.py:kalman_homography,
S,2,1248,PREDICTION,src/tracking/advanced_tracker.py:kalman_homography,
S,6,1248,PREDICTION,src/tracking/advanced_tracker.py:kalman_homography,
S,7,1248,PREDICTION,src/tracking/advanced_tracker.py:kalman_homography,
S,8,1248,PREDICTION,src/tracking/advanced_tracker.py:kalman_homography,
S,9,1248,PREDICTION,src/tracking/advanced_tracker.py:kalman_homography,
S,4,1248,PREDICTION,src/tracking/advanced_tracker.py:flow_gapfill_batched,
S,10,1248,PREDICTION,src/tracking/advanced_tracker.py:flow_gapfill_batched,
D,7,1248
S,8,1248,PREDICTION,src/tracking/advanced_tracker.py:id_merge,
L,0,1248,PREDICTION,src/tracking/advanced_tracker.py:kalman_homography,
R,CLAMP,CLAMP,0
L,1,1248,PREDICTION,src/tracking/advanced_tracker.py:kalman_homography,
R,PREDICTION,SUBPIXEL,0
L,2,1248,PREDICTION,src/tracking/advanced_tracker.py:kalman_homography,
R,PREDICTION,PREDICTION,1
L,4,1248,PREDICTION,src/tracking/advanced_tracker.py:flow_gapfill_batched,
R,CLAMP,CLAMP,0
L,6,1248,PREDICTION,src/tracking/advanced_tracker.py:kalman_homography,
R,PREDICTION,PREDICTION,1
L,8,1248,PREDICTION,src/tracking/advanced_tracker.py:id_merge,
R,CLAMP,CLAMP,0
L,9,1248,PREDICTION,src/tracking/advanced_tracker.py:kalman_homography,
R,CLAMP,CLAMP,0
A,1248
S,5,1254,DETECTION,src/tracking/advanced_tracker.py:_activate_slot,1254_-11_828_185_956
S,0,1254,PREDICTION,src/tracking/advanced_tracker.py:kalman_homography,
S,1,1254,PREDICTION,src/tracking/advanced_tracker.py:kalman_homography,
S,2,1254,PREDICTION,src/tracking/advanced_tracker.py:kalman_homography,
S,7,1254,PREDICTION,src/tracking/advanced_tracker.py:kalman_homography,
S,8,1254,PREDICTION,src/tracking/advanced_tracker.py:kalman_homography,
S,9,1254,PREDICTION,src/tracking/advanced_tracker.py:kalman_homography,
S,6,1254,PREDICTION,src/tracking/advanced_tracker.py:flow_gapfill_batched,
D,6,1254
S,5,1254,PREDICTION,src/tracking/advanced_tracker.py:id_merge,
D,7,1254
S,8,1254,PREDICTION,src/tracking/advanced_tracker.py:id_merge,
L,0,1254,PREDICTION,src/tracking/advanced_tracker.py:kalman_homography,
R,CLAMP,CLAMP,0
L,1,1254,PREDICTION,src/tracking/advanced_tracker.py:kalman_homography,
R,PREDICTION,SUBPIXEL,0
L,2,1254,PREDICTION,src/tracking/advanced_tracker.py:kalman_homography,
R,PREDICTION,PREDICTION,1
L,5,1254,PREDICTION,src/tracking/advanced_tracker.py:id_merge,
R,CLAMP,CLAMP,0
L,8,1254,PREDICTION,src/tracking/advanced_tracker.py:id_merge,
R,CLAMP,CLAMP,0
L,9,1254,PREDICTION,src/tracking/advanced_tracker.py:kalman_homography,
R,CLAMP,CLAMP,0
A,1254
S,0,1260,PREDICTION,src/tracking/advanced_tracker.py:kalman_homography,
S,1,1260,PREDICTION,src/tracking/advanced_tracker.py:kalman_homography,
S,2,1260,PREDICTION,src/tracking/advanced_tracker.py:kalman_homography,
S,5,1260,PREDICTION,src/tracking/advanced_tracker.py:kalman_homography,
S,7,1260,PREDICTION,src/tracking/advanced_tracker.py:kalman_homography,
S,8,1260,PREDICTION,src/tracking/advanced_tracker.py:kalman_homography,
S,9,1260,PREDICTION,src/tracking/advanced_tracker.py:kalman_homography,
D,7,1260
S,8,1260,PREDICTION,src/tracking/advanced_tracker.py:id_merge,
L,0,1260,PREDICTION,src/tracking/advanced_tracker.py:kalman_homography,
R,CLAMP,CLAMP,0
L,1,1260,PREDICTION,src/tracking/advanced_tracker.py:kalman_homography,
R,PREDICTION,SUBPIXEL,0
L,2,1260,PREDICTION,src/tracking/advanced_tracker.py:kalman_homography,
R,PREDICTION,PREDICTION,1
L,5,1260,PREDICTION,src/tracking/advanced_tracker.py:kalman_homography,
R,CLAMP,CLAMP,0
L,8,1260,PREDICTION,src/tracking/advanced_tracker.py:id_merge,
R,CLAMP,CLAMP,0
L,9,1260,PREDICTION,src/tracking/advanced_tracker.py:kalman_homography,
R,CLAMP,CLAMP,0
A,1260
S,0,1266,PREDICTION,src/tracking/advanced_tracker.py:kalman_homography,
S,1,1266,PREDICTION,src/tracking/advanced_tracker.py:kalman_homography,
S,5,1266,PREDICTION,src/tracking/advanced_tracker.py:kalman_homography,
S,7,1266,PREDICTION,src/tracking/advanced_tracker.py:kalman_homography,
S,8,1266,PREDICTION,src/tracking/advanced_tracker.py:kalman_homography,
S,9,1266,PREDICTION,src/tracking/advanced_tracker.py:kalman_homography,
D,7,1266
S,8,1266,PREDICTION,src/tracking/advanced_tracker.py:id_merge,
L,0,1266,PREDICTION,src/tracking/advanced_tracker.py:kalman_homography,
R,CLAMP,CLAMP,0
L,1,1266,PREDICTION,src/tracking/advanced_tracker.py:kalman_homography,
R,PREDICTION,SUBPIXEL,0
L,5,1266,PREDICTION,src/tracking/advanced_tracker.py:kalman_homography,
R,CLAMP,CLAMP,0
L,8,1266,PREDICTION,src/tracking/advanced_tracker.py:id_merge,
R,CLAMP,CLAMP,0
L,9,1266,PREDICTION,src/tracking/advanced_tracker.py:kalman_homography,
R,CLAMP,CLAMP,0
A,1266
S,6,1272,DETECTION,src/tracking/advanced_tracker.py:_activate_slot,1272_-12_899_177_989
S,5,1272,PREDICTION,src/tracking/advanced_tracker.py:kalman_homography,
S,7,1272,PREDICTION,src/tracking/advanced_tracker.py:kalman_homography,
S,8,1272,PREDICTION,src/tracking/advanced_tracker.py:kalman_homography,
S,0,1272,PREDICTION,src/tracking/advanced_tracker.py:flow_gapfill_batched,
S,9,1272,PREDICTION,src/tracking/advanced_tracker.py:flow_gapfill_batched,
D,5,1272
S,6,1272,PREDICTION,src/tracking/advanced_tracker.py:id_merge,
D,7,1272
S,8,1272,PREDICTION,src/tracking/advanced_tracker.py:id_merge,
L,0,1272,PREDICTION,src/tracking/advanced_tracker.py:flow_gapfill_batched,
R,CLAMP,CLAMP,0
L,6,1272,PREDICTION,src/tracking/advanced_tracker.py:id_merge,
R,PREDICTION,PREDICTION,1
L,8,1272,PREDICTION,src/tracking/advanced_tracker.py:id_merge,
R,CLAMP,CLAMP,0
L,9,1272,PREDICTION,src/tracking/advanced_tracker.py:flow_gapfill_batched,
R,CLAMP,CLAMP,0
A,1272
S,6,1278,DETECTION,src/tracking/advanced_tracker.py:_activate_slot,1278_-15_905_168_999
S,5,1278,PREDICTION,src/tracking/advanced_tracker.py:kalman_homography,
S,8,1278,PREDICTION,src/tracking/advanced_tracker.py:kalman_homography,
S,7,1278,PREDICTION,src/tracking/advanced_tracker.py:flow_gapfill_batched,
D,5,1278
S,6,1278,PREDICTION,src/tracking/advanced_tracker.py:id_merge,
D,7,1278
S,8,1278,PREDICTION,src/tracking/advanced_tracker.py:id_merge,
L,6,1278,PREDICTION,src/tracking/advanced_tracker.py:id_merge,
R,PREDICTION,PREDICTION,1
L,8,1278,PREDICTION,src/tracking/advanced_tracker.py:id_merge,
R,CLAMP,CLAMP,0
A,1278
S,5,1284,PREDICTION,src/tracking/advanced_tracker.py:kalman_homography,
S,6,1284,PREDICTION,src/tracking/advanced_tracker.py:kalman_homography,
S,8,1284,PREDICTION,src/tracking/advanced_tracker.py:kalman_homography,
D,5,1284
S,6,1284,PREDICTION,src/tracking/advanced_tracker.py:id_merge,
L,6,1284,PREDICTION,src/tracking/advanced_tracker.py:id_merge,
R,PREDICTION,PREDICTION,1
L,8,1284,PREDICTION,src/tracking/advanced_tracker.py:kalman_homography,
R,CLAMP,CLAMP,0
A,1284
S,3,1290,DETECTION,src/tracking/advanced_tracker.py:_activate_slot,1290_105_248_311_357
S,4,1290,DETECTION,src/tracking/advanced_tracker.py:_activate_slot,1290_290_1001_472_1103
S,10,1290,DETECTION,src/tracking/advanced_tracker.py:_activate_slot,1290_590_1003_674_1103
S,5,1290,PREDICTION,src/tracking/advanced_tracker.py:kalman_homography,
S,6,1290,PREDICTION,src/tracking/advanced_tracker.py:kalman_homography,
S,8,1290,PREDICTION,src/tracking/advanced_tracker.py:flow_gapfill_batched,
D,5,1290
S,6,1290,PREDICTION,src/tracking/advanced_tracker.py:id_merge,
L,3,1290,DETECTION,src/tracking/advanced_tracker.py:_activate_slot,1290_105_248_311_357
R,CLAMP,CLAMP,0
L,4,1290,DETECTION,src/tracking/advanced_tracker.py:_activate_slot,1290_290_1001_472_1103
R,CLAMP,CLAMP,0
L,6,1290,PREDICTION,src/tracking/advanced_tracker.py:id_merge,
R,PREDICTION,PREDICTION,1
L,8,1290,PREDICTION,src/tracking/advanced_tracker.py:flow_gapfill_batched,
R,CLAMP,CLAMP,0
A,1290
S,4,1296,PREDICTION,src/tracking/advanced_tracker.py:kalman_homography,
S,5,1296,PREDICTION,src/tracking/advanced_tracker.py:kalman_homography,
S,6,1296,PREDICTION,src/tracking/advanced_tracker.py:kalman_homography,
S,3,1296,PREDICTION,src/tracking/advanced_tracker.py:flow_gapfill_batched,
S,10,1296,PREDICTION,src/tracking/advanced_tracker.py:flow_gapfill_batched,
D,5,1296
S,6,1296,PREDICTION,src/tracking/advanced_tracker.py:id_merge,
L,3,1296,PREDICTION,src/tracking/advanced_tracker.py:flow_gapfill_batched,
R,PREDICTION,PREDICTION,1
L,4,1296,PREDICTION,src/tracking/advanced_tracker.py:kalman_homography,
R,CLAMP,CLAMP,0
L,6,1296,PREDICTION,src/tracking/advanced_tracker.py:id_merge,
R,PREDICTION,PREDICTION,1
A,1296
S,4,1302,PREDICTION,src/tracking/advanced_tracker.py:kalman_homography,
S,6,1302,PREDICTION,src/tracking/advanced_tracker.py:kalman_homography,
S,3,1302,PREDICTION,src/tracking/advanced_tracker.py:flow_gapfill_batched,
S,5,1302,PREDICTION,src/tracking/advanced_tracker.py:flow_gapfill_batched,
D,5,1302
S,6,1302,PREDICTION,src/tracking/advanced_tracker.py:id_merge,
L,3,1302,PREDICTION,src/tracking/advanced_tracker.py:flow_gapfill_batched,
R,PREDICTION,PREDICTION,1
L,4,1302,PREDICTION,src/tracking/advanced_tracker.py:kalman_homography,
R,CLAMP,CLAMP,0
L,6,1302,PREDICTION,src/tracking/advanced_tracker.py:id_merge,
R,PREDICTION,PREDICTION,1
A,1302
S,1,1308,DETECTION,src/tracking/advanced_tracker.py:_activate_slot,1308_141_296_295_431
S,2,1308,DETECTION,src/tracking/advanced_tracker.py:_activate_slot,1308_148_432_334_527
S,4,1308,PREDICTION,src/tracking/advanced_tracker.py:kalman_homography,
S,6,1308,PREDICTION,src/tracking/advanced_tracker.py:kalman_homography,
S,3,1308,PREDICTION,src/tracking/advanced_tracker.py:flow_gapfill_batched,
S,10,1308,PREDICTION,src/tracking/advanced_tracker.py:flow_gapfill_batched,
D,3,1308
S,1,1308,PREDICTION,src/tracking/advanced_tracker.py:id_merge,
L,1,1308,PREDICTION,src/tracking/advanced_tracker.py:id_merge,
R,PREDICTION,PREDICTION,1
L,2,1308,DETECTION,src/tracking/advanced_tracker.py:_activate_slot,1308_148_432_334_527
R,DETECTION,DETECTION,1
L,4,1308,PREDICTION,src/tracking/advanced_tracker.py:kalman_homography,
R,CLAMP,CLAMP,0
L,6,1308,PREDICTION,src/tracking/advanced_tracker.py:kalman_homography,
R,PREDICTION,PREDICTION,1
A,1308
S,10,1314,DETECTION,src/tracking/advanced_tracker.py:_activate_slot,1314_551_959_675_1065
S,0,1314,DETECTION,src/tracking/advanced_tracker.py:_activate_slot,1314_-2_1001_179_1113
S,9,1314,DETECTION,src/tracking/advanced_tracker.py:_activate_slot,1314_556_1028_674_1120
S,1,1314,PREDICTION,src/tracking/advanced_tracker.py:kalman_homography,
S,2,1314,PREDICTION,src/tracking/advanced_tracker.py:kalman_homography,
S,4,1314,PREDICTION,src/tracking/advanced_tracker.py:kalman_homography,
S,6,1314,PREDICTION,src/tracking/advanced_tracker.py:kalman_homography,
S,3,1314,PREDICTION,src/tracking/advanced_tracker.py:flow_gapfill_batched,
D,3,1314
S,2,1314,PREDICTION,src/tracking/advanced_tracker.py:id_merge,
L,0,1314,DETECTION,src/tracking/advanced_tracker.py:_activate_slot,1314_-2_1001_179_1113
R,CLAMP,CLAMP,0
L,1,1314,PREDICTION,src/tracking/advanced_tracker.py:kalman_homography,
R,PREDICTION,PREDICTION,1
L,2,1314,PREDICTION,src/tracking/advanced_tracker.py:id_merge,
R,PREDICTION,PREDICTION,1
L,4,1314,PREDICTION,src/tracking/advanced_tracker.py:kalman_homography,
R,CLAMP,CLAMP,0
L,6,1314,PREDICTION,src/tracking/advanced_tracker.py:kalman_homography,
R,PREDICTION,PREDICTION,1
L,9,1314,DETECTION,src/tracking/advanced_tracker.py:_activate_slot,1314_556_1028_674_1120
R,CLAMP,CLAMP,0
A,1314
S,6,1320,DETECTION,src/tracking/advanced_tracker.py:_activate_slot,1320_-11_920_103_986
S,7,1320,DETECTION,src/tracking/advanced_tracker.py:_activate_slot,1320_2_1019_182_1109
S,0,1320,PREDICTION,src/tracking/advanced_tracker.py:kalman_homography,
S,1,1320,PREDICTION,src/tracking/advanced_tracker.py:kalman_homography,
S,2,1320,PREDICTION,src/tracking/advanced_tracker.py:kalman_homography,
S,4,1320,PREDICTION,src/tracking/advanced_tracker.py:kalman_homography,
S,3,1320,PREDICTION,src/tracking/advanced_tracker.py:flow_gapfill_batched,
D,3,1320
S,2,1320,PREDICTION,src/tracking/advanced_tracker.py:id_merge,
L,0,1320,PREDICTION,src/tracking/advanced_tracker.py:kalman_homography,
R,CLAMP,CLAMP,0
L,1,1320,PREDICTION,src/tracking/advanced_tracker.py:kalman_homography,
R,PREDICTION,PREDICTION,1
L,2,1320,PREDICTION,src/tracking/advanced_tracker.py:id_merge,
R,PREDICTION,SUBPIXEL,0
L,4,1320,PREDICTION,src/tracking/advanced_tracker.py:kalman_homography,
R,CLAMP,CLAMP,0
L,6,1320,DETECTION,src/tracking/advanced_tracker.py:_activate_slot,1320_-11_920_103_986
R,DETECTION,DETECTION,1
L,7,1320,DETECTION,src/tracking/advanced_tracker.py:_activate_slot,1320_2_1019_182_1109
R,CLAMP,CLAMP,0
A,1320
S,0,1326,PREDICTION,src/tracking/advanced_tracker.py:kalman_homography,
S,1,1326,PREDICTION,src/tracking/advanced_tracker.py:kalman_homography,
S,2,1326,PREDICTION,src/tracking/advanced_tracker.py:kalman_homography,
S,4,1326,PREDICTION,src/tracking/advanced_tracker.py:kalman_homography,
S,6,1326,PREDICTION,src/tracking/advanced_tracker.py:kalman_homography,
S,7,1326,PREDICTION,src/tracking/advanced_tracker.py:kalman_homography,
S,3,1326,PREDICTION,src/tracking/advanced_tracker.py:flow_gapfill_batched,
L,0,1326,PREDICTION,src/tracking/advanced_tracker.py:kalman_homography,
R,CLAMP,CLAMP,0
L,1,1326,PREDICTION,src/tracking/advanced_tracker.py:kalman_homography,
R,PREDICTION,PREDICTION,1
L,2,1326,PREDICTION,src/tracking/advanced_tracker.py:kalman_homography,
R,PREDICTION,SUBPIXEL,0
L,3,1326,PREDICTION,src/tracking/advanced_tracker.py:flow_gapfill_batched,
R,CLAMP,CLAMP,0
L,4,1326,PREDICTION,src/tracking/advanced_tracker.py:kalman_homography,
R,CLAMP,CLAMP,0
L,6,1326,PREDICTION,src/tracking/advanced_tracker.py:kalman_homography,
R,PREDICTION,PREDICTION,1
L,7,1326,PREDICTION,src/tracking/advanced_tracker.py:kalman_homography,
R,CLAMP,CLAMP,0
A,1326
S,9,1332,DETECTION,src/tracking/advanced_tracker.py:_activate_slot,1332_576_1017_674_1107
S,8,1332,DETECTION,src/tracking/advanced_tracker.py:_activate_slot,1332_22_1043_186_1169
S,0,1332,PREDICTION,src/tracking/advanced_tracker.py:kalman_homography,
S,1,1332,PREDICTION,src/tracking/advanced_tracker.py:kalman_homography,
S,2,1332,PREDICTION,src/tracking/advanced_tracker.py:kalman_homography,
S,4,1332,PREDICTION,src/tracking/advanced_tracker.py:kalman_homography,
S,6,1332,PREDICTION,src/tracking/advanced_tracker.py:kalman_homography,
S,7,1332,PREDICTION,src/tracking/advanced_tracker.py:kalman_homography,
S,10,1332,PREDICTION,src/tracking/advanced_tracker.py:kalman_homography,
S,3,1332,PREDICTION,src/tracking/advanced_tracker.py:flow_gapfill_batched,
D,7,1332
S,8,1332,PREDICTION,src/tracking/advanced_tracker.py:id_merge,
L,0,1332,PREDICTION,src/tracking/advanced_tracker.py:kalman_homography,
R,CLAMP,CLAMP,0
L,1,1332,PREDICTION,src/tracking/advanced_tracker.py:kalman_homography,
R,PREDICTION,PREDICTION,1
L,2,1332,PREDICTION,src/tracking/advanced_tracker.py:kalman_homography,
R,PREDICTION,SUBPIXEL,0
L,3,1332,PREDICTION,src/tracking/advanced_tracker.py:flow_gapfill_batched,
R,CLAMP,CLAMP,0
L,4,1332,PREDICTION,src/tracking/advanced_tracker.py:kalman_homography,
R,CLAMP,CLAMP,0
L,6,1332,PREDICTION,src/tracking/advanced_tracker.py:kalman_homography,
R,PREDICTION,PREDICTION,1
L,8,1332,PREDICTION,src/tracking/advanced_tracker.py:id_merge,
R,CLAMP,CLAMP,0
L,9,1332,DETECTION,src/tracking/advanced_tracker.py:_activate_slot,1332_576_1017_674_1107
R,CLAMP,CLAMP,0
A,1332
S,0,1338,DETECTION,src/tracking/advanced_tracker.py:_activate_slot,1338_0_999_121_1069
S,1,1338,PREDICTION,src/tracking/advanced_tracker.py:kalman_homography,
S,2,1338,PREDICTION,src/tracking/advanced_tracker.py:kalman_homography,
S,6,1338,PREDICTION,src/tracking/advanced_tracker.py:kalman_homography,
S,7,1338,PREDICTION,src/tracking/advanced_tracker.py:kalman_homography,
S,8,1338,PREDICTION,src/tracking/advanced_tracker.py:kalman_homography,
S,10,1338,PREDICTION,src/tracking/advanced_tracker.py:kalman_homography,
S,3,1338,PREDICTION,src/tracking/advanced_tracker.py:flow_gapfill_batched,
S,4,1338,PREDICTION,src/tracking/advanced_tracker.py:flow_gapfill_batched,
S,9,1338,PREDICTION,src/tracking/advanced_tracker.py:flow_gapfill_batched,
D,7,1338
S,8,1338,PREDICTION,src/tracking/advanced_tracker.py:id_merge,
L,0,1338,DETECTION,src/tracking/advanced_tracker.py:_activate_slot,1338_0_999_121_1069
R,CLAMP,CLAMP,0
L,1,1338,PREDICTION,src/tracking/advanced_tracker.py:kalman_homography,
R,PREDICTION,PREDICTION,1
L,2,1338,PREDICTION,src/tracking/advanced_tracker.py:kalman_homography,
R,PREDICTION,SUBPIXEL,0
L,3,1338,PREDICTION,src/tracking/advanced_tracker.py:flow_gapfill_batched,
R,CLAMP,CLAMP,0
L,4,1338,PREDICTION,src/tracking/advanced_tracker.py:flow_gapfill_batched,
R,CLAMP,CLAMP,0
L,6,1338,PREDICTION,src/tracking/advanced_tracker.py:kalman_homography,
R,PREDICTION,PREDICTION,1
L,8,1338,PREDICTION,src/tracking/advanced_tracker.py:id_merge,
R,CLAMP,CLAMP,0
L,9,1338,PREDICTION,src/tracking/advanced_tracker.py:flow_gapfill_batched,
R,CLAMP,CLAMP,0
A,1338
S,5,1344,DETECTION,src/tracking/advanced_tracker.py:_activate_slot,1344_43_1081_191_1187
S,0,1344,PREDICTION,src/tracking/advanced_tracker.py:kalman_homography,
S,1,1344,PREDICTION,src/tracking/advanced_tracker.py:kalman_homography,
S,2,1344,PREDICTION,src/tracking/advanced_tracker.py:kalman_homography,
S,6,1344,PREDICTION,src/tracking/advanced_tracker.py:kalman_homography,
S,7,1344,PREDICTION,src/tracking/advanced_tracker.py:kalman_homography,
S,8,1344,PREDICTION,src/tracking/advanced_tracker.py:kalman_homography,
S,10,1344,PREDICTION,src/tracking/advanced_tracker.py:kalman_homography,
S,9,1344,PREDICTION,src/tracking/advanced_tracker.py:flow_gapfill_batched,
D,7,1344
S,5,1344,PREDICTION,src/tracking/advanced_tracker.py:id_merge,
D,8,1344
S,5,1344,PREDICTION,src/tracking/advanced_tracker.py:id_merge,
L,0,1344,PREDICTION,src/tracking/advanced_tracker.py:kalman_homography,
R,CLAMP,CLAMP,0
L,1,1344,PREDICTION,src/tracking/advanced_tracker.py:kalman_homography,
R,PREDICTION,PREDICTION,1
L,2,1344,PREDICTION,src/tracking/advanced_tracker.py:kalman_homography,
R,PREDICTION,SUBPIXEL,0
L,5,1344,PREDICTION,src/tracking/advanced_tracker.py:id_merge,
R,CLAMP,CLAMP,0
L,6,1344,PREDICTION,src/tracking/advanced_tracker.py:kalman_homography,
R,PREDICTION,PREDICTION,1
L,9,1344,PREDICTION,src/tracking/advanced_tracker.py:flow_gapfill_batched,
R,CLAMP,CLAMP,0
A,1344
S,4,1350,DETECTION,src/tracking/advanced_tracker.py:_activate_slot,1350_307_987_495_1075
S,0,1350,PREDICTION,src/tracking/advanced_tracker.py:kalman_homography,
S,1,1350,PREDICTION,src/tracking/advanced_tracker.py:kalman_homography,
S,2,1350,PREDICTION,src/tracking/advanced_tracker.py:kalman_homography,
S,5,1350,PREDICTION,src/tracking/advanced_tracker.py:kalman_homography,
S,6,1350,PREDICTION,src/tracking/advanced_tracker.py:kalman_homography,
S,7,1350,PREDICTION,src/tracking/advanced_tracker.py:kalman_homography,
S,8,1350,PREDICTION,src/tracking/advanced_tracker.py:kalman_homography,
S,10,1350,PREDICTION,src/tracking/advanced_tracker.py:kalman_homography,
S,9,1350,PREDICTION,src/tracking/advanced_tracker.py:flow_gapfill_batched,
D,7,1350
S,5,1350,PREDICTION,src/tracking/advanced_tracker.py:id_merge,
D,8,1350
S,5,1350,PREDICTION,src/tracking/advanced_tracker.py:id_merge,
L,0,1350,PREDICTION,src/tracking/advanced_tracker.py:kalman_homography,
R,CLAMP,CLAMP,0
L,1,1350,PREDICTION,src/tracking/advanced_tracker.py:kalman_homography,
R,PREDICTION,PREDICTION,1
L,2,1350,PREDICTION,src/tracking/advanced_tracker.py:kalman_homography,
R,PREDICTION,SUBPIXEL,0
L,4,1350,DETECTION,src/tracking/advanced_tracker.py:_activate_slot,1350_307_987_495_1075
R,CLAMP,CLAMP,0
L,5,1350,PREDICTION,src/tracking/advanced_tracker.py:id_merge,
R,CLAMP,CLAMP,0
L,6,1350,PREDICTION,src/tracking/advanced_tracker.py:kalman_homography,
R,PREDICTION,PREDICTION,1
L,9,1350,PREDICTION,src/tracking/advanced_tracker.py:flow_gapfill_batched,
R,CLAMP,CLAMP,0
A,1350
S,4,1356,DETECTION,src/tracking/advanced_tracker.py:_activate_slot,1356_315_989_485_1071
S,9,1356,DETECTION,src/tracking/advanced_tracker.py:_activate_slot,1356_587_1037_675_1123
S,0,1356,PREDICTION,src/tracking/advanced_tracker.py:kalman_homography,
S,5,1356,PREDICTION,src/tracking/advanced_tracker.py:kalman_homography,
S,7,1356,PREDICTION,src/tracking/advanced_tracker.py:kalman_homography,
S,8,1356,PREDICTION,src/tracking/advanced_tracker.py:kalman_homography,
S,10,1356,PREDICTION,src/tracking/advanced_tracker.py:kalman_homography,
S,1,1356,PREDICTION,src/tracking/advanced_tracker.py:flow_gapfill_batched,
S,2,1356,PREDICTION,src/tracking/advanced_tracker.py:flow_gapfill_batched,
S,6,1356,PREDICTION,src/tracking/advanced_tracker.py:flow_gapfill_batched,
D,7,1356
S,5,1356,PREDICTION,src/tracking/advanced_tracker.py:id_merge,
D,8,1356
S,5,1356,PREDICTION,src/tracking/advanced_tracker.py:id_merge,
L,0,1356,PREDICTION,src/tracking/advanced_tracker.py:kalman_homography,
R,CLAMP,CLAMP,0
L,1,1356,PREDICTION,src/tracking/advanced_tracker.py:flow_gapfill_batched,
R,PREDICTION,PREDICTION,1
L,2,1356,PREDICTION,src/tracking/advanced_tracker.py:flow_gapfill_batched,
R,PREDICTION,PREDICTION,1
L,4,1356,DETECTION,src/tracking/advanced_tracker.py:_activate_slot,1356_315_989_485_1071
R,CLAMP,CLAMP,0
L,5,1356,PREDICTION,src/tracking/advanced_tracker.py:id_merge,
R,CLAMP,CLAMP,0
L,6,1356,PREDICTION,src/tracking/advanced_tracker.py:flow_gapfill_batched,
R,PREDICTION,PREDICTION,1
L,9,1356,DETECTION,src/tracking/advanced_tracker.py:_activate_slot,1356_587_1037_675_1123
R,CLAMP,CLAMP,0
A,1356
S,4,1362,DETECTION,src/tracking/advanced_tracker.py:_activate_slot,1362_311_991_496_1087
S,9,1362,DETECTION,src/tracking/advanced_tracker.py:_activate_slot,1362_589_1075_675_1169
S,0,1362,PREDICTION,src/tracking/advanced_tracker.py:kalman_homography,
S,5,1362,PREDICTION,src/tracking/advanced_tracker.py:kalman_homography,
S,7,1362,PREDICTION,src/tracking/advanced_tracker.py:kalman_homography,
S,8,1362,PREDICTION,src/tracking/advanced_tracker.py:kalman_homography,
S,6,1362,PREDICTION,src/tracking/advanced_tracker.py:flow_gapfill_batched,
D,7,1362
S,5,1362,PREDICTION,src/tracking/advanced_tracker.py:id_merge,
D,8,1362
S,5,1362,PREDICTION,src/tracking/advanced_tracker.py:id_merge,
L,0,1362,PREDICTION,src/tracking/advanced_tracker.py:kalman_homography,
R,CLAMP,CLAMP,0
L,4,1362,DETECTION,src/tracking/advanced_tracker.py:_activate_slot,1362_311_991_496_1087
R,CLAMP,CLAMP,0
L,5,1362,PREDICTION,src/tracking/advanced_tracker.py:id_merge,
R,CLAMP,CLAMP,0
L,6,1362,PREDICTION,src/tracking/advanced_tracker.py:flow_gapfill_batched,
R,PREDICTION,PREDICTION,1
L,9,1362,DETECTION,src/tracking/advanced_tracker.py:_activate_slot,1362_589_1075_675_1169
R,CLAMP,CLAMP,0
A,1362
S,4,1368,DETECTION,src/tracking/advanced_tracker.py:_activate_slot,1368_309_984_493_1098
S,9,1368,DETECTION,src/tracking/advanced_tracker.py:_activate_slot,1368_593_1115_675_1205
S,0,1368,PREDICTION,src/tracking/advanced_tracker.py:kalman_homography,
S,5,1368,PREDICTION,src/tracking/advanced_tracker.py:kalman_homography,
S,8,1368,PREDICTION,src/tracking/advanced_tracker.py:kalman_homography,
S,6,1368,PREDICTION,src/tracking/advanced_tracker.py:flow_gapfill_batched,
S,7,1368,PREDICTION,src/tracking/advanced_tracker.py:flow_gapfill_batched,
D,7,1368
S,5,1368,PREDICTION,src/tracking/advanced_tracker.py:id_merge,
D,8,1368
S,5,1368,PREDICTION,src/tracking/advanced_tracker.py:id_merge,
L,0,1368,PREDICTION,src/tracking/advanced_tracker.py:kalman_homography,
R,CLAMP,CLAMP,0
L,4,1368,DETECTION,src/tracking/advanced_tracker.py:_activate_slot,1368_309_984_493_1098
R,CLAMP,CLAMP,0
L,5,1368,PREDICTION,src/tracking/advanced_tracker.py:id_merge,
R,CLAMP,CLAMP,0
L,6,1368,PREDICTION,src/tracking/advanced_tracker.py:flow_gapfill_batched,
R,PREDICTION,PREDICTION,1
L,9,1368,DETECTION,src/tracking/advanced_tracker.py:_activate_slot,1368_593_1115_675_1205
R,CLAMP,CLAMP,0
A,1368
S,4,1374,DETECTION,src/tracking/advanced_tracker.py:_activate_slot,1374_119_585_290_691
S,5,1374,PREDICTION,src/tracking/advanced_tracker.py:kalman_homography,
S,8,1374,PREDICTION,src/tracking/advanced_tracker.py:kalman_homography,
S,0,1374,PREDICTION,src/tracking/advanced_tracker.py:flow_gapfill_batched,
D,8,1374
S,5,1374,PREDICTION,src/tracking/advanced_tracker.py:id_merge,
L,0,1374,PREDICTION,src/tracking/advanced_tracker.py:flow_gapfill_batched,
R,CLAMP,CLAMP,0
L,4,1374,DETECTION,src/tracking/advanced_tracker.py:_activate_slot,1374_119_585_290_691
R,DETECTION,DETECTION,1
L,5,1374,PREDICTION,src/tracking/advanced_tracker.py:id_merge,
R,CLAMP,CLAMP,0
A,1374
S,4,1380,DETECTION,src/tracking/advanced_tracker.py:_activate_slot,1380_99_554_261_636
S,5,1380,DETECTION,src/tracking/advanced_tracker.py:_activate_slot,1380_33_1141_201_1215
S,3,1380,DETECTION,src/tracking/advanced_tracker.py:_activate_slot,1380_128_837_306_967
S,0,1380,PREDICTION,src/tracking/advanced_tracker.py:flow_gapfill_batched,
S,8,1380,PREDICTION,src/tracking/advanced_tracker.py:flow_gapfill_batched,
S,9,1380,PREDICTION,src/tracking/advanced_tracker.py:flow_gapfill_batched,
L,0,1380,PREDICTION,src/tracking/advanced_tracker.py:flow_gapfill_batched,
R,CLAMP,CLAMP,0
L,3,1380,DETECTION,src/tracking/advanced_tracker.py:_activate_slot,1380_128_837_306_967
R,CLAMP,CLAMP,0
L,4,1380,DETECTION,src/tracking/advanced_tracker.py:_activate_slot,1380_99_554_261_636
R,DETECTION,DETECTION,1
L,5,1380,DETECTION,src/tracking/advanced_tracker.py:_activate_slot,1380_33_1141_201_1215
R,CLAMP,CLAMP,0
L,8,1380,PREDICTION,src/tracking/advanced_tracker.py:flow_gapfill_batched,
R,CLAMP,CLAMP,0
L,9,1380,PREDICTION,src/tracking/advanced_tracker.py:flow_gapfill_batched,
R,CLAMP,CLAMP,0
A,1380
S,4,1386,DETECTION,src/tracking/advanced_tracker.py:_activate_slot,1386_127_646_295_717
S,9,1386,DETECTION,src/tracking/advanced_tracker.py:_activate_slot,1386_579_1187_674_1281
S,3,1386,PREDICTION,src/tracking/advanced_tracker.py:kalman_homography,
S,5,1386,PREDICTION,src/tracking/advanced_tracker.py:kalman_homography,
S,0,1386,PREDICTION,src/tracking/advanced_tracker.py:flow_gapfill_batched,
L,0,1386,PREDICTION,src/tracking/advanced_tracker.py:flow_gapfill_batched,
R,CLAMP,CLAMP,0
L,3,1386,PREDICTION,src/tracking/advanced_tracker.py:kalman_homography,
R,CLAMP,CLAMP,0
L,4,1386,DETECTION,src/tracking/advanced_tracker.py:_activate_slot,1386_127_646_295_717
R,DETECTION,DETECTION,1
L,5,1386,PREDICTION,src/tracking/advanced_tracker.py:kalman_homography,
R,CLAMP,CLAMP,0
L,9,1386,DETECTION,src/tracking/advanced_tracker.py:_activate_slot,1386_579_1187_674_1281
R,CLAMP,CLAMP,0
A,1386
S,3,1392,DETECTION,src/tracking/advanced_tracker.py:_activate_slot,1392_135_857_307_953
S,4,1392,PREDICTION,src/tracking/advanced_tracker.py:kalman_homography,
S,5,1392,PREDICTION,src/tracking/advanced_tracker.py:kalman_homography,
L,3,1392,DETECTION,src/tracking/advanced_tracker.py:_activate_slot,1392_135_857_307_953
R,CLAMP,CLAMP,0
L,4,1392,PREDICTION,src/tracking/advanced_tracker.py:kalman_homography,
R,PREDICTION,PREDICTION,1
L,5,1392,PREDICTION,src/tracking/advanced_tracker.py:kalman_homography,
R,CLAMP,CLAMP,0
A,1392
S,3,1398,DETECTION,src/tracking/advanced_tracker.py:_activate_slot,1398_132_867_311_971
S,1,1398,DETECTION,src/tracking/advanced_tracker.py:_activate_slot,1398_258_746_457_852
S,2,1398,DETECTION,src/tracking/advanced_tracker.py:_activate_slot,1398_322_979_497_1065
S,4,1398,PREDICTION,src/tracking/advanced_tracker.py:kalman_homography,
S,5,1398,PREDICTION,src/tracking/advanced_tracker.py:kalman_homography,
S,9,1398,PREDICTION,src/tracking/advanced_tracker.py:flow_gapfill_batched,
L,1,1398,DETECTION,src/tracking/advanced_tracker.py:_activate_slot,1398_258_746_457_852
R,CLAMP,CLAMP,0
L,2,1398,DETECTION,src/tracking/advanced_tracker.py:_activate_slot,1398_322_979_497_1065
R,CLAMP,CLAMP,0
L,3,1398,DETECTION,src/tracking/advanced_tracker.py:_activate_slot,1398_132_867_311_971
R,CLAMP,CLAMP,0
L,4,1398,PREDICTION,src/tracking/advanced_tracker.py:kalman_homography,
R,PREDICTION,PREDICTION,1
L,5,1398,PREDICTION,src/tracking/advanced_tracker.py:kalman_homography,
R,CLAMP,CLAMP,0
L,9,1398,PREDICTION,src/tracking/advanced_tracker.py:flow_gapfill_batched,
R,CLAMP,CLAMP,0
A,1398
S,10,1404,DETECTION,src/tracking/advanced_tracker.py:_activate_slot,1404_491_747_601_839
S,1,1404,PREDICTION,src/tracking/advanced_tracker.py:kalman_homography,
S,2,1404,PREDICTION,src/tracking/advanced_tracker.py:kalman_homography,
S,3,1404,PREDICTION,src/tracking/advanced_tracker.py:kalman_homography,
S,4,1404,PREDICTION,src/tracking/advanced_tracker.py:kalman_homography,
S,5,1404,PREDICTION,src/tracking/advanced_tracker.py:kalman_homography,
L,1,1404,PREDICTION,src/tracking/advanced_tracker.py:kalman_homography,
R,CLAMP,CLAMP,0
L,2,1404,PREDICTION,src/tracking/advanced_tracker.py:kalman_homography,
R,CLAMP,CLAMP,0
L,3,1404,PREDICTION,src/tracking/advanced_tracker.py:kalman_homography,
R,CLAMP,CLAMP,0
L,4,1404,PREDICTION,src/tracking/advanced_tracker.py:kalman_homography,
R,PREDICTION,PREDICTION,1
L,5,1404,PREDICTION,src/tracking/advanced_tracker.py:kalman_homography,
R,CLAMP,CLAMP,0
A,1404
S,10,1410,DETECTION,src/tracking/advanced_tracker.py:_activate_slot,1410_490_782_596_877
S,6,1410,DETECTION,src/tracking/advanced_tracker.py:_activate_slot,1410_30_1202_203_1294
S,7,1410,DETECTION,src/tracking/advanced_tracker.py:_activate_slot,1410_9_561_127_630
S,1,1410,PREDICTION,src/tracking/advanced_tracker.py:kalman_homography,
S,2,1410,PREDICTION,src/tracking/advanced_tracker.py:kalman_homography,
S,3,1410,PREDICTION,src/tracking/advanced_tracker.py:kalman_homography,
S,4,1410,PREDICTION,src/tracking/advanced_tracker.py:kalman_homography,
S,5,1410,PREDICTION,src/tracking/advanced_tracker.py:kalman_homography,
D,5,1410
S,6,1410,PREDICTION,src/tracking/advanced_tracker.py:id_merge,
L,1,1410,PREDICTION,src/tracking/advanced_tracker.py:kalman_homography,
R,CLAMP,CLAMP,0
L,2,1410,PREDICTION,src/tracking/advanced_tracker.py:kalman_homography,
R,CLAMP,CLAMP,0
L,3,1410,PREDICTION,src/tracking/advanced_tracker.py:kalman_homography,
R,CLAMP,CLAMP,0
L,4,1410,PREDICTION,src/tracking/advanced_tracker.py:kalman_homography,
R,PREDICTION,PREDICTION,1
L,6,1410,PREDICTION,src/tracking/advanced_tracker.py:id_merge,
R,PREDICTION,PREDICTION,1
L,7,1410,DETECTION,src/tracking/advanced_tracker.py:_activate_slot,1410_9_561_127_630
R,CLAMP,CLAMP,0
A,1410
S,2,1416,DETECTION,src/tracking/advanced_tracker.py:_activate_slot,1416_317_979_511_1111
S,6,1416,DETECTION,src/tracking/advanced_tracker.py:_activate_slot,1416_61_1191_194_1295
S,1,1416,PREDICTION,src/tracking/advanced_tracker.py:kalman_homography,
S,3,1416,PREDICTION,src/tracking/advanced_tracker.py:kalman_homography,
S,4,1416,PREDICTION,src/tracking/advanced_tracker.py:kalman_homography,
S,5,1416,PREDICTION,src/tracking/advanced_tracker.py:kalman_homography,
S,7,1416,PREDICTION,src/tracking/advanced_tracker.py:kalman_homography,
S,10,1416,PREDICTION,src/tracking/advanced_tracker.py:kalman_homography,
D,5,1416
S,6,1416,PREDICTION,src/tracking/advanced_tracker.py:id_merge,
L,1,1416,PREDICTION,src/tracking/advanced_tracker.py:kalman_homography,
R,CLAMP,CLAMP,0
L,2,1416,DETECTION,src/tracking/advanced_tracker.py:_activate_slot,1416_317_979_511_1111
R,CLAMP,CLAMP,0
L,3,1416,PREDICTION,src/tracking/advanced_tracker.py:kalman_homography,
R,CLAMP,CLAMP,0
L,4,1416,PREDICTION,src/tracking/advanced_tracker.py:kalman_homography,
R,PREDICTION,PREDICTION,1
L,6,1416,PREDICTION,src/tracking/advanced_tracker.py:id_merge,
R,PREDICTION,PREDICTION,1
L,7,1416,PREDICTION,src/tracking/advanced_tracker.py:kalman_homography,
R,CLAMP,CLAMP,0
A,1416
S,8,1422,DETECTION,src/tracking/advanced_tracker.py:_activate_slot,1422_503_982_645_1104
S,1,1422,PREDICTION,src/tracking/advanced_tracker.py:kalman_homography,
S,2,1422,PREDICTION,src/tracking/advanced_tracker.py:kalman_homography,
S,3,1422,PREDICTION,src/tracking/advanced_tracker.py:kalman_homography,
S,5,1422,PREDICTION,src/tracking/advanced_tracker.py:kalman_homography,
S,6,1422,PREDICTION,src/tracking/advanced_tracker.py:kalman_homography,
S,7,1422,PREDICTION,src/tracking/advanced_tracker.py:kalman_homography,
S,10,1422,PREDICTION,src/tracking/advanced_tracker.py:kalman_homography,
S,4,1422,PREDICTION,src/tracking/advanced_tracker.py:flow_gapfill_batched,
S,9,1422,PREDICTION,src/tracking/advanced_tracker.py:flow_gapfill_batched,
D,5,1422
S,6,1422,PREDICTION,src/tracking/advanced_tracker.py:id_merge,
L,1,1422,PREDICTION,src/tracking/advanced_tracker.py:kalman_homography,
R,CLAMP,CLAMP,0
L,2,1422,PREDICTION,src/tracking/advanced_tracker.py:kalman_homography,
R,CLAMP,CLAMP,0
L,3,1422,PREDICTION,src/tracking/advanced_tracker.py:kalman_homography,
R,CLAMP,CLAMP,0
L,4,1422,PREDICTION,src/tracking/advanced_tracker.py:flow_gapfill_batched,
R,PREDICTION,PREDICTION,1
L,6,1422,PREDICTION,src/tracking/advanced_tracker.py:id_merge,
R,PREDICTION,PREDICTION,1
L,7,1422,PREDICTION,src/tracking/advanced_tracker.py:kalman_homography,
R,CLAMP,CLAMP,0
L,8,1422,DETECTION,src/tracking/advanced_tracker.py:_activate_slot,1422_503_982_645_1104
R,CLAMP,CLAMP,0
L,9,1422,PREDICTION,src/tracking/advanced_tracker.py:flow_gapfill_batched,
R,CLAMP,CLAMP,0
A,1422
S,0,1428,DETECTION,src/tracking/advanced_tracker.py:_activate_slot,1428_121_445_310_526
S,1,1428,PREDICTION,src/tracking/advanced_tracker.py:kalman_homography,
S,2,1428,PREDICTION,src/tracking/advanced_tracker.py:kalman_homography,
S,3,1428,PREDICTION,src/tracking/advanced_tracker.py:kalman_homography,
S,6,1428,PREDICTION,src/tracking/advanced_tracker.py:kalman_homography,
S,7,1428,PREDICTION,src/tracking/advanced_tracker.py:kalman_homography,
S,8,1428,PREDICTION,src/tracking/advanced_tracker.py:kalman_homography,
S,10,1428,PREDICTION,src/tracking/advanced_tracker.py:kalman_homography,
S,4,1428,PREDICTION,src/tracking/advanced_tracker.py:flow_gapfill_batched,
S,5,1428,PREDICTION,src/tracking/advanced_tracker.py:flow_gapfill_batched,
D,5,1428
S,6,1428,PREDICTION,src/tracking/advanced_tracker.py:id_merge,
L,0,1428,DETECTION,src/tracking/advanced_tracker.py:_activate_slot,1428_121_445_310_526
R,CLAMP,CLAMP,0
L,1,1428,PREDICTION,src/tracking/advanced_tracker.py:kalman_homography,
R,CLAMP,CLAMP,0
L,2,1428,PREDICTION,src/tracking/advanced_tracker.py:kalman_homography,
R,CLAMP,CLAMP,0
L,3,1428,PREDICTION,src/tracking/advanced_tracker.py:kalman_homography,
R,CLAMP,CLAMP,0
L,4,1428,PREDICTION,src/tracking/advanced_tracker.py:flow_gapfill_batched,
R,PREDICTION,PREDICTION,1
L,6,1428,PREDICTION,src/tracking/advanced_tracker.py:id_merge,
R,PREDICTION,PREDICTION,1
L,7,1428,PREDICTION,src/tracking/advanced_tracker.py:kalman_homography,
R,CLAMP,CLAMP,0
L,8,1428,PREDICTION,src/tracking/advanced_tracker.py:kalman_homography,
R,CLAMP,CLAMP,0
A,1428
S,8,1434,DETECTION,src/tracking/advanced_tracker.py:_activate_slot,1434_507_1039_657_1141
S,0,1434,PREDICTION,src/tracking/advanced_tracker.py:kalman_homography,
S,1,1434,PREDICTION,src/tracking/advanced_tracker.py:kalman_homography,
S,2,1434,PREDICTION,src/tracking/advanced_tracker.py:kalman_homography,
S,3,1434,PREDICTION,src/tracking/advanced_tracker.py:kalman_homography,
S,6,1434,PREDICTION,src/tracking/advanced_tracker.py:kalman_homography,
S,7,1434,PREDICTION,src/tracking/advanced_tracker.py:kalman_homography,
S,10,1434,PREDICTION,src/tracking/advanced_tracker.py:kalman_homography,
S,4,1434,PREDICTION,src/tracking/advanced_tracker.py:flow_gapfill_batched,
L,0,1434,PREDICTION,src/tracking/advanced_tracker.py:kalman_homography,
R,CLAMP,CLAMP,0
L,1,1434,PREDICTION,src/tracking/advanced_tracker.py:kalman_homography,
R,CLAMP,CLAMP,0
L,2,1434,PREDICTION,src/tracking/advanced_tracker.py:kalman_homography,
R,CLAMP,CLAMP,0
L,3,1434,PREDICTION,src/tracking/advanced_tracker.py:kalman_homography,
R,CLAMP,CLAMP,0
L,4,1434,PREDICTION,src/tracking/advanced_tracker.py:flow_gapfill_batched,
R,PREDICTION,PREDICTION,1
L,6,1434,PREDICTION,src/tracking/advanced_tracker.py:kalman_homography,
R,PREDICTION,PREDICTION,1
L,7,1434,PREDICTION,src/tracking/advanced_tracker.py:kalman_homography,
R,CLAMP,CLAMP,0
L,8,1434,DETECTION,src/tracking/advanced_tracker.py:_activate_slot,1434_507_1039_657_1141
R,DETECTION,DETECTION,1
A,1434
S,0,1440,PREDICTION,src/tracking/advanced_tracker.py:kalman_homography,
S,1,1440,PREDICTION,src/tracking/advanced_tracker.py:kalman_homography,
S,2,1440,PREDICTION,src/tracking/advanced_tracker.py:kalman_homography,
S,3,1440,PREDICTION,src/tracking/advanced_tracker.py:kalman_homography,
S,6,1440,PREDICTION,src/tracking/advanced_tracker.py:kalman_homography,
S,7,1440,PREDICTION,src/tracking/advanced_tracker.py:kalman_homography,
S,8,1440,PREDICTION,src/tracking/advanced_tracker.py:kalman_homography,
S,10,1440,PREDICTION,src/tracking/advanced_tracker.py:kalman_homography,
L,0,1440,PREDICTION,src/tracking/advanced_tracker.py:kalman_homography,
R,CLAMP,CLAMP,0
L,1,1440,PREDICTION,src/tracking/advanced_tracker.py:kalman_homography,
R,CLAMP,CLAMP,0
L,2,1440,PREDICTION,src/tracking/advanced_tracker.py:kalman_homography,
R,CLAMP,CLAMP,0
L,3,1440,PREDICTION,src/tracking/advanced_tracker.py:kalman_homography,
R,CLAMP,CLAMP,0
L,6,1440,PREDICTION,src/tracking/advanced_tracker.py:kalman_homography,
R,PREDICTION,PREDICTION,1
L,7,1440,PREDICTION,src/tracking/advanced_tracker.py:kalman_homography,
R,CLAMP,CLAMP,0
L,8,1440,PREDICTION,src/tracking/advanced_tracker.py:kalman_homography,
R,PREDICTION,PREDICTION,1
A,1440
S,5,1446,DETECTION,src/tracking/advanced_tracker.py:_activate_slot,1446_33_1217_196_1295
S,8,1446,DETECTION,src/tracking/advanced_tracker.py:_activate_slot,1446_512_1081_674_1203
S,0,1446,PREDICTION,src/tracking/advanced_tracker.py:kalman_homography,
S,2,1446,PREDICTION,src/tracking/advanced_tracker.py:kalman_homography,
S,6,1446,PREDICTION,src/tracking/advanced_tracker.py:kalman_homography,
S,7,1446,PREDICTION,src/tracking/advanced_tracker.py:kalman_homography,
S,10,1446,PREDICTION,src/tracking/advanced_tracker.py:kalman_homography,
S,3,1446,PREDICTION,src/tracking/advanced_tracker.py:flow_gapfill_batched,
D,6,1446
S,5,1446,PREDICTION,src/tracking/advanced_tracker.py:id_merge,
L,0,1446,PREDICTION,src/tracking/advanced_tracker.py:kalman_homography,
R,CLAMP,CLAMP,0
L,2,1446,PREDICTION,src/tracking/advanced_tracker.py:kalman_homography,
R,CLAMP,CLAMP,0
L,3,1446,PREDICTION,src/tracking/advanced_tracker.py:flow_gapfill_batched,
R,CLAMP,CLAMP,0
L,5,1446,PREDICTION,src/tracking/advanced_tracker.py:id_merge,
R,CLAMP,CLAMP,0
L,7,1446,PREDICTION,src/tracking/advanced_tracker.py:kalman_homography,
R,CLAMP,CLAMP,0
L,8,1446,DETECTION,src/tracking/advanced_tracker.py:_activate_slot,1446_512_1081_674_1203
R,DETECTION,DETECTION,1
A,1446
S,0,1452,DETECTION,src/tracking/advanced_tracker.py:_activate_slot,1452_70_435_223_522
S,5,1452,DETECTION,src/tracking/advanced_tracker.py:_activate_slot,1452_30_1203_198_1293
S,8,1452,DETECTION,src/tracking/advanced_tracker.py:_activate_slot,1452_518_1101_670_1207
S,2,1452,PREDICTION,src/tracking/advanced_tracker.py:kalman_homography,
S,6,1452,PREDICTION,src/tracking/advanced_tracker.py:kalman_homography,
S,7,1452,PREDICTION,src/tracking/advanced_tracker.py:kalman_homography,
S,10,1452,PREDICTION,src/tracking/advanced_tracker.py:kalman_homography,
D,6,1452
S,5,1452,PREDICTION,src/tracking/advanced_tracker.py:id_merge,
L,0,1452,DETECTION,src/tracking/advanced_tracker.py:_activate_slot,1452_70_435_223_522
R,CLAMP,CLAMP,0
L,2,1452,PREDICTION,src/tracking/advanced_tracker.py:kalman_homography,
R,CLAMP,CLAMP,0
L,5,1452,PREDICTION,src/tracking/advanced_tracker.py:id_merge,
R,CLAMP,CLAMP,0
L,7,1452,PREDICTION,src/tracking/advanced_tracker.py:kalman_homography,
R,CLAMP,CLAMP,0
L,8,1452,DETECTION,src/tracking/advanced_tracker.py:_activate_slot,1452_518_1101_670_1207
R,DETECTION,DETECTION,1
A,1452
S,0,1458,PREDICTION,src/tracking/advanced_tracker.py:kalman_homography,
S,2,1458,PREDICTION,src/tracking/advanced_tracker.py:kalman_homography,
S,5,1458,PREDICTION,src/tracking/advanced_tracker.py:kalman_homography,
S,6,1458,PREDICTION,src/tracking/advanced_tracker.py:kalman_homography,
S,7,1458,PREDICTION,src/tracking/advanced_tracker.py:flow_gapfill_batched,
S,10,1458,PREDICTION,src/tracking/advanced_tracker.py:flow_gapfill_batched,
D,6,1458
S,5,1458,PREDICTION,src/tracking/advanced_tracker.py:id_merge,
L,0,1458,PREDICTION,src/tracking/advanced_tracker.py:kalman_homography,
R,CLAMP,CLAMP,0
L,2,1458,PREDICTION,src/tracking/advanced_tracker.py:kalman_homography,
R,CLAMP,CLAMP,0
L,5,1458,PREDICTION,src/tracking/advanced_tracker.py:id_merge,
R,CLAMP,CLAMP,0
L,7,1458,PREDICTION,src/tracking/advanced_tracker.py:flow_gapfill_batched,
R,CLAMP,CLAMP,0
A,1458
S,0,1464,PREDICTION,src/tracking/advanced_tracker.py:kalman_homography,
S,5,1464,PREDICTION,src/tracking/advanced_tracker.py:kalman_homography,
S,2,1464,PREDICTION,src/tracking/advanced_tracker.py:flow_gapfill_batched,
S,6,1464,PREDICTION,src/tracking/advanced_tracker.py:flow_gapfill_batched,
D,6,1464
S,5,1464,PREDICTION,src/tracking/advanced_tracker.py:id_merge,
L,0,1464,PREDICTION,src/tracking/advanced_tracker.py:kalman_homography,
R,CLAMP,CLAMP,0
L,2,1464,PREDICTION,src/tracking/advanced_tracker.py:flow_gapfill_batched,
R,CLAMP,CLAMP,0
L,5,1464,PREDICTION,src/tracking/advanced_tracker.py:id_merge,
R,CLAMP,CLAMP,0
A,1464
S,0,1470,DETECTION,src/tracking/advanced_tracker.py:_activate_slot,1470_8_425_203_512
S,6,1470,DETECTION,src/tracking/advanced_tracker.py:_activate_slot,1470_43_1163_195_1251
S,8,1470,DETECTION,src/tracking/advanced_tracker.py:_activate_slot,1470_526_1128_671_1242
S,5,1470,PREDICTION,src/tracking/advanced_tracker.py:kalman_homography,
D,5,1470
S,6,1470,PREDICTION,src/tracking/advanced_tracker.py:id_merge,
L,0,1470,DETECTION,src/tracking/advanced_tracker.py:_activate_slot,1470_8_425_203_512
R,CLAMP,CLAMP,0
L,6,1470,PREDICTION,src/tracking/advanced_tracker.py:id_merge,
R,PREDICTION,PREDICTION,1
L,8,1470,DETECTION,src/tracking/advanced_tracker.py:_activate_slot,1470_526_1128_671_1242
R,DETECTION,DETECTION,1
A,1470
S,6,1476,DETECTION,src/tracking/advanced_tracker.py:_activate_slot,1476_58_1146_196_1234
S,8,1476,DETECTION,src/tracking/advanced_tracker.py:_activate_slot,1476_529_1129_673_1239
S,4,1476,DETECTION,src/tracking/advanced_tracker.py:_activate_slot,1476_276_920_468_1030
S,9,1476,DETECTION,src/tracking/advanced_tracker.py:_activate_slot,1476_74_422_203_499
S,0,1476,PREDICTION,src/tracking/advanced_tracker.py:kalman_homography,
S,5,1476,PREDICTION,src/tracking/advanced_tracker.py:kalman_homography,
D,5,1476
S,6,1476,PREDICTION,src/tracking/advanced_tracker.py:id_merge,
L,0,1476,PREDICTION,src/tracking/advanced_tracker.py:kalman_homography,
R,CLAMP,CLAMP,0
L,4,1476,DETECTION,src/tracking/advanced_tracker.py:_activate_slot,1476_276_920_468_1030
R,CLAMP,CLAMP,0
L,6,1476,PREDICTION,src/tracking/advanced_tracker.py:id_merge,
R,PREDICTION,PREDICTION,1
L,8,1476,DETECTION,src/tracking/advanced_tracker.py:_activate_slot,1476_529_1129_673_1239
R,DETECTION,DETECTION,1
L,9,1476,DETECTION,src/tracking/advanced_tracker.py:_activate_slot,1476_74_422_203_499
R,DETECTION,DETECTION,1
A,1476
S,8,1482,DETECTION,src/tracking/advanced_tracker.py:_activate_slot,1482_533_1131_675_1253
S,0,1482,PREDICTION,src/tracking/advanced_tracker.py:kalman_homography,
S,4,1482,PREDICTION,src/tracking/advanced_tracker.py:kalman_homography,
S,5,1482,PREDICTION,src/tracking/advanced_tracker.py:kalman_homography,
S,6,1482,PREDICTION,src/tracking/advanced_tracker.py:kalman_homography,
S,9,1482,PREDICTION,src/tracking/advanced_tracker.py:kalman_homography,
D,5,1482
S,6,1482,PREDICTION,src/tracking/advanced_tracker.py:id_merge,
L,0,1482,PREDICTION,src/tracking/advanced_tracker.py:kalman_homography,
R,CLAMP,CLAMP,0
L,4,1482,PREDICTION,src/tracking/advanced_tracker.py:kalman_homography,
R,CLAMP,CLAMP,0
L,6,1482,PREDICTION,src/tracking/advanced_tracker.py:id_merge,
R,PREDICTION,PREDICTION,1
L,8,1482,DETECTION,src/tracking/advanced_tracker.py:_activate_slot,1482_533_1131_675_1253
R,DETECTION,DETECTION,1
L,9,1482,PREDICTION,src/tracking/advanced_tracker.py:kalman_homography,
R,PREDICTION,PREDICTION,1
A,1482
S,8,1488,DETECTION,src/tracking/advanced_tracker.py:_activate_slot,1488_541_1134_675_1262
S,1,1488,DETECTION,src/tracking/advanced_tracker.py:_activate_slot,1488_269_924_454_1030
S,3,1488,DETECTION,src/tracking/advanced_tracker.py:_activate_slot,1488_134_558_321_638
S,0,1488,PREDICTION,src/tracking/advanced_tracker.py:kalman_homography,
S,4,1488,PREDICTION,src/tracking/advanced_tracker.py:kalman_homography,
S,5,1488,PREDICTION,src/tracking/advanced_tracker.py:kalman_homography,
S,6,1488,PREDICTION,src/tracking/advanced_tracker.py:kalman_homography,
S,9,1488,PREDICTION,src/tracking/advanced_tracker.py:kalman_homography,
D,4,1488
S,1,1488,PREDICTION,src/tracking/advanced_tracker.py:id_merge,
L,0,1488,PREDICTION,src/tracking/advanced_tracker.py:kalman_homography,
R,CLAMP,CLAMP,0
L,1,1488,PREDICTION,src/tracking/advanced_tracker.py:id_merge,
R,CLAMP,CLAMP,0
L,3,1488,DETECTION,src/tracking/advanced_tracker.py:_activate_slot,1488_134_558_321_638
R,CLAMP,CLAMP,0
L,5,1488,PREDICTION,src/tracking/advanced_tracker.py:kalman_homography,
R,CLAMP,CLAMP,0
L,6,1488,PREDICTION,src/tracking/advanced_tracker.py:kalman_homography,
R,PREDICTION,PREDICTION,1
L,8,1488,DETECTION,src/tracking/advanced_tracker.py:_activate_slot,1488_541_1134_675_1262
R,DETECTION,DETECTION,1
L,9,1488,PREDICTION,src/tracking/advanced_tracker.py:kalman_homography,
R,PREDICTION,SUBPIXEL,0
A,1488
S,8,1494,DETECTION,src/tracking/advanced_tracker.py:_activate_slot,1494_551_1149_675_1271
S,6,1494,DETECTION,src/tracking/advanced_tracker.py:_activate_slot,1494_52_1120_208_1194
S,0,1494,PREDICTION,src/tracking/advanced_tracker.py:kalman_homography,
S,1,1494,PREDICTION,src/tracking/advanced_tracker.py:kalman_homography,
S,3,1494,PREDICTION,src/tracking/advanced_tracker.py:kalman_homography,
S,4,1494,PREDICTION,src/tracking/advanced_tracker.py:kalman_homography,
S,5,1494,PREDICTION,src/tracking/advanced_tracker.py:kalman_homography,
S,9,1494,PREDICTION,src/tracking/advanced_tracker.py:kalman_homography,
D,4,1494
S,1,1494,PREDICTION,src/tracking/advanced_tracker.py:id_merge,
L,0,1494,PREDICTION,src/tracking/advanced_tracker.py:kalman_homography,
R,CLAMP,CLAMP,0
L,1,1494,PREDICTION,src/tracking/advanced_tracker.py:id_merge,
R,CLAMP,CLAMP,0
L,3,1494,PREDICTION,src/tracking/advanced_tracker.py:kalman_homography,
R,CLAMP,CLAMP,0
L,5,1494,PREDICTION,src/tracking/advanced_tracker.py:kalman_homography,
R,CLAMP,CLAMP,0
L,6,1494,DETECTION,src/tracking/advanced_tracker.py:_activate_slot,1494_52_1120_208_1194
R,DETECTION,DETECTION,1
L,8,1494,DETECTION,src/tracking/advanced_tracker.py:_activate_slot,1494_551_1149_675_1271
R,DETECTION,DETECTION,1
L,9,1494,PREDICTION,src/tracking/advanced_tracker.py:kalman_homography,
R,PREDICTION,SUBPIXEL,0
A,1494
S,0,1500,DETECTION,src/tracking/advanced_tracker.py:_activate_slot,1500_24_418_218_497
S,3,1500,DETECTION,src/tracking/advanced_tracker.py:_activate_slot,1500_149_569_305_651
S,8,1500,DETECTION,src/tracking/advanced_tracker.py:_activate_slot,1500_562_1164_674_1272
S,10,1500,DETECTION,src/tracking/advanced_tracker.py:_activate_slot,1500_550_1014_674_1114
S,1,1500,PREDICTION,src/tracking/advanced_tracker.py:kalman_homography,
S,4,1500,PREDICTION,src/tracking/advanced_tracker.py:kalman_homography,
S,6,1500,PREDICTION,src/tracking/advanced_tracker.py:kalman_homography,
S,9,1500,PREDICTION,src/tracking/advanced_tracker.py:kalman_homography,
D,4,1500
S,1,1500,PREDICTION,src/tracking/advanced_tracker.py:id_merge,
L,0,1500,DETECTION,src/tracking/advanced_tracker.py:_activate_slot,1500_24_418_218_497
R,CLAMP,CLAMP,0
L,1,1500,PREDICTION,src/tracking/advanced_tracker.py:id_merge,
R,CLAMP,CLAMP,0
L,3,1500,DETECTION,src/tracking/advanced_tracker.py:_activate_slot,1500_149_569_305_651
R,CLAMP,CLAMP,0
L,6,1500,PREDICTION,src/tracking/advanced_tracker.py:kalman_homography,
R,PREDICTION,PREDICTION,1
L,8,1500,DETECTION,src/tracking/advanced_tracker.py:_activate_slot,1500_562_1164_674_1272
R,DETECTION,DETECTION,1
L,9,1500,PREDICTION,src/tracking/advanced_tracker.py:kalman_homography,
R,PREDICTION,SUBPIXEL,0
A,1500
S,7,1506,DETECTION,src/tracking/advanced_tracker.py:_activate_slot,1506_562_1031_674_1129
S,8,1506,DETECTION,src/tracking/advanced_tracker.py:_activate_slot,1506_572_1183_674_1289
S,2,1506,DETECTION,src/tracking/advanced_tracker.py:_activate_slot,1506_154_571_345_657
S,0,1506,PREDICTION,src/tracking/advanced_tracker.py:kalman_homography,
S,1,1506,PREDICTION,src/tracking/advanced_tracker.py:kalman_homography,
S,3,1506,PREDICTION,src/tracking/advanced_tracker.py:kalman_homography,
S,4,1506,PREDICTION,src/tracking/advanced_tracker.py:kalman_homography,
S,6,1506,PREDICTION,src/tracking/advanced_tracker.py:kalman_homography,
S,9,1506,PREDICTION,src/tracking/advanced_tracker.py:kalman_homography,
D,4,1506
S,1,1506,PREDICTION,src/tracking/advanced_tracker.py:id_merge,
D,3,1506
S,2,1506,PREDICTION,src/tracking/advanced_tracker.py:id_merge,
L,0,1506,PREDICTION,src/tracking/advanced_tracker.py:kalman_homography,
R,CLAMP,CLAMP,0
L,1,1506,PREDICTION,src/tracking/advanced_tracker.py:id_merge,
R,CLAMP,CLAMP,0
L,2,1506,PREDICTION,src/tracking/advanced_tracker.py:id_merge,
R,PREDICTION,PREDICTION,1
L,6,1506,PREDICTION,src/tracking/advanced_tracker.py:kalman_homography,
R,PREDICTION,PREDICTION,1
L,7,1506,DETECTION,src/tracking/advanced_tracker.py:_activate_slot,1506_562_1031_674_1129
R,DETECTION,DETECTION,1
L,8,1506,DETECTION,src/tracking/advanced_tracker.py:_activate_slot,1506_572_1183_674_1289
R,DETECTION,DETECTION,1
L,9,1506,PREDICTION,src/tracking/advanced_tracker.py:kalman_homography,
R,PREDICTION,SUBPIXEL,0
A,1506
S,2,1512,DETECTION,src/tracking/advanced_tracker.py:_activate_slot,1512_159_565_343_665
S,0,1512,DETECTION,src/tracking/advanced_tracker.py:_activate_slot,1512_89_437_242_511
S,8,1512,DETECTION,src/tracking/advanced_tracker.py:_activate_slot,1512_583_1199_673_1293
S,1,1512,PREDICTION,src/tracking/advanced_tracker.py:kalman_homography,
S,3,1512,PREDICTION,src/tracking/advanced_tracker.py:kalman_homography,
S,4,1512,PREDICTION,src/tracking/advanced_tracker.py:kalman_homography,
S,6,1512,PREDICTION,src/tracking/advanced_tracker.py:kalman_homography,
S,9,1512,PREDICTION,src/tracking/advanced_tracker.py:kalman_homography,
S,7,1512,PREDICTION,src/tracking/advanced_tracker.py:flow_gapfill_batched,
D,4,1512
S,1,1512,PREDICTION,src/tracking/advanced_tracker.py:id_merge,
D,3,1512
S,2,1512,PREDICTION,src/tracking/advanced_tracker.py:id_merge,
L,0,1512,DETECTION,src/tracking/advanced_tracker.py:_activate_slot,1512_89_437_242_511
R,CLAMP,CLAMP,0
L,1,1512,PREDICTION,src/tracking/advanced_tracker.py:id_merge,
R,CLAMP,CLAMP,0
L,2,1512,PREDICTION,src/tracking/advanced_tracker.py:id_merge,
R,PREDICTION,PREDICTION,1
L,6,1512,PREDICTION,src/tracking/advanced_tracker.py:kalman_homography,
R,PREDICTION,PREDICTION,1
L,7,1512,PREDICTION,src/tracking/advanced_tracker.py:flow_gapfill_batched,
R,PREDICTION,PREDICTION,1
L,8,1512,DETECTION,src/tracking/advanced_tracker.py:_activate_slot,1512_583_1199_673_1293
R,DETECTION,DETECTION,1
L,9,1512,PREDICTION,src/tracking/advanced_tracker.py:kalman_homography,
R,PREDICTION,SUBPIXEL,0
A,1512
S,2,1518,DETECTION,src/tracking/advanced_tracker.py:_activate_slot,1518_165_564_359_681
S,8,1518,CLAMP,src/tracking/advanced_tracker.py:_activate_slot,1518_89_449_242_521
S,7,1518,DETECTION,src/tracking/advanced_tracker.py:_activate_slot,1518_581_1059_674_1169
S,0,1518,PREDICTION,src/tracking/advanced_tracker.py:kalman_homography,
S,1,1518,PREDICTION,src/tracking/advanced_tracker.py:kalman_homography,
S,3,1518,PREDICTION,src/tracking/advanced_tracker.py:kalman_homography,
S,4,1518,PREDICTION,src/tracking/advanced_tracker.py:kalman_homography,
S,6,1518,PREDICTION,src/tracking/advanced_tracker.py:kalman_homography,
S,9,1518,PREDICTION,src/tracking/advanced_tracker.py:kalman_homography,
D,4,1518
S,1,1518,PREDICTION,src/tracking/advanced_tracker.py:id_merge,
D,3,1518
S,2,1518,PREDICTION,src/tracking/advanced_tracker.py:id_merge,
L,0,1518,PREDICTION,src/tracking/advanced_tracker.py:kalman_homography,
R,CLAMP,CLAMP,0
L,1,1518,PREDICTION,src/tracking/advanced_tracker.py:id_merge,
R,CLAMP,CLAMP,0
L,2,1518,PREDICTION,src/tracking/advanced_tracker.py:id_merge,
R,PREDICTION,PREDICTION,1
L,6,1518,PREDICTION,src/tracking/advanced_tracker.py:kalman_homography,
R,PREDICTION,PREDICTION,1
L,7,1518,DETECTION,src/tracking/advanced_tracker.py:_activate_slot,1518_581_1059_674_1169
R,DETECTION,DETECTION,1
L,8,1518,CLAMP,src/tracking/advanced_tracker.py:_activate_slot,1518_89_449_242_521
R,CLAMP,CLAMP,0
L,9,1518,PREDICTION,src/tracking/advanced_tracker.py:kalman_homography,
R,PREDICTION,SUBPIXEL,0
A,1518
S,2,1524,DETECTION,src/tracking/advanced_tracker.py:_activate_slot,1524_169_569_359_686
S,0,1524,PREDICTION,src/tracking/advanced_tracker.py:kalman_homography,
S,1,1524,PREDICTION,src/tracking/advanced_tracker.py:kalman_homography,
S,3,1524,PREDICTION,src/tracking/advanced_tracker.py:kalman_homography,
S,6,1524,PREDICTION,src/tracking/advanced_tracker.py:kalman_homography,
S,8,1524,PREDICTION,src/tracking/advanced_tracker.py:kalman_homography,
S,7,1524,PREDICTION,src/tracking/advanced_tracker.py:flow_gapfill_batched,
S,9,1524,PREDICTION,src/tracking/advanced_tracker.py:flow_gapfill_batched,
D,3,1524
S,2,1524,PREDICTION,src/tracking/advanced_tracker.py:id_merge,
D,9,1524
S,8,1524,PREDICTION,src/tracking/advanced_tracker.py:id_merge,
L,0,1524,PREDICTION,src/tracking/advanced_tracker.py:kalman_homography,
R,CLAMP,CLAMP,0
L,1,1524,PREDICTION,src/tracking/advanced_tracker.py:kalman_homography,
R,CLAMP,CLAMP,0
L,2,1524,PREDICTION,src/tracking/advanced_tracker.py:id_merge,
R,PREDICTION,PREDICTION,1
L,6,1524,PREDICTION,src/tracking/advanced_tracker.py:kalman_homography,
R,PREDICTION,PREDICTION,1
L,7,1524,PREDICTION,src/tracking/advanced_tracker.py:flow_gapfill_batched,
R,PREDICTION,PREDICTION,1
L,8,1524,PREDICTION,src/tracking/advanced_tracker.py:id_merge,
R,CLAMP,CLAMP,0
A,1524
