A,6731
A,6737
A,6743
A,6749
A,6755
A,6761
A,6767
A,6773
A,6779
A,6785
A,6791
A,6797
S,0,6803,DETECTION,src/tracking/advanced_tracker.py:_activate_slot,6803_113_699_271_776
L,0,6803,DETECTION,src/tracking/advanced_tracker.py:_activate_slot,6803_113_699_271_776
R,DETECTION,DETECTION,1
A,6803
S,0,6809,DETECTION,src/tracking/advanced_tracker.py:_activate_slot,6809_111_703_276_781
L,0,6809,DETECTION,src/tracking/advanced_tracker.py:_activate_slot,6809_111_703_276_781
R,DETECTION,DETECTION,1
A,6809
S,0,6815,DETECTION,src/tracking/advanced_tracker.py:_activate_slot,6815_108_709_273_789
L,0,6815,DETECTION,src/tracking/advanced_tracker.py:_activate_slot,6815_108_709_273_789
R,DETECTION,DETECTION,1
A,6815
S,0,6821,DETECTION,src/tracking/advanced_tracker.py:_activate_slot,6821_109_716_271_794
L,0,6821,DETECTION,src/tracking/advanced_tracker.py:_activate_slot,6821_109_716_271_794
R,DETECTION,DETECTION,1
A,6821
S,0,6827,DETECTION,src/tracking/advanced_tracker.py:_activate_slot,6827_104_725_267_807
L,0,6827,DETECTION,src/tracking/advanced_tracker.py:_activate_slot,6827_104_725_267_807
R,DETECTION,DETECTION,1
A,6827
S,0,6833,DETECTION,src/tracking/advanced_tracker.py:_activate_slot,6833_100_740_261_822
L,0,6833,DETECTION,src/tracking/advanced_tracker.py:_activate_slot,6833_100_740_261_822
R,DETECTION,DETECTION,1
A,6833
S,0,6839,DETECTION,src/tracking/advanced_tracker.py:_activate_slot,6839_91_757_255_837
L,0,6839,DETECTION,src/tracking/advanced_tracker.py:_activate_slot,6839_91_757_255_837
R,CLAMP,CLAMP,0
A,6839
A,6845
A,6851
A,6857
S,1,6863,DETECTION,src/tracking/advanced_tracker.py:_activate_slot,6863_65_688_245_766
L,1,6863,DETECTION,src/tracking/advanced_tracker.py:_activate_slot,6863_65_688_245_766
R,DETECTION,DETECTION,1
A,6863
S,5,6869,DETECTION,src/tracking/advanced_tracker.py:_activate_slot,6869_48_692_244_778
S,1,6869,PREDICTION,src/tracking/advanced_tracker.py:kalman_homography,
L,1,6869,PREDICTION,src/tracking/advanced_tracker.py:kalman_homography,
R,PREDICTION,PREDICTION,1
L,5,6869,DETECTION,src/tracking/advanced_tracker.py:_activate_slot,6869_48_692_244_778
R,DETECTION,DETECTION,1
A,6869
S,1,6875,PREDICTION,src/tracking/advanced_tracker.py:kalman_homography,
S,5,6875,PREDICTION,src/tracking/advanced_tracker.py:kalman_homography,
L,1,6875,PREDICTION,src/tracking/advanced_tracker.py:kalman_homography,
R,PREDICTION,SUBPIXEL,0
L,5,6875,PREDICTION,src/tracking/advanced_tracker.py:kalman_homography,
R,PREDICTION,PREDICTION,1
A,6875
S,1,6881,PREDICTION,src/tracking/advanced_tracker.py:kalman_homography,
S,5,6881,PREDICTION,src/tracking/advanced_tracker.py:kalman_homography,
S,0,6881,PREDICTION,src/tracking/advanced_tracker.py:flow_gapfill_batched,
L,0,6881,PREDICTION,src/tracking/advanced_tracker.py:flow_gapfill_batched,
R,CLAMP,CLAMP,0
L,1,6881,PREDICTION,src/tracking/advanced_tracker.py:kalman_homography,
R,PREDICTION,SUBPIXEL,0
L,5,6881,PREDICTION,src/tracking/advanced_tracker.py:kalman_homography,
R,PREDICTION,SUBPIXEL,0
A,6881
S,1,6887,PREDICTION,src/tracking/advanced_tracker.py:kalman_homography,
S,5,6887,PREDICTION,src/tracking/advanced_tracker.py:kalman_homography,
S,0,6887,PREDICTION,src/tracking/advanced_tracker.py:flow_gapfill_batched,
L,0,6887,PREDICTION,src/tracking/advanced_tracker.py:flow_gapfill_batched,
R,CLAMP,CLAMP,0
L,1,6887,PREDICTION,src/tracking/advanced_tracker.py:kalman_homography,
R,PREDICTION,SUBPIXEL,0
L,5,6887,PREDICTION,src/tracking/advanced_tracker.py:kalman_homography,
R,PREDICTION,SUBPIXEL,0
A,6887
S,1,6893,PREDICTION,src/tracking/advanced_tracker.py:kalman_homography,
S,5,6893,PREDICTION,src/tracking/advanced_tracker.py:kalman_homography,
L,1,6893,PREDICTION,src/tracking/advanced_tracker.py:kalman_homography,
R,PREDICTION,SUBPIXEL,0
L,5,6893,PREDICTION,src/tracking/advanced_tracker.py:kalman_homography,
R,PREDICTION,SUBPIXEL,0
A,6893
S,1,6899,PREDICTION,src/tracking/advanced_tracker.py:kalman_homography,
S,5,6899,PREDICTION,src/tracking/advanced_tracker.py:kalman_homography,
L,1,6899,PREDICTION,src/tracking/advanced_tracker.py:kalman_homography,
R,PREDICTION,SUBPIXEL,0
L,5,6899,PREDICTION,src/tracking/advanced_tracker.py:kalman_homography,
R,PREDICTION,SUBPIXEL,0
A,6899
S,1,6905,PREDICTION,src/tracking/advanced_tracker.py:kalman_homography,
S,5,6905,PREDICTION,src/tracking/advanced_tracker.py:kalman_homography,
L,1,6905,PREDICTION,src/tracking/advanced_tracker.py:kalman_homography,
R,PREDICTION,SUBPIXEL,0
L,5,6905,PREDICTION,src/tracking/advanced_tracker.py:kalman_homography,
R,PREDICTION,SUBPIXEL,0
A,6905
S,5,6911,PREDICTION,src/tracking/advanced_tracker.py:kalman_homography,
L,5,6911,PREDICTION,src/tracking/advanced_tracker.py:kalman_homography,
R,PREDICTION,SUBPIXEL,0
A,6911
A,6917
A,6923
A,6929
A,6935
A,6941
A,6947
A,6953
A,6959
A,6965
A,6971
A,6977
A,6983
A,6989
A,6995
A,7001
A,7007
A,7013
A,7019
A,7025
A,7031
A,7037
A,7043
A,7049
A,7055
A,7061
A,7067
A,7073
A,7079
S,0,7085,DETECTION,src/tracking/advanced_tracker.py:_activate_slot,7085_113_763_287_838
L,0,7085,DETECTION,src/tracking/advanced_tracker.py:_activate_slot,7085_113_763_287_838
R,CLAMP,CLAMP,0
A,7085
S,0,7091,DETECTION,src/tracking/advanced_tracker.py:_activate_slot,7091_115_738_284_836
S,1,7091,DETECTION,src/tracking/advanced_tracker.py:_activate_slot,7091_114_737_259_825
L,0,7091,DETECTION,src/tracking/advanced_tracker.py:_activate_slot,7091_115_738_284_836
R,CLAMP,CLAMP,0
L,1,7091,DETECTION,src/tracking/advanced_tracker.py:_activate_slot,7091_114_737_259_825
R,CLAMP,CLAMP,0
A,7091
S,0,7097,DETECTION,src/tracking/advanced_tracker.py:_activate_slot,7097_125_728_271_813
S,1,7097,PREDICTION,src/tracking/advanced_tracker.py:kalman_homography,
L,0,7097,DETECTION,src/tracking/advanced_tracker.py:_activate_slot,7097_125_728_271_813
R,DETECTION,DETECTION,1
L,1,7097,PREDICTION,src/tracking/advanced_tracker.py:kalman_homography,
R,CLAMP,CLAMP,0
A,7097
S,0,7103,DETECTION,src/tracking/advanced_tracker.py:_activate_slot,7103_125_708_283_804
S,1,7103,PREDICTION,src/tracking/advanced_tracker.py:kalman_homography,
L,0,7103,DETECTION,src/tracking/advanced_tracker.py:_activate_slot,7103_125_708_283_804
R,DETECTION,DETECTION,1
L,1,7103,PREDICTION,src/tracking/advanced_tracker.py:kalman_homography,
R,CLAMP,CLAMP,0
A,7103
S,0,7109,DETECTION,src/tracking/advanced_tracker.py:_activate_slot,7109_127_707_278_792
S,1,7109,PREDICTION,src/tracking/advanced_tracker.py:kalman_homography,
L,0,7109,DETECTION,src/tracking/advanced_tracker.py:_activate_slot,7109_127_707_278_792
R,DETECTION,DETECTION,1
L,1,7109,PREDICTION,src/tracking/advanced_tracker.py:kalman_homography,
R,CLAMP,CLAMP,0
A,7109
S,0,7115,DETECTION,src/tracking/advanced_tracker.py:_activate_slot,7115_119_705_277_782
S,1,7115,PREDICTION,src/tracking/advanced_tracker.py:kalman_homography,
L,0,7115,DETECTION,src/tracking/advanced_tracker.py:_activate_slot,7115_119_705_277_782
R,DETECTION,DETECTION,1
L,1,7115,PREDICTION,src/tracking/advanced_tracker.py:kalman_homography,
R,CLAMP,CLAMP,0
A,7115
S,1,7121,PREDICTION,src/tracking/advanced_tracker.py:kalman_homography,
L,1,7121,PREDICTION,src/tracking/advanced_tracker.py:kalman_homography,
R,CLAMP,CLAMP,0
A,7121
S,1,7127,PREDICTION,src/tracking/advanced_tracker.py:kalman_homography,
L,1,7127,PREDICTION,src/tracking/advanced_tracker.py:kalman_homography,
R,CLAMP,CLAMP,0
A,7127
S,1,7133,PREDICTION,src/tracking/advanced_tracker.py:kalman_homography,
L,1,7133,PREDICTION,src/tracking/advanced_tracker.py:kalman_homography,
R,CLAMP,CLAMP,0
A,7133
S,0,7139,PREDICTION,src/tracking/advanced_tracker.py:flow_gapfill_batched,
S,1,7139,PREDICTION,src/tracking/advanced_tracker.py:flow_gapfill_batched,
D,1,7139
S,0,7139,PREDICTION,src/tracking/advanced_tracker.py:id_merge,
L,0,7139,PREDICTION,src/tracking/advanced_tracker.py:id_merge,
R,PREDICTION,PREDICTION,1
A,7139
S,0,7145,PREDICTION,src/tracking/advanced_tracker.py:flow_gapfill_batched,
L,0,7145,PREDICTION,src/tracking/advanced_tracker.py:flow_gapfill_batched,
R,PREDICTION,PREDICTION,1
A,7145
A,7151
S,0,7157,PREDICTION,src/tracking/advanced_tracker.py:flow_gapfill_batched,
L,0,7157,PREDICTION,src/tracking/advanced_tracker.py:flow_gapfill_batched,
R,PREDICTION,PREDICTION,1
A,7157
A,7163
A,7169
A,7175
S,1,7181,DETECTION,src/tracking/advanced_tracker.py:_activate_slot,7181_103_715_266_841
L,1,7181,DETECTION,src/tracking/advanced_tracker.py:_activate_slot,7181_103_715_266_841
R,DETECTION,DETECTION,1
A,7181
S,1,7187,PREDICTION,src/tracking/advanced_tracker.py:kalman_homography,
L,1,7187,PREDICTION,src/tracking/advanced_tracker.py:kalman_homography,
R,PREDICTION,PREDICTION,1
A,7187
S,1,7193,PREDICTION,src/tracking/advanced_tracker.py:kalman_homography,
L,1,7193,PREDICTION,src/tracking/advanced_tracker.py:kalman_homography,
R,PREDICTION,SUBPIXEL,0
A,7193
S,1,7199,PREDICTION,src/tracking/advanced_tracker.py:kalman_homography,
L,1,7199,PREDICTION,src/tracking/advanced_tracker.py:kalman_homography,
R,PREDICTION,SUBPIXEL,0
A,7199
S,1,7205,DETECTION,src/tracking/advanced_tracker.py:_activate_slot,7205_172_742_326_818
L,1,7205,DETECTION,src/tracking/advanced_tracker.py:_activate_slot,7205_172_742_326_818
R,CLAMP,CLAMP,0
A,7205
S,1,7211,PREDICTION,src/tracking/advanced_tracker.py:flow_gapfill_batched,
L,1,7211,PREDICTION,src/tracking/advanced_tracker.py:flow_gapfill_batched,
R,CLAMP,CLAMP,0
A,7211
S,1,7217,PREDICTION,src/tracking/advanced_tracker.py:flow_gapfill_batched,
L,1,7217,PREDICTION,src/tracking/advanced_tracker.py:flow_gapfill_batched,
R,CLAMP,CLAMP,0
A,7217
A,7223
A,7229
S,1,7235,PREDICTION,src/tracking/advanced_tracker.py:flow_gapfill_batched,
L,1,7235,PREDICTION,src/tracking/advanced_tracker.py:flow_gapfill_batched,
R,CLAMP,CLAMP,0
A,7235
A,7241
A,7247
A,7253
A,7259
A,7265
A,7271
A,7277
A,7283
A,7289
A,7295
A,7301
A,7307
A,7313
A,7319
A,7325
