S,0,4177,DETECTION,src/tracking/advanced_tracker.py:_activate_slot,4177_76_372_556_542
S,1,4177,DETECTION,src/tracking/advanced_tracker.py:_activate_slot,4177_164_473_666_655
S,2,4177,DETECTION,src/tracking/advanced_tracker.py:_activate_slot,4177_27_314_286_454
S,3,4177,DETECTION,src/tracking/advanced_tracker.py:_activate_slot,4177_30_315_482_452
S,4,4177,DETECTION,src/tracking/advanced_tracker.py:_activate_slot,4177_115_210_499_386
D,1,4177
S,3,4177,PREDICTION,src/tracking/advanced_tracker.py:id_merge,
L,0,4177,DETECTION,src/tracking/advanced_tracker.py:_activate_slot,4177_76_372_556_542
R,DETECTION,DETECTION,1
L,2,4177,DETECTION,src/tracking/advanced_tracker.py:_activate_slot,4177_27_314_286_454
R,DETECTION,DETECTION,1
L,3,4177,PREDICTION,src/tracking/advanced_tracker.py:id_merge,
R,PREDICTION,PREDICTION,1
L,4,4177,DETECTION,src/tracking/advanced_tracker.py:_activate_slot,4177_115_210_499_386
R,DETECTION,DETECTION,1
A,4177
S,1,4183,DETECTION,src/tracking/advanced_tracker.py:_activate_slot,4183_165_489_667_664
S,3,4183,DETECTION,src/tracking/advanced_tracker.py:_activate_slot,4183_36_333_516_471
S,0,4183,PREDICTION,src/tracking/advanced_tracker.py:kalman_homography,
S,2,4183,PREDICTION,src/tracking/advanced_tracker.py:kalman_homography,
S,4,4183,PREDICTION,src/tracking/advanced_tracker.py:kalman_homography,
D,0,4183
S,2,4183,PREDICTION,src/tracking/advanced_tracker.py:id_merge,
D,1,4183
S,3,4183,PREDICTION,src/tracking/advanced_tracker.py:id_merge,
L,2,4183,PREDICTION,src/tracking/advanced_tracker.py:id_merge,
R,PREDICTION,PREDICTION,1
L,3,4183,PREDICTION,src/tracking/advanced_tracker.py:id_merge,
R,PREDICTION,PREDICTION,1
L,4,4183,PREDICTION,src/tracking/advanced_tracker.py:kalman_homography,
R,CLAMP,CLAMP,0
A,4183
S,1,4189,DETECTION,src/tracking/advanced_tracker.py:_activate_slot,4189_157_499_667_701
S,3,4189,DETECTION,src/tracking/advanced_tracker.py:_activate_slot,4189_49_346_508_490
S,0,4189,PREDICTION,src/tracking/advanced_tracker.py:kalman_homography,
S,2,4189,PREDICTION,src/tracking/advanced_tracker.py:kalman_homography,
S,4,4189,PREDICTION,src/tracking/advanced_tracker.py:kalman_homography,
D,0,4189
S,2,4189,PREDICTION,src/tracking/advanced_tracker.py:id_merge,
L,1,4189,DETECTION,src/tracking/advanced_tracker.py:_activate_slot,4189_157_499_667_701
R,DETECTION,DETECTION,1
L,2,4189,PREDICTION,src/tracking/advanced_tracker.py:id_merge,
R,PREDICTION,SUBPIXEL,0
L,3,4189,DETECTION,src/tracking/advanced_tracker.py:_activate_slot,4189_49_346_508_490
R,DETECTION,DETECTION,1
L,4,4189,PREDICTION,src/tracking/advanced_tracker.py:kalman_homography,
R,CLAMP,CLAMP,0
A,4189
S,1,4195,DETECTION,src/tracking/advanced_tracker.py:_activate_slot,4195_166_510_663_695
S,3,4195,DETECTION,src/tracking/advanced_tracker.py:_activate_slot,4195_45_365_508_513
S,0,4195,PREDICTION,src/tracking/advanced_tracker.py:kalman_homography,
S,2,4195,PREDICTION,src/tracking/advanced_tracker.py:kalman_homography,
S,4,4195,PREDICTION,src/tracking/advanced_tracker.py:kalman_homography,
D,0,4195
S,2,4195,PREDICTION,src/tracking/advanced_tracker.py:id_merge,
D,2,4195
S,3,4195,PREDICTION,src/tracking/advanced_tracker.py:id_merge,
L,1,4195,DETECTION,src/tracking/advanced_tracker.py:_activate_slot,4195_166_510_663_695
R,DETECTION,DETECTION,1
L,3,4195,PREDICTION,src/tracking/advanced_tracker.py:id_merge,
R,PREDICTION,PREDICTION,1
L,4,4195,PREDICTION,src/tracking/advanced_tracker.py:kalman_homography,
R,CLAMP,CLAMP,0
A,4195
S,1,4201,DETECTION,src/tracking/advanced_tracker.py:_activate_slot,4201_178_503_667_703
S,2,4201,DETECTION,src/tracking/advanced_tracker.py:_activate_slot,4201_130_297_352_460
S,3,4201,DETECTION,src/tracking/advanced_tracker.py:_activate_slot,4201_62_386_512_533
S,4,4201,DETECTION,src/tracking/advanced_tracker.py:_activate_slot,4201_130_295_516_455
S,0,4201,PREDICTION,src/tracking/advanced_tracker.py:kalman_homography,
D,0,4201
S,2,4201,PREDICTION,src/tracking/advanced_tracker.py:id_merge,
D,2,4201
S,3,4201,PREDICTION,src/tracking/advanced_tracker.py:id_merge,
L,1,4201,DETECTION,src/tracking/advanced_tracker.py:_activate_slot,4201_178_503_667_703
R,DETECTION,DETECTION,1
L,3,4201,PREDICTION,src/tracking/advanced_tracker.py:id_merge,
R,PREDICTION,PREDICTION,1
L,4,4201,DETECTION,src/tracking/advanced_tracker.py:_activate_slot,4201_130_295_516_455
R,CLAMP,CLAMP,0
A,4201
S,1,4207,DETECTION,src/tracking/advanced_tracker.py:_activate_slot,4207_177_539_665_718
S,0,4207,PREDICTION,src/tracking/advanced_tracker.py:kalman_homography,
S,2,4207,PREDICTION,src/tracking/advanced_tracker.py:kalman_homography,
S,3,4207,PREDICTION,src/tracking/advanced_tracker.py:kalman_homography,
S,4,4207,PREDICTION,src/tracking/advanced_tracker.py:kalman_homography,
D,0,4207
S,2,4207,PREDICTION,src/tracking/advanced_tracker.py:id_merge,
L,1,4207,DETECTION,src/tracking/advanced_tracker.py:_activate_slot,4207_177_539_665_718
R,DETECTION,DETECTION,1
L,2,4207,PREDICTION,src/tracking/advanced_tracker.py:id_merge,
R,PREDICTION,PREDICTION,1
L,3,4207,PREDICTION,src/tracking/advanced_tracker.py:kalman_homography,
R,PREDICTION,PREDICTION,1
L,4,4207,PREDICTION,src/tracking/advanced_tracker.py:kalman_homography,
R,PREDICTION,PREDICTION,1
A,4207
S,0,4213,PREDICTION,src/tracking/advanced_tracker.py:kalman_homography,
S,2,4213,PREDICTION,src/tracking/advanced_tracker.py:kalman_homography,
S,4,4213,PREDICTION,src/tracking/advanced_tracker.py:kalman_homography,
S,1,4213,PREDICTION,src/tracking/advanced_tracker.py:flow_gapfill_batched,
S,3,4213,PREDICTION,src/tracking/advanced_tracker.py:flow_gapfill_batched,
D,4,4213
S,1,4213,PREDICTION,src/tracking/advanced_tracker.py:id_merge,
L,0,4213,PREDICTION,src/tracking/advanced_tracker.py:kalman_homography,
R,PREDICTION,PREDICTION,1
L,1,4213,PREDICTION,src/tracking/advanced_tracker.py:id_merge,
R,PREDICTION,PREDICTION,1
L,2,4213,PREDICTION,src/tracking/advanced_tracker.py:kalman_homography,
R,PREDICTION,PREDICTION,1
L,3,4213,PREDICTION,src/tracking/advanced_tracker.py:flow_gapfill_batched,
R,PREDICTION,PREDICTION,1
A,4213
S,1,4219,DETECTION,src/tracking/advanced_tracker.py:_activate_slot,4219_172_551_665_748
S,0,4219,PREDICTION,src/tracking/advanced_tracker.py:kalman_homography,
S,2,4219,PREDICTION,src/tracking/advanced_tracker.py:kalman_homography,
S,4,4219,PREDICTION,src/tracking/advanced_tracker.py:kalman_homography,
S,3,4219,PREDICTION,src/tracking/advanced_tracker.py:flow_gapfill_batched,
L,0,4219,PREDICTION,src/tracking/advanced_tracker.py:kalman_homography,
R,PREDICTION,SUBPIXEL,0
L,1,4219,DETECTION,src/tracking/advanced_tracker.py:_activate_slot,4219_172_551_665_748
R,DETECTION,DETECTION,1
L,2,4219,PREDICTION,src/tracking/advanced_tracker.py:kalman_homography,
R,PREDICTION,PREDICTION,1
L,3,4219,PREDICTION,src/tracking/advanced_tracker.py:flow_gapfill_batched,
R,PREDICTION,PREDICTION,1
L,4,4219,PREDICTION,src/tracking/advanced_tracker.py:kalman_homography,
R,CLAMP,CLAMP,0
A,4219
S,4,4225,DETECTION,src/tracking/advanced_tracker.py:_activate_slot,4225_139_399_371_536
S,2,4225,PREDICTION,src/tracking/advanced_tracker.py:kalman_homography,
S,1,4225,PREDICTION,src/tracking/advanced_tracker.py:flow_gapfill_batched,
S,3,4225,PREDICTION,src/tracking/advanced_tracker.py:flow_gapfill_batched,
L,1,4225,PREDICTION,src/tracking/advanced_tracker.py:flow_gapfill_batched,
R,PREDICTION,PREDICTION,1
L,2,4225,PREDICTION,src/tracking/advanced_tracker.py:kalman_homography,
R,PREDICTION,PREDICTION,1
L,3,4225,PREDICTION,src/tracking/advanced_tracker.py:flow_gapfill_batched,
R,PREDICTION,PREDICTION,1
L,4,4225,DETECTION,src/tracking/advanced_tracker.py:_activate_slot,4225_139_399_371_536
R,CLAMP,CLAMP,0
A,4225
S,2,4231,PREDICTION,src/tracking/advanced_tracker.py:kalman_homography,
S,4,4231,PREDICTION,src/tracking/advanced_tracker.py:kalman_homography,
S,1,4231,PREDICTION,src/tracking/advanced_tracker.py:flow_gapfill_batched,
S,3,4231,PREDICTION,src/tracking/advanced_tracker.py:flow_gapfill_batched,
L,1,4231,PREDICTION,src/tracking/advanced_tracker.py:flow_gapfill_batched,
R,PREDICTION,PREDICTION,1
L,2,4231,PREDICTION,src/tracking/advanced_tracker.py:kalman_homography,
R,PREDICTION,PREDICTION,1
L,3,4231,PREDICTION,src/tracking/advanced_tracker.py:flow_gapfill_batched,
R,PREDICTION,PREDICTION,1
L,4,4231,PREDICTION,src/tracking/advanced_tracker.py:kalman_homography,
R,CLAMP,CLAMP,0
A,4231
S,4,4237,DETECTION,src/tracking/advanced_tracker.py:_activate_slot,4237_147_435_363_565
S,2,4237,PREDICTION,src/tracking/advanced_tracker.py:kalman_homography,
S,1,4237,PREDICTION,src/tracking/advanced_tracker.py:flow_gapfill_batched,
L,1,4237,PREDICTION,src/tracking/advanced_tracker.py:flow_gapfill_batched,
R,PREDICTION,PREDICTION,1
L,2,4237,PREDICTION,src/tracking/advanced_tracker.py:kalman_homography,
R,PREDICTION,PREDICTION,1
L,4,4237,DETECTION,src/tracking/advanced_tracker.py:_activate_slot,4237_147_435_363_565
R,CLAMP,CLAMP,0
A,4237
S,1,4243,DETECTION,src/tracking/advanced_tracker.py:_activate_slot,4243_180_633_663_819
S,2,4243,PREDICTION,src/tracking/advanced_tracker.py:kalman_homography,
S,4,4243,PREDICTION,src/tracking/advanced_tracker.py:kalman_homography,
L,1,4243,DETECTION,src/tracking/advanced_tracker.py:_activate_slot,4243_180_633_663_819
R,DETECTION,DETECTION,1
L,2,4243,PREDICTION,src/tracking/advanced_tracker.py:kalman_homography,
R,PREDICTION,PREDICTION,1
L,4,4243,PREDICTION,src/tracking/advanced_tracker.py:kalman_homography,
R,CLAMP,CLAMP,0
A,4243
S,4,4249,PREDICTION,src/tracking/advanced_tracker.py:kalman_homography,
S,1,4249,PREDICTION,src/tracking/advanced_tracker.py:flow_gapfill_batched,
S,2,4249,PREDICTION,src/tracking/advanced_tracker.py:flow_gapfill_batched,
L,1,4249,PREDICTION,src/tracking/advanced_tracker.py:flow_gapfill_batched,
R,PREDICTION,PREDICTION,1
L,2,4249,PREDICTION,src/tracking/advanced_tracker.py:flow_gapfill_batched,
R,CLAMP,CLAMP,0
L,4,4249,PREDICTION,src/tracking/advanced_tracker.py:kalman_homography,
R,CLAMP,CLAMP,0
A,4249
S,4,4255,PREDICTION,src/tracking/advanced_tracker.py:kalman_homography,
S,1,4255,PREDICTION,src/tracking/advanced_tracker.py:flow_gapfill_batched,
L,1,4255,PREDICTION,src/tracking/advanced_tracker.py:flow_gapfill_batched,
R,PREDICTION,PREDICTION,1
L,4,4255,PREDICTION,src/tracking/advanced_tracker.py:kalman_homography,
R,CLAMP,CLAMP,0
A,4255
S,4,4261,PREDICTION,src/tracking/advanced_tracker.py:kalman_homography,
S,1,4261,PREDICTION,src/tracking/advanced_tracker.py:flow_gapfill_batched,
L,1,4261,PREDICTION,src/tracking/advanced_tracker.py:flow_gapfill_batched,
R,PREDICTION,PREDICTION,1
L,4,4261,PREDICTION,src/tracking/advanced_tracker.py:kalman_homography,
R,CLAMP,CLAMP,0
A,4261
S,0,4267,DETECTION,src/tracking/advanced_tracker.py:_activate_slot,4267_266_317_667_630
S,4,4267,PREDICTION,src/tracking/advanced_tracker.py:kalman_homography,
S,1,4267,PREDICTION,src/tracking/advanced_tracker.py:flow_gapfill_batched,
L,0,4267,DETECTION,src/tracking/advanced_tracker.py:_activate_slot,4267_266_317_667_630
R,DETECTION,DETECTION,1
L,1,4267,PREDICTION,src/tracking/advanced_tracker.py:flow_gapfill_batched,
R,PREDICTION,PREDICTION,1
L,4,4267,PREDICTION,src/tracking/advanced_tracker.py:kalman_homography,
R,CLAMP,CLAMP,0
A,4267
S,0,4273,DETECTION,src/tracking/advanced_tracker.py:_activate_slot,4273_274_336_666_649
S,1,4273,DETECTION,src/tracking/advanced_tracker.py:_activate_slot,4273_199_718_666_927
S,4,4273,DETECTION,src/tracking/advanced_tracker.py:_activate_slot,4273_168_487_368_644
L,0,4273,DETECTION,src/tracking/advanced_tracker.py:_activate_slot,4273_274_336_666_649
R,DETECTION,DETECTION,1
L,1,4273,DETECTION,src/tracking/advanced_tracker.py:_activate_slot,4273_199_718_666_927
R,DETECTION,DETECTION,1
L,4,4273,DETECTION,src/tracking/advanced_tracker.py:_activate_slot,4273_168_487_368_644
R,CLAMP,CLAMP,0
A,4273
S,0,4279,DETECTION,src/tracking/advanced_tracker.py:_activate_slot,4279_275_341_666_665
S,4,4279,DETECTION,src/tracking/advanced_tracker.py:_activate_slot,4279_172_509_370_661
S,1,4279,PREDICTION,src/tracking/advanced_tracker.py:flow_gapfill_batched,
L,0,4279,DETECTION,src/tracking/advanced_tracker.py:_activate_slot,4279_275_341_666_665
R,DETECTION,DETECTION,1
L,1,4279,PREDICTION,src/tracking/advanced_tracker.py:flow_gapfill_batched,
R,PREDICTION,PREDICTION,1
L,4,4279,DETECTION,src/tracking/advanced_tracker.py:_activate_slot,4279_172_509_370_661
R,CLAMP,CLAMP,0
A,4279
S,0,4285,DETECTION,src/tracking/advanced_tracker.py:_activate_slot,4285_281_337_661_677
S,4,4285,PREDICTION,src/tracking/advanced_tracker.py:kalman_homography,
S,1,4285,PREDICTION,src/tracking/advanced_tracker.py:flow_gapfill_batched,
L,0,4285,DETECTION,src/tracking/advanced_tracker.py:_activate_slot,4285_281_337_661_677
R,DETECTION,DETECTION,1
L,1,4285,PREDICTION,src/tracking/advanced_tracker.py:flow_gapfill_batched,
R,PREDICTION,PREDICTION,1
L,4,4285,PREDICTION,src/tracking/advanced_tracker.py:kalman_homography,
R,CLAMP,CLAMP,0
A,4285
S,0,4291,DETECTION,src/tracking/advanced_tracker.py:_activate_slot,4291_288_340_666_692
S,2,4291,DETECTION,src/tracking/advanced_tracker.py:_activate_slot,4291_244_272_503_464
S,3,4291,DETECTION,src/tracking/advanced_tracker.py:_activate_slot,4291_124_-15_317_105
S,4,4291,PREDICTION,src/tracking/advanced_tracker.py:kalman_homography,
D,2,4291
S,3,4291,PREDICTION,src/tracking/advanced_tracker.py:id_merge,
L,0,4291,DETECTION,src/tracking/advanced_tracker.py:_activate_slot,4291_288_340_666_692
R,DETECTION,DETECTION,1
L,3,4291,PREDICTION,src/tracking/advanced_tracker.py:id_merge,
R,CLAMP,CLAMP,0
L,4,4291,PREDICTION,src/tracking/advanced_tracker.py:kalman_homography,
R,CLAMP,CLAMP,0
A,4291
S,0,4297,DETECTION,src/tracking/advanced_tracker.py:_activate_slot,4297_289_358_662_700
S,2,4297,DETECTION,src/tracking/advanced_tracker.py:_activate_slot,4297_246_289_498_478
S,3,4297,DETECTION,src/tracking/advanced_tracker.py:_activate_slot,4297_133_-15_320_115
S,4,4297,PREDICTION,src/tracking/advanced_tracker.py:kalman_homography,
L,0,4297,DETECTION,src/tracking/advanced_tracker.py:_activate_slot,4297_289_358_662_700
R,DETECTION,DETECTION,1
L,2,4297,DETECTION,src/tracking/advanced_tracker.py:_activate_slot,4297_246_289_498_478
R,DETECTION,DETECTION,1
L,3,4297,DETECTION,src/tracking/advanced_tracker.py:_activate_slot,4297_133_-15_320_115
R,CLAMP,CLAMP,0
L,4,4297,PREDICTION,src/tracking/advanced_tracker.py:kalman_homography,
R,CLAMP,CLAMP,0
A,4297
S,0,4303,DETECTION,src/tracking/advanced_tracker.py:_activate_slot,4303_294_362_664_713
S,2,4303,DETECTION,src/tracking/advanced_tracker.py:_activate_slot,4303_252_291_498_491
S,3,4303,PREDICTION,src/tracking/advanced_tracker.py:kalman_homography,
S,4,4303,PREDICTION,src/tracking/advanced_tracker.py:kalman_homography,
D,0,4303
S,2,4303,PREDICTION,src/tracking/advanced_tracker.py:id_merge,
L,2,4303,PREDICTION,src/tracking/advanced_tracker.py:id_merge,
R,PREDICTION,PREDICTION,1
L,3,4303,PREDICTION,src/tracking/advanced_tracker.py:kalman_homography,
R,CLAMP,CLAMP,0
L,4,4303,PREDICTION,src/tracking/advanced_tracker.py:kalman_homography,
R,CLAMP,CLAMP,0
A,4303
S,0,4309,DETECTION,src/tracking/advanced_tracker.py:_activate_slot,4309_295_371_667_720
S,2,4309,DETECTION,src/tracking/advanced_tracker.py:_activate_slot,4309_254_307_511_498
S,3,4309,PREDICTION,src/tracking/advanced_tracker.py:kalman_homography,
S,4,4309,PREDICTION,src/tracking/advanced_tracker.py:kalman_homography,
D,0,4309
S,2,4309,PREDICTION,src/tracking/advanced_tracker.py:id_merge,
L,2,4309,PREDICTION,src/tracking/advanced_tracker.py:id_merge,
R,PREDICTION,PREDICTION,1
L,3,4309,PREDICTION,src/tracking/advanced_tracker.py:kalman_homography,
R,CLAMP,CLAMP,0
L,4,4309,PREDICTION,src/tracking/advanced_tracker.py:kalman_homography,
R,CLAMP,CLAMP,0
A,4309
S,0,4315,DETECTION,src/tracking/advanced_tracker.py:_activate_slot,4315_118_749_259_831
S,2,4315,PREDICTION,src/tracking/advanced_tracker.py:kalman_homography,
S,3,4315,PREDICTION,src/tracking/advanced_tracker.py:kalman_homography,
S,4,4315,PREDICTION,src/tracking/advanced_tracker.py:kalman_homography,
D,4,4315
S,0,4315,PREDICTION,src/tracking/advanced_tracker.py:id_merge,
L,0,4315,PREDICTION,src/tracking/advanced_tracker.py:id_merge,
R,CLAMP,CLAMP,0
L,2,4315,PREDICTION,src/tracking/advanced_tracker.py:kalman_homography,
R,PREDICTION,PREDICTION,1
L,3,4315,PREDICTION,src/tracking/advanced_tracker.py:kalman_homography,
R,CLAMP,CLAMP,0
A,4315
S,0,4321,PREDICTION,src/tracking/advanced_tracker.py:kalman_homography,
S,2,4321,PREDICTION,src/tracking/advanced_tracker.py:kalman_homography,
S,3,4321,PREDICTION,src/tracking/advanced_tracker.py:kalman_homography,
S,4,4321,PREDICTION,src/tracking/advanced_tracker.py:kalman_homography,
D,4,4321
S,0,4321,PREDICTION,src/tracking/advanced_tracker.py:id_merge,
L,0,4321,PREDICTION,src/tracking/advanced_tracker.py:id_merge,
R,CLAMP,CLAMP,0
L,2,4321,PREDICTION,src/tracking/advanced_tracker.py:kalman_homography,
R,PREDICTION,PREDICTION,1
L,3,4321,PREDICTION,src/tracking/advanced_tracker.py:kalman_homography,
R,CLAMP,CLAMP,0
A,4321
S,0,4327,PREDICTION,src/tracking/advanced_tracker.py:kalman_homography,
S,2,4327,PREDICTION,src/tracking/advanced_tracker.py:kalman_homography,
S,3,4327,PREDICTION,src/tracking/advanced_tracker.py:kalman_homography,
L,0,4327,PREDICTION,src/tracking/advanced_tracker.py:kalman_homography,
R,CLAMP,CLAMP,0
L,2,4327,PREDICTION,src/tracking/advanced_tracker.py:kalman_homography,
R,PREDICTION,PREDICTION,1
L,3,4327,PREDICTION,src/tracking/advanced_tracker.py:kalman_homography,
R,CLAMP,CLAMP,0
A,4327
S,0,4333,PREDICTION,src/tracking/advanced_tracker.py:kalman_homography,
S,2,4333,PREDICTION,src/tracking/advanced_tracker.py:kalman_homography,
S,3,4333,PREDICTION,src/tracking/advanced_tracker.py:kalman_homography,
L,0,4333,PREDICTION,src/tracking/advanced_tracker.py:kalman_homography,
R,CLAMP,CLAMP,0
L,2,4333,PREDICTION,src/tracking/advanced_tracker.py:kalman_homography,
R,PREDICTION,PREDICTION,1
L,3,4333,PREDICTION,src/tracking/advanced_tracker.py:kalman_homography,
R,CLAMP,CLAMP,0
A,4333
S,2,4339,PREDICTION,src/tracking/advanced_tracker.py:kalman_homography,
S,3,4339,PREDICTION,src/tracking/advanced_tracker.py:kalman_homography,
S,0,4339,PREDICTION,src/tracking/advanced_tracker.py:flow_gapfill_batched,
L,0,4339,PREDICTION,src/tracking/advanced_tracker.py:flow_gapfill_batched,
R,CLAMP,CLAMP,0
L,2,4339,PREDICTION,src/tracking/advanced_tracker.py:kalman_homography,
R,PREDICTION,PREDICTION,1
L,3,4339,PREDICTION,src/tracking/advanced_tracker.py:kalman_homography,
R,CLAMP,CLAMP,0
A,4339
S,2,4345,PREDICTION,src/tracking/advanced_tracker.py:kalman_homography,
S,0,4345,PREDICTION,src/tracking/advanced_tracker.py:flow_gapfill_batched,
S,3,4345,PREDICTION,src/tracking/advanced_tracker.py:flow_gapfill_batched,
L,0,4345,PREDICTION,src/tracking/advanced_tracker.py:flow_gapfill_batched,
R,CLAMP,CLAMP,0
L,2,4345,PREDICTION,src/tracking/advanced_tracker.py:kalman_homography,
R,CLAMP,CLAMP,1
L,3,4345,PREDICTION,src/tracking/advanced_tracker.py:flow_gapfill_batched,
R,CLAMP,CLAMP,0
A,4345
S,0,4351,PREDICTION,src/tracking/advanced_tracker.py:flow_gapfill_batched,
S,2,4351,PREDICTION,src/tracking/advanced_tracker.py:flow_gapfill_batched,
L,0,4351,PREDICTION,src/tracking/advanced_tracker.py:flow_gapfill_batched,
R,CLAMP,CLAMP,0
L,2,4351,PREDICTION,src/tracking/advanced_tracker.py:flow_gapfill_batched,
R,PREDICTION,PREDICTION,1
A,4351
S,0,4357,PREDICTION,src/tracking/advanced_tracker.py:flow_gapfill_batched,
S,2,4357,PREDICTION,src/tracking/advanced_tracker.py:flow_gapfill_batched,
L,0,4357,PREDICTION,src/tracking/advanced_tracker.py:flow_gapfill_batched,
R,CLAMP,CLAMP,0
L,2,4357,PREDICTION,src/tracking/advanced_tracker.py:flow_gapfill_batched,
R,PREDICTION,PREDICTION,1
A,4357
S,1,4363,DETECTION,src/tracking/advanced_tracker.py:_activate_slot,4363_121_515_286_606
S,0,4363,PREDICTION,src/tracking/advanced_tracker.py:flow_gapfill_batched,
L,0,4363,PREDICTION,src/tracking/advanced_tracker.py:flow_gapfill_batched,
R,CLAMP,CLAMP,0
L,1,4363,DETECTION,src/tracking/advanced_tracker.py:_activate_slot,4363_121_515_286_606
R,CLAMP,CLAMP,0
A,4363
S,1,4369,DETECTION,src/tracking/advanced_tracker.py:_activate_slot,4369_123_528_289_606
S,4,4369,DETECTION,src/tracking/advanced_tracker.py:_activate_slot,4369_516_235_674_420
L,1,4369,DETECTION,src/tracking/advanced_tracker.py:_activate_slot,4369_123_528_289_606
R,CLAMP,CLAMP,0
L,4,4369,DETECTION,src/tracking/advanced_tracker.py:_activate_slot,4369_516_235_674_420
R,CLAMP,CLAMP,0
A,4369
S,1,4375,DETECTION,src/tracking/advanced_tracker.py:_activate_slot,4375_122_538_288_612
S,4,4375,DETECTION,src/tracking/advanced_tracker.py:_activate_slot,4375_521_249_674_436
D,1,4375
S,4,4375,PREDICTION,src/tracking/advanced_tracker.py:id_merge,
L,4,4375,PREDICTION,src/tracking/advanced_tracker.py:id_merge,
R,CLAMP,CLAMP,0
A,4375
S,1,4381,DETECTION,src/tracking/advanced_tracker.py:_activate_slot,4381_125_543_292_619
S,4,4381,DETECTION,src/tracking/advanced_tracker.py:_activate_slot,4381_524_268_675_451
D,1,4381
S,4,4381,PREDICTION,src/tracking/advanced_tracker.py:id_merge,
L,4,4381,PREDICTION,src/tracking/advanced_tracker.py:id_merge,
R,CLAMP,CLAMP,0
A,4381
S,1,4387,DETECTION,src/tracking/advanced_tracker.py:_activate_slot,4387_125_526_292_632
S,3,4387,DETECTION,src/tracking/advanced_tracker.py:_activate_slot,4387_115_646_294_752
D,1,4387
S,3,4387,PREDICTION,src/tracking/advanced_tracker.py:id_merge,
L,3,4387,PREDICTION,src/tracking/advanced_tracker.py:id_merge,
R,PREDICTION,PREDICTION,1
A,4387
S,3,4393,DETECTION,src/tracking/advanced_tracker.py:_activate_slot,4393_120_641_288_747
S,1,4393,DETECTION,src/tracking/advanced_tracker.py:_activate_slot,4393_127_529_291_645
S,4,4393,DETECTION,src/tracking/advanced_tracker.py:_activate_slot,4393_524_299_674_478
D,1,4393
S,3,4393,PREDICTION,src/tracking/advanced_tracker.py:id_merge,
D,3,4393
S,4,4393,PREDICTION,src/tracking/advanced_tracker.py:id_merge,
L,4,4393,PREDICTION,src/tracking/advanced_tracker.py:id_merge,
R,CLAMP,CLAMP,0
A,4393
S,1,4399,DETECTION,src/tracking/advanced_tracker.py:_activate_slot,4399_95_222_252_299
S,3,4399,DETECTION,src/tracking/advanced_tracker.py:_activate_slot,4399_119_641_287_731
S,4,4399,DETECTION,src/tracking/advanced_tracker.py:_activate_slot,4399_89_167_253_266
S,2,4399,DETECTION,src/tracking/advanced_tracker.py:_activate_slot,4399_128_543_294_656
D,1,4399
S,4,4399,PREDICTION,src/tracking/advanced_tracker.py:id_merge,
D,2,4399
S,3,4399,PREDICTION,src/tracking/advanced_tracker.py:id_merge,
L,3,4399,PREDICTION,src/tracking/advanced_tracker.py:id_merge,
R,PREDICTION,PREDICTION,1
L,4,4399,PREDICTION,src/tracking/advanced_tracker.py:id_merge,
R,CLAMP,CLAMP,0
A,4399
S,2,4405,DETECTION,src/tracking/advanced_tracker.py:_activate_slot,4405_127_555_295_641
S,3,4405,DETECTION,src/tracking/advanced_tracker.py:_activate_slot,4405_124_628_294_710
S,0,4405,DETECTION,src/tracking/advanced_tracker.py:_activate_slot,4405_91_234_257_306
S,1,4405,PREDICTION,src/tracking/advanced_tracker.py:kalman_homography,
S,4,4405,PREDICTION,src/tracking/advanced_tracker.py:kalman_homography,
D,1,4405
S,0,4405,PREDICTION,src/tracking/advanced_tracker.py:id_merge,
D,4,4405
S,0,4405,PREDICTION,src/tracking/advanced_tracker.py:id_merge,
D,2,4405
S,3,4405,PREDICTION,src/tracking/advanced_tracker.py:id_merge,
L,0,4405,PREDICTION,src/tracking/advanced_tracker.py:id_merge,
R,PREDICTION,PREDICTION,1
L,3,4405,PREDICTION,src/tracking/advanced_tracker.py:id_merge,
R,PREDICTION,PREDICTION,1
A,4405
S,2,4411,DETECTION,src/tracking/advanced_tracker.py:_activate_slot,4411_130_567_294_642
S,3,4411,DETECTION,src/tracking/advanced_tracker.py:_activate_slot,4411_120_625_294_719
S,0,4411,DETECTION,src/tracking/advanced_tracker.py:_activate_slot,4411_96_184_263_278
S,1,4411,PREDICTION,src/tracking/advanced_tracker.py:kalman_homography,
S,4,4411,PREDICTION,src/tracking/advanced_tracker.py:kalman_homography,
D,1,4411
S,0,4411,PREDICTION,src/tracking/advanced_tracker.py:id_merge,
D,4,4411
S,0,4411,PREDICTION,src/tracking/advanced_tracker.py:id_merge,
D,2,4411
S,3,4411,PREDICTION,src/tracking/advanced_tracker.py:id_merge,
L,0,4411,PREDICTION,src/tracking/advanced_tracker.py:id_merge,
R,PREDICTION,PREDICTION,1
L,3,4411,PREDICTION,src/tracking/advanced_tracker.py:id_merge,
R,PREDICTION,PREDICTION,1
A,4411
S,2,4417,DETECTION,src/tracking/advanced_tracker.py:_activate_slot,4417_122_570_296_662
S,3,4417,DETECTION,src/tracking/advanced_tracker.py:_activate_slot,4417_123_610_292_729
S,0,4417,PREDICTION,src/tracking/advanced_tracker.py:kalman_homography,
S,1,4417,PREDICTION,src/tracking/advanced_tracker.py:kalman_homography,
S,4,4417,PREDICTION,src/tracking/advanced_tracker.py:flow_gapfill_batched,
D,4,4417
S,0,4417,PREDICTION,src/tracking/advanced_tracker.py:id_merge,
D,2,4417
S,3,4417,PREDICTION,src/tracking/advanced_tracker.py:id_merge,
L,0,4417,PREDICTION,src/tracking/advanced_tracker.py:id_merge,
R,PREDICTION,PREDICTION,1
L,1,4417,PREDICTION,src/tracking/advanced_tracker.py:kalman_homography,
R,CLAMP,CLAMP,0
L,3,4417,PREDICTION,src/tracking/advanced_tracker.py:id_merge,
R,PREDICTION,PREDICTION,1
A,4417
S,2,4423,DETECTION,src/tracking/advanced_tracker.py:_activate_slot,4423_135_574_297_660
S,3,4423,DETECTION,src/tracking/advanced_tracker.py:_activate_slot,4423_140_614_296_714
S,0,4423,PREDICTION,src/tracking/advanced_tracker.py:kalman_homography,
S,1,4423,PREDICTION,src/tracking/advanced_tracker.py:flow_gapfill_batched,
S,4,4423,PREDICTION,src/tracking/advanced_tracker.py:flow_gapfill_batched,
D,1,4423
S,0,4423,PREDICTION,src/tracking/advanced_tracker.py:id_merge,
D,4,4423
S,0,4423,PREDICTION,src/tracking/advanced_tracker.py:id_merge,
D,2,4423
S,3,4423,PREDICTION,src/tracking/advanced_tracker.py:id_merge,
L,0,4423,PREDICTION,src/tracking/advanced_tracker.py:id_merge,
R,PREDICTION,PREDICTION,1
L,3,4423,PREDICTION,src/tracking/advanced_tracker.py:id_merge,
R,PREDICTION,PREDICTION,1
A,4423
S,2,4429,DETECTION,src/tracking/advanced_tracker.py:_activate_slot,4429_127_583_295_668
S,3,4429,DETECTION,src/tracking/advanced_tracker.py:_activate_slot,4429_119_623_271_697
S,0,4429,PREDICTION,src/tracking/advanced_tracker.py:kalman_homography,
S,1,4429,PREDICTION,src/tracking/advanced_tracker.py:flow_gapfill_batched,
S,4,4429,PREDICTION,src/tracking/advanced_tracker.py:flow_gapfill_batched,
D,4,4429
S,0,4429,PREDICTION,src/tracking/advanced_tracker.py:id_merge,
D,2,4429
S,3,4429,PREDICTION,src/tracking/advanced_tracker.py:id_merge,
L,0,4429,PREDICTION,src/tracking/advanced_tracker.py:id_merge,
R,PREDICTION,PREDICTION,1
L,1,4429,PREDICTION,src/tracking/advanced_tracker.py:flow_gapfill_batched,
R,CLAMP,CLAMP,0
L,3,4429,PREDICTION,src/tracking/advanced_tracker.py:id_merge,
R,PREDICTION,PREDICTION,1
A,4429
S,2,4435,DETECTION,src/tracking/advanced_tracker.py:_activate_slot,4435_127_593_300_671
S,3,4435,DETECTION,src/tracking/advanced_tracker.py:_activate_slot,4435_118_624_287_694
S,0,4435,PREDICTION,src/tracking/advanced_tracker.py:kalman_homography,
S,1,4435,PREDICTION,src/tracking/advanced_tracker.py:flow_gapfill_batched,
S,4,4435,PREDICTION,src/tracking/advanced_tracker.py:flow_gapfill_batched,
D,4,4435
S,0,4435,PREDICTION,src/tracking/advanced_tracker.py:id_merge,
D,2,4435
S,3,4435,PREDICTION,src/tracking/advanced_tracker.py:id_merge,
L,0,4435,PREDICTION,src/tracking/advanced_tracker.py:id_merge,
R,PREDICTION,PREDICTION,1
L,1,4435,PREDICTION,src/tracking/advanced_tracker.py:flow_gapfill_batched,
R,CLAMP,CLAMP,0
L,3,4435,PREDICTION,src/tracking/advanced_tracker.py:id_merge,
R,PREDICTION,PREDICTION,1
A,4435
S,2,4441,DETECTION,src/tracking/advanced_tracker.py:_activate_slot,4441_107_206_270_275
S,3,4441,DETECTION,src/tracking/advanced_tracker.py:_activate_slot,4441_125_598_304_675
S,0,4441,PREDICTION,src/tracking/advanced_tracker.py:kalman_homography,
S,1,4441,PREDICTION,src/tracking/advanced_tracker.py:flow_gapfill_batched,
S,4,4441,PREDICTION,src/tracking/advanced_tracker.py:flow_gapfill_batched,
D,1,4441
S,2,4441,PREDICTION,src/tracking/advanced_tracker.py:id_merge,
D,4,4441
S,2,4441,PREDICTION,src/tracking/advanced_tracker.py:id_merge,
L,0,4441,PREDICTION,src/tracking/advanced_tracker.py:kalman_homography,
R,PREDICTION,PREDICTION,1
L,2,4441,PREDICTION,src/tracking/advanced_tracker.py:id_merge,
R,PREDICTION,PREDICTION,1
L,3,4441,DETECTION,src/tracking/advanced_tracker.py:_activate_slot,4441_125_598_304_675
R,DETECTION,DETECTION,1
A,4441
S,3,4447,DETECTION,src/tracking/advanced_tracker.py:_activate_slot,4447_129_607_300_675
S,0,4447,PREDICTION,src/tracking/advanced_tracker.py:kalman_homography,
S,2,4447,PREDICTION,src/tracking/advanced_tracker.py:kalman_homography,
S,1,4447,PREDICTION,src/tracking/advanced_tracker.py:flow_gapfill_batched,
S,4,4447,PREDICTION,src/tracking/advanced_tracker.py:flow_gapfill_batched,
D,0,4447
S,2,4447,PREDICTION,src/tracking/advanced_tracker.py:id_merge,
D,1,4447
S,4,4447,PREDICTION,src/tracking/advanced_tracker.py:id_merge,
D,4,4447
S,2,4447,PREDICTION,src/tracking/advanced_tracker.py:id_merge,
L,2,4447,PREDICTION,src/tracking/advanced_tracker.py:id_merge,
R,PREDICTION,PREDICTION,1
L,3,4447,DETECTION,src/tracking/advanced_tracker.py:_activate_slot,4447_129_607_300_675
R,DETECTION,DETECTION,1
A,4447
S,3,4453,DETECTION,src/tracking/advanced_tracker.py:_activate_slot,4453_132_598_299_686
S,0,4453,PREDICTION,src/tracking/advanced_tracker.py:kalman_homography,
S,2,4453,PREDICTION,src/tracking/advanced_tracker.py:kalman_homography,
D,0,4453
S,2,4453,PREDICTION,src/tracking/advanced_tracker.py:id_merge,
L,2,4453,PREDICTION,src/tracking/advanced_tracker.py:id_merge,
R,PREDICTION,PREDICTION,1
L,3,4453,DETECTION,src/tracking/advanced_tracker.py:_activate_slot,4453_132_598_299_686
R,DETECTION,SUBPIXEL,0
A,4453
S,3,4459,PREDICTION,src/tracking/advanced_tracker.py:kalman_homography,
S,0,4459,PREDICTION,src/tracking/advanced_tracker.py:flow_gapfill_batched,
S,2,4459,PREDICTION,src/tracking/advanced_tracker.py:flow_gapfill_batched,
D,0,4459
S,2,4459,PREDICTION,src/tracking/advanced_tracker.py:id_merge,
L,2,4459,PREDICTION,src/tracking/advanced_tracker.py:id_merge,
R,PREDICTION,PREDICTION,1
L,3,4459,PREDICTION,src/tracking/advanced_tracker.py:kalman_homography,
R,PREDICTION,PREDICTION,1
A,4459
S,3,4465,PREDICTION,src/tracking/advanced_tracker.py:kalman_homography,
S,2,4465,PREDICTION,src/tracking/advanced_tracker.py:flow_gapfill_batched,
L,2,4465,PREDICTION,src/tracking/advanced_tracker.py:flow_gapfill_batched,
R,PREDICTION,PREDICTION,1
L,3,4465,PREDICTION,src/tracking/advanced_tracker.py:kalman_homography,
R,PREDICTION,PREDICTION,1
A,4465
S,3,4471,PREDICTION,src/tracking/advanced_tracker.py:kalman_homography,
S,2,4471,PREDICTION,src/tracking/advanced_tracker.py:flow_gapfill_batched,
L,2,4471,PREDICTION,src/tracking/advanced_tracker.py:flow_gapfill_batched,
R,PREDICTION,PREDICTION,1
L,3,4471,PREDICTION,src/tracking/advanced_tracker.py:kalman_homography,
R,PREDICTION,PREDICTION,1
A,4471
S,3,4477,PREDICTION,src/tracking/advanced_tracker.py:kalman_homography,
S,2,4477,PREDICTION,src/tracking/advanced_tracker.py:flow_gapfill_batched,
L,2,4477,PREDICTION,src/tracking/advanced_tracker.py:flow_gapfill_batched,
R,PREDICTION,PREDICTION,1
L,3,4477,PREDICTION,src/tracking/advanced_tracker.py:kalman_homography,
R,PREDICTION,PREDICTION,1
A,4477
S,3,4483,DETECTION,src/tracking/advanced_tracker.py:_activate_slot,4483_141_623_297_708
S,2,4483,PREDICTION,src/tracking/advanced_tracker.py:flow_gapfill_batched,
L,2,4483,PREDICTION,src/tracking/advanced_tracker.py:flow_gapfill_batched,
R,PREDICTION,PREDICTION,1
L,3,4483,DETECTION,src/tracking/advanced_tracker.py:_activate_slot,4483_141_623_297_708
R,DETECTION,DETECTION,1
A,4483
S,1,4489,DETECTION,src/tracking/advanced_tracker.py:_activate_slot,4489_112_309_288_403
S,4,4489,DETECTION,src/tracking/advanced_tracker.py:_activate_slot,4489_118_651_371_747
S,3,4489,PREDICTION,src/tracking/advanced_tracker.py:kalman_homography,
S,2,4489,PREDICTION,src/tracking/advanced_tracker.py:flow_gapfill_batched,
D,2,4489
S,1,4489,PREDICTION,src/tracking/advanced_tracker.py:id_merge,
D,3,4489
S,4,4489,PREDICTION,src/tracking/advanced_tracker.py:id_merge,
L,1,4489,PREDICTION,src/tracking/advanced_tracker.py:id_merge,
R,CLAMP,CLAMP,0
L,4,4489,PREDICTION,src/tracking/advanced_tracker.py:id_merge,
R,CLAMP,CLAMP,0
A,4489
S,1,4495,DETECTION,src/tracking/advanced_tracker.py:_activate_slot,4495_112_306_293_409
S,4,4495,DETECTION,src/tracking/advanced_tracker.py:_activate_slot,4495_212_653_371_753
S,3,4495,PREDICTION,src/tracking/advanced_tracker.py:kalman_homography,
D,3,4495
S,4,4495,PREDICTION,src/tracking/advanced_tracker.py:id_merge,
L,1,4495,DETECTION,src/tracking/advanced_tracker.py:_activate_slot,4495_112_306_293_409
R,CLAMP,CLAMP,0
L,4,4495,PREDICTION,src/tracking/advanced_tracker.py:id_merge,
R,CLAMP,CLAMP,0
A,4495
S,1,4501,DETECTION,src/tracking/advanced_tracker.py:_activate_slot,4501_114_308_295_412
S,3,4501,DETECTION,src/tracking/advanced_tracker.py:_activate_slot,4501_128_636_283_714
S,4,4501,DETECTION,src/tracking/advanced_tracker.py:_activate_slot,4501_209_643_374_755
S,0,4501,DETECTION,src/tracking/advanced_tracker.py:_activate_slot,4501_128_234_304_307
D,0,4501
S,1,4501,PREDICTION,src/tracking/advanced_tracker.py:id_merge,
D,3,4501
S,4,4501,PREDICTION,src/tracking/advanced_tracker.py:id_merge,
L,1,4501,PREDICTION,src/tracking/advanced_tracker.py:id_merge,
R,CLAMP,CLAMP,0
L,4,4501,PREDICTION,src/tracking/advanced_tracker.py:id_merge,
R,CLAMP,CLAMP,0
A,4501
S,0,4507,DETECTION,src/tracking/advanced_tracker.py:_activate_slot,4507_127_236_306_308
S,1,4507,DETECTION,src/tracking/advanced_tracker.py:_activate_slot,4507_113_310_296_411
S,3,4507,PREDICTION,src/tracking/advanced_tracker.py:kalman_homography,
S,4,4507,PREDICTION,src/tracking/advanced_tracker.py:kalman_homography,
D,0,4507
S,1,4507,PREDICTION,src/tracking/advanced_tracker.py:id_merge,
D,3,4507
S,4,4507,PREDICTION,src/tracking/advanced_tracker.py:id_merge,
L,1,4507,PREDICTION,src/tracking/advanced_tracker.py:id_merge,
R,CLAMP,CLAMP,0
L,4,4507,PREDICTION,src/tracking/advanced_tracker.py:id_merge,
R,CLAMP,CLAMP,0
A,4507
S,0,4513,DETECTION,src/tracking/advanced_tracker.py:_activate_slot,4513_130_236_307_307
S,1,4513,DETECTION,src/tracking/advanced_tracker.py:_activate_slot,4513_114_316_298_412
S,3,4513,PREDICTION,src/tracking/advanced_tracker.py:kalman_homography,
S,4,4513,PREDICTION,src/tracking/advanced_tracker.py:flow_gapfill_batched,
D,0,4513
S,1,4513,PREDICTION,src/tracking/advanced_tracker.py:id_merge,
D,3,4513
S,4,4513,PREDICTION,src/tracking/advanced_tracker.py:id_merge,
L,1,4513,PREDICTION,src/tracking/advanced_tracker.py:id_merge,
R,CLAMP,CLAMP,0
L,4,4513,PREDICTION,src/tracking/advanced_tracker.py:id_merge,
R,CLAMP,CLAMP,0
A,4513
S,0,4519,DETECTION,src/tracking/advanced_tracker.py:_activate_slot,4519_121_236_307_310
S,1,4519,DETECTION,src/tracking/advanced_tracker.py:_activate_slot,4519_117_320_298_415
S,3,4519,DETECTION,src/tracking/advanced_tracker.py:_activate_slot,4519_131_647_290_731
S,4,4519,PREDICTION,src/tracking/advanced_tracker.py:flow_gapfill_batched,
D,0,4519
S,1,4519,PREDICTION,src/tracking/advanced_tracker.py:id_merge,
D,4,4519
S,3,4519,PREDICTION,src/tracking/advanced_tracker.py:id_merge,
L,1,4519,PREDICTION,src/tracking/advanced_tracker.py:id_merge,
R,CLAMP,CLAMP,0
L,3,4519,PREDICTION,src/tracking/advanced_tracker.py:id_merge,
R,PREDICTION,PREDICTION,1
A,4519
S,0,4525,DETECTION,src/tracking/advanced_tracker.py:_activate_slot,4525_116_236_315_313
S,1,4525,DETECTION,src/tracking/advanced_tracker.py:_activate_slot,4525_118_325_298_420
S,4,4525,DETECTION,src/tracking/advanced_tracker.py:_activate_slot,4525_233_635_409_746
S,3,4525,DETECTION,src/tracking/advanced_tracker.py:_activate_slot,4525_124_647_290_732
D,0,4525
S,1,4525,PREDICTION,src/tracking/advanced_tracker.py:id_merge,
D,3,4525
S,4,4525,PREDICTION,src/tracking/advanced_tracker.py:id_merge,
L,1,4525,PREDICTION,src/tracking/advanced_tracker.py:id_merge,
R,CLAMP,CLAMP,0
L,4,4525,PREDICTION,src/tracking/advanced_tracker.py:id_merge,
R,CLAMP,CLAMP,0
A,4525
S,0,4531,DETECTION,src/tracking/advanced_tracker.py:_activate_slot,4531_114_693_278_771
S,1,4531,DETECTION,src/tracking/advanced_tracker.py:_activate_slot,4531_115_336_298_422
S,3,4531,DETECTION,src/tracking/advanced_tracker.py:_activate_slot,4531_117_652_283_734
S,2,4531,DETECTION,src/tracking/advanced_tracker.py:_activate_slot,4531_68_502_224_612
D,0,4531
S,3,4531,PREDICTION,src/tracking/advanced_tracker.py:id_merge,
D,2,4531
S,3,4531,PREDICTION,src/tracking/advanced_tracker.py:id_merge,
L,1,4531,DETECTION,src/tracking/advanced_tracker.py:_activate_slot,4531_115_336_298_422
R,CLAMP,CLAMP,0
L,3,4531,PREDICTION,src/tracking/advanced_tracker.py:id_merge,
R,PREDICTION,PREDICTION,1
A,4531
S,1,4537,DETECTION,src/tracking/advanced_tracker.py:_activate_slot,4537_117_660_284_741
S,2,4537,DETECTION,src/tracking/advanced_tracker.py:_activate_slot,4537_68_508_229_599
S,0,4537,PREDICTION,src/tracking/advanced_tracker.py:kalman_homography,
S,3,4537,PREDICTION,src/tracking/advanced_tracker.py:kalman_homography,
D,0,4537
S,1,4537,PREDICTION,src/tracking/advanced_tracker.py:id_merge,
D,1,4537
S,2,4537,PREDICTION,src/tracking/advanced_tracker.py:id_merge,
L,2,4537,PREDICTION,src/tracking/advanced_tracker.py:id_merge,
R,PREDICTION,PREDICTION,1
L,3,4537,PREDICTION,src/tracking/advanced_tracker.py:kalman_homography,
R,PREDICTION,PREDICTION,1
A,4537
S,1,4543,DETECTION,src/tracking/advanced_tracker.py:_activate_slot,4543_112_698_292_782
S,2,4543,DETECTION,src/tracking/advanced_tracker.py:_activate_slot,4543_69_519_226_593
S,3,4543,DETECTION,src/tracking/advanced_tracker.py:_activate_slot,4543_131_655_294_741
S,0,4543,PREDICTION,src/tracking/advanced_tracker.py:flow_gapfill_batched,
S,4,4543,PREDICTION,src/tracking/advanced_tracker.py:flow_gapfill_batched,
D,0,4543
S,1,4543,PREDICTION,src/tracking/advanced_tracker.py:id_merge,
D,1,4543
S,3,4543,PREDICTION,src/tracking/advanced_tracker.py:id_merge,
D,4,4543
S,3,4543,PREDICTION,src/tracking/advanced_tracker.py:id_merge,
L,2,4543,DETECTION,src/tracking/advanced_tracker.py:_activate_slot,4543_69_519_226_593
R,DETECTION,DETECTION,1
L,3,4543,PREDICTION,src/tracking/advanced_tracker.py:id_merge,
R,PREDICTION,PREDICTION,1
A,4543
S,1,4549,DETECTION,src/tracking/advanced_tracker.py:_activate_slot,4549_511_207_675_390
S,2,4549,DETECTION,src/tracking/advanced_tracker.py:_activate_slot,4549_63_525_223_600
S,3,4549,DETECTION,src/tracking/advanced_tracker.py:_activate_slot,4549_129_660_289_742
S,0,4549,PREDICTION,src/tracking/advanced_tracker.py:flow_gapfill_batched,
D,0,4549
S,1,4549,PREDICTION,src/tracking/advanced_tracker.py:id_merge,
D,1,4549
S,3,4549,PREDICTION,src/tracking/advanced_tracker.py:id_merge,
D,2,4549
S,3,4549,PREDICTION,src/tracking/advanced_tracker.py:id_merge,
L,3,4549,PREDICTION,src/tracking/advanced_tracker.py:id_merge,
R,PREDICTION,PREDICTION,1
A,4549
S,2,4555,DETECTION,src/tracking/advanced_tracker.py:_activate_slot,4555_76_527_225_603
S,3,4555,DETECTION,src/tracking/advanced_tracker.py:_activate_slot,4555_128_650_297_748
S,0,4555,PREDICTION,src/tracking/advanced_tracker.py:flow_gapfill_batched,
D,0,4555
S,3,4555,PREDICTION,src/tracking/advanced_tracker.py:id_merge,
D,2,4555
S,3,4555,PREDICTION,src/tracking/advanced_tracker.py:id_merge,
L,3,4555,PREDICTION,src/tracking/advanced_tracker.py:id_merge,
R,PREDICTION,PREDICTION,1
A,4555
S,2,4561,DETECTION,src/tracking/advanced_tracker.py:_activate_slot,4561_78_520_228_606
S,3,4561,DETECTION,src/tracking/advanced_tracker.py:_activate_slot,4561_132_654_297_762
S,0,4561,PREDICTION,src/tracking/advanced_tracker.py:flow_gapfill_batched,
S,1,4561,PREDICTION,src/tracking/advanced_tracker.py:flow_gapfill_batched,
D,0,4561
S,1,4561,PREDICTION,src/tracking/advanced_tracker.py:id_merge,
D,1,4561
S,3,4561,PREDICTION,src/tracking/advanced_tracker.py:id_merge,
L,2,4561,DETECTION,src/tracking/advanced_tracker.py:_activate_slot,4561_78_520_228_606
R,DETECTION,DETECTION,1
L,3,4561,PREDICTION,src/tracking/advanced_tracker.py:id_merge,
R,PREDICTION,PREDICTION,1
A,4561
S,2,4567,DETECTION,src/tracking/advanced_tracker.py:_activate_slot,4567_69_516_228_612
S,3,4567,DETECTION,src/tracking/advanced_tracker.py:_activate_slot,4567_133_662_297_776
S,0,4567,PREDICTION,src/tracking/advanced_tracker.py:flow_gapfill_batched,
S,1,4567,PREDICTION,src/tracking/advanced_tracker.py:flow_gapfill_batched,
D,0,4567
S,1,4567,PREDICTION,src/tracking/advanced_tracker.py:id_merge,
D,1,4567
S,3,4567,PREDICTION,src/tracking/advanced_tracker.py:id_merge,
L,2,4567,DETECTION,src/tracking/advanced_tracker.py:_activate_slot,4567_69_516_228_612
R,DETECTION,DETECTION,1
L,3,4567,PREDICTION,src/tracking/advanced_tracker.py:id_merge,
R,PREDICTION,PREDICTION,1
A,4567
S,2,4573,DETECTION,src/tracking/advanced_tracker.py:_activate_slot,4573_66_516_229_614
S,3,4573,PREDICTION,src/tracking/advanced_tracker.py:kalman_homography,
S,0,4573,PREDICTION,src/tracking/advanced_tracker.py:flow_gapfill_batched,
S,1,4573,PREDICTION,src/tracking/advanced_tracker.py:flow_gapfill_batched,
S,4,4573,PREDICTION,src/tracking/advanced_tracker.py:flow_gapfill_batched,
D,0,4573
S,1,4573,PREDICTION,src/tracking/advanced_tracker.py:id_merge,
D,1,4573
S,3,4573,PREDICTION,src/tracking/advanced_tracker.py:id_merge,
D,4,4573
S,3,4573,PREDICTION,src/tracking/advanced_tracker.py:id_merge,
L,2,4573,DETECTION,src/tracking/advanced_tracker.py:_activate_slot,4573_66_516_229_614
R,DETECTION,DETECTION,1
L,3,4573,PREDICTION,src/tracking/advanced_tracker.py:id_merge,
R,PREDICTION,PREDICTION,1
A,4573
S,2,4579,DETECTION,src/tracking/advanced_tracker.py:_activate_slot,4579_67_519_230_620
S,3,4579,PREDICTION,src/tracking/advanced_tracker.py:kalman_homography,
S,0,4579,PREDICTION,src/tracking/advanced_tracker.py:flow_gapfill_batched,
S,1,4579,PREDICTION,src/tracking/advanced_tracker.py:flow_gapfill_batched,
D,0,4579
S,1,4579,PREDICTION,src/tracking/advanced_tracker.py:id_merge,
D,1,4579
S,3,4579,PREDICTION,src/tracking/advanced_tracker.py:id_merge,
L,2,4579,DETECTION,src/tracking/advanced_tracker.py:_activate_slot,4579_67_519_230_620
R,DETECTION,DETECTION,1
L,3,4579,PREDICTION,src/tracking/advanced_tracker.py:id_merge,
R,PREDICTION,PREDICTION,1
A,4579
S,2,4585,DETECTION,src/tracking/advanced_tracker.py:_activate_slot,4585_77_523_227_617
S,3,4585,PREDICTION,src/tracking/advanced_tracker.py:kalman_homography,
S,1,4585,PREDICTION,src/tracking/advanced_tracker.py:flow_gapfill_batched,
D,1,4585
S,3,4585,PREDICTION,src/tracking/advanced_tracker.py:id_merge,
L,2,4585,DETECTION,src/tracking/advanced_tracker.py:_activate_slot,4585_77_523_227_617
R,DETECTION,SUBPIXEL,0
L,3,4585,PREDICTION,src/tracking/advanced_tracker.py:id_merge,
R,PREDICTION,PREDICTION,1
A,4585
S,2,4591,DETECTION,src/tracking/advanced_tracker.py:_activate_slot,4591_80_530_227_618
S,3,4591,PREDICTION,src/tracking/advanced_tracker.py:kalman_homography,
S,1,4591,PREDICTION,src/tracking/advanced_tracker.py:flow_gapfill_batched,
D,1,4591
S,3,4591,PREDICTION,src/tracking/advanced_tracker.py:id_merge,
L,2,4591,DETECTION,src/tracking/advanced_tracker.py:_activate_slot,4591_80_530_227_618
R,DETECTION,DETECTION,1
L,3,4591,PREDICTION,src/tracking/advanced_tracker.py:id_merge,
R,PREDICTION,PREDICTION,1
A,4591
S,2,4597,DETECTION,src/tracking/advanced_tracker.py:_activate_slot,4597_66_524_229_623
S,3,4597,PREDICTION,src/tracking/advanced_tracker.py:kalman_homography,
S,1,4597,PREDICTION,src/tracking/advanced_tracker.py:flow_gapfill_batched,
D,1,4597
S,3,4597,PREDICTION,src/tracking/advanced_tracker.py:id_merge,
L,2,4597,DETECTION,src/tracking/advanced_tracker.py:_activate_slot,4597_66_524_229_623
R,DETECTION,SUBPIXEL,0
L,3,4597,PREDICTION,src/tracking/advanced_tracker.py:id_merge,
R,PREDICTION,PREDICTION,1
A,4597
S,2,4603,DETECTION,src/tracking/advanced_tracker.py:_activate_slot,4603_68_533_228_623
S,3,4603,PREDICTION,src/tracking/advanced_tracker.py:kalman_homography,
L,2,4603,DETECTION,src/tracking/advanced_tracker.py:_activate_slot,4603_68_533_228_623
R,DETECTION,DETECTION,1
L,3,4603,PREDICTION,src/tracking/advanced_tracker.py:kalman_homography,
R,PREDICTION,PREDICTION,1
A,4603
S,2,4609,DETECTION,src/tracking/advanced_tracker.py:_activate_slot,4609_76_538_230_631
S,3,4609,PREDICTION,src/tracking/advanced_tracker.py:kalman_homography,
L,2,4609,DETECTION,src/tracking/advanced_tracker.py:_activate_slot,4609_76_538_230_631
R,DETECTION,DETECTION,1
L,3,4609,PREDICTION,src/tracking/advanced_tracker.py:kalman_homography,
R,PREDICTION,PREDICTION,1
A,4609
S,2,4615,DETECTION,src/tracking/advanced_tracker.py:_activate_slot,4615_73_539_231_636
S,4,4615,DETECTION,src/tracking/advanced_tracker.py:_activate_slot,4615_158_400_348_473
S,3,4615,PREDICTION,src/tracking/advanced_tracker.py:flow_gapfill_batched,
D,2,4615
S,4,4615,PREDICTION,src/tracking/advanced_tracker.py:id_merge,
L,3,4615,PREDICTION,src/tracking/advanced_tracker.py:flow_gapfill_batched,
R,PREDICTION,PREDICTION,1
L,4,4615,PREDICTION,src/tracking/advanced_tracker.py:id_merge,
R,CLAMP,CLAMP,0
A,4615
S,2,4621,DETECTION,src/tracking/advanced_tracker.py:_activate_slot,4621_76_546_232_638
S,0,4621,DETECTION,src/tracking/advanced_tracker.py:_activate_slot,4621_161_410_349_503
S,4,4621,PREDICTION,src/tracking/advanced_tracker.py:kalman_homography,
D,0,4621
S,2,4621,PREDICTION,src/tracking/advanced_tracker.py:id_merge,
D,4,4621
S,2,4621,PREDICTION,src/tracking/advanced_tracker.py:id_merge,
L,2,4621,PREDICTION,src/tracking/advanced_tracker.py:id_merge,
R,PREDICTION,PREDICTION,1
A,4621
S,2,4627,DETECTION,src/tracking/advanced_tracker.py:_activate_slot,4627_160_412_352_533
S,0,4627,PREDICTION,src/tracking/advanced_tracker.py:kalman_homography,
S,4,4627,PREDICTION,src/tracking/advanced_tracker.py:kalman_homography,
D,0,4627
S,2,4627,PREDICTION,src/tracking/advanced_tracker.py:id_merge,
D,4,4627
S,2,4627,PREDICTION,src/tracking/advanced_tracker.py:id_merge,
L,2,4627,PREDICTION,src/tracking/advanced_tracker.py:id_merge,
R,PREDICTION,PREDICTION,1
A,4627
S,2,4633,DETECTION,src/tracking/advanced_tracker.py:_activate_slot,4633_151_418_354_551
S,0,4633,PREDICTION,src/tracking/advanced_tracker.py:kalman_homography,
S,4,4633,PREDICTION,src/tracking/advanced_tracker.py:kalman_homography,
D,0,4633
S,2,4633,PREDICTION,src/tracking/advanced_tracker.py:id_merge,
D,4,4633
S,2,4633,PREDICTION,src/tracking/advanced_tracker.py:id_merge,
L,2,4633,PREDICTION,src/tracking/advanced_tracker.py:id_merge,
R,PREDICTION,PREDICTION,1
A,4633
S,2,4639,DETECTION,src/tracking/advanced_tracker.py:_activate_slot,4639_71_549_240_645
S,1,4639,DETECTION,src/tracking/advanced_tracker.py:_activate_slot,4639_147_435_353_555
S,0,4639,PREDICTION,src/tracking/advanced_tracker.py:kalman_homography,
S,4,4639,PREDICTION,src/tracking/advanced_tracker.py:kalman_homography,
D,0,4639
S,1,4639,PREDICTION,src/tracking/advanced_tracker.py:id_merge,
D,1,4639
S,2,4639,PREDICTION,src/tracking/advanced_tracker.py:id_merge,
L,2,4639,PREDICTION,src/tracking/advanced_tracker.py:id_merge,
R,PREDICTION,PREDICTION,1
L,4,4639,PREDICTION,src/tracking/advanced_tracker.py:kalman_homography,
R,CLAMP,CLAMP,0
A,4639
S,1,4645,DETECTION,src/tracking/advanced_tracker.py:_activate_slot,4645_150_450_356_562
S,2,4645,DETECTION,src/tracking/advanced_tracker.py:_activate_slot,4645_72_549_240_643
S,0,4645,PREDICTION,src/tracking/advanced_tracker.py:kalman_homography,
S,4,4645,PREDICTION,src/tracking/advanced_tracker.py:kalman_homography,
D,0,4645
S,1,4645,PREDICTION,src/tracking/advanced_tracker.py:id_merge,
D,1,4645
S,2,4645,PREDICTION,src/tracking/advanced_tracker.py:id_merge,
L,2,4645,PREDICTION,src/tracking/advanced_tracker.py:id_merge,
R,PREDICTION,PREDICTION,1
L,4,4645,PREDICTION,src/tracking/advanced_tracker.py:kalman_homography,
R,CLAMP,CLAMP,0
A,4645
S,1,4651,DETECTION,src/tracking/advanced_tracker.py:_activate_slot,4651_175_464_365_558
S,2,4651,DETECTION,src/tracking/advanced_tracker.py:_activate_slot,4651_72_552_239_643
S,0,4651,PREDICTION,src/tracking/advanced_tracker.py:kalman_homography,
S,4,4651,PREDICTION,src/tracking/advanced_tracker.py:kalman_homography,
D,0,4651
S,1,4651,PREDICTION,src/tracking/advanced_tracker.py:id_merge,
D,1,4651
S,2,4651,PREDICTION,src/tracking/advanced_tracker.py:id_merge,
L,2,4651,PREDICTION,src/tracking/advanced_tracker.py:id_merge,
R,PREDICTION,PREDICTION,1
L,4,4651,PREDICTION,src/tracking/advanced_tracker.py:kalman_homography,
R,CLAMP,CLAMP,0
A,4651
S,2,4657,DETECTION,src/tracking/advanced_tracker.py:_activate_slot,4657_71_555_240_641
S,1,4657,DETECTION,src/tracking/advanced_tracker.py:_activate_slot,4657_185_469_371_554
S,3,4657,DETECTION,src/tracking/advanced_tracker.py:_activate_slot,4657_158_502_338_597
S,0,4657,PREDICTION,src/tracking/advanced_tracker.py:kalman_homography,
S,4,4657,PREDICTION,src/tracking/advanced_tracker.py:kalman_homography,
D,0,4657
S,1,4657,PREDICTION,src/tracking/advanced_tracker.py:id_merge,
D,1,4657
S,2,4657,PREDICTION,src/tracking/advanced_tracker.py:id_merge,
D,2,4657
S,3,4657,PREDICTION,src/tracking/advanced_tracker.py:id_merge,
D,4,4657
S,3,4657,PREDICTION,src/tracking/advanced_tracker.py:id_merge,
L,3,4657,PREDICTION,src/tracking/advanced_tracker.py:id_merge,
R,PREDICTION,PREDICTION,1
A,4657
S,1,4663,DETECTION,src/tracking/advanced_tracker.py:_activate_slot,4663_191_473_378_555
S,2,4663,DETECTION,src/tracking/advanced_tracker.py:_activate_slot,4663_82_560_241_640
S,0,4663,PREDICTION,src/tracking/advanced_tracker.py:kalman_homography,
S,3,4663,PREDICTION,src/tracking/advanced_tracker.py:kalman_homography,
S,4,4663,PREDICTION,src/tracking/advanced_tracker.py:flow_gapfill_batched,
D,0,4663
S,1,4663,PREDICTION,src/tracking/advanced_tracker.py:id_merge,
D,1,4663
S,2,4663,PREDICTION,src/tracking/advanced_tracker.py:id_merge,
D,3,4663
S,2,4663,PREDICTION,src/tracking/advanced_tracker.py:id_merge,
L,2,4663,PREDICTION,src/tracking/advanced_tracker.py:id_merge,
R,PREDICTION,PREDICTION,1
L,4,4663,PREDICTION,src/tracking/advanced_tracker.py:flow_gapfill_batched,
R,CLAMP,CLAMP,0
A,4663
S,1,4669,DETECTION,src/tracking/advanced_tracker.py:_activate_slot,4669_197_473_382_555
S,2,4669,DETECTION,src/tracking/advanced_tracker.py:_activate_slot,4669_78_569_241_644
S,3,4669,DETECTION,src/tracking/advanced_tracker.py:_activate_slot,4669_69_544_211_608
S,0,4669,PREDICTION,src/tracking/advanced_tracker.py:flow_gapfill_batched,
D,0,4669
S,1,4669,PREDICTION,src/tracking/advanced_tracker.py:id_merge,
D,1,4669
S,2,4669,PREDICTION,src/tracking/advanced_tracker.py:id_merge,
D,2,4669
S,3,4669,PREDICTION,src/tracking/advanced_tracker.py:id_merge,
L,3,4669,PREDICTION,src/tracking/advanced_tracker.py:id_merge,
R,PREDICTION,PREDICTION,1
A,4669
S,1,4675,DETECTION,src/tracking/advanced_tracker.py:_activate_slot,4675_201_471_384_558
S,2,4675,DETECTION,src/tracking/advanced_tracker.py:_activate_slot,4675_83_571_242_646
S,3,4675,DETECTION,src/tracking/advanced_tracker.py:_activate_slot,4675_63_542_216_612
D,1,4675
S,2,4675,PREDICTION,src/tracking/advanced_tracker.py:id_merge,
D,2,4675
S,3,4675,PREDICTION,src/tracking/advanced_tracker.py:id_merge,
L,3,4675,PREDICTION,src/tracking/advanced_tracker.py:id_merge,
R,PREDICTION,PREDICTION,1
A,4675
S,1,4681,DETECTION,src/tracking/advanced_tracker.py:_activate_slot,4681_204_465_384_560
S,2,4681,DETECTION,src/tracking/advanced_tracker.py:_activate_slot,4681_90_578_241_654
S,3,4681,DETECTION,src/tracking/advanced_tracker.py:_activate_slot,4681_69_538_226_610
D,1,4681
S,2,4681,PREDICTION,src/tracking/advanced_tracker.py:id_merge,
D,2,4681
S,3,4681,PREDICTION,src/tracking/advanced_tracker.py:id_merge,
L,3,4681,PREDICTION,src/tracking/advanced_tracker.py:id_merge,
R,PREDICTION,SUBPIXEL,0
A,4681
S,1,4687,DETECTION,src/tracking/advanced_tracker.py:_activate_slot,4687_206_458_381_555
S,2,4687,DETECTION,src/tracking/advanced_tracker.py:_activate_slot,4687_93_587_241_654
S,3,4687,DETECTION,src/tracking/advanced_tracker.py:_activate_slot,4687_72_538_226_608
D,1,4687
S,2,4687,PREDICTION,src/tracking/advanced_tracker.py:id_merge,
D,2,4687
S,3,4687,PREDICTION,src/tracking/advanced_tracker.py:id_merge,
L,3,4687,PREDICTION,src/tracking/advanced_tracker.py:id_merge,
R,PREDICTION,SUBPIXEL,0
A,4687
S,1,4693,DETECTION,src/tracking/advanced_tracker.py:_activate_slot,4693_207_447_388_555
S,2,4693,DETECTION,src/tracking/advanced_tracker.py:_activate_slot,4693_163_773_322_867
S,3,4693,DETECTION,src/tracking/advanced_tracker.py:_activate_slot,4693_72_535_225_606
D,1,4693
S,3,4693,PREDICTION,src/tracking/advanced_tracker.py:id_merge,
L,2,4693,DETECTION,src/tracking/advanced_tracker.py:_activate_slot,4693_163_773_322_867
R,DETECTION,DETECTION,1
L,3,4693,PREDICTION,src/tracking/advanced_tracker.py:id_merge,
R,PREDICTION,PREDICTION,1
A,4693
S,1,4699,DETECTION,src/tracking/advanced_tracker.py:_activate_slot,4699_207_443_390_553
S,2,4699,DETECTION,src/tracking/advanced_tracker.py:_activate_slot,4699_157_773_324_861
S,3,4699,DETECTION,src/tracking/advanced_tracker.py:_activate_slot,4699_72_535_228_605
S,4,4699,DETECTION,src/tracking/advanced_tracker.py:_activate_slot,4699_262_648_392_783
D,1,4699
S,3,4699,PREDICTION,src/tracking/advanced_tracker.py:id_merge,
D,2,4699
S,4,4699,PREDICTION,src/tracking/advanced_tracker.py:id_merge,
L,3,4699,PREDICTION,src/tracking/advanced_tracker.py:id_merge,
R,PREDICTION,SUBPIXEL,0
L,4,4699,PREDICTION,src/tracking/advanced_tracker.py:id_merge,
R,CLAMP,CLAMP,0
A,4699
S,1,4705,DETECTION,src/tracking/advanced_tracker.py:_activate_slot,4705_206_441_390_551
S,2,4705,DETECTION,src/tracking/advanced_tracker.py:_activate_slot,4705_152_775_321_855
S,3,4705,DETECTION,src/tracking/advanced_tracker.py:_activate_slot,4705_163_522_350_637
S,4,4705,DETECTION,src/tracking/advanced_tracker.py:_activate_slot,4705_165_548_349_638
D,1,4705
S,3,4705,PREDICTION,src/tracking/advanced_tracker.py:id_merge,
D,3,4705
S,4,4705,PREDICTION,src/tracking/advanced_tracker.py:id_merge,
L,2,4705,DETECTION,src/tracking/advanced_tracker.py:_activate_slot,4705_152_775_321_855
R,DETECTION,DETECTION,1
L,4,4705,PREDICTION,src/tracking/advanced_tracker.py:id_merge,
R,CLAMP,CLAMP,0
A,4705
S,1,4711,DETECTION,src/tracking/advanced_tracker.py:_activate_slot,4711_205_441_386_545
S,2,4711,DETECTION,src/tracking/advanced_tracker.py:_activate_slot,4711_76_534_229_604
S,3,4711,DETECTION,src/tracking/advanced_tracker.py:_activate_slot,4711_167_524_351_640
S,0,4711,DETECTION,src/tracking/advanced_tracker.py:_activate_slot,4711_98_601_239_683
S,4,4711,PREDICTION,src/tracking/advanced_tracker.py:kalman_homography,
D,0,4711
S,1,4711,PREDICTION,src/tracking/advanced_tracker.py:id_merge,
D,1,4711
S,2,4711,PREDICTION,src/tracking/advanced_tracker.py:id_merge,
D,2,4711
S,3,4711,PREDICTION,src/tracking/advanced_tracker.py:id_merge,
D,4,4711
S,3,4711,PREDICTION,src/tracking/advanced_tracker.py:id_merge,
L,3,4711,PREDICTION,src/tracking/advanced_tracker.py:id_merge,
R,PREDICTION,PREDICTION,1
A,4711
S,0,4717,DETECTION,src/tracking/advanced_tracker.py:_activate_slot,4717_97_597_238_685
S,1,4717,DETECTION,src/tracking/advanced_tracker.py:_activate_slot,4717_204_441_384_539
S,2,4717,DETECTION,src/tracking/advanced_tracker.py:_activate_slot,4717_78_535_225_603
S,3,4717,PREDICTION,src/tracking/advanced_tracker.py:kalman_homography,
S,4,4717,PREDICTION,src/tracking/advanced_tracker.py:kalman_homography,
D,0,4717
S,1,4717,PREDICTION,src/tracking/advanced_tracker.py:id_merge,
D,1,4717
S,2,4717,PREDICTION,src/tracking/advanced_tracker.py:id_merge,
D,3,4717
S,2,4717,PREDICTION,src/tracking/advanced_tracker.py:id_merge,
D,4,4717
S,2,4717,PREDICTION,src/tracking/advanced_tracker.py:id_merge,
L,2,4717,PREDICTION,src/tracking/advanced_tracker.py:id_merge,
R,PREDICTION,PREDICTION,1
A,4717
S,0,4723,DETECTION,src/tracking/advanced_tracker.py:_activate_slot,4723_96_593_237_683
S,1,4723,DETECTION,src/tracking/advanced_tracker.py:_activate_slot,4723_202_441_383_540
S,2,4723,DETECTION,src/tracking/advanced_tracker.py:_activate_slot,4723_324_98_451_191
S,3,4723,PREDICTION,src/tracking/advanced_tracker.py:kalman_homography,
S,4,4723,PREDICTION,src/tracking/advanced_tracker.py:kalman_homography,
D,0,4723
S,1,4723,PREDICTION,src/tracking/advanced_tracker.py:id_merge,
D,4,4723
S,1,4723,PREDICTION,src/tracking/advanced_tracker.py:id_merge,
L,1,4723,PREDICTION,src/tracking/advanced_tracker.py:id_merge,
R,CLAMP,CLAMP,0
L,2,4723,DETECTION,src/tracking/advanced_tracker.py:_activate_slot,4723_324_98_451_191
R,CLAMP,CLAMP,0
L,3,4723,PREDICTION,src/tracking/advanced_tracker.py:kalman_homography,
R,PREDICTION,PREDICTION,1
A,4723
S,0,4729,DETECTION,src/tracking/advanced_tracker.py:_activate_slot,4729_97_590_240_684
S,1,4729,DETECTION,src/tracking/advanced_tracker.py:_activate_slot,4729_202_441_383_540
S,4,4729,CLAMP,src/tracking/advanced_tracker.py:_activate_slot,4729_323_97_457_189
S,3,4729,PREDICTION,src/tracking/advanced_tracker.py:kalman_homography,
S,2,4729,PREDICTION,src/tracking/advanced_tracker.py:flow_gapfill_batched,
D,0,4729
S,1,4729,PREDICTION,src/tracking/advanced_tracker.py:id_merge,
D,1,4729
S,4,4729,PREDICTION,src/tracking/advanced_tracker.py:id_merge,
L,2,4729,PREDICTION,src/tracking/advanced_tracker.py:flow_gapfill_batched,
R,CLAMP,CLAMP,0
L,3,4729,PREDICTION,src/tracking/advanced_tracker.py:kalman_homography,
R,PREDICTION,PREDICTION,1
L,4,4729,PREDICTION,src/tracking/advanced_tracker.py:id_merge,
R,CLAMP,CLAMP,0
A,4729
S,0,4735,DETECTION,src/tracking/advanced_tracker.py:_activate_slot,4735_94_586_245_683
S,1,4735,DETECTION,src/tracking/advanced_tracker.py:_activate_slot,4735_201_442_383_545
S,4,4735,DETECTION,src/tracking/advanced_tracker.py:_activate_slot,4735_167_525_359_641
S,2,4735,PREDICTION,src/tracking/advanced_tracker.py:flow_gapfill_batched,
S,3,4735,PREDICTION,src/tracking/advanced_tracker.py:flow_gapfill_batched,
D,0,4735
S,1,4735,PREDICTION,src/tracking/advanced_tracker.py:id_merge,
D,3,4735
S,1,4735,PREDICTION,src/tracking/advanced_tracker.py:id_merge,
D,1,4735
S,4,4735,PREDICTION,src/tracking/advanced_tracker.py:id_merge,
L,2,4735,PREDICTION,src/tracking/advanced_tracker.py:flow_gapfill_batched,
R,CLAMP,CLAMP,0
L,4,4735,PREDICTION,src/tracking/advanced_tracker.py:id_merge,
R,CLAMP,CLAMP,0
A,4735
S,0,4741,DETECTION,src/tracking/advanced_tracker.py:_activate_slot,4741_98_574_246_668
S,1,4741,DETECTION,src/tracking/advanced_tracker.py:_activate_slot,4741_198_442_382_552
S,4,4741,CLAMP,src/tracking/advanced_tracker.py:_activate_slot,4741_324_95_452_186
S,2,4741,PREDICTION,src/tracking/advanced_tracker.py:flow_gapfill_batched,
S,3,4741,PREDICTION,src/tracking/advanced_tracker.py:flow_gapfill_batched,
D,0,4741
S,1,4741,PREDICTION,src/tracking/advanced_tracker.py:id_merge,
D,3,4741
S,1,4741,PREDICTION,src/tracking/advanced_tracker.py:id_merge,
D,1,4741
S,4,4741,PREDICTION,src/tracking/advanced_tracker.py:id_merge,
L,2,4741,PREDICTION,src/tracking/advanced_tracker.py:flow_gapfill_batched,
R,CLAMP,CLAMP,0
L,4,4741,PREDICTION,src/tracking/advanced_tracker.py:id_merge,
R,CLAMP,CLAMP,0
A,4741
S,1,4747,DETECTION,src/tracking/advanced_tracker.py:_activate_slot,4747_198_442_383_552
S,4,4747,DETECTION,src/tracking/advanced_tracker.py:_activate_slot,4747_175_521_363_629
S,0,4747,PREDICTION,src/tracking/advanced_tracker.py:kalman_homography,
S,2,4747,PREDICTION,src/tracking/advanced_tracker.py:flow_gapfill_batched,
S,3,4747,PREDICTION,src/tracking/advanced_tracker.py:flow_gapfill_batched,
D,0,4747
S,1,4747,PREDICTION,src/tracking/advanced_tracker.py:id_merge,
D,3,4747
S,1,4747,PREDICTION,src/tracking/advanced_tracker.py:id_merge,
D,1,4747
S,4,4747,PREDICTION,src/tracking/advanced_tracker.py:id_merge,
L,2,4747,PREDICTION,src/tracking/advanced_tracker.py:flow_gapfill_batched,
R,CLAMP,CLAMP,0
L,4,4747,PREDICTION,src/tracking/advanced_tracker.py:id_merge,
R,CLAMP,CLAMP,0
A,4747
S,1,4753,DETECTION,src/tracking/advanced_tracker.py:_activate_slot,4753_198_440_383_552
S,4,4753,DETECTION,src/tracking/advanced_tracker.py:_activate_slot,4753_324_92_450_185
S,0,4753,PREDICTION,src/tracking/advanced_tracker.py:kalman_homography,
S,3,4753,PREDICTION,src/tracking/advanced_tracker.py:kalman_homography,
S,2,4753,PREDICTION,src/tracking/advanced_tracker.py:flow_gapfill_batched,
D,0,4753
S,1,4753,PREDICTION,src/tracking/advanced_tracker.py:id_merge,
D,2,4753
S,4,4753,PREDICTION,src/tracking/advanced_tracker.py:id_merge,
L,1,4753,PREDICTION,src/tracking/advanced_tracker.py:id_merge,
R,CLAMP,CLAMP,0
L,3,4753,PREDICTION,src/tracking/advanced_tracker.py:kalman_homography,
R,CLAMP,CLAMP,0
L,4,4753,PREDICTION,src/tracking/advanced_tracker.py:id_merge,
R,CLAMP,CLAMP,0
A,4753
S,1,4759,DETECTION,src/tracking/advanced_tracker.py:_activate_slot,4759_197_434_383_561
S,4,4759,DETECTION,src/tracking/advanced_tracker.py:_activate_slot,4759_176_518_365_622
S,0,4759,PREDICTION,src/tracking/advanced_tracker.py:kalman_homography,
S,2,4759,PREDICTION,src/tracking/advanced_tracker.py:flow_gapfill_batched,
S,3,4759,PREDICTION,src/tracking/advanced_tracker.py:flow_gapfill_batched,
D,0,4759
S,1,4759,PREDICTION,src/tracking/advanced_tracker.py:id_merge,
D,3,4759
S,1,4759,PREDICTION,src/tracking/advanced_tracker.py:id_merge,
D,1,4759
S,4,4759,PREDICTION,src/tracking/advanced_tracker.py:id_merge,
L,2,4759,PREDICTION,src/tracking/advanced_tracker.py:flow_gapfill_batched,
R,CLAMP,CLAMP,0
L,4,4759,PREDICTION,src/tracking/advanced_tracker.py:id_merge,
R,CLAMP,CLAMP,0
A,4759
S,1,4765,DETECTION,src/tracking/advanced_tracker.py:_activate_slot,4765_198_431_381_552
S,4,4765,DETECTION,src/tracking/advanced_tracker.py:_activate_slot,4765_324_92_448_185
S,0,4765,PREDICTION,src/tracking/advanced_tracker.py:kalman_homography,
S,2,4765,PREDICTION,src/tracking/advanced_tracker.py:flow_gapfill_batched,
D,0,4765
S,1,4765,PREDICTION,src/tracking/advanced_tracker.py:id_merge,
D,2,4765
S,4,4765,PREDICTION,src/tracking/advanced_tracker.py:id_merge,
L,1,4765,PREDICTION,src/tracking/advanced_tracker.py:id_merge,
R,CLAMP,CLAMP,0
L,4,4765,PREDICTION,src/tracking/advanced_tracker.py:id_merge,
R,PREDICTION,PREDICTION,1
A,4765
S,1,4771,DETECTION,src/tracking/advanced_tracker.py:_activate_slot,4771_198_426_383_555
S,4,4771,DETECTION,src/tracking/advanced_tracker.py:_activate_slot,4771_177_504_365_624
S,0,4771,PREDICTION,src/tracking/advanced_tracker.py:kalman_homography,
S,2,4771,PREDICTION,src/tracking/advanced_tracker.py:flow_gapfill_batched,
D,0,4771
S,1,4771,PREDICTION,src/tracking/advanced_tracker.py:id_merge,
D,1,4771
S,4,4771,PREDICTION,src/tracking/advanced_tracker.py:id_merge,
L,2,4771,PREDICTION,src/tracking/advanced_tracker.py:flow_gapfill_batched,
R,CLAMP,CLAMP,0
L,4,4771,PREDICTION,src/tracking/advanced_tracker.py:id_merge,
R,CLAMP,CLAMP,0
A,4771
