S,0,4410,DETECTION,src/tracking/advanced_tracker.py:_activate_slot,4410_156_348_411_505
S,1,4410,DETECTION,src/tracking/advanced_tracker.py:_activate_slot,4410_314_164_512_289
S,2,4410,DETECTION,src/tracking/advanced_tracker.py:_activate_slot,4410_161_251_331_391
S,3,4410,DETECTION,src/tracking/advanced_tracker.py:_activate_slot,4410_68_261_245_393
S,4,4410,DETECTION,src/tracking/advanced_tracker.py:_activate_slot,4410_314_258_511_388
D,1,4410
S,4,4410,PREDICTION,src/tracking/advanced_tracker.py:id_merge,
L,0,4410,DETECTION,src/tracking/advanced_tracker.py:_activate_slot,4410_156_348_411_505
R,DETECTION,DETECTION,1
L,2,4410,DETECTION,src/tracking/advanced_tracker.py:_activate_slot,4410_161_251_331_391
R,DETECTION,DETECTION,1
L,3,4410,DETECTION,src/tracking/advanced_tracker.py:_activate_slot,4410_68_261_245_393
R,DETECTION,DETECTION,1
L,4,4410,PREDICTION,src/tracking/advanced_tracker.py:id_merge,
R,PREDICTION,PREDICTION,1
A,4410
S,0,4416,DETECTION,src/tracking/advanced_tracker.py:_activate_slot,4416_144_347_405_511
S,2,4416,DETECTION,src/tracking/advanced_tracker.py:_activate_slot,4416_158_250_302_364
S,3,4416,DETECTION,src/tracking/advanced_tracker.py:_activate_slot,4416_61_255_257_386
S,4,4416,DETECTION,src/tracking/advanced_tracker.py:_activate_slot,4416_310_266_506_385
S,1,4416,PREDICTION,src/tracking/advanced_tracker.py:kalman_homography,
L,0,4416,DETECTION,src/tracking/advanced_tracker.py:_activate_slot,4416_144_347_405_511
R,DETECTION,DETECTION,1
L,1,4416,PREDICTION,src/tracking/advanced_tracker.py:kalman_homography,
R,PREDICTION,PREDICTION,1
L,2,4416,DETECTION,src/tracking/advanced_tracker.py:_activate_slot,4416_158_250_302_364
R,DETECTION,DETECTION,1
L,3,4416,DETECTION,src/tracking/advanced_tracker.py:_activate_slot,4416_61_255_257_386
R,DETECTION,DETECTION,1
L,4,4416,DETECTION,src/tracking/advanced_tracker.py:_activate_slot,4416_310_266_506_385
R,DETECTION,DETECTION,1
A,4416
S,0,4422,DETECTION,src/tracking/advanced_tracker.py:_activate_slot,4422_141_345_451_513
S,4,4422,DETECTION,src/tracking/advanced_tracker.py:_activate_slot,4422_313_260_513_384
S,2,4422,DETECTION,src/tracking/advanced_tracker.py:_activate_slot,4422_160_244_312_357
S,3,4422,DETECTION,src/tracking/advanced_tracker.py:_activate_slot,4422_69_241_270_384
S,5,4422,DETECTION,src/tracking/advanced_tracker.py:_activate_slot,4422_302_144_513_270
S,1,4422,PREDICTION,src/tracking/advanced_tracker.py:kalman_homography,
D,1,4422
S,4,4422,PREDICTION,src/tracking/advanced_tracker.py:id_merge,
D,2,4422
S,3,4422,PREDICTION,src/tracking/advanced_tracker.py:id_merge,
L,0,4422,DETECTION,src/tracking/advanced_tracker.py:_activate_slot,4422_141_345_451_513
R,DETECTION,DETECTION,1
L,3,4422,PREDICTION,src/tracking/advanced_tracker.py:id_merge,
R,PREDICTION,PREDICTION,1
L,4,4422,PREDICTION,src/tracking/advanced_tracker.py:id_merge,
R,PREDICTION,PREDICTION,1
L,5,4422,DETECTION,src/tracking/advanced_tracker.py:_activate_slot,4422_302_144_513_270
R,DETECTION,DETECTION,1
A,4422
S,0,4428,DETECTION,src/tracking/advanced_tracker.py:_activate_slot,4428_140_344_499_518
S,1,4428,PREDICTION,src/tracking/advanced_tracker.py:kalman_homography,
S,2,4428,PREDICTION,src/tracking/advanced_tracker.py:kalman_homography,
S,3,4428,PREDICTION,src/tracking/advanced_tracker.py:kalman_homography,
S,4,4428,PREDICTION,src/tracking/advanced_tracker.py:kalman_homography,
S,5,4428,PREDICTION,src/tracking/advanced_tracker.py:kalman_homography,
D,1,4428
S,4,4428,PREDICTION,src/tracking/advanced_tracker.py:id_merge,
D,2,4428
S,3,4428,PREDICTION,src/tracking/advanced_tracker.py:id_merge,
L,0,4428,DETECTION,src/tracking/advanced_tracker.py:_activate_slot,4428_140_344_499_518
R,DETECTION,DETECTION,1
L,3,4428,PREDICTION,src/tracking/advanced_tracker.py:id_merge,
R,PREDICTION,PREDICTION,1
L,4,4428,PREDICTION,src/tracking/advanced_tracker.py:id_merge,
R,PREDICTION,PREDICTION,1
L,5,4428,PREDICTION,src/tracking/advanced_tracker.py:kalman_homography,
R,PREDICTION,PREDICTION,1
A,4428
S,1,4434,DETECTION,src/tracking/advanced_tracker.py:_activate_slot,4434_298_194_427_297
S,0,4434,PREDICTION,src/tracking/advanced_tracker.py:kalman_homography,
S,2,4434,PREDICTION,src/tracking/advanced_tracker.py:kalman_homography,
S,3,4434,PREDICTION,src/tracking/advanced_tracker.py:kalman_homography,
S,4,4434,PREDICTION,src/tracking/advanced_tracker.py:kalman_homography,
S,5,4434,PREDICTION,src/tracking/advanced_tracker.py:kalman_homography,
D,2,4434
S,3,4434,PREDICTION,src/tracking/advanced_tracker.py:id_merge,
L,0,4434,PREDICTION,src/tracking/advanced_tracker.py:kalman_homography,
R,PREDICTION,PREDICTION,1
L,1,4434,DETECTION,src/tracking/advanced_tracker.py:_activate_slot,4434_298_194_427_297
R,CLAMP,CLAMP,0
L,3,4434,PREDICTION,src/tracking/advanced_tracker.py:id_merge,
R,PREDICTION,PREDICTION,1
L,4,4434,PREDICTION,src/tracking/advanced_tracker.py:kalman_homography,
R,PREDICTION,PREDICTION,1
L,5,4434,PREDICTION,src/tracking/advanced_tracker.py:kalman_homography,
R,PREDICTION,SUBPIXEL,0
A,4434
S,0,4440,DETECTION,src/tracking/advanced_tracker.py:_activate_slot,4440_158_350_522_522
S,1,4440,PREDICTION,src/tracking/advanced_tracker.py:kalman_homography,
S,2,4440,PREDICTION,src/tracking/advanced_tracker.py:kalman_homography,
S,3,4440,PREDICTION,src/tracking/advanced_tracker.py:kalman_homography,
S,4,4440,PREDICTION,src/tracking/advanced_tracker.py:kalman_homography,
S,5,4440,PREDICTION,src/tracking/advanced_tracker.py:kalman_homography,
D,2,4440
S,3,4440,PREDICTION,src/tracking/advanced_tracker.py:id_merge,
L,0,4440,DETECTION,src/tracking/advanced_tracker.py:_activate_slot,4440_158_350_522_522
R,DETECTION,DETECTION,1
L,1,4440,PREDICTION,src/tracking/advanced_tracker.py:kalman_homography,
R,CLAMP,CLAMP,0
L,3,4440,PREDICTION,src/tracking/advanced_tracker.py:id_merge,
R,PREDICTION,PREDICTION,1
L,4,4440,PREDICTION,src/tracking/advanced_tracker.py:kalman_homography,
R,PREDICTION,PREDICTION,1
L,5,4440,PREDICTION,src/tracking/advanced_tracker.py:kalman_homography,
R,PREDICTION,SUBPIXEL,0
A,4440
S,1,4446,PREDICTION,src/tracking/advanced_tracker.py:kalman_homography,
S,2,4446,PREDICTION,src/tracking/advanced_tracker.py:kalman_homography,
S,3,4446,PREDICTION,src/tracking/advanced_tracker.py:kalman_homography,
S,5,4446,PREDICTION,src/tracking/advanced_tracker.py:kalman_homography,
S,0,4446,PREDICTION,src/tracking/advanced_tracker.py:flow_gapfill_batched,
S,4,4446,PREDICTION,src/tracking/advanced_tracker.py:flow_gapfill_batched,
D,4,4446
S,0,4446,PREDICTION,src/tracking/advanced_tracker.py:id_merge,
D,2,4446
S,3,4446,PREDICTION,src/tracking/advanced_tracker.py:id_merge,
L,0,4446,PREDICTION,src/tracking/advanced_tracker.py:id_merge,
R,PREDICTION,PREDICTION,1
L,1,4446,PREDICTION,src/tracking/advanced_tracker.py:kalman_homography,
R,CLAMP,CLAMP,0
L,3,4446,PREDICTION,src/tracking/advanced_tracker.py:id_merge,
R,PREDICTION,PREDICTION,1
L,5,4446,PREDICTION,src/tracking/advanced_tracker.py:kalman_homography,
R,PREDICTION,SUBPIXEL,0
A,4446
S,1,4452,DETECTION,src/tracking/advanced_tracker.py:_activate_slot,4452_246_179_395_322
S,2,4452,PREDICTION,src/tracking/advanced_tracker.py:kalman_homography,
S,3,4452,PREDICTION,src/tracking/advanced_tracker.py:kalman_homography,
S,5,4452,PREDICTION,src/tracking/advanced_tracker.py:kalman_homography,
S,0,4452,PREDICTION,src/tracking/advanced_tracker.py:flow_gapfill_batched,
S,4,4452,PREDICTION,src/tracking/advanced_tracker.py:flow_gapfill_batched,
D,4,4452
S,0,4452,PREDICTION,src/tracking/advanced_tracker.py:id_merge,
D,2,4452
S,3,4452,PREDICTION,src/tracking/advanced_tracker.py:id_merge,
L,0,4452,PREDICTION,src/tracking/advanced_tracker.py:id_merge,
R,PREDICTION,PREDICTION,1
L,1,4452,DETECTION,src/tracking/advanced_tracker.py:_activate_slot,4452_246_179_395_322
R,CLAMP,CLAMP,0
L,3,4452,PREDICTION,src/tracking/advanced_tracker.py:id_merge,
R,PREDICTION,PREDICTION,1
L,5,4452,PREDICTION,src/tracking/advanced_tracker.py:kalman_homography,
R,PREDICTION,SUBPIXEL,0
A,4452
S,1,4458,PREDICTION,src/tracking/advanced_tracker.py:kalman_homography,
S,2,4458,PREDICTION,src/tracking/advanced_tracker.py:kalman_homography,
S,3,4458,PREDICTION,src/tracking/advanced_tracker.py:kalman_homography,
S,5,4458,PREDICTION,src/tracking/advanced_tracker.py:kalman_homography,
D,2,4458
S,3,4458,PREDICTION,src/tracking/advanced_tracker.py:id_merge,
L,1,4458,PREDICTION,src/tracking/advanced_tracker.py:kalman_homography,
R,CLAMP,CLAMP,0
L,3,4458,PREDICTION,src/tracking/advanced_tracker.py:id_merge,
R,PREDICTION,PREDICTION,1
L,5,4458,PREDICTION,src/tracking/advanced_tracker.py:kalman_homography,
R,PREDICTION,SUBPIXEL,0
A,4458
S,1,4464,PREDICTION,src/tracking/advanced_tracker.py:kalman_homography,
S,2,4464,PREDICTION,src/tracking/advanced_tracker.py:kalman_homography,
S,3,4464,PREDICTION,src/tracking/advanced_tracker.py:kalman_homography,
S,5,4464,PREDICTION,src/tracking/advanced_tracker.py:kalman_homography,
D,2,4464
S,3,4464,PREDICTION,src/tracking/advanced_tracker.py:id_merge,
L,1,4464,PREDICTION,src/tracking/advanced_tracker.py:kalman_homography,
R,CLAMP,CLAMP,0
L,3,4464,PREDICTION,src/tracking/advanced_tracker.py:id_merge,
R,PREDICTION,PREDICTION,1
L,5,4464,PREDICTION,src/tracking/advanced_tracker.py:kalman_homography,
R,PREDICTION,SUBPIXEL,0
A,4464
S,3,4470,DETECTION,src/tracking/advanced_tracker.py:_activate_slot,4470_94_209_290_332
S,1,4470,PREDICTION,src/tracking/advanced_tracker.py:kalman_homography,
S,0,4470,PREDICTION,src/tracking/advanced_tracker.py:flow_gapfill_batched,
S,2,4470,PREDICTION,src/tracking/advanced_tracker.py:flow_gapfill_batched,
S,4,4470,PREDICTION,src/tracking/advanced_tracker.py:flow_gapfill_batched,
S,5,4470,PREDICTION,src/tracking/advanced_tracker.py:flow_gapfill_batched,
D,2,4470
S,3,4470,PREDICTION,src/tracking/advanced_tracker.py:id_merge,
L,0,4470,PREDICTION,src/tracking/advanced_tracker.py:flow_gapfill_batched,
R,PREDICTION,PREDICTION,1
L,1,4470,PREDICTION,src/tracking/advanced_tracker.py:kalman_homography,
R,CLAMP,CLAMP,0
L,3,4470,PREDICTION,src/tracking/advanced_tracker.py:id_merge,
R,PREDICTION,PREDICTION,1
L,4,4470,PREDICTION,src/tracking/advanced_tracker.py:flow_gapfill_batched,
R,PREDICTION,PREDICTION,1
L,5,4470,PREDICTION,src/tracking/advanced_tracker.py:flow_gapfill_batched,
R,PREDICTION,PREDICTION,1
A,4470
S,1,4476,PREDICTION,src/tracking/advanced_tracker.py:kalman_homography,
S,3,4476,PREDICTION,src/tracking/advanced_tracker.py:kalman_homography,
S,0,4476,PREDICTION,src/tracking/advanced_tracker.py:flow_gapfill_batched,
L,0,4476,PREDICTION,src/tracking/advanced_tracker.py:flow_gapfill_batched,
R,PREDICTION,PREDICTION,1
L,1,4476,PREDICTION,src/tracking/advanced_tracker.py:kalman_homography,
R,CLAMP,CLAMP,0
L,3,4476,PREDICTION,src/tracking/advanced_tracker.py:kalman_homography,
R,PREDICTION,PREDICTION,1
A,4476
S,1,4482,PREDICTION,src/tracking/advanced_tracker.py:kalman_homography,
S,3,4482,PREDICTION,src/tracking/advanced_tracker.py:kalman_homography,
S,0,4482,PREDICTION,src/tracking/advanced_tracker.py:flow_gapfill_batched,
D,1,4482
S,3,4482,PREDICTION,src/tracking/advanced_tracker.py:id_merge,
L,0,4482,PREDICTION,src/tracking/advanced_tracker.py:flow_gapfill_batched,
R,PREDICTION,PREDICTION,1
L,3,4482,PREDICTION,src/tracking/advanced_tracker.py:id_merge,
R,PREDICTION,PREDICTION,1
A,4482
S,1,4488,PREDICTION,src/tracking/advanced_tracker.py:kalman_homography,
S,3,4488,PREDICTION,src/tracking/advanced_tracker.py:kalman_homography,
S,0,4488,PREDICTION,src/tracking/advanced_tracker.py:flow_gapfill_batched,
D,1,4488
S,3,4488,PREDICTION,src/tracking/advanced_tracker.py:id_merge,
L,0,4488,PREDICTION,src/tracking/advanced_tracker.py:flow_gapfill_batched,
R,PREDICTION,PREDICTION,1
L,3,4488,PREDICTION,src/tracking/advanced_tracker.py:id_merge,
R,PREDICTION,PREDICTION,1
A,4488
S,3,4494,DETECTION,src/tracking/advanced_tracker.py:_activate_slot,4494_122_179_302_304
S,1,4494,PREDICTION,src/tracking/advanced_tracker.py:kalman_homography,
D,1,4494
S,3,4494,PREDICTION,src/tracking/advanced_tracker.py:id_merge,
L,3,4494,PREDICTION,src/tracking/advanced_tracker.py:id_merge,
R,PREDICTION,PREDICTION,1
A,4494
S,3,4500,PREDICTION,src/tracking/advanced_tracker.py:kalman_homography,
S,1,4500,PREDICTION,src/tracking/advanced_tracker.py:flow_gapfill_batched,
L,1,4500,PREDICTION,src/tracking/advanced_tracker.py:flow_gapfill_batched,
R,CLAMP,CLAMP,0
L,3,4500,PREDICTION,src/tracking/advanced_tracker.py:kalman_homography,
R,PREDICTION,PREDICTION,1
A,4500
S,3,4506,PREDICTION,src/tracking/advanced_tracker.py:kalman_homography,
L,3,4506,PREDICTION,src/tracking/advanced_tracker.py:kalman_homography,
R,PREDICTION,PREDICTION,1
A,4506
S,2,4512,DETECTION,src/tracking/advanced_tracker.py:_activate_slot,4512_578_1051_675_1189
S,4,4512,DETECTION,src/tracking/advanced_tracker.py:_activate_slot,4512_159_394_300_514
S,3,4512,PREDICTION,src/tracking/advanced_tracker.py:kalman_homography,
L,2,4512,DETECTION,src/tracking/advanced_tracker.py:_activate_slot,4512_578_1051_675_1189
R,DETECTION,DETECTION,1
L,3,4512,PREDICTION,src/tracking/advanced_tracker.py:kalman_homography,
R,PREDICTION,PREDICTION,1
L,4,4512,DETECTION,src/tracking/advanced_tracker.py:_activate_slot,4512_159_394_300_514
R,CLAMP,CLAMP,1
A,4512
S,4,4518,DETECTION,src/tracking/advanced_tracker.py:_activate_slot,4518_131_366_272_465
S,3,4518,PREDICTION,src/tracking/advanced_tracker.py:kalman_homography,
L,3,4518,PREDICTION,src/tracking/advanced_tracker.py:kalman_homography,
R,PREDICTION,PREDICTION,1
L,4,4518,DETECTION,src/tracking/advanced_tracker.py:_activate_slot,4518_131_366_272_465
R,CLAMP,CLAMP,0
A,4518
S,2,4524,DETECTION,src/tracking/advanced_tracker.py:_activate_slot,4524_580_1077_675_1195
S,4,4524,DETECTION,src/tracking/advanced_tracker.py:_activate_slot,4524_139_301_331_441
S,3,4524,PREDICTION,src/tracking/advanced_tracker.py:kalman_homography,
L,2,4524,DETECTION,src/tracking/advanced_tracker.py:_activate_slot,4524_580_1077_675_1195
R,DETECTION,DETECTION,1
L,3,4524,PREDICTION,src/tracking/advanced_tracker.py:kalman_homography,
R,PREDICTION,PREDICTION,1
L,4,4524,DETECTION,src/tracking/advanced_tracker.py:_activate_slot,4524_139_301_331_441
R,CLAMP,CLAMP,0
A,4524
S,2,4530,DETECTION,src/tracking/advanced_tracker.py:_activate_slot,4530_580_1079_675_1193
S,4,4530,DETECTION,src/tracking/advanced_tracker.py:_activate_slot,4530_140_300_322_441
S,0,4530,DETECTION,src/tracking/advanced_tracker.py:_activate_slot,4530_162_417_292_525
S,3,4530,PREDICTION,src/tracking/advanced_tracker.py:kalman_homography,
L,0,4530,DETECTION,src/tracking/advanced_tracker.py:_activate_slot,4530_162_417_292_525
R,CLAMP,CLAMP,0
L,2,4530,DETECTION,src/tracking/advanced_tracker.py:_activate_slot,4530_580_1079_675_1193
R,DETECTION,SUBPIXEL,0
L,3,4530,PREDICTION,src/tracking/advanced_tracker.py:kalman_homography,
R,PREDICTION,PREDICTION,1
L,4,4530,DETECTION,src/tracking/advanced_tracker.py:_activate_slot,4530_140_300_322_441
R,CLAMP,CLAMP,0
A,4530
S,4,4536,DETECTION,src/tracking/advanced_tracker.py:_activate_slot,4536_135_298_297_440
S,0,4536,DETECTION,src/tracking/advanced_tracker.py:_activate_slot,4536_160_411_295_519
S,2,4536,DETECTION,src/tracking/advanced_tracker.py:_activate_slot,4536_587_1077_675_1179
S,3,4536,PREDICTION,src/tracking/advanced_tracker.py:kalman_homography,
L,0,4536,DETECTION,src/tracking/advanced_tracker.py:_activate_slot,4536_160_411_295_519
R,CLAMP,CLAMP,0
L,2,4536,DETECTION,src/tracking/advanced_tracker.py:_activate_slot,4536_587_1077_675_1179
R,DETECTION,DETECTION,1
L,3,4536,PREDICTION,src/tracking/advanced_tracker.py:kalman_homography,
R,PREDICTION,PREDICTION,1
L,4,4536,DETECTION,src/tracking/advanced_tracker.py:_activate_slot,4536_135_298_297_440
R,CLAMP,CLAMP,0
A,4536
S,0,4542,DETECTION,src/tracking/advanced_tracker.py:_activate_slot,4542_159_410_288_516
S,4,4542,DETECTION,src/tracking/advanced_tracker.py:_activate_slot,4542_133_299_291_432
S,3,4542,PREDICTION,src/tracking/advanced_tracker.py:flow_gapfill_batched,
L,0,4542,DETECTION,src/tracking/advanced_tracker.py:_activate_slot,4542_159_410_288_516
R,CLAMP,CLAMP,0
L,3,4542,PREDICTION,src/tracking/advanced_tracker.py:flow_gapfill_batched,
R,PREDICTION,PREDICTION,1
L,4,4542,DETECTION,src/tracking/advanced_tracker.py:_activate_slot,4542_133_299_291_432
R,CLAMP,CLAMP,0
A,4542
S,4,4548,DETECTION,src/tracking/advanced_tracker.py:_activate_slot,4548_134_296_294_429
S,0,4548,PREDICTION,src/tracking/advanced_tracker.py:kalman_homography,
L,0,4548,PREDICTION,src/tracking/advanced_tracker.py:kalman_homography,
R,CLAMP,CLAMP,0
L,4,4548,DETECTION,src/tracking/advanced_tracker.py:_activate_slot,4548_134_296_294_429
R,CLAMP,CLAMP,0
A,4548
S,0,4554,PREDICTION,src/tracking/advanced_tracker.py:kalman_homography,
S,4,4554,PREDICTION,src/tracking/advanced_tracker.py:kalman_homography,
L,0,4554,PREDICTION,src/tracking/advanced_tracker.py:kalman_homography,
R,CLAMP,CLAMP,0
L,4,4554,PREDICTION,src/tracking/advanced_tracker.py:kalman_homography,
R,CLAMP,CLAMP,0
A,4554
S,0,4560,DETECTION,src/tracking/advanced_tracker.py:_activate_slot,4560_116_389_246_478
S,4,4560,DETECTION,src/tracking/advanced_tracker.py:_activate_slot,4560_122_312_279_434
S,1,4560,DETECTION,src/tracking/advanced_tracker.py:_activate_slot,4560_268_157_434_307
S,2,4560,PREDICTION,src/tracking/advanced_tracker.py:flow_gapfill_batched,
L,0,4560,DETECTION,src/tracking/advanced_tracker.py:_activate_slot,4560_116_389_246_478
R,CLAMP,CLAMP,0
L,1,4560,DETECTION,src/tracking/advanced_tracker.py:_activate_slot,4560_268_157_434_307
R,CLAMP,CLAMP,0
L,2,4560,PREDICTION,src/tracking/advanced_tracker.py:flow_gapfill_batched,
R,PREDICTION,PREDICTION,1
L,4,4560,DETECTION,src/tracking/advanced_tracker.py:_activate_slot,4560_122_312_279_434
R,CLAMP,CLAMP,0
A,4560
S,2,4566,DETECTION,src/tracking/advanced_tracker.py:_activate_slot,4566_579_1083_675_1225
S,0,4566,PREDICTION,src/tracking/advanced_tracker.py:kalman_homography,
S,1,4566,PREDICTION,src/tracking/advanced_tracker.py:kalman_homography,
S,4,4566,PREDICTION,src/tracking/advanced_tracker.py:kalman_homography,
L,0,4566,PREDICTION,src/tracking/advanced_tracker.py:kalman_homography,
R,CLAMP,CLAMP,0
L,1,4566,PREDICTION,src/tracking/advanced_tracker.py:kalman_homography,
R,PREDICTION,PREDICTION,1
L,2,4566,DETECTION,src/tracking/advanced_tracker.py:_activate_slot,4566_579_1083_675_1225
R,DETECTION,DETECTION,1
L,4,4566,PREDICTION,src/tracking/advanced_tracker.py:kalman_homography,
R,CLAMP,CLAMP,0
A,4566
S,0,4572,PREDICTION,src/tracking/advanced_tracker.py:kalman_homography,
S,1,4572,PREDICTION,src/tracking/advanced_tracker.py:kalman_homography,
S,4,4572,PREDICTION,src/tracking/advanced_tracker.py:kalman_homography,
L,0,4572,PREDICTION,src/tracking/advanced_tracker.py:kalman_homography,
R,CLAMP,CLAMP,0
L,1,4572,PREDICTION,src/tracking/advanced_tracker.py:kalman_homography,
R,PREDICTION,SUBPIXEL,0
L,4,4572,PREDICTION,src/tracking/advanced_tracker.py:kalman_homography,
R,CLAMP,CLAMP,0
A,4572
S,2,4578,DETECTION,src/tracking/advanced_tracker.py:_activate_slot,4578_579_1093_675_1235
S,0,4578,PREDICTION,src/tracking/advanced_tracker.py:kalman_homography,
S,1,4578,PREDICTION,src/tracking/advanced_tracker.py:kalman_homography,
S,4,4578,PREDICTION,src/tracking/advanced_tracker.py:kalman_homography,
L,0,4578,PREDICTION,src/tracking/advanced_tracker.py:kalman_homography,
R,CLAMP,CLAMP,0
L,1,4578,PREDICTION,src/tracking/advanced_tracker.py:kalman_homography,
R,PREDICTION,SUBPIXEL,0
L,2,4578,DETECTION,src/tracking/advanced_tracker.py:_activate_slot,4578_579_1093_675_1235
R,DETECTION,DETECTION,1
L,4,4578,PREDICTION,src/tracking/advanced_tracker.py:kalman_homography,
R,CLAMP,CLAMP,0
A,4578
S,2,4584,DETECTION,src/tracking/advanced_tracker.py:_activate_slot,4584_579_1096_675_1238
S,3,4584,DETECTION,src/tracking/advanced_tracker.py:_activate_slot,4584_194_354_539_503
S,0,4584,PREDICTION,src/tracking/advanced_tracker.py:kalman_homography,
S,1,4584,PREDICTION,src/tracking/advanced_tracker.py:kalman_homography,
S,4,4584,PREDICTION,src/tracking/advanced_tracker.py:kalman_homography,
L,0,4584,PREDICTION,src/tracking/advanced_tracker.py:kalman_homography,
R,CLAMP,CLAMP,0
L,1,4584,PREDICTION,src/tracking/advanced_tracker.py:kalman_homography,
R,PREDICTION,SUBPIXEL,0
L,2,4584,DETECTION,src/tracking/advanced_tracker.py:_activate_slot,4584_579_1096_675_1238
R,DETECTION,DETECTION,1
L,3,4584,DETECTION,src/tracking/advanced_tracker.py:_activate_slot,4584_194_354_539_503
R,CLAMP,CLAMP,0
L,4,4584,PREDICTION,src/tracking/advanced_tracker.py:kalman_homography,
R,CLAMP,CLAMP,0
A,4584
S,2,4590,DETECTION,src/tracking/advanced_tracker.py:_activate_slot,4590_580_1100_675_1230
S,3,4590,DETECTION,src/tracking/advanced_tracker.py:_activate_slot,4590_214_353_540_498
S,0,4590,PREDICTION,src/tracking/advanced_tracker.py:kalman_homography,
S,1,4590,PREDICTION,src/tracking/advanced_tracker.py:kalman_homography,
S,4,4590,PREDICTION,src/tracking/advanced_tracker.py:kalman_homography,
L,0,4590,PREDICTION,src/tracking/advanced_tracker.py:kalman_homography,
R,CLAMP,CLAMP,0
L,1,4590,PREDICTION,src/tracking/advanced_tracker.py:kalman_homography,
R,PREDICTION,SUBPIXEL,0
L,2,4590,DETECTION,src/tracking/advanced_tracker.py:_activate_slot,4590_580_1100_675_1230
R,DETECTION,DETECTION,1
L,3,4590,DETECTION,src/tracking/advanced_tracker.py:_activate_slot,4590_214_353_540_498
R,CLAMP,CLAMP,0
L,4,4590,PREDICTION,src/tracking/advanced_tracker.py:kalman_homography,
R,CLAMP,CLAMP,0
A,4590
S,2,4596,DETECTION,src/tracking/advanced_tracker.py:_activate_slot,4596_579_1099_675_1241
S,0,4596,PREDICTION,src/tracking/advanced_tracker.py:kalman_homography,
S,1,4596,PREDICTION,src/tracking/advanced_tracker.py:kalman_homography,
S,4,4596,PREDICTION,src/tracking/advanced_tracker.py:kalman_homography,
S,3,4596,PREDICTION,src/tracking/advanced_tracker.py:flow_gapfill_batched,
L,0,4596,PREDICTION,src/tracking/advanced_tracker.py:kalman_homography,
R,CLAMP,CLAMP,0
L,1,4596,PREDICTION,src/tracking/advanced_tracker.py:kalman_homography,
R,PREDICTION,SUBPIXEL,0
L,2,4596,DETECTION,src/tracking/advanced_tracker.py:_activate_slot,4596_579_1099_675_1241
R,DETECTION,DETECTION,1
L,3,4596,PREDICTION,src/tracking/advanced_tracker.py:flow_gapfill_batched,
R,CLAMP,CLAMP,0
L,4,4596,PREDICTION,src/tracking/advanced_tracker.py:kalman_homography,
R,CLAMP,CLAMP,0
A,4596
S,2,4602,DETECTION,src/tracking/advanced_tracker.py:_activate_slot,4602_578_1093_675_1231
S,0,4602,PREDICTION,src/tracking/advanced_tracker.py:kalman_homography,
S,1,4602,PREDICTION,src/tracking/advanced_tracker.py:kalman_homography,
S,4,4602,PREDICTION,src/tracking/advanced_tracker.py:kalman_homography,
S,3,4602,PREDICTION,src/tracking/advanced_tracker.py:flow_gapfill_batched,
L,0,4602,PREDICTION,src/tracking/advanced_tracker.py:kalman_homography,
R,CLAMP,CLAMP,0
L,1,4602,PREDICTION,src/tracking/advanced_tracker.py:kalman_homography,
R,PREDICTION,SUBPIXEL,0
L,2,4602,DETECTION,src/tracking/advanced_tracker.py:_activate_slot,4602_578_1093_675_1231
R,DETECTION,DETECTION,1
L,3,4602,PREDICTION,src/tracking/advanced_tracker.py:flow_gapfill_batched,
R,CLAMP,CLAMP,0
L,4,4602,PREDICTION,src/tracking/advanced_tracker.py:kalman_homography,
R,CLAMP,CLAMP,0
A,4602
S,2,4608,DETECTION,src/tracking/advanced_tracker.py:_activate_slot,4608_536_1153_675_1281
S,4,4608,DETECTION,src/tracking/advanced_tracker.py:_activate_slot,4608_126_310_299_450
S,0,4608,PREDICTION,src/tracking/advanced_tracker.py:flow_gapfill_batched,
S,1,4608,PREDICTION,src/tracking/advanced_tracker.py:flow_gapfill_batched,
L,0,4608,PREDICTION,src/tracking/advanced_tracker.py:flow_gapfill_batched,
R,CLAMP,CLAMP,0
L,1,4608,PREDICTION,src/tracking/advanced_tracker.py:flow_gapfill_batched,
R,PREDICTION,PREDICTION,1
L,2,4608,DETECTION,src/tracking/advanced_tracker.py:_activate_slot,4608_536_1153_675_1281
R,DETECTION,DETECTION,1
L,4,4608,DETECTION,src/tracking/advanced_tracker.py:_activate_slot,4608_126_310_299_450
R,CLAMP,CLAMP,0
A,4608
S,2,4614,DETECTION,src/tracking/advanced_tracker.py:_activate_slot,4614_535_1147_675_1285
S,4,4614,DETECTION,src/tracking/advanced_tracker.py:_activate_slot,4614_124_314_299_438
S,3,4614,PREDICTION,src/tracking/advanced_tracker.py:flow_gapfill_batched,
L,2,4614,DETECTION,src/tracking/advanced_tracker.py:_activate_slot,4614_535_1147_675_1285
R,DETECTION,DETECTION,1
L,3,4614,PREDICTION,src/tracking/advanced_tracker.py:flow_gapfill_batched,
R,CLAMP,CLAMP,0
L,4,4614,DETECTION,src/tracking/advanced_tracker.py:_activate_slot,4614_124_314_299_438
R,CLAMP,CLAMP,0
A,4614
S,2,4620,DETECTION,src/tracking/advanced_tracker.py:_activate_slot,4620_525_1153_675_1287
S,1,4620,DETECTION,src/tracking/advanced_tracker.py:_activate_slot,4620_334_174_518_332
S,4,4620,DETECTION,src/tracking/advanced_tracker.py:_activate_slot,4620_116_310_274_439
S,3,4620,PREDICTION,src/tracking/advanced_tracker.py:flow_gapfill_batched,
D,3,4620
S,1,4620,PREDICTION,src/tracking/advanced_tracker.py:id_merge,
L,1,4620,PREDICTION,src/tracking/advanced_tracker.py:id_merge,
R,PREDICTION,PREDICTION,1
L,2,4620,DETECTION,src/tracking/advanced_tracker.py:_activate_slot,4620_525_1153_675_1287
R,DETECTION,DETECTION,1
L,4,4620,DETECTION,src/tracking/advanced_tracker.py:_activate_slot,4620_116_310_274_439
R,CLAMP,CLAMP,0
A,4620
S,4,4626,DETECTION,src/tracking/advanced_tracker.py:_activate_slot,4626_114_320_280_452
S,5,4626,DETECTION,src/tracking/advanced_tracker.py:_activate_slot,4626_208_348_430_521
S,1,4626,PREDICTION,src/tracking/advanced_tracker.py:flow_gapfill_batched,
S,3,4626,PREDICTION,src/tracking/advanced_tracker.py:flow_gapfill_batched,
D,3,4626
S,1,4626,PREDICTION,src/tracking/advanced_tracker.py:id_merge,
L,1,4626,PREDICTION,src/tracking/advanced_tracker.py:id_merge,
R,PREDICTION,PREDICTION,1
L,4,4626,DETECTION,src/tracking/advanced_tracker.py:_activate_slot,4626_114_320_280_452
R,CLAMP,CLAMP,0
L,5,4626,DETECTION,src/tracking/advanced_tracker.py:_activate_slot,4626_208_348_430_521
R,CLAMP,CLAMP,0
A,4626
S,2,4632,DETECTION,src/tracking/advanced_tracker.py:_activate_slot,4632_521_1169_674_1295
S,4,4632,DETECTION,src/tracking/advanced_tracker.py:_activate_slot,4632_115_332_287_460
S,5,4632,PREDICTION,src/tracking/advanced_tracker.py:kalman_homography,
S,1,4632,PREDICTION,src/tracking/advanced_tracker.py:flow_gapfill_batched,
S,3,4632,PREDICTION,src/tracking/advanced_tracker.py:flow_gapfill_batched,
D,3,4632
S,1,4632,PREDICTION,src/tracking/advanced_tracker.py:id_merge,
L,1,4632,PREDICTION,src/tracking/advanced_tracker.py:id_merge,
R,PREDICTION,PREDICTION,1
L,2,4632,DETECTION,src/tracking/advanced_tracker.py:_activate_slot,4632_521_1169_674_1295
R,DETECTION,DETECTION,1
L,4,4632,DETECTION,src/tracking/advanced_tracker.py:_activate_slot,4632_115_332_287_460
R,CLAMP,CLAMP,0
L,5,4632,PREDICTION,src/tracking/advanced_tracker.py:kalman_homography,
R,CLAMP,CLAMP,0
A,4632
S,2,4638,DETECTION,src/tracking/advanced_tracker.py:_activate_slot,4638_519_1185_675_1295
S,4,4638,DETECTION,src/tracking/advanced_tracker.py:_activate_slot,4638_111_340_278_469
S,5,4638,PREDICTION,src/tracking/advanced_tracker.py:kalman_homography,
S,1,4638,PREDICTION,src/tracking/advanced_tracker.py:flow_gapfill_batched,
S,3,4638,PREDICTION,src/tracking/advanced_tracker.py:flow_gapfill_batched,
D,3,4638
S,1,4638,PREDICTION,src/tracking/advanced_tracker.py:id_merge,
L,1,4638,PREDICTION,src/tracking/advanced_tracker.py:id_merge,
R,PREDICTION,PREDICTION,1
L,2,4638,DETECTION,src/tracking/advanced_tracker.py:_activate_slot,4638_519_1185_675_1295
R,DETECTION,DETECTION,1
L,4,4638,DETECTION,src/tracking/advanced_tracker.py:_activate_slot,4638_111_340_278_469
R,CLAMP,CLAMP,0
L,5,4638,PREDICTION,src/tracking/advanced_tracker.py:kalman_homography,
R,CLAMP,CLAMP,0
A,4638
S,2,4644,DETECTION,src/tracking/advanced_tracker.py:_activate_slot,4644_520_1204_675_1294
S,4,4644,DETECTION,src/tracking/advanced_tracker.py:_activate_slot,4644_112_355_282_491
S,1,4644,DETECTION,src/tracking/advanced_tracker.py:_activate_slot,4644_341_205_508_365
S,5,4644,PREDICTION,src/tracking/advanced_tracker.py:kalman_homography,
L,1,4644,DETECTION,src/tracking/advanced_tracker.py:_activate_slot,4644_341_205_508_365
R,DETECTION,DETECTION,1
L,2,4644,DETECTION,src/tracking/advanced_tracker.py:_activate_slot,4644_520_1204_675_1294
R,DETECTION,DETECTION,1
L,4,4644,DETECTION,src/tracking/advanced_tracker.py:_activate_slot,4644_112_355_282_491
R,CLAMP,CLAMP,0
L,5,4644,PREDICTION,src/tracking/advanced_tracker.py:kalman_homography,
R,CLAMP,CLAMP,0
A,4644
S,2,4650,DETECTION,src/tracking/advanced_tracker.py:_activate_slot,4650_109_371_278_499
S,4,4650,DETECTION,src/tracking/advanced_tracker.py:_activate_slot,4650_204_371_327_490
S,0,4650,DETECTION,src/tracking/advanced_tracker.py:_activate_slot,4650_523_1131_675_1285
S,1,4650,PREDICTION,src/tracking/advanced_tracker.py:kalman_homography,
S,5,4650,PREDICTION,src/tracking/advanced_tracker.py:kalman_homography,
L,0,4650,DETECTION,src/tracking/advanced_tracker.py:_activate_slot,4650_523_1131_675_1285
R,CLAMP,CLAMP,0
L,1,4650,PREDICTION,src/tracking/advanced_tracker.py:kalman_homography,
R,PREDICTION,PREDICTION,1
L,2,4650,DETECTION,src/tracking/advanced_tracker.py:_activate_slot,4650_109_371_278_499
R,CLAMP,CLAMP,0
L,4,4650,DETECTION,src/tracking/advanced_tracker.py:_activate_slot,4650_204_371_327_490
R,CLAMP,CLAMP,0
L,5,4650,PREDICTION,src/tracking/advanced_tracker.py:kalman_homography,
R,CLAMP,CLAMP,0
A,4650
S,2,4656,DETECTION,src/tracking/advanced_tracker.py:_activate_slot,4656_84_288_305_423
S,4,4656,DETECTION,src/tracking/advanced_tracker.py:_activate_slot,4656_198_385_325_506
S,0,4656,DETECTION,src/tracking/advanced_tracker.py:_activate_slot,4656_522_1158_675_1294
S,6,4656,DETECTION,src/tracking/advanced_tracker.py:_activate_slot,4656_499_1073_673_1191
S,1,4656,PREDICTION,src/tracking/advanced_tracker.py:kalman_homography,
S,5,4656,PREDICTION,src/tracking/advanced_tracker.py:kalman_homography,
D,2,4656
S,4,4656,PREDICTION,src/tracking/advanced_tracker.py:id_merge,
L,0,4656,DETECTION,src/tracking/advanced_tracker.py:_activate_slot,4656_522_1158_675_1294
R,CLAMP,CLAMP,0
L,1,4656,PREDICTION,src/tracking/advanced_tracker.py:kalman_homography,
R,PREDICTION,PREDICTION,1
L,4,4656,PREDICTION,src/tracking/advanced_tracker.py:id_merge,
R,CLAMP,CLAMP,0
L,5,4656,PREDICTION,src/tracking/advanced_tracker.py:kalman_homography,
R,CLAMP,CLAMP,0
L,6,4656,DETECTION,src/tracking/advanced_tracker.py:_activate_slot,4656_499_1073_673_1191
R,DETECTION,DETECTION,1
A,4656
S,0,4662,DETECTION,src/tracking/advanced_tracker.py:_activate_slot,4662_521_1177_675_1295
S,4,4662,DETECTION,src/tracking/advanced_tracker.py:_activate_slot,4662_196_393_331_521
S,6,4662,DETECTION,src/tracking/advanced_tracker.py:_activate_slot,4662_498_1075_674_1205
S,1,4662,PREDICTION,src/tracking/advanced_tracker.py:kalman_homography,
S,2,4662,PREDICTION,src/tracking/advanced_tracker.py:kalman_homography,
S,5,4662,PREDICTION,src/tracking/advanced_tracker.py:kalman_homography,
D,2,4662
S,4,4662,PREDICTION,src/tracking/advanced_tracker.py:id_merge,
L,0,4662,DETECTION,src/tracking/advanced_tracker.py:_activate_slot,4662_521_1177_675_1295
R,CLAMP,CLAMP,0
L,1,4662,PREDICTION,src/tracking/advanced_tracker.py:kalman_homography,
R,PREDICTION,PREDICTION,1
L,4,4662,PREDICTION,src/tracking/advanced_tracker.py:id_merge,
R,CLAMP,CLAMP,0
L,5,4662,PREDICTION,src/tracking/advanced_tracker.py:kalman_homography,
R,CLAMP,CLAMP,0
L,6,4662,DETECTION,src/tracking/advanced_tracker.py:_activate_slot,4662_498_1075_674_1205
R,DETECTION,DETECTION,1
A,4662
S,0,4668,DETECTION,src/tracking/advanced_tracker.py:_activate_slot,4668_520_1185_675_1295
S,4,4668,DETECTION,src/tracking/advanced_tracker.py:_activate_slot,4668_196_400_324_525
S,1,4668,PREDICTION,src/tracking/advanced_tracker.py:kalman_homography,
S,5,4668,PREDICTION,src/tracking/advanced_tracker.py:kalman_homography,
S,2,4668,PREDICTION,src/tracking/advanced_tracker.py:flow_gapfill_batched,
D,2,4668
S,4,4668,PREDICTION,src/tracking/advanced_tracker.py:id_merge,
L,0,4668,DETECTION,src/tracking/advanced_tracker.py:_activate_slot,4668_520_1185_675_1295
R,CLAMP,CLAMP,0
L,1,4668,PREDICTION,src/tracking/advanced_tracker.py:kalman_homography,
R,PREDICTION,PREDICTION,1
L,4,4668,PREDICTION,src/tracking/advanced_tracker.py:id_merge,
R,CLAMP,CLAMP,0
L,5,4668,PREDICTION,src/tracking/advanced_tracker.py:kalman_homography,
R,CLAMP,CLAMP,0
A,4668
S,4,4674,DETECTION,src/tracking/advanced_tracker.py:_activate_slot,4674_192_398_324_523
S,0,4674,DETECTION,src/tracking/advanced_tracker.py:_activate_slot,4674_506_1183_675_1295
S,1,4674,PREDICTION,src/tracking/advanced_tracker.py:kalman_homography,
S,2,4674,PREDICTION,src/tracking/advanced_tracker.py:flow_gapfill_batched,
S,5,4674,PREDICTION,src/tracking/advanced_tracker.py:flow_gapfill_batched,
D,2,4674
S,4,4674,PREDICTION,src/tracking/advanced_tracker.py:id_merge,
L,0,4674,DETECTION,src/tracking/advanced_tracker.py:_activate_slot,4674_506_1183_675_1295
R,CLAMP,CLAMP,0
L,1,4674,PREDICTION,src/tracking/advanced_tracker.py:kalman_homography,
R,PREDICTION,PREDICTION,1
L,4,4674,PREDICTION,src/tracking/advanced_tracker.py:id_merge,
R,CLAMP,CLAMP,0
L,5,4674,PREDICTION,src/tracking/advanced_tracker.py:flow_gapfill_batched,
R,CLAMP,CLAMP,0
A,4674
S,0,4680,DETECTION,src/tracking/advanced_tracker.py:_activate_slot,4680_503_1181_675_1295
S,4,4680,DETECTION,src/tracking/advanced_tracker.py:_activate_slot,4680_177_393_322_521
S,3,4680,DETECTION,src/tracking/advanced_tracker.py:_activate_slot,4680_96_405_265_530
S,1,4680,PREDICTION,src/tracking/advanced_tracker.py:kalman_homography,
S,2,4680,PREDICTION,src/tracking/advanced_tracker.py:flow_gapfill_batched,
S,6,4680,PREDICTION,src/tracking/advanced_tracker.py:flow_gapfill_batched,
D,2,4680
S,4,4680,PREDICTION,src/tracking/advanced_tracker.py:id_merge,
L,0,4680,DETECTION,src/tracking/advanced_tracker.py:_activate_slot,4680_503_1181_675_1295
R,CLAMP,CLAMP,0
L,1,4680,PREDICTION,src/tracking/advanced_tracker.py:kalman_homography,
R,PREDICTION,PREDICTION,1
L,3,4680,DETECTION,src/tracking/advanced_tracker.py:_activate_slot,4680_96_405_265_530
R,CLAMP,CLAMP,0
L,4,4680,PREDICTION,src/tracking/advanced_tracker.py:id_merge,
R,CLAMP,CLAMP,0
L,6,4680,PREDICTION,src/tracking/advanced_tracker.py:flow_gapfill_batched,
R,PREDICTION,PREDICTION,1
A,4680
S,0,4686,DETECTION,src/tracking/advanced_tracker.py:_activate_slot,4686_499_1179_675_1295
S,4,4686,DETECTION,src/tracking/advanced_tracker.py:_activate_slot,4686_171_377_311_513
S,3,4686,DETECTION,src/tracking/advanced_tracker.py:_activate_slot,4686_85_403_248_519
S,1,4686,PREDICTION,src/tracking/advanced_tracker.py:kalman_homography,
S,2,4686,PREDICTION,src/tracking/advanced_tracker.py:flow_gapfill_batched,
S,6,4686,PREDICTION,src/tracking/advanced_tracker.py:flow_gapfill_batched,
D,2,4686
S,4,4686,PREDICTION,src/tracking/advanced_tracker.py:id_merge,
L,0,4686,DETECTION,src/tracking/advanced_tracker.py:_activate_slot,4686_499_1179_675_1295
R,CLAMP,CLAMP,0
L,1,4686,PREDICTION,src/tracking/advanced_tracker.py:kalman_homography,
R,PREDICTION,PREDICTION,1
L,3,4686,DETECTION,src/tracking/advanced_tracker.py:_activate_slot,4686_85_403_248_519
R,CLAMP,CLAMP,0
L,4,4686,PREDICTION,src/tracking/advanced_tracker.py:id_merge,
R,CLAMP,CLAMP,0
L,6,4686,PREDICTION,src/tracking/advanced_tracker.py:flow_gapfill_batched,
R,PREDICTION,PREDICTION,1
A,4686
S,0,4692,DETECTION,src/tracking/advanced_tracker.py:_activate_slot,4692_168_379_306_510
S,3,4692,DETECTION,src/tracking/advanced_tracker.py:_activate_slot,4692_83_406_251_532
S,6,4692,DETECTION,src/tracking/advanced_tracker.py:_activate_slot,4692_472_1091_671_1221
S,4,4692,PREDICTION,src/tracking/advanced_tracker.py:kalman_homography,
S,1,4692,PREDICTION,src/tracking/advanced_tracker.py:flow_gapfill_batched,
S,2,4692,PREDICTION,src/tracking/advanced_tracker.py:flow_gapfill_batched,
D,2,4692
S,0,4692,PREDICTION,src/tracking/advanced_tracker.py:id_merge,
D,4,4692
S,0,4692,PREDICTION,src/tracking/advanced_tracker.py:id_merge,
L,0,4692,PREDICTION,src/tracking/advanced_tracker.py:id_merge,
R,CLAMP,CLAMP,0
L,1,4692,PREDICTION,src/tracking/advanced_tracker.py:flow_gapfill_batched,
R,PREDICTION,PREDICTION,1
L,3,4692,DETECTION,src/tracking/advanced_tracker.py:_activate_slot,4692_83_406_251_532
R,CLAMP,CLAMP,0
L,6,4692,DETECTION,src/tracking/advanced_tracker.py:_activate_slot,4692_472_1091_671_1221
R,DETECTION,DETECTION,1
A,4692
S,0,4698,DETECTION,src/tracking/advanced_tracker.py:_activate_slot,4698_498_1179_675_1295
S,3,4698,DETECTION,src/tracking/advanced_tracker.py:_activate_slot,4698_88_401_267_542
S,1,4698,DETECTION,src/tracking/advanced_tracker.py:_activate_slot,4698_310_300_438_403
S,4,4698,DETECTION,src/tracking/advanced_tracker.py:_activate_slot,4698_174_379_315_512
S,2,4698,PREDICTION,src/tracking/advanced_tracker.py:flow_gapfill_batched,
S,6,4698,PREDICTION,src/tracking/advanced_tracker.py:flow_gapfill_batched,
D,2,4698
S,4,4698,PREDICTION,src/tracking/advanced_tracker.py:id_merge,
L,0,4698,DETECTION,src/tracking/advanced_tracker.py:_activate_slot,4698_498_1179_675_1295
R,CLAMP,CLAMP,0
L,1,4698,DETECTION,src/tracking/advanced_tracker.py:_activate_slot,4698_310_300_438_403
R,CLAMP,CLAMP,1
L,3,4698,DETECTION,src/tracking/advanced_tracker.py:_activate_slot,4698_88_401_267_542
R,CLAMP,CLAMP,0
L,4,4698,PREDICTION,src/tracking/advanced_tracker.py:id_merge,
R,CLAMP,CLAMP,0
L,6,4698,PREDICTION,src/tracking/advanced_tracker.py:flow_gapfill_batched,
R,PREDICTION,PREDICTION,1
A,4698
S,3,4704,DETECTION,src/tracking/advanced_tracker.py:_activate_slot,4704_94_400_277_544
S,1,4704,DETECTION,src/tracking/advanced_tracker.py:_activate_slot,4704_315_296_459_408
S,4,4704,DETECTION,src/tracking/advanced_tracker.py:_activate_slot,4704_177_378_323_509
S,2,4704,PREDICTION,src/tracking/advanced_tracker.py:flow_gapfill_batched,
D,2,4704
S,4,4704,PREDICTION,src/tracking/advanced_tracker.py:id_merge,
L,1,4704,DETECTION,src/tracking/advanced_tracker.py:_activate_slot,4704_315_296_459_408
R,DETECTION,DETECTION,1
L,3,4704,DETECTION,src/tracking/advanced_tracker.py:_activate_slot,4704_94_400_277_544
R,CLAMP,CLAMP,0
L,4,4704,PREDICTION,src/tracking/advanced_tracker.py:id_merge,
R,CLAMP,CLAMP,0
A,4704
S,3,4710,DETECTION,src/tracking/advanced_tracker.py:_activate_slot,4710_96_392_276_534
S,1,4710,DETECTION,src/tracking/advanced_tracker.py:_activate_slot,4710_316_288_477_409
S,4,4710,DETECTION,src/tracking/advanced_tracker.py:_activate_slot,4710_179_376_327_505
S,6,4710,PREDICTION,src/tracking/advanced_tracker.py:kalman_homography,
L,1,4710,DETECTION,src/tracking/advanced_tracker.py:_activate_slot,4710_316_288_477_409
R,DETECTION,DETECTION,1
L,3,4710,DETECTION,src/tracking/advanced_tracker.py:_activate_slot,4710_96_392_276_534
R,CLAMP,CLAMP,0
L,4,4710,DETECTION,src/tracking/advanced_tracker.py:_activate_slot,4710_179_376_327_505
R,CLAMP,CLAMP,0
L,6,4710,PREDICTION,src/tracking/advanced_tracker.py:kalman_homography,
R,PREDICTION,PREDICTION,1
A,4710
S,3,4716,DETECTION,src/tracking/advanced_tracker.py:_activate_slot,4716_93_397_272_533
S,4,4716,DETECTION,src/tracking/advanced_tracker.py:_activate_slot,4716_502_1165_675_1295
S,0,4716,DETECTION,src/tracking/advanced_tracker.py:_activate_slot,4716_486_1076_675_1202
S,1,4716,DETECTION,src/tracking/advanced_tracker.py:_activate_slot,4716_315_285_480_412
S,6,4716,PREDICTION,src/tracking/advanced_tracker.py:kalman_homography,
L,0,4716,DETECTION,src/tracking/advanced_tracker.py:_activate_slot,4716_486_1076_675_1202
R,CLAMP,CLAMP,0
L,1,4716,DETECTION,src/tracking/advanced_tracker.py:_activate_slot,4716_315_285_480_412
R,DETECTION,DETECTION,1
L,3,4716,DETECTION,src/tracking/advanced_tracker.py:_activate_slot,4716_93_397_272_533
R,CLAMP,CLAMP,0
L,4,4716,DETECTION,src/tracking/advanced_tracker.py:_activate_slot,4716_502_1165_675_1295
R,CLAMP,CLAMP,0
L,6,4716,PREDICTION,src/tracking/advanced_tracker.py:kalman_homography,
R,PREDICTION,PREDICTION,1
A,4716
S,1,4722,DETECTION,src/tracking/advanced_tracker.py:_activate_slot,4722_173_366_336_495
S,3,4722,DETECTION,src/tracking/advanced_tracker.py:_activate_slot,4722_94_395_268_530
S,6,4722,PREDICTION,src/tracking/advanced_tracker.py:kalman_homography,
S,0,4722,PREDICTION,src/tracking/advanced_tracker.py:flow_gapfill_batched,
L,0,4722,PREDICTION,src/tracking/advanced_tracker.py:flow_gapfill_batched,
R,CLAMP,CLAMP,0
L,1,4722,DETECTION,src/tracking/advanced_tracker.py:_activate_slot,4722_173_366_336_495
R,CLAMP,CLAMP,1
L,3,4722,DETECTION,src/tracking/advanced_tracker.py:_activate_slot,4722_94_395_268_530
R,CLAMP,CLAMP,0
L,6,4722,PREDICTION,src/tracking/advanced_tracker.py:kalman_homography,
R,PREDICTION,PREDICTION,1
A,4722
S,0,4728,DETECTION,src/tracking/advanced_tracker.py:_activate_slot,4728_509_1167_674_1293
S,3,4728,DETECTION,src/tracking/advanced_tracker.py:_activate_slot,4728_100_394_273_530
S,1,4728,DETECTION,src/tracking/advanced_tracker.py:_activate_slot,4728_184_367_347_494
S,6,4728,PREDICTION,src/tracking/advanced_tracker.py:kalman_homography,
S,4,4728,PREDICTION,src/tracking/advanced_tracker.py:flow_gapfill_batched,
D,4,4728
S,0,4728,PREDICTION,src/tracking/advanced_tracker.py:id_merge,
L,0,4728,PREDICTION,src/tracking/advanced_tracker.py:id_merge,
R,CLAMP,CLAMP,0
L,1,4728,DETECTION,src/tracking/advanced_tracker.py:_activate_slot,4728_184_367_347_494
R,CLAMP,CLAMP,0
L,3,4728,DETECTION,src/tracking/advanced_tracker.py:_activate_slot,4728_100_394_273_530
R,CLAMP,CLAMP,0
L,6,4728,PREDICTION,src/tracking/advanced_tracker.py:kalman_homography,
R,PREDICTION,PREDICTION,1
A,4728
S,3,4734,DETECTION,src/tracking/advanced_tracker.py:_activate_slot,4734_107_306_293_431
S,0,4734,DETECTION,src/tracking/advanced_tracker.py:_activate_slot,4734_506_1165_673_1295
S,1,4734,DETECTION,src/tracking/advanced_tracker.py:_activate_slot,4734_100_395_271_531
S,6,4734,PREDICTION,src/tracking/advanced_tracker.py:kalman_homography,
L,0,4734,DETECTION,src/tracking/advanced_tracker.py:_activate_slot,4734_506_1165_673_1295
R,CLAMP,CLAMP,0
L,1,4734,DETECTION,src/tracking/advanced_tracker.py:_activate_slot,4734_100_395_271_531
R,CLAMP,CLAMP,0
L,3,4734,DETECTION,src/tracking/advanced_tracker.py:_activate_slot,4734_107_306_293_431
R,DETECTION,DETECTION,1
L,6,4734,PREDICTION,src/tracking/advanced_tracker.py:kalman_homography,
R,PREDICTION,PREDICTION,1
A,4734
S,1,4740,DETECTION,src/tracking/advanced_tracker.py:_activate_slot,4740_312_279_487_427
S,3,4740,DETECTION,src/tracking/advanced_tracker.py:_activate_slot,4740_100_312_288_433
S,6,4740,DETECTION,src/tracking/advanced_tracker.py:_activate_slot,4740_503_1161_675_1295
S,4,4740,PREDICTION,src/tracking/advanced_tracker.py:flow_gapfill_batched,
L,1,4740,DETECTION,src/tracking/advanced_tracker.py:_activate_slot,4740_312_279_487_427
R,DETECTION,DETECTION,1
L,3,4740,DETECTION,src/tracking/advanced_tracker.py:_activate_slot,4740_100_312_288_433
R,DETECTION,DETECTION,1
L,4,4740,PREDICTION,src/tracking/advanced_tracker.py:flow_gapfill_batched,
R,CLAMP,CLAMP,0
L,6,4740,DETECTION,src/tracking/advanced_tracker.py:_activate_slot,4740_503_1161_675_1295
R,DETECTION,DETECTION,1
A,4740
S,0,4746,DETECTION,src/tracking/advanced_tracker.py:_activate_slot,4746_495_1156_675_1294
S,1,4746,DETECTION,src/tracking/advanced_tracker.py:_activate_slot,4746_306_279_474_422
S,3,4746,DETECTION,src/tracking/advanced_tracker.py:_activate_slot,4746_95_305_286_428
S,2,4746,DETECTION,src/tracking/advanced_tracker.py:_activate_slot,4746_89_394_265_532
S,5,4746,DETECTION,src/tracking/advanced_tracker.py:_activate_slot,4746_481_1073_675_1191
S,4,4746,PREDICTION,src/tracking/advanced_tracker.py:flow_gapfill_batched,
D,4,4746
S,0,4746,PREDICTION,src/tracking/advanced_tracker.py:id_merge,
L,0,4746,PREDICTION,src/tracking/advanced_tracker.py:id_merge,
R,CLAMP,CLAMP,0
L,1,4746,DETECTION,src/tracking/advanced_tracker.py:_activate_slot,4746_306_279_474_422
R,DETECTION,DETECTION,1
L,2,4746,DETECTION,src/tracking/advanced_tracker.py:_activate_slot,4746_89_394_265_532
R,CLAMP,CLAMP,0
L,3,4746,DETECTION,src/tracking/advanced_tracker.py:_activate_slot,4746_95_305_286_428
R,DETECTION,DETECTION,1
L,5,4746,DETECTION,src/tracking/advanced_tracker.py:_activate_slot,4746_481_1073_675_1191
R,CLAMP,CLAMP,0
A,4746
S,0,4752,DETECTION,src/tracking/advanced_tracker.py:_activate_slot,4752_489_1149_675_1295
S,2,4752,DETECTION,src/tracking/advanced_tracker.py:_activate_slot,4752_81_381_261_520
S,1,4752,DETECTION,src/tracking/advanced_tracker.py:_activate_slot,4752_299_274_467_411
S,3,4752,DETECTION,src/tracking/advanced_tracker.py:_activate_slot,4752_84_295_287_419
S,4,4752,PREDICTION,src/tracking/advanced_tracker.py:flow_gapfill_batched,
S,5,4752,PREDICTION,src/tracking/advanced_tracker.py:flow_gapfill_batched,
S,6,4752,PREDICTION,src/tracking/advanced_tracker.py:flow_gapfill_batched,
D,4,4752
S,0,4752,PREDICTION,src/tracking/advanced_tracker.py:id_merge,
L,0,4752,PREDICTION,src/tracking/advanced_tracker.py:id_merge,
R,CLAMP,CLAMP,0
L,1,4752,DETECTION,src/tracking/advanced_tracker.py:_activate_slot,4752_299_274_467_411
R,DETECTION,DETECTION,1
L,2,4752,DETECTION,src/tracking/advanced_tracker.py:_activate_slot,4752_81_381_261_520
R,CLAMP,CLAMP,0
L,3,4752,DETECTION,src/tracking/advanced_tracker.py:_activate_slot,4752_84_295_287_419
R,DETECTION,DETECTION,1
L,5,4752,PREDICTION,src/tracking/advanced_tracker.py:flow_gapfill_batched,
R,CLAMP,CLAMP,0
L,6,4752,PREDICTION,src/tracking/advanced_tracker.py:flow_gapfill_batched,
R,PREDICTION,PREDICTION,1
A,4752
S,0,4758,DETECTION,src/tracking/advanced_tracker.py:_activate_slot,4758_484_1138_674_1292
S,1,4758,DETECTION,src/tracking/advanced_tracker.py:_activate_slot,4758_293_265_468_407
S,2,4758,DETECTION,src/tracking/advanced_tracker.py:_activate_slot,4758_73_373_256_513
S,5,4758,DETECTION,src/tracking/advanced_tracker.py:_activate_slot,4758_466_1051_672_1185
S,3,4758,PREDICTION,src/tracking/advanced_tracker.py:kalman_homography,
S,4,4758,PREDICTION,src/tracking/advanced_tracker.py:flow_gapfill_batched,
S,6,4758,PREDICTION,src/tracking/advanced_tracker.py:flow_gapfill_batched,
D,4,4758
S,0,4758,PREDICTION,src/tracking/advanced_tracker.py:id_merge,
L,0,4758,PREDICTION,src/tracking/advanced_tracker.py:id_merge,
R,CLAMP,CLAMP,0
L,1,4758,DETECTION,src/tracking/advanced_tracker.py:_activate_slot,4758_293_265_468_407
R,DETECTION,DETECTION,1
L,2,4758,DETECTION,src/tracking/advanced_tracker.py:_activate_slot,4758_73_373_256_513
R,CLAMP,CLAMP,0
L,3,4758,PREDICTION,src/tracking/advanced_tracker.py:kalman_homography,
R,PREDICTION,PREDICTION,1
L,5,4758,DETECTION,src/tracking/advanced_tracker.py:_activate_slot,4758_466_1051_672_1185
R,CLAMP,CLAMP,0
L,6,4758,PREDICTION,src/tracking/advanced_tracker.py:flow_gapfill_batched,
R,PREDICTION,PREDICTION,1
A,4758
S,0,4764,DETECTION,src/tracking/advanced_tracker.py:_activate_slot,4764_487_1115_673_1265
S,1,4764,DETECTION,src/tracking/advanced_tracker.py:_activate_slot,4764_291_247_472_387
S,2,4764,DETECTION,src/tracking/advanced_tracker.py:_activate_slot,4764_72_352_251_489
S,3,4764,DETECTION,src/tracking/advanced_tracker.py:_activate_slot,4764_83_263_270_388
S,4,4764,PREDICTION,src/tracking/advanced_tracker.py:flow_gapfill_batched,
S,6,4764,PREDICTION,src/tracking/advanced_tracker.py:flow_gapfill_batched,
D,4,4764
S,0,4764,PREDICTION,src/tracking/advanced_tracker.py:id_merge,
L,0,4764,PREDICTION,src/tracking/advanced_tracker.py:id_merge,
R,CLAMP,CLAMP,0
L,1,4764,DETECTION,src/tracking/advanced_tracker.py:_activate_slot,4764_291_247_472_387
R,DETECTION,DETECTION,1
L,2,4764,DETECTION,src/tracking/advanced_tracker.py:_activate_slot,4764_72_352_251_489
R,CLAMP,CLAMP,0
L,3,4764,DETECTION,src/tracking/advanced_tracker.py:_activate_slot,4764_83_263_270_388
R,DETECTION,DETECTION,1
L,6,4764,PREDICTION,src/tracking/advanced_tracker.py:flow_gapfill_batched,
R,PREDICTION,PREDICTION,1
A,4764
S,2,4770,DETECTION,src/tracking/advanced_tracker.py:_activate_slot,4770_75_336_258_476
S,3,4770,DETECTION,src/tracking/advanced_tracker.py:_activate_slot,4770_83_246_270_366
S,7,4770,DETECTION,src/tracking/advanced_tracker.py:_activate_slot,4770_298_234_470_365
S,1,4770,PREDICTION,src/tracking/advanced_tracker.py:kalman_homography,
S,5,4770,PREDICTION,src/tracking/advanced_tracker.py:flow_gapfill_batched,
S,6,4770,PREDICTION,src/tracking/advanced_tracker.py:flow_gapfill_batched,
L,1,4770,PREDICTION,src/tracking/advanced_tracker.py:kalman_homography,
R,PREDICTION,PREDICTION,1
L,2,4770,DETECTION,src/tracking/advanced_tracker.py:_activate_slot,4770_75_336_258_476
R,CLAMP,CLAMP,0
L,3,4770,DETECTION,src/tracking/advanced_tracker.py:_activate_slot,4770_83_246_270_366
R,DETECTION,DETECTION,1
L,5,4770,PREDICTION,src/tracking/advanced_tracker.py:flow_gapfill_batched,
R,CLAMP,CLAMP,0
L,6,4770,PREDICTION,src/tracking/advanced_tracker.py:flow_gapfill_batched,
R,PREDICTION,PREDICTION,1
L,7,4770,DETECTION,src/tracking/advanced_tracker.py:_activate_slot,4770_298_234_470_365
R,DETECTION,DETECTION,1
A,4770
S,0,4776,DETECTION,src/tracking/advanced_tracker.py:_activate_slot,4776_455_1067_673_1245
S,1,4776,DETECTION,src/tracking/advanced_tracker.py:_activate_slot,4776_303_226_472_355
S,2,4776,DETECTION,src/tracking/advanced_tracker.py:_activate_slot,4776_81_323_249_469
S,3,4776,PREDICTION,src/tracking/advanced_tracker.py:kalman_homography,
S,7,4776,PREDICTION,src/tracking/advanced_tracker.py:kalman_homography,
S,6,4776,PREDICTION,src/tracking/advanced_tracker.py:flow_gapfill_batched,
L,0,4776,DETECTION,src/tracking/advanced_tracker.py:_activate_slot,4776_455_1067_673_1245
R,CLAMP,CLAMP,0
L,1,4776,DETECTION,src/tracking/advanced_tracker.py:_activate_slot,4776_303_226_472_355
R,DETECTION,DETECTION,1
L,2,4776,DETECTION,src/tracking/advanced_tracker.py:_activate_slot,4776_81_323_249_469
R,CLAMP,CLAMP,0
L,3,4776,PREDICTION,src/tracking/advanced_tracker.py:kalman_homography,
R,PREDICTION,PREDICTION,1
L,6,4776,PREDICTION,src/tracking/advanced_tracker.py:flow_gapfill_batched,
R,PREDICTION,PREDICTION,1
L,7,4776,PREDICTION,src/tracking/advanced_tracker.py:kalman_homography,
R,PREDICTION,PREDICTION,1
A,4776
S,0,4782,DETECTION,src/tracking/advanced_tracker.py:_activate_slot,4782_469_1001_672_1153
S,1,4782,DETECTION,src/tracking/advanced_tracker.py:_activate_slot,4782_304_229_482_359
S,2,4782,DETECTION,src/tracking/advanced_tracker.py:_activate_slot,4782_81_327_252_467
S,3,4782,PREDICTION,src/tracking/advanced_tracker.py:kalman_homography,
S,5,4782,PREDICTION,src/tracking/advanced_tracker.py:kalman_homography,
S,7,4782,PREDICTION,src/tracking/advanced_tracker.py:kalman_homography,
S,6,4782,PREDICTION,src/tracking/advanced_tracker.py:flow_gapfill_batched,
L,0,4782,DETECTION,src/tracking/advanced_tracker.py:_activate_slot,4782_469_1001_672_1153
R,CLAMP,CLAMP,0
L,1,4782,DETECTION,src/tracking/advanced_tracker.py:_activate_slot,4782_304_229_482_359
R,DETECTION,DETECTION,1
L,2,4782,DETECTION,src/tracking/advanced_tracker.py:_activate_slot,4782_81_327_252_467
R,CLAMP,CLAMP,0
L,3,4782,PREDICTION,src/tracking/advanced_tracker.py:kalman_homography,
R,PREDICTION,PREDICTION,1
L,5,4782,PREDICTION,src/tracking/advanced_tracker.py:kalman_homography,
R,CLAMP,CLAMP,0
L,6,4782,PREDICTION,src/tracking/advanced_tracker.py:flow_gapfill_batched,
R,PREDICTION,PREDICTION,1
L,7,4782,PREDICTION,src/tracking/advanced_tracker.py:kalman_homography,
R,PREDICTION,SUBPIXEL,0
A,4782
S,0,4788,DETECTION,src/tracking/advanced_tracker.py:_activate_slot,4788_494_960_672_1055
S,1,4788,DETECTION,src/tracking/advanced_tracker.py:_activate_slot,4788_314_171_498_362
S,2,4788,DETECTION,src/tracking/advanced_tracker.py:_activate_slot,4788_85_333_281_459
S,3,4788,PREDICTION,src/tracking/advanced_tracker.py:kalman_homography,
S,5,4788,PREDICTION,src/tracking/advanced_tracker.py:kalman_homography,
S,7,4788,PREDICTION,src/tracking/advanced_tracker.py:kalman_homography,
S,6,4788,PREDICTION,src/tracking/advanced_tracker.py:flow_gapfill_batched,
L,0,4788,DETECTION,src/tracking/advanced_tracker.py:_activate_slot,4788_494_960_672_1055
R,CLAMP,CLAMP,0
L,1,4788,DETECTION,src/tracking/advanced_tracker.py:_activate_slot,4788_314_171_498_362
R,DETECTION,DETECTION,1
L,2,4788,DETECTION,src/tracking/advanced_tracker.py:_activate_slot,4788_85_333_281_459
R,CLAMP,CLAMP,0
L,3,4788,PREDICTION,src/tracking/advanced_tracker.py:kalman_homography,
R,PREDICTION,PREDICTION,1
L,5,4788,PREDICTION,src/tracking/advanced_tracker.py:kalman_homography,
R,CLAMP,CLAMP,0
L,6,4788,PREDICTION,src/tracking/advanced_tracker.py:flow_gapfill_batched,
R,PREDICTION,PREDICTION,1
L,7,4788,PREDICTION,src/tracking/advanced_tracker.py:kalman_homography,
R,PREDICTION,SUBPIXEL,0
A,4788
S,1,4794,DETECTION,src/tracking/advanced_tracker.py:_activate_slot,4794_314_179_498_366
S,2,4794,PREDICTION,src/tracking/advanced_tracker.py:kalman_homography,
S,3,4794,PREDICTION,src/tracking/advanced_tracker.py:kalman_homography,
S,5,4794,PREDICTION,src/tracking/advanced_tracker.py:kalman_homography,
S,7,4794,PREDICTION,src/tracking/advanced_tracker.py:kalman_homography,
L,1,4794,DETECTION,src/tracking/advanced_tracker.py:_activate_slot,4794_314_179_498_366
R,DETECTION,DETECTION,1
L,2,4794,PREDICTION,src/tracking/advanced_tracker.py:kalman_homography,
R,CLAMP,CLAMP,0
L,3,4794,PREDICTION,src/tracking/advanced_tracker.py:kalman_homography,
R,PREDICTION,PREDICTION,1
L,5,4794,PREDICTION,src/tracking/advanced_tracker.py:kalman_homography,
R,CLAMP,CLAMP,0
L,7,4794,PREDICTION,src/tracking/advanced_tracker.py:kalman_homography,
R,PREDICTION,SUBPIXEL,0
A,4794
S,1,4800,DETECTION,src/tracking/advanced_tracker.py:_activate_slot,4800_316_188_497_373
S,2,4800,DETECTION,src/tracking/advanced_tracker.py:_activate_slot,4800_94_343_274_473
S,3,4800,PREDICTION,src/tracking/advanced_tracker.py:kalman_homography,
S,5,4800,PREDICTION,src/tracking/advanced_tracker.py:kalman_homography,
S,7,4800,PREDICTION,src/tracking/advanced_tracker.py:kalman_homography,
L,1,4800,DETECTION,src/tracking/advanced_tracker.py:_activate_slot,4800_316_188_497_373
R,DETECTION,DETECTION,1
L,2,4800,DETECTION,src/tracking/advanced_tracker.py:_activate_slot,4800_94_343_274_473
R,CLAMP,CLAMP,0
L,3,4800,PREDICTION,src/tracking/advanced_tracker.py:kalman_homography,
R,PREDICTION,PREDICTION,1
L,5,4800,PREDICTION,src/tracking/advanced_tracker.py:kalman_homography,
R,CLAMP,CLAMP,0
L,7,4800,PREDICTION,src/tracking/advanced_tracker.py:kalman_homography,
R,PREDICTION,SUBPIXEL,0
A,4800
S,1,4806,DETECTION,src/tracking/advanced_tracker.py:_activate_slot,4806_320_194_497_376
S,4,4806,DETECTION,src/tracking/advanced_tracker.py:_activate_slot,4806_497_1203_675_1295
S,2,4806,PREDICTION,src/tracking/advanced_tracker.py:kalman_homography,
S,3,4806,PREDICTION,src/tracking/advanced_tracker.py:kalman_homography,
S,7,4806,PREDICTION,src/tracking/advanced_tracker.py:kalman_homography,
S,0,4806,PREDICTION,src/tracking/advanced_tracker.py:flow_gapfill_batched,
L,0,4806,PREDICTION,src/tracking/advanced_tracker.py:flow_gapfill_batched,
R,CLAMP,CLAMP,0
L,1,4806,DETECTION,src/tracking/advanced_tracker.py:_activate_slot,4806_320_194_497_376
R,DETECTION,DETECTION,1
L,2,4806,PREDICTION,src/tracking/advanced_tracker.py:kalman_homography,
R,CLAMP,CLAMP,0
L,3,4806,PREDICTION,src/tracking/advanced_tracker.py:kalman_homography,
R,PREDICTION,PREDICTION,1
L,4,4806,DETECTION,src/tracking/advanced_tracker.py:_activate_slot,4806_497_1203_675_1295
R,CLAMP,CLAMP,0
L,7,4806,PREDICTION,src/tracking/advanced_tracker.py:kalman_homography,
R,PREDICTION,SUBPIXEL,0
A,4806
S,7,4812,DETECTION,src/tracking/advanced_tracker.py:_activate_slot,4812_323_196_495_371
S,1,4812,PREDICTION,src/tracking/advanced_tracker.py:kalman_homography,
S,2,4812,PREDICTION,src/tracking/advanced_tracker.py:kalman_homography,
S,3,4812,PREDICTION,src/tracking/advanced_tracker.py:kalman_homography,
L,1,4812,PREDICTION,src/tracking/advanced_tracker.py:kalman_homography,
R,PREDICTION,PREDICTION,1
L,2,4812,PREDICTION,src/tracking/advanced_tracker.py:kalman_homography,
R,CLAMP,CLAMP,0
L,3,4812,PREDICTION,src/tracking/advanced_tracker.py:kalman_homography,
R,PREDICTION,PREDICTION,1
L,7,4812,DETECTION,src/tracking/advanced_tracker.py:_activate_slot,4812_323_196_495_371
R,DETECTION,DETECTION,1
A,4812
S,7,4818,DETECTION,src/tracking/advanced_tracker.py:_activate_slot,4818_322_189_495_361
S,1,4818,PREDICTION,src/tracking/advanced_tracker.py:kalman_homography,
S,2,4818,PREDICTION,src/tracking/advanced_tracker.py:kalman_homography,
S,0,4818,PREDICTION,src/tracking/advanced_tracker.py:flow_gapfill_batched,
S,3,4818,PREDICTION,src/tracking/advanced_tracker.py:flow_gapfill_batched,
D,3,4818
S,2,4818,PREDICTION,src/tracking/advanced_tracker.py:id_merge,
L,0,4818,PREDICTION,src/tracking/advanced_tracker.py:flow_gapfill_batched,
R,CLAMP,CLAMP,0
L,1,4818,PREDICTION,src/tracking/advanced_tracker.py:kalman_homography,
R,PREDICTION,PREDICTION,1
L,2,4818,PREDICTION,src/tracking/advanced_tracker.py:id_merge,
R,CLAMP,CLAMP,0
L,7,4818,DETECTION,src/tracking/advanced_tracker.py:_activate_slot,4818_322_189_495_361
R,DETECTION,DETECTION,1
A,4818
S,1,4824,DETECTION,src/tracking/advanced_tracker.py:_activate_slot,4824_330_174_501_329
S,2,4824,DETECTION,src/tracking/advanced_tracker.py:_activate_slot,4824_108_313_373_455
S,7,4824,PREDICTION,src/tracking/advanced_tracker.py:kalman_homography,
L,1,4824,DETECTION,src/tracking/advanced_tracker.py:_activate_slot,4824_330_174_501_329
R,DETECTION,DETECTION,1
L,2,4824,DETECTION,src/tracking/advanced_tracker.py:_activate_slot,4824_108_313_373_455
R,CLAMP,CLAMP,0
L,7,4824,PREDICTION,src/tracking/advanced_tracker.py:kalman_homography,
R,PREDICTION,PREDICTION,1
A,4824
S,1,4830,DETECTION,src/tracking/advanced_tracker.py:_activate_slot,4830_341_156_524_313
S,4,4830,DETECTION,src/tracking/advanced_tracker.py:_activate_slot,4830_515_1160_675_1254
S,2,4830,PREDICTION,src/tracking/advanced_tracker.py:kalman_homography,
S,7,4830,PREDICTION,src/tracking/advanced_tracker.py:kalman_homography,
L,1,4830,DETECTION,src/tracking/advanced_tracker.py:_activate_slot,4830_341_156_524_313
R,DETECTION,DETECTION,1
L,2,4830,PREDICTION,src/tracking/advanced_tracker.py:kalman_homography,
R,PREDICTION,PREDICTION,1
L,4,4830,DETECTION,src/tracking/advanced_tracker.py:_activate_slot,4830_515_1160_675_1254
R,CLAMP,CLAMP,0
L,7,4830,PREDICTION,src/tracking/advanced_tracker.py:kalman_homography,
R,PREDICTION,PREDICTION,1
A,4830
S,1,4836,DETECTION,src/tracking/advanced_tracker.py:_activate_slot,4836_344_150_520_301
S,4,4836,DETECTION,src/tracking/advanced_tracker.py:_activate_slot,4836_518_1155_674_1245
S,2,4836,PREDICTION,src/tracking/advanced_tracker.py:kalman_homography,
S,7,4836,PREDICTION,src/tracking/advanced_tracker.py:kalman_homography,
L,1,4836,DETECTION,src/tracking/advanced_tracker.py:_activate_slot,4836_344_150_520_301
R,DETECTION,DETECTION,1
L,2,4836,PREDICTION,src/tracking/advanced_tracker.py:kalman_homography,
R,PREDICTION,PREDICTION,1
L,4,4836,DETECTION,src/tracking/advanced_tracker.py:_activate_slot,4836_518_1155_674_1245
R,CLAMP,CLAMP,0
L,7,4836,PREDICTION,src/tracking/advanced_tracker.py:kalman_homography,
R,PREDICTION,PREDICTION,1
A,4836
S,1,4842,DETECTION,src/tracking/advanced_tracker.py:_activate_slot,4842_341_140_509_293
S,4,4842,DETECTION,src/tracking/advanced_tracker.py:_activate_slot,4842_507_977_675_1089
S,2,4842,PREDICTION,src/tracking/advanced_tracker.py:kalman_homography,
S,7,4842,PREDICTION,src/tracking/advanced_tracker.py:kalman_homography,
L,1,4842,DETECTION,src/tracking/advanced_tracker.py:_activate_slot,4842_341_140_509_293
R,DETECTION,DETECTION,1
L,2,4842,PREDICTION,src/tracking/advanced_tracker.py:kalman_homography,
R,PREDICTION,PREDICTION,1
L,4,4842,DETECTION,src/tracking/advanced_tracker.py:_activate_slot,4842_507_977_675_1089
R,CLAMP,CLAMP,0
L,7,4842,PREDICTION,src/tracking/advanced_tracker.py:kalman_homography,
R,PREDICTION,PREDICTION,1
A,4842
S,1,4848,DETECTION,src/tracking/advanced_tracker.py:_activate_slot,4848_334_134_495_283
S,6,4848,DETECTION,src/tracking/advanced_tracker.py:_activate_slot,4848_501_968_674_1082
S,2,4848,PREDICTION,src/tracking/advanced_tracker.py:kalman_homography,
S,7,4848,PREDICTION,src/tracking/advanced_tracker.py:kalman_homography,
S,4,4848,PREDICTION,src/tracking/advanced_tracker.py:flow_gapfill_batched,
L,1,4848,DETECTION,src/tracking/advanced_tracker.py:_activate_slot,4848_334_134_495_283
R,DETECTION,DETECTION,1
L,2,4848,PREDICTION,src/tracking/advanced_tracker.py:kalman_homography,
R,PREDICTION,PREDICTION,1
L,4,4848,PREDICTION,src/tracking/advanced_tracker.py:flow_gapfill_batched,
R,CLAMP,CLAMP,0
L,6,4848,DETECTION,src/tracking/advanced_tracker.py:_activate_slot,4848_501_968_674_1082
R,CLAMP,CLAMP,0
L,7,4848,PREDICTION,src/tracking/advanced_tracker.py:kalman_homography,
R,PREDICTION,PREDICTION,1
A,4848
S,1,4854,DETECTION,src/tracking/advanced_tracker.py:_activate_slot,4854_331_124_504_278
S,5,4854,DETECTION,src/tracking/advanced_tracker.py:_activate_slot,4854_506_1229_654_1295
S,2,4854,PREDICTION,src/tracking/advanced_tracker.py:kalman_homography,
S,7,4854,PREDICTION,src/tracking/advanced_tracker.py:kalman_homography,
L,1,4854,DETECTION,src/tracking/advanced_tracker.py:_activate_slot,4854_331_124_504_278
R,DETECTION,DETECTION,1
L,2,4854,PREDICTION,src/tracking/advanced_tracker.py:kalman_homography,
R,PREDICTION,PREDICTION,1
L,5,4854,DETECTION,src/tracking/advanced_tracker.py:_activate_slot,4854_506_1229_654_1295
R,CLAMP,CLAMP,0
L,7,4854,PREDICTION,src/tracking/advanced_tracker.py:kalman_homography,
R,PREDICTION,PREDICTION,1
A,4854
S,1,4860,DETECTION,src/tracking/advanced_tracker.py:_activate_slot,4860_333_117_505_271
S,5,4860,DETECTION,src/tracking/advanced_tracker.py:_activate_slot,4860_510_1201_674_1295
S,3,4860,DETECTION,src/tracking/advanced_tracker.py:_activate_slot,4860_316_236_532_336
S,2,4860,PREDICTION,src/tracking/advanced_tracker.py:kalman_homography,
S,7,4860,PREDICTION,src/tracking/advanced_tracker.py:kalman_homography,
D,1,4860
S,3,4860,PREDICTION,src/tracking/advanced_tracker.py:id_merge,
L,2,4860,PREDICTION,src/tracking/advanced_tracker.py:kalman_homography,
R,PREDICTION,PREDICTION,1
L,3,4860,PREDICTION,src/tracking/advanced_tracker.py:id_merge,
R,CLAMP,CLAMP,0
L,5,4860,DETECTION,src/tracking/advanced_tracker.py:_activate_slot,4860_510_1201_674_1295
R,CLAMP,CLAMP,0
L,7,4860,PREDICTION,src/tracking/advanced_tracker.py:kalman_homography,
R,PREDICTION,PREDICTION,1
A,4860
S,1,4866,DETECTION,src/tracking/advanced_tracker.py:_activate_slot,4866_345_109_515_264
S,8,4866,DETECTION,src/tracking/advanced_tracker.py:_activate_slot,4866_523_1051_667_1145
S,2,4866,PREDICTION,src/tracking/advanced_tracker.py:kalman_homography,
S,4,4866,PREDICTION,src/tracking/advanced_tracker.py:flow_gapfill_batched,
S,6,4866,PREDICTION,src/tracking/advanced_tracker.py:flow_gapfill_batched,
S,7,4866,PREDICTION,src/tracking/advanced_tracker.py:flow_gapfill_batched,
L,1,4866,DETECTION,src/tracking/advanced_tracker.py:_activate_slot,4866_345_109_515_264
R,DETECTION,DETECTION,1
L,2,4866,PREDICTION,src/tracking/advanced_tracker.py:kalman_homography,
R,PREDICTION,PREDICTION,1
L,4,4866,PREDICTION,src/tracking/advanced_tracker.py:flow_gapfill_batched,
R,CLAMP,CLAMP,0
L,6,4866,PREDICTION,src/tracking/advanced_tracker.py:flow_gapfill_batched,
R,CLAMP,CLAMP,0
L,7,4866,PREDICTION,src/tracking/advanced_tracker.py:flow_gapfill_batched,
R,PREDICTION,PREDICTION,1
L,8,4866,DETECTION,src/tracking/advanced_tracker.py:_activate_slot,4866_523_1051_667_1145
R,DETECTION,DETECTION,1
A,4866
S,1,4872,DETECTION,src/tracking/advanced_tracker.py:_activate_slot,4872_340_94_513_251
S,5,4872,DETECTION,src/tracking/advanced_tracker.py:_activate_slot,4872_516_1189_674_1295
S,2,4872,PREDICTION,src/tracking/advanced_tracker.py:flow_gapfill_batched,
L,1,4872,DETECTION,src/tracking/advanced_tracker.py:_activate_slot,4872_340_94_513_251
R,DETECTION,DETECTION,1
L,2,4872,PREDICTION,src/tracking/advanced_tracker.py:flow_gapfill_batched,
R,CLAMP,CLAMP,0
L,5,4872,DETECTION,src/tracking/advanced_tracker.py:_activate_slot,4872_516_1189_674_1295
R,CLAMP,CLAMP,0
A,4872
S,1,4878,DETECTION,src/tracking/advanced_tracker.py:_activate_slot,4878_335_75_510_235
S,0,4878,DETECTION,src/tracking/advanced_tracker.py:_activate_slot,4878_509_1169_675_1295
S,3,4878,PREDICTION,src/tracking/advanced_tracker.py:flow_gapfill_batched,
S,4,4878,PREDICTION,src/tracking/advanced_tracker.py:flow_gapfill_batched,
S,5,4878,PREDICTION,src/tracking/advanced_tracker.py:flow_gapfill_batched,
S,6,4878,PREDICTION,src/tracking/advanced_tracker.py:flow_gapfill_batched,
S,8,4878,PREDICTION,src/tracking/advanced_tracker.py:flow_gapfill_batched,
D,3,4878
S,1,4878,PREDICTION,src/tracking/advanced_tracker.py:id_merge,
L,0,4878,DETECTION,src/tracking/advanced_tracker.py:_activate_slot,4878_509_1169_675_1295
R,CLAMP,CLAMP,0
L,1,4878,PREDICTION,src/tracking/advanced_tracker.py:id_merge,
R,PREDICTION,PREDICTION,1
L,4,4878,PREDICTION,src/tracking/advanced_tracker.py:flow_gapfill_batched,
R,CLAMP,CLAMP,0
L,5,4878,PREDICTION,src/tracking/advanced_tracker.py:flow_gapfill_batched,
R,CLAMP,CLAMP,0
L,6,4878,PREDICTION,src/tracking/advanced_tracker.py:flow_gapfill_batched,
R,CLAMP,CLAMP,0
L,8,4878,PREDICTION,src/tracking/advanced_tracker.py:flow_gapfill_batched,
R,PREDICTION,PREDICTION,1
A,4878
S,0,4884,DETECTION,src/tracking/advanced_tracker.py:_activate_slot,4884_507_1167_657_1269
S,1,4884,PREDICTION,src/tracking/advanced_tracker.py:kalman_homography,
S,3,4884,PREDICTION,src/tracking/advanced_tracker.py:flow_gapfill_batched,
S,4,4884,PREDICTION,src/tracking/advanced_tracker.py:flow_gapfill_batched,
S,5,4884,PREDICTION,src/tracking/advanced_tracker.py:flow_gapfill_batched,
S,6,4884,PREDICTION,src/tracking/advanced_tracker.py:flow_gapfill_batched,
S,8,4884,PREDICTION,src/tracking/advanced_tracker.py:flow_gapfill_batched,
D,3,4884
S,1,4884,PREDICTION,src/tracking/advanced_tracker.py:id_merge,
L,0,4884,DETECTION,src/tracking/advanced_tracker.py:_activate_slot,4884_507_1167_657_1269
R,CLAMP,CLAMP,0
L,1,4884,PREDICTION,src/tracking/advanced_tracker.py:id_merge,
R,PREDICTION,PREDICTION,1
L,4,4884,PREDICTION,src/tracking/advanced_tracker.py:flow_gapfill_batched,
R,CLAMP,CLAMP,0
L,5,4884,PREDICTION,src/tracking/advanced_tracker.py:flow_gapfill_batched,
R,CLAMP,CLAMP,0
L,6,4884,PREDICTION,src/tracking/advanced_tracker.py:flow_gapfill_batched,
R,CLAMP,CLAMP,0
L,8,4884,PREDICTION,src/tracking/advanced_tracker.py:flow_gapfill_batched,
R,PREDICTION,PREDICTION,1
A,4884
S,1,4890,DETECTION,src/tracking/advanced_tracker.py:_activate_slot,4890_320_34_500_197
S,9,4890,DETECTION,src/tracking/advanced_tracker.py:_activate_slot,4890_494_1139_647_1249
S,0,4890,PREDICTION,src/tracking/advanced_tracker.py:kalman_homography,
S,3,4890,PREDICTION,src/tracking/advanced_tracker.py:flow_gapfill_batched,
S,5,4890,PREDICTION,src/tracking/advanced_tracker.py:flow_gapfill_batched,
S,8,4890,PREDICTION,src/tracking/advanced_tracker.py:flow_gapfill_batched,
D,3,4890
S,1,4890,PREDICTION,src/tracking/advanced_tracker.py:id_merge,
L,0,4890,PREDICTION,src/tracking/advanced_tracker.py:kalman_homography,
R,CLAMP,CLAMP,0
L,1,4890,PREDICTION,src/tracking/advanced_tracker.py:id_merge,
R,PREDICTION,PREDICTION,1
L,5,4890,PREDICTION,src/tracking/advanced_tracker.py:flow_gapfill_batched,
R,CLAMP,CLAMP,0
L,8,4890,PREDICTION,src/tracking/advanced_tracker.py:flow_gapfill_batched,
R,PREDICTION,PREDICTION,1
L,9,4890,DETECTION,src/tracking/advanced_tracker.py:_activate_slot,4890_494_1139_647_1249
R,DETECTION,DETECTION,1
A,4890
S,0,4896,DETECTION,src/tracking/advanced_tracker.py:_activate_slot,4896_477_1135_629_1233
S,1,4896,PREDICTION,src/tracking/advanced_tracker.py:kalman_homography,
S,9,4896,PREDICTION,src/tracking/advanced_tracker.py:kalman_homography,
S,3,4896,PREDICTION,src/tracking/advanced_tracker.py:flow_gapfill_batched,
S,5,4896,PREDICTION,src/tracking/advanced_tracker.py:flow_gapfill_batched,
S,8,4896,PREDICTION,src/tracking/advanced_tracker.py:flow_gapfill_batched,
D,3,4896
S,1,4896,PREDICTION,src/tracking/advanced_tracker.py:id_merge,
D,5,4896
S,9,4896,PREDICTION,src/tracking/advanced_tracker.py:id_merge,
L,0,4896,DETECTION,src/tracking/advanced_tracker.py:_activate_slot,4896_477_1135_629_1233
R,CLAMP,CLAMP,0
L,1,4896,PREDICTION,src/tracking/advanced_tracker.py:id_merge,
R,PREDICTION,PREDICTION,1
L,8,4896,PREDICTION,src/tracking/advanced_tracker.py:flow_gapfill_batched,
R,PREDICTION,PREDICTION,1
L,9,4896,PREDICTION,src/tracking/advanced_tracker.py:id_merge,
R,PREDICTION,PREDICTION,1
A,4896
S,0,4902,PREDICTION,src/tracking/advanced_tracker.py:kalman_homography,
S,1,4902,PREDICTION,src/tracking/advanced_tracker.py:kalman_homography,
S,9,4902,PREDICTION,src/tracking/advanced_tracker.py:kalman_homography,
S,3,4902,PREDICTION,src/tracking/advanced_tracker.py:flow_gapfill_batched,
S,5,4902,PREDICTION,src/tracking/advanced_tracker.py:flow_gapfill_batched,
S,8,4902,PREDICTION,src/tracking/advanced_tracker.py:flow_gapfill_batched,
D,3,4902
S,1,4902,PREDICTION,src/tracking/advanced_tracker.py:id_merge,
D,5,4902
S,9,4902,PREDICTION,src/tracking/advanced_tracker.py:id_merge,
L,0,4902,PREDICTION,src/tracking/advanced_tracker.py:kalman_homography,
R,CLAMP,CLAMP,0
L,1,4902,PREDICTION,src/tracking/advanced_tracker.py:id_merge,
R,PREDICTION,PREDICTION,1
L,8,4902,PREDICTION,src/tracking/advanced_tracker.py:flow_gapfill_batched,
R,PREDICTION,PREDICTION,1
L,9,4902,PREDICTION,src/tracking/advanced_tracker.py:id_merge,
R,PREDICTION,SUBPIXEL,0
A,4902
S,0,4908,DETECTION,src/tracking/advanced_tracker.py:_activate_slot,4908_419_1101_651_1247
S,7,4908,DETECTION,src/tracking/advanced_tracker.py:_activate_slot,4908_407_1196_660_1294
S,1,4908,PREDICTION,src/tracking/advanced_tracker.py:kalman_homography,
S,9,4908,PREDICTION,src/tracking/advanced_tracker.py:kalman_homography,
S,3,4908,PREDICTION,src/tracking/advanced_tracker.py:flow_gapfill_batched,
D,9,4908
S,7,4908,PREDICTION,src/tracking/advanced_tracker.py:id_merge,
L,0,4908,DETECTION,src/tracking/advanced_tracker.py:_activate_slot,4908_419_1101_651_1247
R,CLAMP,CLAMP,0
L,1,4908,PREDICTION,src/tracking/advanced_tracker.py:kalman_homography,
R,PREDICTION,PREDICTION,1
L,3,4908,PREDICTION,src/tracking/advanced_tracker.py:flow_gapfill_batched,
R,CLAMP,CLAMP,0
L,7,4908,PREDICTION,src/tracking/advanced_tracker.py:id_merge,
R,CLAMP,CLAMP,0
A,4908
S,0,4914,DETECTION,src/tracking/advanced_tracker.py:_activate_slot,4914_418_1087_644_1235
S,2,4914,DETECTION,src/tracking/advanced_tracker.py:_activate_slot,4914_402_1184_643_1294
S,1,4914,PREDICTION,src/tracking/advanced_tracker.py:kalman_homography,
S,9,4914,PREDICTION,src/tracking/advanced_tracker.py:kalman_homography,
S,5,4914,PREDICTION,src/tracking/advanced_tracker.py:flow_gapfill_batched,
L,0,4914,DETECTION,src/tracking/advanced_tracker.py:_activate_slot,4914_418_1087_644_1235
R,CLAMP,CLAMP,0
L,1,4914,PREDICTION,src/tracking/advanced_tracker.py:kalman_homography,
R,PREDICTION,PREDICTION,1
L,2,4914,DETECTION,src/tracking/advanced_tracker.py:_activate_slot,4914_402_1184_643_1294
R,DETECTION,DETECTION,1
L,5,4914,PREDICTION,src/tracking/advanced_tracker.py:flow_gapfill_batched,
R,CLAMP,CLAMP,0
L,9,4914,PREDICTION,src/tracking/advanced_tracker.py:kalman_homography,
R,PREDICTION,SUBPIXEL,0
A,4914
S,0,4920,PREDICTION,src/tracking/advanced_tracker.py:kalman_homography,
S,1,4920,PREDICTION,src/tracking/advanced_tracker.py:kalman_homography,
S,2,4920,PREDICTION,src/tracking/advanced_tracker.py:kalman_homography,
S,9,4920,PREDICTION,src/tracking/advanced_tracker.py:kalman_homography,
S,5,4920,PREDICTION,src/tracking/advanced_tracker.py:flow_gapfill_batched,
S,7,4920,PREDICTION,src/tracking/advanced_tracker.py:flow_gapfill_batched,
D,0,4920
S,2,4920,PREDICTION,src/tracking/advanced_tracker.py:id_merge,
D,9,4920
S,7,4920,PREDICTION,src/tracking/advanced_tracker.py:id_merge,
L,1,4920,PREDICTION,src/tracking/advanced_tracker.py:kalman_homography,
R,PREDICTION,PREDICTION,1
L,2,4920,PREDICTION,src/tracking/advanced_tracker.py:id_merge,
R,PREDICTION,PREDICTION,1
L,5,4920,PREDICTION,src/tracking/advanced_tracker.py:flow_gapfill_batched,
R,CLAMP,CLAMP,0
L,7,4920,PREDICTION,src/tracking/advanced_tracker.py:id_merge,
R,CLAMP,CLAMP,0
A,4920
S,0,4926,PREDICTION,src/tracking/advanced_tracker.py:kalman_homography,
S,1,4926,PREDICTION,src/tracking/advanced_tracker.py:kalman_homography,
S,2,4926,PREDICTION,src/tracking/advanced_tracker.py:kalman_homography,
S,9,4926,PREDICTION,src/tracking/advanced_tracker.py:kalman_homography,
D,0,4926
S,2,4926,PREDICTION,src/tracking/advanced_tracker.py:id_merge,
L,1,4926,PREDICTION,src/tracking/advanced_tracker.py:kalman_homography,
R,PREDICTION,PREDICTION,1
L,2,4926,PREDICTION,src/tracking/advanced_tracker.py:id_merge,
R,PREDICTION,SUBPIXEL,0
L,9,4926,PREDICTION,src/tracking/advanced_tracker.py:kalman_homography,
R,PREDICTION,SUBPIXEL,0
A,4926
S,0,4932,PREDICTION,src/tracking/advanced_tracker.py:kalman_homography,
S,2,4932,PREDICTION,src/tracking/advanced_tracker.py:kalman_homography,
S,9,4932,PREDICTION,src/tracking/advanced_tracker.py:kalman_homography,
S,1,4932,PREDICTION,src/tracking/advanced_tracker.py:flow_gapfill_batched,
D,0,4932
S,2,4932,PREDICTION,src/tracking/advanced_tracker.py:id_merge,
L,1,4932,PREDICTION,src/tracking/advanced_tracker.py:flow_gapfill_batched,
R,PREDICTION,PREDICTION,1
L,2,4932,PREDICTION,src/tracking/advanced_tracker.py:id_merge,
R,PREDICTION,SUBPIXEL,0
L,9,4932,PREDICTION,src/tracking/advanced_tracker.py:kalman_homography,
R,PREDICTION,SUBPIXEL,0
A,4932
S,2,4938,PREDICTION,src/tracking/advanced_tracker.py:kalman_homography,
S,1,4938,PREDICTION,src/tracking/advanced_tracker.py:flow_gapfill_batched,
S,7,4938,PREDICTION,src/tracking/advanced_tracker.py:flow_gapfill_batched,
L,1,4938,PREDICTION,src/tracking/advanced_tracker.py:flow_gapfill_batched,
R,PREDICTION,PREDICTION,1
L,2,4938,PREDICTION,src/tracking/advanced_tracker.py:kalman_homography,
R,PREDICTION,SUBPIXEL,0
L,7,4938,PREDICTION,src/tracking/advanced_tracker.py:flow_gapfill_batched,
R,PREDICTION,PREDICTION,1
A,4938
S,4,4944,DETECTION,src/tracking/advanced_tracker.py:_activate_slot,4944_250_689_503_809
S,2,4944,PREDICTION,src/tracking/advanced_tracker.py:kalman_homography,
S,0,4944,PREDICTION,src/tracking/advanced_tracker.py:flow_gapfill_batched,
D,0,4944
S,2,4944,PREDICTION,src/tracking/advanced_tracker.py:id_merge,
L,2,4944,PREDICTION,src/tracking/advanced_tracker.py:id_merge,
R,PREDICTION,SUBPIXEL,0
L,4,4944,DETECTION,src/tracking/advanced_tracker.py:_activate_slot,4944_250_689_503_809
R,CLAMP,CLAMP,0
A,4944
S,4,4950,DETECTION,src/tracking/advanced_tracker.py:_activate_slot,4950_249_689_505_809
S,6,4950,DETECTION,src/tracking/advanced_tracker.py:_activate_slot,4950_164_-12_393_90
S,3,4950,DETECTION,src/tracking/advanced_tracker.py:_activate_slot,4950_264_629_517_729
S,2,4950,PREDICTION,src/tracking/advanced_tracker.py:kalman_homography,
S,0,4950,PREDICTION,src/tracking/advanced_tracker.py:flow_gapfill_batched,
D,0,4950
S,2,4950,PREDICTION,src/tracking/advanced_tracker.py:id_merge,
L,2,4950,PREDICTION,src/tracking/advanced_tracker.py:id_merge,
R,PREDICTION,SUBPIXEL,0
L,3,4950,DETECTION,src/tracking/advanced_tracker.py:_activate_slot,4950_264_629_517_729
R,CLAMP,CLAMP,0
L,4,4950,DETECTION,src/tracking/advanced_tracker.py:_activate_slot,4950_249_689_505_809
R,CLAMP,CLAMP,0
L,6,4950,DETECTION,src/tracking/advanced_tracker.py:_activate_slot,4950_164_-12_393_90
R,DETECTION,DETECTION,1
A,4950
S,3,4956,DETECTION,src/tracking/advanced_tracker.py:_activate_slot,4956_267_619_519_737
S,4,4956,DETECTION,src/tracking/advanced_tracker.py:_activate_slot,4956_163_-15_395_89
S,2,4956,PREDICTION,src/tracking/advanced_tracker.py:kalman_homography,
S,6,4956,PREDICTION,src/tracking/advanced_tracker.py:kalman_homography,
S,0,4956,PREDICTION,src/tracking/advanced_tracker.py:flow_gapfill_batched,
S,7,4956,PREDICTION,src/tracking/advanced_tracker.py:flow_gapfill_batched,
D,0,4956
S,2,4956,PREDICTION,src/tracking/advanced_tracker.py:id_merge,
L,2,4956,PREDICTION,src/tracking/advanced_tracker.py:id_merge,
R,PREDICTION,SUBPIXEL,0
L,3,4956,DETECTION,src/tracking/advanced_tracker.py:_activate_slot,4956_267_619_519_737
R,CLAMP,CLAMP,0
L,4,4956,DETECTION,src/tracking/advanced_tracker.py:_activate_slot,4956_163_-15_395_89
R,DETECTION,DETECTION,1
L,6,4956,PREDICTION,src/tracking/advanced_tracker.py:kalman_homography,
R,PREDICTION,PREDICTION,1
L,7,4956,PREDICTION,src/tracking/advanced_tracker.py:flow_gapfill_batched,
R,PREDICTION,SUBPIXEL,0
A,4956
S,3,4962,DETECTION,src/tracking/advanced_tracker.py:_activate_slot,4962_268_600_521_738
S,4,4962,DETECTION,src/tracking/advanced_tracker.py:_activate_slot,4962_164_-15_396_89
S,5,4962,DETECTION,src/tracking/advanced_tracker.py:_activate_slot,4962_172_522_352_632
S,6,4962,PREDICTION,src/tracking/advanced_tracker.py:kalman_homography,
S,0,4962,PREDICTION,src/tracking/advanced_tracker.py:flow_gapfill_batched,
S,2,4962,PREDICTION,src/tracking/advanced_tracker.py:flow_gapfill_batched,
D,0,4962
S,2,4962,PREDICTION,src/tracking/advanced_tracker.py:id_merge,
L,2,4962,PREDICTION,src/tracking/advanced_tracker.py:id_merge,
R,PREDICTION,PREDICTION,1
L,3,4962,DETECTION,src/tracking/advanced_tracker.py:_activate_slot,4962_268_600_521_738
R,CLAMP,CLAMP,0
L,4,4962,DETECTION,src/tracking/advanced_tracker.py:_activate_slot,4962_164_-15_396_89
R,DETECTION,DETECTION,1
L,5,4962,DETECTION,src/tracking/advanced_tracker.py:_activate_slot,4962_172_522_352_632
R,CLAMP,CLAMP,0
L,6,4962,PREDICTION,src/tracking/advanced_tracker.py:kalman_homography,
R,PREDICTION,SUBPIXEL,0
A,4962
S,3,4968,DETECTION,src/tracking/advanced_tracker.py:_activate_slot,4968_264_576_518_728
S,4,4968,DETECTION,src/tracking/advanced_tracker.py:_activate_slot,4968_163_-15_396_89
S,5,4968,PREDICTION,src/tracking/advanced_tracker.py:kalman_homography,
S,6,4968,PREDICTION,src/tracking/advanced_tracker.py:kalman_homography,
L,3,4968,DETECTION,src/tracking/advanced_tracker.py:_activate_slot,4968_264_576_518_728
R,CLAMP,CLAMP,0
L,4,4968,DETECTION,src/tracking/advanced_tracker.py:_activate_slot,4968_163_-15_396_89
R,DETECTION,SUBPIXEL,0
L,5,4968,PREDICTION,src/tracking/advanced_tracker.py:kalman_homography,
R,CLAMP,CLAMP,0
L,6,4968,PREDICTION,src/tracking/advanced_tracker.py:kalman_homography,
R,PREDICTION,SUBPIXEL,0
A,4968
S,3,4974,DETECTION,src/tracking/advanced_tracker.py:_activate_slot,4974_273_595_519_729
S,4,4974,DETECTION,src/tracking/advanced_tracker.py:_activate_slot,4974_164_-15_396_89
S,5,4974,PREDICTION,src/tracking/advanced_tracker.py:kalman_homography,
S,6,4974,PREDICTION,src/tracking/advanced_tracker.py:kalman_homography,
L,3,4974,DETECTION,src/tracking/advanced_tracker.py:_activate_slot,4974_273_595_519_729
R,CLAMP,CLAMP,0
L,4,4974,DETECTION,src/tracking/advanced_tracker.py:_activate_slot,4974_164_-15_396_89
R,DETECTION,SUBPIXEL,0
L,5,4974,PREDICTION,src/tracking/advanced_tracker.py:kalman_homography,
R,CLAMP,CLAMP,0
L,6,4974,PREDICTION,src/tracking/advanced_tracker.py:kalman_homography,
R,PREDICTION,SUBPIXEL,0
A,4974
S,3,4980,DETECTION,src/tracking/advanced_tracker.py:_activate_slot,4980_279_592_520_734
S,4,4980,DETECTION,src/tracking/advanced_tracker.py:_activate_slot,4980_162_-15_397_89
S,1,4980,DETECTION,src/tracking/advanced_tracker.py:_activate_slot,4980_243_670_486_811
S,5,4980,PREDICTION,src/tracking/advanced_tracker.py:kalman_homography,
S,6,4980,PREDICTION,src/tracking/advanced_tracker.py:kalman_homography,
L,1,4980,DETECTION,src/tracking/advanced_tracker.py:_activate_slot,4980_243_670_486_811
R,CLAMP,CLAMP,0
L,3,4980,DETECTION,src/tracking/advanced_tracker.py:_activate_slot,4980_279_592_520_734
R,CLAMP,CLAMP,0
L,4,4980,DETECTION,src/tracking/advanced_tracker.py:_activate_slot,4980_162_-15_397_89
R,DETECTION,DETECTION,1
L,5,4980,PREDICTION,src/tracking/advanced_tracker.py:kalman_homography,
R,CLAMP,CLAMP,0
L,6,4980,PREDICTION,src/tracking/advanced_tracker.py:kalman_homography,
R,PREDICTION,SUBPIXEL,0
A,4980
S,1,4986,DETECTION,src/tracking/advanced_tracker.py:_activate_slot,4986_243_675_481_821
S,3,4986,DETECTION,src/tracking/advanced_tracker.py:_activate_slot,4986_273_593_516_741
S,4,4986,DETECTION,src/tracking/advanced_tracker.py:_activate_slot,4986_162_-15_398_90
S,5,4986,PREDICTION,src/tracking/advanced_tracker.py:kalman_homography,
S,6,4986,PREDICTION,src/tracking/advanced_tracker.py:kalman_homography,
L,1,4986,DETECTION,src/tracking/advanced_tracker.py:_activate_slot,4986_243_675_481_821
R,CLAMP,CLAMP,0
L,3,4986,DETECTION,src/tracking/advanced_tracker.py:_activate_slot,4986_273_593_516_741
R,CLAMP,CLAMP,0
L,4,4986,DETECTION,src/tracking/advanced_tracker.py:_activate_slot,4986_162_-15_398_90
R,DETECTION,DETECTION,1
L,5,4986,PREDICTION,src/tracking/advanced_tracker.py:kalman_homography,
R,CLAMP,CLAMP,0
L,6,4986,PREDICTION,src/tracking/advanced_tracker.py:kalman_homography,
R,PREDICTION,SUBPIXEL,0
A,4986
S,1,4992,DETECTION,src/tracking/advanced_tracker.py:_activate_slot,4992_243_676_473_836
S,3,4992,DETECTION,src/tracking/advanced_tracker.py:_activate_slot,4992_254_623_510_763
S,4,4992,DETECTION,src/tracking/advanced_tracker.py:_activate_slot,4992_161_-15_397_89
S,8,4992,DETECTION,src/tracking/advanced_tracker.py:_activate_slot,4992_260_428_453_516
S,5,4992,PREDICTION,src/tracking/advanced_tracker.py:kalman_homography,
S,6,4992,PREDICTION,src/tracking/advanced_tracker.py:kalman_homography,
L,1,4992,DETECTION,src/tracking/advanced_tracker.py:_activate_slot,4992_243_676_473_836
R,CLAMP,CLAMP,0
L,3,4992,DETECTION,src/tracking/advanced_tracker.py:_activate_slot,4992_254_623_510_763
R,DETECTION,DETECTION,1
L,4,4992,DETECTION,src/tracking/advanced_tracker.py:_activate_slot,4992_161_-15_397_89
R,DETECTION,DETECTION,1
L,5,4992,PREDICTION,src/tracking/advanced_tracker.py:kalman_homography,
R,CLAMP,CLAMP,0
L,6,4992,PREDICTION,src/tracking/advanced_tracker.py:kalman_homography,
R,PREDICTION,SUBPIXEL,0
L,8,4992,DETECTION,src/tracking/advanced_tracker.py:_activate_slot,4992_260_428_453_516
R,CLAMP,CLAMP,0
A,4992
S,1,4998,DETECTION,src/tracking/advanced_tracker.py:_activate_slot,4998_233_686_478_826
S,3,4998,DETECTION,src/tracking/advanced_tracker.py:_activate_slot,4998_247_647_502_767
S,4,4998,DETECTION,src/tracking/advanced_tracker.py:_activate_slot,4998_161_-15_396_90
S,5,4998,PREDICTION,src/tracking/advanced_tracker.py:kalman_homography,
S,8,4998,PREDICTION,src/tracking/advanced_tracker.py:kalman_homography,
S,6,4998,PREDICTION,src/tracking/advanced_tracker.py:flow_gapfill_batched,
D,6,4998
S,8,4998,PREDICTION,src/tracking/advanced_tracker.py:id_merge,
L,1,4998,DETECTION,src/tracking/advanced_tracker.py:_activate_slot,4998_233_686_478_826
R,CLAMP,CLAMP,0
L,3,4998,DETECTION,src/tracking/advanced_tracker.py:_activate_slot,4998_247_647_502_767
R,DETECTION,DETECTION,1
L,4,4998,DETECTION,src/tracking/advanced_tracker.py:_activate_slot,4998_161_-15_396_90
R,DETECTION,DETECTION,1
L,5,4998,PREDICTION,src/tracking/advanced_tracker.py:kalman_homography,
R,CLAMP,CLAMP,0
L,8,4998,PREDICTION,src/tracking/advanced_tracker.py:id_merge,
R,CLAMP,CLAMP,0
A,4998
S,3,5004,DETECTION,src/tracking/advanced_tracker.py:_activate_slot,5004_226_658_505_786
S,4,5004,DETECTION,src/tracking/advanced_tracker.py:_activate_slot,5004_161_-15_396_90
S,0,5004,DETECTION,src/tracking/advanced_tracker.py:_activate_slot,5004_580_935_675_1047
S,2,5004,DETECTION,src/tracking/advanced_tracker.py:_activate_slot,5004_51_13_248_113
S,7,5004,DETECTION,src/tracking/advanced_tracker.py:_activate_slot,5004_-11_478_121_552
S,1,5004,PREDICTION,src/tracking/advanced_tracker.py:kalman_homography,
S,5,5004,PREDICTION,src/tracking/advanced_tracker.py:kalman_homography,
S,8,5004,PREDICTION,src/tracking/advanced_tracker.py:kalman_homography,
L,0,5004,DETECTION,src/tracking/advanced_tracker.py:_activate_slot,5004_580_935_675_1047
R,CLAMP,CLAMP,0
L,1,5004,PREDICTION,src/tracking/advanced_tracker.py:kalman_homography,
R,CLAMP,CLAMP,0
L,2,5004,DETECTION,src/tracking/advanced_tracker.py:_activate_slot,5004_51_13_248_113
R,CLAMP,CLAMP,0
L,3,5004,DETECTION,src/tracking/advanced_tracker.py:_activate_slot,5004_226_658_505_786
R,DETECTION,DETECTION,1
L,4,5004,DETECTION,src/tracking/advanced_tracker.py:_activate_slot,5004_161_-15_396_90
R,DETECTION,SUBPIXEL,0
L,5,5004,PREDICTION,src/tracking/advanced_tracker.py:kalman_homography,
R,CLAMP,CLAMP,0
L,7,5004,DETECTION,src/tracking/advanced_tracker.py:_activate_slot,5004_-11_478_121_552
R,CLAMP,CLAMP,0
L,8,5004,PREDICTION,src/tracking/advanced_tracker.py:kalman_homography,
R,CLAMP,CLAMP,0
A,5004
