S,0,1857,DETECTION,src/tracking/advanced_tracker.py:_activate_slot,1857_252_638_436_785
S,1,1857,DETECTION,src/tracking/advanced_tracker.py:_activate_slot,1857_246_869_447_992
S,2,1857,DETECTION,src/tracking/advanced_tracker.py:_activate_slot,1857_284_1019_496_1133
S,3,1857,DETECTION,src/tracking/advanced_tracker.py:_activate_slot,1857_284_832_482_940
S,4,1857,DETECTION,src/tracking/advanced_tracker.py:_activate_slot,1857_163_137_335_210
D,0,1857
S,1,1857,PREDICTION,src/tracking/advanced_tracker.py:id_merge,
D,1,1857
S,2,1857,PREDICTION,src/tracking/advanced_tracker.py:id_merge,
D,2,1857
S,3,1857,PREDICTION,src/tracking/advanced_tracker.py:id_merge,
L,3,1857,PREDICTION,src/tracking/advanced_tracker.py:id_merge,
R,PREDICTION,PREDICTION,1
L,4,1857,DETECTION,src/tracking/advanced_tracker.py:_activate_slot,1857_163_137_335_210
R,DETECTION,DETECTION,1
A,1857
S,1,1863,DETECTION,src/tracking/advanced_tracker.py:_activate_slot,1863_242_871_444_991
S,4,1863,DETECTION,src/tracking/advanced_tracker.py:_activate_slot,1863_163_137_335_208
S,0,1863,PREDICTION,src/tracking/advanced_tracker.py:kalman_homography,
S,2,1863,PREDICTION,src/tracking/advanced_tracker.py:kalman_homography,
S,3,1863,PREDICTION,src/tracking/advanced_tracker.py:kalman_homography,
D,0,1863
S,1,1863,PREDICTION,src/tracking/advanced_tracker.py:id_merge,
D,2,1863
S,1,1863,PREDICTION,src/tracking/advanced_tracker.py:id_merge,
D,3,1863
S,1,1863,PREDICTION,src/tracking/advanced_tracker.py:id_merge,
L,1,1863,PREDICTION,src/tracking/advanced_tracker.py:id_merge,
R,PREDICTION,PREDICTION,1
L,4,1863,DETECTION,src/tracking/advanced_tracker.py:_activate_slot,1863_163_137_335_208
R,DETECTION,DETECTION,1
A,1863
S,1,1869,DETECTION,src/tracking/advanced_tracker.py:_activate_slot,1869_240_865_447_991
S,4,1869,DETECTION,src/tracking/advanced_tracker.py:_activate_slot,1869_164_135_336_207
S,5,1869,DETECTION,src/tracking/advanced_tracker.py:_activate_slot,1869_318_369_517_467
S,0,1869,PREDICTION,src/tracking/advanced_tracker.py:kalman_homography,
S,2,1869,PREDICTION,src/tracking/advanced_tracker.py:kalman_homography,
S,3,1869,PREDICTION,src/tracking/advanced_tracker.py:kalman_homography,
D,0,1869
S,1,1869,PREDICTION,src/tracking/advanced_tracker.py:id_merge,
D,2,1869
S,1,1869,PREDICTION,src/tracking/advanced_tracker.py:id_merge,
D,3,1869
S,1,1869,PREDICTION,src/tracking/advanced_tracker.py:id_merge,
L,1,1869,PREDICTION,src/tracking/advanced_tracker.py:id_merge,
R,PREDICTION,PREDICTION,1
L,4,1869,DETECTION,src/tracking/advanced_tracker.py:_activate_slot,1869_164_135_336_207
R,DETECTION,DETECTION,1
L,5,1869,DETECTION,src/tracking/advanced_tracker.py:_activate_slot,1869_318_369_517_467
R,DETECTION,DETECTION,1
A,1869
S,1,1875,DETECTION,src/tracking/advanced_tracker.py:_activate_slot,1875_235_862_463_979
S,4,1875,DETECTION,src/tracking/advanced_tracker.py:_activate_slot,1875_164_131_337_206
S,6,1875,DETECTION,src/tracking/advanced_tracker.py:_activate_slot,1875_404_456_547_553
S,0,1875,PREDICTION,src/tracking/advanced_tracker.py:kalman_homography,
S,2,1875,PREDICTION,src/tracking/advanced_tracker.py:kalman_homography,
S,3,1875,PREDICTION,src/tracking/advanced_tracker.py:kalman_homography,
S,5,1875,PREDICTION,src/tracking/advanced_tracker.py:kalman_homography,
D,0,1875
S,1,1875,PREDICTION,src/tracking/advanced_tracker.py:id_merge,
D,2,1875
S,1,1875,PREDICTION,src/tracking/advanced_tracker.py:id_merge,
D,3,1875
S,1,1875,PREDICTION,src/tracking/advanced_tracker.py:id_merge,
D,5,1875
S,6,1875,PREDICTION,src/tracking/advanced_tracker.py:id_merge,
L,1,1875,PREDICTION,src/tracking/advanced_tracker.py:id_merge,
R,PREDICTION,PREDICTION,1
L,4,1875,DETECTION,src/tracking/advanced_tracker.py:_activate_slot,1875_164_131_337_206
R,DETECTION,DETECTION,1
L,6,1875,PREDICTION,src/tracking/advanced_tracker.py:id_merge,
R,PREDICTION,PREDICTION,1
A,1875
S,4,1881,DETECTION,src/tracking/advanced_tracker.py:_activate_slot,1881_165_130_341_205
S,3,1881,DETECTION,src/tracking/advanced_tracker.py:_activate_slot,1881_244_813_449_931
S,7,1881,DETECTION,src/tracking/advanced_tracker.py:_activate_slot,1881_404_460_549_559
S,8,1881,DETECTION,src/tracking/advanced_tracker.py:_activate_slot,1881_564_758_674_850
S,9,1881,DETECTION,src/tracking/advanced_tracker.py:_activate_slot,1881_130_469_326_543
S,0,1881,PREDICTION,src/tracking/advanced_tracker.py:kalman_homography,
S,1,1881,PREDICTION,src/tracking/advanced_tracker.py:kalman_homography,
S,2,1881,PREDICTION,src/tracking/advanced_tracker.py:kalman_homography,
S,5,1881,PREDICTION,src/tracking/advanced_tracker.py:kalman_homography,
S,6,1881,PREDICTION,src/tracking/advanced_tracker.py:kalman_homography,
D,0,1881
S,1,1881,PREDICTION,src/tracking/advanced_tracker.py:id_merge,
D,2,1881
S,1,1881,PREDICTION,src/tracking/advanced_tracker.py:id_merge,
D,1,1881
S,3,1881,PREDICTION,src/tracking/advanced_tracker.py:id_merge,
D,5,1881
S,6,1881,PREDICTION,src/tracking/advanced_tracker.py:id_merge,
D,6,1881
S,7,1881,PREDICTION,src/tracking/advanced_tracker.py:id_merge,
D,7,1881
S,8,1881,PREDICTION,src/tracking/advanced_tracker.py:id_merge,
L,3,1881,PREDICTION,src/tracking/advanced_tracker.py:id_merge,
R,PREDICTION,PREDICTION,1
L,4,1881,DETECTION,src/tracking/advanced_tracker.py:_activate_slot,1881_165_130_341_205
R,DETECTION,DETECTION,1
L,8,1881,PREDICTION,src/tracking/advanced_tracker.py:id_merge,
R,PREDICTION,PREDICTION,1
L,9,1881,DETECTION,src/tracking/advanced_tracker.py:_activate_slot,1881_130_469_326_543
R,DETECTION,DETECTION,1
A,1881
S,4,1887,DETECTION,src/tracking/advanced_tracker.py:_activate_slot,1887_168_124_344_204
S,8,1887,DETECTION,src/tracking/advanced_tracker.py:_activate_slot,1887_564_758_674_850
S,0,1887,PREDICTION,src/tracking/advanced_tracker.py:kalman_homography,
S,1,1887,PREDICTION,src/tracking/advanced_tracker.py:kalman_homography,
S,2,1887,PREDICTION,src/tracking/advanced_tracker.py:kalman_homography,
S,3,1887,PREDICTION,src/tracking/advanced_tracker.py:kalman_homography,
S,5,1887,PREDICTION,src/tracking/advanced_tracker.py:kalman_homography,
S,6,1887,PREDICTION,src/tracking/advanced_tracker.py:kalman_homography,
S,7,1887,PREDICTION,src/tracking/advanced_tracker.py:kalman_homography,
S,9,1887,PREDICTION,src/tracking/advanced_tracker.py:kalman_homography,
D,0,1887
S,1,1887,PREDICTION,src/tracking/advanced_tracker.py:id_merge,
D,2,1887
S,1,1887,PREDICTION,src/tracking/advanced_tracker.py:id_merge,
D,1,1887
S,3,1887,PREDICTION,src/tracking/advanced_tracker.py:id_merge,
D,5,1887
S,6,1887,PREDICTION,src/tracking/advanced_tracker.py:id_merge,
D,6,1887
S,7,1887,PREDICTION,src/tracking/advanced_tracker.py:id_merge,
D,7,1887
S,8,1887,PREDICTION,src/tracking/advanced_tracker.py:id_merge,
L,3,1887,PREDICTION,src/tracking/advanced_tracker.py:id_merge,
R,PREDICTION,PREDICTION,1
L,4,1887,DETECTION,src/tracking/advanced_tracker.py:_activate_slot,1887_168_124_344_204
R,DETECTION,DETECTION,1
L,8,1887,PREDICTION,src/tracking/advanced_tracker.py:id_merge,
R,PREDICTION,SUBPIXEL,0
L,9,1887,PREDICTION,src/tracking/advanced_tracker.py:kalman_homography,
R,PREDICTION,PREDICTION,1
A,1887
S,0,1893,DETECTION,src/tracking/advanced_tracker.py:_activate_slot,1893_564_763_674_851
S,2,1893,DETECTION,src/tracking/advanced_tracker.py:_activate_slot,1893_139_468_327_544
S,4,1893,DETECTION,src/tracking/advanced_tracker.py:_activate_slot,1893_170_117_344_205
S,8,1893,DETECTION,src/tracking/advanced_tracker.py:_activate_slot,1893_405_469_546_570
S,1,1893,PREDICTION,src/tracking/advanced_tracker.py:kalman_homography,
S,3,1893,PREDICTION,src/tracking/advanced_tracker.py:kalman_homography,
S,5,1893,PREDICTION,src/tracking/advanced_tracker.py:kalman_homography,
S,6,1893,PREDICTION,src/tracking/advanced_tracker.py:kalman_homography,
S,7,1893,PREDICTION,src/tracking/advanced_tracker.py:kalman_homography,
S,9,1893,PREDICTION,src/tracking/advanced_tracker.py:kalman_homography,
D,1,1893
S,3,1893,PREDICTION,src/tracking/advanced_tracker.py:id_merge,
D,5,1893
S,6,1893,PREDICTION,src/tracking/advanced_tracker.py:id_merge,
D,6,1893
S,7,1893,PREDICTION,src/tracking/advanced_tracker.py:id_merge,
D,7,1893
S,8,1893,PREDICTION,src/tracking/advanced_tracker.py:id_merge,
L,0,1893,DETECTION,src/tracking/advanced_tracker.py:_activate_slot,1893_564_763_674_851
R,DETECTION,DETECTION,1
L,2,1893,DETECTION,src/tracking/advanced_tracker.py:_activate_slot,1893_139_468_327_544
R,DETECTION,DETECTION,1
L,3,1893,PREDICTION,src/tracking/advanced_tracker.py:id_merge,
R,PREDICTION,PREDICTION,1
L,4,1893,DETECTION,src/tracking/advanced_tracker.py:_activate_slot,1893_170_117_344_205
R,DETECTION,DETECTION,1
L,8,1893,PREDICTION,src/tracking/advanced_tracker.py:id_merge,
R,PREDICTION,PREDICTION,1
L,9,1893,PREDICTION,src/tracking/advanced_tracker.py:kalman_homography,
R,PREDICTION,SUBPIXEL,0
A,1893
S,0,1899,DETECTION,src/tracking/advanced_tracker.py:_activate_slot,1899_365_256_571_359
S,2,1899,DETECTION,src/tracking/advanced_tracker.py:_activate_slot,1899_128_465_326_545
S,4,1899,DETECTION,src/tracking/advanced_tracker.py:_activate_slot,1899_171_123_344_207
S,3,1899,DETECTION,src/tracking/advanced_tracker.py:_activate_slot,1899_235_780_428_941
S,1,1899,PREDICTION,src/tracking/advanced_tracker.py:kalman_homography,
S,5,1899,PREDICTION,src/tracking/advanced_tracker.py:kalman_homography,
S,6,1899,PREDICTION,src/tracking/advanced_tracker.py:kalman_homography,
S,7,1899,PREDICTION,src/tracking/advanced_tracker.py:kalman_homography,
S,8,1899,PREDICTION,src/tracking/advanced_tracker.py:kalman_homography,
S,9,1899,PREDICTION,src/tracking/advanced_tracker.py:kalman_homography,
D,1,1899
S,3,1899,PREDICTION,src/tracking/advanced_tracker.py:id_merge,
D,5,1899
S,6,1899,PREDICTION,src/tracking/advanced_tracker.py:id_merge,
D,6,1899
S,7,1899,PREDICTION,src/tracking/advanced_tracker.py:id_merge,
D,7,1899
S,8,1899,PREDICTION,src/tracking/advanced_tracker.py:id_merge,
L,0,1899,DETECTION,src/tracking/advanced_tracker.py:_activate_slot,1899_365_256_571_359
R,DETECTION,DETECTION,1
L,2,1899,DETECTION,src/tracking/advanced_tracker.py:_activate_slot,1899_128_465_326_545
R,DETECTION,DETECTION,1
L,3,1899,PREDICTION,src/tracking/advanced_tracker.py:id_merge,
R,PREDICTION,PREDICTION,1
L,4,1899,DETECTION,src/tracking/advanced_tracker.py:_activate_slot,1899_171_123_344_207
R,DETECTION,DETECTION,1
L,8,1899,PREDICTION,src/tracking/advanced_tracker.py:id_merge,
R,PREDICTION,PREDICTION,1
L,9,1899,PREDICTION,src/tracking/advanced_tracker.py:kalman_homography,
R,PREDICTION,SUBPIXEL,0
A,1899
S,2,1905,DETECTION,src/tracking/advanced_tracker.py:_activate_slot,1905_126_468_324_544
S,4,1905,DETECTION,src/tracking/advanced_tracker.py:_activate_slot,1905_174_123_345_208
S,3,1905,DETECTION,src/tracking/advanced_tracker.py:_activate_slot,1905_239_780_439_921
S,0,1905,PREDICTION,src/tracking/advanced_tracker.py:kalman_homography,
S,1,1905,PREDICTION,src/tracking/advanced_tracker.py:kalman_homography,
S,5,1905,PREDICTION,src/tracking/advanced_tracker.py:kalman_homography,
S,6,1905,PREDICTION,src/tracking/advanced_tracker.py:kalman_homography,
S,7,1905,PREDICTION,src/tracking/advanced_tracker.py:kalman_homography,
S,9,1905,PREDICTION,src/tracking/advanced_tracker.py:kalman_homography,
S,8,1905,PREDICTION,src/tracking/advanced_tracker.py:flow_gapfill_batched,
D,1,1905
S,3,1905,PREDICTION,src/tracking/advanced_tracker.py:id_merge,
D,5,1905
S,6,1905,PREDICTION,src/tracking/advanced_tracker.py:id_merge,
D,6,1905
S,7,1905,PREDICTION,src/tracking/advanced_tracker.py:id_merge,
D,7,1905
S,8,1905,PREDICTION,src/tracking/advanced_tracker.py:id_merge,
L,0,1905,PREDICTION,src/tracking/advanced_tracker.py:kalman_homography,
R,PREDICTION,PREDICTION,1
L,2,1905,DETECTION,src/tracking/advanced_tracker.py:_activate_slot,1905_126_468_324_544
R,DETECTION,DETECTION,1
L,3,1905,PREDICTION,src/tracking/advanced_tracker.py:id_merge,
R,PREDICTION,PREDICTION,1
L,4,1905,DETECTION,src/tracking/advanced_tracker.py:_activate_slot,1905_174_123_345_208
R,DETECTION,DETECTION,1
L,8,1905,PREDICTION,src/tracking/advanced_tracker.py:id_merge,
R,PREDICTION,PREDICTION,1
L,9,1905,PREDICTION,src/tracking/advanced_tracker.py:kalman_homography,
R,PREDICTION,SUBPIXEL,0
A,1905
S,2,1911,DETECTION,src/tracking/advanced_tracker.py:_activate_slot,1911_134_996_304_1078
S,4,1911,DETECTION,src/tracking/advanced_tracker.py:_activate_slot,1911_176_127_345_212
S,1,1911,PREDICTION,src/tracking/advanced_tracker.py:kalman_homography,
S,3,1911,PREDICTION,src/tracking/advanced_tracker.py:kalman_homography,
S,5,1911,PREDICTION,src/tracking/advanced_tracker.py:kalman_homography,
S,6,1911,PREDICTION,src/tracking/advanced_tracker.py:kalman_homography,
S,7,1911,PREDICTION,src/tracking/advanced_tracker.py:kalman_homography,
S,9,1911,PREDICTION,src/tracking/advanced_tracker.py:kalman_homography,
S,0,1911,PREDICTION,src/tracking/advanced_tracker.py:flow_gapfill_batched,
S,8,1911,PREDICTION,src/tracking/advanced_tracker.py:flow_gapfill_batched,
D,1,1911
S,3,1911,PREDICTION,src/tracking/advanced_tracker.py:id_merge,
D,5,1911
S,6,1911,PREDICTION,src/tracking/advanced_tracker.py:id_merge,
D,6,1911
S,7,1911,PREDICTION,src/tracking/advanced_tracker.py:id_merge,
D,7,1911
S,8,1911,PREDICTION,src/tracking/advanced_tracker.py:id_merge,
L,0,1911,PREDICTION,src/tracking/advanced_tracker.py:flow_gapfill_batched,
R,PREDICTION,PREDICTION,1
L,2,1911,DETECTION,src/tracking/advanced_tracker.py:_activate_slot,1911_134_996_304_1078
R,CLAMP,CLAMP,0
L,3,1911,PREDICTION,src/tracking/advanced_tracker.py:id_merge,
R,PREDICTION,PREDICTION,1
L,4,1911,DETECTION,src/tracking/advanced_tracker.py:_activate_slot,1911_176_127_345_212
R,DETECTION,DETECTION,1
L,8,1911,PREDICTION,src/tracking/advanced_tracker.py:id_merge,
R,PREDICTION,SUBPIXEL,0
L,9,1911,PREDICTION,src/tracking/advanced_tracker.py:kalman_homography,
R,PREDICTION,SUBPIXEL,0
A,1911
S,4,1917,DETECTION,src/tracking/advanced_tracker.py:_activate_slot,1917_306_306_532_436
S,1,1917,PREDICTION,src/tracking/advanced_tracker.py:kalman_homography,
S,2,1917,PREDICTION,src/tracking/advanced_tracker.py:kalman_homography,
S,3,1917,PREDICTION,src/tracking/advanced_tracker.py:kalman_homography,
S,6,1917,PREDICTION,src/tracking/advanced_tracker.py:kalman_homography,
S,7,1917,PREDICTION,src/tracking/advanced_tracker.py:kalman_homography,
S,9,1917,PREDICTION,src/tracking/advanced_tracker.py:kalman_homography,
S,0,1917,PREDICTION,src/tracking/advanced_tracker.py:flow_gapfill_batched,
S,5,1917,PREDICTION,src/tracking/advanced_tracker.py:flow_gapfill_batched,
S,8,1917,PREDICTION,src/tracking/advanced_tracker.py:flow_gapfill_batched,
D,1,1917
S,3,1917,PREDICTION,src/tracking/advanced_tracker.py:id_merge,
D,5,1917
S,6,1917,PREDICTION,src/tracking/advanced_tracker.py:id_merge,
D,6,1917
S,7,1917,PREDICTION,src/tracking/advanced_tracker.py:id_merge,
D,7,1917
S,8,1917,PREDICTION,src/tracking/advanced_tracker.py:id_merge,
L,0,1917,PREDICTION,src/tracking/advanced_tracker.py:flow_gapfill_batched,
R,PREDICTION,PREDICTION,1
L,2,1917,PREDICTION,src/tracking/advanced_tracker.py:kalman_homography,
R,CLAMP,CLAMP,0
L,3,1917,PREDICTION,src/tracking/advanced_tracker.py:id_merge,
R,PREDICTION,PREDICTION,1
L,4,1917,DETECTION,src/tracking/advanced_tracker.py:_activate_slot,1917_306_306_532_436
R,CLAMP,CLAMP,0
L,8,1917,PREDICTION,src/tracking/advanced_tracker.py:id_merge,
R,PREDICTION,PREDICTION,1
L,9,1917,PREDICTION,src/tracking/advanced_tracker.py:kalman_homography,
R,PREDICTION,SUBPIXEL,0
A,1917
S,2,1923,PREDICTION,src/tracking/advanced_tracker.py:kalman_homography,
S,3,1923,PREDICTION,src/tracking/advanced_tracker.py:kalman_homography,
S,4,1923,PREDICTION,src/tracking/advanced_tracker.py:kalman_homography,
S,7,1923,PREDICTION,src/tracking/advanced_tracker.py:kalman_homography,
S,9,1923,PREDICTION,src/tracking/advanced_tracker.py:kalman_homography,
S,0,1923,PREDICTION,src/tracking/advanced_tracker.py:flow_gapfill_batched,
S,1,1923,PREDICTION,src/tracking/advanced_tracker.py:flow_gapfill_batched,
S,6,1923,PREDICTION,src/tracking/advanced_tracker.py:flow_gapfill_batched,
S,8,1923,PREDICTION,src/tracking/advanced_tracker.py:flow_gapfill_batched,
D,1,1923
S,3,1923,PREDICTION,src/tracking/advanced_tracker.py:id_merge,
D,6,1923
S,7,1923,PREDICTION,src/tracking/advanced_tracker.py:id_merge,
D,7,1923
S,8,1923,PREDICTION,src/tracking/advanced_tracker.py:id_merge,
L,0,1923,PREDICTION,src/tracking/advanced_tracker.py:flow_gapfill_batched,
R,PREDICTION,PREDICTION,1
L,2,1923,PREDICTION,src/tracking/advanced_tracker.py:kalman_homography,
R,CLAMP,CLAMP,0
L,3,1923,PREDICTION,src/tracking/advanced_tracker.py:id_merge,
R,PREDICTION,PREDICTION,1
L,4,1923,PREDICTION,src/tracking/advanced_tracker.py:kalman_homography,
R,CLAMP,CLAMP,0
L,8,1923,PREDICTION,src/tracking/advanced_tracker.py:id_merge,
R,PREDICTION,PREDICTION,1
L,9,1923,PREDICTION,src/tracking/advanced_tracker.py:kalman_homography,
R,PREDICTION,SUBPIXEL,0
A,1923
S,3,1929,PREDICTION,src/tracking/advanced_tracker.py:kalman_homography,
S,4,1929,PREDICTION,src/tracking/advanced_tracker.py:kalman_homography,
S,0,1929,PREDICTION,src/tracking/advanced_tracker.py:flow_gapfill_batched,
S,2,1929,PREDICTION,src/tracking/advanced_tracker.py:flow_gapfill_batched,
S,7,1929,PREDICTION,src/tracking/advanced_tracker.py:flow_gapfill_batched,
S,8,1929,PREDICTION,src/tracking/advanced_tracker.py:flow_gapfill_batched,
S,9,1929,PREDICTION,src/tracking/advanced_tracker.py:flow_gapfill_batched,
D,0,1929
S,4,1929,PREDICTION,src/tracking/advanced_tracker.py:id_merge,
D,7,1929
S,8,1929,PREDICTION,src/tracking/advanced_tracker.py:id_merge,
L,2,1929,PREDICTION,src/tracking/advanced_tracker.py:flow_gapfill_batched,
R,CLAMP,CLAMP,0
L,3,1929,PREDICTION,src/tracking/advanced_tracker.py:kalman_homography,
R,PREDICTION,PREDICTION,1
L,4,1929,PREDICTION,src/tracking/advanced_tracker.py:id_merge,
R,CLAMP,CLAMP,0
L,8,1929,PREDICTION,src/tracking/advanced_tracker.py:id_merge,
R,PREDICTION,SUBPIXEL,0
L,9,1929,PREDICTION,src/tracking/advanced_tracker.py:flow_gapfill_batched,
R,PREDICTION,PREDICTION,1
A,1929
S,0,1935,DETECTION,src/tracking/advanced_tracker.py:_activate_slot,1935_141_463_322_552
S,3,1935,PREDICTION,src/tracking/advanced_tracker.py:kalman_homography,
S,4,1935,PREDICTION,src/tracking/advanced_tracker.py:kalman_homography,
S,2,1935,PREDICTION,src/tracking/advanced_tracker.py:flow_gapfill_batched,
S,8,1935,PREDICTION,src/tracking/advanced_tracker.py:flow_gapfill_batched,
L,0,1935,DETECTION,src/tracking/advanced_tracker.py:_activate_slot,1935_141_463_322_552
R,CLAMP,CLAMP,0
L,2,1935,PREDICTION,src/tracking/advanced_tracker.py:flow_gapfill_batched,
R,CLAMP,CLAMP,0
L,3,1935,PREDICTION,src/tracking/advanced_tracker.py:kalman_homography,
R,PREDICTION,PREDICTION,1
L,4,1935,PREDICTION,src/tracking/advanced_tracker.py:kalman_homography,
R,CLAMP,CLAMP,0
L,8,1935,PREDICTION,src/tracking/advanced_tracker.py:flow_gapfill_batched,
R,PREDICTION,SUBPIXEL,0
A,1935
S,0,1941,DETECTION,src/tracking/advanced_tracker.py:_activate_slot,1941_137_466_323_556
S,1,1941,DETECTION,src/tracking/advanced_tracker.py:_activate_slot,1941_251_827_415_933
S,3,1941,PREDICTION,src/tracking/advanced_tracker.py:kalman_homography,
S,2,1941,PREDICTION,src/tracking/advanced_tracker.py:flow_gapfill_batched,
S,4,1941,PREDICTION,src/tracking/advanced_tracker.py:flow_gapfill_batched,
S,8,1941,PREDICTION,src/tracking/advanced_tracker.py:flow_gapfill_batched,
D,3,1941
S,1,1941,PREDICTION,src/tracking/advanced_tracker.py:id_merge,
L,0,1941,DETECTION,src/tracking/advanced_tracker.py:_activate_slot,1941_137_466_323_556
R,CLAMP,CLAMP,0
L,1,1941,PREDICTION,src/tracking/advanced_tracker.py:id_merge,
R,PREDICTION,PREDICTION,1
L,2,1941,PREDICTION,src/tracking/advanced_tracker.py:flow_gapfill_batched,
R,CLAMP,CLAMP,0
L,4,1941,PREDICTION,src/tracking/advanced_tracker.py:flow_gapfill_batched,
R,CLAMP,CLAMP,0
L,8,1941,PREDICTION,src/tracking/advanced_tracker.py:flow_gapfill_batched,
R,PREDICTION,PREDICTION,1
A,1941
S,0,1947,DETECTION,src/tracking/advanced_tracker.py:_activate_slot,1947_130_467_322_554
S,3,1947,DETECTION,src/tracking/advanced_tracker.py:_activate_slot,1947_245_750_374_866
S,1,1947,PREDICTION,src/tracking/advanced_tracker.py:kalman_homography,
S,2,1947,PREDICTION,src/tracking/advanced_tracker.py:flow_gapfill_batched,
S,4,1947,PREDICTION,src/tracking/advanced_tracker.py:flow_gapfill_batched,
L,0,1947,DETECTION,src/tracking/advanced_tracker.py:_activate_slot,1947_130_467_322_554
R,CLAMP,CLAMP,0
L,1,1947,PREDICTION,src/tracking/advanced_tracker.py:kalman_homography,
R,PREDICTION,PREDICTION,1
L,2,1947,PREDICTION,src/tracking/advanced_tracker.py:flow_gapfill_batched,
R,CLAMP,CLAMP,0
L,3,1947,DETECTION,src/tracking/advanced_tracker.py:_activate_slot,1947_245_750_374_866
R,DETECTION,DETECTION,1
L,4,1947,PREDICTION,src/tracking/advanced_tracker.py:flow_gapfill_batched,
R,CLAMP,CLAMP,0
A,1947
S,0,1953,DETECTION,src/tracking/advanced_tracker.py:_activate_slot,1953_141_471_324_556
S,1,1953,DETECTION,src/tracking/advanced_tracker.py:_activate_slot,1953_186_827_346_917
S,3,1953,PREDICTION,src/tracking/advanced_tracker.py:kalman_homography,
S,2,1953,PREDICTION,src/tracking/advanced_tracker.py:flow_gapfill_batched,
S,4,1953,PREDICTION,src/tracking/advanced_tracker.py:flow_gapfill_batched,
D,2,1953
S,1,1953,PREDICTION,src/tracking/advanced_tracker.py:id_merge,
D,3,1953
S,1,1953,PREDICTION,src/tracking/advanced_tracker.py:id_merge,
L,0,1953,DETECTION,src/tracking/advanced_tracker.py:_activate_slot,1953_141_471_324_556
R,CLAMP,CLAMP,0
L,1,1953,PREDICTION,src/tracking/advanced_tracker.py:id_merge,
R,PREDICTION,PREDICTION,1
L,4,1953,PREDICTION,src/tracking/advanced_tracker.py:flow_gapfill_batched,
R,CLAMP,CLAMP,0
A,1953
S,5,1959,DETECTION,src/tracking/advanced_tracker.py:_activate_slot,1959_571_796_675_882
S,0,1959,PREDICTION,src/tracking/advanced_tracker.py:kalman_homography,
S,1,1959,PREDICTION,src/tracking/advanced_tracker.py:kalman_homography,
S,3,1959,PREDICTION,src/tracking/advanced_tracker.py:kalman_homography,
S,2,1959,PREDICTION,src/tracking/advanced_tracker.py:flow_gapfill_batched,
S,4,1959,PREDICTION,src/tracking/advanced_tracker.py:flow_gapfill_batched,
D,2,1959
S,1,1959,PREDICTION,src/tracking/advanced_tracker.py:id_merge,
D,3,1959
S,1,1959,PREDICTION,src/tracking/advanced_tracker.py:id_merge,
L,0,1959,PREDICTION,src/tracking/advanced_tracker.py:kalman_homography,
R,CLAMP,CLAMP,0
L,1,1959,PREDICTION,src/tracking/advanced_tracker.py:id_merge,
R,PREDICTION,PREDICTION,1
L,4,1959,PREDICTION,src/tracking/advanced_tracker.py:flow_gapfill_batched,
R,CLAMP,CLAMP,0
L,5,1959,DETECTION,src/tracking/advanced_tracker.py:_activate_slot,1959_571_796_675_882
R,DETECTION,DETECTION,1
A,1959
S,1,1965,DETECTION,src/tracking/advanced_tracker.py:_activate_slot,1965_193_826_355_916
S,0,1965,PREDICTION,src/tracking/advanced_tracker.py:kalman_homography,
S,3,1965,PREDICTION,src/tracking/advanced_tracker.py:kalman_homography,
S,4,1965,PREDICTION,src/tracking/advanced_tracker.py:flow_gapfill_batched,
S,5,1965,PREDICTION,src/tracking/advanced_tracker.py:flow_gapfill_batched,
D,3,1965
S,1,1965,PREDICTION,src/tracking/advanced_tracker.py:id_merge,
L,0,1965,PREDICTION,src/tracking/advanced_tracker.py:kalman_homography,
R,CLAMP,CLAMP,0
L,1,1965,PREDICTION,src/tracking/advanced_tracker.py:id_merge,
R,PREDICTION,PREDICTION,1
L,4,1965,PREDICTION,src/tracking/advanced_tracker.py:flow_gapfill_batched,
R,CLAMP,CLAMP,0
L,5,1965,PREDICTION,src/tracking/advanced_tracker.py:flow_gapfill_batched,
R,PREDICTION,PREDICTION,1
A,1965
S,6,1971,DETECTION,src/tracking/advanced_tracker.py:_activate_slot,1971_291_293_511_431
S,7,1971,DETECTION,src/tracking/advanced_tracker.py:_activate_slot,1971_574_810_674_894
S,0,1971,PREDICTION,src/tracking/advanced_tracker.py:kalman_homography,
S,1,1971,PREDICTION,src/tracking/advanced_tracker.py:kalman_homography,
S,3,1971,PREDICTION,src/tracking/advanced_tracker.py:kalman_homography,
S,5,1971,PREDICTION,src/tracking/advanced_tracker.py:flow_gapfill_batched,
D,3,1971
S,1,1971,PREDICTION,src/tracking/advanced_tracker.py:id_merge,
D,5,1971
S,6,1971,PREDICTION,src/tracking/advanced_tracker.py:id_merge,
D,6,1971
S,7,1971,PREDICTION,src/tracking/advanced_tracker.py:id_merge,
L,0,1971,PREDICTION,src/tracking/advanced_tracker.py:kalman_homography,
R,CLAMP,CLAMP,0
L,1,1971,PREDICTION,src/tracking/advanced_tracker.py:id_merge,
R,PREDICTION,PREDICTION,1
L,7,1971,PREDICTION,src/tracking/advanced_tracker.py:id_merge,
R,PREDICTION,PREDICTION,1
A,1971
S,9,1977,DETECTION,src/tracking/advanced_tracker.py:_activate_slot,1977_291_302_510_450
S,0,1977,PREDICTION,src/tracking/advanced_tracker.py:kalman_homography,
S,1,1977,PREDICTION,src/tracking/advanced_tracker.py:kalman_homography,
S,3,1977,PREDICTION,src/tracking/advanced_tracker.py:kalman_homography,
S,6,1977,PREDICTION,src/tracking/advanced_tracker.py:kalman_homography,
S,5,1977,PREDICTION,src/tracking/advanced_tracker.py:flow_gapfill_batched,
S,7,1977,PREDICTION,src/tracking/advanced_tracker.py:flow_gapfill_batched,
D,3,1977
S,1,1977,PREDICTION,src/tracking/advanced_tracker.py:id_merge,
D,5,1977
S,6,1977,PREDICTION,src/tracking/advanced_tracker.py:id_merge,
D,6,1977
S,7,1977,PREDICTION,src/tracking/advanced_tracker.py:id_merge,
D,7,1977
S,9,1977,PREDICTION,src/tracking/advanced_tracker.py:id_merge,
L,0,1977,PREDICTION,src/tracking/advanced_tracker.py:kalman_homography,
R,CLAMP,CLAMP,0
L,1,1977,PREDICTION,src/tracking/advanced_tracker.py:id_merge,
R,PREDICTION,PREDICTION,1
L,9,1977,PREDICTION,src/tracking/advanced_tracker.py:id_merge,
R,CLAMP,CLAMP,0
A,1977
S,8,1983,DETECTION,src/tracking/advanced_tracker.py:_activate_slot,1983_402_514_546_612
S,0,1983,PREDICTION,src/tracking/advanced_tracker.py:kalman_homography,
S,1,1983,PREDICTION,src/tracking/advanced_tracker.py:kalman_homography,
S,3,1983,PREDICTION,src/tracking/advanced_tracker.py:kalman_homography,
S,6,1983,PREDICTION,src/tracking/advanced_tracker.py:kalman_homography,
S,9,1983,PREDICTION,src/tracking/advanced_tracker.py:kalman_homography,
S,5,1983,PREDICTION,src/tracking/advanced_tracker.py:flow_gapfill_batched,
S,7,1983,PREDICTION,src/tracking/advanced_tracker.py:flow_gapfill_batched,
D,3,1983
S,1,1983,PREDICTION,src/tracking/advanced_tracker.py:id_merge,
D,5,1983
S,6,1983,PREDICTION,src/tracking/advanced_tracker.py:id_merge,
D,6,1983
S,7,1983,PREDICTION,src/tracking/advanced_tracker.py:id_merge,
D,7,1983
S,8,1983,PREDICTION,src/tracking/advanced_tracker.py:id_merge,
D,9,1983
S,8,1983,PREDICTION,src/tracking/advanced_tracker.py:id_merge,
L,0,1983,PREDICTION,src/tracking/advanced_tracker.py:kalman_homography,
R,CLAMP,CLAMP,0
L,1,1983,PREDICTION,src/tracking/advanced_tracker.py:id_merge,
R,PREDICTION,PREDICTION,1
L,8,1983,PREDICTION,src/tracking/advanced_tracker.py:id_merge,
R,PREDICTION,PREDICTION,1
A,1983
S,0,1989,PREDICTION,src/tracking/advanced_tracker.py:kalman_homography,
S,1,1989,PREDICTION,src/tracking/advanced_tracker.py:kalman_homography,
S,3,1989,PREDICTION,src/tracking/advanced_tracker.py:kalman_homography,
S,6,1989,PREDICTION,src/tracking/advanced_tracker.py:kalman_homography,
S,8,1989,PREDICTION,src/tracking/advanced_tracker.py:kalman_homography,
S,9,1989,PREDICTION,src/tracking/advanced_tracker.py:kalman_homography,
S,5,1989,PREDICTION,src/tracking/advanced_tracker.py:flow_gapfill_batched,
S,7,1989,PREDICTION,src/tracking/advanced_tracker.py:flow_gapfill_batched,
D,3,1989
S,1,1989,PREDICTION,src/tracking/advanced_tracker.py:id_merge,
D,5,1989
S,6,1989,PREDICTION,src/tracking/advanced_tracker.py:id_merge,
D,6,1989
S,7,1989,PREDICTION,src/tracking/advanced_tracker.py:id_merge,
D,7,1989
S,8,1989,PREDICTION,src/tracking/advanced_tracker.py:id_merge,
D,9,1989
S,8,1989,PREDICTION,src/tracking/advanced_tracker.py:id_merge,
L,0,1989,PREDICTION,src/tracking/advanced_tracker.py:kalman_homography,
R,CLAMP,CLAMP,0
L,1,1989,PREDICTION,src/tracking/advanced_tracker.py:id_merge,
R,PREDICTION,PREDICTION,1
L,8,1989,PREDICTION,src/tracking/advanced_tracker.py:id_merge,
R,PREDICTION,PREDICTION,1
A,1989
S,0,1995,PREDICTION,src/tracking/advanced_tracker.py:kalman_homography,
S,1,1995,PREDICTION,src/tracking/advanced_tracker.py:kalman_homography,
S,6,1995,PREDICTION,src/tracking/advanced_tracker.py:kalman_homography,
S,8,1995,PREDICTION,src/tracking/advanced_tracker.py:kalman_homography,
S,9,1995,PREDICTION,src/tracking/advanced_tracker.py:kalman_homography,
S,3,1995,PREDICTION,src/tracking/advanced_tracker.py:flow_gapfill_batched,
S,5,1995,PREDICTION,src/tracking/advanced_tracker.py:flow_gapfill_batched,
S,7,1995,PREDICTION,src/tracking/advanced_tracker.py:flow_gapfill_batched,
D,3,1995
S,1,1995,PREDICTION,src/tracking/advanced_tracker.py:id_merge,
D,5,1995
S,6,1995,PREDICTION,src/tracking/advanced_tracker.py:id_merge,
D,6,1995
S,7,1995,PREDICTION,src/tracking/advanced_tracker.py:id_merge,
D,7,1995
S,8,1995,PREDICTION,src/tracking/advanced_tracker.py:id_merge,
D,9,1995
S,8,1995,PREDICTION,src/tracking/advanced_tracker.py:id_merge,
L,0,1995,PREDICTION,src/tracking/advanced_tracker.py:kalman_homography,
R,CLAMP,CLAMP,0
L,1,1995,PREDICTION,src/tracking/advanced_tracker.py:id_merge,
R,PREDICTION,PREDICTION,1
L,8,1995,PREDICTION,src/tracking/advanced_tracker.py:id_merge,
R,PREDICTION,SUBPIXEL,0
A,1995
S,0,2001,DETECTION,src/tracking/advanced_tracker.py:_activate_slot,2001_86_585_230_663
S,5,2001,DETECTION,src/tracking/advanced_tracker.py:_activate_slot,2001_597_794_673_884
S,2,2001,DETECTION,src/tracking/advanced_tracker.py:_activate_slot,2001_183_867_366_957
S,1,2001,PREDICTION,src/tracking/advanced_tracker.py:kalman_homography,
S,6,2001,PREDICTION,src/tracking/advanced_tracker.py:kalman_homography,
S,8,2001,PREDICTION,src/tracking/advanced_tracker.py:kalman_homography,
S,9,2001,PREDICTION,src/tracking/advanced_tracker.py:kalman_homography,
S,7,2001,PREDICTION,src/tracking/advanced_tracker.py:flow_gapfill_batched,
D,6,2001
S,5,2001,PREDICTION,src/tracking/advanced_tracker.py:id_merge,
D,7,2001
S,5,2001,PREDICTION,src/tracking/advanced_tracker.py:id_merge,
D,8,2001
S,5,2001,PREDICTION,src/tracking/advanced_tracker.py:id_merge,
D,9,2001
S,5,2001,PREDICTION,src/tracking/advanced_tracker.py:id_merge,
L,0,2001,DETECTION,src/tracking/advanced_tracker.py:_activate_slot,2001_86_585_230_663
R,CLAMP,CLAMP,0
L,1,2001,PREDICTION,src/tracking/advanced_tracker.py:kalman_homography,
R,PREDICTION,PREDICTION,1
L,2,2001,DETECTION,src/tracking/advanced_tracker.py:_activate_slot,2001_183_867_366_957
R,CLAMP,CLAMP,0
L,5,2001,PREDICTION,src/tracking/advanced_tracker.py:id_merge,
R,PREDICTION,PREDICTION,1
A,2001
S,2,2007,DETECTION,src/tracking/advanced_tracker.py:_activate_slot,2007_189_866_367_960
S,5,2007,DETECTION,src/tracking/advanced_tracker.py:_activate_slot,2007_596_803_674_894
S,4,2007,DETECTION,src/tracking/advanced_tracker.py:_activate_slot,2007_289_397_482_529
S,0,2007,PREDICTION,src/tracking/advanced_tracker.py:kalman_homography,
S,1,2007,PREDICTION,src/tracking/advanced_tracker.py:kalman_homography,
S,6,2007,PREDICTION,src/tracking/advanced_tracker.py:kalman_homography,
S,8,2007,PREDICTION,src/tracking/advanced_tracker.py:kalman_homography,
S,9,2007,PREDICTION,src/tracking/advanced_tracker.py:kalman_homography,
D,6,2007
S,5,2007,PREDICTION,src/tracking/advanced_tracker.py:id_merge,
D,8,2007
S,5,2007,PREDICTION,src/tracking/advanced_tracker.py:id_merge,
D,9,2007
S,5,2007,PREDICTION,src/tracking/advanced_tracker.py:id_merge,
L,0,2007,PREDICTION,src/tracking/advanced_tracker.py:kalman_homography,
R,CLAMP,CLAMP,0
L,1,2007,PREDICTION,src/tracking/advanced_tracker.py:kalman_homography,
R,PREDICTION,PREDICTION,1
L,2,2007,DETECTION,src/tracking/advanced_tracker.py:_activate_slot,2007_189_866_367_960
R,CLAMP,CLAMP,0
L,4,2007,DETECTION,src/tracking/advanced_tracker.py:_activate_slot,2007_289_397_482_529
R,CLAMP,CLAMP,0
L,5,2007,PREDICTION,src/tracking/advanced_tracker.py:id_merge,
R,PREDICTION,PREDICTION,1
A,2007
S,2,2013,DETECTION,src/tracking/advanced_tracker.py:_activate_slot,2013_193_866_369_968
S,0,2013,DETECTION,src/tracking/advanced_tracker.py:_activate_slot,2013_94_614_230_692
S,3,2013,DETECTION,src/tracking/advanced_tracker.py:_activate_slot,2013_253_677_418_791
S,4,2013,PREDICTION,src/tracking/advanced_tracker.py:kalman_homography,
S,6,2013,PREDICTION,src/tracking/advanced_tracker.py:kalman_homography,
S,8,2013,PREDICTION,src/tracking/advanced_tracker.py:kalman_homography,
S,9,2013,PREDICTION,src/tracking/advanced_tracker.py:kalman_homography,
S,1,2013,PREDICTION,src/tracking/advanced_tracker.py:flow_gapfill_batched,
S,7,2013,PREDICTION,src/tracking/advanced_tracker.py:flow_gapfill_batched,
D,1,2013
S,2,2013,PREDICTION,src/tracking/advanced_tracker.py:id_merge,
D,2,2013
S,3,2013,PREDICTION,src/tracking/advanced_tracker.py:id_merge,
D,6,2013
S,7,2013,PREDICTION,src/tracking/advanced_tracker.py:id_merge,
D,7,2013
S,8,2013,PREDICTION,src/tracking/advanced_tracker.py:id_merge,
D,9,2013
S,8,2013,PREDICTION,src/tracking/advanced_tracker.py:id_merge,
L,0,2013,DETECTION,src/tracking/advanced_tracker.py:_activate_slot,2013_94_614_230_692
R,CLAMP,CLAMP,0
L,3,2013,PREDICTION,src/tracking/advanced_tracker.py:id_merge,
R,PREDICTION,PREDICTION,1
L,4,2013,PREDICTION,src/tracking/advanced_tracker.py:kalman_homography,
R,CLAMP,CLAMP,0
L,8,2013,PREDICTION,src/tracking/advanced_tracker.py:id_merge,
R,PREDICTION,SUBPIXEL,0
A,2013
S,2,2019,DETECTION,src/tracking/advanced_tracker.py:_activate_slot,2019_196_876_373_975
S,0,2019,DETECTION,src/tracking/advanced_tracker.py:_activate_slot,2019_98_627_239_709
S,4,2019,DETECTION,src/tracking/advanced_tracker.py:_activate_slot,2019_321_425_486_565
S,3,2019,PREDICTION,src/tracking/advanced_tracker.py:kalman_homography,
S,8,2019,PREDICTION,src/tracking/advanced_tracker.py:kalman_homography,
S,9,2019,PREDICTION,src/tracking/advanced_tracker.py:kalman_homography,
S,5,2019,PREDICTION,src/tracking/advanced_tracker.py:flow_gapfill_batched,
S,6,2019,PREDICTION,src/tracking/advanced_tracker.py:flow_gapfill_batched,
S,7,2019,PREDICTION,src/tracking/advanced_tracker.py:flow_gapfill_batched,
D,6,2019
S,5,2019,PREDICTION,src/tracking/advanced_tracker.py:id_merge,
D,7,2019
S,5,2019,PREDICTION,src/tracking/advanced_tracker.py:id_merge,
D,8,2019
S,5,2019,PREDICTION,src/tracking/advanced_tracker.py:id_merge,
D,9,2019
S,5,2019,PREDICTION,src/tracking/advanced_tracker.py:id_merge,
L,0,2019,DETECTION,src/tracking/advanced_tracker.py:_activate_slot,2019_98_627_239_709
R,CLAMP,CLAMP,0
L,2,2019,DETECTION,src/tracking/advanced_tracker.py:_activate_slot,2019_196_876_373_975
R,CLAMP,CLAMP,0
L,3,2019,PREDICTION,src/tracking/advanced_tracker.py:kalman_homography,
R,PREDICTION,PREDICTION,1
L,4,2019,DETECTION,src/tracking/advanced_tracker.py:_activate_slot,2019_321_425_486_565
R,CLAMP,CLAMP,0
L,5,2019,PREDICTION,src/tracking/advanced_tracker.py:id_merge,
R,PREDICTION,PREDICTION,1
A,2019
S,2,2025,DETECTION,src/tracking/advanced_tracker.py:_activate_slot,2025_200_886_375_982
S,4,2025,DETECTION,src/tracking/advanced_tracker.py:_activate_slot,2025_185_435_487_615
S,0,2025,PREDICTION,src/tracking/advanced_tracker.py:kalman_homography,
S,3,2025,PREDICTION,src/tracking/advanced_tracker.py:kalman_homography,
S,8,2025,PREDICTION,src/tracking/advanced_tracker.py:kalman_homography,
S,9,2025,PREDICTION,src/tracking/advanced_tracker.py:flow_gapfill_batched,
D,9,2025
S,8,2025,PREDICTION,src/tracking/advanced_tracker.py:id_merge,
L,0,2025,PREDICTION,src/tracking/advanced_tracker.py:kalman_homography,
R,CLAMP,CLAMP,0
L,2,2025,DETECTION,src/tracking/advanced_tracker.py:_activate_slot,2025_200_886_375_982
R,CLAMP,CLAMP,0
L,3,2025,PREDICTION,src/tracking/advanced_tracker.py:kalman_homography,
R,PREDICTION,PREDICTION,1
L,4,2025,DETECTION,src/tracking/advanced_tracker.py:_activate_slot,2025_185_435_487_615
R,CLAMP,CLAMP,0
L,8,2025,PREDICTION,src/tracking/advanced_tracker.py:id_merge,
R,PREDICTION,SUBPIXEL,0
A,2025
S,2,2031,DETECTION,src/tracking/advanced_tracker.py:_activate_slot,2031_197_891_375_981
S,0,2031,PREDICTION,src/tracking/advanced_tracker.py:kalman_homography,
S,3,2031,PREDICTION,src/tracking/advanced_tracker.py:kalman_homography,
S,4,2031,PREDICTION,src/tracking/advanced_tracker.py:kalman_homography,
S,8,2031,PREDICTION,src/tracking/advanced_tracker.py:flow_gapfill_batched,
D,3,2031
S,4,2031,PREDICTION,src/tracking/advanced_tracker.py:id_merge,
L,0,2031,PREDICTION,src/tracking/advanced_tracker.py:kalman_homography,
R,CLAMP,CLAMP,0
L,2,2031,DETECTION,src/tracking/advanced_tracker.py:_activate_slot,2031_197_891_375_981
R,CLAMP,CLAMP,0
L,4,2031,PREDICTION,src/tracking/advanced_tracker.py:id_merge,
R,CLAMP,CLAMP,0
L,8,2031,PREDICTION,src/tracking/advanced_tracker.py:flow_gapfill_batched,
R,PREDICTION,PREDICTION,1
A,2031
S,0,2037,DETECTION,src/tracking/advanced_tracker.py:_activate_slot,2037_99_666_262_746
S,2,2037,PREDICTION,src/tracking/advanced_tracker.py:kalman_homography,
S,3,2037,PREDICTION,src/tracking/advanced_tracker.py:kalman_homography,
S,4,2037,PREDICTION,src/tracking/advanced_tracker.py:kalman_homography,
D,4,2037
S,2,2037,PREDICTION,src/tracking/advanced_tracker.py:id_merge,
L,0,2037,DETECTION,src/tracking/advanced_tracker.py:_activate_slot,2037_99_666_262_746
R,CLAMP,CLAMP,0
L,2,2037,PREDICTION,src/tracking/advanced_tracker.py:id_merge,
R,CLAMP,CLAMP,0
L,3,2037,PREDICTION,src/tracking/advanced_tracker.py:kalman_homography,
R,PREDICTION,PREDICTION,1
A,2037
S,0,2043,DETECTION,src/tracking/advanced_tracker.py:_activate_slot,2043_100_670_263_754
S,2,2043,PREDICTION,src/tracking/advanced_tracker.py:kalman_homography,
S,3,2043,PREDICTION,src/tracking/advanced_tracker.py:kalman_homography,
S,4,2043,PREDICTION,src/tracking/advanced_tracker.py:kalman_homography,
D,4,2043
S,2,2043,PREDICTION,src/tracking/advanced_tracker.py:id_merge,
L,0,2043,DETECTION,src/tracking/advanced_tracker.py:_activate_slot,2043_100_670_263_754
R,CLAMP,CLAMP,0
L,2,2043,PREDICTION,src/tracking/advanced_tracker.py:id_merge,
R,CLAMP,CLAMP,0
L,3,2043,PREDICTION,src/tracking/advanced_tracker.py:kalman_homography,
R,PREDICTION,PREDICTION,1
A,2043
S,4,2049,DETECTION,src/tracking/advanced_tracker.py:_activate_slot,2049_191_561_350_647
S,0,2049,PREDICTION,src/tracking/advanced_tracker.py:kalman_homography,
S,2,2049,PREDICTION,src/tracking/advanced_tracker.py:kalman_homography,
S,3,2049,PREDICTION,src/tracking/advanced_tracker.py:kalman_homography,
L,0,2049,PREDICTION,src/tracking/advanced_tracker.py:kalman_homography,
R,CLAMP,CLAMP,0
L,2,2049,PREDICTION,src/tracking/advanced_tracker.py:kalman_homography,
R,CLAMP,CLAMP,0
L,3,2049,PREDICTION,src/tracking/advanced_tracker.py:kalman_homography,
R,PREDICTION,PREDICTION,1
L,4,2049,DETECTION,src/tracking/advanced_tracker.py:_activate_slot,2049_191_561_350_647
R,CLAMP,CLAMP,0
A,2049
S,1,2055,DETECTION,src/tracking/advanced_tracker.py:_activate_slot,2055_201_880_390_984
S,0,2055,PREDICTION,src/tracking/advanced_tracker.py:kalman_homography,
S,2,2055,PREDICTION,src/tracking/advanced_tracker.py:kalman_homography,
S,3,2055,PREDICTION,src/tracking/advanced_tracker.py:kalman_homography,
S,4,2055,PREDICTION,src/tracking/advanced_tracker.py:kalman_homography,
D,2,2055
S,1,2055,PREDICTION,src/tracking/advanced_tracker.py:id_merge,
L,0,2055,PREDICTION,src/tracking/advanced_tracker.py:kalman_homography,
R,CLAMP,CLAMP,0
L,1,2055,PREDICTION,src/tracking/advanced_tracker.py:id_merge,
R,PREDICTION,PREDICTION,1
L,3,2055,PREDICTION,src/tracking/advanced_tracker.py:kalman_homography,
R,PREDICTION,PREDICTION,1
L,4,2055,PREDICTION,src/tracking/advanced_tracker.py:kalman_homography,
R,CLAMP,CLAMP,0
A,2055
S,1,2061,DETECTION,src/tracking/advanced_tracker.py:_activate_slot,2061_201_885_395_984
S,4,2061,DETECTION,src/tracking/advanced_tracker.py:_activate_slot,2061_87_614_238_692
S,6,2061,DETECTION,src/tracking/advanced_tracker.py:_activate_slot,2061_368_319_573_411
S,7,2061,DETECTION,src/tracking/advanced_tracker.py:_activate_slot,2061_200_412_404_530
S,0,2061,PREDICTION,src/tracking/advanced_tracker.py:kalman_homography,
S,2,2061,PREDICTION,src/tracking/advanced_tracker.py:kalman_homography,
S,3,2061,PREDICTION,src/tracking/advanced_tracker.py:flow_gapfill_batched,
D,2,2061
S,1,2061,PREDICTION,src/tracking/advanced_tracker.py:id_merge,
D,3,2061
S,1,2061,PREDICTION,src/tracking/advanced_tracker.py:id_merge,
L,0,2061,PREDICTION,src/tracking/advanced_tracker.py:kalman_homography,
R,CLAMP,CLAMP,0
L,1,2061,PREDICTION,src/tracking/advanced_tracker.py:id_merge,
R,PREDICTION,PREDICTION,1
L,4,2061,DETECTION,src/tracking/advanced_tracker.py:_activate_slot,2061_87_614_238_692
R,CLAMP,CLAMP,0
L,6,2061,DETECTION,src/tracking/advanced_tracker.py:_activate_slot,2061_368_319_573_411
R,DETECTION,DETECTION,1
L,7,2061,DETECTION,src/tracking/advanced_tracker.py:_activate_slot,2061_200_412_404_530
R,CLAMP,CLAMP,0
A,2061
S,1,2067,DETECTION,src/tracking/advanced_tracker.py:_activate_slot,2067_201_891_400_973
S,4,2067,DETECTION,src/tracking/advanced_tracker.py:_activate_slot,2067_90_624_238_699
S,9,2067,DETECTION,src/tracking/advanced_tracker.py:_activate_slot,2067_419_635_546_731
S,0,2067,PREDICTION,src/tracking/advanced_tracker.py:kalman_homography,
S,2,2067,PREDICTION,src/tracking/advanced_tracker.py:kalman_homography,
S,6,2067,PREDICTION,src/tracking/advanced_tracker.py:kalman_homography,
S,7,2067,PREDICTION,src/tracking/advanced_tracker.py:kalman_homography,
D,2,2067
S,1,2067,PREDICTION,src/tracking/advanced_tracker.py:id_merge,
L,0,2067,PREDICTION,src/tracking/advanced_tracker.py:kalman_homography,
R,CLAMP,CLAMP,0
L,1,2067,PREDICTION,src/tracking/advanced_tracker.py:id_merge,
R,PREDICTION,PREDICTION,1
L,4,2067,DETECTION,src/tracking/advanced_tracker.py:_activate_slot,2067_90_624_238_699
R,CLAMP,CLAMP,0
L,6,2067,PREDICTION,src/tracking/advanced_tracker.py:kalman_homography,
R,PREDICTION,PREDICTION,1
L,7,2067,PREDICTION,src/tracking/advanced_tracker.py:kalman_homography,
R,PREDICTION,PREDICTION,1
L,9,2067,DETECTION,src/tracking/advanced_tracker.py:_activate_slot,2067_419_635_546_731
R,CLAMP,CLAMP,0
A,2067
S,1,2073,DETECTION,src/tracking/advanced_tracker.py:_activate_slot,2073_202_890_403_968
S,4,2073,DETECTION,src/tracking/advanced_tracker.py:_activate_slot,2073_91_629_242_707
S,8,2073,DETECTION,src/tracking/advanced_tracker.py:_activate_slot,2073_424_641_547_737
S,0,2073,PREDICTION,src/tracking/advanced_tracker.py:kalman_homography,
S,2,2073,PREDICTION,src/tracking/advanced_tracker.py:kalman_homography,
S,6,2073,PREDICTION,src/tracking/advanced_tracker.py:kalman_homography,
S,7,2073,PREDICTION,src/tracking/advanced_tracker.py:kalman_homography,
S,9,2073,PREDICTION,src/tracking/advanced_tracker.py:kalman_homography,
D,2,2073
S,1,2073,PREDICTION,src/tracking/advanced_tracker.py:id_merge,
D,9,2073
S,8,2073,PREDICTION,src/tracking/advanced_tracker.py:id_merge,
L,0,2073,PREDICTION,src/tracking/advanced_tracker.py:kalman_homography,
R,CLAMP,CLAMP,0
L,1,2073,PREDICTION,src/tracking/advanced_tracker.py:id_merge,
R,PREDICTION,PREDICTION,1
L,4,2073,DETECTION,src/tracking/advanced_tracker.py:_activate_slot,2073_91_629_242_707
R,CLAMP,CLAMP,0
L,6,2073,PREDICTION,src/tracking/advanced_tracker.py:kalman_homography,
R,PREDICTION,SUBPIXEL,0
L,7,2073,PREDICTION,src/tracking/advanced_tracker.py:kalman_homography,
R,PREDICTION,SUBPIXEL,0
L,8,2073,PREDICTION,src/tracking/advanced_tracker.py:id_merge,
R,PREDICTION,PREDICTION,1
A,2073
S,1,2079,DETECTION,src/tracking/advanced_tracker.py:_activate_slot,2079_186_878_406_966
S,4,2079,DETECTION,src/tracking/advanced_tracker.py:_activate_slot,2079_93_634_242_712
S,0,2079,PREDICTION,src/tracking/advanced_tracker.py:kalman_homography,
S,6,2079,PREDICTION,src/tracking/advanced_tracker.py:kalman_homography,
S,7,2079,PREDICTION,src/tracking/advanced_tracker.py:kalman_homography,
S,8,2079,PREDICTION,src/tracking/advanced_tracker.py:kalman_homography,
S,9,2079,PREDICTION,src/tracking/advanced_tracker.py:kalman_homography,
S,2,2079,PREDICTION,src/tracking/advanced_tracker.py:flow_gapfill_batched,
D,2,2079
S,1,2079,PREDICTION,src/tracking/advanced_tracker.py:id_merge,
D,9,2079
S,8,2079,PREDICTION,src/tracking/advanced_tracker.py:id_merge,
L,0,2079,PREDICTION,src/tracking/advanced_tracker.py:kalman_homography,
R,CLAMP,CLAMP,0
L,1,2079,PREDICTION,src/tracking/advanced_tracker.py:id_merge,
R,PREDICTION,PREDICTION,1
L,4,2079,DETECTION,src/tracking/advanced_tracker.py:_activate_slot,2079_93_634_242_712
R,CLAMP,CLAMP,0
L,6,2079,PREDICTION,src/tracking/advanced_tracker.py:kalman_homography,
R,PREDICTION,SUBPIXEL,0
L,7,2079,PREDICTION,src/tracking/advanced_tracker.py:kalman_homography,
R,PREDICTION,SUBPIXEL,0
L,8,2079,PREDICTION,src/tracking/advanced_tracker.py:id_merge,
R,PREDICTION,PREDICTION,1
A,2079
S,0,2085,DETECTION,src/tracking/advanced_tracker.py:_activate_slot,2085_97_757_253_830
S,4,2085,DETECTION,src/tracking/advanced_tracker.py:_activate_slot,2085_85_674_241_756
S,1,2085,PREDICTION,src/tracking/advanced_tracker.py:kalman_homography,
S,6,2085,PREDICTION,src/tracking/advanced_tracker.py:kalman_homography,
S,7,2085,PREDICTION,src/tracking/advanced_tracker.py:kalman_homography,
S,8,2085,PREDICTION,src/tracking/advanced_tracker.py:kalman_homography,
S,9,2085,PREDICTION,src/tracking/advanced_tracker.py:kalman_homography,
D,9,2085
S,8,2085,PREDICTION,src/tracking/advanced_tracker.py:id_merge,
L,0,2085,DETECTION,src/tracking/advanced_tracker.py:_activate_slot,2085_97_757_253_830
R,CLAMP,CLAMP,0
L,1,2085,PREDICTION,src/tracking/advanced_tracker.py:kalman_homography,
R,PREDICTION,PREDICTION,1
L,4,2085,DETECTION,src/tracking/advanced_tracker.py:_activate_slot,2085_85_674_241_756
R,CLAMP,CLAMP,0
L,6,2085,PREDICTION,src/tracking/advanced_tracker.py:kalman_homography,
R,PREDICTION,SUBPIXEL,0
L,7,2085,PREDICTION,src/tracking/advanced_tracker.py:kalman_homography,
R,PREDICTION,SUBPIXEL,0
L,8,2085,PREDICTION,src/tracking/advanced_tracker.py:id_merge,
R,PREDICTION,SUBPIXEL,0
A,2085
S,4,2091,DETECTION,src/tracking/advanced_tracker.py:_activate_slot,2091_86_678_245_764
S,0,2091,PREDICTION,src/tracking/advanced_tracker.py:kalman_homography,
S,1,2091,PREDICTION,src/tracking/advanced_tracker.py:kalman_homography,
S,6,2091,PREDICTION,src/tracking/advanced_tracker.py:kalman_homography,
S,7,2091,PREDICTION,src/tracking/advanced_tracker.py:kalman_homography,
S,8,2091,PREDICTION,src/tracking/advanced_tracker.py:kalman_homography,
S,9,2091,PREDICTION,src/tracking/advanced_tracker.py:kalman_homography,
D,9,2091
S,8,2091,PREDICTION,src/tracking/advanced_tracker.py:id_merge,
L,0,2091,PREDICTION,src/tracking/advanced_tracker.py:kalman_homography,
R,CLAMP,CLAMP,0
L,1,2091,PREDICTION,src/tracking/advanced_tracker.py:kalman_homography,
R,PREDICTION,PREDICTION,1
L,4,2091,DETECTION,src/tracking/advanced_tracker.py:_activate_slot,2091_86_678_245_764
R,CLAMP,CLAMP,0
L,6,2091,PREDICTION,src/tracking/advanced_tracker.py:kalman_homography,
R,PREDICTION,SUBPIXEL,0
L,7,2091,PREDICTION,src/tracking/advanced_tracker.py:kalman_homography,
R,PREDICTION,SUBPIXEL,0
L,8,2091,PREDICTION,src/tracking/advanced_tracker.py:id_merge,
R,PREDICTION,SUBPIXEL,0
A,2091
S,0,2097,DETECTION,src/tracking/advanced_tracker.py:_activate_slot,2097_103_801_255_879
S,4,2097,DETECTION,src/tracking/advanced_tracker.py:_activate_slot,2097_89_684_244_768
S,5,2097,DETECTION,src/tracking/advanced_tracker.py:_activate_slot,2097_435_662_547_763
S,1,2097,PREDICTION,src/tracking/advanced_tracker.py:kalman_homography,
S,6,2097,PREDICTION,src/tracking/advanced_tracker.py:kalman_homography,
S,7,2097,PREDICTION,src/tracking/advanced_tracker.py:kalman_homography,
S,8,2097,PREDICTION,src/tracking/advanced_tracker.py:kalman_homography,
S,9,2097,PREDICTION,src/tracking/advanced_tracker.py:kalman_homography,
D,8,2097
S,5,2097,PREDICTION,src/tracking/advanced_tracker.py:id_merge,
D,9,2097
S,5,2097,PREDICTION,src/tracking/advanced_tracker.py:id_merge,
L,0,2097,DETECTION,src/tracking/advanced_tracker.py:_activate_slot,2097_103_801_255_879
R,CLAMP,CLAMP,0
L,1,2097,PREDICTION,src/tracking/advanced_tracker.py:kalman_homography,
R,PREDICTION,PREDICTION,1
L,4,2097,DETECTION,src/tracking/advanced_tracker.py:_activate_slot,2097_89_684_244_768
R,CLAMP,CLAMP,0
L,5,2097,PREDICTION,src/tracking/advanced_tracker.py:id_merge,
R,PREDICTION,PREDICTION,1
L,6,2097,PREDICTION,src/tracking/advanced_tracker.py:kalman_homography,
R,PREDICTION,SUBPIXEL,0
L,7,2097,PREDICTION,src/tracking/advanced_tracker.py:kalman_homography,
R,PREDICTION,SUBPIXEL,0
A,2097
S,2,2103,DETECTION,src/tracking/advanced_tracker.py:_activate_slot,2103_435_666_547_768
S,3,2103,DETECTION,src/tracking/advanced_tracker.py:_activate_slot,2103_212_886_418_969
S,0,2103,PREDICTION,src/tracking/advanced_tracker.py:kalman_homography,
S,1,2103,PREDICTION,src/tracking/advanced_tracker.py:kalman_homography,
S,4,2103,PREDICTION,src/tracking/advanced_tracker.py:kalman_homography,
S,5,2103,PREDICTION,src/tracking/advanced_tracker.py:kalman_homography,
S,6,2103,PREDICTION,src/tracking/advanced_tracker.py:kalman_homography,
S,7,2103,PREDICTION,src/tracking/advanced_tracker.py:kalman_homography,
S,8,2103,PREDICTION,src/tracking/advanced_tracker.py:kalman_homography,
S,9,2103,PREDICTION,src/tracking/advanced_tracker.py:kalman_homography,
D,1,2103
S,3,2103,PREDICTION,src/tracking/advanced_tracker.py:id_merge,
D,8,2103
S,5,2103,PREDICTION,src/tracking/advanced_tracker.py:id_merge,
D,9,2103
S,5,2103,PREDICTION,src/tracking/advanced_tracker.py:id_merge,
L,0,2103,PREDICTION,src/tracking/advanced_tracker.py:kalman_homography,
R,CLAMP,CLAMP,0
L,2,2103,DETECTION,src/tracking/advanced_tracker.py:_activate_slot,2103_435_666_547_768
R,CLAMP,CLAMP,0
L,3,2103,PREDICTION,src/tracking/advanced_tracker.py:id_merge,
R,PREDICTION,PREDICTION,1
L,4,2103,PREDICTION,src/tracking/advanced_tracker.py:kalman_homography,
R,CLAMP,CLAMP,0
L,5,2103,PREDICTION,src/tracking/advanced_tracker.py:id_merge,
R,PREDICTION,PREDICTION,1
L,6,2103,PREDICTION,src/tracking/advanced_tracker.py:kalman_homography,
R,PREDICTION,SUBPIXEL,0
L,7,2103,PREDICTION,src/tracking/advanced_tracker.py:kalman_homography,
R,PREDICTION,SUBPIXEL,0
A,2103
S,2,2109,DETECTION,src/tracking/advanced_tracker.py:_activate_slot,2109_273_575_518_673
S,3,2109,DETECTION,src/tracking/advanced_tracker.py:_activate_slot,2109_216_887_417_973
S,5,2109,DETECTION,src/tracking/advanced_tracker.py:_activate_slot,2109_439_672_547_775
S,0,2109,PREDICTION,src/tracking/advanced_tracker.py:kalman_homography,
S,1,2109,PREDICTION,src/tracking/advanced_tracker.py:kalman_homography,
S,4,2109,PREDICTION,src/tracking/advanced_tracker.py:kalman_homography,
S,8,2109,PREDICTION,src/tracking/advanced_tracker.py:kalman_homography,
S,9,2109,PREDICTION,src/tracking/advanced_tracker.py:kalman_homography,
S,7,2109,PREDICTION,src/tracking/advanced_tracker.py:flow_gapfill_batched,
D,1,2109
S,3,2109,PREDICTION,src/tracking/advanced_tracker.py:id_merge,
D,8,2109
S,5,2109,PREDICTION,src/tracking/advanced_tracker.py:id_merge,
D,9,2109
S,5,2109,PREDICTION,src/tracking/advanced_tracker.py:id_merge,
L,0,2109,PREDICTION,src/tracking/advanced_tracker.py:kalman_homography,
R,CLAMP,CLAMP,0
L,2,2109,DETECTION,src/tracking/advanced_tracker.py:_activate_slot,2109_273_575_518_673
R,CLAMP,CLAMP,0
L,3,2109,PREDICTION,src/tracking/advanced_tracker.py:id_merge,
R,PREDICTION,PREDICTION,1
L,4,2109,PREDICTION,src/tracking/advanced_tracker.py:kalman_homography,
R,CLAMP,CLAMP,0
L,5,2109,PREDICTION,src/tracking/advanced_tracker.py:id_merge,
R,PREDICTION,PREDICTION,1
L,7,2109,PREDICTION,src/tracking/advanced_tracker.py:flow_gapfill_batched,
R,PREDICTION,PREDICTION,1
A,2109
S,3,2115,DETECTION,src/tracking/advanced_tracker.py:_activate_slot,2115_220_882_427_980
S,5,2115,DETECTION,src/tracking/advanced_tracker.py:_activate_slot,2115_439_675_546_778
S,0,2115,PREDICTION,src/tracking/advanced_tracker.py:kalman_homography,
S,1,2115,PREDICTION,src/tracking/advanced_tracker.py:kalman_homography,
S,2,2115,PREDICTION,src/tracking/advanced_tracker.py:kalman_homography,
S,4,2115,PREDICTION,src/tracking/advanced_tracker.py:kalman_homography,
S,8,2115,PREDICTION,src/tracking/advanced_tracker.py:kalman_homography,
S,9,2115,PREDICTION,src/tracking/advanced_tracker.py:flow_gapfill_batched,
D,1,2115
S,3,2115,PREDICTION,src/tracking/advanced_tracker.py:id_merge,
D,8,2115
S,5,2115,PREDICTION,src/tracking/advanced_tracker.py:id_merge,
D,9,2115
S,5,2115,PREDICTION,src/tracking/advanced_tracker.py:id_merge,
L,0,2115,PREDICTION,src/tracking/advanced_tracker.py:kalman_homography,
R,CLAMP,CLAMP,0
L,2,2115,PREDICTION,src/tracking/advanced_tracker.py:kalman_homography,
R,CLAMP,CLAMP,0
L,3,2115,PREDICTION,src/tracking/advanced_tracker.py:id_merge,
R,PREDICTION,PREDICTION,1
L,4,2115,PREDICTION,src/tracking/advanced_tracker.py:kalman_homography,
R,CLAMP,CLAMP,0
L,5,2115,PREDICTION,src/tracking/advanced_tracker.py:id_merge,
R,PREDICTION,PREDICTION,1
A,2115
S,3,2121,DETECTION,src/tracking/advanced_tracker.py:_activate_slot,2121_224_882_434_990
S,4,2121,DETECTION,src/tracking/advanced_tracker.py:_activate_slot,2121_88_754_257_830
S,5,2121,DETECTION,src/tracking/advanced_tracker.py:_activate_slot,2121_280_605_519_705
S,8,2121,DETECTION,src/tracking/advanced_tracker.py:_activate_slot,2121_439_678_547_776
S,0,2121,PREDICTION,src/tracking/advanced_tracker.py:kalman_homography,
S,1,2121,PREDICTION,src/tracking/advanced_tracker.py:kalman_homography,
S,2,2121,PREDICTION,src/tracking/advanced_tracker.py:kalman_homography,
D,1,2121
S,3,2121,PREDICTION,src/tracking/advanced_tracker.py:id_merge,
D,5,2121
S,8,2121,PREDICTION,src/tracking/advanced_tracker.py:id_merge,
L,0,2121,PREDICTION,src/tracking/advanced_tracker.py:kalman_homography,
R,CLAMP,CLAMP,0
L,2,2121,PREDICTION,src/tracking/advanced_tracker.py:kalman_homography,
R,CLAMP,CLAMP,0
L,3,2121,PREDICTION,src/tracking/advanced_tracker.py:id_merge,
R,PREDICTION,PREDICTION,1
L,4,2121,DETECTION,src/tracking/advanced_tracker.py:_activate_slot,2121_88_754_257_830
R,CLAMP,CLAMP,0
L,8,2121,PREDICTION,src/tracking/advanced_tracker.py:id_merge,
R,PREDICTION,PREDICTION,1
A,2121
S,3,2127,DETECTION,src/tracking/advanced_tracker.py:_activate_slot,2127_226_885_437_989
S,8,2127,DETECTION,src/tracking/advanced_tracker.py:_activate_slot,2127_281_616_524_718
S,0,2127,PREDICTION,src/tracking/advanced_tracker.py:kalman_homography,
S,2,2127,PREDICTION,src/tracking/advanced_tracker.py:kalman_homography,
S,4,2127,PREDICTION,src/tracking/advanced_tracker.py:kalman_homography,
S,5,2127,PREDICTION,src/tracking/advanced_tracker.py:kalman_homography,
S,1,2127,PREDICTION,src/tracking/advanced_tracker.py:flow_gapfill_batched,
D,1,2127
S,2,2127,PREDICTION,src/tracking/advanced_tracker.py:id_merge,
D,2,2127
S,3,2127,PREDICTION,src/tracking/advanced_tracker.py:id_merge,
D,5,2127
S,8,2127,PREDICTION,src/tracking/advanced_tracker.py:id_merge,
L,0,2127,PREDICTION,src/tracking/advanced_tracker.py:kalman_homography,
R,CLAMP,CLAMP,0
L,3,2127,PREDICTION,src/tracking/advanced_tracker.py:id_merge,
R,PREDICTION,PREDICTION,1
L,4,2127,PREDICTION,src/tracking/advanced_tracker.py:kalman_homography,
R,CLAMP,CLAMP,0
L,8,2127,PREDICTION,src/tracking/advanced_tracker.py:id_merge,
R,PREDICTION,PREDICTION,1
A,2127
S,3,2133,DETECTION,src/tracking/advanced_tracker.py:_activate_slot,2133_226_898_441_987
S,0,2133,PREDICTION,src/tracking/advanced_tracker.py:kalman_homography,
S,2,2133,PREDICTION,src/tracking/advanced_tracker.py:kalman_homography,
S,4,2133,PREDICTION,src/tracking/advanced_tracker.py:kalman_homography,
S,5,2133,PREDICTION,src/tracking/advanced_tracker.py:kalman_homography,
S,8,2133,PREDICTION,src/tracking/advanced_tracker.py:kalman_homography,
D,0,2133
S,4,2133,PREDICTION,src/tracking/advanced_tracker.py:id_merge,
D,2,2133
S,3,2133,PREDICTION,src/tracking/advanced_tracker.py:id_merge,
D,5,2133
S,8,2133,PREDICTION,src/tracking/advanced_tracker.py:id_merge,
L,3,2133,PREDICTION,src/tracking/advanced_tracker.py:id_merge,
R,PREDICTION,PREDICTION,1
L,4,2133,PREDICTION,src/tracking/advanced_tracker.py:id_merge,
R,CLAMP,CLAMP,0
L,8,2133,PREDICTION,src/tracking/advanced_tracker.py:id_merge,
R,PREDICTION,PREDICTION,1
A,2133
S,3,2139,DETECTION,src/tracking/advanced_tracker.py:_activate_slot,2139_227_903_443_986
S,2,2139,DETECTION,src/tracking/advanced_tracker.py:_activate_slot,2139_155_235_417_380
S,0,2139,PREDICTION,src/tracking/advanced_tracker.py:kalman_homography,
S,4,2139,PREDICTION,src/tracking/advanced_tracker.py:kalman_homography,
S,5,2139,PREDICTION,src/tracking/advanced_tracker.py:kalman_homography,
S,8,2139,PREDICTION,src/tracking/advanced_tracker.py:kalman_homography,
D,0,2139
S,4,2139,PREDICTION,src/tracking/advanced_tracker.py:id_merge,
D,2,2139
S,3,2139,PREDICTION,src/tracking/advanced_tracker.py:id_merge,
L,3,2139,PREDICTION,src/tracking/advanced_tracker.py:id_merge,
R,PREDICTION,PREDICTION,1
L,4,2139,PREDICTION,src/tracking/advanced_tracker.py:id_merge,
R,CLAMP,CLAMP,0
L,5,2139,PREDICTION,src/tracking/advanced_tracker.py:kalman_homography,
R,PREDICTION,PREDICTION,1
L,8,2139,PREDICTION,src/tracking/advanced_tracker.py:kalman_homography,
R,PREDICTION,PREDICTION,1
A,2139
S,3,2145,DETECTION,src/tracking/advanced_tracker.py:_activate_slot,2145_228_903_444_987
S,4,2145,DETECTION,src/tracking/advanced_tracker.py:_activate_slot,2145_87_782_278_875
S,2,2145,PREDICTION,src/tracking/advanced_tracker.py:kalman_homography,
S,5,2145,PREDICTION,src/tracking/advanced_tracker.py:kalman_homography,
S,8,2145,PREDICTION,src/tracking/advanced_tracker.py:kalman_homography,
S,0,2145,PREDICTION,src/tracking/advanced_tracker.py:flow_gapfill_batched,
D,0,2145
S,4,2145,PREDICTION,src/tracking/advanced_tracker.py:id_merge,
L,2,2145,PREDICTION,src/tracking/advanced_tracker.py:kalman_homography,
R,CLAMP,CLAMP,0
L,3,2145,DETECTION,src/tracking/advanced_tracker.py:_activate_slot,2145_228_903_444_987
R,DETECTION,DETECTION,1
L,4,2145,PREDICTION,src/tracking/advanced_tracker.py:id_merge,
R,CLAMP,CLAMP,0
L,5,2145,PREDICTION,src/tracking/advanced_tracker.py:kalman_homography,
R,PREDICTION,PREDICTION,1
L,8,2145,PREDICTION,src/tracking/advanced_tracker.py:kalman_homography,
R,PREDICTION,PREDICTION,1
A,2145
S,3,2151,DETECTION,src/tracking/advanced_tracker.py:_activate_slot,2151_227_888_448_990
S,4,2151,DETECTION,src/tracking/advanced_tracker.py:_activate_slot,2151_77_791_278_885
S,5,2151,PREDICTION,src/tracking/advanced_tracker.py:kalman_homography,
S,8,2151,PREDICTION,src/tracking/advanced_tracker.py:kalman_homography,
L,3,2151,DETECTION,src/tracking/advanced_tracker.py:_activate_slot,2151_227_888_448_990
R,DETECTION,DETECTION,1
L,4,2151,DETECTION,src/tracking/advanced_tracker.py:_activate_slot,2151_77_791_278_885
R,CLAMP,CLAMP,0
L,5,2151,PREDICTION,src/tracking/advanced_tracker.py:kalman_homography,
R,CLAMP,CLAMP,0
L,8,2151,PREDICTION,src/tracking/advanced_tracker.py:kalman_homography,
R,PREDICTION,PREDICTION,1
A,2151
S,3,2157,DETECTION,src/tracking/advanced_tracker.py:_activate_slot,2157_231_887_448_995
S,4,2157,DETECTION,src/tracking/advanced_tracker.py:_activate_slot,2157_79_799_277_895
S,6,2157,DETECTION,src/tracking/advanced_tracker.py:_activate_slot,2157_211_596_437_700
S,7,2157,DETECTION,src/tracking/advanced_tracker.py:_activate_slot,2157_591_581_674_673
S,2,2157,PREDICTION,src/tracking/advanced_tracker.py:kalman_homography,
S,5,2157,PREDICTION,src/tracking/advanced_tracker.py:kalman_homography,
S,8,2157,PREDICTION,src/tracking/advanced_tracker.py:kalman_homography,
L,2,2157,PREDICTION,src/tracking/advanced_tracker.py:kalman_homography,
R,CLAMP,CLAMP,0
L,3,2157,DETECTION,src/tracking/advanced_tracker.py:_activate_slot,2157_231_887_448_995
R,DETECTION,SUBPIXEL,0
L,4,2157,DETECTION,src/tracking/advanced_tracker.py:_activate_slot,2157_79_799_277_895
R,CLAMP,CLAMP,0
L,5,2157,PREDICTION,src/tracking/advanced_tracker.py:kalman_homography,
R,CLAMP,CLAMP,0
L,6,2157,DETECTION,src/tracking/advanced_tracker.py:_activate_slot,2157_211_596_437_700
R,CLAMP,CLAMP,0
L,7,2157,DETECTION,src/tracking/advanced_tracker.py:_activate_slot,2157_591_581_674_673
R,CLAMP,CLAMP,0
L,8,2157,PREDICTION,src/tracking/advanced_tracker.py:kalman_homography,
R,PREDICTION,PREDICTION,1
A,2157
S,3,2163,DETECTION,src/tracking/advanced_tracker.py:_activate_slot,2163_231_891_456_1003
S,4,2163,DETECTION,src/tracking/advanced_tracker.py:_activate_slot,2163_201_497_440_611
S,6,2163,DETECTION,src/tracking/advanced_tracker.py:_activate_slot,2163_209_586_441_714
S,7,2163,DETECTION,src/tracking/advanced_tracker.py:_activate_slot,2163_602_587_674_677
S,2,2163,PREDICTION,src/tracking/advanced_tracker.py:kalman_homography,
S,8,2163,PREDICTION,src/tracking/advanced_tracker.py:kalman_homography,
S,5,2163,PREDICTION,src/tracking/advanced_tracker.py:flow_gapfill_batched,
D,3,2163
S,4,2163,PREDICTION,src/tracking/advanced_tracker.py:id_merge,
L,2,2163,PREDICTION,src/tracking/advanced_tracker.py:kalman_homography,
R,CLAMP,CLAMP,0
L,4,2163,PREDICTION,src/tracking/advanced_tracker.py:id_merge,
R,CLAMP,CLAMP,0
L,5,2163,PREDICTION,src/tracking/advanced_tracker.py:flow_gapfill_batched,
R,CLAMP,CLAMP,0
L,6,2163,DETECTION,src/tracking/advanced_tracker.py:_activate_slot,2163_209_586_441_714
R,CLAMP,CLAMP,0
L,7,2163,DETECTION,src/tracking/advanced_tracker.py:_activate_slot,2163_602_587_674_677
R,CLAMP,CLAMP,0
L,8,2163,PREDICTION,src/tracking/advanced_tracker.py:kalman_homography,
R,CLAMP,CLAMP,1
A,2163
S,1,2169,DETECTION,src/tracking/advanced_tracker.py:_activate_slot,2169_210_585_443_721
S,3,2169,PREDICTION,src/tracking/advanced_tracker.py:kalman_homography,
S,4,2169,PREDICTION,src/tracking/advanced_tracker.py:kalman_homography,
S,6,2169,PREDICTION,src/tracking/advanced_tracker.py:kalman_homography,
S,8,2169,PREDICTION,src/tracking/advanced_tracker.py:kalman_homography,
S,2,2169,PREDICTION,src/tracking/advanced_tracker.py:flow_gapfill_batched,
S,5,2169,PREDICTION,src/tracking/advanced_tracker.py:flow_gapfill_batched,
D,2,2169
S,1,2169,PREDICTION,src/tracking/advanced_tracker.py:id_merge,
D,3,2169
S,1,2169,PREDICTION,src/tracking/advanced_tracker.py:id_merge,
D,4,2169
S,1,2169,PREDICTION,src/tracking/advanced_tracker.py:id_merge,
L,1,2169,PREDICTION,src/tracking/advanced_tracker.py:id_merge,
R,PREDICTION,PREDICTION,1
L,5,2169,PREDICTION,src/tracking/advanced_tracker.py:flow_gapfill_batched,
R,CLAMP,CLAMP,0
L,6,2169,PREDICTION,src/tracking/advanced_tracker.py:kalman_homography,
R,CLAMP,CLAMP,0
L,8,2169,PREDICTION,src/tracking/advanced_tracker.py:kalman_homography,
R,CLAMP,CLAMP,0
A,2169
S,1,2175,DETECTION,src/tracking/advanced_tracker.py:_activate_slot,2175_210_590_442_718
S,7,2175,DETECTION,src/tracking/advanced_tracker.py:_activate_slot,2175_594_597_674_686
S,9,2175,DETECTION,src/tracking/advanced_tracker.py:_activate_slot,2175_586_478_674_567
S,3,2175,PREDICTION,src/tracking/advanced_tracker.py:kalman_homography,
S,4,2175,PREDICTION,src/tracking/advanced_tracker.py:kalman_homography,
S,6,2175,PREDICTION,src/tracking/advanced_tracker.py:kalman_homography,
S,2,2175,PREDICTION,src/tracking/advanced_tracker.py:flow_gapfill_batched,
S,8,2175,PREDICTION,src/tracking/advanced_tracker.py:flow_gapfill_batched,
D,2,2175
S,1,2175,PREDICTION,src/tracking/advanced_tracker.py:id_merge,
D,3,2175
S,1,2175,PREDICTION,src/tracking/advanced_tracker.py:id_merge,
D,7,2175
S,9,2175,PREDICTION,src/tracking/advanced_tracker.py:id_merge,
L,1,2175,PREDICTION,src/tracking/advanced_tracker.py:id_merge,
R,PREDICTION,PREDICTION,1
L,4,2175,PREDICTION,src/tracking/advanced_tracker.py:kalman_homography,
R,CLAMP,CLAMP,0
L,6,2175,PREDICTION,src/tracking/advanced_tracker.py:kalman_homography,
R,CLAMP,CLAMP,0
L,8,2175,PREDICTION,src/tracking/advanced_tracker.py:flow_gapfill_batched,
R,CLAMP,CLAMP,0
L,9,2175,PREDICTION,src/tracking/advanced_tracker.py:id_merge,
R,CLAMP,CLAMP,0
A,2175
S,1,2181,DETECTION,src/tracking/advanced_tracker.py:_activate_slot,2181_210_590_439_714
S,6,2181,DETECTION,src/tracking/advanced_tracker.py:_activate_slot,2181_227_916_458_1000
S,3,2181,PREDICTION,src/tracking/advanced_tracker.py:kalman_homography,
S,4,2181,PREDICTION,src/tracking/advanced_tracker.py:kalman_homography,
S,2,2181,PREDICTION,src/tracking/advanced_tracker.py:flow_gapfill_batched,
S,9,2181,PREDICTION,src/tracking/advanced_tracker.py:flow_gapfill_batched,
D,3,2181
S,1,2181,PREDICTION,src/tracking/advanced_tracker.py:id_merge,
L,1,2181,PREDICTION,src/tracking/advanced_tracker.py:id_merge,
R,PREDICTION,PREDICTION,1
L,2,2181,PREDICTION,src/tracking/advanced_tracker.py:flow_gapfill_batched,
R,CLAMP,CLAMP,0
L,4,2181,PREDICTION,src/tracking/advanced_tracker.py:kalman_homography,
R,CLAMP,CLAMP,0
L,6,2181,DETECTION,src/tracking/advanced_tracker.py:_activate_slot,2181_227_916_458_1000
R,CLAMP,CLAMP,0
L,9,2181,PREDICTION,src/tracking/advanced_tracker.py:flow_gapfill_batched,
R,CLAMP,CLAMP,0
A,2181
S,1,2187,DETECTION,src/tracking/advanced_tracker.py:_activate_slot,2187_208_605_441_713
S,0,2187,DETECTION,src/tracking/advanced_tracker.py:_activate_slot,2187_227_914_462_1003
S,3,2187,PREDICTION,src/tracking/advanced_tracker.py:kalman_homography,
S,4,2187,PREDICTION,src/tracking/advanced_tracker.py:kalman_homography,
S,6,2187,PREDICTION,src/tracking/advanced_tracker.py:kalman_homography,
S,2,2187,PREDICTION,src/tracking/advanced_tracker.py:flow_gapfill_batched,
D,0,2187
S,1,2187,PREDICTION,src/tracking/advanced_tracker.py:id_merge,
D,3,2187
S,1,2187,PREDICTION,src/tracking/advanced_tracker.py:id_merge,
L,1,2187,PREDICTION,src/tracking/advanced_tracker.py:id_merge,
R,PREDICTION,PREDICTION,1
L,2,2187,PREDICTION,src/tracking/advanced_tracker.py:flow_gapfill_batched,
R,CLAMP,CLAMP,0
L,4,2187,PREDICTION,src/tracking/advanced_tracker.py:kalman_homography,
R,PREDICTION,PREDICTION,1
L,6,2187,PREDICTION,src/tracking/advanced_tracker.py:kalman_homography,
R,CLAMP,CLAMP,0
A,2187
S,3,2193,DETECTION,src/tracking/advanced_tracker.py:_activate_slot,2193_231_906_465_1008
S,0,2193,PREDICTION,src/tracking/advanced_tracker.py:kalman_homography,
S,1,2193,PREDICTION,src/tracking/advanced_tracker.py:kalman_homography,
S,4,2193,PREDICTION,src/tracking/advanced_tracker.py:kalman_homography,
S,6,2193,PREDICTION,src/tracking/advanced_tracker.py:kalman_homography,
D,0,2193
S,1,2193,PREDICTION,src/tracking/advanced_tracker.py:id_merge,
D,1,2193
S,3,2193,PREDICTION,src/tracking/advanced_tracker.py:id_merge,
L,3,2193,PREDICTION,src/tracking/advanced_tracker.py:id_merge,
R,PREDICTION,PREDICTION,1
L,4,2193,PREDICTION,src/tracking/advanced_tracker.py:kalman_homography,
R,PREDICTION,PREDICTION,1
L,6,2193,PREDICTION,src/tracking/advanced_tracker.py:kalman_homography,
R,CLAMP,CLAMP,0
A,2193
S,3,2199,DETECTION,src/tracking/advanced_tracker.py:_activate_slot,2199_233_898_468_1010
S,10,2199,DETECTION,src/tracking/advanced_tracker.py:_activate_slot,2199_182_31_311_119
S,0,2199,PREDICTION,src/tracking/advanced_tracker.py:kalman_homography,
S,1,2199,PREDICTION,src/tracking/advanced_tracker.py:kalman_homography,
S,6,2199,PREDICTION,src/tracking/advanced_tracker.py:kalman_homography,
S,4,2199,PREDICTION,src/tracking/advanced_tracker.py:flow_gapfill_batched,
D,0,2199
S,1,2199,PREDICTION,src/tracking/advanced_tracker.py:id_merge,
D,1,2199
S,3,2199,PREDICTION,src/tracking/advanced_tracker.py:id_merge,
D,4,2199
S,3,2199,PREDICTION,src/tracking/advanced_tracker.py:id_merge,
L,3,2199,PREDICTION,src/tracking/advanced_tracker.py:id_merge,
R,PREDICTION,PREDICTION,1
L,6,2199,PREDICTION,src/tracking/advanced_tracker.py:kalman_homography,
R,CLAMP,CLAMP,0
A,2199
S,3,2205,DETECTION,src/tracking/advanced_tracker.py:_activate_slot,2205_234_901_471_1012
S,10,2205,DETECTION,src/tracking/advanced_tracker.py:_activate_slot,2205_179_33_312_122
S,0,2205,PREDICTION,src/tracking/advanced_tracker.py:kalman_homography,
S,1,2205,PREDICTION,src/tracking/advanced_tracker.py:kalman_homography,
S,4,2205,PREDICTION,src/tracking/advanced_tracker.py:flow_gapfill_batched,
S,6,2205,PREDICTION,src/tracking/advanced_tracker.py:flow_gapfill_batched,
D,0,2205
S,1,2205,PREDICTION,src/tracking/advanced_tracker.py:id_merge,
D,1,2205
S,3,2205,PREDICTION,src/tracking/advanced_tracker.py:id_merge,
D,4,2205
S,3,2205,PREDICTION,src/tracking/advanced_tracker.py:id_merge,
L,3,2205,PREDICTION,src/tracking/advanced_tracker.py:id_merge,
R,PREDICTION,PREDICTION,1
L,6,2205,PREDICTION,src/tracking/advanced_tracker.py:flow_gapfill_batched,
R,CLAMP,CLAMP,0
A,2205
S,3,2211,DETECTION,src/tracking/advanced_tracker.py:_activate_slot,2211_234_907_472_1011
S,10,2211,DETECTION,src/tracking/advanced_tracker.py:_activate_slot,2211_182_35_311_124
S,0,2211,PREDICTION,src/tracking/advanced_tracker.py:kalman_homography,
S,1,2211,PREDICTION,src/tracking/advanced_tracker.py:kalman_homography,
S,4,2211,PREDICTION,src/tracking/advanced_tracker.py:flow_gapfill_batched,
S,6,2211,PREDICTION,src/tracking/advanced_tracker.py:flow_gapfill_batched,
D,0,2211
S,1,2211,PREDICTION,src/tracking/advanced_tracker.py:id_merge,
D,1,2211
S,3,2211,PREDICTION,src/tracking/advanced_tracker.py:id_merge,
D,4,2211
S,3,2211,PREDICTION,src/tracking/advanced_tracker.py:id_merge,
L,3,2211,PREDICTION,src/tracking/advanced_tracker.py:id_merge,
R,PREDICTION,PREDICTION,1
L,6,2211,PREDICTION,src/tracking/advanced_tracker.py:flow_gapfill_batched,
R,CLAMP,CLAMP,0
A,2211
S,3,2217,DETECTION,src/tracking/advanced_tracker.py:_activate_slot,2217_382_817_642_975
S,5,2217,DETECTION,src/tracking/advanced_tracker.py:_activate_slot,2217_407_640_548_784
S,10,2217,DETECTION,src/tracking/advanced_tracker.py:_activate_slot,2217_181_38_318_127
S,0,2217,PREDICTION,src/tracking/advanced_tracker.py:kalman_homography,
S,1,2217,PREDICTION,src/tracking/advanced_tracker.py:kalman_homography,
S,6,2217,PREDICTION,src/tracking/advanced_tracker.py:flow_gapfill_batched,
D,0,2217
S,1,2217,PREDICTION,src/tracking/advanced_tracker.py:id_merge,
L,1,2217,PREDICTION,src/tracking/advanced_tracker.py:id_merge,
R,PREDICTION,PREDICTION,1
L,3,2217,DETECTION,src/tracking/advanced_tracker.py:_activate_slot,2217_382_817_642_975
R,DETECTION,DETECTION,1
L,5,2217,DETECTION,src/tracking/advanced_tracker.py:_activate_slot,2217_407_640_548_784
R,CLAMP,CLAMP,0
L,6,2217,PREDICTION,src/tracking/advanced_tracker.py:flow_gapfill_batched,
R,CLAMP,CLAMP,0
A,2217
S,0,2223,PREDICTION,src/tracking/advanced_tracker.py:kalman_homography,
S,1,2223,PREDICTION,src/tracking/advanced_tracker.py:kalman_homography,
S,3,2223,PREDICTION,src/tracking/advanced_tracker.py:kalman_homography,
S,5,2223,PREDICTION,src/tracking/advanced_tracker.py:kalman_homography,
S,6,2223,PREDICTION,src/tracking/advanced_tracker.py:flow_gapfill_batched,
S,7,2223,PREDICTION,src/tracking/advanced_tracker.py:flow_gapfill_batched,
L,0,2223,PREDICTION,src/tracking/advanced_tracker.py:kalman_homography,
R,CLAMP,CLAMP,0
L,1,2223,PREDICTION,src/tracking/advanced_tracker.py:kalman_homography,
R,CLAMP,CLAMP,0
L,3,2223,PREDICTION,src/tracking/advanced_tracker.py:kalman_homography,
R,CLAMP,CLAMP,0
L,5,2223,PREDICTION,src/tracking/advanced_tracker.py:kalman_homography,
R,CLAMP,CLAMP,0
L,6,2223,PREDICTION,src/tracking/advanced_tracker.py:flow_gapfill_batched,
R,CLAMP,CLAMP,0
L,7,2223,PREDICTION,src/tracking/advanced_tracker.py:flow_gapfill_batched,
R,CLAMP,CLAMP,0
A,2223
S,8,2229,DETECTION,src/tracking/advanced_tracker.py:_activate_slot,2229_163_568_407_669
S,2,2229,DETECTION,src/tracking/advanced_tracker.py:_activate_slot,2229_243_790_513_900
S,0,2229,PREDICTION,src/tracking/advanced_tracker.py:kalman_homography,
S,1,2229,PREDICTION,src/tracking/advanced_tracker.py:kalman_homography,
S,5,2229,PREDICTION,src/tracking/advanced_tracker.py:kalman_homography,
S,3,2229,PREDICTION,src/tracking/advanced_tracker.py:flow_gapfill_batched,
S,6,2229,PREDICTION,src/tracking/advanced_tracker.py:flow_gapfill_batched,
L,0,2229,PREDICTION,src/tracking/advanced_tracker.py:kalman_homography,
R,CLAMP,CLAMP,0
L,1,2229,PREDICTION,src/tracking/advanced_tracker.py:kalman_homography,
R,CLAMP,CLAMP,0
L,2,2229,DETECTION,src/tracking/advanced_tracker.py:_activate_slot,2229_243_790_513_900
R,CLAMP,CLAMP,0
L,3,2229,PREDICTION,src/tracking/advanced_tracker.py:flow_gapfill_batched,
R,CLAMP,CLAMP,0
L,5,2229,PREDICTION,src/tracking/advanced_tracker.py:kalman_homography,
R,CLAMP,CLAMP,0
L,6,2229,PREDICTION,src/tracking/advanced_tracker.py:flow_gapfill_batched,
R,CLAMP,CLAMP,0
L,8,2229,DETECTION,src/tracking/advanced_tracker.py:_activate_slot,2229_163_568_407_669
R,CLAMP,CLAMP,0
A,2229
S,2,2235,DETECTION,src/tracking/advanced_tracker.py:_activate_slot,2235_240_788_509_904
S,5,2235,PREDICTION,src/tracking/advanced_tracker.py:kalman_homography,
S,8,2235,PREDICTION,src/tracking/advanced_tracker.py:kalman_homography,
S,0,2235,PREDICTION,src/tracking/advanced_tracker.py:flow_gapfill_batched,
S,3,2235,PREDICTION,src/tracking/advanced_tracker.py:flow_gapfill_batched,
L,0,2235,PREDICTION,src/tracking/advanced_tracker.py:flow_gapfill_batched,
R,CLAMP,CLAMP,0
L,2,2235,DETECTION,src/tracking/advanced_tracker.py:_activate_slot,2235_240_788_509_904
R,CLAMP,CLAMP,0
L,3,2235,PREDICTION,src/tracking/advanced_tracker.py:flow_gapfill_batched,
R,CLAMP,CLAMP,0
L,5,2235,PREDICTION,src/tracking/advanced_tracker.py:kalman_homography,
R,CLAMP,CLAMP,0
L,8,2235,PREDICTION,src/tracking/advanced_tracker.py:kalman_homography,
R,CLAMP,CLAMP,0
A,2235
S,2,2241,DETECTION,src/tracking/advanced_tracker.py:_activate_slot,2241_236_785_508_903
S,5,2241,PREDICTION,src/tracking/advanced_tracker.py:kalman_homography,
S,8,2241,PREDICTION,src/tracking/advanced_tracker.py:kalman_homography,
S,3,2241,PREDICTION,src/tracking/advanced_tracker.py:flow_gapfill_batched,
L,2,2241,DETECTION,src/tracking/advanced_tracker.py:_activate_slot,2241_236_785_508_903
R,CLAMP,CLAMP,0
L,3,2241,PREDICTION,src/tracking/advanced_tracker.py:flow_gapfill_batched,
R,CLAMP,CLAMP,0
L,5,2241,PREDICTION,src/tracking/advanced_tracker.py:kalman_homography,
R,CLAMP,CLAMP,0
L,8,2241,PREDICTION,src/tracking/advanced_tracker.py:kalman_homography,
R,CLAMP,CLAMP,0
A,2241
S,2,2247,DETECTION,src/tracking/advanced_tracker.py:_activate_slot,2247_233_780_506_899
S,5,2247,PREDICTION,src/tracking/advanced_tracker.py:kalman_homography,
S,8,2247,PREDICTION,src/tracking/advanced_tracker.py:kalman_homography,
S,3,2247,PREDICTION,src/tracking/advanced_tracker.py:flow_gapfill_batched,
L,2,2247,DETECTION,src/tracking/advanced_tracker.py:_activate_slot,2247_233_780_506_899
R,CLAMP,CLAMP,0
L,3,2247,PREDICTION,src/tracking/advanced_tracker.py:flow_gapfill_batched,
R,CLAMP,CLAMP,0
L,5,2247,PREDICTION,src/tracking/advanced_tracker.py:kalman_homography,
R,CLAMP,CLAMP,0
L,8,2247,PREDICTION,src/tracking/advanced_tracker.py:kalman_homography,
R,CLAMP,CLAMP,0
A,2247
S,2,2253,DETECTION,src/tracking/advanced_tracker.py:_activate_slot,2253_231_775_507_900
S,4,2253,DETECTION,src/tracking/advanced_tracker.py:_activate_slot,2253_377_926_641_1091
S,5,2253,PREDICTION,src/tracking/advanced_tracker.py:kalman_homography,
S,8,2253,PREDICTION,src/tracking/advanced_tracker.py:kalman_homography,
L,2,2253,DETECTION,src/tracking/advanced_tracker.py:_activate_slot,2253_231_775_507_900
R,CLAMP,CLAMP,0
L,4,2253,DETECTION,src/tracking/advanced_tracker.py:_activate_slot,2253_377_926_641_1091
R,CLAMP,CLAMP,0
L,5,2253,PREDICTION,src/tracking/advanced_tracker.py:kalman_homography,
R,CLAMP,CLAMP,0
L,8,2253,PREDICTION,src/tracking/advanced_tracker.py:kalman_homography,
R,CLAMP,CLAMP,0
A,2253
S,2,2259,DETECTION,src/tracking/advanced_tracker.py:_activate_slot,2259_228_773_504_900
S,4,2259,PREDICTION,src/tracking/advanced_tracker.py:kalman_homography,
S,5,2259,PREDICTION,src/tracking/advanced_tracker.py:kalman_homography,
S,8,2259,PREDICTION,src/tracking/advanced_tracker.py:kalman_homography,
L,2,2259,DETECTION,src/tracking/advanced_tracker.py:_activate_slot,2259_228_773_504_900
R,CLAMP,CLAMP,0
L,4,2259,PREDICTION,src/tracking/advanced_tracker.py:kalman_homography,
R,CLAMP,CLAMP,0
L,5,2259,PREDICTION,src/tracking/advanced_tracker.py:kalman_homography,
R,CLAMP,CLAMP,0
L,8,2259,PREDICTION,src/tracking/advanced_tracker.py:kalman_homography,
R,CLAMP,CLAMP,0
A,2259
S,2,2265,DETECTION,src/tracking/advanced_tracker.py:_activate_slot,2265_224_772_496_908
S,1,2265,DETECTION,src/tracking/advanced_tracker.py:_activate_slot,2265_142_614_323_736
S,4,2265,PREDICTION,src/tracking/advanced_tracker.py:kalman_homography,
S,8,2265,PREDICTION,src/tracking/advanced_tracker.py:kalman_homography,
S,5,2265,PREDICTION,src/tracking/advanced_tracker.py:flow_gapfill_batched,
L,1,2265,DETECTION,src/tracking/advanced_tracker.py:_activate_slot,2265_142_614_323_736
R,CLAMP,CLAMP,0
L,2,2265,DETECTION,src/tracking/advanced_tracker.py:_activate_slot,2265_224_772_496_908
R,CLAMP,CLAMP,0
L,4,2265,PREDICTION,src/tracking/advanced_tracker.py:kalman_homography,
R,CLAMP,CLAMP,0
L,5,2265,PREDICTION,src/tracking/advanced_tracker.py:flow_gapfill_batched,
R,CLAMP,CLAMP,0
L,8,2265,PREDICTION,src/tracking/advanced_tracker.py:kalman_homography,
R,CLAMP,CLAMP,0
A,2265
S,2,2271,DETECTION,src/tracking/advanced_tracker.py:_activate_slot,2271_221_773_493_899
S,6,2271,DETECTION,src/tracking/advanced_tracker.py:_activate_slot,2271_74_1221_429_1295
S,1,2271,PREDICTION,src/tracking/advanced_tracker.py:kalman_homography,
S,4,2271,PREDICTION,src/tracking/advanced_tracker.py:kalman_homography,
S,8,2271,PREDICTION,src/tracking/advanced_tracker.py:kalman_homography,
L,1,2271,PREDICTION,src/tracking/advanced_tracker.py:kalman_homography,
R,CLAMP,CLAMP,0
L,2,2271,DETECTION,src/tracking/advanced_tracker.py:_activate_slot,2271_221_773_493_899
R,CLAMP,CLAMP,0
L,4,2271,PREDICTION,src/tracking/advanced_tracker.py:kalman_homography,
R,CLAMP,CLAMP,0
L,6,2271,DETECTION,src/tracking/advanced_tracker.py:_activate_slot,2271_74_1221_429_1295
R,CLAMP,CLAMP,0
L,8,2271,PREDICTION,src/tracking/advanced_tracker.py:kalman_homography,
R,CLAMP,CLAMP,0
A,2271
S,2,2277,DETECTION,src/tracking/advanced_tracker.py:_activate_slot,2277_218_772_492_886
S,0,2277,DETECTION,src/tracking/advanced_tracker.py:_activate_slot,2277_370_1018_636_1150
S,1,2277,PREDICTION,src/tracking/advanced_tracker.py:kalman_homography,
S,4,2277,PREDICTION,src/tracking/advanced_tracker.py:kalman_homography,
S,6,2277,PREDICTION,src/tracking/advanced_tracker.py:kalman_homography,
S,8,2277,PREDICTION,src/tracking/advanced_tracker.py:flow_gapfill_batched,
L,0,2277,DETECTION,src/tracking/advanced_tracker.py:_activate_slot,2277_370_1018_636_1150
R,CLAMP,CLAMP,0
L,1,2277,PREDICTION,src/tracking/advanced_tracker.py:kalman_homography,
R,CLAMP,CLAMP,0
L,2,2277,DETECTION,src/tracking/advanced_tracker.py:_activate_slot,2277_218_772_492_886
R,CLAMP,CLAMP,0
L,4,2277,PREDICTION,src/tracking/advanced_tracker.py:kalman_homography,
R,CLAMP,CLAMP,0
L,6,2277,PREDICTION,src/tracking/advanced_tracker.py:kalman_homography,
R,CLAMP,CLAMP,0
L,8,2277,PREDICTION,src/tracking/advanced_tracker.py:flow_gapfill_batched,
R,CLAMP,CLAMP,0
A,2277
S,2,2283,DETECTION,src/tracking/advanced_tracker.py:_activate_slot,2283_216_770_489_877
S,0,2283,PREDICTION,src/tracking/advanced_tracker.py:kalman_homography,
S,1,2283,PREDICTION,src/tracking/advanced_tracker.py:kalman_homography,
S,4,2283,PREDICTION,src/tracking/advanced_tracker.py:kalman_homography,
S,6,2283,PREDICTION,src/tracking/advanced_tracker.py:kalman_homography,
L,0,2283,PREDICTION,src/tracking/advanced_tracker.py:kalman_homography,
R,CLAMP,CLAMP,0
L,1,2283,PREDICTION,src/tracking/advanced_tracker.py:kalman_homography,
R,CLAMP,CLAMP,0
L,2,2283,DETECTION,src/tracking/advanced_tracker.py:_activate_slot,2283_216_770_489_877
R,CLAMP,CLAMP,0
L,4,2283,PREDICTION,src/tracking/advanced_tracker.py:kalman_homography,
R,CLAMP,CLAMP,0
L,6,2283,PREDICTION,src/tracking/advanced_tracker.py:kalman_homography,
R,CLAMP,CLAMP,0
A,2283
S,2,2289,DETECTION,src/tracking/advanced_tracker.py:_activate_slot,2289_214_737_489_867
S,1,2289,DETECTION,src/tracking/advanced_tracker.py:_activate_slot,2289_108_680_323_774
S,0,2289,PREDICTION,src/tracking/advanced_tracker.py:kalman_homography,
S,4,2289,PREDICTION,src/tracking/advanced_tracker.py:kalman_homography,
S,6,2289,PREDICTION,src/tracking/advanced_tracker.py:kalman_homography,
L,0,2289,PREDICTION,src/tracking/advanced_tracker.py:kalman_homography,
R,CLAMP,CLAMP,0
L,1,2289,DETECTION,src/tracking/advanced_tracker.py:_activate_slot,2289_108_680_323_774
R,CLAMP,CLAMP,0
L,2,2289,DETECTION,src/tracking/advanced_tracker.py:_activate_slot,2289_214_737_489_867
R,CLAMP,CLAMP,0
L,4,2289,PREDICTION,src/tracking/advanced_tracker.py:kalman_homography,
R,CLAMP,CLAMP,0
L,6,2289,PREDICTION,src/tracking/advanced_tracker.py:kalman_homography,
R,CLAMP,CLAMP,0
A,2289
S,2,2295,DETECTION,src/tracking/advanced_tracker.py:_activate_slot,2295_210_721_489_865
S,0,2295,PREDICTION,src/tracking/advanced_tracker.py:kalman_homography,
S,1,2295,PREDICTION,src/tracking/advanced_tracker.py:kalman_homography,
S,4,2295,PREDICTION,src/tracking/advanced_tracker.py:kalman_homography,
S,6,2295,PREDICTION,src/tracking/advanced_tracker.py:kalman_homography,
L,0,2295,PREDICTION,src/tracking/advanced_tracker.py:kalman_homography,
R,CLAMP,CLAMP,0
L,1,2295,PREDICTION,src/tracking/advanced_tracker.py:kalman_homography,
R,CLAMP,CLAMP,0
L,2,2295,DETECTION,src/tracking/advanced_tracker.py:_activate_slot,2295_210_721_489_865
R,CLAMP,CLAMP,0
L,4,2295,PREDICTION,src/tracking/advanced_tracker.py:kalman_homography,
R,CLAMP,CLAMP,0
L,6,2295,PREDICTION,src/tracking/advanced_tracker.py:kalman_homography,
R,CLAMP,CLAMP,0
A,2295
S,2,2301,DETECTION,src/tracking/advanced_tracker.py:_activate_slot,2301_212_713_488_865
S,7,2301,DETECTION,src/tracking/advanced_tracker.py:_activate_slot,2301_132_551_371_677
S,8,2301,DETECTION,src/tracking/advanced_tracker.py:_activate_slot,2301_159_579_357_663
S,0,2301,PREDICTION,src/tracking/advanced_tracker.py:kalman_homography,
S,1,2301,PREDICTION,src/tracking/advanced_tracker.py:kalman_homography,
S,6,2301,PREDICTION,src/tracking/advanced_tracker.py:kalman_homography,
S,4,2301,PREDICTION,src/tracking/advanced_tracker.py:flow_gapfill_batched,
D,7,2301
S,8,2301,PREDICTION,src/tracking/advanced_tracker.py:id_merge,
L,0,2301,PREDICTION,src/tracking/advanced_tracker.py:kalman_homography,
R,CLAMP,CLAMP,0
L,1,2301,PREDICTION,src/tracking/advanced_tracker.py:kalman_homography,
R,CLAMP,CLAMP,0
L,2,2301,DETECTION,src/tracking/advanced_tracker.py:_activate_slot,2301_212_713_488_865
R,CLAMP,CLAMP,0
L,4,2301,PREDICTION,src/tracking/advanced_tracker.py:flow_gapfill_batched,
R,CLAMP,CLAMP,0
L,6,2301,PREDICTION,src/tracking/advanced_tracker.py:kalman_homography,
R,CLAMP,CLAMP,0
L,8,2301,PREDICTION,src/tracking/advanced_tracker.py:id_merge,
R,CLAMP,CLAMP,0
A,2301
S,9,2307,DETECTION,src/tracking/advanced_tracker.py:_activate_slot,2307_-11_745_669_1293
S,0,2307,PREDICTION,src/tracking/advanced_tracker.py:kalman_homography,
S,1,2307,PREDICTION,src/tracking/advanced_tracker.py:kalman_homography,
S,2,2307,PREDICTION,src/tracking/advanced_tracker.py:kalman_homography,
S,6,2307,PREDICTION,src/tracking/advanced_tracker.py:kalman_homography,
S,7,2307,PREDICTION,src/tracking/advanced_tracker.py:kalman_homography,
S,8,2307,PREDICTION,src/tracking/advanced_tracker.py:kalman_homography,
D,7,2307
S,8,2307,PREDICTION,src/tracking/advanced_tracker.py:id_merge,
L,0,2307,PREDICTION,src/tracking/advanced_tracker.py:kalman_homography,
R,CLAMP,CLAMP,0
L,1,2307,PREDICTION,src/tracking/advanced_tracker.py:kalman_homography,
R,CLAMP,CLAMP,0
L,2,2307,PREDICTION,src/tracking/advanced_tracker.py:kalman_homography,
R,CLAMP,CLAMP,0
L,6,2307,PREDICTION,src/tracking/advanced_tracker.py:kalman_homography,
R,CLAMP,CLAMP,0
L,8,2307,PREDICTION,src/tracking/advanced_tracker.py:id_merge,
R,CLAMP,CLAMP,0
L,9,2307,DETECTION,src/tracking/advanced_tracker.py:_activate_slot,2307_-11_745_669_1293
R,CLAMP,CLAMP,0
A,2307
S,3,2313,DETECTION,src/tracking/advanced_tracker.py:_activate_slot,2313_-12_673_669_1293
S,0,2313,PREDICTION,src/tracking/advanced_tracker.py:kalman_homography,
S,1,2313,PREDICTION,src/tracking/advanced_tracker.py:kalman_homography,
S,2,2313,PREDICTION,src/tracking/advanced_tracker.py:kalman_homography,
S,6,2313,PREDICTION,src/tracking/advanced_tracker.py:kalman_homography,
S,7,2313,PREDICTION,src/tracking/advanced_tracker.py:kalman_homography,
S,8,2313,PREDICTION,src/tracking/advanced_tracker.py:kalman_homography,
D,7,2313
S,8,2313,PREDICTION,src/tracking/advanced_tracker.py:id_merge,
L,0,2313,PREDICTION,src/tracking/advanced_tracker.py:kalman_homography,
R,CLAMP,CLAMP,0
L,1,2313,PREDICTION,src/tracking/advanced_tracker.py:kalman_homography,
R,CLAMP,CLAMP,0
L,2,2313,PREDICTION,src/tracking/advanced_tracker.py:kalman_homography,
R,CLAMP,CLAMP,0
L,3,2313,DETECTION,src/tracking/advanced_tracker.py:_activate_slot,2313_-12_673_669_1293
R,CLAMP,CLAMP,0
L,6,2313,PREDICTION,src/tracking/advanced_tracker.py:kalman_homography,
R,CLAMP,CLAMP,0
L,8,2313,PREDICTION,src/tracking/advanced_tracker.py:id_merge,
R,CLAMP,CLAMP,0
A,2313
S,5,2319,DETECTION,src/tracking/advanced_tracker.py:_activate_slot,2319_-12_596_666_1294
S,0,2319,PREDICTION,src/tracking/advanced_tracker.py:kalman_homography,
S,1,2319,PREDICTION,src/tracking/advanced_tracker.py:kalman_homography,
S,2,2319,PREDICTION,src/tracking/advanced_tracker.py:kalman_homography,
S,7,2319,PREDICTION,src/tracking/advanced_tracker.py:kalman_homography,
S,8,2319,PREDICTION,src/tracking/advanced_tracker.py:kalman_homography,
D,7,2319
S,8,2319,PREDICTION,src/tracking/advanced_tracker.py:id_merge,
L,0,2319,PREDICTION,src/tracking/advanced_tracker.py:kalman_homography,
R,CLAMP,CLAMP,0
L,1,2319,PREDICTION,src/tracking/advanced_tracker.py:kalman_homography,
R,CLAMP,CLAMP,0
L,2,2319,PREDICTION,src/tracking/advanced_tracker.py:kalman_homography,
R,CLAMP,CLAMP,0
L,5,2319,DETECTION,src/tracking/advanced_tracker.py:_activate_slot,2319_-12_596_666_1294
R,CLAMP,CLAMP,0
L,8,2319,PREDICTION,src/tracking/advanced_tracker.py:id_merge,
R,CLAMP,CLAMP,0
A,2319
S,1,2325,PREDICTION,src/tracking/advanced_tracker.py:kalman_homography,
S,2,2325,PREDICTION,src/tracking/advanced_tracker.py:kalman_homography,
S,7,2325,PREDICTION,src/tracking/advanced_tracker.py:kalman_homography,
S,8,2325,PREDICTION,src/tracking/advanced_tracker.py:kalman_homography,
D,7,2325
S,8,2325,PREDICTION,src/tracking/advanced_tracker.py:id_merge,
L,1,2325,PREDICTION,src/tracking/advanced_tracker.py:kalman_homography,
R,CLAMP,CLAMP,0
L,2,2325,PREDICTION,src/tracking/advanced_tracker.py:kalman_homography,
R,CLAMP,CLAMP,0
L,8,2325,PREDICTION,src/tracking/advanced_tracker.py:id_merge,
R,CLAMP,CLAMP,0
A,2325
S,5,2331,DETECTION,src/tracking/advanced_tracker.py:_activate_slot,2331_-14_672_659_1293
S,1,2331,PREDICTION,src/tracking/advanced_tracker.py:kalman_homography,
S,2,2331,PREDICTION,src/tracking/advanced_tracker.py:kalman_homography,
S,7,2331,PREDICTION,src/tracking/advanced_tracker.py:kalman_homography,
S,8,2331,PREDICTION,src/tracking/advanced_tracker.py:kalman_homography,
D,7,2331
S,8,2331,PREDICTION,src/tracking/advanced_tracker.py:id_merge,
L,1,2331,PREDICTION,src/tracking/advanced_tracker.py:kalman_homography,
R,CLAMP,CLAMP,0
L,2,2331,PREDICTION,src/tracking/advanced_tracker.py:kalman_homography,
R,CLAMP,CLAMP,0
L,5,2331,DETECTION,src/tracking/advanced_tracker.py:_activate_slot,2331_-14_672_659_1293
R,CLAMP,CLAMP,0
L,8,2331,PREDICTION,src/tracking/advanced_tracker.py:id_merge,
R,CLAMP,CLAMP,0
A,2331
S,2,2337,PREDICTION,src/tracking/advanced_tracker.py:kalman_homography,
S,5,2337,PREDICTION,src/tracking/advanced_tracker.py:kalman_homography,
S,7,2337,PREDICTION,src/tracking/advanced_tracker.py:kalman_homography,
S,8,2337,PREDICTION,src/tracking/advanced_tracker.py:kalman_homography,
S,9,2337,PREDICTION,src/tracking/advanced_tracker.py:flow_gapfill_batched,
D,7,2337
S,8,2337,PREDICTION,src/tracking/advanced_tracker.py:id_merge,
D,8,2337
S,9,2337,PREDICTION,src/tracking/advanced_tracker.py:id_merge,
L,2,2337,PREDICTION,src/tracking/advanced_tracker.py:kalman_homography,
R,CLAMP,CLAMP,0
L,5,2337,PREDICTION,src/tracking/advanced_tracker.py:kalman_homography,
R,CLAMP,CLAMP,0
L,9,2337,PREDICTION,src/tracking/advanced_tracker.py:id_merge,
R,CLAMP,CLAMP,0
A,2337
S,3,2343,DETECTION,src/tracking/advanced_tracker.py:_activate_slot,2343_244_552_667_1269
S,4,2343,DETECTION,src/tracking/advanced_tracker.py:_activate_slot,2343_-12_-15_669_627
S,2,2343,PREDICTION,src/tracking/advanced_tracker.py:kalman_homography,
S,5,2343,PREDICTION,src/tracking/advanced_tracker.py:kalman_homography,
S,7,2343,PREDICTION,src/tracking/advanced_tracker.py:kalman_homography,
S,8,2343,PREDICTION,src/tracking/advanced_tracker.py:kalman_homography,
D,7,2343
S,8,2343,PREDICTION,src/tracking/advanced_tracker.py:id_merge,
L,2,2343,PREDICTION,src/tracking/advanced_tracker.py:kalman_homography,
R,CLAMP,CLAMP,0
L,3,2343,DETECTION,src/tracking/advanced_tracker.py:_activate_slot,2343_244_552_667_1269
R,CLAMP,CLAMP,0
L,4,2343,DETECTION,src/tracking/advanced_tracker.py:_activate_slot,2343_-12_-15_669_627
R,CLAMP,CLAMP,0
L,5,2343,PREDICTION,src/tracking/advanced_tracker.py:kalman_homography,
R,CLAMP,CLAMP,0
L,8,2343,PREDICTION,src/tracking/advanced_tracker.py:id_merge,
R,CLAMP,CLAMP,0
A,2343
S,4,2349,DETECTION,src/tracking/advanced_tracker.py:_activate_slot,2349_-14_39_663_567
S,5,2349,PREDICTION,src/tracking/advanced_tracker.py:kalman_homography,
S,2,2349,PREDICTION,src/tracking/advanced_tracker.py:flow_gapfill_batched,
S,7,2349,PREDICTION,src/tracking/advanced_tracker.py:flow_gapfill_batched,
S,8,2349,PREDICTION,src/tracking/advanced_tracker.py:flow_gapfill_batched,
L,2,2349,PREDICTION,src/tracking/advanced_tracker.py:flow_gapfill_batched,
R,CLAMP,CLAMP,0
L,4,2349,DETECTION,src/tracking/advanced_tracker.py:_activate_slot,2349_-14_39_663_567
R,CLAMP,CLAMP,0
L,5,2349,PREDICTION,src/tracking/advanced_tracker.py:kalman_homography,
R,CLAMP,CLAMP,0
L,7,2349,PREDICTION,src/tracking/advanced_tracker.py:flow_gapfill_batched,
R,CLAMP,CLAMP,0
L,8,2349,PREDICTION,src/tracking/advanced_tracker.py:flow_gapfill_batched,
R,CLAMP,CLAMP,0
A,2349
S,4,2355,DETECTION,src/tracking/advanced_tracker.py:_activate_slot,2355_-11_108_664_634
S,3,2355,DETECTION,src/tracking/advanced_tracker.py:_activate_slot,2355_-15_491_651_1147
S,5,2355,PREDICTION,src/tracking/advanced_tracker.py:kalman_homography,
S,9,2355,PREDICTION,src/tracking/advanced_tracker.py:flow_gapfill_batched,
L,3,2355,DETECTION,src/tracking/advanced_tracker.py:_activate_slot,2355_-15_491_651_1147
R,CLAMP,CLAMP,0
L,4,2355,DETECTION,src/tracking/advanced_tracker.py:_activate_slot,2355_-11_108_664_634
R,CLAMP,CLAMP,0
L,5,2355,PREDICTION,src/tracking/advanced_tracker.py:kalman_homography,
R,CLAMP,CLAMP,0
L,9,2355,PREDICTION,src/tracking/advanced_tracker.py:flow_gapfill_batched,
R,CLAMP,CLAMP,0
A,2355
S,4,2361,DETECTION,src/tracking/advanced_tracker.py:_activate_slot,2361_-13_147_660_597
S,3,2361,PREDICTION,src/tracking/advanced_tracker.py:kalman_homography,
S,5,2361,PREDICTION,src/tracking/advanced_tracker.py:kalman_homography,
L,3,2361,PREDICTION,src/tracking/advanced_tracker.py:kalman_homography,
R,CLAMP,CLAMP,0
L,4,2361,DETECTION,src/tracking/advanced_tracker.py:_activate_slot,2361_-13_147_660_597
R,CLAMP,CLAMP,0
L,5,2361,PREDICTION,src/tracking/advanced_tracker.py:kalman_homography,
R,CLAMP,CLAMP,0
A,2361
S,3,2367,DETECTION,src/tracking/advanced_tracker.py:_activate_slot,2367_-13_549_546_965
S,4,2367,DETECTION,src/tracking/advanced_tracker.py:_activate_slot,2367_-12_-13_655_638
S,0,2367,DETECTION,src/tracking/advanced_tracker.py:_activate_slot,2367_-14_149_664_965
S,5,2367,PREDICTION,src/tracking/advanced_tracker.py:kalman_homography,
L,0,2367,DETECTION,src/tracking/advanced_tracker.py:_activate_slot,2367_-14_149_664_965
R,CLAMP,CLAMP,0
L,3,2367,DETECTION,src/tracking/advanced_tracker.py:_activate_slot,2367_-13_549_546_965
R,CLAMP,CLAMP,0
L,4,2367,DETECTION,src/tracking/advanced_tracker.py:_activate_slot,2367_-12_-13_655_638
R,CLAMP,CLAMP,0
L,5,2367,PREDICTION,src/tracking/advanced_tracker.py:kalman_homography,
R,CLAMP,CLAMP,0
A,2367
S,0,2373,DETECTION,src/tracking/advanced_tracker.py:_activate_slot,2373_-13_259_663_858
S,3,2373,PREDICTION,src/tracking/advanced_tracker.py:kalman_homography,
S,4,2373,PREDICTION,src/tracking/advanced_tracker.py:kalman_homography,
S,5,2373,PREDICTION,src/tracking/advanced_tracker.py:kalman_homography,
L,0,2373,DETECTION,src/tracking/advanced_tracker.py:_activate_slot,2373_-13_259_663_858
R,CLAMP,CLAMP,0
L,3,2373,PREDICTION,src/tracking/advanced_tracker.py:kalman_homography,
R,CLAMP,CLAMP,0
L,4,2373,PREDICTION,src/tracking/advanced_tracker.py:kalman_homography,
R,CLAMP,CLAMP,0
L,5,2373,PREDICTION,src/tracking/advanced_tracker.py:kalman_homography,
R,CLAMP,CLAMP,0
A,2373
S,0,2379,DETECTION,src/tracking/advanced_tracker.py:_activate_slot,2379_-13_-10_664_717
S,3,2379,PREDICTION,src/tracking/advanced_tracker.py:kalman_homography,
S,4,2379,PREDICTION,src/tracking/advanced_tracker.py:kalman_homography,
D,4,2379
S,0,2379,PREDICTION,src/tracking/advanced_tracker.py:id_merge,
L,0,2379,PREDICTION,src/tracking/advanced_tracker.py:id_merge,
R,CLAMP,CLAMP,0
L,3,2379,PREDICTION,src/tracking/advanced_tracker.py:kalman_homography,
R,CLAMP,CLAMP,0
A,2379
S,1,2385,DETECTION,src/tracking/advanced_tracker.py:_activate_slot,2385_-13_186_665_674
S,3,2385,PREDICTION,src/tracking/advanced_tracker.py:kalman_homography,
S,4,2385,PREDICTION,src/tracking/advanced_tracker.py:kalman_homography,
L,1,2385,DETECTION,src/tracking/advanced_tracker.py:_activate_slot,2385_-13_186_665_674
R,CLAMP,CLAMP,0
L,3,2385,PREDICTION,src/tracking/advanced_tracker.py:kalman_homography,
R,CLAMP,CLAMP,0
L,4,2385,PREDICTION,src/tracking/advanced_tracker.py:kalman_homography,
R,CLAMP,CLAMP,0
A,2385
S,2,2391,DETECTION,src/tracking/advanced_tracker.py:_activate_slot,2391_-11_195_666_688
S,3,2391,PREDICTION,src/tracking/advanced_tracker.py:kalman_homography,
S,4,2391,PREDICTION,src/tracking/advanced_tracker.py:kalman_homography,
L,2,2391,DETECTION,src/tracking/advanced_tracker.py:_activate_slot,2391_-11_195_666_688
R,CLAMP,CLAMP,0
L,3,2391,PREDICTION,src/tracking/advanced_tracker.py:kalman_homography,
R,CLAMP,CLAMP,0
L,4,2391,PREDICTION,src/tracking/advanced_tracker.py:kalman_homography,
R,CLAMP,CLAMP,0
A,2391
S,3,2397,PREDICTION,src/tracking/advanced_tracker.py:kalman_homography,
S,4,2397,PREDICTION,src/tracking/advanced_tracker.py:kalman_homography,
S,0,2397,PREDICTION,src/tracking/advanced_tracker.py:flow_gapfill_batched,
S,1,2397,PREDICTION,src/tracking/advanced_tracker.py:flow_gapfill_batched,
S,2,2397,PREDICTION,src/tracking/advanced_tracker.py:flow_gapfill_batched,
D,0,2397
S,1,2397,PREDICTION,src/tracking/advanced_tracker.py:id_merge,
D,1,2397
S,2,2397,PREDICTION,src/tracking/advanced_tracker.py:id_merge,
L,2,2397,PREDICTION,src/tracking/advanced_tracker.py:id_merge,
R,CLAMP,CLAMP,0
L,3,2397,PREDICTION,src/tracking/advanced_tracker.py:kalman_homography,
R,CLAMP,CLAMP,0
L,4,2397,PREDICTION,src/tracking/advanced_tracker.py:kalman_homography,
R,CLAMP,CLAMP,0
A,2397
S,3,2403,PREDICTION,src/tracking/advanced_tracker.py:kalman_homography,
S,4,2403,PREDICTION,src/tracking/advanced_tracker.py:kalman_homography,
S,1,2403,PREDICTION,src/tracking/advanced_tracker.py:flow_gapfill_batched,
S,2,2403,PREDICTION,src/tracking/advanced_tracker.py:flow_gapfill_batched,
D,1,2403
S,2,2403,PREDICTION,src/tracking/advanced_tracker.py:id_merge,
L,2,2403,PREDICTION,src/tracking/advanced_tracker.py:id_merge,
R,CLAMP,CLAMP,0
L,3,2403,PREDICTION,src/tracking/advanced_tracker.py:kalman_homography,
R,CLAMP,CLAMP,0
L,4,2403,PREDICTION,src/tracking/advanced_tracker.py:kalman_homography,
R,CLAMP,CLAMP,0
A,2403
S,3,2409,PREDICTION,src/tracking/advanced_tracker.py:kalman_homography,
S,4,2409,PREDICTION,src/tracking/advanced_tracker.py:kalman_homography,
S,0,2409,PREDICTION,src/tracking/advanced_tracker.py:flow_gapfill_batched,
S,1,2409,PREDICTION,src/tracking/advanced_tracker.py:flow_gapfill_batched,
S,2,2409,PREDICTION,src/tracking/advanced_tracker.py:flow_gapfill_batched,
D,0,2409
S,1,2409,PREDICTION,src/tracking/advanced_tracker.py:id_merge,
D,1,2409
S,2,2409,PREDICTION,src/tracking/advanced_tracker.py:id_merge,
D,4,2409
S,2,2409,PREDICTION,src/tracking/advanced_tracker.py:id_merge,
L,2,2409,PREDICTION,src/tracking/advanced_tracker.py:id_merge,
R,CLAMP,CLAMP,0
L,3,2409,PREDICTION,src/tracking/advanced_tracker.py:kalman_homography,
R,CLAMP,CLAMP,0
A,2409
S,0,2415,PREDICTION,src/tracking/advanced_tracker.py:flow_gapfill_batched,
S,1,2415,PREDICTION,src/tracking/advanced_tracker.py:flow_gapfill_batched,
S,2,2415,PREDICTION,src/tracking/advanced_tracker.py:flow_gapfill_batched,
S,3,2415,PREDICTION,src/tracking/advanced_tracker.py:flow_gapfill_batched,
S,4,2415,PREDICTION,src/tracking/advanced_tracker.py:flow_gapfill_batched,
D,0,2415
S,1,2415,PREDICTION,src/tracking/advanced_tracker.py:id_merge,
D,1,2415
S,2,2415,PREDICTION,src/tracking/advanced_tracker.py:id_merge,
D,4,2415
S,2,2415,PREDICTION,src/tracking/advanced_tracker.py:id_merge,
L,2,2415,PREDICTION,src/tracking/advanced_tracker.py:id_merge,
R,CLAMP,CLAMP,0
L,3,2415,PREDICTION,src/tracking/advanced_tracker.py:flow_gapfill_batched,
R,CLAMP,CLAMP,0
A,2415
S,0,2421,PREDICTION,src/tracking/advanced_tracker.py:flow_gapfill_batched,
S,1,2421,PREDICTION,src/tracking/advanced_tracker.py:flow_gapfill_batched,
S,2,2421,PREDICTION,src/tracking/advanced_tracker.py:flow_gapfill_batched,
D,0,2421
S,1,2421,PREDICTION,src/tracking/advanced_tracker.py:id_merge,
D,1,2421
S,2,2421,PREDICTION,src/tracking/advanced_tracker.py:id_merge,
L,2,2421,PREDICTION,src/tracking/advanced_tracker.py:id_merge,
R,CLAMP,CLAMP,0
A,2421
S,2,2427,DETECTION,src/tracking/advanced_tracker.py:_activate_slot,2427_-12_184_666_703
S,0,2427,PREDICTION,src/tracking/advanced_tracker.py:flow_gapfill_batched,
S,1,2427,PREDICTION,src/tracking/advanced_tracker.py:flow_gapfill_batched,
D,0,2427
S,1,2427,PREDICTION,src/tracking/advanced_tracker.py:id_merge,
D,1,2427
S,2,2427,PREDICTION,src/tracking/advanced_tracker.py:id_merge,
L,2,2427,PREDICTION,src/tracking/advanced_tracker.py:id_merge,
R,CLAMP,CLAMP,0
A,2427
S,2,2433,DETECTION,src/tracking/advanced_tracker.py:_activate_slot,2433_-12_222_665_712
S,1,2433,PREDICTION,src/tracking/advanced_tracker.py:flow_gapfill_batched,
D,1,2433
S,2,2433,PREDICTION,src/tracking/advanced_tracker.py:id_merge,
L,2,2433,PREDICTION,src/tracking/advanced_tracker.py:id_merge,
R,CLAMP,CLAMP,0
A,2433
S,2,2439,DETECTION,src/tracking/advanced_tracker.py:_activate_slot,2439_-13_240_665_696
L,2,2439,DETECTION,src/tracking/advanced_tracker.py:_activate_slot,2439_-13_240_665_696
R,CLAMP,CLAMP,0
A,2439
S,2,2445,DETECTION,src/tracking/advanced_tracker.py:_activate_slot,2445_-14_233_667_685
L,2,2445,DETECTION,src/tracking/advanced_tracker.py:_activate_slot,2445_-14_233_667_685
R,CLAMP,CLAMP,0
A,2445
S,2,2451,PREDICTION,src/tracking/advanced_tracker.py:flow_gapfill_batched,
L,2,2451,PREDICTION,src/tracking/advanced_tracker.py:flow_gapfill_batched,
R,CLAMP,CLAMP,0
A,2451
