A,2321
A,2327
A,2333
A,2339
A,2345
A,2351
A,2357
A,2363
A,2369
A,2375
A,2381
A,2387
A,2393
A,2399
A,2405
S,0,2411,DETECTION,src/tracking/advanced_tracker.py:_activate_slot,2411_232_589_592_957
L,0,2411,DETECTION,src/tracking/advanced_tracker.py:_activate_slot,2411_232_589_592_957
R,DETECTION,DETECTION,1
A,2411
A,2417
A,2423
A,2429
A,2435
A,2441
A,2447
A,2453
S,1,2459,DETECTION,src/tracking/advanced_tracker.py:_activate_slot,2459_-14_-10_376_439
L,1,2459,DETECTION,src/tracking/advanced_tracker.py:_activate_slot,2459_-14_-10_376_439
R,DETECTION,DETECTION,1
A,2459
A,2465
A,2471
S,2,2477,DETECTION,src/tracking/advanced_tracker.py:_activate_slot,2477_-12_-5_370_408
L,2,2477,DETECTION,src/tracking/advanced_tracker.py:_activate_slot,2477_-12_-5_370_408
R,DETECTION,DETECTION,1
A,2477
A,2483
S,3,2489,DETECTION,src/tracking/advanced_tracker.py:_activate_slot,2489_98_45_357_287
L,3,2489,DETECTION,src/tracking/advanced_tracker.py:_activate_slot,2489_98_45_357_287
R,DETECTION,DETECTION,1
A,2489
A,2495
S,2,2501,PREDICTION,src/tracking/advanced_tracker.py:flow_gapfill_batched,
L,2,2501,PREDICTION,src/tracking/advanced_tracker.py:flow_gapfill_batched,
R,PREDICTION,PREDICTION,1
A,2501
A,2507
A,2513
S,5,2519,DETECTION,src/tracking/advanced_tracker.py:_activate_slot,2519_188_345_464_520
L,5,2519,DETECTION,src/tracking/advanced_tracker.py:_activate_slot,2519_188_345_464_520
R,DETECTION,DETECTION,1
A,2519
S,0,2525,DETECTION,src/tracking/advanced_tracker.py:_activate_slot,2525_140_468_540_772
L,0,2525,DETECTION,src/tracking/advanced_tracker.py:_activate_slot,2525_140_468_540_772
R,DETECTION,DETECTION,1
A,2525
S,4,2531,DETECTION,src/tracking/advanced_tracker.py:_activate_slot,2531_-14_-15_318_174
L,4,2531,DETECTION,src/tracking/advanced_tracker.py:_activate_slot,2531_-14_-15_318_174
R,DETECTION,DETECTION,1
A,2531
S,6,2537,DETECTION,src/tracking/advanced_tracker.py:_activate_slot,2537_233_658_590_882
S,4,2537,PREDICTION,src/tracking/advanced_tracker.py:flow_gapfill_batched,
L,4,2537,PREDICTION,src/tracking/advanced_tracker.py:flow_gapfill_batched,
R,PREDICTION,PREDICTION,1
L,6,2537,DETECTION,src/tracking/advanced_tracker.py:_activate_slot,2537_233_658_590_882
R,DETECTION,DETECTION,1
A,2537
S,7,2543,DETECTION,src/tracking/advanced_tracker.py:_activate_slot,2543_-12_385_502_707
S,6,2543,PREDICTION,src/tracking/advanced_tracker.py:flow_gapfill_batched,
L,6,2543,PREDICTION,src/tracking/advanced_tracker.py:flow_gapfill_batched,
R,CLAMP,CLAMP,0
L,7,2543,DETECTION,src/tracking/advanced_tracker.py:_activate_slot,2543_-12_385_502_707
R,DETECTION,DETECTION,1
A,2543
S,8,2549,DETECTION,src/tracking/advanced_tracker.py:_activate_slot,2549_422_678_594_848
S,7,2549,PREDICTION,src/tracking/advanced_tracker.py:flow_gapfill_batched,
D,7,2549
S,8,2549,PREDICTION,src/tracking/advanced_tracker.py:id_merge,
L,8,2549,PREDICTION,src/tracking/advanced_tracker.py:id_merge,
R,PREDICTION,PREDICTION,1
A,2549
S,8,2555,PREDICTION,src/tracking/advanced_tracker.py:flow_gapfill_batched,
L,8,2555,PREDICTION,src/tracking/advanced_tracker.py:flow_gapfill_batched,
R,PREDICTION,SUBPIXEL,0
A,2555
S,4,2561,PREDICTION,src/tracking/advanced_tracker.py:flow_gapfill_batched,
S,6,2561,PREDICTION,src/tracking/advanced_tracker.py:flow_gapfill_batched,
L,4,2561,PREDICTION,src/tracking/advanced_tracker.py:flow_gapfill_batched,
R,PREDICTION,PREDICTION,1
L,6,2561,PREDICTION,src/tracking/advanced_tracker.py:flow_gapfill_batched,
R,CLAMP,CLAMP,0
A,2561
S,1,2567,DETECTION,src/tracking/advanced_tracker.py:_activate_slot,2567_488_702_592_856
L,1,2567,DETECTION,src/tracking/advanced_tracker.py:_activate_slot,2567_488_702_592_856
R,CLAMP,CLAMP,0
A,2567
S,1,2573,PREDICTION,src/tracking/advanced_tracker.py:kalman_homography,
S,8,2573,PREDICTION,src/tracking/advanced_tracker.py:flow_gapfill_batched,
L,1,2573,PREDICTION,src/tracking/advanced_tracker.py:kalman_homography,
R,CLAMP,CLAMP,0
L,8,2573,PREDICTION,src/tracking/advanced_tracker.py:flow_gapfill_batched,
R,PREDICTION,PREDICTION,1
A,2573
S,1,2579,PREDICTION,src/tracking/advanced_tracker.py:kalman_homography,
S,6,2579,PREDICTION,src/tracking/advanced_tracker.py:flow_gapfill_batched,
S,7,2579,PREDICTION,src/tracking/advanced_tracker.py:flow_gapfill_batched,
S,8,2579,PREDICTION,src/tracking/advanced_tracker.py:flow_gapfill_batched,
D,6,2579
S,8,2579,PREDICTION,src/tracking/advanced_tracker.py:id_merge,
L,1,2579,PREDICTION,src/tracking/advanced_tracker.py:kalman_homography,
R,CLAMP,CLAMP,0
L,7,2579,PREDICTION,src/tracking/advanced_tracker.py:flow_gapfill_batched,
R,PREDICTION,PREDICTION,1
L,8,2579,PREDICTION,src/tracking/advanced_tracker.py:id_merge,
R,PREDICTION,PREDICTION,1
A,2579
S,1,2585,PREDICTION,src/tracking/advanced_tracker.py:kalman_homography,
L,1,2585,PREDICTION,src/tracking/advanced_tracker.py:kalman_homography,
R,CLAMP,CLAMP,0
A,2585
S,1,2591,PREDICTION,src/tracking/advanced_tracker.py:kalman_homography,
S,7,2591,PREDICTION,src/tracking/advanced_tracker.py:flow_gapfill_batched,
L,1,2591,PREDICTION,src/tracking/advanced_tracker.py:kalman_homography,
R,CLAMP,CLAMP,0
L,7,2591,PREDICTION,src/tracking/advanced_tracker.py:flow_gapfill_batched,
R,CLAMP,CLAMP,0
A,2591
S,9,2597,DETECTION,src/tracking/advanced_tracker.py:_activate_slot,2597_74_451_592_1037
S,1,2597,PREDICTION,src/tracking/advanced_tracker.py:kalman_homography,
S,8,2597,PREDICTION,src/tracking/advanced_tracker.py:flow_gapfill_batched,
L,1,2597,PREDICTION,src/tracking/advanced_tracker.py:kalman_homography,
R,CLAMP,CLAMP,0
L,8,2597,PREDICTION,src/tracking/advanced_tracker.py:flow_gapfill_batched,
R,PREDICTION,PREDICTION,1
L,9,2597,DETECTION,src/tracking/advanced_tracker.py:_activate_slot,2597_74_451_592_1037
R,DETECTION,DETECTION,1
A,2597
S,2,2603,DETECTION,src/tracking/advanced_tracker.py:_activate_slot,2603_326_778_667_1123
S,1,2603,PREDICTION,src/tracking/advanced_tracker.py:kalman_homography,
S,9,2603,PREDICTION,src/tracking/advanced_tracker.py:flow_gapfill_batched,
L,1,2603,PREDICTION,src/tracking/advanced_tracker.py:kalman_homography,
R,CLAMP,CLAMP,0
L,2,2603,DETECTION,src/tracking/advanced_tracker.py:_activate_slot,2603_326_778_667_1123
R,CLAMP,CLAMP,0
L,9,2603,PREDICTION,src/tracking/advanced_tracker.py:flow_gapfill_batched,
R,CLAMP,CLAMP,0
A,2603
S,1,2609,PREDICTION,src/tracking/advanced_tracker.py:kalman_homography,
S,2,2609,PREDICTION,src/tracking/advanced_tracker.py:flow_gapfill_batched,
L,1,2609,PREDICTION,src/tracking/advanced_tracker.py:kalman_homography,
R,CLAMP,CLAMP,0
L,2,2609,PREDICTION,src/tracking/advanced_tracker.py:flow_gapfill_batched,
R,CLAMP,CLAMP,0
A,2609
A,2615
S,5,2621,DETECTION,src/tracking/advanced_tracker.py:_activate_slot,2621_331_620_595_954
S,9,2621,PREDICTION,src/tracking/advanced_tracker.py:flow_gapfill_batched,
D,9,2621
S,5,2621,PREDICTION,src/tracking/advanced_tracker.py:id_merge,
L,5,2621,PREDICTION,src/tracking/advanced_tracker.py:id_merge,
R,PREDICTION,PREDICTION,1
A,2621
S,5,2627,PREDICTION,src/tracking/advanced_tracker.py:kalman_homography,
L,5,2627,PREDICTION,src/tracking/advanced_tracker.py:kalman_homography,
R,CLAMP,CLAMP,0
A,2627
S,5,2633,PREDICTION,src/tracking/advanced_tracker.py:kalman_homography,
L,5,2633,PREDICTION,src/tracking/advanced_tracker.py:kalman_homography,
R,CLAMP,CLAMP,0
A,2633
S,0,2639,DETECTION,src/tracking/advanced_tracker.py:_activate_slot,2639_176_637_634_1111
S,5,2639,PREDICTION,src/tracking/advanced_tracker.py:kalman_homography,
L,0,2639,DETECTION,src/tracking/advanced_tracker.py:_activate_slot,2639_176_637_634_1111
R,DETECTION,DETECTION,1
L,5,2639,PREDICTION,src/tracking/advanced_tracker.py:kalman_homography,
R,CLAMP,CLAMP,0
A,2639
S,5,2645,PREDICTION,src/tracking/advanced_tracker.py:kalman_homography,
S,0,2645,PREDICTION,src/tracking/advanced_tracker.py:flow_gapfill_batched,
L,0,2645,PREDICTION,src/tracking/advanced_tracker.py:flow_gapfill_batched,
R,PREDICTION,PREDICTION,1
L,5,2645,PREDICTION,src/tracking/advanced_tracker.py:kalman_homography,
R,CLAMP,CLAMP,0
A,2645
S,0,2651,DETECTION,src/tracking/advanced_tracker.py:_activate_slot,2651_180_549_590_999
S,5,2651,PREDICTION,src/tracking/advanced_tracker.py:kalman_homography,
L,0,2651,DETECTION,src/tracking/advanced_tracker.py:_activate_slot,2651_180_549_590_999
R,DETECTION,DETECTION,1
L,5,2651,PREDICTION,src/tracking/advanced_tracker.py:kalman_homography,
R,CLAMP,CLAMP,0
A,2651
S,5,2657,PREDICTION,src/tracking/advanced_tracker.py:kalman_homography,
S,0,2657,PREDICTION,src/tracking/advanced_tracker.py:flow_gapfill_batched,
L,0,2657,PREDICTION,src/tracking/advanced_tracker.py:flow_gapfill_batched,
R,PREDICTION,PREDICTION,1
L,5,2657,PREDICTION,src/tracking/advanced_tracker.py:kalman_homography,
R,CLAMP,CLAMP,0
A,2657
S,1,2663,DETECTION,src/tracking/advanced_tracker.py:_activate_slot,2663_221_831_669_1089
S,5,2663,PREDICTION,src/tracking/advanced_tracker.py:kalman_homography,
L,1,2663,DETECTION,src/tracking/advanced_tracker.py:_activate_slot,2663_221_831_669_1089
R,CLAMP,CLAMP,0
L,5,2663,PREDICTION,src/tracking/advanced_tracker.py:kalman_homography,
R,CLAMP,CLAMP,0
A,2663
S,1,2669,DETECTION,src/tracking/advanced_tracker.py:_activate_slot,2669_221_829_665_1052
L,1,2669,DETECTION,src/tracking/advanced_tracker.py:_activate_slot,2669_221_829_665_1052
R,CLAMP,CLAMP,0
A,2669
A,2675
S,6,2681,DETECTION,src/tracking/advanced_tracker.py:_activate_slot,2681_358_907_668_1064
L,6,2681,DETECTION,src/tracking/advanced_tracker.py:_activate_slot,2681_358_907_668_1064
R,DETECTION,DETECTION,1
A,2681
S,7,2687,DETECTION,src/tracking/advanced_tracker.py:_activate_slot,2687_223_649_584_875
S,8,2687,DETECTION,src/tracking/advanced_tracker.py:_activate_slot,2687_473_925_671_1067
S,0,2687,PREDICTION,src/tracking/advanced_tracker.py:flow_gapfill_batched,
S,1,2687,PREDICTION,src/tracking/advanced_tracker.py:flow_gapfill_batched,
S,6,2687,PREDICTION,src/tracking/advanced_tracker.py:flow_gapfill_batched,
D,6,2687
S,7,2687,PREDICTION,src/tracking/advanced_tracker.py:id_merge,
D,7,2687
S,8,2687,PREDICTION,src/tracking/advanced_tracker.py:id_merge,
L,0,2687,PREDICTION,src/tracking/advanced_tracker.py:flow_gapfill_batched,
R,PREDICTION,PREDICTION,1
L,1,2687,PREDICTION,src/tracking/advanced_tracker.py:flow_gapfill_batched,
R,CLAMP,CLAMP,0
L,8,2687,PREDICTION,src/tracking/advanced_tracker.py:id_merge,
R,PREDICTION,PREDICTION,1
A,2687
S,3,2693,DETECTION,src/tracking/advanced_tracker.py:_activate_slot,2693_472_896_675_1083
S,9,2693,DETECTION,src/tracking/advanced_tracker.py:_activate_slot,2693_474_895_672_1035
S,7,2693,PREDICTION,src/tracking/advanced_tracker.py:kalman_homography,
S,0,2693,PREDICTION,src/tracking/advanced_tracker.py:flow_gapfill_batched,
S,1,2693,PREDICTION,src/tracking/advanced_tracker.py:flow_gapfill_batched,
D,0,2693
S,3,2693,PREDICTION,src/tracking/advanced_tracker.py:id_merge,
D,1,2693
S,3,2693,PREDICTION,src/tracking/advanced_tracker.py:id_merge,
L,3,2693,PREDICTION,src/tracking/advanced_tracker.py:id_merge,
R,CLAMP,CLAMP,0
L,7,2693,PREDICTION,src/tracking/advanced_tracker.py:kalman_homography,
R,CLAMP,CLAMP,0
L,9,2693,DETECTION,src/tracking/advanced_tracker.py:_activate_slot,2693_474_895_672_1035
R,CLAMP,CLAMP,0
A,2693
S,7,2699,PREDICTION,src/tracking/advanced_tracker.py:kalman_homography,
S,6,2699,PREDICTION,src/tracking/advanced_tracker.py:flow_gapfill_batched,
S,8,2699,PREDICTION,src/tracking/advanced_tracker.py:flow_gapfill_batched,
S,9,2699,PREDICTION,src/tracking/advanced_tracker.py:flow_gapfill_batched,
D,6,2699
S,8,2699,PREDICTION,src/tracking/advanced_tracker.py:id_merge,
D,8,2699
S,9,2699,PREDICTION,src/tracking/advanced_tracker.py:id_merge,
L,7,2699,PREDICTION,src/tracking/advanced_tracker.py:kalman_homography,
R,CLAMP,CLAMP,0
L,9,2699,PREDICTION,src/tracking/advanced_tracker.py:id_merge,
R,CLAMP,CLAMP,0
A,2699
S,7,2705,PREDICTION,src/tracking/advanced_tracker.py:kalman_homography,
S,1,2705,PREDICTION,src/tracking/advanced_tracker.py:flow_gapfill_batched,
S,6,2705,PREDICTION,src/tracking/advanced_tracker.py:flow_gapfill_batched,
S,8,2705,PREDICTION,src/tracking/advanced_tracker.py:flow_gapfill_batched,
S,9,2705,PREDICTION,src/tracking/advanced_tracker.py:flow_gapfill_batched,
D,6,2705
S,8,2705,PREDICTION,src/tracking/advanced_tracker.py:id_merge,
D,8,2705
S,9,2705,PREDICTION,src/tracking/advanced_tracker.py:id_merge,
L,1,2705,PREDICTION,src/tracking/advanced_tracker.py:flow_gapfill_batched,
R,CLAMP,CLAMP,0
L,7,2705,PREDICTION,src/tracking/advanced_tracker.py:kalman_homography,
R,CLAMP,CLAMP,0
L,9,2705,PREDICTION,src/tracking/advanced_tracker.py:id_merge,
R,CLAMP,CLAMP,0
A,2705
S,8,2711,DETECTION,src/tracking/advanced_tracker.py:_activate_slot,2711_478_880_673_1072
S,7,2711,PREDICTION,src/tracking/advanced_tracker.py:kalman_homography,
S,1,2711,PREDICTION,src/tracking/advanced_tracker.py:flow_gapfill_batched,
S,6,2711,PREDICTION,src/tracking/advanced_tracker.py:flow_gapfill_batched,
S,9,2711,PREDICTION,src/tracking/advanced_tracker.py:flow_gapfill_batched,
D,6,2711
S,8,2711,PREDICTION,src/tracking/advanced_tracker.py:id_merge,
D,9,2711
S,8,2711,PREDICTION,src/tracking/advanced_tracker.py:id_merge,
L,1,2711,PREDICTION,src/tracking/advanced_tracker.py:flow_gapfill_batched,
R,CLAMP,CLAMP,0
L,7,2711,PREDICTION,src/tracking/advanced_tracker.py:kalman_homography,
R,CLAMP,CLAMP,0
L,8,2711,PREDICTION,src/tracking/advanced_tracker.py:id_merge,
R,PREDICTION,PREDICTION,1
A,2711
S,9,2717,DETECTION,src/tracking/advanced_tracker.py:_activate_slot,2717_483_872_668_1034
S,7,2717,PREDICTION,src/tracking/advanced_tracker.py:kalman_homography,
S,1,2717,PREDICTION,src/tracking/advanced_tracker.py:flow_gapfill_batched,
S,6,2717,PREDICTION,src/tracking/advanced_tracker.py:flow_gapfill_batched,
S,8,2717,PREDICTION,src/tracking/advanced_tracker.py:flow_gapfill_batched,
D,6,2717
S,8,2717,PREDICTION,src/tracking/advanced_tracker.py:id_merge,
D,8,2717
S,9,2717,PREDICTION,src/tracking/advanced_tracker.py:id_merge,
L,1,2717,PREDICTION,src/tracking/advanced_tracker.py:flow_gapfill_batched,
R,CLAMP,CLAMP,0
L,7,2717,PREDICTION,src/tracking/advanced_tracker.py:kalman_homography,
R,CLAMP,CLAMP,0
L,9,2717,PREDICTION,src/tracking/advanced_tracker.py:id_merge,
R,CLAMP,CLAMP,0
A,2717
S,7,2723,PREDICTION,src/tracking/advanced_tracker.py:kalman_homography,
L,7,2723,PREDICTION,src/tracking/advanced_tracker.py:kalman_homography,
R,CLAMP,CLAMP,0
A,2723
S,9,2729,DETECTION,src/tracking/advanced_tracker.py:_activate_slot,2729_477_859_668_1003
S,7,2729,PREDICTION,src/tracking/advanced_tracker.py:kalman_homography,
S,6,2729,PREDICTION,src/tracking/advanced_tracker.py:flow_gapfill_batched,
L,6,2729,PREDICTION,src/tracking/advanced_tracker.py:flow_gapfill_batched,
R,PREDICTION,PREDICTION,1
L,7,2729,PREDICTION,src/tracking/advanced_tracker.py:kalman_homography,
R,CLAMP,CLAMP,0
L,9,2729,DETECTION,src/tracking/advanced_tracker.py:_activate_slot,2729_477_859_668_1003
R,CLAMP,CLAMP,0
A,2729
S,7,2735,PREDICTION,src/tracking/advanced_tracker.py:flow_gapfill_batched,
L,7,2735,PREDICTION,src/tracking/advanced_tracker.py:flow_gapfill_batched,
R,CLAMP,CLAMP,0
A,2735
S,5,2741,DETECTION,src/tracking/advanced_tracker.py:_activate_slot,2741_213_138_368_241
L,5,2741,DETECTION,src/tracking/advanced_tracker.py:_activate_slot,2741_213_138_368_241
R,CLAMP,CLAMP,0
A,2741
S,5,2747,PREDICTION,src/tracking/advanced_tracker.py:flow_gapfill_batched,
L,5,2747,PREDICTION,src/tracking/advanced_tracker.py:flow_gapfill_batched,
R,PREDICTION,PREDICTION,1
A,2747
A,2753
S,8,2759,PREDICTION,src/tracking/advanced_tracker.py:flow_gapfill_batched,
L,8,2759,PREDICTION,src/tracking/advanced_tracker.py:flow_gapfill_batched,
R,PREDICTION,PREDICTION,1
A,2759
S,9,2765,PREDICTION,src/tracking/advanced_tracker.py:flow_gapfill_batched,
L,9,2765,PREDICTION,src/tracking/advanced_tracker.py:flow_gapfill_batched,
R,PREDICTION,PREDICTION,1
A,2765
S,6,2771,DETECTION,src/tracking/advanced_tracker.py:_activate_slot,2771_365_709_595_882
S,9,2771,PREDICTION,src/tracking/advanced_tracker.py:flow_gapfill_batched,
L,6,2771,DETECTION,src/tracking/advanced_tracker.py:_activate_slot,2771_365_709_595_882
R,DETECTION,DETECTION,1
L,9,2771,PREDICTION,src/tracking/advanced_tracker.py:flow_gapfill_batched,
R,PREDICTION,PREDICTION,1
A,2771
S,0,2777,DETECTION,src/tracking/advanced_tracker.py:_activate_slot,2777_308_907_670_1079
S,6,2777,PREDICTION,src/tracking/advanced_tracker.py:kalman_homography,
S,9,2777,PREDICTION,src/tracking/advanced_tracker.py:flow_gapfill_batched,
L,0,2777,DETECTION,src/tracking/advanced_tracker.py:_activate_slot,2777_308_907_670_1079
R,DETECTION,DETECTION,1
L,6,2777,PREDICTION,src/tracking/advanced_tracker.py:kalman_homography,
R,PREDICTION,PREDICTION,1
L,9,2777,PREDICTION,src/tracking/advanced_tracker.py:flow_gapfill_batched,
R,PREDICTION,PREDICTION,1
A,2777
S,1,2783,DETECTION,src/tracking/advanced_tracker.py:_activate_slot,2783_313_901_668_1068
S,6,2783,PREDICTION,src/tracking/advanced_tracker.py:kalman_homography,
S,0,2783,PREDICTION,src/tracking/advanced_tracker.py:flow_gapfill_batched,
D,0,2783
S,1,2783,PREDICTION,src/tracking/advanced_tracker.py:id_merge,
L,1,2783,PREDICTION,src/tracking/advanced_tracker.py:id_merge,
R,CLAMP,CLAMP,0
L,6,2783,PREDICTION,src/tracking/advanced_tracker.py:kalman_homography,
R,PREDICTION,SUBPIXEL,0
A,2783
S,2,2789,DETECTION,src/tracking/advanced_tracker.py:_activate_slot,2789_318_891_670_1058
S,6,2789,PREDICTION,src/tracking/advanced_tracker.py:kalman_homography,
S,0,2789,PREDICTION,src/tracking/advanced_tracker.py:flow_gapfill_batched,
S,1,2789,PREDICTION,src/tracking/advanced_tracker.py:flow_gapfill_batched,
S,5,2789,PREDICTION,src/tracking/advanced_tracker.py:flow_gapfill_batched,
D,0,2789
S,1,2789,PREDICTION,src/tracking/advanced_tracker.py:id_merge,
D,1,2789
S,2,2789,PREDICTION,src/tracking/advanced_tracker.py:id_merge,
L,2,2789,PREDICTION,src/tracking/advanced_tracker.py:id_merge,
R,PREDICTION,PREDICTION,1
L,5,2789,PREDICTION,src/tracking/advanced_tracker.py:flow_gapfill_batched,
R,PREDICTION,PREDICTION,1
L,6,2789,PREDICTION,src/tracking/advanced_tracker.py:kalman_homography,
R,PREDICTION,SUBPIXEL,0
A,2789
S,6,2795,PREDICTION,src/tracking/advanced_tracker.py:kalman_homography,
S,0,2795,PREDICTION,src/tracking/advanced_tracker.py:flow_gapfill_batched,
S,1,2795,PREDICTION,src/tracking/advanced_tracker.py:flow_gapfill_batched,
S,2,2795,PREDICTION,src/tracking/advanced_tracker.py:flow_gapfill_batched,
D,0,2795
S,1,2795,PREDICTION,src/tracking/advanced_tracker.py:id_merge,
D,1,2795
S,2,2795,PREDICTION,src/tracking/advanced_tracker.py:id_merge,
L,2,2795,PREDICTION,src/tracking/advanced_tracker.py:id_merge,
R,PREDICTION,PREDICTION,1
L,6,2795,PREDICTION,src/tracking/advanced_tracker.py:kalman_homography,
R,PREDICTION,SUBPIXEL,0
A,2795
S,6,2801,PREDICTION,src/tracking/advanced_tracker.py:kalman_homography,
L,6,2801,PREDICTION,src/tracking/advanced_tracker.py:kalman_homography,
R,PREDICTION,SUBPIXEL,0
A,2801
S,6,2807,PREDICTION,src/tracking/advanced_tracker.py:kalman_homography,
S,0,2807,PREDICTION,src/tracking/advanced_tracker.py:flow_gapfill_batched,
S,1,2807,PREDICTION,src/tracking/advanced_tracker.py:flow_gapfill_batched,
S,2,2807,PREDICTION,src/tracking/advanced_tracker.py:flow_gapfill_batched,
D,0,2807
S,1,2807,PREDICTION,src/tracking/advanced_tracker.py:id_merge,
D,1,2807
S,2,2807,PREDICTION,src/tracking/advanced_tracker.py:id_merge,
L,2,2807,PREDICTION,src/tracking/advanced_tracker.py:id_merge,
R,PREDICTION,PREDICTION,1
L,6,2807,PREDICTION,src/tracking/advanced_tracker.py:kalman_homography,
R,PREDICTION,SUBPIXEL,0
A,2807
S,7,2813,DETECTION,src/tracking/advanced_tracker.py:_activate_slot,2813_226_224_413_399
S,6,2813,PREDICTION,src/tracking/advanced_tracker.py:kalman_homography,
S,0,2813,PREDICTION,src/tracking/advanced_tracker.py:flow_gapfill_batched,
S,1,2813,PREDICTION,src/tracking/advanced_tracker.py:flow_gapfill_batched,
S,2,2813,PREDICTION,src/tracking/advanced_tracker.py:flow_gapfill_batched,
D,0,2813
S,1,2813,PREDICTION,src/tracking/advanced_tracker.py:id_merge,
D,1,2813
S,2,2813,PREDICTION,src/tracking/advanced_tracker.py:id_merge,
L,2,2813,PREDICTION,src/tracking/advanced_tracker.py:id_merge,
R,PREDICTION,PREDICTION,1
L,6,2813,PREDICTION,src/tracking/advanced_tracker.py:kalman_homography,
R,PREDICTION,SUBPIXEL,0
L,7,2813,DETECTION,src/tracking/advanced_tracker.py:_activate_slot,2813_226_224_413_399
R,CLAMP,CLAMP,0
A,2813
S,0,2819,PREDICTION,src/tracking/advanced_tracker.py:flow_gapfill_batched,
S,1,2819,PREDICTION,src/tracking/advanced_tracker.py:flow_gapfill_batched,
S,2,2819,PREDICTION,src/tracking/advanced_tracker.py:flow_gapfill_batched,
S,6,2819,PREDICTION,src/tracking/advanced_tracker.py:flow_gapfill_batched,
D,0,2819
S,1,2819,PREDICTION,src/tracking/advanced_tracker.py:id_merge,
D,1,2819
S,2,2819,PREDICTION,src/tracking/advanced_tracker.py:id_merge,
L,2,2819,PREDICTION,src/tracking/advanced_tracker.py:id_merge,
R,PREDICTION,PREDICTION,1
L,6,2819,PREDICTION,src/tracking/advanced_tracker.py:flow_gapfill_batched,
R,PREDICTION,PREDICTION,1
A,2819
S,1,2825,PREDICTION,src/tracking/advanced_tracker.py:flow_gapfill_batched,
S,2,2825,PREDICTION,src/tracking/advanced_tracker.py:flow_gapfill_batched,
D,1,2825
S,2,2825,PREDICTION,src/tracking/advanced_tracker.py:id_merge,
L,2,2825,PREDICTION,src/tracking/advanced_tracker.py:id_merge,
R,PREDICTION,PREDICTION,1
A,2825
S,1,2831,PREDICTION,src/tracking/advanced_tracker.py:flow_gapfill_batched,
S,2,2831,PREDICTION,src/tracking/advanced_tracker.py:flow_gapfill_batched,
D,1,2831
S,2,2831,PREDICTION,src/tracking/advanced_tracker.py:id_merge,
L,2,2831,PREDICTION,src/tracking/advanced_tracker.py:id_merge,
R,PREDICTION,PREDICTION,1
A,2831
S,2,2837,PREDICTION,src/tracking/advanced_tracker.py:flow_gapfill_batched,
L,2,2837,PREDICTION,src/tracking/advanced_tracker.py:flow_gapfill_batched,
R,PREDICTION,PREDICTION,1
A,2837
S,7,2843,PREDICTION,src/tracking/advanced_tracker.py:flow_gapfill_batched,
L,7,2843,PREDICTION,src/tracking/advanced_tracker.py:flow_gapfill_batched,
R,CLAMP,CLAMP,0
A,2843
S,7,2849,PREDICTION,src/tracking/advanced_tracker.py:flow_gapfill_batched,
L,7,2849,PREDICTION,src/tracking/advanced_tracker.py:flow_gapfill_batched,
R,CLAMP,CLAMP,0
A,2849
S,7,2855,PREDICTION,src/tracking/advanced_tracker.py:flow_gapfill_batched,
L,7,2855,PREDICTION,src/tracking/advanced_tracker.py:flow_gapfill_batched,
R,CLAMP,CLAMP,0
A,2855
S,7,2861,PREDICTION,src/tracking/advanced_tracker.py:flow_gapfill_batched,
L,7,2861,PREDICTION,src/tracking/advanced_tracker.py:flow_gapfill_batched,
R,CLAMP,CLAMP,0
A,2861
S,0,2867,DETECTION,src/tracking/advanced_tracker.py:_activate_slot,2867_426_694_595_898
L,0,2867,DETECTION,src/tracking/advanced_tracker.py:_activate_slot,2867_426_694_595_898
R,DETECTION,DETECTION,1
A,2867
S,5,2873,DETECTION,src/tracking/advanced_tracker.py:_activate_slot,2873_421_676_595_888
S,0,2873,PREDICTION,src/tracking/advanced_tracker.py:kalman_homography,
L,0,2873,PREDICTION,src/tracking/advanced_tracker.py:kalman_homography,
R,PREDICTION,PREDICTION,1
L,5,2873,DETECTION,src/tracking/advanced_tracker.py:_activate_slot,2873_421_676_595_888
R,DETECTION,DETECTION,1
A,2873
S,6,2879,DETECTION,src/tracking/advanced_tracker.py:_activate_slot,2879_-12_651_668_1289
S,0,2879,PREDICTION,src/tracking/advanced_tracker.py:kalman_homography,
S,5,2879,PREDICTION,src/tracking/advanced_tracker.py:flow_gapfill_batched,
D,5,2879
S,6,2879,PREDICTION,src/tracking/advanced_tracker.py:id_merge,
L,0,2879,PREDICTION,src/tracking/advanced_tracker.py:kalman_homography,
R,PREDICTION,SUBPIXEL,0
L,6,2879,PREDICTION,src/tracking/advanced_tracker.py:id_merge,
R,PREDICTION,PREDICTION,1
A,2879
S,8,2885,DETECTION,src/tracking/advanced_tracker.py:_activate_slot,2885_-13_638_665_1290
S,0,2885,PREDICTION,src/tracking/advanced_tracker.py:kalman_homography,
S,6,2885,PREDICTION,src/tracking/advanced_tracker.py:flow_gapfill_batched,
D,6,2885
S,8,2885,PREDICTION,src/tracking/advanced_tracker.py:id_merge,
L,0,2885,PREDICTION,src/tracking/advanced_tracker.py:kalman_homography,
R,PREDICTION,SUBPIXEL,0
L,8,2885,PREDICTION,src/tracking/advanced_tracker.py:id_merge,
R,PREDICTION,PREDICTION,1
A,2885
S,9,2891,DETECTION,src/tracking/advanced_tracker.py:_activate_slot,2891_-13_643_666_1261
S,0,2891,PREDICTION,src/tracking/advanced_tracker.py:kalman_homography,
S,5,2891,PREDICTION,src/tracking/advanced_tracker.py:flow_gapfill_batched,
S,6,2891,PREDICTION,src/tracking/advanced_tracker.py:flow_gapfill_batched,
S,8,2891,PREDICTION,src/tracking/advanced_tracker.py:flow_gapfill_batched,
D,5,2891
S,6,2891,PREDICTION,src/tracking/advanced_tracker.py:id_merge,
D,6,2891
S,8,2891,PREDICTION,src/tracking/advanced_tracker.py:id_merge,
D,8,2891
S,9,2891,PREDICTION,src/tracking/advanced_tracker.py:id_merge,
L,0,2891,PREDICTION,src/tracking/advanced_tracker.py:kalman_homography,
R,PREDICTION,SUBPIXEL,0
L,9,2891,PREDICTION,src/tracking/advanced_tracker.py:id_merge,
R,PREDICTION,PREDICTION,1
A,2891
S,1,2897,DETECTION,src/tracking/advanced_tracker.py:_activate_slot,2897_-12_638_667_1248
S,0,2897,PREDICTION,src/tracking/advanced_tracker.py:kalman_homography,
S,6,2897,PREDICTION,src/tracking/advanced_tracker.py:flow_gapfill_batched,
S,8,2897,PREDICTION,src/tracking/advanced_tracker.py:flow_gapfill_batched,
S,9,2897,PREDICTION,src/tracking/advanced_tracker.py:flow_gapfill_batched,
D,0,2897
S,1,2897,PREDICTION,src/tracking/advanced_tracker.py:id_merge,
D,6,2897
S,8,2897,PREDICTION,src/tracking/advanced_tracker.py:id_merge,
D,8,2897
S,9,2897,PREDICTION,src/tracking/advanced_tracker.py:id_merge,
L,1,2897,PREDICTION,src/tracking/advanced_tracker.py:id_merge,
R,CLAMP,CLAMP,0
L,9,2897,PREDICTION,src/tracking/advanced_tracker.py:id_merge,
R,PREDICTION,PREDICTION,1
A,2897
S,1,2903,DETECTION,src/tracking/advanced_tracker.py:_activate_slot,2903_-13_644_667_1244
S,0,2903,PREDICTION,src/tracking/advanced_tracker.py:kalman_homography,
S,6,2903,PREDICTION,src/tracking/advanced_tracker.py:flow_gapfill_batched,
S,8,2903,PREDICTION,src/tracking/advanced_tracker.py:flow_gapfill_batched,
S,9,2903,PREDICTION,src/tracking/advanced_tracker.py:flow_gapfill_batched,
D,0,2903
S,1,2903,PREDICTION,src/tracking/advanced_tracker.py:id_merge,
D,6,2903
S,8,2903,PREDICTION,src/tracking/advanced_tracker.py:id_merge,
D,8,2903
S,9,2903,PREDICTION,src/tracking/advanced_tracker.py:id_merge,
L,1,2903,PREDICTION,src/tracking/advanced_tracker.py:id_merge,
R,CLAMP,CLAMP,0
L,9,2903,PREDICTION,src/tracking/advanced_tracker.py:id_merge,
R,PREDICTION,PREDICTION,1
A,2903
S,1,2909,DETECTION,src/tracking/advanced_tracker.py:_activate_slot,2909_-13_645_667_1230
S,0,2909,PREDICTION,src/tracking/advanced_tracker.py:kalman_homography,
S,6,2909,PREDICTION,src/tracking/advanced_tracker.py:flow_gapfill_batched,
S,8,2909,PREDICTION,src/tracking/advanced_tracker.py:flow_gapfill_batched,
S,9,2909,PREDICTION,src/tracking/advanced_tracker.py:flow_gapfill_batched,
D,6,2909
S,8,2909,PREDICTION,src/tracking/advanced_tracker.py:id_merge,
D,8,2909
S,9,2909,PREDICTION,src/tracking/advanced_tracker.py:id_merge,
L,0,2909,PREDICTION,src/tracking/advanced_tracker.py:kalman_homography,
R,PREDICTION,SUBPIXEL,0
L,1,2909,DETECTION,src/tracking/advanced_tracker.py:_activate_slot,2909_-13_645_667_1230
R,CLAMP,CLAMP,0
L,9,2909,PREDICTION,src/tracking/advanced_tracker.py:id_merge,
R,PREDICTION,PREDICTION,1
A,2909
S,0,2915,PREDICTION,src/tracking/advanced_tracker.py:flow_gapfill_batched,
L,0,2915,PREDICTION,src/tracking/advanced_tracker.py:flow_gapfill_batched,
R,PREDICTION,PREDICTION,1
A,2915
