A,2089
A,2095
A,2101
S,5,2107,DETECTION,src/tracking/advanced_tracker.py:_activate_slot,2107_468_-15_662_101
L,5,2107,DETECTION,src/tracking/advanced_tracker.py:_activate_slot,2107_468_-15_662_101
R,DETECTION,DETECTION,1
A,2107
S,5,2113,DETECTION,src/tracking/advanced_tracker.py:_activate_slot,2113_469_-15_670_123
L,5,2113,DETECTION,src/tracking/advanced_tracker.py:_activate_slot,2113_469_-15_670_123
R,DETECTION,DETECTION,1
A,2113
S,5,2119,DETECTION,src/tracking/advanced_tracker.py:_activate_slot,2119_458_-15_669_125
L,5,2119,DETECTION,src/tracking/advanced_tracker.py:_activate_slot,2119_458_-15_669_125
R,DETECTION,DETECTION,1
A,2119
S,0,2125,DETECTION,src/tracking/advanced_tracker.py:_activate_slot,2125_450_-15_669_120
S,5,2125,PREDICTION,src/tracking/advanced_tracker.py:flow_gapfill_batched,
L,0,2125,DETECTION,src/tracking/advanced_tracker.py:_activate_slot,2125_450_-15_669_120
R,DETECTION,DETECTION,1
L,5,2125,PREDICTION,src/tracking/advanced_tracker.py:flow_gapfill_batched,
R,PREDICTION,PREDICTION,1
A,2125
A,2131
S,5,2137,DETECTION,src/tracking/advanced_tracker.py:_activate_slot,2137_460_-15_634_104
S,6,2137,DETECTION,src/tracking/advanced_tracker.py:_activate_slot,2137_469_114_636_247
S,0,2137,PREDICTION,src/tracking/advanced_tracker.py:flow_gapfill_batched,
D,5,2137
S,6,2137,PREDICTION,src/tracking/advanced_tracker.py:id_merge,
L,0,2137,PREDICTION,src/tracking/advanced_tracker.py:flow_gapfill_batched,
R,PREDICTION,PREDICTION,1
L,6,2137,PREDICTION,src/tracking/advanced_tracker.py:id_merge,
R,PREDICTION,PREDICTION,1
A,2137
S,6,2143,DETECTION,src/tracking/advanced_tracker.py:_activate_slot,2143_467_132_615_250
S,7,2143,DETECTION,src/tracking/advanced_tracker.py:_activate_slot,2143_468_107_632_251
S,5,2143,PREDICTION,src/tracking/advanced_tracker.py:kalman_homography,
S,0,2143,PREDICTION,src/tracking/advanced_tracker.py:flow_gapfill_batched,
D,5,2143
S,6,2143,PREDICTION,src/tracking/advanced_tracker.py:id_merge,
D,6,2143
S,7,2143,PREDICTION,src/tracking/advanced_tracker.py:id_merge,
L,0,2143,PREDICTION,src/tracking/advanced_tracker.py:flow_gapfill_batched,
R,PREDICTION,PREDICTION,1
L,7,2143,PREDICTION,src/tracking/advanced_tracker.py:id_merge,
R,PREDICTION,PREDICTION,1
A,2143
S,5,2149,PREDICTION,src/tracking/advanced_tracker.py:kalman_homography,
S,6,2149,PREDICTION,src/tracking/advanced_tracker.py:kalman_homography,
S,0,2149,PREDICTION,src/tracking/advanced_tracker.py:flow_gapfill_batched,
S,7,2149,PREDICTION,src/tracking/advanced_tracker.py:flow_gapfill_batched,
D,5,2149
S,6,2149,PREDICTION,src/tracking/advanced_tracker.py:id_merge,
D,6,2149
S,7,2149,PREDICTION,src/tracking/advanced_tracker.py:id_merge,
L,0,2149,PREDICTION,src/tracking/advanced_tracker.py:flow_gapfill_batched,
R,PREDICTION,PREDICTION,1
L,7,2149,PREDICTION,src/tracking/advanced_tracker.py:id_merge,
R,PREDICTION,PREDICTION,1
A,2149
S,5,2155,PREDICTION,src/tracking/advanced_tracker.py:kalman_homography,
S,6,2155,PREDICTION,src/tracking/advanced_tracker.py:kalman_homography,
S,0,2155,PREDICTION,src/tracking/advanced_tracker.py:flow_gapfill_batched,
S,7,2155,PREDICTION,src/tracking/advanced_tracker.py:flow_gapfill_batched,
D,5,2155
S,6,2155,PREDICTION,src/tracking/advanced_tracker.py:id_merge,
D,6,2155
S,7,2155,PREDICTION,src/tracking/advanced_tracker.py:id_merge,
L,0,2155,PREDICTION,src/tracking/advanced_tracker.py:flow_gapfill_batched,
R,PREDICTION,PREDICTION,1
L,7,2155,PREDICTION,src/tracking/advanced_tracker.py:id_merge,
R,PREDICTION,PREDICTION,1
A,2155
S,5,2161,PREDICTION,src/tracking/advanced_tracker.py:kalman_homography,
S,6,2161,PREDICTION,src/tracking/advanced_tracker.py:kalman_homography,
S,0,2161,PREDICTION,src/tracking/advanced_tracker.py:flow_gapfill_batched,
S,7,2161,PREDICTION,src/tracking/advanced_tracker.py:flow_gapfill_batched,
D,5,2161
S,6,2161,PREDICTION,src/tracking/advanced_tracker.py:id_merge,
D,6,2161
S,7,2161,PREDICTION,src/tracking/advanced_tracker.py:id_merge,
L,0,2161,PREDICTION,src/tracking/advanced_tracker.py:flow_gapfill_batched,
R,PREDICTION,PREDICTION,1
L,7,2161,PREDICTION,src/tracking/advanced_tracker.py:id_merge,
R,PREDICTION,PREDICTION,1
A,2161
S,5,2167,PREDICTION,src/tracking/advanced_tracker.py:kalman_homography,
S,6,2167,PREDICTION,src/tracking/advanced_tracker.py:kalman_homography,
S,7,2167,PREDICTION,src/tracking/advanced_tracker.py:flow_gapfill_batched,
D,5,2167
S,6,2167,PREDICTION,src/tracking/advanced_tracker.py:id_merge,
D,6,2167
S,7,2167,PREDICTION,src/tracking/advanced_tracker.py:id_merge,
L,7,2167,PREDICTION,src/tracking/advanced_tracker.py:id_merge,
R,PREDICTION,PREDICTION,1
A,2167
S,5,2173,PREDICTION,src/tracking/advanced_tracker.py:kalman_homography,
S,6,2173,PREDICTION,src/tracking/advanced_tracker.py:kalman_homography,
S,0,2173,PREDICTION,src/tracking/advanced_tracker.py:flow_gapfill_batched,
S,7,2173,PREDICTION,src/tracking/advanced_tracker.py:flow_gapfill_batched,
D,5,2173
S,6,2173,PREDICTION,src/tracking/advanced_tracker.py:id_merge,
D,6,2173
S,7,2173,PREDICTION,src/tracking/advanced_tracker.py:id_merge,
L,0,2173,PREDICTION,src/tracking/advanced_tracker.py:flow_gapfill_batched,
R,PREDICTION,PREDICTION,1
L,7,2173,PREDICTION,src/tracking/advanced_tracker.py:id_merge,
R,PREDICTION,PREDICTION,1
A,2173
S,5,2179,PREDICTION,src/tracking/advanced_tracker.py:kalman_homography,
S,6,2179,PREDICTION,src/tracking/advanced_tracker.py:kalman_homography,
S,7,2179,PREDICTION,src/tracking/advanced_tracker.py:flow_gapfill_batched,
D,5,2179
S,6,2179,PREDICTION,src/tracking/advanced_tracker.py:id_merge,
D,6,2179
S,7,2179,PREDICTION,src/tracking/advanced_tracker.py:id_merge,
L,7,2179,PREDICTION,src/tracking/advanced_tracker.py:id_merge,
R,PREDICTION,PREDICTION,1
A,2179
S,6,2185,PREDICTION,src/tracking/advanced_tracker.py:kalman_homography,
S,5,2185,PREDICTION,src/tracking/advanced_tracker.py:flow_gapfill_batched,
S,7,2185,PREDICTION,src/tracking/advanced_tracker.py:flow_gapfill_batched,
D,5,2185
S,6,2185,PREDICTION,src/tracking/advanced_tracker.py:id_merge,
D,6,2185
S,7,2185,PREDICTION,src/tracking/advanced_tracker.py:id_merge,
L,7,2185,PREDICTION,src/tracking/advanced_tracker.py:id_merge,
R,PREDICTION,PREDICTION,1
A,2185
S,6,2191,PREDICTION,src/tracking/advanced_tracker.py:flow_gapfill_batched,
S,7,2191,PREDICTION,src/tracking/advanced_tracker.py:flow_gapfill_batched,
D,6,2191
S,7,2191,PREDICTION,src/tracking/advanced_tracker.py:id_merge,
L,7,2191,PREDICTION,src/tracking/advanced_tracker.py:id_merge,
R,PREDICTION,PREDICTION,1
A,2191
A,2197
A,2203
A,2209
A,2215
S,0,2221,DETECTION,src/tracking/advanced_tracker.py:_activate_slot,2221_155_-15_659_100
L,0,2221,DETECTION,src/tracking/advanced_tracker.py:_activate_slot,2221_155_-15_659_100
R,DETECTION,DETECTION,1
A,2221
S,7,2227,DETECTION,src/tracking/advanced_tracker.py:_activate_slot,2227_147_-15_668_118
S,0,2227,PREDICTION,src/tracking/advanced_tracker.py:kalman_homography,
L,0,2227,PREDICTION,src/tracking/advanced_tracker.py:kalman_homography,
R,PREDICTION,PREDICTION,1
L,7,2227,DETECTION,src/tracking/advanced_tracker.py:_activate_slot,2227_147_-15_668_118
R,DETECTION,DETECTION,1
A,2227
S,7,2233,DETECTION,src/tracking/advanced_tracker.py:_activate_slot,2233_139_-15_671_130
S,0,2233,PREDICTION,src/tracking/advanced_tracker.py:kalman_homography,
L,0,2233,PREDICTION,src/tracking/advanced_tracker.py:kalman_homography,
R,PREDICTION,SUBPIXEL,0
L,7,2233,DETECTION,src/tracking/advanced_tracker.py:_activate_slot,2233_139_-15_671_130
R,DETECTION,DETECTION,1
A,2233
S,7,2239,DETECTION,src/tracking/advanced_tracker.py:_activate_slot,2239_135_-15_669_146
S,0,2239,PREDICTION,src/tracking/advanced_tracker.py:kalman_homography,
L,0,2239,PREDICTION,src/tracking/advanced_tracker.py:kalman_homography,
R,PREDICTION,SUBPIXEL,0
L,7,2239,DETECTION,src/tracking/advanced_tracker.py:_activate_slot,2239_135_-15_669_146
R,DETECTION,DETECTION,1
A,2239
S,7,2245,DETECTION,src/tracking/advanced_tracker.py:_activate_slot,2245_128_-15_668_165
S,0,2245,PREDICTION,src/tracking/advanced_tracker.py:kalman_homography,
L,0,2245,PREDICTION,src/tracking/advanced_tracker.py:kalman_homography,
R,PREDICTION,SUBPIXEL,0
L,7,2245,DETECTION,src/tracking/advanced_tracker.py:_activate_slot,2245_128_-15_668_165
R,DETECTION,DETECTION,1
A,2245
S,0,2251,PREDICTION,src/tracking/advanced_tracker.py:kalman_homography,
L,0,2251,PREDICTION,src/tracking/advanced_tracker.py:kalman_homography,
R,PREDICTION,SUBPIXEL,0
A,2251
S,5,2257,DETECTION,src/tracking/advanced_tracker.py:_activate_slot,2257_467_150_614_259
S,0,2257,PREDICTION,src/tracking/advanced_tracker.py:kalman_homography,
L,0,2257,PREDICTION,src/tracking/advanced_tracker.py:kalman_homography,
R,PREDICTION,SUBPIXEL,0
L,5,2257,DETECTION,src/tracking/advanced_tracker.py:_activate_slot,2257_467_150_614_259
R,DETECTION,DETECTION,1
A,2257
S,5,2263,DETECTION,src/tracking/advanced_tracker.py:_activate_slot,2263_464_146_610_258
S,0,2263,PREDICTION,src/tracking/advanced_tracker.py:kalman_homography,
S,7,2263,PREDICTION,src/tracking/advanced_tracker.py:flow_gapfill_batched,
D,7,2263
S,5,2263,PREDICTION,src/tracking/advanced_tracker.py:id_merge,
L,0,2263,PREDICTION,src/tracking/advanced_tracker.py:kalman_homography,
R,PREDICTION,SUBPIXEL,0
L,5,2263,PREDICTION,src/tracking/advanced_tracker.py:id_merge,
R,PREDICTION,PREDICTION,1
A,2263
S,5,2269,DETECTION,src/tracking/advanced_tracker.py:_activate_slot,2269_466_146_618_259
S,0,2269,PREDICTION,src/tracking/advanced_tracker.py:flow_gapfill_batched,
S,7,2269,PREDICTION,src/tracking/advanced_tracker.py:flow_gapfill_batched,
D,7,2269
S,5,2269,PREDICTION,src/tracking/advanced_tracker.py:id_merge,
L,0,2269,PREDICTION,src/tracking/advanced_tracker.py:flow_gapfill_batched,
R,PREDICTION,PREDICTION,1
L,5,2269,PREDICTION,src/tracking/advanced_tracker.py:id_merge,
R,PREDICTION,PREDICTION,1
A,2269
S,5,2275,DETECTION,src/tracking/advanced_tracker.py:_activate_slot,2275_468_143_629_259
L,5,2275,DETECTION,src/tracking/advanced_tracker.py:_activate_slot,2275_468_143_629_259
R,DETECTION,DETECTION,1
A,2275
S,5,2281,DETECTION,src/tracking/advanced_tracker.py:_activate_slot,2281_468_149_617_259
S,7,2281,PREDICTION,src/tracking/advanced_tracker.py:kalman_homography,
D,7,2281
S,5,2281,PREDICTION,src/tracking/advanced_tracker.py:id_merge,
L,5,2281,PREDICTION,src/tracking/advanced_tracker.py:id_merge,
R,PREDICTION,PREDICTION,1
A,2281
S,7,2287,PREDICTION,src/tracking/advanced_tracker.py:kalman_homography,
S,5,2287,PREDICTION,src/tracking/advanced_tracker.py:flow_gapfill_batched,
D,7,2287
S,5,2287,PREDICTION,src/tracking/advanced_tracker.py:id_merge,
L,5,2287,PREDICTION,src/tracking/advanced_tracker.py:id_merge,
R,PREDICTION,PREDICTION,1
A,2287
S,5,2293,PREDICTION,src/tracking/advanced_tracker.py:flow_gapfill_batched,
S,7,2293,PREDICTION,src/tracking/advanced_tracker.py:flow_gapfill_batched,
D,7,2293
S,5,2293,PREDICTION,src/tracking/advanced_tracker.py:id_merge,
L,5,2293,PREDICTION,src/tracking/advanced_tracker.py:id_merge,
R,PREDICTION,PREDICTION,1
A,2293
S,5,2299,DETECTION,src/tracking/advanced_tracker.py:_activate_slot,2299_450_181_594_279
L,5,2299,DETECTION,src/tracking/advanced_tracker.py:_activate_slot,2299_450_181_594_279
R,DETECTION,DETECTION,1
A,2299
S,5,2305,DETECTION,src/tracking/advanced_tracker.py:_activate_slot,2305_459_184_600_278
L,5,2305,DETECTION,src/tracking/advanced_tracker.py:_activate_slot,2305_459_184_600_278
R,DETECTION,DETECTION,1
A,2305
S,5,2311,PREDICTION,src/tracking/advanced_tracker.py:kalman_homography,
L,5,2311,PREDICTION,src/tracking/advanced_tracker.py:kalman_homography,
R,PREDICTION,PREDICTION,1
A,2311
S,6,2317,DETECTION,src/tracking/advanced_tracker.py:_activate_slot,2317_168_242_548_504
S,5,2317,PREDICTION,src/tracking/advanced_tracker.py:kalman_homography,
D,5,2317
S,6,2317,PREDICTION,src/tracking/advanced_tracker.py:id_merge,
L,6,2317,PREDICTION,src/tracking/advanced_tracker.py:id_merge,
R,PREDICTION,PREDICTION,1
A,2317
S,5,2323,PREDICTION,src/tracking/advanced_tracker.py:flow_gapfill_render,
S,6,2323,PREDICTION,src/tracking/advanced_tracker.py:flow_gapfill_render,
L,5,2323,PREDICTION,src/tracking/advanced_tracker.py:flow_gapfill_render,
R,PREDICTION,PREDICTION,1
L,6,2323,PREDICTION,src/tracking/advanced_tracker.py:flow_gapfill_render,
R,PREDICTION,PREDICTION,1
A,2323
A,2329
A,2335
A,2341
S,5,2347,PREDICTION,src/tracking/advanced_tracker.py:kalman_homography,
S,6,2347,PREDICTION,src/tracking/advanced_tracker.py:kalman_homography,
D,5,2347
S,6,2347,PREDICTION,src/tracking/advanced_tracker.py:id_merge,
L,6,2347,PREDICTION,src/tracking/advanced_tracker.py:id_merge,
R,PREDICTION,PREDICTION,1
A,2347
S,6,2353,PREDICTION,src/tracking/advanced_tracker.py:kalman_homography,
L,6,2353,PREDICTION,src/tracking/advanced_tracker.py:kalman_homography,
R,PREDICTION,SUBPIXEL,0
A,2353
S,6,2359,PREDICTION,src/tracking/advanced_tracker.py:kalman_homography,
L,6,2359,PREDICTION,src/tracking/advanced_tracker.py:kalman_homography,
R,PREDICTION,SUBPIXEL,0
A,2359
A,2365
A,2371
A,2377
A,2383
A,2389
A,2395
S,0,2401,DETECTION,src/tracking/advanced_tracker.py:_activate_slot,2401_527_99_640_195
L,0,2401,DETECTION,src/tracking/advanced_tracker.py:_activate_slot,2401_527_99_640_195
R,DETECTION,DETECTION,1
A,2401
S,5,2407,DETECTION,src/tracking/advanced_tracker.py:_activate_slot,2407_113_-15_667_167
S,6,2407,DETECTION,src/tracking/advanced_tracker.py:_activate_slot,2407_516_101_622_205
S,0,2407,PREDICTION,src/tracking/advanced_tracker.py:flow_gapfill_batched,
D,5,2407
S,6,2407,PREDICTION,src/tracking/advanced_tracker.py:id_merge,
L,0,2407,PREDICTION,src/tracking/advanced_tracker.py:flow_gapfill_batched,
R,PREDICTION,PREDICTION,1
L,6,2407,PREDICTION,src/tracking/advanced_tracker.py:id_merge,
R,PREDICTION,PREDICTION,1
A,2407
S,5,2413,DETECTION,src/tracking/advanced_tracker.py:_activate_slot,2413_104_-15_670_158
S,6,2413,DETECTION,src/tracking/advanced_tracker.py:_activate_slot,2413_441_79_611_173
S,0,2413,PREDICTION,src/tracking/advanced_tracker.py:flow_gapfill_batched,
D,5,2413
S,6,2413,PREDICTION,src/tracking/advanced_tracker.py:id_merge,
L,0,2413,PREDICTION,src/tracking/advanced_tracker.py:flow_gapfill_batched,
R,PREDICTION,PREDICTION,1
L,6,2413,PREDICTION,src/tracking/advanced_tracker.py:id_merge,
R,PREDICTION,PREDICTION,1
A,2413
S,5,2419,DETECTION,src/tracking/advanced_tracker.py:_activate_slot,2419_103_-15_668_119
S,6,2419,DETECTION,src/tracking/advanced_tracker.py:_activate_slot,2419_435_55_616_168
S,0,2419,PREDICTION,src/tracking/advanced_tracker.py:flow_gapfill_batched,
D,5,2419
S,6,2419,PREDICTION,src/tracking/advanced_tracker.py:id_merge,
L,0,2419,PREDICTION,src/tracking/advanced_tracker.py:flow_gapfill_batched,
R,PREDICTION,PREDICTION,1
L,6,2419,PREDICTION,src/tracking/advanced_tracker.py:id_merge,
R,PREDICTION,PREDICTION,1
A,2419
S,1,2425,DETECTION,src/tracking/advanced_tracker.py:_activate_slot,2425_112_-15_662_86
S,2,2425,DETECTION,src/tracking/advanced_tracker.py:_activate_slot,2425_440_34_659_159
S,6,2425,PREDICTION,src/tracking/advanced_tracker.py:kalman_homography,
S,0,2425,PREDICTION,src/tracking/advanced_tracker.py:flow_gapfill_batched,
D,0,2425
S,1,2425,PREDICTION,src/tracking/advanced_tracker.py:id_merge,
D,1,2425
S,2,2425,PREDICTION,src/tracking/advanced_tracker.py:id_merge,
L,2,2425,PREDICTION,src/tracking/advanced_tracker.py:id_merge,
R,PREDICTION,PREDICTION,1
L,6,2425,PREDICTION,src/tracking/advanced_tracker.py:kalman_homography,
R,PREDICTION,PREDICTION,1
A,2425
S,2,2431,DETECTION,src/tracking/advanced_tracker.py:_activate_slot,2431_442_-5_656_156
S,6,2431,PREDICTION,src/tracking/advanced_tracker.py:kalman_homography,
S,0,2431,PREDICTION,src/tracking/advanced_tracker.py:flow_gapfill_batched,
S,1,2431,PREDICTION,src/tracking/advanced_tracker.py:flow_gapfill_batched,
D,0,2431
S,1,2431,PREDICTION,src/tracking/advanced_tracker.py:id_merge,
D,1,2431
S,2,2431,PREDICTION,src/tracking/advanced_tracker.py:id_merge,
L,2,2431,PREDICTION,src/tracking/advanced_tracker.py:id_merge,
R,PREDICTION,PREDICTION,1
L,6,2431,PREDICTION,src/tracking/advanced_tracker.py:kalman_homography,
R,PREDICTION,PREDICTION,1
A,2431
S,7,2437,DETECTION,src/tracking/advanced_tracker.py:_activate_slot,2437_437_-15_671_150
S,2,2437,PREDICTION,src/tracking/advanced_tracker.py:kalman_homography,
S,6,2437,PREDICTION,src/tracking/advanced_tracker.py:kalman_homography,
S,0,2437,PREDICTION,src/tracking/advanced_tracker.py:flow_gapfill_batched,
D,0,2437
S,2,2437,PREDICTION,src/tracking/advanced_tracker.py:id_merge,
L,2,2437,PREDICTION,src/tracking/advanced_tracker.py:id_merge,
R,PREDICTION,PREDICTION,1
L,6,2437,PREDICTION,src/tracking/advanced_tracker.py:kalman_homography,
R,PREDICTION,PREDICTION,1
L,7,2437,DETECTION,src/tracking/advanced_tracker.py:_activate_slot,2437_437_-15_671_150
R,DETECTION,SUBPIXEL,0
A,2437
S,2,2443,PREDICTION,src/tracking/advanced_tracker.py:kalman_homography,
S,6,2443,PREDICTION,src/tracking/advanced_tracker.py:kalman_homography,
S,0,2443,PREDICTION,src/tracking/advanced_tracker.py:flow_gapfill_batched,
S,1,2443,PREDICTION,src/tracking/advanced_tracker.py:flow_gapfill_batched,
D,0,2443
S,1,2443,PREDICTION,src/tracking/advanced_tracker.py:id_merge,
D,1,2443
S,2,2443,PREDICTION,src/tracking/advanced_tracker.py:id_merge,
L,2,2443,PREDICTION,src/tracking/advanced_tracker.py:id_merge,
R,PREDICTION,PREDICTION,1
L,6,2443,PREDICTION,src/tracking/advanced_tracker.py:kalman_homography,
R,PREDICTION,PREDICTION,1
A,2443
S,2,2449,PREDICTION,src/tracking/advanced_tracker.py:kalman_homography,
S,6,2449,PREDICTION,src/tracking/advanced_tracker.py:kalman_homography,
S,0,2449,PREDICTION,src/tracking/advanced_tracker.py:flow_gapfill_batched,
S,1,2449,PREDICTION,src/tracking/advanced_tracker.py:flow_gapfill_batched,
S,5,2449,PREDICTION,src/tracking/advanced_tracker.py:flow_gapfill_batched,
S,7,2449,PREDICTION,src/tracking/advanced_tracker.py:flow_gapfill_batched,
D,0,2449
S,1,2449,PREDICTION,src/tracking/advanced_tracker.py:id_merge,
D,1,2449
S,2,2449,PREDICTION,src/tracking/advanced_tracker.py:id_merge,
D,5,2449
S,7,2449,PREDICTION,src/tracking/advanced_tracker.py:id_merge,
L,2,2449,PREDICTION,src/tracking/advanced_tracker.py:id_merge,
R,PREDICTION,PREDICTION,1
L,6,2449,PREDICTION,src/tracking/advanced_tracker.py:kalman_homography,
R,PREDICTION,PREDICTION,1
L,7,2449,PREDICTION,src/tracking/advanced_tracker.py:id_merge,
R,PREDICTION,PREDICTION,1
A,2449
S,3,2455,DETECTION,src/tracking/advanced_tracker.py:_activate_slot,2455_-14_371_605_956
S,4,2455,DETECTION,src/tracking/advanced_tracker.py:_activate_slot,2455_394_1123_674_1295
S,8,2455,DETECTION,src/tracking/advanced_tracker.py:_activate_slot,2455_600_952_675_1044
S,9,2455,DETECTION,src/tracking/advanced_tracker.py:_activate_slot,2455_526_1002_671_1132
D,8,2455
S,9,2455,PREDICTION,src/tracking/advanced_tracker.py:id_merge,
L,3,2455,DETECTION,src/tracking/advanced_tracker.py:_activate_slot,2455_-14_371_605_956
R,DETECTION,DETECTION,1
L,4,2455,DETECTION,src/tracking/advanced_tracker.py:_activate_slot,2455_394_1123_674_1295
R,DETECTION,DETECTION,1
L,9,2455,PREDICTION,src/tracking/advanced_tracker.py:id_merge,
R,PREDICTION,PREDICTION,1
A,2455
S,3,2461,DETECTION,src/tracking/advanced_tracker.py:_activate_slot,2461_-15_363_600_947
S,4,2461,DETECTION,src/tracking/advanced_tracker.py:_activate_slot,2461_401_1121_675_1295
S,8,2461,DETECTION,src/tracking/advanced_tracker.py:_activate_slot,2461_605_948_675_1042
S,9,2461,PREDICTION,src/tracking/advanced_tracker.py:flow_gapfill_batched,
D,9,2461
S,8,2461,PREDICTION,src/tracking/advanced_tracker.py:id_merge,
L,3,2461,DETECTION,src/tracking/advanced_tracker.py:_activate_slot,2461_-15_363_600_947
R,DETECTION,DETECTION,1
L,4,2461,DETECTION,src/tracking/advanced_tracker.py:_activate_slot,2461_401_1121_675_1295
R,DETECTION,DETECTION,1
L,8,2461,PREDICTION,src/tracking/advanced_tracker.py:id_merge,
R,PREDICTION,PREDICTION,1
A,2461
S,3,2467,DETECTION,src/tracking/advanced_tracker.py:_activate_slot,2467_-14_345_601_937
S,4,2467,DETECTION,src/tracking/advanced_tracker.py:_activate_slot,2467_540_977_674_1109
S,8,2467,DETECTION,src/tracking/advanced_tracker.py:_activate_slot,2467_408_1117_675_1295
L,3,2467,DETECTION,src/tracking/advanced_tracker.py:_activate_slot,2467_-14_345_601_937
R,DETECTION,DETECTION,1
L,4,2467,DETECTION,src/tracking/advanced_tracker.py:_activate_slot,2467_540_977_674_1109
R,DETECTION,DETECTION,1
L,8,2467,DETECTION,src/tracking/advanced_tracker.py:_activate_slot,2467_408_1117_675_1295
R,DETECTION,DETECTION,1
A,2467
S,3,2473,DETECTION,src/tracking/advanced_tracker.py:_activate_slot,2473_-15_322_600_927
S,8,2473,DETECTION,src/tracking/advanced_tracker.py:_activate_slot,2473_415_1109_675_1295
S,9,2473,DETECTION,src/tracking/advanced_tracker.py:_activate_slot,2473_547_990_674_1096
S,4,2473,PREDICTION,src/tracking/advanced_tracker.py:flow_gapfill_batched,
L,3,2473,DETECTION,src/tracking/advanced_tracker.py:_activate_slot,2473_-15_322_600_927
R,DETECTION,DETECTION,1
L,4,2473,PREDICTION,src/tracking/advanced_tracker.py:flow_gapfill_batched,
R,PREDICTION,PREDICTION,1
L,8,2473,DETECTION,src/tracking/advanced_tracker.py:_activate_slot,2473_415_1109_675_1295
R,DETECTION,DETECTION,1
L,9,2473,DETECTION,src/tracking/advanced_tracker.py:_activate_slot,2473_547_990_674_1096
R,DETECTION,DETECTION,1
A,2473
S,3,2479,PREDICTION,src/tracking/advanced_tracker.py:flow_gapfill_batched,
S,8,2479,PREDICTION,src/tracking/advanced_tracker.py:flow_gapfill_batched,
L,3,2479,PREDICTION,src/tracking/advanced_tracker.py:flow_gapfill_batched,
R,PREDICTION,PREDICTION,1
L,8,2479,PREDICTION,src/tracking/advanced_tracker.py:flow_gapfill_batched,
R,PREDICTION,PREDICTION,1
A,2479
S,10,2485,DETECTION,src/tracking/advanced_tracker.py:_activate_slot,2485_611_942_675_1044
S,3,2485,PREDICTION,src/tracking/advanced_tracker.py:flow_gapfill_batched,
S,4,2485,PREDICTION,src/tracking/advanced_tracker.py:flow_gapfill_batched,
S,8,2485,PREDICTION,src/tracking/advanced_tracker.py:flow_gapfill_batched,
S,9,2485,PREDICTION,src/tracking/advanced_tracker.py:flow_gapfill_batched,
L,3,2485,PREDICTION,src/tracking/advanced_tracker.py:flow_gapfill_batched,
R,PREDICTION,SUBPIXEL,0
L,4,2485,PREDICTION,src/tracking/advanced_tracker.py:flow_gapfill_batched,
R,PREDICTION,PREDICTION,1
L,8,2485,PREDICTION,src/tracking/advanced_tracker.py:flow_gapfill_batched,
R,PREDICTION,PREDICTION,1
L,9,2485,PREDICTION,src/tracking/advanced_tracker.py:flow_gapfill_batched,
R,PREDICTION,PREDICTION,1
A,2485
S,3,2491,DETECTION,src/tracking/advanced_tracker.py:_activate_slot,2491_-14_450_597_954
S,0,2491,DETECTION,src/tracking/advanced_tracker.py:_activate_slot,2491_-11_908_137_1062
S,8,2491,PREDICTION,src/tracking/advanced_tracker.py:flow_gapfill_batched,
L,0,2491,DETECTION,src/tracking/advanced_tracker.py:_activate_slot,2491_-11_908_137_1062
R,CLAMP,CLAMP,0
L,3,2491,DETECTION,src/tracking/advanced_tracker.py:_activate_slot,2491_-14_450_597_954
R,DETECTION,DETECTION,1
L,8,2491,PREDICTION,src/tracking/advanced_tracker.py:flow_gapfill_batched,
R,PREDICTION,PREDICTION,1
A,2491
S,0,2497,DETECTION,src/tracking/advanced_tracker.py:_activate_slot,2497_-13_916_136_1068
S,3,2497,DETECTION,src/tracking/advanced_tracker.py:_activate_slot,2497_-13_326_609_968
S,8,2497,PREDICTION,src/tracking/advanced_tracker.py:flow_gapfill_batched,
S,10,2497,PREDICTION,src/tracking/advanced_tracker.py:flow_gapfill_batched,
L,0,2497,DETECTION,src/tracking/advanced_tracker.py:_activate_slot,2497_-13_916_136_1068
R,CLAMP,CLAMP,0
L,3,2497,DETECTION,src/tracking/advanced_tracker.py:_activate_slot,2497_-13_326_609_968
R,DETECTION,DETECTION,1
L,8,2497,PREDICTION,src/tracking/advanced_tracker.py:flow_gapfill_batched,
R,PREDICTION,PREDICTION,1
A,2497
S,3,2503,DETECTION,src/tracking/advanced_tracker.py:_activate_slot,2503_-14_487_598_977
S,0,2503,DETECTION,src/tracking/advanced_tracker.py:_activate_slot,2503_-15_920_120_1078
S,8,2503,PREDICTION,src/tracking/advanced_tracker.py:flow_gapfill_batched,
L,0,2503,DETECTION,src/tracking/advanced_tracker.py:_activate_slot,2503_-15_920_120_1078
R,CLAMP,CLAMP,0
L,3,2503,DETECTION,src/tracking/advanced_tracker.py:_activate_slot,2503_-14_487_598_977
R,DETECTION,DETECTION,1
L,8,2503,PREDICTION,src/tracking/advanced_tracker.py:flow_gapfill_batched,
R,PREDICTION,PREDICTION,1
A,2503
S,3,2509,DETECTION,src/tracking/advanced_tracker.py:_activate_slot,2509_-15_496_594_994
S,5,2509,DETECTION,src/tracking/advanced_tracker.py:_activate_slot,2509_348_1133_674_1295
S,6,2509,DETECTION,src/tracking/advanced_tracker.py:_activate_slot,2509_477_1048_671_1200
S,0,2509,PREDICTION,src/tracking/advanced_tracker.py:kalman_homography,
S,4,2509,PREDICTION,src/tracking/advanced_tracker.py:flow_gapfill_batched,
S,8,2509,PREDICTION,src/tracking/advanced_tracker.py:flow_gapfill_batched,
S,9,2509,PREDICTION,src/tracking/advanced_tracker.py:flow_gapfill_batched,
D,8,2509
S,5,2509,PREDICTION,src/tracking/advanced_tracker.py:id_merge,
D,9,2509
S,6,2509,PREDICTION,src/tracking/advanced_tracker.py:id_merge,
L,0,2509,PREDICTION,src/tracking/advanced_tracker.py:kalman_homography,
R,CLAMP,CLAMP,0
L,3,2509,DETECTION,src/tracking/advanced_tracker.py:_activate_slot,2509_-15_496_594_994
R,DETECTION,DETECTION,1
L,4,2509,PREDICTION,src/tracking/advanced_tracker.py:flow_gapfill_batched,
R,PREDICTION,PREDICTION,1
L,5,2509,PREDICTION,src/tracking/advanced_tracker.py:id_merge,
R,CLAMP,CLAMP,0
L,6,2509,PREDICTION,src/tracking/advanced_tracker.py:id_merge,
R,CLAMP,CLAMP,0
A,2509
S,3,2515,DETECTION,src/tracking/advanced_tracker.py:_activate_slot,2515_-15_363_596_1004
S,5,2515,DETECTION,src/tracking/advanced_tracker.py:_activate_slot,2515_328_1165_673_1295
S,9,2515,DETECTION,src/tracking/advanced_tracker.py:_activate_slot,2515_529_940_675_1036
S,1,2515,DETECTION,src/tracking/advanced_tracker.py:_activate_slot,2515_328_1117_671_1295
S,0,2515,PREDICTION,src/tracking/advanced_tracker.py:kalman_homography,
S,4,2515,PREDICTION,src/tracking/advanced_tracker.py:flow_gapfill_batched,
S,6,2515,PREDICTION,src/tracking/advanced_tracker.py:flow_gapfill_batched,
L,0,2515,PREDICTION,src/tracking/advanced_tracker.py:kalman_homography,
R,CLAMP,CLAMP,0
L,1,2515,DETECTION,src/tracking/advanced_tracker.py:_activate_slot,2515_328_1117_671_1295
R,DETECTION,DETECTION,1
L,3,2515,DETECTION,src/tracking/advanced_tracker.py:_activate_slot,2515_-15_363_596_1004
R,DETECTION,DETECTION,1
L,4,2515,PREDICTION,src/tracking/advanced_tracker.py:flow_gapfill_batched,
R,PREDICTION,PREDICTION,1
L,5,2515,DETECTION,src/tracking/advanced_tracker.py:_activate_slot,2515_328_1165_673_1295
R,CLAMP,CLAMP,0
L,6,2515,PREDICTION,src/tracking/advanced_tracker.py:flow_gapfill_batched,
R,CLAMP,CLAMP,0
L,9,2515,DETECTION,src/tracking/advanced_tracker.py:_activate_slot,2515_529_940_675_1036
R,DETECTION,DETECTION,1
A,2515
S,3,2521,DETECTION,src/tracking/advanced_tracker.py:_activate_slot,2521_-15_313_601_1000
S,5,2521,DETECTION,src/tracking/advanced_tracker.py:_activate_slot,2521_320_1169_671_1295
S,6,2521,DETECTION,src/tracking/advanced_tracker.py:_activate_slot,2521_443_1057_648_1205
S,0,2521,PREDICTION,src/tracking/advanced_tracker.py:kalman_homography,
S,9,2521,PREDICTION,src/tracking/advanced_tracker.py:flow_gapfill_batched,
L,0,2521,PREDICTION,src/tracking/advanced_tracker.py:kalman_homography,
R,CLAMP,CLAMP,0
L,3,2521,DETECTION,src/tracking/advanced_tracker.py:_activate_slot,2521_-15_313_601_1000
R,DETECTION,DETECTION,1
L,5,2521,DETECTION,src/tracking/advanced_tracker.py:_activate_slot,2521_320_1169_671_1295
R,CLAMP,CLAMP,0
L,6,2521,DETECTION,src/tracking/advanced_tracker.py:_activate_slot,2521_443_1057_648_1205
R,CLAMP,CLAMP,0
L,9,2521,PREDICTION,src/tracking/advanced_tracker.py:flow_gapfill_batched,
R,PREDICTION,PREDICTION,1
A,2521
S,2,2527,DETECTION,src/tracking/advanced_tracker.py:_activate_slot,2527_71_486_250_613
S,3,2527,DETECTION,src/tracking/advanced_tracker.py:_activate_slot,2527_-15_315_624_1007
S,5,2527,DETECTION,src/tracking/advanced_tracker.py:_activate_slot,2527_313_1167_671_1295
S,6,2527,DETECTION,src/tracking/advanced_tracker.py:_activate_slot,2527_435_1053_639_1203
S,7,2527,DETECTION,src/tracking/advanced_tracker.py:_activate_slot,2527_495_968_675_1144
S,0,2527,PREDICTION,src/tracking/advanced_tracker.py:kalman_homography,
D,6,2527
S,7,2527,PREDICTION,src/tracking/advanced_tracker.py:id_merge,
L,0,2527,PREDICTION,src/tracking/advanced_tracker.py:kalman_homography,
R,CLAMP,CLAMP,0
L,2,2527,DETECTION,src/tracking/advanced_tracker.py:_activate_slot,2527_71_486_250_613
R,CLAMP,CLAMP,0
L,3,2527,DETECTION,src/tracking/advanced_tracker.py:_activate_slot,2527_-15_315_624_1007
R,DETECTION,DETECTION,1
L,5,2527,DETECTION,src/tracking/advanced_tracker.py:_activate_slot,2527_313_1167_671_1295
R,CLAMP,CLAMP,0
L,7,2527,PREDICTION,src/tracking/advanced_tracker.py:id_merge,
R,CLAMP,CLAMP,0
A,2527
S,3,2533,DETECTION,src/tracking/advanced_tracker.py:_activate_slot,2533_-15_324_638_1022
S,5,2533,DETECTION,src/tracking/advanced_tracker.py:_activate_slot,2533_300_1165_670_1295
S,6,2533,DETECTION,src/tracking/advanced_tracker.py:_activate_slot,2533_424_1049_624_1203
S,7,2533,DETECTION,src/tracking/advanced_tracker.py:_activate_slot,2533_484_984_674_1140
S,0,2533,PREDICTION,src/tracking/advanced_tracker.py:kalman_homography,
S,2,2533,PREDICTION,src/tracking/advanced_tracker.py:kalman_homography,
S,9,2533,PREDICTION,src/tracking/advanced_tracker.py:flow_gapfill_batched,
D,6,2533
S,7,2533,PREDICTION,src/tracking/advanced_tracker.py:id_merge,
D,9,2533
S,7,2533,PREDICTION,src/tracking/advanced_tracker.py:id_merge,
L,0,2533,PREDICTION,src/tracking/advanced_tracker.py:kalman_homography,
R,CLAMP,CLAMP,0
L,2,2533,PREDICTION,src/tracking/advanced_tracker.py:kalman_homography,
R,CLAMP,CLAMP,0
L,3,2533,DETECTION,src/tracking/advanced_tracker.py:_activate_slot,2533_-15_324_638_1022
R,DETECTION,DETECTION,1
L,5,2533,DETECTION,src/tracking/advanced_tracker.py:_activate_slot,2533_300_1165_670_1295
R,CLAMP,CLAMP,0
L,7,2533,PREDICTION,src/tracking/advanced_tracker.py:id_merge,
R,CLAMP,CLAMP,0
A,2533
S,3,2539,DETECTION,src/tracking/advanced_tracker.py:_activate_slot,2539_-15_330_628_1024
S,5,2539,DETECTION,src/tracking/advanced_tracker.py:_activate_slot,2539_292_1165_670_1295
S,6,2539,DETECTION,src/tracking/advanced_tracker.py:_activate_slot,2539_473_984_672_1142
S,0,2539,PREDICTION,src/tracking/advanced_tracker.py:kalman_homography,
S,2,2539,PREDICTION,src/tracking/advanced_tracker.py:kalman_homography,
S,7,2539,PREDICTION,src/tracking/advanced_tracker.py:flow_gapfill_batched,
S,9,2539,PREDICTION,src/tracking/advanced_tracker.py:flow_gapfill_batched,
D,7,2539
S,6,2539,PREDICTION,src/tracking/advanced_tracker.py:id_merge,
D,9,2539
S,6,2539,PREDICTION,src/tracking/advanced_tracker.py:id_merge,
L,0,2539,PREDICTION,src/tracking/advanced_tracker.py:kalman_homography,
R,CLAMP,CLAMP,0
L,2,2539,PREDICTION,src/tracking/advanced_tracker.py:kalman_homography,
R,CLAMP,CLAMP,0
L,3,2539,DETECTION,src/tracking/advanced_tracker.py:_activate_slot,2539_-15_330_628_1024
R,DETECTION,DETECTION,1
L,5,2539,DETECTION,src/tracking/advanced_tracker.py:_activate_slot,2539_292_1165_670_1295
R,CLAMP,CLAMP,0
L,6,2539,PREDICTION,src/tracking/advanced_tracker.py:id_merge,
R,CLAMP,CLAMP,0
A,2539
S,3,2545,DETECTION,src/tracking/advanced_tracker.py:_activate_slot,2545_-15_324_613_1006
S,5,2545,DETECTION,src/tracking/advanced_tracker.py:_activate_slot,2545_277_1163_670_1295
S,6,2545,DETECTION,src/tracking/advanced_tracker.py:_activate_slot,2545_461_979_666_1127
S,7,2545,DETECTION,src/tracking/advanced_tracker.py:_activate_slot,2545_461_978_674_1188
S,0,2545,PREDICTION,src/tracking/advanced_tracker.py:kalman_homography,
S,2,2545,PREDICTION,src/tracking/advanced_tracker.py:kalman_homography,
S,9,2545,PREDICTION,src/tracking/advanced_tracker.py:flow_gapfill_batched,
D,6,2545
S,7,2545,PREDICTION,src/tracking/advanced_tracker.py:id_merge,
D,9,2545
S,7,2545,PREDICTION,src/tracking/advanced_tracker.py:id_merge,
L,0,2545,PREDICTION,src/tracking/advanced_tracker.py:kalman_homography,
R,CLAMP,CLAMP,0
L,2,2545,PREDICTION,src/tracking/advanced_tracker.py:kalman_homography,
R,CLAMP,CLAMP,0
L,3,2545,DETECTION,src/tracking/advanced_tracker.py:_activate_slot,2545_-15_324_613_1006
R,DETECTION,DETECTION,1
L,5,2545,DETECTION,src/tracking/advanced_tracker.py:_activate_slot,2545_277_1163_670_1295
R,CLAMP,CLAMP,0
L,7,2545,PREDICTION,src/tracking/advanced_tracker.py:id_merge,
R,CLAMP,CLAMP,0
A,2545
S,3,2551,DETECTION,src/tracking/advanced_tracker.py:_activate_slot,2551_-15_318_597_959
S,5,2551,DETECTION,src/tracking/advanced_tracker.py:_activate_slot,2551_279_1161_671_1295
S,7,2551,DETECTION,src/tracking/advanced_tracker.py:_activate_slot,2551_464_974_665_1126
S,6,2551,DETECTION,src/tracking/advanced_tracker.py:_activate_slot,2551_465_972_675_1200
S,2,2551,PREDICTION,src/tracking/advanced_tracker.py:kalman_homography,
S,0,2551,PREDICTION,src/tracking/advanced_tracker.py:flow_gapfill_batched,
S,9,2551,PREDICTION,src/tracking/advanced_tracker.py:flow_gapfill_batched,
D,6,2551
S,7,2551,PREDICTION,src/tracking/advanced_tracker.py:id_merge,
D,9,2551
S,7,2551,PREDICTION,src/tracking/advanced_tracker.py:id_merge,
L,0,2551,PREDICTION,src/tracking/advanced_tracker.py:flow_gapfill_batched,
R,CLAMP,CLAMP,0
L,2,2551,PREDICTION,src/tracking/advanced_tracker.py:kalman_homography,
R,CLAMP,CLAMP,0
L,3,2551,DETECTION,src/tracking/advanced_tracker.py:_activate_slot,2551_-15_318_597_959
R,DETECTION,DETECTION,1
L,5,2551,DETECTION,src/tracking/advanced_tracker.py:_activate_slot,2551_279_1161_671_1295
R,CLAMP,CLAMP,0
L,7,2551,PREDICTION,src/tracking/advanced_tracker.py:id_merge,
R,CLAMP,CLAMP,0
A,2551
S,1,2557,DETECTION,src/tracking/advanced_tracker.py:_activate_slot,2557_291_1163_672_1295
S,3,2557,DETECTION,src/tracking/advanced_tracker.py:_activate_slot,2557_-14_328_600_925
S,7,2557,DETECTION,src/tracking/advanced_tracker.py:_activate_slot,2557_471_977_669_1123
S,6,2557,DETECTION,src/tracking/advanced_tracker.py:_activate_slot,2557_406_1037_614_1143
S,2,2557,PREDICTION,src/tracking/advanced_tracker.py:kalman_homography,
S,5,2557,PREDICTION,src/tracking/advanced_tracker.py:flow_gapfill_batched,
S,9,2557,PREDICTION,src/tracking/advanced_tracker.py:flow_gapfill_batched,
D,6,2557
S,7,2557,PREDICTION,src/tracking/advanced_tracker.py:id_merge,
D,9,2557
S,7,2557,PREDICTION,src/tracking/advanced_tracker.py:id_merge,
L,1,2557,DETECTION,src/tracking/advanced_tracker.py:_activate_slot,2557_291_1163_672_1295
R,DETECTION,DETECTION,1
L,2,2557,PREDICTION,src/tracking/advanced_tracker.py:kalman_homography,
R,CLAMP,CLAMP,0
L,3,2557,DETECTION,src/tracking/advanced_tracker.py:_activate_slot,2557_-14_328_600_925
R,DETECTION,DETECTION,1
L,5,2557,PREDICTION,src/tracking/advanced_tracker.py:flow_gapfill_batched,
R,CLAMP,CLAMP,0
L,7,2557,PREDICTION,src/tracking/advanced_tracker.py:id_merge,
R,CLAMP,CLAMP,0
A,2557
S,0,2563,DETECTION,src/tracking/advanced_tracker.py:_activate_slot,2563_406_1035_612_1137
S,5,2563,DETECTION,src/tracking/advanced_tracker.py:_activate_slot,2563_296_1169_673_1295
S,7,2563,DETECTION,src/tracking/advanced_tracker.py:_activate_slot,2563_472_973_668_1123
S,8,2563,DETECTION,src/tracking/advanced_tracker.py:_activate_slot,2563_459_880_675_1078
S,2,2563,PREDICTION,src/tracking/advanced_tracker.py:kalman_homography,
S,6,2563,PREDICTION,src/tracking/advanced_tracker.py:kalman_homography,
S,1,2563,PREDICTION,src/tracking/advanced_tracker.py:flow_gapfill_batched,
S,3,2563,PREDICTION,src/tracking/advanced_tracker.py:flow_gapfill_batched,
S,9,2563,PREDICTION,src/tracking/advanced_tracker.py:flow_gapfill_batched,
D,6,2563
S,7,2563,PREDICTION,src/tracking/advanced_tracker.py:id_merge,
D,7,2563
S,8,2563,PREDICTION,src/tracking/advanced_tracker.py:id_merge,
D,9,2563
S,8,2563,PREDICTION,src/tracking/advanced_tracker.py:id_merge,
L,0,2563,DETECTION,src/tracking/advanced_tracker.py:_activate_slot,2563_406_1035_612_1137
R,CLAMP,CLAMP,0
L,1,2563,PREDICTION,src/tracking/advanced_tracker.py:flow_gapfill_batched,
R,PREDICTION,PREDICTION,1
L,2,2563,PREDICTION,src/tracking/advanced_tracker.py:kalman_homography,
R,CLAMP,CLAMP,0
L,3,2563,PREDICTION,src/tracking/advanced_tracker.py:flow_gapfill_batched,
R,PREDICTION,PREDICTION,1
L,5,2563,DETECTION,src/tracking/advanced_tracker.py:_activate_slot,2563_296_1169_673_1295
R,CLAMP,CLAMP,0
L,8,2563,PREDICTION,src/tracking/advanced_tracker.py:id_merge,
R,CLAMP,CLAMP,0
A,2563
S,0,2569,DETECTION,src/tracking/advanced_tracker.py:_activate_slot,2569_404_1031_610_1141
S,5,2569,DETECTION,src/tracking/advanced_tracker.py:_activate_slot,2569_347_1193_674_1295
S,7,2569,DETECTION,src/tracking/advanced_tracker.py:_activate_slot,2569_471_968_667_1123
S,8,2569,DETECTION,src/tracking/advanced_tracker.py:_activate_slot,2569_457_878_675_1097
S,2,2569,PREDICTION,src/tracking/advanced_tracker.py:kalman_homography,
S,6,2569,PREDICTION,src/tracking/advanced_tracker.py:kalman_homography,
S,3,2569,PREDICTION,src/tracking/advanced_tracker.py:flow_gapfill_batched,
D,6,2569
S,7,2569,PREDICTION,src/tracking/advanced_tracker.py:id_merge,
D,7,2569
S,8,2569,PREDICTION,src/tracking/advanced_tracker.py:id_merge,
L,0,2569,DETECTION,src/tracking/advanced_tracker.py:_activate_slot,2569_404_1031_610_1141
R,CLAMP,CLAMP,0
L,2,2569,PREDICTION,src/tracking/advanced_tracker.py:kalman_homography,
R,CLAMP,CLAMP,0
L,3,2569,PREDICTION,src/tracking/advanced_tracker.py:flow_gapfill_batched,
R,PREDICTION,SUBPIXEL,0
L,5,2569,DETECTION,src/tracking/advanced_tracker.py:_activate_slot,2569_347_1193_674_1295
R,CLAMP,CLAMP,0
L,8,2569,PREDICTION,src/tracking/advanced_tracker.py:id_merge,
R,PREDICTION,PREDICTION,1
A,2569
S,7,2575,DETECTION,src/tracking/advanced_tracker.py:_activate_slot,2575_478_968_665_1119
S,8,2575,DETECTION,src/tracking/advanced_tracker.py:_activate_slot,2575_462_883_675_1095
S,5,2575,DETECTION,src/tracking/advanced_tracker.py:_activate_slot,2575_361_1217_671_1295
S,0,2575,PREDICTION,src/tracking/advanced_tracker.py:kalman_homography,
S,6,2575,PREDICTION,src/tracking/advanced_tracker.py:kalman_homography,
S,1,2575,PREDICTION,src/tracking/advanced_tracker.py:flow_gapfill_batched,
S,2,2575,PREDICTION,src/tracking/advanced_tracker.py:flow_gapfill_batched,
S,3,2575,PREDICTION,src/tracking/advanced_tracker.py:flow_gapfill_batched,
D,6,2575
S,7,2575,PREDICTION,src/tracking/advanced_tracker.py:id_merge,
D,7,2575
S,8,2575,PREDICTION,src/tracking/advanced_tracker.py:id_merge,
L,0,2575,PREDICTION,src/tracking/advanced_tracker.py:kalman_homography,
R,CLAMP,CLAMP,0
L,1,2575,PREDICTION,src/tracking/advanced_tracker.py:flow_gapfill_batched,
R,PREDICTION,PREDICTION,1
L,2,2575,PREDICTION,src/tracking/advanced_tracker.py:flow_gapfill_batched,
R,CLAMP,CLAMP,0
L,3,2575,PREDICTION,src/tracking/advanced_tracker.py:flow_gapfill_batched,
R,PREDICTION,SUBPIXEL,0
L,5,2575,DETECTION,src/tracking/advanced_tracker.py:_activate_slot,2575_361_1217_671_1295
R,CLAMP,CLAMP,0
L,8,2575,PREDICTION,src/tracking/advanced_tracker.py:id_merge,
R,PREDICTION,PREDICTION,1
A,2575
S,3,2581,DETECTION,src/tracking/advanced_tracker.py:_activate_slot,2581_-15_358_599_901
S,4,2581,DETECTION,src/tracking/advanced_tracker.py:_activate_slot,2581_460_883_675_1089
S,7,2581,DETECTION,src/tracking/advanced_tracker.py:_activate_slot,2581_473_967_664_1117
S,8,2581,DETECTION,src/tracking/advanced_tracker.py:_activate_slot,2581_507_1077_675_1255
S,5,2581,DETECTION,src/tracking/advanced_tracker.py:_activate_slot,2581_359_1221_671_1295
S,6,2581,DETECTION,src/tracking/advanced_tracker.py:_activate_slot,2581_410_982_615_1140
S,0,2581,PREDICTION,src/tracking/advanced_tracker.py:flow_gapfill_batched,
S,1,2581,PREDICTION,src/tracking/advanced_tracker.py:flow_gapfill_batched,
D,6,2581
S,7,2581,PREDICTION,src/tracking/advanced_tracker.py:id_merge,
L,0,2581,PREDICTION,src/tracking/advanced_tracker.py:flow_gapfill_batched,
R,CLAMP,CLAMP,0
L,1,2581,PREDICTION,src/tracking/advanced_tracker.py:flow_gapfill_batched,
R,PREDICTION,PREDICTION,1
L,3,2581,DETECTION,src/tracking/advanced_tracker.py:_activate_slot,2581_-15_358_599_901
R,DETECTION,DETECTION,1
L,4,2581,DETECTION,src/tracking/advanced_tracker.py:_activate_slot,2581_460_883_675_1089
R,DETECTION,DETECTION,1
L,5,2581,DETECTION,src/tracking/advanced_tracker.py:_activate_slot,2581_359_1221_671_1295
R,CLAMP,CLAMP,0
L,7,2581,PREDICTION,src/tracking/advanced_tracker.py:id_merge,
R,CLAMP,CLAMP,0
L,8,2581,DETECTION,src/tracking/advanced_tracker.py:_activate_slot,2581_507_1077_675_1255
R,DETECTION,DETECTION,1
A,2581
S,4,2587,DETECTION,src/tracking/advanced_tracker.py:_activate_slot,2587_412_963_642_1109
S,6,2587,DETECTION,src/tracking/advanced_tracker.py:_activate_slot,2587_465_957_645_1105
S,7,2587,DETECTION,src/tracking/advanced_tracker.py:_activate_slot,2587_451_861_671_1059
S,8,2587,DETECTION,src/tracking/advanced_tracker.py:_activate_slot,2587_497_1063_673_1233
S,1,2587,PREDICTION,src/tracking/advanced_tracker.py:kalman_homography,
S,3,2587,PREDICTION,src/tracking/advanced_tracker.py:kalman_homography,
S,0,2587,PREDICTION,src/tracking/advanced_tracker.py:flow_gapfill_batched,
D,0,2587
S,4,2587,PREDICTION,src/tracking/advanced_tracker.py:id_merge,
D,6,2587
S,7,2587,PREDICTION,src/tracking/advanced_tracker.py:id_merge,
L,1,2587,PREDICTION,src/tracking/advanced_tracker.py:kalman_homography,
R,PREDICTION,PREDICTION,1
L,3,2587,PREDICTION,src/tracking/advanced_tracker.py:kalman_homography,
R,PREDICTION,PREDICTION,1
L,4,2587,PREDICTION,src/tracking/advanced_tracker.py:id_merge,
R,PREDICTION,PREDICTION,1
L,7,2587,PREDICTION,src/tracking/advanced_tracker.py:id_merge,
R,CLAMP,CLAMP,0
L,8,2587,DETECTION,src/tracking/advanced_tracker.py:_activate_slot,2587_497_1063_673_1233
R,DETECTION,DETECTION,1
A,2587
S,3,2593,DETECTION,src/tracking/advanced_tracker.py:_activate_slot,2593_-14_337_593_890
S,6,2593,DETECTION,src/tracking/advanced_tracker.py:_activate_slot,2593_462_952_673_1102
S,7,2593,DETECTION,src/tracking/advanced_tracker.py:_activate_slot,2593_446_853_669_1053
S,8,2593,DETECTION,src/tracking/advanced_tracker.py:_activate_slot,2593_501_1167_674_1277
S,10,2593,DETECTION,src/tracking/advanced_tracker.py:_activate_slot,2593_341_1175_537_1293
S,1,2593,PREDICTION,src/tracking/advanced_tracker.py:kalman_homography,
S,4,2593,PREDICTION,src/tracking/advanced_tracker.py:kalman_homography,
S,0,2593,PREDICTION,src/tracking/advanced_tracker.py:flow_gapfill_batched,
D,0,2593
S,4,2593,PREDICTION,src/tracking/advanced_tracker.py:id_merge,
D,6,2593
S,7,2593,PREDICTION,src/tracking/advanced_tracker.py:id_merge,
L,1,2593,PREDICTION,src/tracking/advanced_tracker.py:kalman_homography,
R,PREDICTION,PREDICTION,1
L,3,2593,DETECTION,src/tracking/advanced_tracker.py:_activate_slot,2593_-14_337_593_890
R,DETECTION,DETECTION,1
L,4,2593,PREDICTION,src/tracking/advanced_tracker.py:id_merge,
R,PREDICTION,PREDICTION,1
L,7,2593,PREDICTION,src/tracking/advanced_tracker.py:id_merge,
R,CLAMP,CLAMP,0
L,8,2593,DETECTION,src/tracking/advanced_tracker.py:_activate_slot,2593_501_1167_674_1277
R,DETECTION,DETECTION,1
A,2593
S,1,2599,PREDICTION,src/tracking/advanced_tracker.py:kalman_homography,
S,4,2599,PREDICTION,src/tracking/advanced_tracker.py:kalman_homography,
S,10,2599,PREDICTION,src/tracking/advanced_tracker.py:kalman_homography,
S,0,2599,PREDICTION,src/tracking/advanced_tracker.py:flow_gapfill_batched,
S,3,2599,PREDICTION,src/tracking/advanced_tracker.py:flow_gapfill_batched,
S,6,2599,PREDICTION,src/tracking/advanced_tracker.py:flow_gapfill_batched,
D,0,2599
S,4,2599,PREDICTION,src/tracking/advanced_tracker.py:id_merge,
L,1,2599,PREDICTION,src/tracking/advanced_tracker.py:kalman_homography,
R,PREDICTION,PREDICTION,1
L,3,2599,PREDICTION,src/tracking/advanced_tracker.py:flow_gapfill_batched,
R,PREDICTION,PREDICTION,1
L,4,2599,PREDICTION,src/tracking/advanced_tracker.py:id_merge,
R,PREDICTION,PREDICTION,1
L,6,2599,PREDICTION,src/tracking/advanced_tracker.py:flow_gapfill_batched,
R,CLAMP,CLAMP,0
A,2599
S,4,2605,PREDICTION,src/tracking/advanced_tracker.py:kalman_homography,
S,7,2605,PREDICTION,src/tracking/advanced_tracker.py:kalman_homography,
S,10,2605,PREDICTION,src/tracking/advanced_tracker.py:kalman_homography,
S,0,2605,PREDICTION,src/tracking/advanced_tracker.py:flow_gapfill_batched,
S,3,2605,PREDICTION,src/tracking/advanced_tracker.py:flow_gapfill_batched,
S,6,2605,PREDICTION,src/tracking/advanced_tracker.py:flow_gapfill_batched,
D,0,2605
S,4,2605,PREDICTION,src/tracking/advanced_tracker.py:id_merge,
L,3,2605,PREDICTION,src/tracking/advanced_tracker.py:flow_gapfill_batched,
R,PREDICTION,SUBPIXEL,0
L,4,2605,PREDICTION,src/tracking/advanced_tracker.py:id_merge,
R,PREDICTION,PREDICTION,1
L,6,2605,PREDICTION,src/tracking/advanced_tracker.py:flow_gapfill_batched,
R,CLAMP,CLAMP,0
L,7,2605,PREDICTION,src/tracking/advanced_tracker.py:kalman_homography,
R,CLAMP,CLAMP,0
A,2605
S,4,2611,PREDICTION,src/tracking/advanced_tracker.py:kalman_homography,
S,7,2611,PREDICTION,src/tracking/advanced_tracker.py:kalman_homography,
S,10,2611,PREDICTION,src/tracking/advanced_tracker.py:kalman_homography,
S,0,2611,PREDICTION,src/tracking/advanced_tracker.py:flow_gapfill_batched,
S,3,2611,PREDICTION,src/tracking/advanced_tracker.py:flow_gapfill_batched,
D,0,2611
S,4,2611,PREDICTION,src/tracking/advanced_tracker.py:id_merge,
L,3,2611,PREDICTION,src/tracking/advanced_tracker.py:flow_gapfill_batched,
R,PREDICTION,SUBPIXEL,0
L,4,2611,PREDICTION,src/tracking/advanced_tracker.py:id_merge,
R,PREDICTION,PREDICTION,1
L,7,2611,PREDICTION,src/tracking/advanced_tracker.py:kalman_homography,
R,CLAMP,CLAMP,0
A,2611
S,7,2617,DETECTION,src/tracking/advanced_tracker.py:_activate_slot,2617_-14_804_662_1294
S,9,2617,DETECTION,src/tracking/advanced_tracker.py:_activate_slot,2617_-14_942_662_1294
S,4,2617,PREDICTION,src/tracking/advanced_tracker.py:kalman_homography,
S,10,2617,PREDICTION,src/tracking/advanced_tracker.py:kalman_homography,
S,0,2617,PREDICTION,src/tracking/advanced_tracker.py:flow_gapfill_batched,
S,3,2617,PREDICTION,src/tracking/advanced_tracker.py:flow_gapfill_batched,
D,0,2617
S,4,2617,PREDICTION,src/tracking/advanced_tracker.py:id_merge,
D,7,2617
S,9,2617,PREDICTION,src/tracking/advanced_tracker.py:id_merge,
L,3,2617,PREDICTION,src/tracking/advanced_tracker.py:flow_gapfill_batched,
R,PREDICTION,SUBPIXEL,0
L,4,2617,PREDICTION,src/tracking/advanced_tracker.py:id_merge,
R,PREDICTION,PREDICTION,1
L,9,2617,PREDICTION,src/tracking/advanced_tracker.py:id_merge,
R,PREDICTION,PREDICTION,1
A,2617
S,4,2623,PREDICTION,src/tracking/advanced_tracker.py:kalman_homography,
S,7,2623,PREDICTION,src/tracking/advanced_tracker.py:kalman_homography,
S,10,2623,PREDICTION,src/tracking/advanced_tracker.py:kalman_homography,
S,3,2623,PREDICTION,src/tracking/advanced_tracker.py:flow_gapfill_batched,
L,3,2623,PREDICTION,src/tracking/advanced_tracker.py:flow_gapfill_batched,
R,PREDICTION,SUBPIXEL,0
L,4,2623,PREDICTION,src/tracking/advanced_tracker.py:kalman_homography,
R,PREDICTION,PREDICTION,1
L,7,2623,PREDICTION,src/tracking/advanced_tracker.py:kalman_homography,
R,CLAMP,CLAMP,0
A,2623
S,2,2719,DETECTION,src/tracking/advanced_tracker.py:_activate_slot,2719_-13_1008_663_1294
S,4,2719,PREDICTION,src/tracking/advanced_tracker.py:kalman_homography,
S,7,2719,PREDICTION,src/tracking/advanced_tracker.py:kalman_homography,
S,10,2719,PREDICTION,src/tracking/advanced_tracker.py:kalman_homography,
S,3,2719,PREDICTION,src/tracking/advanced_tracker.py:flow_gapfill_batched,
L,2,2719,DETECTION,src/tracking/advanced_tracker.py:_activate_slot,2719_-13_1008_663_1294
R,CLAMP,CLAMP,0
L,3,2719,PREDICTION,src/tracking/advanced_tracker.py:flow_gapfill_batched,
R,PREDICTION,SUBPIXEL,0
L,4,2719,PREDICTION,src/tracking/advanced_tracker.py:kalman_homography,
R,PREDICTION,PREDICTION,1
L,7,2719,PREDICTION,src/tracking/advanced_tracker.py:kalman_homography,
R,CLAMP,CLAMP,0
A,2719
S,7,2725,PREDICTION,src/tracking/advanced_tracker.py:kalman_homography,
S,10,2725,PREDICTION,src/tracking/advanced_tracker.py:kalman_homography,
S,2,2725,PREDICTION,src/tracking/advanced_tracker.py:flow_gapfill_batched,
S,3,2725,PREDICTION,src/tracking/advanced_tracker.py:flow_gapfill_batched,
S,4,2725,PREDICTION,src/tracking/advanced_tracker.py:flow_gapfill_batched,
S,6,2725,PREDICTION,src/tracking/advanced_tracker.py:flow_gapfill_batched,
S,9,2725,PREDICTION,src/tracking/advanced_tracker.py:flow_gapfill_batched,
D,6,2725
S,9,2725,PREDICTION,src/tracking/advanced_tracker.py:id_merge,
L,2,2725,PREDICTION,src/tracking/advanced_tracker.py:flow_gapfill_batched,
R,CLAMP,CLAMP,0
L,3,2725,PREDICTION,src/tracking/advanced_tracker.py:flow_gapfill_batched,
R,PREDICTION,SUBPIXEL,0
L,4,2725,PREDICTION,src/tracking/advanced_tracker.py:flow_gapfill_batched,
R,PREDICTION,PREDICTION,1
L,7,2725,PREDICTION,src/tracking/advanced_tracker.py:kalman_homography,
R,CLAMP,CLAMP,0
L,9,2725,PREDICTION,src/tracking/advanced_tracker.py:id_merge,
R,PREDICTION,PREDICTION,1
A,2725
S,7,2731,PREDICTION,src/tracking/advanced_tracker.py:kalman_homography,
S,2,2731,PREDICTION,src/tracking/advanced_tracker.py:flow_gapfill_batched,
S,3,2731,PREDICTION,src/tracking/advanced_tracker.py:flow_gapfill_batched,
S,8,2731,PREDICTION,src/tracking/advanced_tracker.py:flow_gapfill_batched,
S,9,2731,PREDICTION,src/tracking/advanced_tracker.py:flow_gapfill_batched,
S,10,2731,PREDICTION,src/tracking/advanced_tracker.py:flow_gapfill_batched,
D,8,2731
S,7,2731,PREDICTION,src/tracking/advanced_tracker.py:id_merge,
L,2,2731,PREDICTION,src/tracking/advanced_tracker.py:flow_gapfill_batched,
R,CLAMP,CLAMP,0
L,3,2731,PREDICTION,src/tracking/advanced_tracker.py:flow_gapfill_batched,
R,PREDICTION,SUBPIXEL,0
L,7,2731,PREDICTION,src/tracking/advanced_tracker.py:id_merge,
R,CLAMP,CLAMP,0
L,9,2731,PREDICTION,src/tracking/advanced_tracker.py:flow_gapfill_batched,
R,PREDICTION,PREDICTION,1
A,2731
S,1,2737,DETECTION,src/tracking/advanced_tracker.py:_activate_slot,2737_-15_646_661_1293
S,7,2737,PREDICTION,src/tracking/advanced_tracker.py:kalman_homography,
S,2,2737,PREDICTION,src/tracking/advanced_tracker.py:flow_gapfill_batched,
L,1,2737,DETECTION,src/tracking/advanced_tracker.py:_activate_slot,2737_-15_646_661_1293
R,CLAMP,CLAMP,0
L,2,2737,PREDICTION,src/tracking/advanced_tracker.py:flow_gapfill_batched,
R,CLAMP,CLAMP,0
L,7,2737,PREDICTION,src/tracking/advanced_tracker.py:kalman_homography,
R,CLAMP,CLAMP,0
A,2737
S,7,2743,PREDICTION,src/tracking/advanced_tracker.py:kalman_homography,
S,1,2743,PREDICTION,src/tracking/advanced_tracker.py:flow_gapfill_batched,
S,2,2743,PREDICTION,src/tracking/advanced_tracker.py:flow_gapfill_batched,
S,9,2743,PREDICTION,src/tracking/advanced_tracker.py:flow_gapfill_batched,
L,1,2743,PREDICTION,src/tracking/advanced_tracker.py:flow_gapfill_batched,
R,CLAMP,CLAMP,0
L,2,2743,PREDICTION,src/tracking/advanced_tracker.py:flow_gapfill_batched,
R,CLAMP,CLAMP,0
L,7,2743,PREDICTION,src/tracking/advanced_tracker.py:kalman_homography,
R,CLAMP,CLAMP,0
L,9,2743,PREDICTION,src/tracking/advanced_tracker.py:flow_gapfill_batched,
R,PREDICTION,PREDICTION,1
A,2743
S,1,2749,DETECTION,src/tracking/advanced_tracker.py:_activate_slot,2749_-8_13_619_1287
S,7,2749,PREDICTION,src/tracking/advanced_tracker.py:kalman_homography,
S,9,2749,PREDICTION,src/tracking/advanced_tracker.py:flow_gapfill_batched,
L,1,2749,DETECTION,src/tracking/advanced_tracker.py:_activate_slot,2749_-8_13_619_1287
R,CLAMP,CLAMP,0
L,7,2749,PREDICTION,src/tracking/advanced_tracker.py:kalman_homography,
R,CLAMP,CLAMP,0
L,9,2749,PREDICTION,src/tracking/advanced_tracker.py:flow_gapfill_batched,
R,PREDICTION,PREDICTION,1
A,2749
S,1,2755,DETECTION,src/tracking/advanced_tracker.py:_activate_slot,2755_-15_30_665_1287
S,2,2755,PREDICTION,src/tracking/advanced_tracker.py:flow_gapfill_batched,
S,7,2755,PREDICTION,src/tracking/advanced_tracker.py:flow_gapfill_batched,
S,9,2755,PREDICTION,src/tracking/advanced_tracker.py:flow_gapfill_batched,
D,7,2755
S,9,2755,PREDICTION,src/tracking/advanced_tracker.py:id_merge,
L,1,2755,DETECTION,src/tracking/advanced_tracker.py:_activate_slot,2755_-15_30_665_1287
R,CLAMP,CLAMP,0
L,2,2755,PREDICTION,src/tracking/advanced_tracker.py:flow_gapfill_batched,
R,CLAMP,CLAMP,0
L,9,2755,PREDICTION,src/tracking/advanced_tracker.py:id_merge,
R,PREDICTION,PREDICTION,1
A,2755
S,5,2761,DETECTION,src/tracking/advanced_tracker.py:_activate_slot,2761_-13_631_665_1289
S,1,2761,PREDICTION,src/tracking/advanced_tracker.py:flow_gapfill_batched,
S,2,2761,PREDICTION,src/tracking/advanced_tracker.py:flow_gapfill_batched,
L,1,2761,PREDICTION,src/tracking/advanced_tracker.py:flow_gapfill_batched,
R,CLAMP,CLAMP,0
L,2,2761,PREDICTION,src/tracking/advanced_tracker.py:flow_gapfill_batched,
R,CLAMP,CLAMP,0
L,5,2761,DETECTION,src/tracking/advanced_tracker.py:_activate_slot,2761_-13_631_665_1289
R,CLAMP,CLAMP,0
A,2761
S,5,2767,DETECTION,src/tracking/advanced_tracker.py:_activate_slot,2767_-14_638_667_1290
S,1,2767,PREDICTION,src/tracking/advanced_tracker.py:flow_gapfill_batched,
S,2,2767,PREDICTION,src/tracking/advanced_tracker.py:flow_gapfill_batched,
L,1,2767,PREDICTION,src/tracking/advanced_tracker.py:flow_gapfill_batched,
R,CLAMP,CLAMP,0
L,2,2767,PREDICTION,src/tracking/advanced_tracker.py:flow_gapfill_batched,
R,CLAMP,CLAMP,0
L,5,2767,DETECTION,src/tracking/advanced_tracker.py:_activate_slot,2767_-14_638_667_1290
R,CLAMP,CLAMP,0
A,2767
S,5,2773,DETECTION,src/tracking/advanced_tracker.py:_activate_slot,2773_-13_634_666_1286
S,6,2773,DETECTION,src/tracking/advanced_tracker.py:_activate_slot,2773_-15_44_675_1278
S,1,2773,PREDICTION,src/tracking/advanced_tracker.py:flow_gapfill_batched,
L,1,2773,PREDICTION,src/tracking/advanced_tracker.py:flow_gapfill_batched,
R,CLAMP,CLAMP,0
L,5,2773,DETECTION,src/tracking/advanced_tracker.py:_activate_slot,2773_-13_634_666_1286
R,CLAMP,CLAMP,0
L,6,2773,DETECTION,src/tracking/advanced_tracker.py:_activate_slot,2773_-15_44_675_1278
R,CLAMP,CLAMP,0
A,2773
