A,232
A,238
A,244
A,250
A,256
A,262
A,268
A,274
A,280
A,286
A,292
A,298
A,304
A,310
A,316
A,322
A,328
A,334
A,340
A,346
A,352
A,358
A,364
A,370
A,376
A,382
A,388
A,394
A,400
A,406
S,0,412,DETECTION,src/tracking/advanced_tracker.py:_activate_slot,412_264_548_443_666
S,1,412,DETECTION,src/tracking/advanced_tracker.py:_activate_slot,412_365_667_572_765
S,2,412,DETECTION,src/tracking/advanced_tracker.py:_activate_slot,412_427_1045_615_1155
S,3,412,DETECTION,src/tracking/advanced_tracker.py:_activate_slot,412_199_823_348_910
S,4,412,DETECTION,src/tracking/advanced_tracker.py:_activate_slot,412_328_50_528_152
S,5,412,DETECTION,src/tracking/advanced_tracker.py:_activate_slot,412_88_476_227_542
S,6,412,DETECTION,src/tracking/advanced_tracker.py:_activate_slot,412_225_16_392_93
L,0,412,DETECTION,src/tracking/advanced_tracker.py:_activate_slot,412_264_548_443_666
R,DETECTION,DETECTION,1
L,1,412,DETECTION,src/tracking/advanced_tracker.py:_activate_slot,412_365_667_572_765
R,DETECTION,DETECTION,1
L,2,412,DETECTION,src/tracking/advanced_tracker.py:_activate_slot,412_427_1045_615_1155
R,DETECTION,DETECTION,1
L,3,412,DETECTION,src/tracking/advanced_tracker.py:_activate_slot,412_199_823_348_910
R,DETECTION,DETECTION,1
L,4,412,DETECTION,src/tracking/advanced_tracker.py:_activate_slot,412_328_50_528_152
R,DETECTION,DETECTION,1
L,5,412,DETECTION,src/tracking/advanced_tracker.py:_activate_slot,412_88_476_227_542
R,DETECTION,DETECTION,1
L,6,412,DETECTION,src/tracking/advanced_tracker.py:_activate_slot,412_225_16_392_93
R,DETECTION,DETECTION,1
A,412
S,1,418,DETECTION,src/tracking/advanced_tracker.py:_activate_slot,418_365_667_572_771
S,2,418,DETECTION,src/tracking/advanced_tracker.py:_activate_slot,418_429_1050_614_1158
S,4,418,DETECTION,src/tracking/advanced_tracker.py:_activate_slot,418_329_56_529_152
S,7,418,DETECTION,src/tracking/advanced_tracker.py:_activate_slot,418_200_934_397_1026
S,8,418,DETECTION,src/tracking/advanced_tracker.py:_activate_slot,418_225_22_393_97
S,9,418,DETECTION,src/tracking/advanced_tracker.py:_activate_slot,418_114_488_227_548
S,5,418,DETECTION,src/tracking/advanced_tracker.py:_activate_slot,418_92_484_227_550
S,0,418,PREDICTION,src/tracking/advanced_tracker.py:kalman_homography,
S,3,418,PREDICTION,src/tracking/advanced_tracker.py:kalman_homography,
S,6,418,PREDICTION,src/tracking/advanced_tracker.py:kalman_homography,
D,0,418
S,1,418,PREDICTION,src/tracking/advanced_tracker.py:id_merge,
D,5,418
S,9,418,PREDICTION,src/tracking/advanced_tracker.py:id_merge,
D,6,418
S,8,418,PREDICTION,src/tracking/advanced_tracker.py:id_merge,
L,1,418,PREDICTION,src/tracking/advanced_tracker.py:id_merge,
R,PREDICTION,PREDICTION,1
L,2,418,DETECTION,src/tracking/advanced_tracker.py:_activate_slot,418_429_1050_614_1158
R,DETECTION,DETECTION,1
L,3,418,PREDICTION,src/tracking/advanced_tracker.py:kalman_homography,
R,PREDICTION,PREDICTION,1
L,4,418,DETECTION,src/tracking/advanced_tracker.py:_activate_slot,418_329_56_529_152
R,DETECTION,DETECTION,1
L,7,418,DETECTION,src/tracking/advanced_tracker.py:_activate_slot,418_200_934_397_1026
R,DETECTION,DETECTION,1
L,8,418,PREDICTION,src/tracking/advanced_tracker.py:id_merge,
R,PREDICTION,PREDICTION,1
L,9,418,PREDICTION,src/tracking/advanced_tracker.py:id_merge,
R,PREDICTION,PREDICTION,1
A,418
S,1,424,DETECTION,src/tracking/advanced_tracker.py:_activate_slot,424_366_672_576_780
S,2,424,DETECTION,src/tracking/advanced_tracker.py:_activate_slot,424_430_1055_614_1157
S,4,424,DETECTION,src/tracking/advanced_tracker.py:_activate_slot,424_329_62_529_157
S,5,424,DETECTION,src/tracking/advanced_tracker.py:_activate_slot,424_108_487_231_556
S,7,424,DETECTION,src/tracking/advanced_tracker.py:_activate_slot,424_200_937_396_1025
S,0,424,PREDICTION,src/tracking/advanced_tracker.py:kalman_homography,
S,3,424,PREDICTION,src/tracking/advanced_tracker.py:kalman_homography,
S,6,424,PREDICTION,src/tracking/advanced_tracker.py:kalman_homography,
S,8,424,PREDICTION,src/tracking/advanced_tracker.py:kalman_homography,
S,9,424,PREDICTION,src/tracking/advanced_tracker.py:kalman_homography,
D,9,424
S,5,424,PREDICTION,src/tracking/advanced_tracker.py:id_merge,
D,6,424
S,8,424,PREDICTION,src/tracking/advanced_tracker.py:id_merge,
L,0,424,PREDICTION,src/tracking/advanced_tracker.py:kalman_homography,
R,PREDICTION,PREDICTION,1
L,1,424,DETECTION,src/tracking/advanced_tracker.py:_activate_slot,424_366_672_576_780
R,DETECTION,DETECTION,1
L,2,424,DETECTION,src/tracking/advanced_tracker.py:_activate_slot,424_430_1055_614_1157
R,DETECTION,DETECTION,1
L,3,424,PREDICTION,src/tracking/advanced_tracker.py:kalman_homography,
R,PREDICTION,SUBPIXEL,0
L,4,424,DETECTION,src/tracking/advanced_tracker.py:_activate_slot,424_329_62_529_157
R,DETECTION,DETECTION,1
L,5,424,PREDICTION,src/tracking/advanced_tracker.py:id_merge,
R,PREDICTION,PREDICTION,1
L,7,424,DETECTION,src/tracking/advanced_tracker.py:_activate_slot,424_200_937_396_1025
R,DETECTION,DETECTION,1
L,8,424,PREDICTION,src/tracking/advanced_tracker.py:id_merge,
R,PREDICTION,PREDICTION,1
A,424
S,1,430,DETECTION,src/tracking/advanced_tracker.py:_activate_slot,430_368_676_577_782
S,2,430,DETECTION,src/tracking/advanced_tracker.py:_activate_slot,430_202_935_398_1025
S,4,430,DETECTION,src/tracking/advanced_tracker.py:_activate_slot,430_330_70_532_159
S,5,430,DETECTION,src/tracking/advanced_tracker.py:_activate_slot,430_109_497_233_572
S,7,430,DETECTION,src/tracking/advanced_tracker.py:_activate_slot,430_125_477_267_538
S,9,430,DETECTION,src/tracking/advanced_tracker.py:_activate_slot,430_95_480_244_572
S,0,430,PREDICTION,src/tracking/advanced_tracker.py:kalman_homography,
S,3,430,PREDICTION,src/tracking/advanced_tracker.py:kalman_homography,
S,6,430,PREDICTION,src/tracking/advanced_tracker.py:kalman_homography,
S,8,430,PREDICTION,src/tracking/advanced_tracker.py:kalman_homography,
D,5,430
S,7,430,PREDICTION,src/tracking/advanced_tracker.py:id_merge,
D,6,430
S,8,430,PREDICTION,src/tracking/advanced_tracker.py:id_merge,
D,7,430
S,9,430,PREDICTION,src/tracking/advanced_tracker.py:id_merge,
L,0,430,PREDICTION,src/tracking/advanced_tracker.py:kalman_homography,
R,PREDICTION,SUBPIXEL,0
L,1,430,DETECTION,src/tracking/advanced_tracker.py:_activate_slot,430_368_676_577_782
R,DETECTION,DETECTION,1
L,2,430,DETECTION,src/tracking/advanced_tracker.py:_activate_slot,430_202_935_398_1025
R,DETECTION,DETECTION,1
L,3,430,PREDICTION,src/tracking/advanced_tracker.py:kalman_homography,
R,PREDICTION,SUBPIXEL,0
L,4,430,DETECTION,src/tracking/advanced_tracker.py:_activate_slot,430_330_70_532_159
R,DETECTION,DETECTION,1
L,8,430,PREDICTION,src/tracking/advanced_tracker.py:id_merge,
R,PREDICTION,SUBPIXEL,0
L,9,430,PREDICTION,src/tracking/advanced_tracker.py:id_merge,
R,PREDICTION,PREDICTION,1
A,430
S,1,436,DETECTION,src/tracking/advanced_tracker.py:_activate_slot,436_370_679_578_785
S,2,436,DETECTION,src/tracking/advanced_tracker.py:_activate_slot,436_209_941_396_1021
S,4,436,DETECTION,src/tracking/advanced_tracker.py:_activate_slot,436_331_83_535_159
S,0,436,PREDICTION,src/tracking/advanced_tracker.py:kalman_homography,
S,3,436,PREDICTION,src/tracking/advanced_tracker.py:kalman_homography,
S,5,436,PREDICTION,src/tracking/advanced_tracker.py:kalman_homography,
S,6,436,PREDICTION,src/tracking/advanced_tracker.py:kalman_homography,
S,7,436,PREDICTION,src/tracking/advanced_tracker.py:kalman_homography,
S,8,436,PREDICTION,src/tracking/advanced_tracker.py:kalman_homography,
S,9,436,PREDICTION,src/tracking/advanced_tracker.py:kalman_homography,
D,5,436
S,9,436,PREDICTION,src/tracking/advanced_tracker.py:id_merge,
D,6,436
S,8,436,PREDICTION,src/tracking/advanced_tracker.py:id_merge,
L,0,436,PREDICTION,src/tracking/advanced_tracker.py:kalman_homography,
R,PREDICTION,SUBPIXEL,0
L,1,436,DETECTION,src/tracking/advanced_tracker.py:_activate_slot,436_370_679_578_785
R,DETECTION,DETECTION,1
L,2,436,DETECTION,src/tracking/advanced_tracker.py:_activate_slot,436_209_941_396_1021
R,DETECTION,DETECTION,1
L,3,436,PREDICTION,src/tracking/advanced_tracker.py:kalman_homography,
R,PREDICTION,SUBPIXEL,0
L,4,436,DETECTION,src/tracking/advanced_tracker.py:_activate_slot,436_331_83_535_159
R,DETECTION,DETECTION,1
L,7,436,PREDICTION,src/tracking/advanced_tracker.py:kalman_homography,
R,CLAMP,CLAMP,0
L,8,436,PREDICTION,src/tracking/advanced_tracker.py:id_merge,
R,PREDICTION,SUBPIXEL,0
L,9,436,PREDICTION,src/tracking/advanced_tracker.py:id_merge,
R,PREDICTION,PREDICTION,1
A,436
S,1,442,DETECTION,src/tracking/advanced_tracker.py:_activate_slot,442_371_682_581_793
S,4,442,DETECTION,src/tracking/advanced_tracker.py:_activate_slot,442_332_90_537_167
S,0,442,PREDICTION,src/tracking/advanced_tracker.py:kalman_homography,
S,2,442,PREDICTION,src/tracking/advanced_tracker.py:kalman_homography,
S,3,442,PREDICTION,src/tracking/advanced_tracker.py:kalman_homography,
S,5,442,PREDICTION,src/tracking/advanced_tracker.py:kalman_homography,
S,6,442,PREDICTION,src/tracking/advanced_tracker.py:kalman_homography,
S,8,442,PREDICTION,src/tracking/advanced_tracker.py:kalman_homography,
S,9,442,PREDICTION,src/tracking/advanced_tracker.py:kalman_homography,
S,7,442,PREDICTION,src/tracking/advanced_tracker.py:flow_gapfill_batched,
D,5,442
S,7,442,PREDICTION,src/tracking/advanced_tracker.py:id_merge,
D,6,442
S,8,442,PREDICTION,src/tracking/advanced_tracker.py:id_merge,
D,7,442
S,9,442,PREDICTION,src/tracking/advanced_tracker.py:id_merge,
L,0,442,PREDICTION,src/tracking/advanced_tracker.py:kalman_homography,
R,PREDICTION,SUBPIXEL,0
L,1,442,DETECTION,src/tracking/advanced_tracker.py:_activate_slot,442_371_682_581_793
R,DETECTION,DETECTION,1
L,2,442,PREDICTION,src/tracking/advanced_tracker.py:kalman_homography,
R,PREDICTION,PREDICTION,1
L,3,442,PREDICTION,src/tracking/advanced_tracker.py:kalman_homography,
R,PREDICTION,SUBPIXEL,0
L,4,442,DETECTION,src/tracking/advanced_tracker.py:_activate_slot,442_332_90_537_167
R,DETECTION,DETECTION,1
L,8,442,PREDICTION,src/tracking/advanced_tracker.py:id_merge,
R,PREDICTION,SUBPIXEL,0
L,9,442,PREDICTION,src/tracking/advanced_tracker.py:id_merge,
R,PREDICTION,PREDICTION,1
A,442
S,1,448,DETECTION,src/tracking/advanced_tracker.py:_activate_slot,448_374_691_584_796
S,4,448,DETECTION,src/tracking/advanced_tracker.py:_activate_slot,448_332_92_536_191
S,0,448,PREDICTION,src/tracking/advanced_tracker.py:kalman_homography,
S,3,448,PREDICTION,src/tracking/advanced_tracker.py:kalman_homography,
S,5,448,PREDICTION,src/tracking/advanced_tracker.py:kalman_homography,
S,6,448,PREDICTION,src/tracking/advanced_tracker.py:kalman_homography,
S,8,448,PREDICTION,src/tracking/advanced_tracker.py:kalman_homography,
S,9,448,PREDICTION,src/tracking/advanced_tracker.py:kalman_homography,
S,2,448,PREDICTION,src/tracking/advanced_tracker.py:flow_gapfill_batched,
S,7,448,PREDICTION,src/tracking/advanced_tracker.py:flow_gapfill_batched,
D,5,448
S,7,448,PREDICTION,src/tracking/advanced_tracker.py:id_merge,
D,6,448
S,8,448,PREDICTION,src/tracking/advanced_tracker.py:id_merge,
D,7,448
S,9,448,PREDICTION,src/tracking/advanced_tracker.py:id_merge,
L,0,448,PREDICTION,src/tracking/advanced_tracker.py:kalman_homography,
R,PREDICTION,SUBPIXEL,0
L,1,448,DETECTION,src/tracking/advanced_tracker.py:_activate_slot,448_374_691_584_796
R,DETECTION,DETECTION,1
L,2,448,PREDICTION,src/tracking/advanced_tracker.py:flow_gapfill_batched,
R,PREDICTION,PREDICTION,1
L,3,448,PREDICTION,src/tracking/advanced_tracker.py:kalman_homography,
R,PREDICTION,SUBPIXEL,0
L,4,448,DETECTION,src/tracking/advanced_tracker.py:_activate_slot,448_332_92_536_191
R,DETECTION,DETECTION,1
L,8,448,PREDICTION,src/tracking/advanced_tracker.py:id_merge,
R,PREDICTION,SUBPIXEL,0
L,9,448,PREDICTION,src/tracking/advanced_tracker.py:id_merge,
R,PREDICTION,PREDICTION,1
A,448
S,1,454,DETECTION,src/tracking/advanced_tracker.py:_activate_slot,454_376_697_586_801
S,3,454,DETECTION,src/tracking/advanced_tracker.py:_activate_slot,454_228_20_393_107
S,4,454,DETECTION,src/tracking/advanced_tracker.py:_activate_slot,454_333_92_539_210
S,8,454,DETECTION,src/tracking/advanced_tracker.py:_activate_slot,454_243_34_398_109
S,0,454,PREDICTION,src/tracking/advanced_tracker.py:kalman_homography,
S,5,454,PREDICTION,src/tracking/advanced_tracker.py:kalman_homography,
S,6,454,PREDICTION,src/tracking/advanced_tracker.py:kalman_homography,
S,9,454,PREDICTION,src/tracking/advanced_tracker.py:kalman_homography,
S,2,454,PREDICTION,src/tracking/advanced_tracker.py:flow_gapfill_batched,
S,7,454,PREDICTION,src/tracking/advanced_tracker.py:flow_gapfill_batched,
D,3,454
S,4,454,PREDICTION,src/tracking/advanced_tracker.py:id_merge,
D,5,454
S,7,454,PREDICTION,src/tracking/advanced_tracker.py:id_merge,
D,6,454
S,8,454,PREDICTION,src/tracking/advanced_tracker.py:id_merge,
D,7,454
S,9,454,PREDICTION,src/tracking/advanced_tracker.py:id_merge,
L,0,454,PREDICTION,src/tracking/advanced_tracker.py:kalman_homography,
R,PREDICTION,SUBPIXEL,0
L,1,454,DETECTION,src/tracking/advanced_tracker.py:_activate_slot,454_376_697_586_801
R,DETECTION,DETECTION,1
L,2,454,PREDICTION,src/tracking/advanced_tracker.py:flow_gapfill_batched,
R,PREDICTION,PREDICTION,1
L,4,454,PREDICTION,src/tracking/advanced_tracker.py:id_merge,
R,PREDICTION,PREDICTION,1
L,8,454,PREDICTION,src/tracking/advanced_tracker.py:id_merge,
R,PREDICTION,PREDICTION,1
L,9,454,PREDICTION,src/tracking/advanced_tracker.py:id_merge,
R,PREDICTION,PREDICTION,1
A,454
S,1,460,DETECTION,src/tracking/advanced_tracker.py:_activate_slot,460_377_700_590_808
S,3,460,DETECTION,src/tracking/advanced_tracker.py:_activate_slot,460_427_1119_614_1221
S,4,460,DETECTION,src/tracking/advanced_tracker.py:_activate_slot,460_334_96_538_217
S,5,460,PREDICTION,src/tracking/advanced_tracker.py:kalman_homography,
S,8,460,PREDICTION,src/tracking/advanced_tracker.py:kalman_homography,
S,9,460,PREDICTION,src/tracking/advanced_tracker.py:kalman_homography,
S,0,460,PREDICTION,src/tracking/advanced_tracker.py:flow_gapfill_batched,
S,2,460,PREDICTION,src/tracking/advanced_tracker.py:flow_gapfill_batched,
S,6,460,PREDICTION,src/tracking/advanced_tracker.py:flow_gapfill_batched,
S,7,460,PREDICTION,src/tracking/advanced_tracker.py:flow_gapfill_batched,
D,5,460
S,7,460,PREDICTION,src/tracking/advanced_tracker.py:id_merge,
D,6,460
S,8,460,PREDICTION,src/tracking/advanced_tracker.py:id_merge,
D,7,460
S,9,460,PREDICTION,src/tracking/advanced_tracker.py:id_merge,
L,0,460,PREDICTION,src/tracking/advanced_tracker.py:flow_gapfill_batched,
R,PREDICTION,PREDICTION,1
L,1,460,DETECTION,src/tracking/advanced_tracker.py:_activate_slot,460_377_700_590_808
R,DETECTION,DETECTION,1
L,2,460,PREDICTION,src/tracking/advanced_tracker.py:flow_gapfill_batched,
R,PREDICTION,PREDICTION,1
L,3,460,DETECTION,src/tracking/advanced_tracker.py:_activate_slot,460_427_1119_614_1221
R,CLAMP,CLAMP,0
L,4,460,DETECTION,src/tracking/advanced_tracker.py:_activate_slot,460_334_96_538_217
R,DETECTION,DETECTION,1
L,8,460,PREDICTION,src/tracking/advanced_tracker.py:id_merge,
R,PREDICTION,PREDICTION,1
L,9,460,PREDICTION,src/tracking/advanced_tracker.py:id_merge,
R,PREDICTION,PREDICTION,1
A,460
S,1,466,DETECTION,src/tracking/advanced_tracker.py:_activate_slot,466_233_423_410_522
S,4,466,DETECTION,src/tracking/advanced_tracker.py:_activate_slot,466_328_104_543_219
S,6,466,DETECTION,src/tracking/advanced_tracker.py:_activate_slot,466_379_709_594_809
S,9,466,DETECTION,src/tracking/advanced_tracker.py:_activate_slot,466_116_520_255_598
S,5,466,PREDICTION,src/tracking/advanced_tracker.py:kalman_homography,
S,8,466,PREDICTION,src/tracking/advanced_tracker.py:kalman_homography,
S,2,466,PREDICTION,src/tracking/advanced_tracker.py:flow_gapfill_batched,
S,3,466,PREDICTION,src/tracking/advanced_tracker.py:flow_gapfill_batched,
S,7,466,PREDICTION,src/tracking/advanced_tracker.py:flow_gapfill_batched,
D,5,466
S,7,466,PREDICTION,src/tracking/advanced_tracker.py:id_merge,
D,7,466
S,9,466,PREDICTION,src/tracking/advanced_tracker.py:id_merge,
L,1,466,DETECTION,src/tracking/advanced_tracker.py:_activate_slot,466_233_423_410_522
R,DETECTION,DETECTION,1
L,2,466,PREDICTION,src/tracking/advanced_tracker.py:flow_gapfill_batched,
R,PREDICTION,PREDICTION,1
L,3,466,PREDICTION,src/tracking/advanced_tracker.py:flow_gapfill_batched,
R,CLAMP,CLAMP,0
L,4,466,DETECTION,src/tracking/advanced_tracker.py:_activate_slot,466_328_104_543_219
R,DETECTION,DETECTION,1
L,6,466,DETECTION,src/tracking/advanced_tracker.py:_activate_slot,466_379_709_594_809
R,CLAMP,CLAMP,0
L,8,466,PREDICTION,src/tracking/advanced_tracker.py:kalman_homography,
R,PREDICTION,PREDICTION,1
L,9,466,PREDICTION,src/tracking/advanced_tracker.py:id_merge,
R,PREDICTION,PREDICTION,1
A,466
S,4,472,DETECTION,src/tracking/advanced_tracker.py:_activate_slot,472_326_120_534_230
S,6,472,DETECTION,src/tracking/advanced_tracker.py:_activate_slot,472_378_713_595_810
S,5,472,DETECTION,src/tracking/advanced_tracker.py:_activate_slot,472_112_523_253_618
S,9,472,DETECTION,src/tracking/advanced_tracker.py:_activate_slot,472_126_524_259_588
S,1,472,PREDICTION,src/tracking/advanced_tracker.py:kalman_homography,
S,8,472,PREDICTION,src/tracking/advanced_tracker.py:kalman_homography,
S,2,472,PREDICTION,src/tracking/advanced_tracker.py:flow_gapfill_batched,
S,3,472,PREDICTION,src/tracking/advanced_tracker.py:flow_gapfill_batched,
S,7,472,PREDICTION,src/tracking/advanced_tracker.py:flow_gapfill_batched,
D,7,472
S,5,472,PREDICTION,src/tracking/advanced_tracker.py:id_merge,
D,5,472
S,9,472,PREDICTION,src/tracking/advanced_tracker.py:id_merge,
L,1,472,PREDICTION,src/tracking/advanced_tracker.py:kalman_homography,
R,PREDICTION,PREDICTION,1
L,2,472,PREDICTION,src/tracking/advanced_tracker.py:flow_gapfill_batched,
R,PREDICTION,PREDICTION,1
L,3,472,PREDICTION,src/tracking/advanced_tracker.py:flow_gapfill_batched,
R,CLAMP,CLAMP,0
L,4,472,DETECTION,src/tracking/advanced_tracker.py:_activate_slot,472_326_120_534_230
R,DETECTION,DETECTION,1
L,6,472,DETECTION,src/tracking/advanced_tracker.py:_activate_slot,472_378_713_595_810
R,CLAMP,CLAMP,0
L,8,472,PREDICTION,src/tracking/advanced_tracker.py:kalman_homography,
R,PREDICTION,PREDICTION,1
L,9,472,PREDICTION,src/tracking/advanced_tracker.py:id_merge,
R,PREDICTION,PREDICTION,1
A,472
S,4,478,DETECTION,src/tracking/advanced_tracker.py:_activate_slot,478_324_139_531_234
S,1,478,PREDICTION,src/tracking/advanced_tracker.py:kalman_homography,
S,5,478,PREDICTION,src/tracking/advanced_tracker.py:kalman_homography,
S,6,478,PREDICTION,src/tracking/advanced_tracker.py:kalman_homography,
S,8,478,PREDICTION,src/tracking/advanced_tracker.py:kalman_homography,
S,9,478,PREDICTION,src/tracking/advanced_tracker.py:kalman_homography,
S,2,478,PREDICTION,src/tracking/advanced_tracker.py:flow_gapfill_batched,
S,3,478,PREDICTION,src/tracking/advanced_tracker.py:flow_gapfill_batched,
S,7,478,PREDICTION,src/tracking/advanced_tracker.py:flow_gapfill_batched,
D,7,478
S,5,478,PREDICTION,src/tracking/advanced_tracker.py:id_merge,
D,5,478
S,9,478,PREDICTION,src/tracking/advanced_tracker.py:id_merge,
L,1,478,PREDICTION,src/tracking/advanced_tracker.py:kalman_homography,
R,PREDICTION,PREDICTION,1
L,2,478,PREDICTION,src/tracking/advanced_tracker.py:flow_gapfill_batched,
R,PREDICTION,PREDICTION,1
L,3,478,PREDICTION,src/tracking/advanced_tracker.py:flow_gapfill_batched,
R,CLAMP,CLAMP,0
L,4,478,DETECTION,src/tracking/advanced_tracker.py:_activate_slot,478_324_139_531_234
R,DETECTION,DETECTION,1
L,6,478,PREDICTION,src/tracking/advanced_tracker.py:kalman_homography,
R,CLAMP,CLAMP,0
L,8,478,PREDICTION,src/tracking/advanced_tracker.py:kalman_homography,
R,PREDICTION,PREDICTION,1
L,9,478,PREDICTION,src/tracking/advanced_tracker.py:id_merge,
R,PREDICTION,PREDICTION,1
A,478
S,4,484,DETECTION,src/tracking/advanced_tracker.py:_activate_slot,484_324_147_530_241
S,1,484,PREDICTION,src/tracking/advanced_tracker.py:kalman_homography,
S,5,484,PREDICTION,src/tracking/advanced_tracker.py:kalman_homography,
S,6,484,PREDICTION,src/tracking/advanced_tracker.py:kalman_homography,
S,8,484,PREDICTION,src/tracking/advanced_tracker.py:kalman_homography,
S,9,484,PREDICTION,src/tracking/advanced_tracker.py:kalman_homography,
S,2,484,PREDICTION,src/tracking/advanced_tracker.py:flow_gapfill_batched,
S,3,484,PREDICTION,src/tracking/advanced_tracker.py:flow_gapfill_batched,
D,5,484
S,9,484,PREDICTION,src/tracking/advanced_tracker.py:id_merge,
L,1,484,PREDICTION,src/tracking/advanced_tracker.py:kalman_homography,
R,PREDICTION,PREDICTION,1
L,2,484,PREDICTION,src/tracking/advanced_tracker.py:flow_gapfill_batched,
R,PREDICTION,PREDICTION,1
L,3,484,PREDICTION,src/tracking/advanced_tracker.py:flow_gapfill_batched,
R,CLAMP,CLAMP,0
L,4,484,DETECTION,src/tracking/advanced_tracker.py:_activate_slot,484_324_147_530_241
R,DETECTION,DETECTION,1
L,6,484,PREDICTION,src/tracking/advanced_tracker.py:kalman_homography,
R,CLAMP,CLAMP,0
L,8,484,PREDICTION,src/tracking/advanced_tracker.py:kalman_homography,
R,PREDICTION,PREDICTION,1
L,9,484,PREDICTION,src/tracking/advanced_tracker.py:id_merge,
R,PREDICTION,PREDICTION,1
A,484
S,4,490,DETECTION,src/tracking/advanced_tracker.py:_activate_slot,490_322_149_528_255
S,1,490,PREDICTION,src/tracking/advanced_tracker.py:kalman_homography,
S,5,490,PREDICTION,src/tracking/advanced_tracker.py:kalman_homography,
S,6,490,PREDICTION,src/tracking/advanced_tracker.py:kalman_homography,
S,8,490,PREDICTION,src/tracking/advanced_tracker.py:kalman_homography,
S,9,490,PREDICTION,src/tracking/advanced_tracker.py:kalman_homography,
S,3,490,PREDICTION,src/tracking/advanced_tracker.py:flow_gapfill_batched,
D,5,490
S,9,490,PREDICTION,src/tracking/advanced_tracker.py:id_merge,
L,1,490,PREDICTION,src/tracking/advanced_tracker.py:kalman_homography,
R,PREDICTION,PREDICTION,1
L,3,490,PREDICTION,src/tracking/advanced_tracker.py:flow_gapfill_batched,
R,CLAMP,CLAMP,0
L,4,490,DETECTION,src/tracking/advanced_tracker.py:_activate_slot,490_322_149_528_255
R,DETECTION,DETECTION,1
L,6,490,PREDICTION,src/tracking/advanced_tracker.py:kalman_homography,
R,CLAMP,CLAMP,0
L,8,490,PREDICTION,src/tracking/advanced_tracker.py:kalman_homography,
R,PREDICTION,PREDICTION,1
L,9,490,PREDICTION,src/tracking/advanced_tracker.py:id_merge,
R,PREDICTION,PREDICTION,1
A,490
S,4,496,DETECTION,src/tracking/advanced_tracker.py:_activate_slot,496_322_149_528_272
S,1,496,PREDICTION,src/tracking/advanced_tracker.py:kalman_homography,
S,5,496,PREDICTION,src/tracking/advanced_tracker.py:kalman_homography,
S,6,496,PREDICTION,src/tracking/advanced_tracker.py:kalman_homography,
S,8,496,PREDICTION,src/tracking/advanced_tracker.py:kalman_homography,
S,9,496,PREDICTION,src/tracking/advanced_tracker.py:kalman_homography,
S,3,496,PREDICTION,src/tracking/advanced_tracker.py:flow_gapfill_batched,
D,5,496
S,9,496,PREDICTION,src/tracking/advanced_tracker.py:id_merge,
L,1,496,PREDICTION,src/tracking/advanced_tracker.py:kalman_homography,
R,PREDICTION,PREDICTION,1
L,3,496,PREDICTION,src/tracking/advanced_tracker.py:flow_gapfill_batched,
R,CLAMP,CLAMP,0
L,4,496,DETECTION,src/tracking/advanced_tracker.py:_activate_slot,496_322_149_528_272
R,DETECTION,DETECTION,1
L,6,496,PREDICTION,src/tracking/advanced_tracker.py:kalman_homography,
R,CLAMP,CLAMP,0
L,8,496,PREDICTION,src/tracking/advanced_tracker.py:kalman_homography,
R,PREDICTION,PREDICTION,1
L,9,496,PREDICTION,src/tracking/advanced_tracker.py:id_merge,
R,PREDICTION,PREDICTION,1
A,496
S,4,502,DETECTION,src/tracking/advanced_tracker.py:_activate_slot,502_322_154_526_274
S,5,502,DETECTION,src/tracking/advanced_tracker.py:_activate_slot,502_97_553_249_619
S,0,502,DETECTION,src/tracking/advanced_tracker.py:_activate_slot,502_236_494_444_579
S,6,502,PREDICTION,src/tracking/advanced_tracker.py:kalman_homography,
S,9,502,PREDICTION,src/tracking/advanced_tracker.py:kalman_homography,
S,1,502,PREDICTION,src/tracking/advanced_tracker.py:flow_gapfill_batched,
S,3,502,PREDICTION,src/tracking/advanced_tracker.py:flow_gapfill_batched,
S,8,502,PREDICTION,src/tracking/advanced_tracker.py:flow_gapfill_batched,
D,1,502
S,0,502,PREDICTION,src/tracking/advanced_tracker.py:id_merge,
D,9,502
S,5,502,PREDICTION,src/tracking/advanced_tracker.py:id_merge,
L,0,502,PREDICTION,src/tracking/advanced_tracker.py:id_merge,
R,PREDICTION,PREDICTION,1
L,3,502,PREDICTION,src/tracking/advanced_tracker.py:flow_gapfill_batched,
R,CLAMP,CLAMP,0
L,4,502,DETECTION,src/tracking/advanced_tracker.py:_activate_slot,502_322_154_526_274
R,DETECTION,DETECTION,1
L,5,502,PREDICTION,src/tracking/advanced_tracker.py:id_merge,
R,PREDICTION,PREDICTION,1
L,6,502,PREDICTION,src/tracking/advanced_tracker.py:kalman_homography,
R,CLAMP,CLAMP,0
L,8,502,PREDICTION,src/tracking/advanced_tracker.py:flow_gapfill_batched,
R,PREDICTION,PREDICTION,1
A,502
S,0,508,DETECTION,src/tracking/advanced_tracker.py:_activate_slot,508_237_489_439_575
S,4,508,DETECTION,src/tracking/advanced_tracker.py:_activate_slot,508_308_168_521_275
S,5,508,DETECTION,src/tracking/advanced_tracker.py:_activate_slot,508_95_577_243_656
S,9,508,PREDICTION,src/tracking/advanced_tracker.py:kalman_homography,
S,1,508,PREDICTION,src/tracking/advanced_tracker.py:flow_gapfill_batched,
S,3,508,PREDICTION,src/tracking/advanced_tracker.py:flow_gapfill_batched,
S,6,508,PREDICTION,src/tracking/advanced_tracker.py:flow_gapfill_batched,
D,1,508
S,0,508,PREDICTION,src/tracking/advanced_tracker.py:id_merge,
D,9,508
S,5,508,PREDICTION,src/tracking/advanced_tracker.py:id_merge,
L,0,508,PREDICTION,src/tracking/advanced_tracker.py:id_merge,
R,PREDICTION,PREDICTION,1
L,3,508,PREDICTION,src/tracking/advanced_tracker.py:flow_gapfill_batched,
R,CLAMP,CLAMP,0
L,4,508,DETECTION,src/tracking/advanced_tracker.py:_activate_slot,508_308_168_521_275
R,DETECTION,DETECTION,1
L,5,508,PREDICTION,src/tracking/advanced_tracker.py:id_merge,
R,PREDICTION,PREDICTION,1
L,6,508,PREDICTION,src/tracking/advanced_tracker.py:flow_gapfill_batched,
R,CLAMP,CLAMP,0
A,508
S,0,514,DETECTION,src/tracking/advanced_tracker.py:_activate_slot,514_239_481_437_579
S,4,514,DETECTION,src/tracking/advanced_tracker.py:_activate_slot,514_319_190_517_272
S,5,514,DETECTION,src/tracking/advanced_tracker.py:_activate_slot,514_108_590_241_651
S,9,514,PREDICTION,src/tracking/advanced_tracker.py:kalman_homography,
S,1,514,PREDICTION,src/tracking/advanced_tracker.py:flow_gapfill_batched,
S,6,514,PREDICTION,src/tracking/advanced_tracker.py:flow_gapfill_batched,
D,1,514
S,0,514,PREDICTION,src/tracking/advanced_tracker.py:id_merge,
D,9,514
S,5,514,PREDICTION,src/tracking/advanced_tracker.py:id_merge,
L,0,514,PREDICTION,src/tracking/advanced_tracker.py:id_merge,
R,PREDICTION,PREDICTION,1
L,4,514,DETECTION,src/tracking/advanced_tracker.py:_activate_slot,514_319_190_517_272
R,DETECTION,DETECTION,1
L,5,514,PREDICTION,src/tracking/advanced_tracker.py:id_merge,
R,PREDICTION,PREDICTION,1
L,6,514,PREDICTION,src/tracking/advanced_tracker.py:flow_gapfill_batched,
R,CLAMP,CLAMP,0
A,514
S,0,520,DETECTION,src/tracking/advanced_tracker.py:_activate_slot,520_242_471_434_556
S,4,520,DETECTION,src/tracking/advanced_tracker.py:_activate_slot,520_314_206_518_280
S,7,520,DETECTION,src/tracking/advanced_tracker.py:_activate_slot,520_379_752_597_831
S,5,520,PREDICTION,src/tracking/advanced_tracker.py:kalman_homography,
S,6,520,PREDICTION,src/tracking/advanced_tracker.py:flow_gapfill_batched,
S,9,520,PREDICTION,src/tracking/advanced_tracker.py:flow_gapfill_batched,
D,9,520
S,5,520,PREDICTION,src/tracking/advanced_tracker.py:id_merge,
D,6,520
S,7,520,PREDICTION,src/tracking/advanced_tracker.py:id_merge,
L,0,520,DETECTION,src/tracking/advanced_tracker.py:_activate_slot,520_242_471_434_556
R,DETECTION,DETECTION,1
L,4,520,DETECTION,src/tracking/advanced_tracker.py:_activate_slot,520_314_206_518_280
R,DETECTION,DETECTION,1
L,5,520,PREDICTION,src/tracking/advanced_tracker.py:id_merge,
R,PREDICTION,PREDICTION,1
L,7,520,PREDICTION,src/tracking/advanced_tracker.py:id_merge,
R,CLAMP,CLAMP,0
A,520
S,4,526,DETECTION,src/tracking/advanced_tracker.py:_activate_slot,526_-12_451_621_921
S,0,526,PREDICTION,src/tracking/advanced_tracker.py:kalman_homography,
S,5,526,PREDICTION,src/tracking/advanced_tracker.py:kalman_homography,
S,7,526,PREDICTION,src/tracking/advanced_tracker.py:kalman_homography,
L,0,526,PREDICTION,src/tracking/advanced_tracker.py:kalman_homography,
R,PREDICTION,PREDICTION,1
L,4,526,DETECTION,src/tracking/advanced_tracker.py:_activate_slot,526_-12_451_621_921
R,DETECTION,DETECTION,1
L,5,526,PREDICTION,src/tracking/advanced_tracker.py:kalman_homography,
R,PREDICTION,PREDICTION,1
L,7,526,PREDICTION,src/tracking/advanced_tracker.py:kalman_homography,
R,CLAMP,CLAMP,0
A,526
S,1,532,DETECTION,src/tracking/advanced_tracker.py:_activate_slot,532_-12_864_398_1162
S,4,532,DETECTION,src/tracking/advanced_tracker.py:_activate_slot,532_-12_450_622_927
S,0,532,PREDICTION,src/tracking/advanced_tracker.py:kalman_homography,
S,5,532,PREDICTION,src/tracking/advanced_tracker.py:kalman_homography,
S,7,532,PREDICTION,src/tracking/advanced_tracker.py:kalman_homography,
L,0,532,PREDICTION,src/tracking/advanced_tracker.py:kalman_homography,
R,PREDICTION,PREDICTION,1
L,1,532,DETECTION,src/tracking/advanced_tracker.py:_activate_slot,532_-12_864_398_1162
R,CLAMP,CLAMP,0
L,4,532,DETECTION,src/tracking/advanced_tracker.py:_activate_slot,532_-12_450_622_927
R,DETECTION,DETECTION,1
L,5,532,PREDICTION,src/tracking/advanced_tracker.py:kalman_homography,
R,PREDICTION,PREDICTION,1
L,7,532,PREDICTION,src/tracking/advanced_tracker.py:kalman_homography,
R,CLAMP,CLAMP,0
A,532
S,1,538,DETECTION,src/tracking/advanced_tracker.py:_activate_slot,538_-12_777_395_1126
S,2,538,DETECTION,src/tracking/advanced_tracker.py:_activate_slot,538_-9_-15_666_180
S,4,538,DETECTION,src/tracking/advanced_tracker.py:_activate_slot,538_-12_455_617_928
S,0,538,PREDICTION,src/tracking/advanced_tracker.py:kalman_homography,
S,5,538,PREDICTION,src/tracking/advanced_tracker.py:kalman_homography,
S,7,538,PREDICTION,src/tracking/advanced_tracker.py:kalman_homography,
L,0,538,PREDICTION,src/tracking/advanced_tracker.py:kalman_homography,
R,PREDICTION,PREDICTION,1
L,1,538,DETECTION,src/tracking/advanced_tracker.py:_activate_slot,538_-12_777_395_1126
R,CLAMP,CLAMP,0
L,2,538,DETECTION,src/tracking/advanced_tracker.py:_activate_slot,538_-9_-15_666_180
R,CLAMP,CLAMP,0
L,4,538,DETECTION,src/tracking/advanced_tracker.py:_activate_slot,538_-12_455_617_928
R,DETECTION,DETECTION,1
L,5,538,PREDICTION,src/tracking/advanced_tracker.py:kalman_homography,
R,PREDICTION,PREDICTION,1
L,7,538,PREDICTION,src/tracking/advanced_tracker.py:kalman_homography,
R,CLAMP,CLAMP,0
A,538
S,1,544,DETECTION,src/tracking/advanced_tracker.py:_activate_slot,544_-13_689_385_1123
S,0,544,PREDICTION,src/tracking/advanced_tracker.py:kalman_homography,
S,4,544,PREDICTION,src/tracking/advanced_tracker.py:kalman_homography,
S,5,544,PREDICTION,src/tracking/advanced_tracker.py:kalman_homography,
S,7,544,PREDICTION,src/tracking/advanced_tracker.py:kalman_homography,
S,2,544,PREDICTION,src/tracking/advanced_tracker.py:flow_gapfill_batched,
L,0,544,PREDICTION,src/tracking/advanced_tracker.py:kalman_homography,
R,PREDICTION,PREDICTION,1
L,1,544,DETECTION,src/tracking/advanced_tracker.py:_activate_slot,544_-13_689_385_1123
R,CLAMP,CLAMP,0
L,2,544,PREDICTION,src/tracking/advanced_tracker.py:flow_gapfill_batched,
R,CLAMP,CLAMP,0
L,4,544,PREDICTION,src/tracking/advanced_tracker.py:kalman_homography,
R,PREDICTION,PREDICTION,1
L,5,544,PREDICTION,src/tracking/advanced_tracker.py:kalman_homography,
R,PREDICTION,PREDICTION,1
L,7,544,PREDICTION,src/tracking/advanced_tracker.py:kalman_homography,
R,CLAMP,CLAMP,0
A,544
S,3,550,DETECTION,src/tracking/advanced_tracker.py:_activate_slot,550_-14_650_375_1125
S,0,550,PREDICTION,src/tracking/advanced_tracker.py:kalman_homography,
S,1,550,PREDICTION,src/tracking/advanced_tracker.py:kalman_homography,
S,4,550,PREDICTION,src/tracking/advanced_tracker.py:kalman_homography,
S,5,550,PREDICTION,src/tracking/advanced_tracker.py:kalman_homography,
S,7,550,PREDICTION,src/tracking/advanced_tracker.py:kalman_homography,
D,1,550
S,3,550,PREDICTION,src/tracking/advanced_tracker.py:id_merge,
L,0,550,PREDICTION,src/tracking/advanced_tracker.py:kalman_homography,
R,PREDICTION,PREDICTION,1
L,3,550,PREDICTION,src/tracking/advanced_tracker.py:id_merge,
R,PREDICTION,PREDICTION,1
L,4,550,PREDICTION,src/tracking/advanced_tracker.py:kalman_homography,
R,PREDICTION,PREDICTION,1
L,5,550,PREDICTION,src/tracking/advanced_tracker.py:kalman_homography,
R,PREDICTION,PREDICTION,1
L,7,550,PREDICTION,src/tracking/advanced_tracker.py:kalman_homography,
R,CLAMP,CLAMP,0
A,550
S,3,556,DETECTION,src/tracking/advanced_tracker.py:_activate_slot,556_-15_655_366_1121
S,0,556,PREDICTION,src/tracking/advanced_tracker.py:kalman_homography,
S,1,556,PREDICTION,src/tracking/advanced_tracker.py:kalman_homography,
S,4,556,PREDICTION,src/tracking/advanced_tracker.py:kalman_homography,
S,5,556,PREDICTION,src/tracking/advanced_tracker.py:kalman_homography,
S,7,556,PREDICTION,src/tracking/advanced_tracker.py:kalman_homography,
D,1,556
S,3,556,PREDICTION,src/tracking/advanced_tracker.py:id_merge,
L,0,556,PREDICTION,src/tracking/advanced_tracker.py:kalman_homography,
R,PREDICTION,PREDICTION,1
L,3,556,PREDICTION,src/tracking/advanced_tracker.py:id_merge,
R,PREDICTION,PREDICTION,1
L,4,556,PREDICTION,src/tracking/advanced_tracker.py:kalman_homography,
R,PREDICTION,PREDICTION,1
L,5,556,PREDICTION,src/tracking/advanced_tracker.py:kalman_homography,
R,PREDICTION,PREDICTION,1
L,7,556,PREDICTION,src/tracking/advanced_tracker.py:kalman_homography,
R,CLAMP,CLAMP,0
A,556
S,3,562,DETECTION,src/tracking/advanced_tracker.py:_activate_slot,562_-13_464_634_931
S,8,562,DETECTION,src/tracking/advanced_tracker.py:_activate_slot,562_-12_-11_646_365
S,0,562,PREDICTION,src/tracking/advanced_tracker.py:kalman_homography,
S,1,562,PREDICTION,src/tracking/advanced_tracker.py:kalman_homography,
S,4,562,PREDICTION,src/tracking/advanced_tracker.py:kalman_homography,
S,7,562,PREDICTION,src/tracking/advanced_tracker.py:kalman_homography,
S,5,562,PREDICTION,src/tracking/advanced_tracker.py:flow_gapfill_batched,
L,0,562,PREDICTION,src/tracking/advanced_tracker.py:kalman_homography,
R,PREDICTION,PREDICTION,1
L,1,562,PREDICTION,src/tracking/advanced_tracker.py:kalman_homography,
R,CLAMP,CLAMP,0
L,3,562,DETECTION,src/tracking/advanced_tracker.py:_activate_slot,562_-13_464_634_931
R,CLAMP,CLAMP,0
L,4,562,PREDICTION,src/tracking/advanced_tracker.py:kalman_homography,
R,PREDICTION,PREDICTION,1
L,5,562,PREDICTION,src/tracking/advanced_tracker.py:flow_gapfill_batched,
R,PREDICTION,PREDICTION,1
L,7,562,PREDICTION,src/tracking/advanced_tracker.py:kalman_homography,
R,CLAMP,CLAMP,0
L,8,562,DETECTION,src/tracking/advanced_tracker.py:_activate_slot,562_-12_-11_646_365
R,DETECTION,DETECTION,1
A,562
S,6,568,DETECTION,src/tracking/advanced_tracker.py:_activate_slot,568_-14_652_324_996
S,9,568,DETECTION,src/tracking/advanced_tracker.py:_activate_slot,568_-13_478_620_932
S,1,568,PREDICTION,src/tracking/advanced_tracker.py:kalman_homography,
S,3,568,PREDICTION,src/tracking/advanced_tracker.py:kalman_homography,
S,4,568,PREDICTION,src/tracking/advanced_tracker.py:kalman_homography,
S,8,568,PREDICTION,src/tracking/advanced_tracker.py:kalman_homography,
S,0,568,PREDICTION,src/tracking/advanced_tracker.py:flow_gapfill_batched,
S,7,568,PREDICTION,src/tracking/advanced_tracker.py:flow_gapfill_batched,
D,7,568
S,9,568,PREDICTION,src/tracking/advanced_tracker.py:id_merge,
L,0,568,PREDICTION,src/tracking/advanced_tracker.py:flow_gapfill_batched,
R,PREDICTION,PREDICTION,1
L,1,568,PREDICTION,src/tracking/advanced_tracker.py:kalman_homography,
R,CLAMP,CLAMP,0
L,3,568,PREDICTION,src/tracking/advanced_tracker.py:kalman_homography,
R,CLAMP,CLAMP,0
L,4,568,PREDICTION,src/tracking/advanced_tracker.py:kalman_homography,
R,PREDICTION,PREDICTION,1
L,6,568,DETECTION,src/tracking/advanced_tracker.py:_activate_slot,568_-14_652_324_996
R,CLAMP,CLAMP,0
L,8,568,PREDICTION,src/tracking/advanced_tracker.py:kalman_homography,
R,PREDICTION,PREDICTION,1
L,9,568,PREDICTION,src/tracking/advanced_tracker.py:id_merge,
R,PREDICTION,PREDICTION,1
A,568
S,1,574,DETECTION,src/tracking/advanced_tracker.py:_activate_slot,574_-12_480_615_935
S,4,574,PREDICTION,src/tracking/advanced_tracker.py:kalman_homography,
S,6,574,PREDICTION,src/tracking/advanced_tracker.py:kalman_homography,
S,8,574,PREDICTION,src/tracking/advanced_tracker.py:kalman_homography,
S,9,574,PREDICTION,src/tracking/advanced_tracker.py:kalman_homography,
S,3,574,PREDICTION,src/tracking/advanced_tracker.py:flow_gapfill_batched,
D,3,574
S,1,574,PREDICTION,src/tracking/advanced_tracker.py:id_merge,
L,1,574,PREDICTION,src/tracking/advanced_tracker.py:id_merge,
R,CLAMP,CLAMP,0
L,4,574,PREDICTION,src/tracking/advanced_tracker.py:kalman_homography,
R,PREDICTION,PREDICTION,1
L,6,574,PREDICTION,src/tracking/advanced_tracker.py:kalman_homography,
R,CLAMP,CLAMP,0
L,8,574,PREDICTION,src/tracking/advanced_tracker.py:kalman_homography,
R,PREDICTION,SUBPIXEL,0
L,9,574,PREDICTION,src/tracking/advanced_tracker.py:kalman_homography,
R,PREDICTION,PREDICTION,1
A,574
S,1,580,DETECTION,src/tracking/advanced_tracker.py:_activate_slot,580_-12_482_619_940
S,6,580,PREDICTION,src/tracking/advanced_tracker.py:kalman_homography,
S,8,580,PREDICTION,src/tracking/advanced_tracker.py:kalman_homography,
S,9,580,PREDICTION,src/tracking/advanced_tracker.py:kalman_homography,
S,2,580,PREDICTION,src/tracking/advanced_tracker.py:flow_gapfill_batched,
S,3,580,PREDICTION,src/tracking/advanced_tracker.py:flow_gapfill_batched,
S,4,580,PREDICTION,src/tracking/advanced_tracker.py:flow_gapfill_batched,
D,3,580
S,1,580,PREDICTION,src/tracking/advanced_tracker.py:id_merge,
D,4,580
S,1,580,PREDICTION,src/tracking/advanced_tracker.py:id_merge,
L,1,580,PREDICTION,src/tracking/advanced_tracker.py:id_merge,
R,CLAMP,CLAMP,0
L,2,580,PREDICTION,src/tracking/advanced_tracker.py:flow_gapfill_batched,
R,CLAMP,CLAMP,0
L,6,580,PREDICTION,src/tracking/advanced_tracker.py:kalman_homography,
R,CLAMP,CLAMP,0
L,8,580,PREDICTION,src/tracking/advanced_tracker.py:kalman_homography,
R,PREDICTION,SUBPIXEL,0
L,9,580,PREDICTION,src/tracking/advanced_tracker.py:kalman_homography,
R,PREDICTION,SUBPIXEL,0
A,580
S,9,586,DETECTION,src/tracking/advanced_tracker.py:_activate_slot,586_-14_189_616_992
S,1,586,PREDICTION,src/tracking/advanced_tracker.py:kalman_homography,
S,6,586,PREDICTION,src/tracking/advanced_tracker.py:kalman_homography,
S,8,586,PREDICTION,src/tracking/advanced_tracker.py:kalman_homography,
S,2,586,PREDICTION,src/tracking/advanced_tracker.py:flow_gapfill_batched,
S,3,586,PREDICTION,src/tracking/advanced_tracker.py:flow_gapfill_batched,
S,4,586,PREDICTION,src/tracking/advanced_tracker.py:flow_gapfill_batched,
D,3,586
S,1,586,PREDICTION,src/tracking/advanced_tracker.py:id_merge,
D,4,586
S,1,586,PREDICTION,src/tracking/advanced_tracker.py:id_merge,
L,1,586,PREDICTION,src/tracking/advanced_tracker.py:id_merge,
R,CLAMP,CLAMP,0
L,2,586,PREDICTION,src/tracking/advanced_tracker.py:flow_gapfill_batched,
R,CLAMP,CLAMP,0
L,6,586,PREDICTION,src/tracking/advanced_tracker.py:kalman_homography,
R,CLAMP,CLAMP,0
L,8,586,PREDICTION,src/tracking/advanced_tracker.py:kalman_homography,
R,PREDICTION,SUBPIXEL,0
L,9,586,DETECTION,src/tracking/advanced_tracker.py:_activate_slot,586_-14_189_616_992
R,DETECTION,DETECTION,1
A,586
S,1,592,PREDICTION,src/tracking/advanced_tracker.py:kalman_homography,
S,6,592,PREDICTION,src/tracking/advanced_tracker.py:kalman_homography,
S,8,592,PREDICTION,src/tracking/advanced_tracker.py:kalman_homography,
S,9,592,PREDICTION,src/tracking/advanced_tracker.py:kalman_homography,
S,3,592,PREDICTION,src/tracking/advanced_tracker.py:flow_gapfill_batched,
D,3,592
S,1,592,PREDICTION,src/tracking/advanced_tracker.py:id_merge,
L,1,592,PREDICTION,src/tracking/advanced_tracker.py:id_merge,
R,CLAMP,CLAMP,0
L,6,592,PREDICTION,src/tracking/advanced_tracker.py:kalman_homography,
R,CLAMP,CLAMP,0
L,8,592,PREDICTION,src/tracking/advanced_tracker.py:kalman_homography,
R,PREDICTION,SUBPIXEL,0
L,9,592,PREDICTION,src/tracking/advanced_tracker.py:kalman_homography,
R,PREDICTION,PREDICTION,1
A,592
S,8,598,DETECTION,src/tracking/advanced_tracker.py:_activate_slot,598_-14_27_486_472
S,6,598,PREDICTION,src/tracking/advanced_tracker.py:kalman_homography,
S,9,598,PREDICTION,src/tracking/advanced_tracker.py:kalman_homography,
S,1,598,PREDICTION,src/tracking/advanced_tracker.py:flow_gapfill_batched,
S,3,598,PREDICTION,src/tracking/advanced_tracker.py:flow_gapfill_batched,
D,3,598
S,1,598,PREDICTION,src/tracking/advanced_tracker.py:id_merge,
L,1,598,PREDICTION,src/tracking/advanced_tracker.py:id_merge,
R,CLAMP,CLAMP,0
L,6,598,PREDICTION,src/tracking/advanced_tracker.py:kalman_homography,
R,CLAMP,CLAMP,0
L,8,598,DETECTION,src/tracking/advanced_tracker.py:_activate_slot,598_-14_27_486_472
R,DETECTION,DETECTION,1
L,9,598,PREDICTION,src/tracking/advanced_tracker.py:kalman_homography,
R,PREDICTION,PREDICTION,1
A,598
S,5,604,DETECTION,src/tracking/advanced_tracker.py:_activate_slot,604_-10_455_584_940
S,6,604,PREDICTION,src/tracking/advanced_tracker.py:kalman_homography,
S,8,604,PREDICTION,src/tracking/advanced_tracker.py:kalman_homography,
S,9,604,PREDICTION,src/tracking/advanced_tracker.py:kalman_homography,
S,1,604,PREDICTION,src/tracking/advanced_tracker.py:flow_gapfill_batched,
S,3,604,PREDICTION,src/tracking/advanced_tracker.py:flow_gapfill_batched,
D,3,604
S,1,604,PREDICTION,src/tracking/advanced_tracker.py:id_merge,
L,1,604,PREDICTION,src/tracking/advanced_tracker.py:id_merge,
R,CLAMP,CLAMP,0
L,5,604,DETECTION,src/tracking/advanced_tracker.py:_activate_slot,604_-10_455_584_940
R,CLAMP,CLAMP,0
L,6,604,PREDICTION,src/tracking/advanced_tracker.py:kalman_homography,
R,CLAMP,CLAMP,0
L,8,604,PREDICTION,src/tracking/advanced_tracker.py:kalman_homography,
R,PREDICTION,PREDICTION,1
L,9,604,PREDICTION,src/tracking/advanced_tracker.py:kalman_homography,
R,PREDICTION,PREDICTION,1
A,604
S,0,610,DETECTION,src/tracking/advanced_tracker.py:_activate_slot,610_-12_23_251_484
S,7,610,DETECTION,src/tracking/advanced_tracker.py:_activate_slot,610_-14_433_429_1039
S,5,610,PREDICTION,src/tracking/advanced_tracker.py:kalman_homography,
S,6,610,PREDICTION,src/tracking/advanced_tracker.py:kalman_homography,
S,8,610,PREDICTION,src/tracking/advanced_tracker.py:kalman_homography,
S,9,610,PREDICTION,src/tracking/advanced_tracker.py:kalman_homography,
S,1,610,PREDICTION,src/tracking/advanced_tracker.py:flow_gapfill_batched,
S,3,610,PREDICTION,src/tracking/advanced_tracker.py:flow_gapfill_batched,
D,3,610
S,1,610,PREDICTION,src/tracking/advanced_tracker.py:id_merge,
L,0,610,DETECTION,src/tracking/advanced_tracker.py:_activate_slot,610_-12_23_251_484
R,DETECTION,DETECTION,1
L,1,610,PREDICTION,src/tracking/advanced_tracker.py:id_merge,
R,CLAMP,CLAMP,0
L,5,610,PREDICTION,src/tracking/advanced_tracker.py:kalman_homography,
R,CLAMP,CLAMP,0
L,6,610,PREDICTION,src/tracking/advanced_tracker.py:kalman_homography,
R,CLAMP,CLAMP,0
L,7,610,DETECTION,src/tracking/advanced_tracker.py:_activate_slot,610_-14_433_429_1039
R,DETECTION,DETECTION,1
L,8,610,PREDICTION,src/tracking/advanced_tracker.py:kalman_homography,
R,PREDICTION,PREDICTION,1
L,9,610,PREDICTION,src/tracking/advanced_tracker.py:kalman_homography,
R,PREDICTION,PREDICTION,1
A,610
S,0,616,PREDICTION,src/tracking/advanced_tracker.py:kalman_homography,
S,5,616,PREDICTION,src/tracking/advanced_tracker.py:kalman_homography,
S,7,616,PREDICTION,src/tracking/advanced_tracker.py:kalman_homography,
S,8,616,PREDICTION,src/tracking/advanced_tracker.py:kalman_homography,
S,9,616,PREDICTION,src/tracking/advanced_tracker.py:kalman_homography,
S,1,616,PREDICTION,src/tracking/advanced_tracker.py:flow_gapfill_batched,
S,6,616,PREDICTION,src/tracking/advanced_tracker.py:flow_gapfill_batched,
L,0,616,PREDICTION,src/tracking/advanced_tracker.py:kalman_homography,
R,PREDICTION,PREDICTION,1
L,1,616,PREDICTION,src/tracking/advanced_tracker.py:flow_gapfill_batched,
R,CLAMP,CLAMP,0
L,5,616,PREDICTION,src/tracking/advanced_tracker.py:kalman_homography,
R,CLAMP,CLAMP,0
L,6,616,PREDICTION,src/tracking/advanced_tracker.py:flow_gapfill_batched,
R,CLAMP,CLAMP,0
L,7,616,PREDICTION,src/tracking/advanced_tracker.py:kalman_homography,
R,PREDICTION,PREDICTION,1
L,8,616,PREDICTION,src/tracking/advanced_tracker.py:kalman_homography,
R,PREDICTION,PREDICTION,1
L,9,616,PREDICTION,src/tracking/advanced_tracker.py:kalman_homography,
R,PREDICTION,PREDICTION,1
A,616
S,1,622,DETECTION,src/tracking/advanced_tracker.py:_activate_slot,622_-13_480_586_924
S,0,622,PREDICTION,src/tracking/advanced_tracker.py:kalman_homography,
S,5,622,PREDICTION,src/tracking/advanced_tracker.py:kalman_homography,
S,7,622,PREDICTION,src/tracking/advanced_tracker.py:kalman_homography,
S,8,622,PREDICTION,src/tracking/advanced_tracker.py:kalman_homography,
S,9,622,PREDICTION,src/tracking/advanced_tracker.py:kalman_homography,
L,0,622,PREDICTION,src/tracking/advanced_tracker.py:kalman_homography,
R,PREDICTION,SUBPIXEL,0
L,1,622,DETECTION,src/tracking/advanced_tracker.py:_activate_slot,622_-13_480_586_924
R,CLAMP,CLAMP,0
L,5,622,PREDICTION,src/tracking/advanced_tracker.py:kalman_homography,
R,CLAMP,CLAMP,0
L,7,622,PREDICTION,src/tracking/advanced_tracker.py:kalman_homography,
R,PREDICTION,SUBPIXEL,0
L,8,622,PREDICTION,src/tracking/advanced_tracker.py:kalman_homography,
R,PREDICTION,PREDICTION,1
L,9,622,PREDICTION,src/tracking/advanced_tracker.py:kalman_homography,
R,PREDICTION,PREDICTION,1
A,622
S,1,628,DETECTION,src/tracking/advanced_tracker.py:_activate_slot,628_-11_474_587_924
S,2,628,DETECTION,src/tracking/advanced_tracker.py:_activate_slot,628_-14_-12_249_293
S,0,628,PREDICTION,src/tracking/advanced_tracker.py:kalman_homography,
S,5,628,PREDICTION,src/tracking/advanced_tracker.py:kalman_homography,
S,7,628,PREDICTION,src/tracking/advanced_tracker.py:kalman_homography,
S,8,628,PREDICTION,src/tracking/advanced_tracker.py:kalman_homography,
S,9,628,PREDICTION,src/tracking/advanced_tracker.py:kalman_homography,
D,0,628
S,2,628,PREDICTION,src/tracking/advanced_tracker.py:id_merge,
L,1,628,DETECTION,src/tracking/advanced_tracker.py:_activate_slot,628_-11_474_587_924
R,CLAMP,CLAMP,0
L,2,628,PREDICTION,src/tracking/advanced_tracker.py:id_merge,
R,CLAMP,CLAMP,0
L,5,628,PREDICTION,src/tracking/advanced_tracker.py:kalman_homography,
R,CLAMP,CLAMP,0
L,7,628,PREDICTION,src/tracking/advanced_tracker.py:kalman_homography,
R,PREDICTION,SUBPIXEL,0
L,8,628,PREDICTION,src/tracking/advanced_tracker.py:kalman_homography,
R,PREDICTION,PREDICTION,1
L,9,628,PREDICTION,src/tracking/advanced_tracker.py:kalman_homography,
R,PREDICTION,PREDICTION,1
A,628
S,1,634,DETECTION,src/tracking/advanced_tracker.py:_activate_slot,634_-12_-15_247_302
S,5,634,DETECTION,src/tracking/advanced_tracker.py:_activate_slot,634_-13_472_586_923
S,0,634,PREDICTION,src/tracking/advanced_tracker.py:kalman_homography,
S,2,634,PREDICTION,src/tracking/advanced_tracker.py:kalman_homography,
S,7,634,PREDICTION,src/tracking/advanced_tracker.py:kalman_homography,
S,8,634,PREDICTION,src/tracking/advanced_tracker.py:kalman_homography,
S,9,634,PREDICTION,src/tracking/advanced_tracker.py:flow_gapfill_batched,
D,0,634
S,1,634,PREDICTION,src/tracking/advanced_tracker.py:id_merge,
D,2,634
S,1,634,PREDICTION,src/tracking/advanced_tracker.py:id_merge,
D,9,634
S,5,634,PREDICTION,src/tracking/advanced_tracker.py:id_merge,
L,1,634,PREDICTION,src/tracking/advanced_tracker.py:id_merge,
R,PREDICTION,PREDICTION,1
L,5,634,PREDICTION,src/tracking/advanced_tracker.py:id_merge,
R,CLAMP,CLAMP,0
L,7,634,PREDICTION,src/tracking/advanced_tracker.py:kalman_homography,
R,PREDICTION,SUBPIXEL,0
L,8,634,PREDICTION,src/tracking/advanced_tracker.py:kalman_homography,
R,PREDICTION,PREDICTION,1
A,634
S,5,640,DETECTION,src/tracking/advanced_tracker.py:_activate_slot,640_-12_-15_243_294
S,0,640,PREDICTION,src/tracking/advanced_tracker.py:kalman_homography,
S,1,640,PREDICTION,src/tracking/advanced_tracker.py:kalman_homography,
S,2,640,PREDICTION,src/tracking/advanced_tracker.py:kalman_homography,
S,7,640,PREDICTION,src/tracking/advanced_tracker.py:kalman_homography,
S,8,640,PREDICTION,src/tracking/advanced_tracker.py:kalman_homography,
D,0,640
S,2,640,PREDICTION,src/tracking/advanced_tracker.py:id_merge,
D,2,640
S,1,640,PREDICTION,src/tracking/advanced_tracker.py:id_merge,
L,1,640,PREDICTION,src/tracking/advanced_tracker.py:id_merge,
R,PREDICTION,PREDICTION,1
L,5,640,DETECTION,src/tracking/advanced_tracker.py:_activate_slot,640_-12_-15_243_294
R,CLAMP,CLAMP,0
L,7,640,PREDICTION,src/tracking/advanced_tracker.py:kalman_homography,
R,PREDICTION,SUBPIXEL,0
L,8,640,PREDICTION,src/tracking/advanced_tracker.py:kalman_homography,
R,PREDICTION,PREDICTION,1
A,640
S,1,646,DETECTION,src/tracking/advanced_tracker.py:_activate_slot,646_-13_448_586_899
S,5,646,DETECTION,src/tracking/advanced_tracker.py:_activate_slot,646_-14_12_216_224
S,0,646,PREDICTION,src/tracking/advanced_tracker.py:kalman_homography,
S,2,646,PREDICTION,src/tracking/advanced_tracker.py:kalman_homography,
S,7,646,PREDICTION,src/tracking/advanced_tracker.py:kalman_homography,
D,0,646
S,2,646,PREDICTION,src/tracking/advanced_tracker.py:id_merge,
L,1,646,DETECTION,src/tracking/advanced_tracker.py:_activate_slot,646_-13_448_586_899
R,CLAMP,CLAMP,0
L,2,646,PREDICTION,src/tracking/advanced_tracker.py:id_merge,
R,CLAMP,CLAMP,0
L,5,646,DETECTION,src/tracking/advanced_tracker.py:_activate_slot,646_-14_12_216_224
R,CLAMP,CLAMP,0
L,7,646,PREDICTION,src/tracking/advanced_tracker.py:kalman_homography,
R,PREDICTION,SUBPIXEL,0
A,646
S,4,652,DETECTION,src/tracking/advanced_tracker.py:_activate_slot,652_-14_859_643_1295
S,3,652,DETECTION,src/tracking/advanced_tracker.py:_activate_slot,652_-13_424_586_870
S,0,652,PREDICTION,src/tracking/advanced_tracker.py:kalman_homography,
S,1,652,PREDICTION,src/tracking/advanced_tracker.py:kalman_homography,
S,2,652,PREDICTION,src/tracking/advanced_tracker.py:kalman_homography,
S,7,652,PREDICTION,src/tracking/advanced_tracker.py:kalman_homography,
S,5,652,PREDICTION,src/tracking/advanced_tracker.py:flow_gapfill_batched,
D,0,652
S,2,652,PREDICTION,src/tracking/advanced_tracker.py:id_merge,
D,1,652
S,3,652,PREDICTION,src/tracking/advanced_tracker.py:id_merge,
L,2,652,PREDICTION,src/tracking/advanced_tracker.py:id_merge,
R,CLAMP,CLAMP,0
L,3,652,PREDICTION,src/tracking/advanced_tracker.py:id_merge,
R,CLAMP,CLAMP,0
L,4,652,DETECTION,src/tracking/advanced_tracker.py:_activate_slot,652_-14_859_643_1295
R,CLAMP,CLAMP,0
L,5,652,PREDICTION,src/tracking/advanced_tracker.py:flow_gapfill_batched,
R,CLAMP,CLAMP,0
L,7,652,PREDICTION,src/tracking/advanced_tracker.py:kalman_homography,
R,PREDICTION,SUBPIXEL,0
A,652
S,1,658,PREDICTION,src/tracking/advanced_tracker.py:kalman_homography,
S,2,658,PREDICTION,src/tracking/advanced_tracker.py:kalman_homography,
S,3,658,PREDICTION,src/tracking/advanced_tracker.py:kalman_homography,
S,4,658,PREDICTION,src/tracking/advanced_tracker.py:kalman_homography,
S,0,658,PREDICTION,src/tracking/advanced_tracker.py:flow_gapfill_batched,
D,0,658
S,2,658,PREDICTION,src/tracking/advanced_tracker.py:id_merge,
D,1,658
S,3,658,PREDICTION,src/tracking/advanced_tracker.py:id_merge,
L,2,658,PREDICTION,src/tracking/advanced_tracker.py:id_merge,
R,CLAMP,CLAMP,0
L,3,658,PREDICTION,src/tracking/advanced_tracker.py:id_merge,
R,CLAMP,CLAMP,0
L,4,658,PREDICTION,src/tracking/advanced_tracker.py:kalman_homography,
R,CLAMP,CLAMP,0
A,658
S,1,664,PREDICTION,src/tracking/advanced_tracker.py:kalman_homography,
S,2,664,PREDICTION,src/tracking/advanced_tracker.py:kalman_homography,
S,3,664,PREDICTION,src/tracking/advanced_tracker.py:kalman_homography,
S,4,664,PREDICTION,src/tracking/advanced_tracker.py:kalman_homography,
D,1,664
S,3,664,PREDICTION,src/tracking/advanced_tracker.py:id_merge,
L,2,664,PREDICTION,src/tracking/advanced_tracker.py:kalman_homography,
R,CLAMP,CLAMP,0
L,3,664,PREDICTION,src/tracking/advanced_tracker.py:id_merge,
R,CLAMP,CLAMP,0
L,4,664,PREDICTION,src/tracking/advanced_tracker.py:kalman_homography,
R,CLAMP,CLAMP,0
A,664
S,1,670,PREDICTION,src/tracking/advanced_tracker.py:kalman_homography,
S,2,670,PREDICTION,src/tracking/advanced_tracker.py:kalman_homography,
S,3,670,PREDICTION,src/tracking/advanced_tracker.py:kalman_homography,
S,4,670,PREDICTION,src/tracking/advanced_tracker.py:kalman_homography,
S,5,670,PREDICTION,src/tracking/advanced_tracker.py:flow_gapfill_batched,
L,1,670,PREDICTION,src/tracking/advanced_tracker.py:kalman_homography,
R,CLAMP,CLAMP,0
L,2,670,PREDICTION,src/tracking/advanced_tracker.py:kalman_homography,
R,CLAMP,CLAMP,0
L,3,670,PREDICTION,src/tracking/advanced_tracker.py:kalman_homography,
R,CLAMP,CLAMP,0
L,4,670,PREDICTION,src/tracking/advanced_tracker.py:kalman_homography,
R,CLAMP,CLAMP,0
L,5,670,PREDICTION,src/tracking/advanced_tracker.py:flow_gapfill_batched,
R,CLAMP,CLAMP,0
A,670
S,1,676,PREDICTION,src/tracking/advanced_tracker.py:kalman_homography,
S,3,676,PREDICTION,src/tracking/advanced_tracker.py:kalman_homography,
S,4,676,PREDICTION,src/tracking/advanced_tracker.py:kalman_homography,
L,1,676,PREDICTION,src/tracking/advanced_tracker.py:kalman_homography,
R,CLAMP,CLAMP,0
L,3,676,PREDICTION,src/tracking/advanced_tracker.py:kalman_homography,
R,CLAMP,CLAMP,0
L,4,676,PREDICTION,src/tracking/advanced_tracker.py:kalman_homography,
R,CLAMP,CLAMP,0
A,676
S,1,772,PREDICTION,src/tracking/advanced_tracker.py:kalman_homography,
S,3,772,PREDICTION,src/tracking/advanced_tracker.py:kalman_homography,
S,4,772,PREDICTION,src/tracking/advanced_tracker.py:kalman_homography,
D,1,772
S,4,772,PREDICTION,src/tracking/advanced_tracker.py:id_merge,
L,3,772,PREDICTION,src/tracking/advanced_tracker.py:kalman_homography,
R,CLAMP,CLAMP,0
L,4,772,PREDICTION,src/tracking/advanced_tracker.py:id_merge,
R,CLAMP,CLAMP,0
A,772
S,3,778,PREDICTION,src/tracking/advanced_tracker.py:kalman_homography,
S,4,778,PREDICTION,src/tracking/advanced_tracker.py:kalman_homography,
S,1,778,PREDICTION,src/tracking/advanced_tracker.py:flow_gapfill_batched,
D,1,778
S,3,778,PREDICTION,src/tracking/advanced_tracker.py:id_merge,
L,3,778,PREDICTION,src/tracking/advanced_tracker.py:id_merge,
R,CLAMP,CLAMP,0
L,4,778,PREDICTION,src/tracking/advanced_tracker.py:kalman_homography,
R,CLAMP,CLAMP,0
A,778
S,6,784,DETECTION,src/tracking/advanced_tracker.py:_activate_slot,784_-15_119_451_551
S,8,784,DETECTION,src/tracking/advanced_tracker.py:_activate_slot,784_-9_1082_659_1294
S,3,784,PREDICTION,src/tracking/advanced_tracker.py:kalman_homography,
S,4,784,PREDICTION,src/tracking/advanced_tracker.py:kalman_homography,
S,5,784,PREDICTION,src/tracking/advanced_tracker.py:flow_gapfill_batched,
L,3,784,PREDICTION,src/tracking/advanced_tracker.py:kalman_homography,
R,CLAMP,CLAMP,0
L,4,784,PREDICTION,src/tracking/advanced_tracker.py:kalman_homography,
R,CLAMP,CLAMP,0
L,5,784,PREDICTION,src/tracking/advanced_tracker.py:flow_gapfill_batched,
R,PREDICTION,PREDICTION,1
L,6,784,DETECTION,src/tracking/advanced_tracker.py:_activate_slot,784_-15_119_451_551
R,DETECTION,DETECTION,1
L,8,784,DETECTION,src/tracking/advanced_tracker.py:_activate_slot,784_-9_1082_659_1294
R,CLAMP,CLAMP,0
A,784
S,3,790,PREDICTION,src/tracking/advanced_tracker.py:flow_gapfill_render,
S,4,790,PREDICTION,src/tracking/advanced_tracker.py:flow_gapfill_render,
S,6,790,PREDICTION,src/tracking/advanced_tracker.py:flow_gapfill_render,
S,8,790,PREDICTION,src/tracking/advanced_tracker.py:flow_gapfill_render,
L,3,790,PREDICTION,src/tracking/advanced_tracker.py:flow_gapfill_render,
R,CLAMP,CLAMP,0
L,4,790,PREDICTION,src/tracking/advanced_tracker.py:flow_gapfill_render,
R,CLAMP,CLAMP,0
L,6,790,PREDICTION,src/tracking/advanced_tracker.py:flow_gapfill_render,
R,PREDICTION,PREDICTION,1
L,8,790,PREDICTION,src/tracking/advanced_tracker.py:flow_gapfill_render,
R,CLAMP,CLAMP,0
A,790
A,796
A,802
S,10,808,DETECTION,src/tracking/advanced_tracker.py:_activate_slot,808_168_340_532_493
S,6,808,PREDICTION,src/tracking/advanced_tracker.py:kalman_homography,
S,8,808,PREDICTION,src/tracking/advanced_tracker.py:kalman_homography,
L,6,808,PREDICTION,src/tracking/advanced_tracker.py:kalman_homography,
R,PREDICTION,PREDICTION,1
L,8,808,PREDICTION,src/tracking/advanced_tracker.py:kalman_homography,
R,CLAMP,CLAMP,0
A,808
S,0,814,DETECTION,src/tracking/advanced_tracker.py:_activate_slot,814_144_931_497_1082
S,3,814,DETECTION,src/tracking/advanced_tracker.py:_activate_slot,814_170_339_535_495
S,7,814,DETECTION,src/tracking/advanced_tracker.py:_activate_slot,814_188_835_510_991
S,2,814,DETECTION,src/tracking/advanced_tracker.py:_activate_slot,814_321_226_487_335
S,9,814,DETECTION,src/tracking/advanced_tracker.py:_activate_slot,814_309_769_560_942
S,6,814,PREDICTION,src/tracking/advanced_tracker.py:kalman_homography,
S,8,814,PREDICTION,src/tracking/advanced_tracker.py:kalman_homography,
S,10,814,PREDICTION,src/tracking/advanced_tracker.py:kalman_homography,
D,2,814
S,3,814,PREDICTION,src/tracking/advanced_tracker.py:id_merge,
D,7,814
S,9,814,PREDICTION,src/tracking/advanced_tracker.py:id_merge,
L,0,814,DETECTION,src/tracking/advanced_tracker.py:_activate_slot,814_144_931_497_1082
R,CLAMP,CLAMP,0
L,3,814,PREDICTION,src/tracking/advanced_tracker.py:id_merge,
R,CLAMP,CLAMP,0
L,6,814,PREDICTION,src/tracking/advanced_tracker.py:kalman_homography,
R,PREDICTION,SUBPIXEL,0
L,8,814,PREDICTION,src/tracking/advanced_tracker.py:kalman_homography,
R,CLAMP,CLAMP,0
L,9,814,PREDICTION,src/tracking/advanced_tracker.py:id_merge,
R,CLAMP,CLAMP,0
A,814
S,3,820,DETECTION,src/tracking/advanced_tracker.py:_activate_slot,820_171_338_536_494
S,7,820,DETECTION,src/tracking/advanced_tracker.py:_activate_slot,820_187_833_506_994
S,9,820,DETECTION,src/tracking/advanced_tracker.py:_activate_slot,820_144_931_497_1081
S,0,820,PREDICTION,src/tracking/advanced_tracker.py:kalman_homography,
S,2,820,PREDICTION,src/tracking/advanced_tracker.py:kalman_homography,
S,6,820,PREDICTION,src/tracking/advanced_tracker.py:kalman_homography,
S,8,820,PREDICTION,src/tracking/advanced_tracker.py:kalman_homography,
S,10,820,PREDICTION,src/tracking/advanced_tracker.py:kalman_homography,
D,2,820
S,3,820,PREDICTION,src/tracking/advanced_tracker.py:id_merge,
D,7,820
S,9,820,PREDICTION,src/tracking/advanced_tracker.py:id_merge,
L,0,820,PREDICTION,src/tracking/advanced_tracker.py:kalman_homography,
R,CLAMP,CLAMP,0
L,3,820,PREDICTION,src/tracking/advanced_tracker.py:id_merge,
R,CLAMP,CLAMP,0
L,6,820,PREDICTION,src/tracking/advanced_tracker.py:kalman_homography,
R,PREDICTION,SUBPIXEL,0
L,8,820,PREDICTION,src/tracking/advanced_tracker.py:kalman_homography,
R,CLAMP,CLAMP,0
L,9,820,PREDICTION,src/tracking/advanced_tracker.py:id_merge,
R,CLAMP,CLAMP,0
A,820
S,3,826,DETECTION,src/tracking/advanced_tracker.py:_activate_slot,826_255_726_560_948
S,7,826,DETECTION,src/tracking/advanced_tracker.py:_activate_slot,826_187_837_518_1012
S,9,826,DETECTION,src/tracking/advanced_tracker.py:_activate_slot,826_163_32_551_197
S,1,826,DETECTION,src/tracking/advanced_tracker.py:_activate_slot,826_202_1063_480_1209
S,5,826,DETECTION,src/tracking/advanced_tracker.py:_activate_slot,826_175_313_534_496
S,0,826,PREDICTION,src/tracking/advanced_tracker.py:kalman_homography,
S,2,826,PREDICTION,src/tracking/advanced_tracker.py:kalman_homography,
S,6,826,PREDICTION,src/tracking/advanced_tracker.py:kalman_homography,
S,8,826,PREDICTION,src/tracking/advanced_tracker.py:kalman_homography,
S,10,826,PREDICTION,src/tracking/advanced_tracker.py:kalman_homography,
D,6,826
S,5,826,PREDICTION,src/tracking/advanced_tracker.py:id_merge,
L,0,826,PREDICTION,src/tracking/advanced_tracker.py:kalman_homography,
R,CLAMP,CLAMP,0
L,1,826,DETECTION,src/tracking/advanced_tracker.py:_activate_slot,826_202_1063_480_1209
R,CLAMP,CLAMP,0
L,2,826,PREDICTION,src/tracking/advanced_tracker.py:kalman_homography,
R,CLAMP,CLAMP,0
L,3,826,DETECTION,src/tracking/advanced_tracker.py:_activate_slot,826_255_726_560_948
R,DETECTION,DETECTION,1
L,5,826,PREDICTION,src/tracking/advanced_tracker.py:id_merge,
R,CLAMP,CLAMP,0
L,7,826,DETECTION,src/tracking/advanced_tracker.py:_activate_slot,826_187_837_518_1012
R,DETECTION,DETECTION,1
L,8,826,PREDICTION,src/tracking/advanced_tracker.py:kalman_homography,
R,CLAMP,CLAMP,0
L,9,826,DETECTION,src/tracking/advanced_tracker.py:_activate_slot,826_163_32_551_197
R,DETECTION,DETECTION,1
A,826
S,0,832,DETECTION,src/tracking/advanced_tracker.py:_activate_slot,832_136_935_504_1086
S,2,832,DETECTION,src/tracking/advanced_tracker.py:_activate_slot,832_309_206_482_336
S,4,832,DETECTION,src/tracking/advanced_tracker.py:_activate_slot,832_203_1071_480_1213
S,1,832,PREDICTION,src/tracking/advanced_tracker.py:kalman_homography,
S,3,832,PREDICTION,src/tracking/advanced_tracker.py:kalman_homography,
S,5,832,PREDICTION,src/tracking/advanced_tracker.py:kalman_homography,
S,7,832,PREDICTION,src/tracking/advanced_tracker.py:kalman_homography,
S,10,832,PREDICTION,src/tracking/advanced_tracker.py:kalman_homography,
S,6,832,PREDICTION,src/tracking/advanced_tracker.py:flow_gapfill_batched,
S,9,832,PREDICTION,src/tracking/advanced_tracker.py:flow_gapfill_batched,
D,1,832
S,4,832,PREDICTION,src/tracking/advanced_tracker.py:id_merge,
D,6,832
S,5,832,PREDICTION,src/tracking/advanced_tracker.py:id_merge,
L,0,832,DETECTION,src/tracking/advanced_tracker.py:_activate_slot,832_136_935_504_1086
R,CLAMP,CLAMP,0
L,2,832,DETECTION,src/tracking/advanced_tracker.py:_activate_slot,832_309_206_482_336
R,CLAMP,CLAMP,0
L,3,832,PREDICTION,src/tracking/advanced_tracker.py:kalman_homography,
R,PREDICTION,PREDICTION,1
L,4,832,PREDICTION,src/tracking/advanced_tracker.py:id_merge,
R,PREDICTION,PREDICTION,1
L,5,832,PREDICTION,src/tracking/advanced_tracker.py:id_merge,
R,CLAMP,CLAMP,0
L,7,832,PREDICTION,src/tracking/advanced_tracker.py:kalman_homography,
R,PREDICTION,PREDICTION,1
L,9,832,PREDICTION,src/tracking/advanced_tracker.py:flow_gapfill_batched,
R,PREDICTION,PREDICTION,1
A,832
S,0,838,DETECTION,src/tracking/advanced_tracker.py:_activate_slot,838_165_-15_554_193
S,5,838,DETECTION,src/tracking/advanced_tracker.py:_activate_slot,838_175_285_532_521
S,1,838,PREDICTION,src/tracking/advanced_tracker.py:kalman_homography,
S,2,838,PREDICTION,src/tracking/advanced_tracker.py:kalman_homography,
S,3,838,PREDICTION,src/tracking/advanced_tracker.py:kalman_homography,
S,4,838,PREDICTION,src/tracking/advanced_tracker.py:kalman_homography,
S,7,838,PREDICTION,src/tracking/advanced_tracker.py:kalman_homography,
S,10,838,PREDICTION,src/tracking/advanced_tracker.py:kalman_homography,
S,9,838,PREDICTION,src/tracking/advanced_tracker.py:flow_gapfill_batched,
D,2,838
S,0,838,PREDICTION,src/tracking/advanced_tracker.py:id_merge,
D,1,838
S,4,838,PREDICTION,src/tracking/advanced_tracker.py:id_merge,
L,0,838,PREDICTION,src/tracking/advanced_tracker.py:id_merge,
R,PREDICTION,PREDICTION,1
L,3,838,PREDICTION,src/tracking/advanced_tracker.py:kalman_homography,
R,PREDICTION,PREDICTION,1
L,4,838,PREDICTION,src/tracking/advanced_tracker.py:id_merge,
R,PREDICTION,PREDICTION,1
L,5,838,DETECTION,src/tracking/advanced_tracker.py:_activate_slot,838_175_285_532_521
R,CLAMP,CLAMP,0
L,7,838,PREDICTION,src/tracking/advanced_tracker.py:kalman_homography,
R,PREDICTION,PREDICTION,1
L,9,838,PREDICTION,src/tracking/advanced_tracker.py:flow_gapfill_batched,
R,PREDICTION,PREDICTION,1
A,838
S,5,844,DETECTION,src/tracking/advanced_tracker.py:_activate_slot,844_170_309_538_529
S,7,844,DETECTION,src/tracking/advanced_tracker.py:_activate_slot,844_151_891_504_1084
S,1,844,PREDICTION,src/tracking/advanced_tracker.py:kalman_homography,
S,2,844,PREDICTION,src/tracking/advanced_tracker.py:kalman_homography,
S,4,844,PREDICTION,src/tracking/advanced_tracker.py:kalman_homography,
S,10,844,PREDICTION,src/tracking/advanced_tracker.py:kalman_homography,
S,0,844,PREDICTION,src/tracking/advanced_tracker.py:flow_gapfill_batched,
S,3,844,PREDICTION,src/tracking/advanced_tracker.py:flow_gapfill_batched,
S,9,844,PREDICTION,src/tracking/advanced_tracker.py:flow_gapfill_batched,
D,2,844
S,0,844,PREDICTION,src/tracking/advanced_tracker.py:id_merge,
D,1,844
S,4,844,PREDICTION,src/tracking/advanced_tracker.py:id_merge,
L,0,844,PREDICTION,src/tracking/advanced_tracker.py:id_merge,
R,PREDICTION,PREDICTION,1
L,3,844,PREDICTION,src/tracking/advanced_tracker.py:flow_gapfill_batched,
R,PREDICTION,PREDICTION,1
L,4,844,PREDICTION,src/tracking/advanced_tracker.py:id_merge,
R,PREDICTION,SUBPIXEL,0
L,5,844,DETECTION,src/tracking/advanced_tracker.py:_activate_slot,844_170_309_538_529
R,CLAMP,CLAMP,0
L,7,844,DETECTION,src/tracking/advanced_tracker.py:_activate_slot,844_151_891_504_1084
R,DETECTION,DETECTION,1
L,9,844,PREDICTION,src/tracking/advanced_tracker.py:flow_gapfill_batched,
R,PREDICTION,PREDICTION,1
A,844
S,5,850,DETECTION,src/tracking/advanced_tracker.py:_activate_slot,850_208_150_535_316
S,1,850,PREDICTION,src/tracking/advanced_tracker.py:kalman_homography,
S,2,850,PREDICTION,src/tracking/advanced_tracker.py:kalman_homography,
S,4,850,PREDICTION,src/tracking/advanced_tracker.py:kalman_homography,
S,7,850,PREDICTION,src/tracking/advanced_tracker.py:kalman_homography,
S,10,850,PREDICTION,src/tracking/advanced_tracker.py:kalman_homography,
S,0,850,PREDICTION,src/tracking/advanced_tracker.py:flow_gapfill_batched,
S,3,850,PREDICTION,src/tracking/advanced_tracker.py:flow_gapfill_batched,
S,9,850,PREDICTION,src/tracking/advanced_tracker.py:flow_gapfill_batched,
D,2,850
S,0,850,PREDICTION,src/tracking/advanced_tracker.py:id_merge,
D,1,850
S,4,850,PREDICTION,src/tracking/advanced_tracker.py:id_merge,
D,9,850
S,5,850,PREDICTION,src/tracking/advanced_tracker.py:id_merge,
L,0,850,PREDICTION,src/tracking/advanced_tracker.py:id_merge,
R,PREDICTION,PREDICTION,1
L,3,850,PREDICTION,src/tracking/advanced_tracker.py:flow_gapfill_batched,
R,PREDICTION,PREDICTION,1
L,4,850,PREDICTION,src/tracking/advanced_tracker.py:id_merge,
R,PREDICTION,SUBPIXEL,0
L,5,850,PREDICTION,src/tracking/advanced_tracker.py:id_merge,
R,CLAMP,CLAMP,0
L,7,850,PREDICTION,src/tracking/advanced_tracker.py:kalman_homography,
R,PREDICTION,PREDICTION,1
A,850
S,2,856,DETECTION,src/tracking/advanced_tracker.py:_activate_slot,856_226_183_547_344
S,1,856,PREDICTION,src/tracking/advanced_tracker.py:kalman_homography,
S,4,856,PREDICTION,src/tracking/advanced_tracker.py:kalman_homography,
S,5,856,PREDICTION,src/tracking/advanced_tracker.py:kalman_homography,
S,7,856,PREDICTION,src/tracking/advanced_tracker.py:kalman_homography,
S,0,856,PREDICTION,src/tracking/advanced_tracker.py:flow_gapfill_batched,
S,3,856,PREDICTION,src/tracking/advanced_tracker.py:flow_gapfill_batched,
S,9,856,PREDICTION,src/tracking/advanced_tracker.py:flow_gapfill_batched,
S,10,856,PREDICTION,src/tracking/advanced_tracker.py:flow_gapfill_batched,
D,0,856
S,2,856,PREDICTION,src/tracking/advanced_tracker.py:id_merge,
D,1,856
S,4,856,PREDICTION,src/tracking/advanced_tracker.py:id_merge,
D,9,856
S,5,856,PREDICTION,src/tracking/advanced_tracker.py:id_merge,
L,2,856,PREDICTION,src/tracking/advanced_tracker.py:id_merge,
R,CLAMP,CLAMP,0
L,3,856,PREDICTION,src/tracking/advanced_tracker.py:flow_gapfill_batched,
R,PREDICTION,PREDICTION,1
L,4,856,PREDICTION,src/tracking/advanced_tracker.py:id_merge,
R,PREDICTION,SUBPIXEL,0
L,5,856,PREDICTION,src/tracking/advanced_tracker.py:id_merge,
R,CLAMP,CLAMP,0
L,7,856,PREDICTION,src/tracking/advanced_tracker.py:kalman_homography,
R,PREDICTION,PREDICTION,1
A,856
S,2,862,DETECTION,src/tracking/advanced_tracker.py:_activate_slot,862_232_202_549_362
S,1,862,PREDICTION,src/tracking/advanced_tracker.py:kalman_homography,
S,4,862,PREDICTION,src/tracking/advanced_tracker.py:kalman_homography,
S,5,862,PREDICTION,src/tracking/advanced_tracker.py:kalman_homography,
S,7,862,PREDICTION,src/tracking/advanced_tracker.py:kalman_homography,
S,0,862,PREDICTION,src/tracking/advanced_tracker.py:flow_gapfill_batched,
S,3,862,PREDICTION,src/tracking/advanced_tracker.py:flow_gapfill_batched,
S,9,862,PREDICTION,src/tracking/advanced_tracker.py:flow_gapfill_batched,
D,0,862
S,2,862,PREDICTION,src/tracking/advanced_tracker.py:id_merge,
D,1,862
S,4,862,PREDICTION,src/tracking/advanced_tracker.py:id_merge,
D,9,862
S,5,862,PREDICTION,src/tracking/advanced_tracker.py:id_merge,
L,2,862,PREDICTION,src/tracking/advanced_tracker.py:id_merge,
R,CLAMP,CLAMP,0
L,3,862,PREDICTION,src/tracking/advanced_tracker.py:flow_gapfill_batched,
R,PREDICTION,PREDICTION,1
L,4,862,PREDICTION,src/tracking/advanced_tracker.py:id_merge,
R,PREDICTION,SUBPIXEL,0
L,5,862,PREDICTION,src/tracking/advanced_tracker.py:id_merge,
R,CLAMP,CLAMP,0
L,7,862,PREDICTION,src/tracking/advanced_tracker.py:kalman_homography,
R,PREDICTION,PREDICTION,1
A,862
S,1,868,PREDICTION,src/tracking/advanced_tracker.py:kalman_homography,
S,2,868,PREDICTION,src/tracking/advanced_tracker.py:kalman_homography,
S,4,868,PREDICTION,src/tracking/advanced_tracker.py:kalman_homography,
S,5,868,PREDICTION,src/tracking/advanced_tracker.py:kalman_homography,
S,7,868,PREDICTION,src/tracking/advanced_tracker.py:kalman_homography,
S,0,868,PREDICTION,src/tracking/advanced_tracker.py:flow_gapfill_batched,
S,3,868,PREDICTION,src/tracking/advanced_tracker.py:flow_gapfill_batched,
S,9,868,PREDICTION,src/tracking/advanced_tracker.py:flow_gapfill_batched,
D,0,868
S,2,868,PREDICTION,src/tracking/advanced_tracker.py:id_merge,
D,1,868
S,4,868,PREDICTION,src/tracking/advanced_tracker.py:id_merge,
D,9,868
S,5,868,PREDICTION,src/tracking/advanced_tracker.py:id_merge,
L,2,868,PREDICTION,src/tracking/advanced_tracker.py:id_merge,
R,CLAMP,CLAMP,0
L,3,868,PREDICTION,src/tracking/advanced_tracker.py:flow_gapfill_batched,
R,PREDICTION,PREDICTION,1
L,4,868,PREDICTION,src/tracking/advanced_tracker.py:id_merge,
R,PREDICTION,SUBPIXEL,0
L,5,868,PREDICTION,src/tracking/advanced_tracker.py:id_merge,
R,CLAMP,CLAMP,0
L,7,868,PREDICTION,src/tracking/advanced_tracker.py:kalman_homography,
R,PREDICTION,PREDICTION,1
A,868
S,6,874,DETECTION,src/tracking/advanced_tracker.py:_activate_slot,874_248_526_599_850
S,8,874,DETECTION,src/tracking/advanced_tracker.py:_activate_slot,874_186_1003_559_1253
S,2,874,PREDICTION,src/tracking/advanced_tracker.py:kalman_homography,
S,4,874,PREDICTION,src/tracking/advanced_tracker.py:kalman_homography,
S,7,874,PREDICTION,src/tracking/advanced_tracker.py:kalman_homography,
S,0,874,PREDICTION,src/tracking/advanced_tracker.py:flow_gapfill_batched,
S,1,874,PREDICTION,src/tracking/advanced_tracker.py:flow_gapfill_batched,
S,3,874,PREDICTION,src/tracking/advanced_tracker.py:flow_gapfill_batched,
S,5,874,PREDICTION,src/tracking/advanced_tracker.py:flow_gapfill_batched,
S,9,874,PREDICTION,src/tracking/advanced_tracker.py:flow_gapfill_batched,
D,0,874
S,2,874,PREDICTION,src/tracking/advanced_tracker.py:id_merge,
D,1,874
S,4,874,PREDICTION,src/tracking/advanced_tracker.py:id_merge,
D,9,874
S,5,874,PREDICTION,src/tracking/advanced_tracker.py:id_merge,
D,7,874
S,8,874,PREDICTION,src/tracking/advanced_tracker.py:id_merge,
L,2,874,PREDICTION,src/tracking/advanced_tracker.py:id_merge,
R,CLAMP,CLAMP,0
L,3,874,PREDICTION,src/tracking/advanced_tracker.py:flow_gapfill_batched,
R,PREDICTION,PREDICTION,1
L,4,874,PREDICTION,src/tracking/advanced_tracker.py:id_merge,
R,PREDICTION,SUBPIXEL,0
L,5,874,PREDICTION,src/tracking/advanced_tracker.py:id_merge,
R,CLAMP,CLAMP,0
L,6,874,DETECTION,src/tracking/advanced_tracker.py:_activate_slot,874_248_526_599_850
R,DETECTION,DETECTION,1
L,8,874,PREDICTION,src/tracking/advanced_tracker.py:id_merge,
R,CLAMP,CLAMP,0
A,874
S,2,880,PREDICTION,src/tracking/advanced_tracker.py:kalman_homography,
S,6,880,PREDICTION,src/tracking/advanced_tracker.py:kalman_homography,
S,7,880,PREDICTION,src/tracking/advanced_tracker.py:kalman_homography,
S,8,880,PREDICTION,src/tracking/advanced_tracker.py:kalman_homography,
S,0,880,PREDICTION,src/tracking/advanced_tracker.py:flow_gapfill_batched,
S,4,880,PREDICTION,src/tracking/advanced_tracker.py:flow_gapfill_batched,
S,5,880,PREDICTION,src/tracking/advanced_tracker.py:flow_gapfill_batched,
D,0,880
S,2,880,PREDICTION,src/tracking/advanced_tracker.py:id_merge,
L,2,880,PREDICTION,src/tracking/advanced_tracker.py:id_merge,
R,CLAMP,CLAMP,0
L,4,880,PREDICTION,src/tracking/advanced_tracker.py:flow_gapfill_batched,
R,PREDICTION,PREDICTION,1
L,5,880,PREDICTION,src/tracking/advanced_tracker.py:flow_gapfill_batched,
R,CLAMP,CLAMP,0
L,6,880,PREDICTION,src/tracking/advanced_tracker.py:kalman_homography,
R,PREDICTION,PREDICTION,1
L,7,880,PREDICTION,src/tracking/advanced_tracker.py:kalman_homography,
R,PREDICTION,PREDICTION,1
L,8,880,PREDICTION,src/tracking/advanced_tracker.py:kalman_homography,
R,CLAMP,CLAMP,0
A,880
S,2,886,PREDICTION,src/tracking/advanced_tracker.py:kalman_homography,
S,6,886,PREDICTION,src/tracking/advanced_tracker.py:kalman_homography,
S,7,886,PREDICTION,src/tracking/advanced_tracker.py:kalman_homography,
S,8,886,PREDICTION,src/tracking/advanced_tracker.py:kalman_homography,
S,0,886,PREDICTION,src/tracking/advanced_tracker.py:flow_gapfill_batched,
S,5,886,PREDICTION,src/tracking/advanced_tracker.py:flow_gapfill_batched,
D,0,886
S,2,886,PREDICTION,src/tracking/advanced_tracker.py:id_merge,
L,2,886,PREDICTION,src/tracking/advanced_tracker.py:id_merge,
R,CLAMP,CLAMP,0
L,5,886,PREDICTION,src/tracking/advanced_tracker.py:flow_gapfill_batched,
R,CLAMP,CLAMP,0
L,6,886,PREDICTION,src/tracking/advanced_tracker.py:kalman_homography,
R,PREDICTION,SUBPIXEL,0
L,7,886,PREDICTION,src/tracking/advanced_tracker.py:kalman_homography,
R,PREDICTION,PREDICTION,1
L,8,886,PREDICTION,src/tracking/advanced_tracker.py:kalman_homography,
R,CLAMP,CLAMP,0
A,886
S,2,892,PREDICTION,src/tracking/advanced_tracker.py:kalman_homography,
S,6,892,PREDICTION,src/tracking/advanced_tracker.py:kalman_homography,
S,8,892,PREDICTION,src/tracking/advanced_tracker.py:kalman_homography,
S,7,892,PREDICTION,src/tracking/advanced_tracker.py:flow_gapfill_batched,
L,2,892,PREDICTION,src/tracking/advanced_tracker.py:kalman_homography,
R,CLAMP,CLAMP,0
L,6,892,PREDICTION,src/tracking/advanced_tracker.py:kalman_homography,
R,PREDICTION,SUBPIXEL,0
L,7,892,PREDICTION,src/tracking/advanced_tracker.py:flow_gapfill_batched,
R,PREDICTION,PREDICTION,1
L,8,892,PREDICTION,src/tracking/advanced_tracker.py:kalman_homography,
R,CLAMP,CLAMP,0
A,892
S,2,898,PREDICTION,src/tracking/advanced_tracker.py:kalman_homography,
S,6,898,PREDICTION,src/tracking/advanced_tracker.py:kalman_homography,
S,8,898,PREDICTION,src/tracking/advanced_tracker.py:kalman_homography,
S,5,898,PREDICTION,src/tracking/advanced_tracker.py:flow_gapfill_batched,
L,2,898,PREDICTION,src/tracking/advanced_tracker.py:kalman_homography,
R,CLAMP,CLAMP,0
L,5,898,PREDICTION,src/tracking/advanced_tracker.py:flow_gapfill_batched,
R,CLAMP,CLAMP,0
L,6,898,PREDICTION,src/tracking/advanced_tracker.py:kalman_homography,
R,PREDICTION,SUBPIXEL,0
L,8,898,PREDICTION,src/tracking/advanced_tracker.py:kalman_homography,
R,CLAMP,CLAMP,0
A,898
S,2,904,PREDICTION,src/tracking/advanced_tracker.py:kalman_homography,
S,6,904,PREDICTION,src/tracking/advanced_tracker.py:kalman_homography,
S,8,904,PREDICTION,src/tracking/advanced_tracker.py:kalman_homography,
L,2,904,PREDICTION,src/tracking/advanced_tracker.py:kalman_homography,
R,CLAMP,CLAMP,0
L,6,904,PREDICTION,src/tracking/advanced_tracker.py:kalman_homography,
R,PREDICTION,SUBPIXEL,0
L,8,904,PREDICTION,src/tracking/advanced_tracker.py:kalman_homography,
R,CLAMP,CLAMP,0
A,904
S,6,910,PREDICTION,src/tracking/advanced_tracker.py:kalman_homography,
S,8,910,PREDICTION,src/tracking/advanced_tracker.py:kalman_homography,
S,2,910,PREDICTION,src/tracking/advanced_tracker.py:flow_gapfill_batched,
L,2,910,PREDICTION,src/tracking/advanced_tracker.py:flow_gapfill_batched,
R,CLAMP,CLAMP,0
L,6,910,PREDICTION,src/tracking/advanced_tracker.py:kalman_homography,
R,PREDICTION,SUBPIXEL,0
L,8,910,PREDICTION,src/tracking/advanced_tracker.py:kalman_homography,
R,CLAMP,CLAMP,0
A,910
S,1,916,DETECTION,src/tracking/advanced_tracker.py:_activate_slot,916_179_967_554_1159
S,3,916,DETECTION,src/tracking/advanced_tracker.py:_activate_slot,916_193_124_564_326
S,9,916,DETECTION,src/tracking/advanced_tracker.py:_activate_slot,916_286_489_590_797
S,10,916,DETECTION,src/tracking/advanced_tracker.py:_activate_slot,916_74_429_167_543
S,6,916,PREDICTION,src/tracking/advanced_tracker.py:kalman_homography,
S,8,916,PREDICTION,src/tracking/advanced_tracker.py:kalman_homography,
D,6,916
S,9,916,PREDICTION,src/tracking/advanced_tracker.py:id_merge,
L,1,916,DETECTION,src/tracking/advanced_tracker.py:_activate_slot,916_179_967_554_1159
R,CLAMP,CLAMP,0
L,3,916,DETECTION,src/tracking/advanced_tracker.py:_activate_slot,916_193_124_564_326
R,CLAMP,CLAMP,0
L,8,916,PREDICTION,src/tracking/advanced_tracker.py:kalman_homography,
R,CLAMP,CLAMP,0
L,9,916,PREDICTION,src/tracking/advanced_tracker.py:id_merge,
R,PREDICTION,PREDICTION,1
A,916
